2026.111.08:00:00;APEX Database GPS vs Devices offset for c261f
2026.111.08:00:00;The format is gps-fmout/[seconds] and gps-maser/[seconds]
2026.111.08:01:00/gps-fmout/+3.176807e-06
2026.111.08:01:00/gps-maser/+3.243437e-06
2026.111.08:02:00/gps-fmout/+3.177230e-06
2026.111.08:02:00/gps-maser/+3.244000e-06
2026.111.08:03:00/gps-fmout/+3.179015e-06
2026.111.08:03:00/gps-maser/+3.244000e-06
2026.111.08:04:00/gps-fmout/+3.179448e-06
2026.111.08:04:00/gps-maser/+3.244210e-06
2026.111.08:05:00/gps-fmout/+3.181828e-06
2026.111.08:05:00/gps-maser/+3.245213e-06
2026.111.08:06:00/gps-fmout/+3.180984e-06
2026.111.08:06:00/gps-maser/+3.246147e-06
2026.111.08:07:00/gps-fmout/+3.181620e-06
2026.111.08:07:00/gps-maser/+3.248395e-06
2026.111.08:08:00/gps-fmout/+3.183445e-06
2026.111.08:08:00/gps-maser/+3.247211e-06
2026.111.08:09:00/gps-fmout/+3.183513e-06
2026.111.08:09:00/gps-maser/+3.247854e-06
2026.111.08:10:00/gps-fmout/+3.181484e-06
2026.111.08:10:00/gps-maser/+3.247443e-06
2026.111.08:11:00/gps-fmout/+3.182037e-06
2026.111.08:11:00/gps-maser/+3.248300e-06
2026.111.08:12:00/gps-fmout/+3.181965e-06
2026.111.08:12:00/gps-maser/+3.248921e-06
2026.111.08:13:00/gps-fmout/+3.181969e-06
2026.111.08:13:00/gps-maser/+3.246000e-06
2026.111.08:14:00/gps-fmout/+3.180234e-06
2026.111.08:14:00/gps-maser/+3.246670e-06
2026.111.08:15:00/gps-fmout/+3.179113e-06
2026.111.08:15:00/gps-maser/+3.246280e-06
2026.111.08:16:00/gps-fmout/+3.181948e-06
2026.111.08:16:00/gps-maser/+3.248030e-06
2026.111.08:17:00/gps-fmout/+3.181821e-06
2026.111.08:17:00/gps-maser/+3.247309e-06
2026.111.08:18:00/gps-fmout/+3.183070e-06
2026.111.08:18:00/gps-maser/+3.246214e-06
2026.111.08:19:00/gps-fmout/+3.182921e-06
2026.111.08:19:00/gps-maser/+3.247792e-06
2026.111.08:20:00/gps-fmout/+3.181570e-06
2026.111.08:20:00/gps-maser/+3.245337e-06
2026.111.08:21:00/gps-fmout/+3.180473e-06
2026.111.08:21:00/gps-maser/+3.245364e-06
2026.111.08:22:00/gps-fmout/+3.178948e-06
2026.111.08:22:00/gps-maser/+3.246712e-06
2026.111.08:23:00/gps-fmout/+3.180000e-06
2026.111.08:23:00/gps-maser/+3.245494e-06
2026.111.08:24:00/gps-fmout/+3.178547e-06
2026.111.08:24:00/gps-maser/+3.246000e-06
2026.111.08:25:00/gps-fmout/+3.177975e-06
2026.111.08:25:00/gps-maser/+3.246000e-06
2026.111.08:26:00/gps-fmout/+3.179106e-06
2026.111.08:26:00/gps-maser/+3.246002e-06
2026.111.08:27:00/gps-fmout/+3.181164e-06
2026.111.08:27:00/gps-maser/+3.247737e-06
2026.111.08:28:00/gps-fmout/+3.181582e-06
2026.111.08:28:00/gps-maser/+3.249126e-06
2026.111.08:29:00/gps-fmout/+3.183969e-06
2026.111.08:29:00/gps-maser/+3.248057e-06
2026.111.08:30:00/gps-fmout/+3.183890e-06
2026.111.08:30:00/gps-maser/+3.248607e-06
2026.111.08:31:00/gps-fmout/+3.184555e-06
2026.111.08:31:00/gps-maser/+3.248168e-06
2026.111.08:32:00/gps-fmout/+3.183040e-06
2026.111.08:32:00/gps-maser/+3.249234e-06
2026.111.08:33:00/gps-fmout/+3.184000e-06
2026.111.08:33:00/gps-maser/+3.250000e-06
2026.111.08:34:00/gps-fmout/+3.182926e-06
2026.111.08:34:00/gps-maser/+3.250000e-06
2026.111.08:35:00/gps-fmout/+3.183065e-06
2026.111.08:35:00/gps-maser/+3.249772e-06
2026.111.08:36:00/gps-fmout/+3.184064e-06
2026.111.08:36:00/gps-maser/+3.247005e-06
2026.111.08:37:00/gps-fmout/+3.184111e-06
2026.111.08:37:00/gps-maser/+3.249123e-06
2026.111.08:38:00/gps-fmout/+3.181438e-06
2026.111.08:38:00/gps-maser/+3.248863e-06
2026.111.08:39:00/gps-fmout/+3.179937e-06
2026.111.08:39:00/gps-maser/+3.247867e-06
2026.111.08:40:00/gps-fmout/+3.180461e-06
2026.111.08:40:00/gps-maser/+3.246288e-06
2026.111.08:41:00/gps-fmout/+3.180659e-06
2026.111.08:41:00/gps-maser/+3.246838e-06
2026.111.08:42:00/gps-fmout/+3.178964e-06
2026.111.08:42:00/gps-maser/+3.245807e-06
2026.111.08:43:00/gps-fmout/+3.178037e-06
2026.111.08:43:00/gps-maser/+3.244128e-06
2026.111.08:44:00/gps-fmout/+3.177194e-06
2026.111.08:44:00/gps-maser/+3.242963e-06
2026.111.08:45:00/gps-fmout/+3.177903e-06
2026.111.08:45:00/gps-maser/+3.243602e-06
2026.111.08:46:00/gps-fmout/+3.176978e-06
2026.111.08:46:00/gps-maser/+3.242597e-06
2026.111.08:47:00/gps-fmout/+3.175882e-06
2026.111.08:47:00/gps-maser/+3.241785e-06
2026.111.08:48:00/gps-fmout/+3.175332e-06
2026.111.08:48:00/gps-maser/+3.238394e-06
2026.111.08:49:00/gps-fmout/+3.171964e-06
2026.111.08:49:00/gps-maser/+3.237051e-06
2026.111.08:50:00/gps-fmout/+3.171583e-06
2026.111.08:50:00/gps-maser/+3.239320e-06
2026.111.08:51:00/gps-fmout/+3.171102e-06
2026.111.08:51:00/gps-maser/+3.237937e-06
2026.111.08:52:00/gps-fmout/+3.171675e-06
2026.111.08:52:00/gps-maser/+3.237652e-06
2026.111.08:53:00/gps-fmout/+3.171414e-06
2026.111.08:53:00/gps-maser/+3.235760e-06
2026.111.08:54:00/gps-fmout/+3.172399e-06
2026.111.08:54:00/gps-maser/+3.236257e-06
2026.111.08:55:00/gps-fmout/+3.171000e-06
2026.111.08:55:00/gps-maser/+3.233834e-06
2026.111.08:56:00/gps-fmout/+3.171000e-06
2026.111.08:56:00/gps-maser/+3.236462e-06
2026.111.08:57:00/gps-fmout/+3.171877e-06
2026.111.08:57:00/gps-maser/+3.239124e-06
2026.111.08:58:00/gps-fmout/+3.174255e-06
2026.111.08:58:00/gps-maser/+3.239324e-06
2026.111.08:59:00/gps-fmout/+3.175144e-06
2026.111.08:59:00/gps-maser/+3.241000e-06
2026.111.09:00:00/gps-fmout/+3.176643e-06
2026.111.09:00:00/gps-maser/+3.240672e-06
2026.111.09:01:00/gps-fmout/+3.176534e-06
2026.111.09:01:00/gps-maser/+3.242212e-06
2026.111.09:02:00/gps-fmout/+3.173879e-06
2026.111.09:02:00/gps-maser/+3.241679e-06
2026.111.09:03:00/gps-fmout/+3.175385e-06
2026.111.09:03:00/gps-maser/+3.240268e-06
2026.111.09:04:00/gps-fmout/+3.177339e-06
2026.111.09:04:00/gps-maser/+3.242803e-06
2026.111.09:05:00/gps-fmout/+3.178153e-06
2026.111.09:05:00/gps-maser/+3.245225e-06
2026.111.09:06:00/gps-fmout/+3.178000e-06
2026.111.09:06:00/gps-maser/+3.244045e-06
2026.111.09:07:00/gps-fmout/+3.177568e-06
2026.111.09:07:00/gps-maser/+3.242898e-06
2026.111.09:08:00/gps-fmout/+3.176782e-06
2026.111.09:08:00/gps-maser/+3.242785e-06
2026.111.09:09:00/gps-fmout/+3.175015e-06
2026.111.09:09:00/gps-maser/+3.240994e-06
2026.111.09:10:00/gps-fmout/+3.175689e-06
2026.111.09:10:00/gps-maser/+3.241408e-06
2026.111.09:11:00/gps-fmout/+3.176807e-06
2026.111.09:11:00/gps-maser/+3.239932e-06
2026.111.09:12:00/gps-fmout/+3.175208e-06
2026.111.09:12:00/gps-maser/+3.241227e-06
2026.111.09:13:00/gps-fmout/+3.177006e-06
2026.111.09:13:00/gps-maser/+3.244000e-06
2026.111.09:14:00/gps-fmout/+3.177314e-06
2026.111.09:14:00/gps-maser/+3.244000e-06
2026.111.09:15:00/gps-fmout/+3.177923e-06
2026.111.09:15:00/gps-maser/+3.243704e-06
2026.111.09:16:00/gps-fmout/+3.177007e-06
2026.111.09:16:00/gps-maser/+3.242848e-06
2026.111.09:17:00/gps-fmout/+3.177071e-06
2026.111.09:17:00/gps-maser/+3.242954e-06
2026.111.09:18:00/gps-fmout/+3.177259e-06
2026.111.09:18:00/gps-maser/+3.241483e-06
2026.111.09:19:00/gps-fmout/+3.178945e-06
2026.111.09:19:00/gps-maser/+3.244106e-06
2026.111.09:20:00/gps-fmout/+3.178000e-06
2026.111.09:20:00/gps-maser/+3.243798e-06
2026.111.09:21:00/gps-fmout/+3.178000e-06
2026.111.09:21:00/gps-maser/+3.241333e-06
2026.111.09:22:00/gps-fmout/+3.177704e-06
2026.111.09:22:00/gps-maser/+3.242831e-06
2026.111.09:23:00/gps-fmout/+3.176858e-06
2026.111.09:23:00/gps-maser/+3.241412e-06
2026.111.09:24:00/gps-fmout/+3.177199e-06
2026.111.09:24:00/gps-maser/+3.241191e-06
2026.111.09:25:00/gps-fmout/+3.175025e-06
2026.111.09:25:00/gps-maser/+3.242000e-06
2026.111.09:26:00/gps-fmout/+3.175988e-06
2026.111.09:26:00/gps-maser/+3.242000e-06
2026.111.09:27:00/gps-fmout/+3.175201e-06
2026.111.09:27:00/gps-maser/+3.242181e-06
2026.111.09:28:00/gps-fmout/+3.176465e-06
2026.111.09:28:00/gps-maser/+3.243317e-06
2026.111.09:29:00/gps-fmout/+3.177973e-06
2026.111.09:29:00/gps-maser/+3.244949e-06
2026.111.09:30:00/gps-fmout/+3.177320e-06
2026.111.09:30:00/gps-maser/+3.240615e-06
2026.111.09:31:00/gps-fmout/+3.175580e-06
2026.111.09:31:00/gps-maser/+3.238546e-06
2026.111.09:32:00/gps-fmout/+3.173720e-06
2026.111.09:32:00/gps-maser/+3.238109e-06
2026.111.09:33:00/gps-fmout/+3.173736e-06
2026.111.09:33:00/gps-maser/+3.238566e-06
2026.111.09:34:00/gps-fmout/+3.174992e-06
2026.111.09:34:00/gps-maser/+3.238178e-06
2026.111.09:35:00/gps-fmout/+3.175051e-06
2026.111.09:35:00/gps-maser/+3.239264e-06
2026.111.09:36:00/gps-fmout/+3.173993e-06
2026.111.09:36:00/gps-maser/+3.240807e-06
2026.111.09:37:00/gps-fmout/+3.173616e-06
2026.111.09:37:00/gps-maser/+3.240661e-06
2026.111.09:38:00/gps-fmout/+3.173000e-06
2026.111.09:38:00/gps-maser/+3.239802e-06
2026.111.09:39:00/gps-fmout/+3.172996e-06
2026.111.09:39:00/gps-maser/+3.238947e-06
2026.111.09:40:00/gps-fmout/+3.173358e-06
2026.111.09:40:00/gps-maser/+3.238947e-06
2026.111.09:41:00/gps-fmout/+3.174284e-06
2026.111.09:41:00/gps-maser/+3.240865e-06
2026.111.09:42:00/gps-fmout/+3.174893e-06
2026.111.09:42:00/gps-maser/+3.239817e-06
2026.111.09:43:00/gps-fmout/+3.175470e-06
2026.111.09:43:00/gps-maser/+3.239039e-06
2026.111.09:44:00/gps-fmout/+3.177000e-06
2026.111.09:44:00/gps-maser/+3.240809e-06
2026.111.09:45:00/gps-fmout/+3.177000e-06
2026.111.09:45:00/gps-maser/+3.243357e-06
2026.111.09:46:00/gps-fmout/+3.176980e-06
2026.111.09:46:00/gps-maser/+3.244000e-06
2026.111.09:47:00/gps-fmout/+3.175634e-06
2026.111.09:47:00/gps-maser/+3.241830e-06
2026.111.09:48:00/gps-fmout/+3.177315e-06
2026.111.09:48:00/gps-maser/+3.243681e-06
2026.111.09:49:00/gps-fmout/+3.177902e-06
2026.111.09:49:00/gps-maser/+3.241970e-06
2026.111.09:50:00/gps-fmout/+3.176827e-06
2026.111.09:50:00/gps-maser/+3.243103e-06
2026.111.09:51:00/gps-fmout/+3.177913e-06
2026.111.09:51:00/gps-maser/+3.244959e-06
2026.111.09:52:00/gps-fmout/+3.178131e-06
2026.111.09:52:00/gps-maser/+3.244168e-06
2026.111.09:53:00/gps-fmout/+3.178472e-06
2026.111.09:53:00/gps-maser/+3.244089e-06
2026.111.09:54:00/gps-fmout/+3.178472e-06
2026.111.09:54:00/gps-maser/+3.242376e-06
2026.111.09:55:00/gps-fmout/+3.176620e-06
2026.111.09:55:00/gps-maser/+3.241090e-06
2026.111.09:56:00/gps-fmout/+3.174963e-06
2026.111.09:56:00/gps-maser/+3.241481e-06
2026.111.09:57:00/gps-fmout/+3.174654e-06
2026.111.09:57:00/gps-maser/+3.240922e-06
2026.111.09:58:00/gps-fmout/+3.174204e-06
2026.111.09:58:00/gps-maser/+3.241144e-06
2026.111.09:59:00/gps-fmout/+3.175945e-06
2026.111.09:59:00/gps-maser/+3.242027e-06
2026.111.10:00:00/gps-fmout/+3.175393e-06
2026.111.10:00:00/gps-maser/+3.241324e-06
2026.111.10:01:00/gps-fmout/+3.175750e-06
2026.111.10:01:00/gps-maser/+3.239565e-06
2026.111.10:02:00/gps-fmout/+3.175200e-06
2026.111.10:02:00/gps-maser/+3.239293e-06
2026.111.10:03:00/gps-fmout/+3.176466e-06
2026.111.10:03:00/gps-maser/+3.242874e-06
2026.111.10:04:00/gps-fmout/+3.177890e-06
2026.111.10:04:00/gps-maser/+3.244571e-06
2026.111.10:05:00/gps-fmout/+3.180058e-06
2026.111.10:05:00/gps-maser/+3.245785e-06
2026.111.10:06:00/gps-fmout/+3.180000e-06
2026.111.10:06:00/gps-maser/+3.244008e-06
2026.111.10:07:00/gps-fmout/+3.178959e-06
2026.111.10:07:00/gps-maser/+3.243674e-06
2026.111.10:08:00/gps-fmout/+3.177424e-06
2026.111.10:08:00/gps-maser/+3.242960e-06
2026.111.10:09:00/gps-fmout/+3.180284e-06
2026.111.10:09:00/gps-maser/+3.244123e-06
2026.111.10:10:00/gps-fmout/+3.181846e-06
2026.111.10:10:00/gps-maser/+3.246912e-06
2026.111.10:11:00/gps-fmout/+3.180935e-06
2026.111.10:11:00/gps-maser/+3.248486e-06
2026.111.10:12:00/gps-fmout/+3.181217e-06
2026.111.10:12:00/gps-maser/+3.248800e-06
2026.111.10:13:00/gps-fmout/+3.181157e-06
2026.111.10:13:00/gps-maser/+3.247086e-06
2026.111.10:14:00/gps-fmout/+3.179171e-06
2026.111.10:14:00/gps-maser/+3.245548e-06
2026.111.10:15:00/gps-fmout/+3.178088e-06
2026.111.10:15:00/gps-maser/+3.244732e-06
2026.111.10:16:00/gps-fmout/+3.179006e-06
2026.111.10:16:00/gps-maser/+3.245928e-06
2026.111.10:17:00/gps-fmout/+3.180943e-06
2026.111.10:17:00/gps-maser/+3.247103e-06
2026.111.10:18:00/gps-fmout/+3.181706e-06
2026.111.10:18:00/gps-maser/+3.244953e-06
2026.111.10:19:00/gps-fmout/+3.178834e-06
2026.111.10:19:00/gps-maser/+3.244940e-06
2026.111.10:20:00/gps-fmout/+3.178292e-06
2026.111.10:20:00/gps-maser/+3.243776e-06
2026.111.10:21:00/gps-fmout/+3.178795e-06
2026.111.10:21:00/gps-maser/+3.244533e-06
2026.111.10:22:00/gps-fmout/+3.179034e-06
2026.111.10:22:00/gps-maser/+3.246731e-06
2026.111.10:23:00/gps-fmout/+3.179547e-06
2026.111.10:23:00/gps-maser/+3.244562e-06
2026.111.10:24:00/gps-fmout/+3.180712e-06
2026.111.10:24:00/gps-maser/+3.247136e-06
2026.111.10:25:00/gps-fmout/+3.183470e-06
2026.111.10:25:00/gps-maser/+3.250172e-06
2026.111.10:26:00/gps-fmout/+3.185023e-06
2026.111.10:26:00/gps-maser/+3.248000e-06
2026.111.10:27:00/gps-fmout/+3.185073e-06
2026.111.10:27:00/gps-maser/+3.251399e-06
2026.111.10:28:00/gps-fmout/+3.186884e-06
2026.111.10:28:00/gps-maser/+3.250392e-06
2026.111.10:29:00/gps-fmout/+3.185876e-06
2026.111.10:29:00/gps-maser/+3.252085e-06
2026.111.10:30:00/gps-fmout/+3.185960e-06
2026.111.10:30:00/gps-maser/+3.252626e-06
2026.111.10:31:00/gps-fmout/+3.188205e-06
2026.111.10:31:00/gps-maser/+3.251160e-06
2026.111.10:32:00/gps-fmout/+3.187810e-06
2026.111.10:32:00/gps-maser/+3.251884e-06
2026.111.10:33:00/gps-fmout/+3.185623e-06
2026.111.10:33:00/gps-maser/+3.249496e-06
2026.111.10:34:00/gps-fmout/+3.183933e-06
2026.111.10:34:00/gps-maser/+3.248000e-06
2026.111.10:35:00/gps-fmout/+3.184748e-06
2026.111.10:35:00/gps-maser/+3.248000e-06
2026.111.10:36:00/gps-fmout/+3.182000e-06
2026.111.10:36:00/gps-maser/+3.248410e-06
2026.111.10:37:00/gps-fmout/+3.183073e-06
2026.111.10:37:00/gps-maser/+3.248587e-06
2026.111.10:38:00/gps-fmout/+3.182865e-06
2026.111.10:38:00/gps-maser/+3.247152e-06
2026.111.10:39:00/gps-fmout/+3.182071e-06
2026.111.10:39:00/gps-maser/+3.248962e-06
2026.111.10:40:00/gps-fmout/+3.183587e-06
2026.111.10:40:00/gps-maser/+3.247461e-06
2026.111.10:41:00/gps-fmout/+3.182680e-06
2026.111.10:41:00/gps-maser/+3.247267e-06
2026.111.10:42:00/gps-fmout/+3.182235e-06
2026.111.10:42:00/gps-maser/+3.249033e-06
2026.111.10:43:00/gps-fmout/+3.184406e-06
2026.111.10:43:00/gps-maser/+3.248605e-06
2026.111.10:44:00/gps-fmout/+3.185298e-06
2026.111.10:44:00/gps-maser/+3.248612e-06
2026.111.10:45:00/gps-fmout/+3.184971e-06
2026.111.10:45:00/gps-maser/+3.251908e-06
2026.111.10:46:00/gps-fmout/+3.186345e-06
2026.111.10:46:00/gps-maser/+3.252546e-06
2026.111.10:47:00/gps-fmout/+3.188755e-06
2026.111.10:47:00/gps-maser/+3.254000e-06
2026.111.10:48:00/gps-fmout/+3.190329e-06
2026.111.10:48:00/gps-maser/+3.254000e-06
2026.111.10:49:00/gps-fmout/+3.190935e-06
2026.111.10:49:00/gps-maser/+3.254008e-06
2026.111.10:50:00/gps-fmout/+3.189244e-06
2026.111.10:50:00/gps-maser/+3.255158e-06
2026.111.10:51:00/gps-fmout/+3.190488e-06
2026.111.10:51:00/gps-maser/+3.254809e-06
2026.111.10:52:00/gps-fmout/+3.191843e-06
2026.111.10:52:00/gps-maser/+3.253956e-06
2026.111.10:53:00/gps-fmout/+3.190000e-06
2026.111.10:53:00/gps-maser/+3.255135e-06
2026.111.10:54:00/gps-fmout/+3.190000e-06
2026.111.10:54:00/gps-maser/+3.256894e-06
2026.111.10:55:00/gps-fmout/+3.190064e-06
2026.111.10:55:00/gps-maser/+3.256200e-06
2026.111.10:56:00/gps-fmout/+3.191000e-06
2026.111.10:56:00/gps-maser/+3.257754e-06
2026.111.10:57:00/gps-fmout/+3.190734e-06
2026.111.10:57:00/gps-maser/+3.257681e-06
2026.111.10:58:00/gps-fmout/+3.190255e-06
2026.111.10:58:00/gps-maser/+3.256829e-06
2026.111.10:59:00/gps-fmout/+3.192865e-06
2026.111.10:59:00/gps-maser/+3.255984e-06
2026.111.11:00:00/gps-fmout/+3.190000e-06
2026.111.11:00:00/gps-maser/+3.257109e-06
2026.111.11:01:00/gps-fmout/+3.190048e-06
2026.111.11:01:00/gps-maser/+3.256895e-06
2026.111.11:02:00/gps-fmout/+3.189929e-06
2026.111.11:02:00/gps-maser/+3.255812e-06
2026.111.11:03:00/gps-fmout/+3.189102e-06
2026.111.11:03:00/gps-maser/+3.252805e-06
2026.111.11:04:00/gps-fmout/+3.188260e-06
2026.111.11:04:00/gps-maser/+3.252092e-06
2026.111.11:05:00/gps-fmout/+3.189261e-06
2026.111.11:05:00/gps-maser/+3.253195e-06
2026.111.11:06:00/gps-fmout/+3.191000e-06
2026.111.11:06:00/gps-maser/+3.255897e-06
2026.111.11:07:00/gps-fmout/+3.191230e-06
2026.111.11:07:00/gps-maser/+3.257735e-06
2026.111.11:08:00/gps-fmout/+3.192555e-06
2026.111.11:08:00/gps-maser/+3.256195e-06
2026.111.11:09:00/gps-fmout/+3.196014e-06
2026.111.11:09:00/gps-maser/+3.258044e-06
2026.111.11:10:00/gps-fmout/+3.195379e-06
2026.111.11:10:00/gps-maser/+3.260127e-06
2026.111.11:11:00/gps-fmout/+3.195834e-06
2026.111.11:11:00/gps-maser/+3.260167e-06
2026.111.11:12:00/gps-fmout/+3.195098e-06
2026.111.11:12:00/gps-maser/+3.261093e-06
2026.111.11:13:00/gps-fmout/+3.196040e-06
2026.111.11:13:00/gps-maser/+3.262606e-06
2026.111.11:14:00/gps-fmout/+3.196484e-06
2026.111.11:14:00/gps-maser/+3.262862e-06
2026.111.11:15:00/gps-fmout/+3.197836e-06
2026.111.11:15:00/gps-maser/+3.261962e-06
2026.111.11:16:00/gps-fmout/+3.197181e-06
2026.111.11:16:00/gps-maser/+3.262884e-06
2026.111.11:17:00/gps-fmout/+3.196924e-06
2026.111.11:17:00/gps-maser/+3.263610e-06
2026.111.11:18:00/gps-fmout/+3.196705e-06
2026.111.11:18:00/gps-maser/+3.261942e-06
2026.111.11:19:00/gps-fmout/+3.195946e-06
2026.111.11:19:00/gps-maser/+3.262000e-06
2026.111.11:20:00/gps-fmout/+3.194164e-06
2026.111.11:20:00/gps-maser/+3.261168e-06
2026.111.11:21:00/gps-fmout/+3.194591e-06
2026.111.11:21:00/gps-maser/+3.261446e-06
2026.111.11:22:00/gps-fmout/+3.193116e-06
2026.111.11:22:00/gps-maser/+3.258086e-06
2026.111.11:23:00/gps-fmout/+3.194857e-06
2026.111.11:23:00/gps-maser/+3.259800e-06
2026.111.11:24:00/gps-fmout/+3.196570e-06
2026.111.11:24:00/gps-maser/+3.261239e-06
2026.111.11:25:00/gps-fmout/+3.197833e-06
2026.111.11:25:00/gps-maser/+3.261147e-06
2026.111.11:26:00/gps-fmout/+3.195972e-06
2026.111.11:26:00/gps-maser/+3.262350e-06
2026.111.11:27:00/gps-fmout/+3.195438e-06
2026.111.11:27:00/gps-maser/+3.261436e-06
2026.111.11:28:00/gps-fmout/+3.194148e-06
2026.111.11:28:00/gps-maser/+3.259717e-06
2026.111.11:29:00/gps-fmout/+3.197004e-06
2026.111.11:29:00/gps-maser/+3.260519e-06
2026.111.11:30:00/gps-fmout/+3.196982e-06
2026.111.11:30:00/gps-maser/+3.262846e-06
2026.111.11:31:00/gps-fmout/+3.199114e-06
2026.111.11:31:00/gps-maser/+3.262494e-06
2026.111.11:32:00/gps-fmout/+3.199194e-06
2026.111.11:32:00/gps-maser/+3.265988e-06
2026.111.11:33:00/gps-fmout/+3.201028e-06
2026.111.11:33:00/gps-maser/+3.265506e-06
2026.111.11:34:00/gps-fmout/+3.201282e-06
2026.111.11:34:00/gps-maser/+3.267818e-06
2026.111.11:35:00/gps-fmout/+3.201998e-06
2026.111.11:35:00/gps-maser/+3.267173e-06
2026.111.11:36:00/gps-fmout/+3.202518e-06
2026.111.11:36:00/gps-maser/+3.268544e-06
2026.111.11:37:00/gps-fmout/+3.203609e-06
2026.111.11:37:00/gps-maser/+3.268816e-06
2026.111.11:38:00/gps-fmout/+3.204915e-06
2026.111.11:38:00/gps-maser/+3.268227e-06
2026.111.11:39:00/gps-fmout/+3.202995e-06
2026.111.11:39:00/gps-maser/+3.269638e-06
2026.111.11:40:00/gps-fmout/+3.203145e-06
2026.111.11:40:00/gps-maser/+3.270000e-06
2026.111.11:41:00/gps-fmout/+3.204233e-06
2026.111.11:41:00/gps-maser/+3.270000e-06
2026.111.11:42:00/gps-fmout/+3.205068e-06
2026.111.11:42:00/gps-maser/+3.270013e-06
2026.111.11:43:00/gps-fmout/+3.206171e-06
2026.111.11:43:00/gps-maser/+3.272139e-06
2026.111.11:44:00/gps-fmout/+3.206399e-06
2026.111.11:44:00/gps-maser/+3.274455e-06
2026.111.11:45:00/gps-fmout/+3.207624e-06
2026.111.11:45:00/gps-maser/+3.273658e-06
2026.111.11:46:00/gps-fmout/+3.205401e-06
2026.111.11:46:00/gps-maser/+3.270577e-06
2026.111.11:47:00/gps-fmout/+3.205903e-06
2026.111.11:47:00/gps-maser/+3.269732e-06
2026.111.11:48:00/gps-fmout/+3.204272e-06
2026.111.11:48:00/gps-maser/+3.268941e-06
2026.111.11:49:00/gps-fmout/+3.201784e-06
2026.111.11:49:00/gps-maser/+3.268033e-06
2026.111.11:50:00/gps-fmout/+3.202300e-06
2026.111.11:50:00/gps-maser/+3.267494e-06
2026.111.11:51:00/gps-fmout/+3.203419e-06
2026.111.11:51:00/gps-maser/+3.269000e-06
2026.111.11:52:00/gps-fmout/+3.205973e-06
2026.111.11:52:00/gps-maser/+3.269000e-06
2026.111.11:53:00/gps-fmout/+3.203789e-06
2026.111.11:53:00/gps-maser/+3.269000e-06
2026.111.11:54:00/gps-fmout/+3.205522e-06
2026.111.11:54:00/gps-maser/+3.269145e-06
2026.111.11:55:00/gps-fmout/+3.206985e-06
2026.111.11:55:00/gps-maser/+3.271166e-06
2026.111.11:56:00/gps-fmout/+3.206055e-06
2026.111.11:56:00/gps-maser/+3.271599e-06
2026.111.11:57:00/gps-fmout/+3.206124e-06
2026.111.11:57:00/gps-maser/+3.269734e-06
2026.111.11:58:00/gps-fmout/+3.206901e-06
2026.111.11:58:00/gps-maser/+3.272263e-06
2026.111.11:59:00/gps-fmout/+3.207000e-06
2026.111.11:59:00/gps-maser/+3.273211e-06
2026.111.12:00:00/gps-fmout/+3.206883e-06
2026.111.12:00:00/gps-maser/+3.272702e-06
2026.111.12:01:00/gps-fmout/+3.208415e-06
2026.111.12:01:00/gps-maser/+3.271970e-06
2026.111.12:02:00/gps-fmout/+3.204844e-06
2026.111.12:02:00/gps-maser/+3.271944e-06
2026.111.12:03:00/gps-fmout/+3.204709e-06
2026.111.12:03:00/gps-maser/+3.270234e-06
2026.111.12:04:00/gps-fmout/+3.205851e-06
2026.111.12:04:00/gps-maser/+3.269239e-06
2026.111.12:05:00/gps-fmout/+3.204824e-06
2026.111.12:05:00/gps-maser/+3.272899e-06
2026.111.12:06:00/gps-fmout/+3.205087e-06
2026.111.12:06:00/gps-maser/+3.272226e-06
2026.111.12:07:00/gps-fmout/+3.206832e-06
2026.111.12:07:00/gps-maser/+3.273778e-06
2026.111.12:08:00/gps-fmout/+3.206102e-06
2026.111.12:08:00/gps-maser/+3.273175e-06
2026.111.12:09:00/gps-fmout/+3.208000e-06
2026.111.12:09:00/gps-maser/+3.275595e-06
2026.111.12:10:00/gps-fmout/+3.211354e-06
2026.111.12:10:00/gps-maser/+3.277328e-06
2026.111.12:11:00/gps-fmout/+3.212248e-06
2026.111.12:11:00/gps-maser/+3.278171e-06
2026.111.12:12:00/gps-fmout/+3.212980e-06
2026.111.12:12:00/gps-maser/+3.279005e-06
2026.111.12:13:00/gps-fmout/+3.212097e-06
2026.111.12:13:00/gps-maser/+3.277385e-06
2026.111.12:14:00/gps-fmout/+3.211393e-06
2026.111.12:14:00/gps-maser/+3.278240e-06
2026.111.12:15:00/gps-fmout/+3.213248e-06
2026.111.12:15:00/gps-maser/+3.279066e-06
2026.111.12:16:00/gps-fmout/+3.214136e-06
2026.111.12:16:00/gps-maser/+3.278275e-06
2026.111.12:17:00/gps-fmout/+3.214000e-06
2026.111.12:17:00/gps-maser/+3.276748e-06
2026.111.12:18:00/gps-fmout/+3.213893e-06
2026.111.12:18:00/gps-maser/+3.277362e-06
2026.111.12:19:00/gps-fmout/+3.212000e-06
2026.111.12:19:00/gps-maser/+3.278530e-06
2026.111.12:20:00/gps-fmout/+3.214712e-06
2026.111.12:20:00/gps-maser/+3.277675e-06
2026.111.12:21:00/gps-fmout/+3.213936e-06
2026.111.12:21:00/gps-maser/+3.277029e-06
2026.111.12:22:00/gps-fmout/+3.214094e-06
2026.111.12:22:00/gps-maser/+3.279003e-06
2026.111.12:23:00/gps-fmout/+3.215372e-06
2026.111.12:23:00/gps-maser/+3.279080e-06
2026.111.12:24:00/gps-fmout/+3.214202e-06
2026.111.12:24:00/gps-maser/+3.280656e-06
2026.111.12:25:00/gps-fmout/+3.214670e-06
2026.111.12:25:00/gps-maser/+3.278978e-06
2026.111.12:26:00/gps-fmout/+3.212249e-06
2026.111.12:26:00/gps-maser/+3.278090e-06
2026.111.12:27:00/gps-fmout/+3.212322e-06
2026.111.12:27:00/gps-maser/+3.277000e-06
2026.111.12:28:00/gps-fmout/+3.212935e-06
2026.111.12:28:00/gps-maser/+3.277000e-06
2026.111.12:29:00/gps-fmout/+3.213000e-06
2026.111.12:29:00/gps-maser/+3.278372e-06
2026.111.12:30:00/gps-fmout/+3.213000e-06
2026.111.12:30:00/gps-maser/+3.279328e-06
2026.111.12:31:00/gps-fmout/+3.213000e-06
2026.111.12:31:00/gps-maser/+3.276886e-06
2026.111.12:32:00/gps-fmout/+3.212770e-06
2026.111.12:32:00/gps-maser/+3.276917e-06
2026.111.12:33:00/gps-fmout/+3.209616e-06
2026.111.12:33:00/gps-maser/+3.275891e-06
2026.111.12:34:00/gps-fmout/+3.211844e-06
2026.111.12:34:00/gps-maser/+3.277925e-06
2026.111.12:35:00/gps-fmout/+3.214325e-06
2026.111.12:35:00/gps-maser/+3.277359e-06
2026.111.12:36:00/gps-fmout/+3.214385e-06
2026.111.12:36:00/gps-maser/+3.278927e-06
2026.111.12:37:00/gps-fmout/+3.212872e-06
2026.111.12:37:00/gps-maser/+3.277360e-06
2026.111.12:38:00/gps-fmout/+3.213149e-06
2026.111.12:38:00/gps-maser/+3.278439e-06
2026.111.12:39:00/gps-fmout/+3.216036e-06
2026.111.12:39:00/gps-maser/+3.278402e-06
2026.111.12:40:00/gps-fmout/+3.216701e-06
2026.111.12:40:00/gps-maser/+3.281438e-06
2026.111.12:41:00/gps-fmout/+3.214828e-06
2026.111.12:41:00/gps-maser/+3.282059e-06
2026.111.12:42:00/gps-fmout/+3.215157e-06
2026.111.12:42:00/gps-maser/+3.281958e-06
2026.111.12:43:00/gps-fmout/+3.216585e-06
2026.111.12:43:00/gps-maser/+3.280876e-06
2026.111.12:44:00/gps-fmout/+3.216744e-06
2026.111.12:44:00/gps-maser/+3.281117e-06
2026.111.12:45:00/gps-fmout/+3.219260e-06
2026.111.12:45:00/gps-maser/+3.282302e-06
2026.111.12:46:00/gps-fmout/+3.220349e-06
2026.111.12:46:00/gps-maser/+3.284354e-06
2026.111.12:47:00/gps-fmout/+3.219265e-06
2026.111.12:47:00/gps-maser/+3.283307e-06
2026.111.12:48:00/gps-fmout/+3.216896e-06
2026.111.12:48:00/gps-maser/+3.283771e-06
2026.111.12:49:00/gps-fmout/+3.217000e-06
2026.111.12:49:00/gps-maser/+3.281881e-06
2026.111.12:50:00/gps-fmout/+3.216156e-06
2026.111.12:50:00/gps-maser/+3.281106e-06
2026.111.12:51:00/gps-fmout/+3.216022e-06
2026.111.12:51:00/gps-maser/+3.282186e-06
2026.111.12:52:00/gps-fmout/+3.216943e-06
2026.111.12:52:00/gps-maser/+3.283017e-06
2026.111.12:53:00/gps-fmout/+3.216388e-06
2026.111.12:53:00/gps-maser/+3.281992e-06
2026.111.12:54:00/gps-fmout/+3.214910e-06
2026.111.12:54:00/gps-maser/+3.281769e-06
2026.111.12:55:00/gps-fmout/+3.214777e-06
2026.111.12:55:00/gps-maser/+3.280976e-06
2026.111.12:56:00/gps-fmout/+3.213985e-06
2026.111.12:56:00/gps-maser/+3.280587e-06
2026.111.12:57:00/gps-fmout/+3.213675e-06
2026.111.12:57:00/gps-maser/+3.279919e-06
2026.111.12:58:00/gps-fmout/+3.213149e-06
2026.111.12:58:00/gps-maser/+3.279530e-06
2026.111.12:59:00/gps-fmout/+3.215026e-06
2026.111.12:59:00/gps-maser/+3.278929e-06
2026.111.13:00:00/gps-fmout/+3.213906e-06
2026.111.13:00:00/gps-maser/+3.279652e-06
2026.111.13:01:00/gps-fmout/+3.212131e-06
2026.111.13:01:00/gps-maser/+3.279289e-06
2026.111.13:02:00/gps-fmout/+3.214260e-06
2026.111.13:02:00/gps-maser/+3.281016e-06
2026.111.13:03:00/gps-fmout/+3.216124e-06
2026.111.13:03:00/gps-maser/+3.281309e-06
2026.111.13:04:00/gps-fmout/+3.216253e-06
2026.111.13:04:00/gps-maser/+3.282616e-06
2026.111.13:05:00/gps-fmout/+3.217058e-06
2026.111.13:05:00/gps-maser/+3.284752e-06
2026.111.13:06:00/gps-fmout/+3.217882e-06
2026.111.13:06:00/gps-maser/+3.282000e-06
2026.111.13:07:00/gps-fmout/+3.219174e-06
2026.111.13:07:00/gps-maser/+3.282000e-06
2026.111.13:08:00/gps-fmout/+3.218781e-06
2026.111.13:08:00/gps-maser/+3.282204e-06
2026.111.13:09:00/gps-fmout/+3.217023e-06
2026.111.13:09:00/gps-maser/+3.285000e-06
2026.111.13:10:00/gps-fmout/+3.219791e-06
2026.111.13:10:00/gps-maser/+3.282274e-06
2026.111.13:11:00/gps-fmout/+3.218480e-06
2026.111.13:11:00/gps-maser/+3.282390e-06
2026.111.13:12:00/gps-fmout/+3.217086e-06
2026.111.13:12:00/gps-maser/+3.284085e-06
2026.111.13:13:00/gps-fmout/+3.219397e-06
2026.111.13:13:00/gps-maser/+3.284896e-06
2026.111.13:14:00/gps-fmout/+3.220822e-06
2026.111.13:14:00/gps-maser/+3.284192e-06
2026.111.13:15:00/gps-fmout/+3.218975e-06
2026.111.13:15:00/gps-maser/+3.285034e-06
2026.111.13:16:00/gps-fmout/+3.218081e-06
2026.111.13:16:00/gps-maser/+3.283974e-06
2026.111.13:17:00/gps-fmout/+3.217387e-06
2026.111.13:17:00/gps-maser/+3.283527e-06
2026.111.13:18:00/gps-fmout/+3.218929e-06
2026.111.13:18:00/gps-maser/+3.285228e-06
2026.111.13:19:00/gps-fmout/+3.218000e-06
2026.111.13:19:00/gps-maser/+3.284429e-06
2026.111.13:20:00/gps-fmout/+3.217115e-06
2026.111.13:20:00/gps-maser/+3.282000e-06
2026.111.13:21:00/gps-fmout/+3.217896e-06
2026.111.13:21:00/gps-maser/+3.282000e-06
2026.111.13:22:00/gps-fmout/+3.217103e-06
2026.111.13:22:00/gps-maser/+3.282000e-06
2026.111.13:23:00/gps-fmout/+3.219901e-06
2026.111.13:23:00/gps-maser/+3.282000e-06
2026.111.13:24:00/gps-fmout/+3.219339e-06
2026.111.13:24:00/gps-maser/+3.282259e-06
2026.111.13:25:00/gps-fmout/+3.216771e-06
2026.111.13:25:00/gps-maser/+3.283894e-06
2026.111.13:26:00/gps-fmout/+3.215381e-06
2026.111.13:26:00/gps-maser/+3.281837e-06
2026.111.13:27:00/gps-fmout/+3.215253e-06
2026.111.13:27:00/gps-maser/+3.282221e-06
2026.111.13:28:00/gps-fmout/+3.216202e-06
2026.111.13:28:00/gps-maser/+3.283203e-06
2026.111.13:29:00/gps-fmout/+3.219000e-06
2026.111.13:29:00/gps-maser/+3.284053e-06
2026.111.13:30:00/gps-fmout/+3.220515e-06
2026.111.13:30:00/gps-maser/+3.284201e-06
2026.111.13:31:00/gps-fmout/+3.220793e-06
2026.111.13:31:00/gps-maser/+3.285343e-06
2026.111.13:32:00/gps-fmout/+3.219092e-06
2026.111.13:32:00/gps-maser/+3.287057e-06
2026.111.13:33:00/gps-fmout/+3.220929e-06
2026.111.13:33:00/gps-maser/+3.287373e-06
2026.111.13:34:00/gps-fmout/+3.221642e-06
2026.111.13:34:00/gps-maser/+3.284915e-06
2026.111.13:35:00/gps-fmout/+3.218955e-06
2026.111.13:35:00/gps-maser/+3.284882e-06
2026.111.13:36:00/gps-fmout/+3.219461e-06
2026.111.13:36:00/gps-maser/+3.285154e-06
2026.111.13:37:00/gps-fmout/+3.219887e-06
2026.111.13:37:00/gps-maser/+3.287000e-06
2026.111.13:38:00/gps-fmout/+3.219086e-06
2026.111.13:38:00/gps-maser/+3.287000e-06
2026.111.13:39:00/gps-fmout/+3.221000e-06
2026.111.13:39:00/gps-maser/+3.286377e-06
2026.111.13:40:00/gps-fmout/+3.217417e-06
2026.111.13:40:00/gps-maser/+3.284065e-06
2026.111.13:41:00/gps-fmout/+3.217137e-06
2026.111.13:41:00/gps-maser/+3.281625e-06
2026.111.13:42:00/gps-fmout/+3.217892e-06
2026.111.13:42:00/gps-maser/+3.281016e-06
2026.111.13:43:00/gps-fmout/+3.215562e-06
2026.111.13:43:00/gps-maser/+3.281620e-06
2026.111.13:44:00/gps-fmout/+3.214501e-06
2026.111.13:44:00/gps-maser/+3.280775e-06
2026.111.13:45:00/gps-fmout/+3.213062e-06
2026.111.13:45:00/gps-maser/+3.279859e-06
2026.111.13:46:00/gps-fmout/+3.213922e-06
2026.111.13:46:00/gps-maser/+3.277179e-06
2026.111.13:47:00/gps-fmout/+3.214535e-06
2026.111.13:47:00/gps-maser/+3.277322e-06
2026.111.13:48:00/gps-fmout/+3.216246e-06
2026.111.13:48:00/gps-maser/+3.279471e-06
2026.111.13:49:00/gps-fmout/+3.217000e-06
2026.111.13:49:00/gps-maser/+3.280532e-06
2026.111.13:50:00/gps-fmout/+3.213056e-06
2026.111.13:50:00/gps-maser/+3.279676e-06
2026.111.13:51:00/gps-fmout/+3.211931e-06
2026.111.13:51:00/gps-maser/+3.278898e-06
2026.111.13:52:00/gps-fmout/+3.212001e-06
2026.111.13:52:00/gps-maser/+3.278985e-06
2026.111.13:53:00/gps-fmout/+3.213322e-06
2026.111.13:53:00/gps-maser/+3.276823e-06
2026.111.13:54:00/gps-fmout/+3.214305e-06
2026.111.13:54:00/gps-maser/+3.278873e-06
2026.111.13:55:00/gps-fmout/+3.214850e-06
2026.111.13:55:00/gps-maser/+3.278049e-06
2026.111.13:56:00/gps-fmout/+3.211895e-06
2026.111.13:56:00/gps-maser/+3.277881e-06
2026.111.13:57:00/gps-fmout/+3.211124e-06
2026.111.13:57:00/gps-maser/+3.276567e-06
2026.111.13:58:00/gps-fmout/+3.213257e-06
2026.111.13:58:00/gps-maser/+3.279018e-06
2026.111.13:59:00/gps-fmout/+3.214960e-06
2026.111.13:59:00/gps-maser/+3.279278e-06
2026.111.14:00:00/gps-fmout/+3.216651e-06
2026.111.14:00:00/gps-maser/+3.280769e-06
2026.111.14:01:00/gps-fmout/+1.238837e-02
2026.111.14:01:00/gps-maser/+3.283423e-06
2026.111.14:02:00/gps-fmout/+1.643886e-01
2026.111.14:02:00/gps-maser/+3.285006e-06
2026.111.14:03:00/gps-fmout/+1.057324e-01
2026.111.14:03:00/gps-maser/+3.282753e-06
2026.111.14:04:00/gps-fmout/+1.079623e-01
2026.111.14:04:00/gps-maser/+3.283418e-06
2026.111.14:05:00/gps-fmout/+3.840246e-01
2026.111.14:05:00/gps-maser/+3.284860e-06
2026.111.14:06:00/gps-fmout/+5.045099e-02
2026.111.14:06:00/gps-maser/+3.284000e-06
2026.111.14:07:00/gps-fmout/+5.045099e-02
2026.111.14:07:00/gps-maser/+3.284000e-06
2026.111.14:08:00/gps-fmout/+4.950037e-02
2026.111.14:08:00/gps-maser/+3.283770e-06
2026.111.14:09:00/gps-fmout/+3.488037e-02
2026.111.14:09:00/gps-maser/+3.283293e-06
2026.111.14:10:00/gps-fmout/+1.360669e-02
2026.111.14:10:00/gps-maser/+3.284000e-06
2026.111.14:11:00/gps-fmout/+3.167000e-06
2026.111.14:11:00/gps-maser/+3.284000e-06
2026.111.14:12:00/gps-fmout/+3.122595e-01
2026.111.14:12:00/gps-maser/+3.284169e-06
2026.111.14:13:00/gps-fmout/+3.179770e-06
2026.111.14:13:00/gps-maser/+3.285576e-06
2026.111.14:14:00/gps-fmout/+3.178848e-06
2026.111.14:14:00/gps-maser/+3.288964e-06
2026.111.14:15:00/gps-fmout/+3.178670e-06
2026.111.14:15:00/gps-maser/+3.286463e-06
2026.111.14:16:00/gps-fmout/+3.179779e-06
2026.111.14:16:00/gps-maser/+3.286000e-06
2026.111.14:17:00/gps-fmout/+3.178988e-06
2026.111.14:17:00/gps-maser/+3.286000e-06
2026.111.14:18:00/gps-fmout/+3.178685e-06
2026.111.14:18:00/gps-maser/+3.285770e-06
2026.111.14:19:00/gps-fmout/+3.177075e-06
2026.111.14:19:00/gps-maser/+3.284334e-06
2026.111.14:20:00/gps-fmout/+3.173995e-06
2026.111.14:20:00/gps-maser/+3.281882e-06
2026.111.14:21:00/gps-fmout/+3.177000e-06
2026.111.14:21:00/gps-maser/+3.282980e-06
2026.111.14:22:00/gps-fmout/+3.174758e-06
2026.111.14:22:00/gps-maser/+3.283614e-06
2026.111.14:23:00/gps-fmout/+3.175363e-06
2026.111.14:23:00/gps-maser/+3.281931e-06
2026.111.14:24:00/gps-fmout/+3.177013e-06
2026.111.14:24:00/gps-maser/+3.283098e-06
2026.111.14:25:00/gps-fmout/+3.177481e-06
2026.111.14:25:00/gps-maser/+3.286552e-06
2026.111.14:26:00/gps-fmout/+3.178256e-06
2026.111.14:26:00/gps-maser/+3.287028e-06
2026.111.14:27:00/gps-fmout/+3.179167e-06
2026.111.14:27:00/gps-maser/+3.287152e-06
2026.111.14:28:00/gps-fmout/+3.180360e-06
2026.111.14:28:00/gps-maser/+3.289000e-06
2026.111.14:29:00/gps-fmout/+3.180783e-06
2026.111.14:29:00/gps-maser/+3.289000e-06
2026.111.14:30:00/gps-fmout/+3.180277e-06
2026.111.14:30:00/gps-maser/+3.288867e-06
2026.111.14:31:00/gps-fmout/+3.183000e-06
2026.111.14:31:00/gps-maser/+3.288428e-06
2026.111.14:32:00/gps-fmout/+3.182994e-06
2026.111.14:32:00/gps-maser/+3.289019e-06
2026.111.14:33:00/gps-fmout/+3.180168e-06
2026.111.14:33:00/gps-maser/+3.289117e-06
2026.111.14:34:00/gps-fmout/+3.182148e-06
2026.111.14:34:00/gps-maser/+3.289992e-06
2026.111.14:35:00/gps-fmout/+3.183501e-06
2026.111.14:35:00/gps-maser/+3.288489e-06
2026.111.14:36:00/gps-fmout/+3.181411e-06
2026.111.14:36:00/gps-maser/+3.288062e-06
2026.111.14:37:00/gps-fmout/+3.180079e-06
2026.111.14:37:00/gps-maser/+3.289103e-06
2026.111.14:38:00/gps-fmout/+3.182574e-06
2026.111.14:38:00/gps-maser/+3.290000e-06
2026.111.14:39:00/gps-fmout/+3.183503e-06
2026.111.14:39:00/gps-maser/+3.290000e-06
2026.111.14:40:00/gps-fmout/+3.180599e-06
2026.111.14:40:00/gps-maser/+3.289688e-06
2026.111.14:41:00/gps-fmout/+3.179001e-06
2026.111.14:41:00/gps-maser/+3.288099e-06
2026.111.14:42:00/gps-fmout/+3.181103e-06
2026.111.14:42:00/gps-maser/+3.289988e-06
2026.111.14:43:00/gps-fmout/+3.183269e-06
2026.111.14:43:00/gps-maser/+3.292446e-06
2026.111.14:44:00/gps-fmout/+3.183198e-06
2026.111.14:44:00/gps-maser/+3.292928e-06
2026.111.14:45:00/gps-fmout/+3.184573e-06
2026.111.14:45:00/gps-maser/+3.290380e-06
2026.111.14:46:00/gps-fmout/+3.183716e-06
2026.111.14:46:00/gps-maser/+3.290066e-06
2026.111.14:47:00/gps-fmout/+3.183249e-06
2026.111.14:47:00/gps-maser/+3.291309e-06
2026.111.14:48:00/gps-fmout/+3.184536e-06
2026.111.14:48:00/gps-maser/+3.293050e-06
2026.111.14:49:00/gps-fmout/+3.184353e-06
2026.111.14:49:00/gps-maser/+3.293333e-06
2026.111.14:50:00/gps-fmout/+3.184864e-06
2026.111.14:50:00/gps-maser/+3.294000e-06
2026.111.14:51:00/gps-fmout/+3.183988e-06
2026.111.14:51:00/gps-maser/+3.294000e-06
2026.111.14:52:00/gps-fmout/+3.184575e-06
2026.111.14:52:00/gps-maser/+3.294285e-06
2026.111.14:53:00/gps-fmout/+3.185981e-06
2026.111.14:53:00/gps-maser/+3.294696e-06
2026.111.14:54:00/gps-fmout/+3.186021e-06
2026.111.14:54:00/gps-maser/+3.292000e-06
2026.111.14:55:00/gps-fmout/+3.185728e-06
2026.111.14:55:00/gps-maser/+3.292000e-06
2026.111.14:56:00/gps-fmout/+3.185132e-06
2026.111.14:56:00/gps-maser/+3.292000e-06
2026.111.14:57:00/gps-fmout/+3.185815e-06
2026.111.14:57:00/gps-maser/+3.292174e-06
2026.111.14:58:00/gps-fmout/+3.185444e-06
2026.111.14:58:00/gps-maser/+3.293695e-06
2026.111.14:59:00/gps-fmout/+3.186031e-06
2026.111.14:59:00/gps-maser/+3.293730e-06
2026.111.15:00:00/gps-fmout/+3.186222e-06
2026.111.15:00:00/gps-maser/+3.295826e-06
2026.111.15:01:00/gps-fmout/+3.187985e-06
2026.111.15:01:00/gps-maser/+3.295560e-06
2026.111.15:02:00/gps-fmout/+3.186084e-06
2026.111.15:02:00/gps-maser/+3.295401e-06
2026.111.15:03:00/gps-fmout/+3.185294e-06
2026.111.15:03:00/gps-maser/+3.293855e-06
2026.111.15:04:00/gps-fmout/+3.188171e-06
2026.111.15:04:00/gps-maser/+3.294064e-06
2026.111.15:05:00/gps-fmout/+3.188849e-06
2026.111.15:05:00/gps-maser/+3.295544e-06
2026.111.15:06:00/gps-fmout/+3.187689e-06
2026.111.15:06:00/gps-maser/+3.296000e-06
2026.111.15:07:00/gps-fmout/+3.187109e-06
2026.111.15:07:00/gps-maser/+3.296000e-06
2026.111.15:08:00/gps-fmout/+3.188009e-06
2026.111.15:08:00/gps-maser/+3.296829e-06
2026.111.15:09:00/gps-fmout/+3.188541e-06
2026.111.15:09:00/gps-maser/+3.297593e-06
2026.111.15:10:00/gps-fmout/+3.190123e-06
2026.111.15:10:00/gps-maser/+3.296003e-06
2026.111.15:11:00/gps-fmout/+3.188909e-06
2026.111.15:11:00/gps-maser/+3.295500e-06
2026.111.15:12:00/gps-fmout/+3.186274e-06
2026.111.15:12:00/gps-maser/+3.294643e-06
2026.111.15:13:00/gps-fmout/+3.187095e-06
2026.111.15:13:00/gps-maser/+3.293786e-06
2026.111.15:14:00/gps-fmout/+3.186809e-06
2026.111.15:14:00/gps-maser/+3.292988e-06
2026.111.15:15:00/gps-fmout/+3.184312e-06
2026.111.15:15:00/gps-maser/+3.294163e-06
2026.111.15:16:00/gps-fmout/+3.184210e-06
2026.111.15:16:00/gps-maser/+3.293601e-06
2026.111.15:17:00/gps-fmout/+3.184790e-06
2026.111.15:17:00/gps-maser/+3.292232e-06
2026.111.15:18:00/gps-fmout/+3.185049e-06
2026.111.15:18:00/gps-maser/+3.293019e-06
2026.111.15:19:00/gps-fmout/+3.185918e-06
2026.111.15:19:00/gps-maser/+3.292241e-06
2026.111.15:20:00/gps-fmout/+3.186168e-06
2026.111.15:20:00/gps-maser/+3.293317e-06
2026.111.15:21:00/gps-fmout/+3.185952e-06
2026.111.15:21:00/gps-maser/+3.294996e-06
2026.111.15:22:00/gps-fmout/+3.185144e-06
2026.111.15:22:00/gps-maser/+3.293366e-06
2026.111.15:23:00/gps-fmout/+3.183864e-06
2026.111.15:23:00/gps-maser/+3.293517e-06
2026.111.15:24:00/gps-fmout/+3.182929e-06
2026.111.15:24:00/gps-maser/+3.292000e-06
2026.111.15:25:00/gps-fmout/+3.183000e-06
2026.111.15:25:00/gps-maser/+3.292000e-06
2026.111.15:26:00/gps-fmout/+3.183756e-06
2026.111.15:26:00/gps-maser/+3.291826e-06
2026.111.15:27:00/gps-fmout/+3.185929e-06
2026.111.15:27:00/gps-maser/+3.291147e-06
2026.111.15:28:00/gps-fmout/+3.183894e-06
2026.111.15:28:00/gps-maser/+3.294000e-06
2026.111.15:29:00/gps-fmout/+3.180701e-06
2026.111.15:29:00/gps-maser/+3.289067e-06
2026.111.15:30:00/gps-fmout/+3.178722e-06
2026.111.15:30:00/gps-maser/+3.287920e-06
2026.111.15:31:00/gps-fmout/+3.178777e-06
2026.111.15:31:00/gps-maser/+3.287833e-06
2026.111.15:32:00/gps-fmout/+3.177779e-06
2026.111.15:32:00/gps-maser/+3.284686e-06
2026.111.15:33:00/gps-fmout/+3.178516e-06
2026.111.15:33:00/gps-maser/+3.285424e-06
2026.111.15:34:00/gps-fmout/+3.176903e-06
2026.111.15:34:00/gps-maser/+3.286848e-06
2026.111.15:35:00/gps-fmout/+3.178410e-06
2026.111.15:35:00/gps-maser/+3.286777e-06
2026.111.15:36:00/gps-fmout/+3.180502e-06
2026.111.15:36:00/gps-maser/+3.288229e-06
2026.111.15:37:00/gps-fmout/+3.180923e-06
2026.111.15:37:00/gps-maser/+3.285980e-06
2026.111.15:38:00/gps-fmout/+3.180052e-06
2026.111.15:38:00/gps-maser/+3.287000e-06
2026.111.15:39:00/gps-fmout/+3.182950e-06
2026.111.15:39:00/gps-maser/+3.290039e-06
2026.111.15:40:00/gps-fmout/+3.184138e-06
2026.111.15:40:00/gps-maser/+3.290815e-06
2026.111.15:41:00/gps-fmout/+3.182700e-06
2026.111.15:41:00/gps-maser/+3.288980e-06
2026.111.15:42:00/gps-fmout/+3.179350e-06
2026.111.15:42:00/gps-maser/+3.288153e-06
2026.111.15:43:00/gps-fmout/+3.179029e-06
2026.111.15:43:00/gps-maser/+3.287000e-06
2026.111.15:44:00/gps-fmout/+3.178965e-06
2026.111.15:44:00/gps-maser/+3.287000e-06
2026.111.15:45:00/gps-fmout/+3.179179e-06
2026.111.15:45:00/gps-maser/+3.287624e-06
2026.111.15:46:00/gps-fmout/+3.178781e-06
2026.111.15:46:00/gps-maser/+3.287411e-06
2026.111.15:47:00/gps-fmout/+3.178735e-06
2026.111.15:47:00/gps-maser/+3.285689e-06
2026.111.15:48:00/gps-fmout/+3.176000e-06
2026.111.15:48:00/gps-maser/+3.284000e-06
2026.111.15:49:00/gps-fmout/+3.175909e-06
2026.111.15:49:00/gps-maser/+3.281894e-06
2026.111.15:50:00/gps-fmout/+3.176198e-06
2026.111.15:50:00/gps-maser/+3.283607e-06
2026.111.15:51:00/gps-fmout/+3.177166e-06
2026.111.15:51:00/gps-maser/+3.286039e-06
2026.111.15:52:00/gps-fmout/+3.179671e-06
2026.111.15:52:00/gps-maser/+3.286408e-06
2026.111.15:53:00/gps-fmout/+3.181866e-06
2026.111.15:53:00/gps-maser/+3.287254e-06
2026.111.15:54:00/gps-fmout/+3.180435e-06
2026.111.15:54:00/gps-maser/+3.288135e-06
2026.111.15:55:00/gps-fmout/+3.182445e-06
2026.111.15:55:00/gps-maser/+3.289495e-06
2026.111.15:56:00/gps-fmout/+3.183646e-06
2026.111.15:56:00/gps-maser/+3.291252e-06
2026.111.15:57:00/gps-fmout/+3.185223e-06
2026.111.15:57:00/gps-maser/+3.294836e-06
2026.111.15:58:00/gps-fmout/+3.186019e-06
2026.111.15:58:00/gps-maser/+3.294000e-06
2026.111.15:59:00/gps-fmout/+3.186804e-06
2026.111.15:59:00/gps-maser/+3.294000e-06
2026.111.16:00:00/gps-fmout/+3.185966e-06
2026.111.16:00:00/gps-maser/+3.294091e-06
2026.111.16:01:00/gps-fmout/+3.185923e-06
2026.111.16:01:00/gps-maser/+3.295000e-06
2026.111.16:02:00/gps-fmout/+3.185324e-06
2026.111.16:02:00/gps-maser/+3.295000e-06
2026.111.16:03:00/gps-fmout/+3.185778e-06
2026.111.16:03:00/gps-maser/+3.294712e-06
2026.111.16:04:00/gps-fmout/+3.185188e-06
2026.111.16:04:00/gps-maser/+3.293066e-06
2026.111.16:05:00/gps-fmout/+3.185945e-06
2026.111.16:05:00/gps-maser/+3.293123e-06
2026.111.16:06:00/gps-fmout/+3.185968e-06
2026.111.16:06:00/gps-maser/+3.291966e-06
2026.111.16:07:00/gps-fmout/+3.184904e-06
2026.111.16:07:00/gps-maser/+3.291891e-06
2026.111.16:08:00/gps-fmout/+3.184968e-06
2026.111.16:08:00/gps-maser/+3.291000e-06
2026.111.16:09:00/gps-fmout/+3.183350e-06
2026.111.16:09:00/gps-maser/+3.292052e-06
2026.111.16:10:00/gps-fmout/+3.183283e-06
2026.111.16:10:00/gps-maser/+3.292420e-06
2026.111.16:11:00/gps-fmout/+3.185255e-06
2026.111.16:11:00/gps-maser/+3.295047e-06
2026.111.16:12:00/gps-fmout/+3.187152e-06
2026.111.16:12:00/gps-maser/+3.294219e-06
2026.111.16:13:00/gps-fmout/+3.186759e-06
2026.111.16:13:00/gps-maser/+3.292811e-06
2026.111.16:14:00/gps-fmout/+3.185776e-06
2026.111.16:14:00/gps-maser/+3.293152e-06
2026.111.16:15:00/gps-fmout/+3.185747e-06
2026.111.16:15:00/gps-maser/+3.294047e-06
2026.111.16:16:00/gps-fmout/+3.186791e-06
2026.111.16:16:00/gps-maser/+3.294162e-06
2026.111.16:17:00/gps-fmout/+3.186294e-06
2026.111.16:17:00/gps-maser/+3.295443e-06
2026.111.16:18:00/gps-fmout/+3.188993e-06
2026.111.16:18:00/gps-maser/+3.297816e-06
2026.111.16:19:00/gps-fmout/+3.188000e-06
2026.111.16:19:00/gps-maser/+3.297700e-06
2026.111.16:20:00/gps-fmout/+3.188018e-06
2026.111.16:20:00/gps-maser/+3.296993e-06
2026.111.16:21:00/gps-fmout/+3.187951e-06
2026.111.16:21:00/gps-maser/+3.296944e-06
2026.111.16:22:00/gps-fmout/+3.186505e-06
2026.111.16:22:00/gps-maser/+3.295224e-06
2026.111.16:23:00/gps-fmout/+3.186139e-06
2026.111.16:23:00/gps-maser/+3.294051e-06
2026.111.16:24:00/gps-fmout/+3.188019e-06
2026.111.16:24:00/gps-maser/+3.297156e-06
2026.111.16:25:00/gps-fmout/+3.188901e-06
2026.111.16:25:00/gps-maser/+3.298461e-06
2026.111.16:26:00/gps-fmout/+3.190653e-06
2026.111.16:26:00/gps-maser/+3.299466e-06
2026.111.16:27:00/gps-fmout/+3.192072e-06
2026.111.16:27:00/gps-maser/+3.301126e-06
2026.111.16:28:00/gps-fmout/+3.192000e-06
2026.111.16:28:00/gps-maser/+3.299616e-06
2026.111.16:29:00/gps-fmout/+3.191545e-06
2026.111.16:29:00/gps-maser/+3.297922e-06
2026.111.16:30:00/gps-fmout/+3.189918e-06
2026.111.16:30:00/gps-maser/+3.297880e-06
2026.111.16:31:00/gps-fmout/+3.189955e-06
2026.111.16:31:00/gps-maser/+3.297000e-06
2026.111.16:32:00/gps-fmout/+3.188456e-06
2026.111.16:32:00/gps-maser/+3.298051e-06
2026.111.16:33:00/gps-fmout/+3.188074e-06
2026.111.16:33:00/gps-maser/+3.298129e-06
2026.111.16:34:00/gps-fmout/+3.189116e-06
2026.111.16:34:00/gps-maser/+3.298969e-06
2026.111.16:35:00/gps-fmout/+3.189710e-06
2026.111.16:35:00/gps-maser/+3.297652e-06
2026.111.16:36:00/gps-fmout/+3.189596e-06
2026.111.16:36:00/gps-maser/+3.298832e-06
2026.111.16:37:00/gps-fmout/+3.192139e-06
2026.111.16:37:00/gps-maser/+3.298106e-06
2026.111.16:38:00/gps-fmout/+3.190162e-06
2026.111.16:38:00/gps-maser/+3.298745e-06
2026.111.16:39:00/gps-fmout/+3.187580e-06
2026.111.16:39:00/gps-maser/+3.297488e-06
2026.111.16:40:00/gps-fmout/+3.186949e-06
2026.111.16:40:00/gps-maser/+3.295924e-06
2026.111.16:41:00/gps-fmout/+3.187000e-06
2026.111.16:41:00/gps-maser/+3.295045e-06
2026.111.16:42:00/gps-fmout/+3.187722e-06
2026.111.16:42:00/gps-maser/+3.294462e-06
2026.111.16:43:00/gps-fmout/+3.186803e-06
2026.111.16:43:00/gps-maser/+3.295917e-06
2026.111.16:44:00/gps-fmout/+3.186004e-06
2026.111.16:44:00/gps-maser/+3.294976e-06
2026.111.16:45:00/gps-fmout/+3.188172e-06
2026.111.16:45:00/gps-maser/+3.294000e-06
2026.111.16:46:00/gps-fmout/+3.187701e-06
2026.111.16:46:00/gps-maser/+3.294000e-06
2026.111.16:47:00/gps-fmout/+3.187053e-06
2026.111.16:47:00/gps-maser/+3.294030e-06
2026.111.16:48:00/gps-fmout/+3.187975e-06
2026.111.16:48:00/gps-maser/+3.295094e-06
2026.111.16:49:00/gps-fmout/+3.188581e-06
2026.111.16:49:00/gps-maser/+3.295360e-06
2026.111.16:50:00/gps-fmout/+3.186719e-06
2026.111.16:50:00/gps-maser/+3.296858e-06
2026.111.16:51:00/gps-fmout/+3.186291e-06
2026.111.16:51:00/gps-maser/+3.296297e-06
2026.111.16:52:00/gps-fmout/+3.187022e-06
2026.111.16:52:00/gps-maser/+3.296982e-06
2026.111.16:53:00/gps-fmout/+3.186871e-06
2026.111.16:53:00/gps-maser/+3.293924e-06
2026.111.16:54:00/gps-fmout/+3.185014e-06
2026.111.16:54:00/gps-maser/+3.294000e-06
2026.111.16:55:00/gps-fmout/+3.185097e-06
2026.111.16:55:00/gps-maser/+3.293078e-06
2026.111.16:56:00/gps-fmout/+3.186096e-06
2026.111.16:56:00/gps-maser/+3.294588e-06
2026.111.16:57:00/gps-fmout/+3.186119e-06
2026.111.16:57:00/gps-maser/+3.296956e-06
2026.111.16:58:00/gps-fmout/+3.187511e-06
2026.111.16:58:00/gps-maser/+3.295574e-06
2026.111.16:59:00/gps-fmout/+3.187907e-06
2026.111.16:59:00/gps-maser/+3.294521e-06
2026.111.17:00:00/gps-fmout/+3.187051e-06
2026.111.17:00:00/gps-maser/+3.293302e-06
2026.111.17:01:00/gps-fmout/+3.186750e-06
2026.111.17:01:00/gps-maser/+3.296605e-06
2026.111.17:02:00/gps-fmout/+3.187222e-06
2026.111.17:02:00/gps-maser/+3.297083e-06
2026.111.17:03:00/gps-fmout/+3.187210e-06
2026.111.17:03:00/gps-maser/+3.296782e-06
2026.111.17:04:00/gps-fmout/+3.190003e-06
2026.111.17:04:00/gps-maser/+3.295795e-06
2026.111.17:05:00/gps-fmout/+3.187997e-06
2026.111.17:05:00/gps-maser/+3.296342e-06
2026.111.17:06:00/gps-fmout/+3.189606e-06
2026.111.17:06:00/gps-maser/+3.297200e-06
2026.111.17:07:00/gps-fmout/+3.187986e-06
2026.111.17:07:00/gps-maser/+3.298017e-06
2026.111.17:08:00/gps-fmout/+3.187593e-06
2026.111.17:08:00/gps-maser/+3.296544e-06
2026.111.17:09:00/gps-fmout/+3.187312e-06
2026.111.17:09:00/gps-maser/+3.295838e-06
2026.111.17:10:00/gps-fmout/+3.188855e-06
2026.111.17:10:00/gps-maser/+3.296227e-06
2026.111.17:11:00/gps-fmout/+3.189058e-06
2026.111.17:11:00/gps-maser/+3.298806e-06
2026.111.17:12:00/gps-fmout/+3.189452e-06
2026.111.17:12:00/gps-maser/+3.298519e-06
2026.111.17:13:00/gps-fmout/+3.187768e-06
2026.111.17:13:00/gps-maser/+3.296982e-06
2026.111.17:14:00/gps-fmout/+3.186995e-06
2026.111.17:14:00/gps-maser/+3.296577e-06
2026.111.17:15:00/gps-fmout/+3.188459e-06
2026.111.17:15:00/gps-maser/+3.295373e-06
2026.111.17:16:00/gps-fmout/+3.188922e-06
2026.111.17:16:00/gps-maser/+3.294158e-06
2026.111.17:17:00/gps-fmout/+3.188154e-06
2026.111.17:17:00/gps-maser/+3.296975e-06
2026.111.17:18:00/gps-fmout/+3.190430e-06
2026.111.17:18:00/gps-maser/+3.296144e-06
2026.111.17:19:00/gps-fmout/+3.191283e-06
2026.111.17:19:00/gps-maser/+3.297907e-06
2026.111.17:20:00/gps-fmout/+3.191908e-06
2026.111.17:20:00/gps-maser/+3.300935e-06
2026.111.17:21:00/gps-fmout/+3.192595e-06
2026.111.17:21:00/gps-maser/+3.299887e-06
2026.111.17:22:00/gps-fmout/+3.193374e-06
2026.111.17:22:00/gps-maser/+3.300472e-06
2026.111.17:23:00/gps-fmout/+3.191627e-06
2026.111.17:23:00/gps-maser/+3.301469e-06
2026.111.17:24:00/gps-fmout/+3.189991e-06
2026.111.17:24:00/gps-maser/+3.298146e-06
2026.111.17:25:00/gps-fmout/+3.189153e-06
2026.111.17:25:00/gps-maser/+3.298342e-06
2026.111.17:26:00/gps-fmout/+3.190227e-06
2026.111.17:26:00/gps-maser/+3.299199e-06
2026.111.17:27:00/gps-fmout/+3.190943e-06
2026.111.17:27:00/gps-maser/+3.300014e-06
2026.111.17:28:00/gps-fmout/+3.189752e-06
2026.111.17:28:00/gps-maser/+3.299000e-06
2026.111.17:29:00/gps-fmout/+3.190733e-06
2026.111.17:29:00/gps-maser/+3.299000e-06
2026.111.17:30:00/gps-fmout/+3.190196e-06
2026.111.17:30:00/gps-maser/+3.299000e-06
2026.111.17:31:00/gps-fmout/+3.192439e-06
2026.111.17:31:00/gps-maser/+3.299298e-06
2026.111.17:32:00/gps-fmout/+3.194429e-06
2026.111.17:32:00/gps-maser/+3.300285e-06
2026.111.17:33:00/gps-fmout/+3.193616e-06
2026.111.17:33:00/gps-maser/+3.300691e-06
2026.111.17:34:00/gps-fmout/+3.190990e-06
2026.111.17:34:00/gps-maser/+3.299293e-06
2026.111.17:35:00/gps-fmout/+3.191352e-06
2026.111.17:35:00/gps-maser/+3.300665e-06
2026.111.17:36:00/gps-fmout/+3.192130e-06
2026.111.17:36:00/gps-maser/+3.302316e-06
2026.111.17:37:00/gps-fmout/+3.191886e-06
2026.111.17:37:00/gps-maser/+3.301845e-06
2026.111.17:38:00/gps-fmout/+3.189261e-06
2026.111.17:38:00/gps-maser/+3.297397e-06
2026.111.17:39:00/gps-fmout/+3.186809e-06
2026.111.17:39:00/gps-maser/+3.293744e-06
2026.111.17:40:00/gps-fmout/+3.183521e-06
2026.111.17:40:00/gps-maser/+3.289719e-06
2026.111.17:41:00/gps-fmout/+3.180275e-06
2026.111.17:41:00/gps-maser/+3.287672e-06
2026.111.17:42:00/gps-fmout/+3.177299e-06
2026.111.17:42:00/gps-maser/+3.285104e-06
2026.111.17:43:00/gps-fmout/+3.176442e-06
2026.111.17:43:00/gps-maser/+3.282818e-06
2026.111.17:44:00/gps-fmout/+3.171986e-06
2026.111.17:44:00/gps-maser/+3.281890e-06
2026.111.17:45:00/gps-fmout/+3.173990e-06
2026.111.17:45:00/gps-maser/+3.281000e-06
2026.111.17:46:00/gps-fmout/+3.171814e-06
2026.111.17:46:00/gps-maser/+3.281000e-06
2026.111.17:47:00/gps-fmout/+3.172184e-06
2026.111.17:47:00/gps-maser/+3.280960e-06
2026.111.17:48:00/gps-fmout/+3.173699e-06
2026.111.17:48:00/gps-maser/+3.280258e-06
2026.111.17:49:00/gps-fmout/+3.173053e-06
2026.111.17:49:00/gps-maser/+3.282782e-06
2026.111.17:50:00/gps-fmout/+3.174605e-06
2026.111.17:50:00/gps-maser/+3.282385e-06
2026.111.17:51:00/gps-fmout/+3.177531e-06
2026.111.17:51:00/gps-maser/+3.285748e-06
2026.111.17:52:00/gps-fmout/+3.178965e-06
2026.111.17:52:00/gps-maser/+3.288258e-06
2026.111.17:53:00/gps-fmout/+3.180992e-06
2026.111.17:53:00/gps-maser/+3.287442e-06
2026.111.17:54:00/gps-fmout/+3.179997e-06
2026.111.17:54:00/gps-maser/+3.289602e-06
2026.111.17:55:00/gps-fmout/+3.180281e-06
2026.111.17:55:00/gps-maser/+3.289779e-06
2026.111.17:56:00/gps-fmout/+3.181492e-06
2026.111.17:56:00/gps-maser/+3.290743e-06
2026.111.17:57:00/gps-fmout/+3.184264e-06
2026.111.17:57:00/gps-maser/+3.294171e-06
2026.111.17:58:00/gps-fmout/+3.187012e-06
2026.111.17:58:00/gps-maser/+3.297137e-06
2026.111.17:59:00/gps-fmout/+3.189048e-06
2026.111.17:59:00/gps-maser/+3.298116e-06
2026.111.18:00:00/gps-fmout/+3.191950e-06
2026.111.18:00:00/gps-maser/+3.298374e-06
2026.111.18:01:00/gps-fmout/+3.191210e-06
2026.111.18:01:00/gps-maser/+3.302226e-06
2026.111.18:02:00/gps-fmout/+3.193305e-06
2026.111.18:02:00/gps-maser/+3.302861e-06
2026.111.18:03:00/gps-fmout/+3.196000e-06
2026.111.18:03:00/gps-maser/+3.302199e-06
2026.111.18:04:00/gps-fmout/+3.194941e-06
2026.111.18:04:00/gps-maser/+3.305000e-06
2026.111.18:05:00/gps-fmout/+3.193370e-06
2026.111.18:05:00/gps-maser/+3.302299e-06
2026.111.18:06:00/gps-fmout/+3.191882e-06
2026.111.18:06:00/gps-maser/+3.303067e-06
2026.111.18:07:00/gps-fmout/+3.191966e-06
2026.111.18:07:00/gps-maser/+3.302932e-06
2026.111.18:08:00/gps-fmout/+3.192406e-06
2026.111.18:08:00/gps-maser/+3.301399e-06
2026.111.18:09:00/gps-fmout/+3.193534e-06
2026.111.18:09:00/gps-maser/+3.302254e-06
2026.111.18:10:00/gps-fmout/+3.194881e-06
2026.111.18:10:00/gps-maser/+3.303183e-06
2026.111.18:11:00/gps-fmout/+3.194070e-06
2026.111.18:11:00/gps-maser/+3.303547e-06
2026.111.18:12:00/gps-fmout/+3.193645e-06
2026.111.18:12:00/gps-maser/+3.302687e-06
2026.111.18:13:00/gps-fmout/+3.192880e-06
2026.111.18:13:00/gps-maser/+3.301950e-06
2026.111.18:14:00/gps-fmout/+3.193039e-06
2026.111.18:14:00/gps-maser/+3.303000e-06
2026.111.18:15:00/gps-fmout/+3.195000e-06
2026.111.18:15:00/gps-maser/+3.302667e-06
2026.111.18:16:00/gps-fmout/+3.195040e-06
2026.111.18:16:00/gps-maser/+3.302062e-06
2026.111.18:17:00/gps-fmout/+3.194910e-06
2026.111.18:17:00/gps-maser/+3.303062e-06
2026.111.18:18:00/gps-fmout/+3.193143e-06
2026.111.18:18:00/gps-maser/+3.302210e-06
2026.111.18:19:00/gps-fmout/+3.190811e-06
2026.111.18:19:00/gps-maser/+3.297315e-06
2026.111.18:20:00/gps-fmout/+3.186899e-06
2026.111.18:20:00/gps-maser/+3.295950e-06
2026.111.18:21:00/gps-fmout/+3.187489e-06
2026.111.18:21:00/gps-maser/+3.296883e-06
2026.111.18:22:00/gps-fmout/+3.186970e-06
2026.111.18:22:00/gps-maser/+3.297160e-06
2026.111.18:23:00/gps-fmout/+3.184396e-06
2026.111.18:23:00/gps-maser/+3.294223e-06
2026.111.18:24:00/gps-fmout/+3.188011e-06
2026.111.18:24:00/gps-maser/+3.294485e-06
2026.111.18:25:00/gps-fmout/+3.188382e-06
2026.111.18:25:00/gps-maser/+3.294627e-06
2026.111.18:26:00/gps-fmout/+3.188402e-06
2026.111.18:26:00/gps-maser/+3.295648e-06
2026.111.18:27:00/gps-fmout/+3.183920e-06
2026.111.18:27:00/gps-maser/+3.292981e-06
2026.111.18:28:00/gps-fmout/+3.184917e-06
2026.111.18:28:00/gps-maser/+3.293270e-06
2026.111.18:29:00/gps-fmout/+3.186565e-06
2026.111.18:29:00/gps-maser/+3.295106e-06
2026.111.18:30:00/gps-fmout/+3.189334e-06
2026.111.18:30:00/gps-maser/+3.298812e-06
2026.111.18:31:00/gps-fmout/+3.188613e-06
2026.111.18:31:00/gps-maser/+3.296827e-06
2026.111.18:32:00/gps-fmout/+3.187594e-06
2026.111.18:32:00/gps-maser/+3.296403e-06
2026.111.18:33:00/gps-fmout/+3.189190e-06
2026.111.18:33:00/gps-maser/+3.298351e-06
2026.111.18:34:00/gps-fmout/+3.190036e-06
2026.111.18:34:00/gps-maser/+3.300000e-06
2026.111.18:35:00/gps-fmout/+3.190364e-06
2026.111.18:35:00/gps-maser/+3.300000e-06
2026.111.18:36:00/gps-fmout/+3.191470e-06
2026.111.18:36:00/gps-maser/+3.300195e-06
2026.111.18:37:00/gps-fmout/+3.193277e-06
2026.111.18:37:00/gps-maser/+3.302047e-06
2026.111.18:38:00/gps-fmout/+3.194326e-06
2026.111.18:38:00/gps-maser/+3.301277e-06
2026.111.18:39:00/gps-fmout/+3.193028e-06
2026.111.18:39:00/gps-maser/+3.300422e-06
2026.111.18:40:00/gps-fmout/+3.192977e-06
2026.111.18:40:00/gps-maser/+3.302736e-06
2026.111.18:41:00/gps-fmout/+3.193462e-06
2026.111.18:41:00/gps-maser/+3.300441e-06
2026.111.18:42:00/gps-fmout/+3.193638e-06
2026.111.18:42:00/gps-maser/+3.299920e-06
2026.111.18:43:00/gps-fmout/+3.193000e-06
2026.111.18:43:00/gps-maser/+3.300237e-06
2026.111.18:44:00/gps-fmout/+3.191976e-06
2026.111.18:44:00/gps-maser/+3.299500e-06
2026.111.18:45:00/gps-fmout/+3.191620e-06
2026.111.18:45:00/gps-maser/+3.298333e-06
2026.111.18:46:00/gps-fmout/+3.190775e-06
2026.111.18:46:00/gps-maser/+3.299000e-06
2026.111.18:47:00/gps-fmout/+3.190068e-06
2026.111.18:47:00/gps-maser/+3.299000e-06
2026.111.18:48:00/gps-fmout/+3.191572e-06
2026.111.18:48:00/gps-maser/+3.299352e-06
2026.111.18:49:00/gps-fmout/+3.190690e-06
2026.111.18:49:00/gps-maser/+3.299856e-06
2026.111.18:50:00/gps-fmout/+3.189800e-06
2026.111.18:50:00/gps-maser/+3.298983e-06
2026.111.18:51:00/gps-fmout/+3.189002e-06
2026.111.18:51:00/gps-maser/+3.298559e-06
2026.111.18:52:00/gps-fmout/+3.189263e-06
2026.111.18:52:00/gps-maser/+3.298361e-06
2026.111.18:53:00/gps-fmout/+3.190136e-06
2026.111.18:53:00/gps-maser/+3.300002e-06
2026.111.18:54:00/gps-fmout/+3.192036e-06
2026.111.18:54:00/gps-maser/+3.299000e-06
2026.111.18:55:00/gps-fmout/+3.193147e-06
2026.111.18:55:00/gps-maser/+3.301347e-06
2026.111.18:56:00/gps-fmout/+3.195000e-06
2026.111.18:56:00/gps-maser/+3.302393e-06
2026.111.18:57:00/gps-fmout/+3.195004e-06
2026.111.18:57:00/gps-maser/+3.304098e-06
2026.111.18:58:00/gps-fmout/+3.194337e-06
2026.111.18:58:00/gps-maser/+3.304211e-06
2026.111.18:59:00/gps-fmout/+3.192596e-06
2026.111.18:59:00/gps-maser/+3.302521e-06
2026.111.19:00:00/gps-fmout/+3.192248e-06
2026.111.19:00:00/gps-maser/+3.300832e-06
2026.111.19:01:00/gps-fmout/+3.192762e-06
2026.111.19:01:00/gps-maser/+3.299155e-06
2026.111.19:02:00/gps-fmout/+3.190964e-06
2026.111.19:02:00/gps-maser/+3.297465e-06
2026.111.19:03:00/gps-fmout/+3.190526e-06
2026.111.19:03:00/gps-maser/+3.296109e-06
2026.111.19:04:00/gps-fmout/+3.188156e-06
2026.111.19:04:00/gps-maser/+3.297020e-06
2026.111.19:05:00/gps-fmout/+3.188568e-06
2026.111.19:05:00/gps-maser/+3.296564e-06
2026.111.19:06:00/gps-fmout/+3.190043e-06
2026.111.19:06:00/gps-maser/+3.298250e-06
2026.111.19:07:00/gps-fmout/+3.188921e-06
2026.111.19:07:00/gps-maser/+3.299000e-06
2026.111.19:08:00/gps-fmout/+3.186693e-06
2026.111.19:08:00/gps-maser/+3.296278e-06
2026.111.19:09:00/gps-fmout/+3.185349e-06
2026.111.19:09:00/gps-maser/+3.294437e-06
2026.111.19:10:00/gps-fmout/+3.183923e-06
2026.111.19:10:00/gps-maser/+3.291945e-06
2026.111.19:11:00/gps-fmout/+3.182930e-06
2026.111.19:11:00/gps-maser/+3.292384e-06
2026.111.19:12:00/gps-fmout/+3.183110e-06
2026.111.19:12:00/gps-maser/+3.292882e-06
2026.111.19:13:00/gps-fmout/+3.184167e-06
2026.111.19:13:00/gps-maser/+3.292098e-06
2026.111.19:14:00/gps-fmout/+3.187416e-06
2026.111.19:14:00/gps-maser/+3.294266e-06
2026.111.19:15:00/gps-fmout/+3.190149e-06
2026.111.19:15:00/gps-maser/+3.296665e-06
2026.111.19:16:00/gps-fmout/+3.190000e-06
2026.111.19:16:00/gps-maser/+3.298072e-06
2026.111.19:17:00/gps-fmout/+3.191468e-06
2026.111.19:17:00/gps-maser/+3.299006e-06
2026.111.19:18:00/gps-fmout/+3.192469e-06
2026.111.19:18:00/gps-maser/+3.300000e-06
2026.111.19:19:00/gps-fmout/+3.191027e-06
2026.111.19:19:00/gps-maser/+3.300000e-06
2026.111.19:20:00/gps-fmout/+3.190977e-06
2026.111.19:20:00/gps-maser/+3.300000e-06
2026.111.19:21:00/gps-fmout/+3.190781e-06
2026.111.19:21:00/gps-maser/+3.299267e-06
2026.111.19:22:00/gps-fmout/+3.190641e-06
2026.111.19:22:00/gps-maser/+3.296759e-06
2026.111.19:23:00/gps-fmout/+3.187968e-06
2026.111.19:23:00/gps-maser/+3.295925e-06
2026.111.19:24:00/gps-fmout/+3.187592e-06
2026.111.19:24:00/gps-maser/+3.294513e-06
2026.111.19:25:00/gps-fmout/+3.186937e-06
2026.111.19:25:00/gps-maser/+3.293934e-06
2026.111.19:26:00/gps-fmout/+3.186713e-06
2026.111.19:26:00/gps-maser/+3.293805e-06
2026.111.19:27:00/gps-fmout/+3.184514e-06
2026.111.19:27:00/gps-maser/+3.291577e-06
2026.111.19:28:00/gps-fmout/+3.182851e-06
2026.111.19:28:00/gps-maser/+3.290732e-06
2026.111.19:29:00/gps-fmout/+3.179965e-06
2026.111.19:29:00/gps-maser/+3.289844e-06
2026.111.19:30:00/gps-fmout/+3.179877e-06
2026.111.19:30:00/gps-maser/+3.287879e-06
2026.111.19:31:00/gps-fmout/+3.180146e-06
2026.111.19:31:00/gps-maser/+3.287152e-06
2026.111.19:32:00/gps-fmout/+3.180166e-06
2026.111.19:32:00/gps-maser/+3.288148e-06
2026.111.19:33:00/gps-fmout/+3.182000e-06
2026.111.19:33:00/gps-maser/+3.289000e-06
2026.111.19:34:00/gps-fmout/+3.181238e-06
2026.111.19:34:00/gps-maser/+3.290704e-06
2026.111.19:35:00/gps-fmout/+3.182417e-06
2026.111.19:35:00/gps-maser/+3.292394e-06
2026.111.19:36:00/gps-fmout/+3.184065e-06
2026.111.19:36:00/gps-maser/+3.294035e-06
2026.111.19:37:00/gps-fmout/+3.184876e-06
2026.111.19:37:00/gps-maser/+3.291524e-06
2026.111.19:38:00/gps-fmout/+3.186270e-06
2026.111.19:38:00/gps-maser/+3.292997e-06
2026.111.19:39:00/gps-fmout/+3.187190e-06
2026.111.19:39:00/gps-maser/+3.297056e-06
2026.111.19:40:00/gps-fmout/+3.188068e-06
2026.111.19:40:00/gps-maser/+3.296596e-06
2026.111.19:41:00/gps-fmout/+3.188000e-06
2026.111.19:41:00/gps-maser/+3.296257e-06
2026.111.19:42:00/gps-fmout/+3.188163e-06
2026.111.19:42:00/gps-maser/+3.297561e-06
2026.111.19:43:00/gps-fmout/+3.188775e-06
2026.111.19:43:00/gps-maser/+3.296165e-06
2026.111.19:44:00/gps-fmout/+3.190153e-06
2026.111.19:44:00/gps-maser/+3.299314e-06
2026.111.19:45:00/gps-fmout/+3.192611e-06
2026.111.19:45:00/gps-maser/+3.302743e-06
2026.111.19:46:00/gps-fmout/+3.196268e-06
2026.111.19:46:00/gps-maser/+3.306155e-06
2026.111.19:47:00/gps-fmout/+3.199782e-06
2026.111.19:47:00/gps-maser/+3.308895e-06
2026.111.19:48:00/gps-fmout/+3.202537e-06
2026.111.19:48:00/gps-maser/+3.312097e-06
2026.111.19:49:00/gps-fmout/+3.204153e-06
2026.111.19:49:00/gps-maser/+3.311334e-06
2026.111.19:50:00/gps-fmout/+3.204509e-06
2026.111.19:50:00/gps-maser/+3.314033e-06
2026.111.19:51:00/gps-fmout/+3.205076e-06
2026.111.19:51:00/gps-maser/+3.315130e-06
2026.111.19:52:00/gps-fmout/+3.205304e-06
2026.111.19:52:00/gps-maser/+3.315461e-06
2026.111.19:53:00/gps-fmout/+3.207989e-06
2026.111.19:53:00/gps-maser/+3.316718e-06
2026.111.19:54:00/gps-fmout/+3.205691e-06
2026.111.19:54:00/gps-maser/+3.315342e-06
2026.111.19:55:00/gps-fmout/+3.204074e-06
2026.111.19:55:00/gps-maser/+3.313934e-06
2026.111.19:56:00/gps-fmout/+3.205137e-06
2026.111.19:56:00/gps-maser/+3.314896e-06
2026.111.19:57:00/gps-fmout/+3.204664e-06
2026.111.19:57:00/gps-maser/+3.311980e-06
2026.111.19:58:00/gps-fmout/+3.201149e-06
2026.111.19:58:00/gps-maser/+3.311297e-06
2026.111.19:59:00/gps-fmout/+3.198819e-06
2026.111.19:59:00/gps-maser/+3.308833e-06
2026.111.20:00:00/gps-fmout/+3.198083e-06
2026.111.20:00:00/gps-maser/+3.307155e-06
2026.111.20:01:00/gps-fmout/+3.196938e-06
2026.111.20:01:00/gps-maser/+3.305774e-06
2026.111.20:02:00/gps-fmout/+3.198498e-06
2026.111.20:02:00/gps-maser/+3.307407e-06
2026.111.20:03:00/gps-fmout/+3.200961e-06
2026.111.20:03:00/gps-maser/+3.309000e-06
2026.111.20:04:00/gps-fmout/+3.200052e-06
2026.111.20:04:00/gps-maser/+3.309000e-06
2026.111.20:05:00/gps-fmout/+3.198000e-06
2026.111.20:05:00/gps-maser/+3.309000e-06
2026.111.20:06:00/gps-fmout/+3.197999e-06
2026.111.20:06:00/gps-maser/+3.309000e-06
2026.111.20:07:00/gps-fmout/+3.197498e-06
2026.111.20:07:00/gps-maser/+3.305829e-06
2026.111.20:08:00/gps-fmout/+3.195935e-06
2026.111.20:08:00/gps-maser/+3.306162e-06
2026.111.20:09:00/gps-fmout/+3.197219e-06
2026.111.20:09:00/gps-maser/+3.306973e-06
2026.111.20:10:00/gps-fmout/+3.198815e-06
2026.111.20:10:00/gps-maser/+3.305674e-06
2026.111.20:11:00/gps-fmout/+3.197497e-06
2026.111.20:11:00/gps-maser/+3.306180e-06
2026.111.20:12:00/gps-fmout/+3.195520e-06
2026.111.20:12:00/gps-maser/+3.302911e-06
2026.111.20:13:00/gps-fmout/+3.194272e-06
2026.111.20:13:00/gps-maser/+3.303889e-06
2026.111.20:14:00/gps-fmout/+3.195213e-06
2026.111.20:14:00/gps-maser/+3.305362e-06
2026.111.20:15:00/gps-fmout/+3.196391e-06
2026.111.20:15:00/gps-maser/+3.306023e-06
2026.111.20:16:00/gps-fmout/+3.198035e-06
2026.111.20:16:00/gps-maser/+3.306360e-06
2026.111.20:17:00/gps-fmout/+3.199826e-06
2026.111.20:17:00/gps-maser/+3.307595e-06
2026.111.20:18:00/gps-fmout/+3.199619e-06
2026.111.20:18:00/gps-maser/+3.309517e-06
2026.111.20:19:00/gps-fmout/+3.202152e-06
2026.111.20:19:00/gps-maser/+3.312082e-06
2026.111.20:20:00/gps-fmout/+3.204583e-06
2026.111.20:20:00/gps-maser/+3.313848e-06
2026.111.20:21:00/gps-fmout/+3.205309e-06
2026.111.20:21:00/gps-maser/+3.314961e-06
2026.111.20:22:00/gps-fmout/+3.201437e-06
2026.111.20:22:00/gps-maser/+3.310559e-06
2026.111.20:23:00/gps-fmout/+3.199339e-06
2026.111.20:23:00/gps-maser/+3.308654e-06
2026.111.20:24:00/gps-fmout/+3.198859e-06
2026.111.20:24:00/gps-maser/+3.309297e-06
2026.111.20:25:00/gps-fmout/+3.199398e-06
2026.111.20:25:00/gps-maser/+3.310008e-06
2026.111.20:26:00/gps-fmout/+3.203000e-06
2026.111.20:26:00/gps-maser/+3.310486e-06
2026.111.20:27:00/gps-fmout/+3.203000e-06
2026.111.20:27:00/gps-maser/+3.311343e-06
2026.111.20:28:00/gps-fmout/+3.203279e-06
2026.111.20:28:00/gps-maser/+3.312111e-06
2026.111.20:29:00/gps-fmout/+3.204930e-06
2026.111.20:29:00/gps-maser/+3.312065e-06
2026.111.20:30:00/gps-fmout/+3.203560e-06
2026.111.20:30:00/gps-maser/+3.313428e-06
2026.111.20:31:00/gps-fmout/+3.202324e-06
2026.111.20:31:00/gps-maser/+3.311250e-06
2026.111.20:32:00/gps-fmout/+3.200084e-06
2026.111.20:32:00/gps-maser/+3.308901e-06
2026.111.20:33:00/gps-fmout/+3.199106e-06
2026.111.20:33:00/gps-maser/+3.307690e-06
2026.111.20:34:00/gps-fmout/+3.196667e-06
2026.111.20:34:00/gps-maser/+3.305155e-06
2026.111.20:35:00/gps-fmout/+3.195742e-06
2026.111.20:35:00/gps-maser/+3.302815e-06
2026.111.20:36:00/gps-fmout/+3.193963e-06
2026.111.20:36:00/gps-maser/+3.302514e-06
2026.111.20:37:00/gps-fmout/+3.191210e-06
2026.111.20:37:00/gps-maser/+3.301660e-06
2026.111.20:38:00/gps-fmout/+3.191247e-06
2026.111.20:38:00/gps-maser/+3.300889e-06
2026.111.20:39:00/gps-fmout/+3.193237e-06
2026.111.20:39:00/gps-maser/+3.300967e-06
2026.111.20:40:00/gps-fmout/+3.194378e-06
2026.111.20:40:00/gps-maser/+3.301056e-06
2026.111.20:41:00/gps-fmout/+3.193183e-06
2026.111.20:41:00/gps-maser/+3.303000e-06
2026.111.20:42:00/gps-fmout/+3.194241e-06
2026.111.20:42:00/gps-maser/+3.303000e-06
2026.111.20:43:00/gps-fmout/+3.194902e-06
2026.111.20:43:00/gps-maser/+3.303593e-06
2026.111.20:44:00/gps-fmout/+3.195674e-06
2026.111.20:44:00/gps-maser/+3.305571e-06
2026.111.20:45:00/gps-fmout/+3.197426e-06
2026.111.20:45:00/gps-maser/+3.307265e-06
2026.111.20:46:00/gps-fmout/+3.200052e-06
2026.111.20:46:00/gps-maser/+3.309401e-06
2026.111.20:47:00/gps-fmout/+3.205096e-06
2026.111.20:47:00/gps-maser/+3.312019e-06
2026.111.20:48:00/gps-fmout/+3.208400e-06
2026.111.20:48:00/gps-maser/+3.314475e-06
2026.111.20:49:00/gps-fmout/+3.208000e-06
2026.111.20:49:00/gps-maser/+3.316077e-06
2026.111.20:50:00/gps-fmout/+3.207627e-06
2026.111.20:50:00/gps-maser/+3.318263e-06
2026.111.20:51:00/gps-fmout/+3.207027e-06
2026.111.20:51:00/gps-maser/+3.317808e-06
2026.111.20:52:00/gps-fmout/+3.206966e-06
2026.111.20:52:00/gps-maser/+3.316865e-06
2026.111.20:53:00/gps-fmout/+3.207176e-06
2026.111.20:53:00/gps-maser/+3.314738e-06
2026.111.20:54:00/gps-fmout/+3.206777e-06
2026.111.20:54:00/gps-maser/+3.312651e-06
2026.111.20:55:00/gps-fmout/+3.206849e-06
2026.111.20:55:00/gps-maser/+3.313194e-06
2026.111.20:56:00/gps-fmout/+3.204000e-06
2026.111.20:56:00/gps-maser/+3.314226e-06
2026.111.20:57:00/gps-fmout/+3.204367e-06
2026.111.20:57:00/gps-maser/+3.313376e-06
2026.111.20:58:00/gps-fmout/+3.202998e-06
2026.111.20:58:00/gps-maser/+3.312046e-06
2026.111.20:59:00/gps-fmout/+3.204222e-06
2026.111.20:59:00/gps-maser/+3.313074e-06
2026.111.21:00:00/gps-fmout/+3.206176e-06
2026.111.21:00:00/gps-maser/+3.314004e-06
2026.111.21:01:00/gps-fmout/+3.205761e-06
2026.111.21:01:00/gps-maser/+3.314504e-06
2026.111.21:02:00/gps-fmout/+3.205471e-06
2026.111.21:02:00/gps-maser/+3.316195e-06
2026.111.21:03:00/gps-fmout/+3.207515e-06
2026.111.21:03:00/gps-maser/+3.317617e-06
2026.111.21:04:00/gps-fmout/+3.207323e-06
2026.111.21:04:00/gps-maser/+3.317565e-06
2026.111.21:05:00/gps-fmout/+3.208047e-06
2026.111.21:05:00/gps-maser/+3.316415e-06
2026.111.21:06:00/gps-fmout/+3.208009e-06
2026.111.21:06:00/gps-maser/+3.319277e-06
2026.111.21:07:00/gps-fmout/+3.208610e-06
2026.111.21:07:00/gps-maser/+3.319237e-06
2026.111.21:08:00/gps-fmout/+3.208150e-06
2026.111.21:08:00/gps-maser/+3.317132e-06
2026.111.21:09:00/gps-fmout/+3.207974e-06
2026.111.21:09:00/gps-maser/+3.318000e-06
2026.111.21:10:00/gps-fmout/+3.208000e-06
2026.111.21:10:00/gps-maser/+3.318000e-06
2026.111.21:11:00/gps-fmout/+3.207943e-06
2026.111.21:11:00/gps-maser/+3.317482e-06
2026.111.21:12:00/gps-fmout/+3.208082e-06
2026.111.21:12:00/gps-maser/+3.315128e-06
2026.111.21:13:00/gps-fmout/+3.208991e-06
2026.111.21:13:00/gps-maser/+3.316533e-06
2026.111.21:14:00/gps-fmout/+3.209718e-06
2026.111.21:14:00/gps-maser/+3.316891e-06
2026.111.21:15:00/gps-fmout/+3.208709e-06
2026.111.21:15:00/gps-maser/+3.316199e-06
2026.111.21:16:00/gps-fmout/+3.206970e-06
2026.111.21:16:00/gps-maser/+3.314241e-06
2026.111.21:17:00/gps-fmout/+3.204062e-06
2026.111.21:17:00/gps-maser/+3.310215e-06
2026.111.21:18:00/gps-fmout/+3.201225e-06
2026.111.21:18:00/gps-maser/+3.308784e-06
2026.111.21:19:00/gps-fmout/+3.198745e-06
2026.111.21:19:00/gps-maser/+3.307904e-06
2026.111.21:20:00/gps-fmout/+3.197525e-06
2026.111.21:20:00/gps-maser/+3.305331e-06
2026.111.21:21:00/gps-fmout/+3.199016e-06
2026.111.21:21:00/gps-maser/+3.305066e-06
2026.111.21:22:00/gps-fmout/+3.199235e-06
2026.111.21:22:00/gps-maser/+3.306310e-06
2026.111.21:23:00/gps-fmout/+3.200000e-06
2026.111.21:23:00/gps-maser/+3.308053e-06
2026.111.21:24:00/gps-fmout/+3.199866e-06
2026.111.21:24:00/gps-maser/+3.308232e-06
2026.111.21:25:00/gps-fmout/+3.200325e-06
2026.111.21:25:00/gps-maser/+3.309197e-06
2026.111.21:26:00/gps-fmout/+3.202023e-06
2026.111.21:26:00/gps-maser/+3.312116e-06
2026.111.21:27:00/gps-fmout/+3.205220e-06
2026.111.21:27:00/gps-maser/+3.314338e-06
2026.111.21:28:00/gps-fmout/+3.207448e-06
2026.111.21:28:00/gps-maser/+3.315183e-06
2026.111.21:29:00/gps-fmout/+3.207958e-06
2026.111.21:29:00/gps-maser/+3.316042e-06
2026.111.21:30:00/gps-fmout/+3.207103e-06
2026.111.21:30:00/gps-maser/+3.318071e-06
2026.111.21:31:00/gps-fmout/+3.209020e-06
2026.111.21:31:00/gps-maser/+3.318202e-06
2026.111.21:32:00/gps-fmout/+3.211858e-06
2026.111.21:32:00/gps-maser/+3.319159e-06
2026.111.21:33:00/gps-fmout/+3.210545e-06
2026.111.21:33:00/gps-maser/+3.319577e-06
2026.111.21:34:00/gps-fmout/+3.209309e-06
2026.111.21:34:00/gps-maser/+3.318732e-06
2026.111.21:35:00/gps-fmout/+3.208217e-06
2026.111.21:35:00/gps-maser/+3.317799e-06
2026.111.21:36:00/gps-fmout/+3.210000e-06
2026.111.21:36:00/gps-maser/+3.317642e-06
2026.111.21:37:00/gps-fmout/+3.212381e-06
2026.111.21:37:00/gps-maser/+3.319937e-06
2026.111.21:38:00/gps-fmout/+3.211664e-06
2026.111.21:38:00/gps-maser/+3.322030e-06
2026.111.21:39:00/gps-fmout/+3.210031e-06
2026.111.21:39:00/gps-maser/+3.319020e-06
2026.111.21:40:00/gps-fmout/+3.211241e-06
2026.111.21:40:00/gps-maser/+3.319536e-06
2026.111.21:41:00/gps-fmout/+3.210375e-06
2026.111.21:41:00/gps-maser/+3.317187e-06
2026.111.21:42:00/gps-fmout/+3.207930e-06
2026.111.21:42:00/gps-maser/+3.318034e-06
2026.111.21:43:00/gps-fmout/+3.206623e-06
2026.111.21:43:00/gps-maser/+3.316367e-06
2026.111.21:44:00/gps-fmout/+3.204771e-06
2026.111.21:44:00/gps-maser/+3.314153e-06
2026.111.21:45:00/gps-fmout/+3.205260e-06
2026.111.21:45:00/gps-maser/+3.315046e-06
2026.111.21:46:00/gps-fmout/+3.205144e-06
2026.111.21:46:00/gps-maser/+3.313343e-06
2026.111.21:47:00/gps-fmout/+3.203953e-06
2026.111.21:47:00/gps-maser/+3.310818e-06
2026.111.21:48:00/gps-fmout/+3.203484e-06
2026.111.21:48:00/gps-maser/+3.310685e-06
2026.111.21:49:00/gps-fmout/+3.200000e-06
2026.111.21:49:00/gps-maser/+3.308000e-06
2026.111.21:50:00/gps-fmout/+3.200000e-06
2026.111.21:50:00/gps-maser/+3.310000e-06
2026.111.21:51:00/gps-fmout/+3.199980e-06
2026.111.21:51:00/gps-maser/+3.310000e-06
2026.111.21:52:00/gps-fmout/+3.200026e-06
2026.111.21:52:00/gps-maser/+3.310000e-06
2026.111.21:53:00/gps-fmout/+3.200355e-06
2026.111.21:53:00/gps-maser/+3.309194e-06
2026.111.21:54:00/gps-fmout/+3.200387e-06
2026.111.21:54:00/gps-maser/+3.306379e-06
2026.111.21:55:00/gps-fmout/+3.197087e-06
2026.111.21:55:00/gps-maser/+3.305000e-06
2026.111.21:56:00/gps-fmout/+3.196610e-06
2026.111.21:56:00/gps-maser/+3.305000e-06
2026.111.21:57:00/gps-fmout/+3.195182e-06
2026.111.21:57:00/gps-maser/+3.304710e-06
2026.111.21:58:00/gps-fmout/+3.195722e-06
2026.111.21:58:00/gps-maser/+3.302894e-06
2026.111.21:59:00/gps-fmout/+3.195493e-06
2026.111.21:59:00/gps-maser/+3.304333e-06
2026.111.22:00:00/gps-fmout/+3.196299e-06
2026.111.22:00:00/gps-maser/+3.306142e-06
2026.111.22:01:00/gps-fmout/+3.197176e-06
2026.111.22:01:00/gps-maser/+3.306190e-06
2026.111.22:02:00/gps-fmout/+3.197019e-06
2026.111.22:02:00/gps-maser/+3.308000e-06
2026.111.22:03:00/gps-fmout/+3.197134e-06
2026.111.22:03:00/gps-maser/+3.305000e-06
2026.111.22:04:00/gps-fmout/+3.194560e-06
2026.111.22:04:00/gps-maser/+3.305000e-06
2026.111.22:05:00/gps-fmout/+3.194154e-06
2026.111.22:05:00/gps-maser/+3.304936e-06
2026.111.22:06:00/gps-fmout/+3.196423e-06
2026.111.22:06:00/gps-maser/+3.303596e-06
2026.111.22:07:00/gps-fmout/+3.197216e-06
2026.111.22:07:00/gps-maser/+3.307489e-06
2026.111.22:08:00/gps-fmout/+3.198216e-06
2026.111.22:08:00/gps-maser/+3.307769e-06
2026.111.22:09:00/gps-fmout/+3.200294e-06
2026.111.22:09:00/gps-maser/+3.307268e-06
2026.111.22:10:00/gps-fmout/+3.203107e-06
2026.111.22:10:00/gps-maser/+3.309803e-06
2026.111.22:11:00/gps-fmout/+3.206239e-06
2026.111.22:11:00/gps-maser/+3.312519e-06
2026.111.22:12:00/gps-fmout/+3.205000e-06
2026.111.22:12:00/gps-maser/+3.316485e-06
2026.111.22:13:00/gps-fmout/+3.207148e-06
2026.111.22:13:00/gps-maser/+3.316722e-06
2026.111.22:14:00/gps-fmout/+3.207388e-06
2026.111.22:14:00/gps-maser/+3.315941e-06
2026.111.22:15:00/gps-fmout/+3.209970e-06
2026.111.22:15:00/gps-maser/+3.316008e-06
2026.111.22:16:00/gps-fmout/+3.208778e-06
2026.111.22:16:00/gps-maser/+3.318688e-06
2026.111.22:17:00/gps-fmout/+3.212463e-06
2026.111.22:17:00/gps-maser/+3.322060e-06
2026.111.22:18:00/gps-fmout/+3.212840e-06
2026.111.22:18:00/gps-maser/+3.320148e-06
2026.111.22:19:00/gps-fmout/+3.211702e-06
2026.111.22:19:00/gps-maser/+3.322340e-06
2026.111.22:20:00/gps-fmout/+3.210718e-06
2026.111.22:20:00/gps-maser/+3.321494e-06
2026.111.22:21:00/gps-fmout/+3.210108e-06
2026.111.22:21:00/gps-maser/+3.319805e-06
2026.111.22:22:00/gps-fmout/+3.209053e-06
2026.111.22:22:00/gps-maser/+3.318466e-06
2026.111.22:23:00/gps-fmout/+3.207000e-06
2026.111.22:23:00/gps-maser/+3.317475e-06
2026.111.22:24:00/gps-fmout/+3.207000e-06
2026.111.22:24:00/gps-maser/+3.315853e-06
2026.111.22:25:00/gps-fmout/+3.207002e-06
2026.111.22:25:00/gps-maser/+3.316000e-06
2026.111.22:26:00/gps-fmout/+3.206854e-06
2026.111.22:26:00/gps-maser/+3.313418e-06
2026.111.22:27:00/gps-fmout/+3.206741e-06
2026.111.22:27:00/gps-maser/+3.313094e-06
2026.111.22:28:00/gps-fmout/+3.205097e-06
2026.111.22:28:00/gps-maser/+3.313985e-06
2026.111.22:29:00/gps-fmout/+3.207020e-06
2026.111.22:29:00/gps-maser/+3.314333e-06
2026.111.22:30:00/gps-fmout/+3.207879e-06
2026.111.22:30:00/gps-maser/+3.317311e-06
2026.111.22:31:00/gps-fmout/+3.211109e-06
2026.111.22:31:00/gps-maser/+3.318274e-06
2026.111.22:32:00/gps-fmout/+3.213456e-06
2026.111.22:32:00/gps-maser/+3.320571e-06
2026.111.22:33:00/gps-fmout/+3.215918e-06
2026.111.22:33:00/gps-maser/+3.321053e-06
2026.111.22:34:00/gps-fmout/+3.214714e-06
2026.111.22:34:00/gps-maser/+3.321284e-06
2026.111.22:35:00/gps-fmout/+3.213000e-06
2026.111.22:35:00/gps-maser/+3.322100e-06
2026.111.22:36:00/gps-fmout/+3.212600e-06
2026.111.22:36:00/gps-maser/+3.321595e-06
2026.111.22:37:00/gps-fmout/+3.214742e-06
2026.111.22:37:00/gps-maser/+3.323110e-06
2026.111.22:38:00/gps-fmout/+3.212978e-06
2026.111.22:38:00/gps-maser/+3.322980e-06
2026.111.22:39:00/gps-fmout/+3.213782e-06
2026.111.22:39:00/gps-maser/+3.321634e-06
2026.111.22:40:00/gps-fmout/+3.214842e-06
2026.111.22:40:00/gps-maser/+3.320789e-06
2026.111.22:41:00/gps-fmout/+3.212675e-06
2026.111.22:41:00/gps-maser/+3.319954e-06
2026.111.22:42:00/gps-fmout/+3.211249e-06
2026.111.22:42:00/gps-maser/+3.320720e-06
2026.111.22:43:00/gps-fmout/+3.212627e-06
2026.111.22:43:00/gps-maser/+3.321774e-06
2026.111.22:44:00/gps-fmout/+3.213701e-06
2026.111.22:44:00/gps-maser/+3.320095e-06
2026.111.22:45:00/gps-fmout/+3.210772e-06
2026.111.22:45:00/gps-maser/+3.319986e-06
2026.111.22:46:00/gps-fmout/+3.210034e-06
2026.111.22:46:00/gps-maser/+3.319790e-06
2026.111.22:47:00/gps-fmout/+3.211450e-06
2026.111.22:47:00/gps-maser/+3.322295e-06
2026.111.22:48:00/gps-fmout/+3.214007e-06
2026.111.22:48:00/gps-maser/+3.323659e-06
2026.111.22:49:00/gps-fmout/+3.214000e-06
2026.111.22:49:00/gps-maser/+3.323334e-06
2026.111.22:50:00/gps-fmout/+3.214088e-06
2026.111.22:50:00/gps-maser/+3.321108e-06
2026.111.22:51:00/gps-fmout/+3.215051e-06
2026.111.22:51:00/gps-maser/+3.322900e-06
2026.111.22:52:00/gps-fmout/+3.212958e-06
2026.111.22:52:00/gps-maser/+3.320606e-06
2026.111.22:53:00/gps-fmout/+3.210000e-06
2026.111.22:53:00/gps-maser/+3.319761e-06
2026.111.22:54:00/gps-fmout/+3.209990e-06
2026.111.22:54:00/gps-maser/+3.318953e-06
2026.111.22:55:00/gps-fmout/+3.209632e-06
2026.111.22:55:00/gps-maser/+3.318580e-06
2026.111.22:56:00/gps-fmout/+3.209184e-06
2026.111.22:56:00/gps-maser/+3.317730e-06
2026.111.22:57:00/gps-fmout/+3.210051e-06
2026.111.22:57:00/gps-maser/+3.316777e-06
2026.111.22:58:00/gps-fmout/+3.210006e-06
2026.111.22:58:00/gps-maser/+3.316354e-06
2026.111.22:59:00/gps-fmout/+3.209558e-06
2026.111.22:59:00/gps-maser/+3.317130e-06
2026.111.23:00:00/gps-fmout/+3.205170e-06
2026.111.23:00:00/gps-maser/+3.316727e-06
2026.111.23:01:00/gps-fmout/+3.202940e-06
2026.111.23:01:00/gps-maser/+3.313807e-06
2026.111.23:02:00/gps-fmout/+3.204452e-06
2026.111.23:02:00/gps-maser/+3.310321e-06
2026.111.23:03:00/gps-fmout/+3.205090e-06
2026.111.23:03:00/gps-maser/+3.311898e-06
2026.111.23:04:00/gps-fmout/+3.205058e-06
2026.111.23:04:00/gps-maser/+3.314938e-06
2026.111.23:05:00/gps-fmout/+3.205414e-06
2026.111.23:05:00/gps-maser/+3.314502e-06
2026.111.23:06:00/gps-fmout/+3.206359e-06
2026.111.23:06:00/gps-maser/+3.314524e-06
2026.111.23:07:00/gps-fmout/+3.206918e-06
2026.111.23:07:00/gps-maser/+3.312902e-06
2026.111.23:08:00/gps-fmout/+3.204993e-06
2026.111.23:08:00/gps-maser/+3.314634e-06
2026.111.23:09:00/gps-fmout/+3.204665e-06
2026.111.23:09:00/gps-maser/+3.315452e-06
2026.111.23:10:00/gps-fmout/+3.204193e-06
2026.111.23:10:00/gps-maser/+3.313722e-06
2026.111.23:11:00/gps-fmout/+3.205963e-06
2026.111.23:11:00/gps-maser/+3.313018e-06
2026.111.23:12:00/gps-fmout/+3.205941e-06
2026.111.23:12:00/gps-maser/+3.314226e-06
2026.111.23:13:00/gps-fmout/+3.206103e-06
2026.111.23:13:00/gps-maser/+3.313304e-06
2026.111.23:14:00/gps-fmout/+3.202626e-06
2026.111.23:14:00/gps-maser/+3.311191e-06
2026.111.23:15:00/gps-fmout/+3.203709e-06
2026.111.23:15:00/gps-maser/+3.312872e-06
2026.111.23:16:00/gps-fmout/+3.206095e-06
2026.111.23:16:00/gps-maser/+3.314757e-06
2026.111.23:17:00/gps-fmout/+3.206202e-06
2026.111.23:17:00/gps-maser/+3.316795e-06
2026.111.23:18:00/gps-fmout/+3.208007e-06
2026.111.23:18:00/gps-maser/+3.315982e-06
2026.111.23:19:00/gps-fmout/+3.207587e-06
2026.111.23:19:00/gps-maser/+3.316998e-06
2026.111.23:20:00/gps-fmout/+3.210877e-06
2026.111.23:20:00/gps-maser/+3.317241e-06
2026.111.23:21:00/gps-fmout/+3.210125e-06
2026.111.23:21:00/gps-maser/+3.319132e-06
2026.111.23:22:00/gps-fmout/+3.211498e-06
2026.111.23:22:00/gps-maser/+3.321831e-06
2026.111.23:23:00/gps-fmout/+3.211732e-06
2026.111.23:23:00/gps-maser/+3.321690e-06
2026.111.23:24:00/gps-fmout/+3.210035e-06
2026.111.23:24:00/gps-maser/+3.319603e-06
2026.111.23:25:00/gps-fmout/+3.210000e-06
2026.111.23:25:00/gps-maser/+3.318859e-06
2026.111.23:26:00/gps-fmout/+3.211086e-06
2026.111.23:26:00/gps-maser/+3.320569e-06
2026.111.23:27:00/gps-fmout/+3.215048e-06
2026.111.23:27:00/gps-maser/+3.322659e-06
2026.111.23:28:00/gps-fmout/+3.214016e-06
2026.111.23:28:00/gps-maser/+3.325388e-06
2026.111.23:29:00/gps-fmout/+3.214588e-06
2026.111.23:29:00/gps-maser/+3.324296e-06
2026.111.23:30:00/gps-fmout/+3.214454e-06
2026.111.23:30:00/gps-maser/+3.323277e-06
2026.111.23:31:00/gps-fmout/+3.216147e-06
2026.111.23:31:00/gps-maser/+3.326037e-06
2026.111.23:32:00/gps-fmout/+3.216536e-06
2026.111.23:32:00/gps-maser/+3.325211e-06
2026.111.23:33:00/gps-fmout/+3.215104e-06
2026.111.23:33:00/gps-maser/+3.323478e-06
2026.111.23:34:00/gps-fmout/+3.215525e-06
2026.111.23:34:00/gps-maser/+3.321941e-06
2026.111.23:35:00/gps-fmout/+3.213454e-06
2026.111.23:35:00/gps-maser/+3.322000e-06
2026.111.23:36:00/gps-fmout/+3.213970e-06
2026.111.23:36:00/gps-maser/+3.321823e-06
2026.111.23:37:00/gps-fmout/+3.214051e-06
2026.111.23:37:00/gps-maser/+3.321123e-06
2026.111.23:38:00/gps-fmout/+3.214000e-06
2026.111.23:38:00/gps-maser/+3.321989e-06
2026.111.23:39:00/gps-fmout/+3.214225e-06
2026.111.23:39:00/gps-maser/+3.322201e-06
2026.111.23:40:00/gps-fmout/+3.214264e-06
2026.111.23:40:00/gps-maser/+3.323343e-06
2026.111.23:41:00/gps-fmout/+3.217061e-06
2026.111.23:41:00/gps-maser/+3.325057e-06
2026.111.23:42:00/gps-fmout/+3.218379e-06
2026.111.23:42:00/gps-maser/+3.326771e-06
2026.111.23:43:00/gps-fmout/+3.219608e-06
2026.111.23:43:00/gps-maser/+3.328369e-06
2026.111.23:44:00/gps-fmout/+3.217761e-06
2026.111.23:44:00/gps-maser/+3.327762e-06
2026.111.23:45:00/gps-fmout/+3.216472e-06
2026.111.23:45:00/gps-maser/+3.325077e-06
2026.111.23:46:00/gps-fmout/+3.215675e-06
2026.111.23:46:00/gps-maser/+3.323528e-06
2026.111.23:47:00/gps-fmout/+3.215093e-06
2026.111.23:47:00/gps-maser/+3.323358e-06
2026.111.23:48:00/gps-fmout/+3.218000e-06
2026.111.23:48:00/gps-maser/+3.328232e-06
2026.111.23:49:00/gps-fmout/+3.217094e-06
2026.111.23:49:00/gps-maser/+3.327894e-06
2026.111.23:50:00/gps-fmout/+3.214228e-06
2026.111.23:50:00/gps-maser/+3.324460e-06
2026.111.23:51:00/gps-fmout/+3.210896e-06
2026.111.23:51:00/gps-maser/+3.321930e-06
2026.111.23:52:00/gps-fmout/+3.210007e-06
2026.111.23:52:00/gps-maser/+3.319542e-06
2026.111.23:53:00/gps-fmout/+3.209219e-06
2026.111.23:53:00/gps-maser/+3.318430e-06
2026.111.23:54:00/gps-fmout/+3.210184e-06
2026.111.23:54:00/gps-maser/+3.320143e-06
2026.111.23:55:00/gps-fmout/+3.211415e-06
2026.111.23:55:00/gps-maser/+3.321459e-06
2026.111.23:56:00/gps-fmout/+3.212819e-06
2026.111.23:56:00/gps-maser/+3.322697e-06
2026.111.23:57:00/gps-fmout/+3.215426e-06
2026.111.23:57:00/gps-maser/+3.325255e-06
2026.111.23:58:00/gps-fmout/+3.218000e-06
2026.111.23:58:00/gps-maser/+3.326659e-06
2026.111.23:59:00/gps-fmout/+3.216254e-06
2026.111.23:59:00/gps-maser/+3.326580e-06
2026.112.00:00:00/gps-fmout/+3.216885e-06
2026.112.00:00:00/gps-maser/+3.325027e-06
2026.112.00:01:00/gps-fmout/+3.216144e-06
2026.112.00:01:00/gps-maser/+3.325982e-06
2026.112.00:02:00/gps-fmout/+3.219597e-06
2026.112.00:02:00/gps-maser/+3.325564e-06
2026.112.00:03:00/gps-fmout/+3.219928e-06
2026.112.00:03:00/gps-maser/+3.327658e-06
2026.112.00:04:00/gps-fmout/+3.220087e-06
2026.112.00:04:00/gps-maser/+3.330097e-06
2026.112.00:05:00/gps-fmout/+3.220729e-06
2026.112.00:05:00/gps-maser/+3.331016e-06
2026.112.00:06:00/gps-fmout/+3.222462e-06
2026.112.00:06:00/gps-maser/+3.331396e-06
2026.112.00:07:00/gps-fmout/+3.222778e-06
2026.112.00:07:00/gps-maser/+3.328743e-06
2026.112.00:08:00/gps-fmout/+3.219000e-06
2026.112.00:08:00/gps-maser/+3.328036e-06
2026.112.00:09:00/gps-fmout/+3.219000e-06
2026.112.00:09:00/gps-maser/+3.327143e-06
2026.112.00:10:00/gps-fmout/+3.218712e-06
2026.112.00:10:00/gps-maser/+3.324545e-06
2026.112.00:11:00/gps-fmout/+3.215970e-06
2026.112.00:11:00/gps-maser/+3.323006e-06
2026.112.00:12:00/gps-fmout/+3.215550e-06
2026.112.00:12:00/gps-maser/+3.324392e-06
2026.112.00:13:00/gps-fmout/+3.215128e-06
2026.112.00:13:00/gps-maser/+3.325382e-06
2026.112.00:14:00/gps-fmout/+3.216026e-06
2026.112.00:14:00/gps-maser/+3.326993e-06
2026.112.00:15:00/gps-fmout/+3.217616e-06
2026.112.00:15:00/gps-maser/+3.326276e-06
2026.112.00:16:00/gps-fmout/+3.220350e-06
2026.112.00:16:00/gps-maser/+3.327450e-06
2026.112.00:17:00/gps-fmout/+3.221382e-06
2026.112.00:17:00/gps-maser/+3.329394e-06
2026.112.00:18:00/gps-fmout/+3.224000e-06
2026.112.00:18:00/gps-maser/+3.331690e-06
2026.112.00:19:00/gps-fmout/+3.224946e-06
2026.112.00:19:00/gps-maser/+3.332029e-06
2026.112.00:20:00/gps-fmout/+3.223801e-06
2026.112.00:20:00/gps-maser/+3.332097e-06
2026.112.00:21:00/gps-fmout/+3.222998e-06
2026.112.00:21:00/gps-maser/+3.332970e-06
2026.112.00:22:00/gps-fmout/+3.223369e-06
2026.112.00:22:00/gps-maser/+3.329569e-06
2026.112.00:23:00/gps-fmout/+3.221222e-06
2026.112.00:23:00/gps-maser/+3.328564e-06
2026.112.00:24:00/gps-fmout/+3.219027e-06
2026.112.00:24:00/gps-maser/+3.327072e-06
2026.112.00:25:00/gps-fmout/+3.219896e-06
2026.112.00:25:00/gps-maser/+3.329587e-06
2026.112.00:26:00/gps-fmout/+3.220954e-06
2026.112.00:26:00/gps-maser/+3.330000e-06
2026.112.00:27:00/gps-fmout/+3.224387e-06
2026.112.00:27:00/gps-maser/+3.330000e-06
2026.112.00:28:00/gps-fmout/+3.224371e-06
2026.112.00:28:00/gps-maser/+3.329699e-06
2026.112.00:29:00/gps-fmout/+3.222295e-06
2026.112.00:29:00/gps-maser/+3.328403e-06
2026.112.00:30:00/gps-fmout/+3.220289e-06
2026.112.00:30:00/gps-maser/+3.326860e-06
2026.112.00:31:00/gps-fmout/+3.215900e-06
2026.112.00:31:00/gps-maser/+3.326975e-06
2026.112.00:32:00/gps-fmout/+3.216914e-06
2026.112.00:32:00/gps-maser/+3.326541e-06
2026.112.00:33:00/gps-fmout/+3.218368e-06
2026.112.00:33:00/gps-maser/+3.327535e-06
2026.112.00:34:00/gps-fmout/+3.220199e-06
2026.112.00:34:00/gps-maser/+3.325106e-06
2026.112.00:35:00/gps-fmout/+3.219230e-06
2026.112.00:35:00/gps-maser/+3.326467e-06
2026.112.00:36:00/gps-fmout/+3.216170e-06
2026.112.00:36:00/gps-maser/+3.327150e-06
2026.112.00:37:00/gps-fmout/+3.216697e-06
2026.112.00:37:00/gps-maser/+3.326703e-06
2026.112.00:38:00/gps-fmout/+3.216187e-06
2026.112.00:38:00/gps-maser/+3.325486e-06
2026.112.00:39:00/gps-fmout/+3.215769e-06
2026.112.00:39:00/gps-maser/+3.325677e-06
2026.112.00:40:00/gps-fmout/+3.216144e-06
2026.112.00:40:00/gps-maser/+3.324830e-06
2026.112.00:41:00/gps-fmout/+3.216014e-06
2026.112.00:41:00/gps-maser/+3.324003e-06
2026.112.00:42:00/gps-fmout/+3.216692e-06
2026.112.00:42:00/gps-maser/+3.326425e-06
2026.112.00:43:00/gps-fmout/+3.215967e-06
2026.112.00:43:00/gps-maser/+3.325216e-06
2026.112.00:44:00/gps-fmout/+3.215761e-06
2026.112.00:44:00/gps-maser/+3.325777e-06
2026.112.00:45:00/gps-fmout/+3.213244e-06
2026.112.00:45:00/gps-maser/+3.322368e-06
2026.112.00:46:00/gps-fmout/+3.213316e-06
2026.112.00:46:00/gps-maser/+3.321000e-06
2026.112.00:47:00/gps-fmout/+3.213978e-06
2026.112.00:47:00/gps-maser/+3.321000e-06
2026.112.00:48:00/gps-fmout/+3.213876e-06
2026.112.00:48:00/gps-maser/+3.321457e-06
2026.112.00:49:00/gps-fmout/+3.213598e-06
2026.112.00:49:00/gps-maser/+3.322000e-06
2026.112.00:50:00/gps-fmout/+3.211975e-06
2026.112.00:50:00/gps-maser/+3.322000e-06
2026.112.00:51:00/gps-fmout/+3.212908e-06
2026.112.00:51:00/gps-maser/+3.321992e-06
2026.112.00:52:00/gps-fmout/+3.211990e-06
2026.112.00:52:00/gps-maser/+3.320877e-06
2026.112.00:53:00/gps-fmout/+3.213688e-06
2026.112.00:53:00/gps-maser/+3.321154e-06
2026.112.00:54:00/gps-fmout/+3.212262e-06
2026.112.00:54:00/gps-maser/+3.321916e-06
2026.112.00:55:00/gps-fmout/+3.213112e-06
2026.112.00:55:00/gps-maser/+3.321037e-06
2026.112.00:56:00/gps-fmout/+3.212020e-06
2026.112.00:56:00/gps-maser/+3.322382e-06
2026.112.00:57:00/gps-fmout/+3.211952e-06
2026.112.00:57:00/gps-maser/+3.320351e-06
2026.112.00:58:00/gps-fmout/+3.213000e-06
2026.112.00:58:00/gps-maser/+3.322580e-06
2026.112.00:59:00/gps-fmout/+3.213000e-06
2026.112.00:59:00/gps-maser/+3.323048e-06
2026.112.01:00:00/gps-fmout/+3.213479e-06
2026.112.01:00:00/gps-maser/+3.323278e-06
2026.112.01:01:00/gps-fmout/+3.216887e-06
2026.112.01:01:00/gps-maser/+3.325981e-06
2026.112.01:02:00/gps-fmout/+3.214985e-06
2026.112.01:02:00/gps-maser/+3.324000e-06
2026.112.01:03:00/gps-fmout/+3.213840e-06
2026.112.01:03:00/gps-maser/+3.324000e-06
2026.112.01:04:00/gps-fmout/+3.213072e-06
2026.112.01:04:00/gps-maser/+3.324000e-06
2026.112.01:05:00/gps-fmout/+3.214899e-06
2026.112.01:05:00/gps-maser/+3.323369e-06
2026.112.01:06:00/gps-fmout/+3.216441e-06
2026.112.01:06:00/gps-maser/+3.321839e-06
2026.112.01:07:00/gps-fmout/+3.217203e-06
2026.112.01:07:00/gps-maser/+3.323715e-06
2026.112.01:08:00/gps-fmout/+3.219000e-06
2026.112.01:08:00/gps-maser/+3.326759e-06
2026.112.01:09:00/gps-fmout/+3.216156e-06
2026.112.01:09:00/gps-maser/+3.325354e-06
2026.112.01:10:00/gps-fmout/+3.218654e-06
2026.112.01:10:00/gps-maser/+3.323842e-06
2026.112.01:11:00/gps-fmout/+3.216996e-06
2026.112.01:11:00/gps-maser/+3.325091e-06
2026.112.01:12:00/gps-fmout/+3.216518e-06
2026.112.01:12:00/gps-maser/+3.327860e-06
2026.112.01:13:00/gps-fmout/+3.215675e-06
2026.112.01:13:00/gps-maser/+3.326553e-06
2026.112.01:14:00/gps-fmout/+3.215104e-06
2026.112.01:14:00/gps-maser/+3.324943e-06
2026.112.01:15:00/gps-fmout/+3.217297e-06
2026.112.01:15:00/gps-maser/+3.324181e-06
2026.112.01:16:00/gps-fmout/+3.217586e-06
2026.112.01:16:00/gps-maser/+3.322710e-06
2026.112.01:17:00/gps-fmout/+3.215384e-06
2026.112.01:17:00/gps-maser/+3.321796e-06
2026.112.01:18:00/gps-fmout/+3.211000e-06
2026.112.01:18:00/gps-maser/+3.320522e-06
2026.112.01:19:00/gps-fmout/+3.209347e-06
2026.112.01:19:00/gps-maser/+3.319413e-06
2026.112.01:20:00/gps-fmout/+3.208756e-06
2026.112.01:20:00/gps-maser/+3.317713e-06
2026.112.01:21:00/gps-fmout/+3.208049e-06
2026.112.01:21:00/gps-maser/+3.317002e-06
2026.112.01:22:00/gps-fmout/+3.211073e-06
2026.112.01:22:00/gps-maser/+3.318703e-06
2026.112.01:23:00/gps-fmout/+3.211591e-06
2026.112.01:23:00/gps-maser/+3.318203e-06
2026.112.01:24:00/gps-fmout/+3.209134e-06
2026.112.01:24:00/gps-maser/+3.319000e-06
2026.112.01:25:00/gps-fmout/+3.210435e-06
2026.112.01:25:00/gps-maser/+3.319000e-06
2026.112.01:26:00/gps-fmout/+3.211340e-06
2026.112.01:26:00/gps-maser/+3.319517e-06
2026.112.01:27:00/gps-fmout/+3.212006e-06
2026.112.01:27:00/gps-maser/+3.321868e-06
2026.112.01:28:00/gps-fmout/+3.211538e-06
2026.112.01:28:00/gps-maser/+3.320563e-06
2026.112.01:29:00/gps-fmout/+3.211398e-06
2026.112.01:29:00/gps-maser/+3.319715e-06
2026.112.01:30:00/gps-fmout/+3.212936e-06
2026.112.01:30:00/gps-maser/+3.319422e-06
2026.112.01:31:00/gps-fmout/+3.212029e-06
2026.112.01:31:00/gps-maser/+3.323114e-06
2026.112.01:32:00/gps-fmout/+3.213743e-06
2026.112.01:32:00/gps-maser/+3.324470e-06
2026.112.01:33:00/gps-fmout/+3.215663e-06
2026.112.01:33:00/gps-maser/+3.324942e-06
2026.112.01:34:00/gps-fmout/+3.217912e-06
2026.112.01:34:00/gps-maser/+3.323934e-06
2026.112.01:35:00/gps-fmout/+3.214954e-06
2026.112.01:35:00/gps-maser/+3.323547e-06
2026.112.01:36:00/gps-fmout/+3.214047e-06
2026.112.01:36:00/gps-maser/+3.325126e-06
2026.112.01:37:00/gps-fmout/+3.215139e-06
2026.112.01:37:00/gps-maser/+3.324849e-06
2026.112.01:38:00/gps-fmout/+3.216886e-06
2026.112.01:38:00/gps-maser/+3.324764e-06
2026.112.01:39:00/gps-fmout/+3.218400e-06
2026.112.01:39:00/gps-maser/+3.326329e-06
2026.112.01:40:00/gps-fmout/+3.219169e-06
2026.112.01:40:00/gps-maser/+3.327435e-06
2026.112.01:41:00/gps-fmout/+3.220017e-06
2026.112.01:41:00/gps-maser/+3.328659e-06
2026.112.01:42:00/gps-fmout/+3.222789e-06
2026.112.01:42:00/gps-maser/+3.328968e-06
2026.112.01:43:00/gps-fmout/+3.222418e-06
2026.112.01:43:00/gps-maser/+3.330641e-06
2026.112.01:44:00/gps-fmout/+3.219025e-06
2026.112.01:44:00/gps-maser/+3.328000e-06
2026.112.01:45:00/gps-fmout/+3.219108e-06
2026.112.01:45:00/gps-maser/+3.328000e-06
2026.112.01:46:00/gps-fmout/+3.218288e-06
2026.112.01:46:00/gps-maser/+3.328518e-06
2026.112.01:47:00/gps-fmout/+3.220420e-06
2026.112.01:47:00/gps-maser/+3.330836e-06
2026.112.01:48:00/gps-fmout/+3.222471e-06
2026.112.01:48:00/gps-maser/+3.329153e-06
2026.112.01:49:00/gps-fmout/+3.221081e-06
2026.112.01:49:00/gps-maser/+3.327649e-06
2026.112.01:50:00/gps-fmout/+3.219294e-06
2026.112.01:50:00/gps-maser/+3.328226e-06
2026.112.01:51:00/gps-fmout/+3.222051e-06
2026.112.01:51:00/gps-maser/+3.329650e-06
2026.112.01:52:00/gps-fmout/+3.223791e-06
2026.112.01:52:00/gps-maser/+3.330000e-06
2026.112.01:53:00/gps-fmout/+3.222449e-06
2026.112.01:53:00/gps-maser/+3.330000e-06
2026.112.01:54:00/gps-fmout/+3.224854e-06
2026.112.01:54:00/gps-maser/+3.330058e-06
2026.112.01:55:00/gps-fmout/+3.223428e-06
2026.112.01:55:00/gps-maser/+3.332439e-06
2026.112.01:56:00/gps-fmout/+3.224283e-06
2026.112.01:56:00/gps-maser/+3.331382e-06
2026.112.01:57:00/gps-fmout/+3.224902e-06
2026.112.01:57:00/gps-maser/+3.332746e-06
2026.112.01:58:00/gps-fmout/+3.225303e-06
2026.112.01:58:00/gps-maser/+3.331866e-06
2026.112.01:59:00/gps-fmout/+3.227075e-06
2026.112.01:59:00/gps-maser/+3.333571e-06
