2026.269.09:00:00;APEX Database Weather Data for Timerange of c262b
2026.269.09:00:00;The format is wx/temp[C],press[mbar],humid[%],speed[m/s],direction[deg],pwv[mm]
2026.269.09:01:00/wx/1.18,556.8,7.4,4.23,343,0.92
2026.269.09:02:00/wx/1.60,556.8,6.7,3.75,341,0.93
2026.269.09:03:00/wx/1.49,556.8,6.9,4.06,342,0.93
2026.269.09:04:00/wx/1.40,556.8,7.1,3.93,342,0.93
2026.269.09:05:00/wx/1.26,556.8,7.3,3.70,344,0.93
2026.269.09:06:00/wx/1.30,556.8,7.5,4.07,343,0.93
2026.269.09:07:00/wx/1.42,556.8,7.1,4.00,342,0.94
2026.269.09:08:00/wx/1.24,556.8,7.6,3.75,341,0.94
2026.269.09:09:00/wx/1.00,556.8,8.0,4.03,347,0.95
2026.269.09:10:00/wx/0.90,556.8,8.1,3.86,345,0.94
2026.269.09:11:00/wx/0.82,556.8,8.6,3.72,347,0.95
2026.269.09:12:00/wx/0.91,556.9,8.7,3.70,347,0.94
2026.269.09:13:00/wx/0.54,556.8,9.4,3.72,346,0.94
2026.269.09:14:00/wx/1.09,556.8,8.1,3.94,348,0.93
2026.269.09:15:00/wx/1.74,556.8,6.5,3.77,346,0.93
2026.269.09:16:00/wx/1.70,556.8,6.7,4.01,344,0.93
2026.269.09:17:00/wx/1.59,556.8,6.9,3.91,346,0.94
2026.269.09:18:00/wx/1.55,556.8,7.0,3.79,353,0.95
2026.269.09:19:00/wx/1.21,556.8,7.9,3.92,357,0.94
2026.269.09:20:00/wx/1.42,556.8,7.3,3.83,352,0.93
2026.269.09:21:00/wx/2.00,556.8,6.2,3.81,353,0.93
2026.269.09:22:00/wx/1.71,556.8,6.7,3.95,346,0.93
2026.269.09:23:00/wx/2.00,556.9,6.3,3.66,348,0.93
2026.269.09:24:00/wx/1.90,556.8,6.3,3.84,346,0.94
2026.269.09:25:00/wx/2.23,556.9,5.5,3.65,348,0.93
2026.269.09:26:00/wx/2.50,556.8,4.9,3.52,343,0.92
2026.269.09:27:00/wx/2.30,556.9,5.4,3.45,346,0.92
2026.269.09:28:00/wx/2.35,556.9,5.3,3.29,339,0.93
2026.269.09:29:00/wx/2.31,556.9,5.4,3.43,341,0.93
2026.269.09:30:00/wx/2.07,556.9,5.9,3.46,341,0.92
2026.269.09:31:00/wx/2.10,556.9,6.0,3.42,342,0.93
2026.269.09:32:00/wx/2.20,556.9,5.7,3.42,351,0.95
2026.269.09:33:00/wx/2.40,556.9,5.1,2.82,350,0.93
2026.269.09:34:00/wx/2.50,556.9,5.0,2.93,348,0.94
2026.269.09:35:00/wx/2.50,556.9,4.9,2.93,340,0.94
2026.269.09:36:00/wx/2.40,556.9,5.2,2.77,342,0.94
2026.269.09:37:00/wx/2.29,556.9,5.5,2.37,332,0.95
2026.269.09:38:00/wx/2.30,556.9,5.4,2.73,331,0.94
2026.269.09:39:00/wx/2.30,556.9,5.4,2.73,327,0.95
2026.269.09:40:00/wx/2.20,556.9,5.6,3.16,333,0.93
2026.269.09:41:00/wx/1.92,556.9,6.4,2.82,330,0.90
2026.269.09:42:00/wx/1.80,556.9,7.1,2.90,346,0.92
2026.269.09:43:00/wx/1.60,556.9,7.6,3.02,357,0.90
2026.269.09:44:00/wx/1.40,556.9,8.1,2.84,353,0.89
2026.269.09:45:00/wx/1.60,556.9,7.8,2.63,353,0.92
2026.269.09:46:00/wx/1.40,556.9,8.3,2.28,2,0.90
2026.269.09:47:00/wx/1.40,556.8,8.2,2.46,355,0.88
2026.269.09:48:00/wx/1.46,556.8,7.8,3.11,355,0.91
2026.269.09:49:00/wx/1.80,556.8,7.2,2.60,2,0.93
2026.269.09:50:00/wx/1.50,556.8,7.8,2.97,4,0.97
2026.269.09:51:00/wx/1.11,556.8,8.6,2.69,9,0.96
2026.269.09:52:00/wx/1.13,556.8,8.7,2.78,2,0.97
2026.269.09:53:00/wx/1.40,556.9,7.8,2.81,3,1.02
2026.269.09:54:00/wx/1.30,556.9,7.8,2.59,4,1.06
2026.269.09:55:00/wx/1.30,556.8,8.0,2.25,0,1.12
2026.269.09:56:00/wx/1.01,556.8,8.7,2.08,23,1.14
2026.269.09:57:00/wx/0.77,556.8,9.9,2.18,14,1.14
2026.269.09:58:00/wx/0.41,556.8,11.2,2.10,18,1.14
2026.269.09:59:00/wx/0.50,556.8,11.2,2.31,12,1.15
2026.269.10:00:00/wx/0.60,556.8,10.8,2.40,10,1.18
2026.269.10:01:00/wx/1.20,556.8,9.3,2.54,12,1.18
2026.269.10:02:00/wx/0.99,556.8,9.7,1.76,36,1.20
2026.269.10:03:00/wx/0.03,556.8,12.1,2.70,55,1.21
2026.269.10:04:00/wx/0.41,556.8,10.9,1.78,64,1.22
2026.269.10:05:00/wx/0.85,556.8,8.9,2.11,88,1.23
2026.269.10:06:00/wx/1.00,556.8,7.6,2.71,83,1.24
2026.269.10:07:00/wx/1.10,556.8,7.7,2.29,76,1.28
2026.269.10:08:00/wx/1.10,556.8,7.5,2.06,108,1.30
2026.269.10:09:00/wx/1.11,556.8,7.4,2.58,78,1.28
2026.269.10:10:00/wx/1.30,556.8,7.1,1.91,114,1.34
2026.269.10:11:00/wx/0.91,556.8,7.8,2.35,127,1.38
2026.269.10:12:00/wx/0.70,556.8,8.2,2.39,112,1.33
2026.269.10:13:00/wx/0.60,556.8,8.1,1.33,128,1.34
2026.269.10:14:00/wx/0.50,556.9,8.3,1.13,84,1.37
2026.269.10:15:00/wx/0.10,556.8,8.9,2.10,91,1.32
2026.269.10:16:00/wx/-0.10,556.8,9.1,2.21,104,1.34
2026.269.10:17:00/wx/0.20,556.9,8.5,1.51,114,1.35
2026.269.10:18:00/wx/0.20,556.9,8.6,1.48,99,1.39
2026.269.10:19:00/wx/0.20,556.9,8.5,1.79,85,1.42
2026.269.10:20:00/wx/0.04,556.9,9.0,1.75,82,1.40
2026.269.10:21:00/wx/0.10,556.9,8.6,1.41,79,1.41
2026.269.10:22:00/wx/0.20,556.9,8.5,1.57,83,1.43
2026.269.10:23:00/wx/0.38,556.9,8.2,1.22,65,1.44
2026.269.10:24:00/wx/0.81,556.9,7.8,1.47,30,1.43
2026.269.10:25:00/wx/1.20,556.9,7.2,1.45,42,1.42
2026.269.10:26:00/wx/1.10,556.9,7.5,1.60,45,1.41
2026.269.10:27:00/wx/0.78,556.9,7.9,1.33,58,1.40
2026.269.10:28:00/wx/1.18,556.9,8.1,1.39,43,1.44
2026.269.10:29:00/wx/1.10,556.9,8.8,0.66,21,1.44
2026.269.10:30:00/wx/0.74,556.9,9.8,1.48,4,1.46
2026.269.10:31:00/wx/0.90,556.9,8.6,1.90,5,1.46
2026.269.10:32:00/wx/0.94,556.9,8.4,2.26,214,1.49
2026.269.10:33:00/wx/1.30,556.9,8.0,2.19,353,1.45
2026.269.10:34:00/wx/1.52,556.9,7.8,2.28,301,1.46
2026.269.10:35:00/wx/1.51,556.9,7.9,2.04,8,1.45
2026.269.10:36:00/wx/1.30,557.0,8.7,2.20,5,1.43
2026.269.10:37:00/wx/1.31,556.9,9.0,1.98,10,1.41
2026.269.10:38:00/wx/0.91,556.9,10.3,2.12,9,1.40
2026.269.10:39:00/wx/0.90,557.0,10.4,1.90,10,1.36
2026.269.10:40:00/wx/0.90,557.0,10.5,1.98,19,1.38
2026.269.10:41:00/wx/1.19,557.0,9.7,2.01,17,1.38
2026.269.10:42:00/wx/1.00,557.0,10.2,2.00,18,1.38
2026.269.10:43:00/wx/1.00,557.0,10.2,2.00,16,1.39
2026.269.10:44:00/wx/1.14,557.0,9.9,1.70,25,1.37
2026.269.10:45:00/wx/1.30,557.0,9.5,2.10,19,1.40
2026.269.10:46:00/wx/1.49,557.0,9.1,2.00,28,1.38
2026.269.10:47:00/wx/1.36,557.0,9.7,2.00,32,1.40
2026.269.10:48:00/wx/1.50,557.0,9.6,1.60,34,1.41
2026.269.10:49:00/wx/1.91,557.0,8.5,1.58,43,1.39
2026.269.10:50:00/wx/2.10,557.0,8.1,2.11,53,1.39
2026.269.10:51:00/wx/1.72,557.0,9.3,2.18,66,1.38
2026.269.10:52:00/wx/2.17,557.0,7.4,1.95,89,1.36
2026.269.10:53:00/wx/2.10,557.0,6.8,2.41,103,1.38
2026.269.10:54:00/wx/2.10,557.0,7.1,2.32,96,1.40
2026.269.10:55:00/wx/1.99,557.0,7.2,3.18,100,1.39
2026.269.10:56:00/wx/2.09,557.0,6.6,3.13,104,1.43
2026.269.10:57:00/wx/2.14,557.0,6.9,2.27,95,1.40
2026.269.10:58:00/wx/2.10,557.0,6.6,2.41,97,1.42
2026.269.10:59:00/wx/2.41,557.0,6.4,2.34,91,1.43
2026.269.11:00:00/wx/2.00,557.0,8.3,2.40,96,1.43
2026.269.11:01:00/wx/2.02,557.0,7.2,2.33,90,1.42
2026.269.11:02:00/wx/2.36,557.0,6.5,2.74,91,1.44
2026.269.11:03:00/wx/2.70,557.1,6.0,2.31,91,1.47
2026.269.11:04:00/wx/2.80,557.1,6.5,2.54,82,1.48
2026.269.11:05:00/wx/2.82,557.1,6.6,1.77,97,1.46
2026.269.11:06:00/wx/2.60,557.1,7.7,1.87,82,1.45
2026.269.11:07:00/wx/2.67,557.1,6.9,2.13,73,1.47
2026.269.11:08:00/wx/2.40,557.1,7.7,2.03,80,1.46
2026.269.11:09:00/wx/2.30,557.1,7.6,2.01,76,1.48
2026.269.11:10:00/wx/2.30,557.1,8.4,1.80,74,1.47
2026.269.11:11:00/wx/2.30,557.2,7.7,1.52,63,1.49
2026.269.11:12:00/wx/2.00,557.2,10.7,1.88,61,1.47
2026.269.11:13:00/wx/1.70,557.2,11.7,2.01,53,1.45
2026.269.11:14:00/wx/1.90,557.2,11.3,2.00,45,1.47
2026.269.11:15:00/wx/1.90,557.2,11.3,2.01,46,1.49
2026.269.11:16:00/wx/2.00,557.2,11.5,1.81,41,1.47
2026.269.11:17:00/wx/2.20,557.2,10.6,1.63,35,1.48
2026.269.11:18:00/wx/2.30,557.2,10.8,1.50,36,1.48
2026.269.11:19:00/wx/2.26,557.2,10.9,2.05,41,1.50
2026.269.11:20:00/wx/2.20,557.2,11.3,1.81,39,1.51
2026.269.11:21:00/wx/2.10,557.2,11.4,1.89,35,1.56
2026.269.11:22:00/wx/2.00,557.2,11.7,1.85,37,1.58
2026.269.11:23:00/wx/2.00,557.2,11.7,2.11,39,1.57
2026.269.11:24:00/wx/2.20,557.2,11.1,1.98,30,1.60
2026.269.11:25:00/wx/2.30,557.2,10.8,2.03,37,1.60
2026.269.11:26:00/wx/2.28,557.2,11.0,2.39,38,1.58
2026.269.11:27:00/wx/2.20,557.3,11.0,1.98,35,1.55
2026.269.11:28:00/wx/2.30,557.2,10.9,2.29,29,1.55
2026.269.11:29:00/wx/2.30,557.3,10.7,2.06,41,1.64
2026.269.11:30:00/wx/2.40,557.3,10.6,1.31,73,1.64
2026.269.11:31:00/wx/2.60,557.3,10.0,1.39,73,1.64
2026.269.11:32:00/wx/2.98,557.3,9.1,0.97,93,1.62
2026.269.11:33:00/wx/3.21,557.3,8.1,1.01,98,1.62
2026.269.11:34:00/wx/3.55,557.3,7.8,1.11,97,1.64
2026.269.11:35:00/wx/3.70,557.3,8.0,1.03,76,1.68
2026.269.11:36:00/wx/3.72,557.3,7.4,1.36,97,1.68
2026.269.11:37:00/wx/4.08,557.3,6.6,1.50,110,1.65
2026.269.11:38:00/wx/4.00,557.4,7.3,1.39,103,1.66
2026.269.11:39:00/wx/4.00,557.4,6.9,1.10,93,1.67
2026.269.11:40:00/wx/4.00,557.4,7.9,1.59,105,1.66
2026.269.11:41:00/wx/3.78,557.4,8.0,1.69,106,1.62
2026.269.11:42:00/wx/3.58,557.4,8.0,1.89,94,1.64
2026.269.11:43:00/wx/3.70,557.4,8.3,1.61,99,1.63
2026.269.11:44:00/wx/3.55,557.4,8.9,1.87,99,1.64
2026.269.11:45:00/wx/3.80,557.4,8.9,1.60,99,1.65
2026.269.11:46:00/wx/3.83,557.4,7.6,2.02,103,1.65
2026.269.11:47:00/wx/3.80,557.4,7.4,1.54,108,1.64
2026.269.11:48:00/wx/3.70,557.4,8.4,1.40,102,1.64
2026.269.11:49:00/wx/3.80,557.4,9.4,1.46,89,1.64
2026.269.11:50:00/wx/3.80,557.5,9.1,1.01,89,1.66
2026.269.11:51:00/wx/3.95,557.4,9.0,1.68,105,1.65
2026.269.11:52:00/wx/4.00,557.5,7.5,1.77,103,1.65
2026.269.11:53:00/wx/4.00,557.5,7.6,2.44,111,1.65
2026.269.11:54:00/wx/3.80,557.4,7.8,1.55,114,1.64
2026.269.11:55:00/wx/3.70,557.5,7.8,1.61,111,1.64
2026.269.11:56:00/wx/3.50,557.5,8.6,1.56,108,1.62
2026.269.11:57:00/wx/3.50,557.5,10.0,1.72,107,1.65
2026.269.11:58:00/wx/3.60,557.5,8.1,1.79,113,1.66
2026.269.11:59:00/wx/3.50,557.5,8.2,1.31,119,1.66
2026.269.12:00:00/wx/3.50,557.5,10.4,1.00,116,1.67
2026.269.12:01:00/wx/3.70,557.5,8.7,1.10,117,1.65
2026.269.12:02:00/wx/3.90,557.5,8.9,1.03,124,1.66
2026.269.12:03:00/wx/4.12,557.5,8.6,1.35,99,1.70
2026.269.12:04:00/wx/4.40,557.5,8.6,1.51,108,1.69
2026.269.12:05:00/wx/4.30,557.5,8.8,1.13,113,1.72
2026.269.12:06:00/wx/4.40,557.5,8.9,1.92,95,1.73
2026.269.12:07:00/wx/4.71,557.5,8.0,1.80,86,1.74
2026.269.12:08:00/wx/4.09,557.6,10.6,1.71,85,1.76
2026.269.12:09:00/wx/4.20,557.5,9.2,1.81,105,1.72
2026.269.12:10:00/wx/4.30,557.6,10.7,1.71,99,1.74
2026.269.12:11:00/wx/4.30,557.6,10.4,1.82,89,1.74
2026.269.12:12:00/wx/4.49,557.6,8.7,2.01,97,1.74
2026.269.12:13:00/wx/4.57,557.6,9.4,1.74,92,1.75
2026.269.12:14:00/wx/4.80,557.6,9.5,1.76,99,1.77
2026.269.12:15:00/wx/4.80,557.6,9.6,1.82,100,1.77
2026.269.12:16:00/wx/4.90,557.6,9.5,1.86,95,1.80
2026.269.12:17:00/wx/5.10,557.6,7.8,2.31,98,1.77
2026.269.12:18:00/wx/4.86,557.6,10.3,1.64,79,1.75
2026.269.12:19:00/wx/4.88,557.6,10.6,1.73,100,1.75
2026.269.12:20:00/wx/5.00,557.7,10.4,1.43,93,1.74
2026.269.12:21:00/wx/4.90,557.7,11.5,1.90,95,1.77
2026.269.12:22:00/wx/5.00,557.7,8.8,1.61,97,1.76
2026.269.12:23:00/wx/5.25,557.7,8.8,1.84,102,1.77
2026.269.12:24:00/wx/5.48,557.7,8.8,1.44,97,1.74
2026.269.12:25:00/wx/5.79,557.7,8.0,1.21,93,1.73
2026.269.12:26:00/wx/5.60,557.7,8.6,1.59,89,1.72
2026.269.12:27:00/wx/5.80,557.7,8.2,1.61,101,1.72
2026.269.12:28:00/wx/5.76,557.8,9.5,1.71,88,1.77
2026.269.12:29:00/wx/5.70,557.8,9.9,1.79,99,1.79
2026.269.12:30:00/wx/5.70,557.8,9.3,1.62,90,1.78
2026.269.12:31:00/wx/5.34,557.8,11.5,1.77,90,1.79
2026.269.12:32:00/wx/4.90,557.8,10.6,1.80,91,1.81
2026.269.12:33:00/wx/5.05,557.8,10.6,1.56,92,1.79
2026.269.12:34:00/wx/5.30,557.8,9.0,1.32,93,1.78
2026.269.12:35:00/wx/5.60,557.8,9.7,1.39,96,1.78
2026.269.12:36:00/wx/5.86,557.8,9.9,1.40,99,1.79
2026.269.12:37:00/wx/6.11,557.9,9.2,1.02,96,1.80
2026.269.12:38:00/wx/6.05,557.9,9.8,1.28,81,1.83
2026.269.12:39:00/wx/5.70,557.9,8.7,1.01,70,1.79
2026.269.12:40:00/wx/5.50,557.9,9.3,1.15,85,1.81
2026.269.12:41:00/wx/5.29,557.9,9.4,0.94,74,1.83
2026.269.12:42:00/wx/5.20,557.9,10.0,1.10,82,1.83
2026.269.12:43:00/wx/5.20,557.9,10.2,1.06,83,1.82
2026.269.12:44:00/wx/5.20,557.9,9.8,1.01,86,1.82
2026.269.12:45:00/wx/5.30,557.9,10.3,0.89,72,1.82
2026.269.12:46:00/wx/5.30,557.9,10.8,0.93,79,1.81
2026.269.12:47:00/wx/5.30,557.9,10.6,1.01,62,1.82
2026.269.12:48:00/wx/5.30,557.9,10.6,0.80,63,1.82
2026.269.12:49:00/wx/5.30,557.9,10.5,1.10,67,1.82
2026.269.12:50:00/wx/5.20,557.9,10.9,1.35,61,1.82
2026.269.12:51:00/wx/5.20,558.0,11.1,0.94,59,1.80
2026.269.12:52:00/wx/5.30,557.9,11.1,0.71,48,1.81
2026.269.12:53:00/wx/5.50,557.9,11.0,0.70,46,1.79
2026.269.12:54:00/wx/5.50,558.0,11.1,0.91,59,1.83
2026.269.12:55:00/wx/5.50,557.9,11.4,1.11,76,1.86
2026.269.12:56:00/wx/5.50,558.0,11.8,0.78,57,1.86
2026.269.12:57:00/wx/5.70,557.9,11.8,0.91,66,1.86
2026.269.12:58:00/wx/6.06,558.0,12.2,0.70,52,1.83
2026.269.12:59:00/wx/6.10,558.0,10.1,1.01,53,1.81
2026.269.13:00:00/wx/5.80,557.9,12.0,1.01,54,1.80
2026.269.13:01:00/wx/5.53,558.0,14.4,0.97,46,1.79
2026.269.13:02:00/wx/5.60,558.0,13.1,1.41,36,1.80
2026.269.13:03:00/wx/5.92,558.0,11.2,1.09,39,1.80
2026.269.13:04:00/wx/5.80,558.0,12.5,1.19,59,1.78
2026.269.13:05:00/wx/5.50,558.0,15.3,1.10,51,1.81
2026.269.13:06:00/wx/5.50,558.0,14.6,1.61,69,1.81
2026.269.13:07:00/wx/5.20,558.0,15.2,1.63,79,1.80
2026.269.13:08:00/wx/5.00,558.0,14.1,2.06,80,1.80
2026.269.13:09:00/wx/5.00,558.0,14.6,1.91,86,1.88
2026.269.13:10:00/wx/5.08,558.1,17.5,2.16,83,1.89
2026.269.13:11:00/wx/4.90,558.1,15.9,1.89,79,1.90
2026.269.13:12:00/wx/5.01,558.1,15.0,1.60,98,1.89
2026.269.13:13:00/wx/5.44,558.1,15.6,1.79,87,1.90
2026.269.13:14:00/wx/5.60,558.1,12.6,1.64,62,1.75
2026.269.13:15:00/wx/5.80,558.1,13.3,1.14,79,1.74
2026.269.13:16:00/wx/5.60,558.1,12.2,1.09,67,1.75
2026.269.13:17:00/wx/6.11,558.1,12.4,0.71,47,1.74
2026.269.13:18:00/wx/6.75,558.2,11.9,0.46,108,1.77
2026.269.13:19:00/wx/7.39,558.2,10.7,0.31,67,1.77
2026.269.13:20:00/wx/7.50,558.2,11.3,0.50,34,1.80
2026.269.13:21:00/wx/7.73,558.2,11.7,1.03,74,1.77
2026.269.13:22:00/wx/7.92,558.2,11.6,0.94,93,1.76
2026.269.13:23:00/wx/7.91,558.2,14.0,0.80,46,1.73
2026.269.13:24:00/wx/7.00,558.2,16.8,1.13,5,1.75
2026.269.13:25:00/wx/5.94,558.2,16.4,1.39,31,1.73
2026.269.13:26:00/wx/5.61,558.2,15.2,1.53,45,1.75
2026.269.13:27:00/wx/5.60,558.2,13.6,1.49,56,1.74
2026.269.13:28:00/wx/5.71,558.2,12.7,1.59,37,1.73
2026.269.13:29:00/wx/5.50,558.2,12.8,1.40,42,1.73
2026.269.13:30:00/wx/5.25,558.2,14.3,2.36,28,1.75
2026.269.13:31:00/wx/5.10,558.2,14.7,1.79,13,1.77
2026.269.13:32:00/wx/5.10,558.3,13.6,1.59,14,1.77
2026.269.13:33:00/wx/5.19,558.3,11.3,1.02,345,1.73
2026.269.13:34:00/wx/5.50,558.3,11.2,1.22,337,1.70
2026.269.13:35:00/wx/5.80,558.3,11.9,1.08,317,1.69
2026.269.13:36:00/wx/5.80,558.3,12.7,1.33,324,1.72
2026.269.13:37:00/wx/5.60,558.3,12.5,2.09,322,1.71
2026.269.13:38:00/wx/5.10,558.3,17.2,1.51,-31,1.66
2026.269.13:39:00/wx/4.78,558.3,20.4,3.26,345,1.66
2026.269.13:40:00/wx/4.14,558.2,21.9,4.85,356,1.66
2026.269.13:41:00/wx/4.00,558.2,19.3,5.19,345,1.64
2026.269.13:42:00/wx/4.10,558.2,16.2,5.04,357,1.60
2026.269.13:43:00/wx/4.28,558.3,13.6,4.16,355,1.59
2026.269.13:44:00/wx/4.20,558.2,16.3,4.54,351,1.60
2026.269.13:45:00/wx/4.19,558.2,15.0,4.45,348,1.60
2026.269.13:46:00/wx/4.50,558.2,11.2,3.75,348,1.58
2026.269.13:47:00/wx/4.39,558.2,15.8,3.24,347,1.58
2026.269.13:48:00/wx/4.40,558.3,18.9,2.95,277,1.59
2026.269.13:49:00/wx/4.30,558.2,20.2,2.90,354,1.62
2026.269.13:50:00/wx/4.40,558.2,19.0,2.89,357,1.62
2026.269.13:51:00/wx/4.60,558.2,16.3,2.10,14,1.62
2026.269.13:52:00/wx/4.73,558.2,17.5,2.85,17,1.62
2026.269.13:53:00/wx/4.90,558.2,20.6,2.91,18,1.63
2026.269.13:54:00/wx/5.00,558.2,15.9,2.69,33,1.64
2026.269.13:55:00/wx/5.14,558.2,15.8,2.22,14,1.63
2026.269.13:56:00/wx/4.90,558.2,21.2,3.44,358,1.63
2026.269.13:57:00/wx/4.90,558.3,16.7,3.20,234,1.61
2026.269.13:58:00/wx/5.09,558.3,14.0,4.06,327,1.60
2026.269.13:59:00/wx/5.00,558.2,11.7,3.35,313,1.65
2026.269.14:00:00/wx/4.80,558.3,15.4,3.85,16,1.65
2026.269.14:01:00/wx/4.50,558.3,21.1,3.20,0,1.64
2026.269.14:02:00/wx/4.65,558.3,13.9,5.45,14,1.63
2026.269.14:03:00/wx/4.78,558.2,10.8,5.45,23,1.61
2026.269.14:04:00/wx/4.90,558.3,10.0,4.67,12,1.63
2026.269.14:05:00/wx/4.73,558.2,15.9,3.80,15,1.66
2026.269.14:06:00/wx/4.50,558.3,18.5,4.28,20,1.67
2026.269.14:07:00/wx/4.60,558.3,15.1,5.40,13,1.68
2026.269.14:08:00/wx/4.40,558.3,21.4,3.83,20,1.68
2026.269.14:09:00/wx/4.29,558.3,21.6,6.00,13,1.68
2026.269.14:10:00/wx/4.40,558.3,14.1,5.81,5,1.68
2026.269.14:11:00/wx/4.60,558.3,11.8,4.01,13,1.68
2026.269.14:12:00/wx/4.80,558.3,12.3,5.00,13,1.68
2026.269.14:13:00/wx/4.81,558.3,12.2,5.06,14,1.69
2026.269.14:14:00/wx/4.60,558.3,18.9,3.10,81,1.67
2026.269.14:15:00/wx/4.40,558.3,23.7,3.65,59,1.67
2026.269.14:16:00/wx/4.10,558.3,24.1,3.93,2,1.65
2026.269.14:17:00/wx/4.20,558.2,19.6,4.39,5,1.66
2026.269.14:18:00/wx/4.01,558.2,23.3,4.68,14,1.67
2026.269.14:19:00/wx/3.90,558.3,25.7,4.62,276,1.68
2026.269.14:20:00/wx/4.00,558.3,23.0,3.98,1,1.67
2026.269.14:21:00/wx/4.10,558.3,21.1,4.78,15,1.66
2026.269.14:22:00/wx/4.20,558.3,23.3,3.38,11,1.67
2026.269.14:23:00/wx/4.20,558.3,24.6,3.24,9,1.68
2026.269.14:24:00/wx/4.30,558.2,26.2,2.72,217,1.68
2026.269.14:25:00/wx/4.50,558.3,23.8,2.99,5,1.67
2026.269.14:26:00/wx/4.50,558.3,23.8,3.78,4,1.63
2026.269.14:27:00/wx/4.80,558.2,17.4,3.88,13,1.62
2026.269.14:28:00/wx/4.90,558.3,16.6,4.50,12,1.63
2026.269.14:29:00/wx/4.90,558.3,19.8,3.53,6,1.63
2026.269.14:30:00/wx/4.81,558.3,22.2,2.25,316,1.63
2026.269.14:31:00/wx/4.90,558.3,25.8,2.44,12,1.62
2026.269.14:32:00/wx/4.90,558.3,22.2,3.19,126,1.58
2026.269.14:33:00/wx/5.00,558.3,18.4,3.63,357,1.56
2026.269.14:34:00/wx/5.00,558.3,21.4,3.43,220,1.57
2026.269.14:35:00/wx/5.09,558.3,18.1,3.23,4,1.56
2026.269.14:36:00/wx/5.10,558.3,21.6,3.06,358,1.56
2026.269.14:37:00/wx/5.10,558.3,21.7,4.05,350,1.59
2026.269.14:38:00/wx/5.10,558.3,22.0,3.63,340,1.64
2026.269.14:39:00/wx/5.00,558.3,24.1,3.34,347,1.68
2026.269.14:40:00/wx/4.90,558.4,25.1,3.20,347,1.65
2026.269.14:41:00/wx/5.00,558.4,23.0,3.49,346,1.67
2026.269.14:42:00/wx/5.10,558.4,25.5,2.76,351,1.67
2026.269.14:43:00/wx/5.10,558.4,23.5,2.51,348,1.66
2026.269.14:44:00/wx/5.10,558.4,25.3,3.14,347,1.67
2026.269.14:45:00/wx/5.39,558.4,19.3,4.58,354,1.67
2026.269.14:46:00/wx/5.38,558.4,21.3,3.33,342,1.69
2026.269.14:47:00/wx/5.33,558.4,24.2,3.40,332,1.67
2026.269.14:48:00/wx/5.30,558.4,23.8,3.65,339,1.67
2026.269.14:49:00/wx/5.30,558.4,21.1,4.41,330,1.68
2026.269.14:50:00/wx/5.30,558.4,31.7,3.92,329,1.66
2026.269.14:51:00/wx/5.40,558.4,23.5,4.35,332,1.64
2026.269.14:52:00/wx/5.50,558.4,21.5,3.37,322,1.65
2026.269.14:53:00/wx/5.60,558.4,23.9,4.10,328,1.72
2026.269.14:54:00/wx/5.60,558.4,24.4,3.72,341,1.67
2026.269.14:55:00/wx/5.50,558.4,23.8,3.16,333,1.65
2026.269.14:56:00/wx/5.48,558.4,24.3,3.57,347,1.65
2026.269.14:57:00/wx/5.56,558.4,16.2,3.50,352,1.63
2026.269.14:58:00/wx/5.80,558.4,15.1,3.24,345,1.67
2026.269.14:59:00/wx/5.66,558.4,19.3,3.37,348,1.66
2026.269.15:00:00/wx/5.41,558.4,22.4,3.95,351,1.66
2026.269.15:01:00/wx/5.22,558.4,25.9,3.88,337,1.73
2026.269.15:02:00/wx/5.40,558.4,24.9,3.94,347,1.67
2026.269.15:03:00/wx/5.50,558.4,24.5,3.83,344,1.70
2026.269.15:04:00/wx/5.50,558.4,28.7,2.91,347,1.67
2026.269.15:05:00/wx/5.40,558.4,27.9,3.33,338,1.60
2026.269.15:06:00/wx/5.50,558.4,23.0,3.72,336,1.59
2026.269.15:07:00/wx/5.67,558.4,17.4,4.07,341,1.60
2026.269.15:08:00/wx/5.70,558.4,19.9,3.54,352,1.62
2026.269.15:09:00/wx/5.50,558.4,23.9,3.44,342,1.66
2026.269.15:10:00/wx/5.51,558.4,22.3,4.16,348,1.61
2026.269.15:11:00/wx/5.50,558.4,23.8,3.50,351,1.57
2026.269.15:12:00/wx/5.70,558.4,19.7,3.94,347,1.59
2026.269.15:13:00/wx/5.50,558.5,23.5,3.63,342,1.59
2026.269.15:14:00/wx/5.37,558.4,23.4,4.75,357,1.63
2026.269.15:15:00/wx/5.10,558.5,22.5,4.45,6,1.58
2026.269.15:16:00/wx/5.32,558.5,17.0,3.84,31,1.60
2026.269.15:17:00/wx/5.70,558.5,13.4,4.83,356,1.55
2026.269.15:18:00/wx/5.80,558.4,13.7,3.50,358,1.56
2026.269.15:19:00/wx/5.80,558.5,17.4,3.23,355,1.57
2026.269.15:20:00/wx/5.62,558.5,19.5,3.51,352,1.58
2026.269.15:21:00/wx/6.00,558.5,11.7,4.32,31,1.64
2026.269.15:22:00/wx/5.74,558.5,19.6,5.13,347,1.64
2026.269.15:23:00/wx/6.10,558.5,10.9,3.83,351,1.65
2026.269.15:24:00/wx/6.30,558.5,12.6,2.82,346,1.67
2026.269.15:25:00/wx/6.30,558.5,15.2,3.06,343,1.71
2026.269.15:26:00/wx/6.21,558.5,15.4,3.40,45,1.75
2026.269.15:27:00/wx/6.23,558.5,13.2,3.82,349,1.75
2026.269.15:28:00/wx/6.20,558.5,14.6,2.83,338,1.70
2026.269.15:29:00/wx/6.30,558.5,17.5,2.70,225,1.68
2026.269.15:30:00/wx/6.30,558.5,15.4,3.34,58,1.70
2026.269.15:31:00/wx/6.20,558.4,14.6,3.92,351,1.74
2026.269.15:32:00/wx/6.10,558.4,17.9,3.80,351,1.78
2026.269.15:33:00/wx/6.20,558.4,19.9,3.23,347,1.79
2026.269.15:34:00/wx/5.99,558.4,19.8,3.33,348,1.78
2026.269.15:35:00/wx/6.38,558.4,17.6,2.29,339,1.78
2026.269.15:36:00/wx/6.63,558.4,18.1,1.77,321,1.82
2026.269.15:37:00/wx/6.80,558.4,15.0,2.20,334,1.83
2026.269.15:38:00/wx/6.70,558.4,15.8,3.91,340,1.86
2026.269.15:39:00/wx/6.60,558.4,19.2,3.94,327,1.88
2026.269.15:40:00/wx/6.60,558.4,12.2,4.41,336,1.91
2026.269.15:41:00/wx/6.60,558.4,18.6,4.44,318,1.96
2026.269.15:42:00/wx/6.60,558.4,14.5,3.23,330,1.97
2026.269.15:43:00/wx/6.50,558.4,17.3,3.93,334,1.95
2026.269.15:44:00/wx/6.50,558.4,15.7,6.19,323,1.99
2026.269.15:45:00/wx/6.50,558.4,12.7,5.53,316,2.00
2026.269.15:46:00/wx/6.70,558.4,11.6,4.77,305,2.01
2026.269.15:47:00/wx/6.70,558.4,13.0,4.58,334,2.06
2026.269.15:48:00/wx/6.81,558.4,16.8,3.41,313,2.08
2026.269.15:49:00/wx/7.06,558.3,13.9,2.96,319,2.09
2026.269.15:50:00/wx/7.00,558.4,14.9,4.54,316,2.05
2026.269.15:51:00/wx/6.80,558.4,14.2,5.17,306,2.05
2026.269.15:52:00/wx/6.70,558.4,15.2,5.58,315,2.08
2026.269.15:53:00/wx/6.69,558.3,12.6,4.10,306,2.08
2026.269.15:54:00/wx/6.80,558.3,14.3,3.10,342,2.13
2026.269.15:55:00/wx/6.80,558.4,14.0,2.43,330,2.17
2026.269.15:56:00/wx/7.00,558.3,14.3,3.03,328,2.19
2026.269.15:57:00/wx/6.90,558.3,12.6,3.64,349,2.20
2026.269.15:58:00/wx/7.00,558.4,11.2,2.95,338,2.22
2026.269.15:59:00/wx/6.90,558.3,15.2,3.72,319,2.25
2026.269.16:00:00/wx/7.20,558.3,15.1,2.63,311,2.29
2026.269.16:01:00/wx/7.20,558.4,16.5,3.98,299,2.28
2026.269.16:02:00/wx/7.19,558.3,12.1,3.61,295,2.27
2026.269.16:03:00/wx/7.00,558.3,16.1,5.17,307,2.31
2026.269.16:04:00/wx/7.00,558.3,14.1,4.18,309,2.31
2026.269.16:05:00/wx/7.10,558.3,15.1,3.83,322,2.29
2026.269.16:06:00/wx/7.10,558.3,18.0,4.27,293,2.48
2026.269.16:07:00/wx/6.90,558.3,18.6,5.62,278,2.50
2026.269.16:08:00/wx/6.80,558.3,18.8,4.92,305,2.56
2026.269.16:09:00/wx/6.70,558.3,20.4,6.78,292,2.57
2026.269.16:10:00/wx/6.70,558.3,18.9,6.03,283,2.50
2026.269.16:11:00/wx/6.70,558.3,19.4,3.57,294,2.46
2026.269.16:12:00/wx/6.80,558.3,23.3,3.50,254,2.49
2026.269.16:13:00/wx/7.10,558.3,17.3,3.74,255,2.50
2026.269.16:14:00/wx/7.00,558.2,16.0,4.23,254,2.49
2026.269.16:15:00/wx/7.00,558.2,16.1,3.88,279,2.46
2026.269.16:16:00/wx/6.85,558.3,18.1,4.87,271,2.47
2026.269.16:17:00/wx/6.60,558.2,19.3,5.16,255,2.52
2026.269.16:18:00/wx/6.60,558.2,16.8,4.11,256,2.52
2026.269.16:19:00/wx/6.60,558.2,16.3,5.26,248,2.49
2026.269.16:20:00/wx/6.60,558.2,21.4,4.86,283,2.44
2026.269.16:21:00/wx/6.70,558.3,15.5,3.36,256,2.42
2026.269.16:22:00/wx/6.80,558.3,16.2,3.92,283,2.44
2026.269.16:23:00/wx/6.91,558.3,22.1,4.16,289,2.49
2026.269.16:24:00/wx/6.81,558.3,20.6,5.23,289,2.61
2026.269.16:25:00/wx/6.39,558.3,24.2,5.22,290,2.41
2026.269.16:26:00/wx/6.45,558.3,20.8,5.19,286,2.38
2026.269.16:27:00/wx/6.70,558.3,20.9,5.66,295,2.44
2026.269.16:28:00/wx/6.46,558.3,24.1,5.45,299,2.41
2026.269.16:29:00/wx/6.30,558.3,19.9,6.79,286,2.48
2026.269.16:30:00/wx/6.10,558.3,17.7,6.14,288,2.45
2026.269.16:31:00/wx/6.25,558.3,18.7,3.44,274,2.44
2026.269.16:32:00/wx/6.59,558.2,21.4,3.71,262,2.49
2026.269.16:33:00/wx/6.40,558.3,19.2,5.31,279,2.43
2026.269.16:34:00/wx/6.50,558.2,20.6,4.26,286,2.47
2026.269.16:35:00/wx/6.38,558.2,20.0,5.77,289,2.39
2026.269.16:36:00/wx/6.40,558.2,16.8,3.55,290,2.42
2026.269.16:37:00/wx/6.70,558.2,20.8,3.53,283,2.49
2026.269.16:38:00/wx/6.70,558.2,18.9,3.74,302,2.42
2026.269.16:39:00/wx/6.80,558.2,18.2,4.37,294,2.38
2026.269.16:40:00/wx/6.50,558.2,17.1,4.04,283,2.47
2026.269.16:41:00/wx/6.52,558.2,18.6,2.85,270,2.55
2026.269.16:42:00/wx/6.70,558.2,23.5,6.13,290,2.49
2026.269.16:43:00/wx/6.50,558.2,18.7,4.20,276,2.57
2026.269.16:44:00/wx/6.40,558.2,19.8,4.99,282,2.58
2026.269.16:45:00/wx/6.60,558.2,21.4,3.60,284,2.46
2026.269.16:46:00/wx/6.53,558.2,20.5,6.52,301,2.46
2026.269.16:47:00/wx/6.50,558.2,15.3,4.03,301,2.45
2026.269.16:48:00/wx/6.70,558.2,18.4,4.36,281,2.45
2026.269.16:49:00/wx/6.60,558.1,16.9,4.18,297,2.51
2026.269.16:50:00/wx/6.50,558.1,15.9,5.61,286,2.41
2026.269.16:51:00/wx/6.54,558.2,19.9,6.15,281,2.37
2026.269.16:52:00/wx/6.30,558.2,17.6,4.61,276,2.37
2026.269.16:53:00/wx/6.39,558.1,16.3,3.87,279,2.33
2026.269.16:54:00/wx/6.70,558.1,18.4,5.53,284,2.46
2026.269.16:55:00/wx/6.70,558.1,23.4,3.98,267,2.49
2026.269.16:56:00/wx/6.53,558.1,22.1,4.29,251,2.46
2026.269.16:57:00/wx/6.50,558.1,21.0,5.95,285,2.35
2026.269.16:58:00/wx/6.30,558.1,17.3,5.21,280,2.48
2026.269.16:59:00/wx/6.40,558.1,18.6,4.92,271,2.40
2026.269.17:00:00/wx/6.50,558.1,15.2,4.67,280,2.41
2026.269.17:01:00/wx/6.68,558.1,14.1,2.78,298,2.44
2026.269.17:02:00/wx/6.90,558.1,16.2,3.57,284,2.48
2026.269.17:03:00/wx/6.81,558.1,19.0,6.24,284,2.48
2026.269.17:04:00/wx/6.50,558.1,19.0,5.13,283,2.43
2026.269.17:05:00/wx/6.60,558.1,15.8,3.39,310,2.42
2026.269.17:06:00/wx/6.80,558.0,16.0,3.40,307,2.47
2026.269.17:07:00/wx/6.80,558.1,20.8,4.61,275,2.60
2026.269.17:08:00/wx/6.55,558.1,20.4,5.91,253,2.54
2026.269.17:09:00/wx/6.40,558.1,16.3,4.76,282,2.49
2026.269.17:10:00/wx/6.60,558.1,15.1,5.12,260,2.51
2026.269.17:11:00/wx/6.71,558.1,21.4,4.31,255,2.58
2026.269.17:12:00/wx/6.40,558.1,17.9,4.85,277,2.57
2026.269.17:13:00/wx/6.20,558.0,14.9,4.60,281,2.55
2026.269.17:14:00/wx/6.20,558.0,14.2,3.35,270,2.54
2026.269.17:15:00/wx/6.54,558.0,16.3,1.38,238,2.55
2026.269.17:16:00/wx/7.00,558.0,16.8,3.26,256,2.50
2026.269.17:17:00/wx/6.80,558.0,19.7,4.92,250,2.52
2026.269.17:18:00/wx/6.76,558.0,18.5,4.05,248,2.56
2026.269.17:19:00/wx/6.81,558.0,17.5,4.00,253,2.47
2026.269.17:20:00/wx/6.60,558.0,16.4,5.73,257,2.49
2026.269.17:21:00/wx/6.70,558.0,19.0,4.46,284,2.46
2026.269.17:22:00/wx/6.70,558.0,22.2,4.49,265,2.59
2026.269.17:23:00/wx/6.55,558.0,19.2,3.96,273,2.56
2026.269.17:24:00/wx/6.50,558.0,15.2,3.80,260,2.53
2026.269.17:25:00/wx/6.48,558.0,16.7,5.32,281,2.58
2026.269.17:26:00/wx/6.50,558.0,15.7,3.20,277,2.54
2026.269.17:27:00/wx/6.70,558.0,23.0,2.88,268,2.57
2026.269.17:28:00/wx/6.70,558.0,23.9,5.82,280,2.54
2026.269.17:29:00/wx/6.60,558.0,20.2,4.48,251,2.54
2026.269.17:30:00/wx/6.48,558.0,14.8,4.58,277,2.51
2026.269.17:31:00/wx/6.50,558.0,20.2,5.09,268,2.45
2026.269.17:32:00/wx/6.29,558.0,16.5,7.50,284,2.47
2026.269.17:33:00/wx/6.20,558.0,14.2,6.49,281,2.44
2026.269.17:34:00/wx/6.20,558.0,15.1,6.35,279,2.43
2026.269.17:35:00/wx/6.10,558.0,13.7,5.76,283,2.43
2026.269.17:36:00/wx/6.10,557.9,14.5,5.40,272,2.45
2026.269.17:37:00/wx/6.10,558.0,17.6,3.23,261,2.46
2026.269.17:38:00/wx/6.20,558.0,15.7,4.62,285,2.43
2026.269.17:39:00/wx/6.40,557.9,16.7,3.08,269,2.47
2026.269.17:40:00/wx/6.50,557.9,20.5,5.13,274,2.52
2026.269.17:41:00/wx/6.23,557.9,15.7,5.15,259,2.49
2026.269.17:42:00/wx/6.30,558.0,19.6,4.93,268,2.53
2026.269.17:43:00/wx/6.19,558.0,15.2,4.71,292,2.55
2026.269.17:44:00/wx/6.60,557.9,17.8,2.35,258,2.60
2026.269.17:45:00/wx/6.60,557.9,19.5,6.10,285,2.54
2026.269.17:46:00/wx/6.43,557.9,19.0,4.53,273,2.57
2026.269.17:47:00/wx/6.40,557.9,17.7,3.83,282,2.59
2026.269.17:48:00/wx/6.40,557.9,19.0,4.99,274,2.76
2026.269.17:49:00/wx/6.41,557.9,19.7,5.36,274,2.66
2026.269.17:50:00/wx/6.10,557.9,19.0,4.03,253,2.63
2026.269.17:51:00/wx/6.19,557.9,18.0,3.22,270,2.53
2026.269.17:52:00/wx/6.50,557.9,22.0,5.03,280,2.48
2026.269.17:53:00/wx/6.47,557.9,22.5,4.74,264,2.46
2026.269.17:54:00/wx/6.11,557.9,17.5,4.34,259,2.51
2026.269.17:55:00/wx/6.20,557.8,18.3,6.51,252,2.53
2026.269.17:56:00/wx/6.13,557.9,19.3,7.24,286,2.54
2026.269.17:57:00/wx/6.20,557.9,22.7,7.33,283,2.48
2026.269.17:58:00/wx/6.10,557.9,21.5,6.54,291,2.52
2026.269.17:59:00/wx/5.90,557.9,21.4,5.17,293,2.49
2026.269.18:00:00/wx/6.21,557.8,21.4,3.74,269,2.52
2026.269.18:01:00/wx/6.23,557.8,22.9,5.66,291,2.47
2026.269.18:02:00/wx/6.20,557.9,17.5,5.23,281,2.48
2026.269.18:03:00/wx/6.30,557.8,19.5,6.71,277,2.47
2026.269.18:04:00/wx/6.11,557.8,16.7,5.88,298,2.42
2026.269.18:05:00/wx/6.10,557.8,17.7,4.13,285,2.46
2026.269.18:06:00/wx/6.35,557.8,24.1,5.33,278,2.48
2026.269.18:07:00/wx/6.20,557.8,19.5,4.93,270,2.47
2026.269.18:08:00/wx/6.26,557.8,22.9,5.48,270,2.50
2026.269.18:09:00/wx/5.99,557.8,19.6,4.42,273,2.50
2026.269.18:10:00/wx/5.99,557.8,20.4,4.78,260,2.46
2026.269.18:11:00/wx/6.07,557.8,19.6,4.66,268,2.50
2026.269.18:12:00/wx/6.30,557.8,19.2,4.33,276,2.49
2026.269.18:13:00/wx/6.30,557.8,20.3,4.44,266,2.50
2026.269.18:14:00/wx/6.30,557.8,20.5,6.59,246,2.46
2026.269.18:15:00/wx/6.10,557.8,19.7,3.65,269,2.49
2026.269.18:16:00/wx/6.10,557.8,17.2,4.04,256,2.54
2026.269.18:17:00/wx/6.20,557.8,21.4,3.73,276,2.53
2026.269.18:18:00/wx/6.31,557.7,20.2,5.05,259,2.55
2026.269.18:19:00/wx/6.10,557.8,19.4,3.60,273,2.50
2026.269.18:20:00/wx/6.10,557.7,16.6,4.82,273,2.51
2026.269.18:21:00/wx/6.20,557.7,18.2,5.99,280,2.52
2026.269.18:22:00/wx/6.20,557.7,16.2,8.36,285,2.47
2026.269.18:23:00/wx/6.00,557.8,16.1,7.61,298,2.52
2026.269.18:24:00/wx/6.00,557.8,18.1,4.25,298,2.60
2026.269.18:25:00/wx/6.12,557.7,17.7,4.26,254,2.59
2026.269.18:26:00/wx/6.20,557.7,15.6,6.79,300,2.54
2026.269.18:27:00/wx/6.10,557.7,19.2,8.03,295,2.52
2026.269.18:28:00/wx/6.00,557.7,20.0,5.55,285,2.42
2026.269.18:29:00/wx/6.10,557.7,17.4,4.66,282,2.52
2026.269.18:30:00/wx/6.18,557.7,18.5,5.98,308,2.54
2026.269.18:31:00/wx/5.90,557.7,21.8,6.63,310,2.57
2026.269.18:32:00/wx/5.80,557.7,23.4,6.94,305,2.51
2026.269.18:33:00/wx/5.70,557.7,19.8,7.12,306,2.45
2026.269.18:34:00/wx/5.70,557.7,20.3,8.52,304,2.36
2026.269.18:35:00/wx/5.63,557.7,21.9,4.77,279,2.37
2026.269.18:36:00/wx/6.00,557.7,22.0,6.22,277,2.46
2026.269.18:37:00/wx/5.80,557.7,19.7,7.91,279,2.43
2026.269.18:38:00/wx/5.70,557.7,18.0,5.27,292,2.34
2026.269.18:39:00/wx/5.80,557.6,23.2,3.83,273,2.30
2026.269.18:40:00/wx/6.03,557.6,22.2,4.20,275,2.39
2026.269.18:41:00/wx/6.10,557.6,22.9,7.61,283,2.38
2026.269.18:42:00/wx/6.01,557.6,21.1,4.80,276,2.29
2026.269.18:43:00/wx/5.91,557.6,23.5,7.56,289,2.25
2026.269.18:44:00/wx/5.80,557.6,22.3,7.03,280,2.24
2026.269.18:45:00/wx/5.69,557.6,19.8,5.09,279,2.31
2026.269.18:46:00/wx/5.70,557.6,20.7,7.06,284,2.45
2026.269.18:47:00/wx/5.70,557.6,19.4,4.97,272,2.33
2026.269.18:48:00/wx/5.70,557.5,23.2,3.66,276,2.26
2026.269.18:49:00/wx/5.70,557.5,19.9,6.53,251,2.33
2026.269.18:50:00/wx/5.64,557.5,20.7,5.34,263,2.34
2026.269.18:51:00/wx/5.60,557.5,17.3,5.31,274,2.22
2026.269.18:52:00/wx/5.70,557.5,21.1,8.10,280,2.08
2026.269.18:53:00/wx/5.70,557.5,23.5,5.14,282,2.10
2026.269.18:54:00/wx/5.50,557.5,22.7,5.38,279,2.13
2026.269.18:55:00/wx/5.46,557.5,19.8,4.53,261,2.27
2026.269.18:56:00/wx/5.41,557.5,22.5,4.42,254,2.36
2026.269.18:57:00/wx/5.40,557.5,22.0,6.70,249,2.45
2026.269.18:58:00/wx/5.40,557.5,22.5,4.74,268,2.53
2026.269.18:59:00/wx/5.50,557.5,20.9,3.84,271,2.59
2026.269.19:00:00/wx/5.60,557.5,21.6,5.49,278,2.37
2026.269.19:01:00/wx/5.60,557.5,22.9,5.80,279,2.46
2026.269.19:02:00/wx/5.40,557.6,20.2,6.57,285,2.54
2026.269.19:03:00/wx/5.20,557.5,21.8,5.66,303,2.61
2026.269.19:04:00/wx/5.20,557.5,23.4,6.13,280,2.70
2026.269.19:05:00/wx/5.25,557.5,19.4,6.40,277,2.53
2026.269.19:06:00/wx/5.30,557.5,22.5,3.61,257,2.66
2026.269.19:07:00/wx/5.48,557.5,24.7,6.99,273,2.63
2026.269.19:08:00/wx/5.10,557.5,18.3,6.88,276,2.54
2026.269.19:09:00/wx/5.10,557.5,24.8,7.43,284,2.43
2026.269.19:10:00/wx/4.90,557.6,25.7,9.27,286,2.47
2026.269.19:11:00/wx/5.00,557.5,23.3,7.70,289,2.48
2026.269.19:12:00/wx/4.90,557.5,20.7,5.86,279,2.59
2026.269.19:13:00/wx/4.97,557.5,22.5,4.92,287,2.80
2026.269.19:14:00/wx/4.90,557.5,20.2,7.83,287,2.67
2026.269.19:15:00/wx/5.00,557.5,22.9,4.28,276,2.66
2026.269.19:16:00/wx/5.20,557.5,26.4,5.54,283,2.72
2026.269.19:17:00/wx/5.22,557.4,25.3,3.09,290,2.75
2026.269.19:18:00/wx/5.30,557.5,26.2,5.35,291,2.46
2026.269.19:19:00/wx/5.30,557.5,24.1,8.18,286,2.34
2026.269.19:20:00/wx/5.14,557.4,19.3,6.06,284,2.31
2026.269.19:21:00/wx/5.10,557.4,24.3,6.68,282,2.34
2026.269.19:22:00/wx/5.20,557.4,28.8,4.89,272,2.32
2026.269.19:23:00/wx/5.02,557.4,23.0,5.90,277,2.19
2026.269.19:24:00/wx/4.89,557.4,24.9,7.05,293,2.30
2026.269.19:25:00/wx/4.90,557.4,29.2,4.00,272,2.27
2026.269.19:26:00/wx/5.10,557.5,27.1,5.12,282,2.46
2026.269.19:27:00/wx/5.00,557.5,23.0,7.08,291,2.41
2026.269.19:28:00/wx/5.11,557.4,27.6,8.95,292,2.46
2026.269.19:29:00/wx/4.90,557.4,25.0,6.21,284,2.58
2026.269.19:30:00/wx/4.81,557.5,25.2,8.57,291,2.50
2026.269.19:31:00/wx/4.70,557.5,26.4,7.42,286,2.57
2026.269.19:32:00/wx/4.81,557.5,27.4,7.52,279,2.53
2026.269.19:33:00/wx/4.60,557.4,24.9,6.41,296,2.68
2026.269.19:34:00/wx/4.70,557.4,24.0,5.62,275,2.68
2026.269.19:35:00/wx/4.76,557.4,27.0,6.07,272,2.72
2026.269.19:36:00/wx/4.80,557.4,23.5,5.23,266,2.67
2026.269.19:37:00/wx/4.80,557.4,27.1,7.69,281,2.61
2026.269.19:38:00/wx/4.70,557.4,25.0,8.87,285,2.61
2026.269.19:39:00/wx/4.69,557.4,26.4,6.79,280,2.69
2026.269.19:40:00/wx/4.60,557.4,23.3,5.74,280,2.71
2026.269.19:41:00/wx/4.70,557.4,25.3,7.43,289,2.69
2026.269.19:42:00/wx/4.70,557.4,27.4,4.26,273,2.76
2026.269.19:43:00/wx/4.70,557.4,27.5,7.50,285,2.66
2026.269.19:44:00/wx/4.60,557.4,23.4,9.00,295,2.69
2026.269.19:45:00/wx/4.50,557.4,27.6,7.84,296,2.79
2026.269.19:46:00/wx/4.40,557.4,26.1,7.83,294,2.76
2026.269.19:47:00/wx/4.30,557.4,27.7,5.47,300,2.83
2026.269.19:48:00/wx/4.38,557.4,30.0,8.56,294,2.82
2026.269.19:49:00/wx/4.62,557.3,23.9,6.26,278,2.81
2026.269.19:50:00/wx/4.70,557.4,31.8,6.88,289,2.87
2026.269.19:51:00/wx/4.60,557.3,26.8,8.26,280,2.93
2026.269.19:52:00/wx/4.56,557.4,25.4,6.84,260,2.94
2026.269.19:53:00/wx/4.31,557.4,25.0,7.27,254,2.99
2026.269.19:54:00/wx/4.30,557.4,26.8,5.95,259,2.99
2026.269.19:55:00/wx/4.30,557.4,25.4,4.71,263,3.03
2026.269.19:56:00/wx/4.40,557.4,26.2,6.12,272,3.11
2026.269.19:57:00/wx/4.46,557.4,25.2,7.89,282,3.11
2026.269.19:58:00/wx/4.30,557.3,25.9,7.46,286,3.21
2026.269.19:59:00/wx/4.30,557.4,29.3,8.01,278,3.16
2026.269.20:00:00/wx/4.40,557.4,28.6,5.88,269,3.16
2026.269.20:01:00/wx/4.50,557.3,27.2,6.20,279,3.20
2026.269.20:02:00/wx/4.50,557.3,24.1,5.25,273,3.12
2026.269.20:03:00/wx/4.40,557.3,24.1,5.83,269,3.18
2026.269.20:04:00/wx/4.50,557.3,26.6,7.13,278,3.17
2026.269.20:05:00/wx/4.60,557.3,27.3,7.80,284,3.19
2026.269.20:06:00/wx/4.59,557.3,28.9,7.69,277,3.15
2026.269.20:07:00/wx/4.30,557.3,25.5,5.45,276,3.14
2026.269.20:08:00/wx/4.50,557.3,25.8,5.87,270,3.19
2026.269.20:09:00/wx/4.40,557.3,24.7,6.10,268,3.16
2026.269.20:10:00/wx/4.40,557.3,24.6,4.03,272,3.16
2026.269.20:11:00/wx/4.40,557.3,26.6,6.89,258,3.20
2026.269.20:12:00/wx/4.56,557.2,28.7,6.36,272,3.04
2026.269.20:13:00/wx/4.60,557.3,30.7,7.63,281,3.00
2026.269.20:14:00/wx/4.39,557.3,28.3,8.01,288,3.18
2026.269.20:15:00/wx/4.40,557.3,30.5,5.62,276,3.12
2026.269.20:16:00/wx/4.49,557.3,25.9,5.01,275,3.07
2026.269.20:17:00/wx/4.40,557.3,24.5,7.25,297,3.01
2026.269.20:18:00/wx/4.30,557.2,26.5,7.13,296,3.04
2026.269.20:19:00/wx/4.20,557.3,24.0,7.47,295,3.05
2026.269.20:20:00/wx/4.30,557.3,28.5,5.30,271,3.04
2026.269.20:21:00/wx/4.20,557.3,27.2,5.10,276,3.06
2026.269.20:22:00/wx/4.20,557.3,27.7,4.57,267,3.12
2026.269.20:23:00/wx/4.40,557.3,29.2,6.63,280,3.17
2026.269.20:24:00/wx/4.30,557.3,28.1,8.71,283,3.11
2026.269.20:25:00/wx/4.20,557.3,26.3,8.39,291,3.01
2026.269.20:26:00/wx/4.12,557.3,27.5,8.58,288,2.96
2026.269.20:27:00/wx/4.07,557.3,25.6,8.16,291,3.02
2026.269.20:28:00/wx/4.20,557.3,27.2,5.03,272,3.01
2026.269.20:29:00/wx/4.20,557.3,29.0,5.89,281,3.06
2026.269.20:30:00/wx/4.20,557.3,25.4,8.98,282,3.06
2026.269.20:31:00/wx/4.30,557.3,24.9,8.81,286,3.04
2026.269.20:32:00/wx/4.20,557.3,27.1,6.12,283,3.08
2026.269.20:33:00/wx/4.40,557.3,24.2,6.59,284,3.09
2026.269.20:34:00/wx/4.50,557.3,28.0,6.41,279,3.12
2026.269.20:35:00/wx/4.50,557.3,29.2,7.14,261,3.05
2026.269.20:36:00/wx/4.30,557.3,29.6,5.33,263,3.03
2026.269.20:37:00/wx/4.23,557.3,27.0,7.19,268,3.04
2026.269.20:38:00/wx/4.20,557.3,27.6,5.64,263,3.14
2026.269.20:39:00/wx/4.04,557.3,26.8,6.72,270,3.13
2026.269.20:40:00/wx/4.00,557.3,25.6,4.98,268,3.21
2026.269.20:41:00/wx/4.10,557.3,30.0,5.54,278,3.13
2026.269.20:42:00/wx/4.13,557.3,28.6,7.69,289,3.10
2026.269.20:43:00/wx/4.20,557.3,26.1,5.51,280,3.13
2026.269.20:44:00/wx/4.20,557.3,28.3,5.25,284,3.08
2026.269.20:45:00/wx/4.11,557.3,30.0,5.67,261,3.12
2026.269.20:46:00/wx/4.20,557.3,30.9,4.28,264,3.19
2026.269.20:47:00/wx/4.13,557.3,29.2,6.33,271,3.24
2026.269.20:48:00/wx/4.10,557.3,26.7,5.65,275,3.22
2026.269.20:49:00/wx/4.20,557.3,28.9,4.67,269,3.22
2026.269.20:50:00/wx/4.02,557.3,29.5,4.02,262,3.18
2026.269.20:51:00/wx/3.90,557.3,32.5,7.30,250,3.16
2026.269.20:52:00/wx/3.77,557.3,32.9,6.45,277,3.17
2026.269.20:53:00/wx/3.90,557.3,30.5,6.69,275,3.01
2026.269.20:54:00/wx/3.90,557.3,30.4,5.78,263,2.94
2026.269.20:55:00/wx/3.91,557.3,26.9,6.06,262,2.93
2026.269.20:56:00/wx/3.90,557.4,28.6,5.13,264,2.93
2026.269.20:57:00/wx/3.90,557.4,27.7,5.44,271,2.92
2026.269.20:58:00/wx/3.90,557.4,27.3,6.49,276,2.88
2026.269.20:59:00/wx/3.90,557.3,28.8,4.30,263,2.87
2026.269.21:00:00/wx/3.80,557.4,30.2,3.94,262,2.92
2026.269.21:01:00/wx/3.80,557.4,28.7,6.26,262,2.89
2026.269.21:02:00/wx/4.00,557.4,25.6,5.32,263,2.86
2026.269.21:03:00/wx/3.90,557.4,26.8,5.59,278,2.87
2026.269.21:04:00/wx/3.80,557.4,28.2,5.70,257,2.88
2026.269.21:05:00/wx/3.80,557.4,28.5,4.59,273,2.85
2026.269.21:06:00/wx/3.79,557.4,28.2,5.50,257,2.91
2026.269.21:07:00/wx/3.60,557.4,25.6,5.41,272,2.95
2026.269.21:08:00/wx/3.70,557.4,26.1,4.93,271,2.99
2026.269.21:09:00/wx/3.64,557.4,26.8,6.62,259,3.19
2026.269.21:10:00/wx/3.49,557.4,27.7,6.33,275,3.19
2026.269.21:11:00/wx/3.50,557.4,27.9,6.31,279,3.19
2026.269.21:12:00/wx/3.50,557.4,27.7,5.42,253,3.18
2026.269.21:13:00/wx/3.50,557.4,26.4,6.33,257,3.17
2026.269.21:14:00/wx/3.50,557.5,26.9,7.08,261,3.05
2026.269.21:15:00/wx/3.49,557.5,25.5,5.66,255,3.04
2026.269.21:16:00/wx/3.50,557.5,26.0,5.07,274,2.98
2026.269.21:17:00/wx/3.50,557.5,25.6,5.76,270,2.98
2026.269.21:18:00/wx/3.50,557.5,28.8,5.93,278,3.08
2026.269.21:19:00/wx/3.40,557.5,31.0,8.21,281,3.07
2026.269.21:20:00/wx/3.40,557.5,26.8,6.35,277,3.08
2026.269.21:21:00/wx/3.30,557.5,28.6,7.81,278,3.08
2026.269.21:22:00/wx/3.20,557.5,30.7,6.27,268,3.03
2026.269.21:23:00/wx/3.30,557.5,26.5,5.33,277,2.98
2026.269.21:24:00/wx/3.30,557.5,27.1,6.93,273,2.95
2026.269.21:25:00/wx/3.19,557.5,27.9,6.05,268,3.00
2026.269.21:26:00/wx/3.30,557.6,27.5,4.50,261,3.06
2026.269.21:27:00/wx/3.20,557.6,29.2,5.70,257,3.06
2026.269.21:28:00/wx/3.20,557.6,25.8,5.52,270,3.05
2026.269.21:29:00/wx/3.20,557.6,27.7,4.94,275,3.16
2026.269.21:30:00/wx/2.99,557.6,30.3,5.67,276,3.12
2026.269.21:31:00/wx/3.10,557.6,27.2,7.03,283,3.17
2026.269.21:32:00/wx/2.90,557.6,30.2,5.18,275,3.18
2026.269.21:33:00/wx/2.90,557.6,30.5,4.28,272,3.18
2026.269.21:34:00/wx/2.94,557.6,26.9,7.53,255,3.16
2026.269.21:35:00/wx/2.90,557.6,28.3,5.34,269,3.18
2026.269.21:36:00/wx/2.90,557.6,29.1,8.59,281,3.07
2026.269.21:37:00/wx/2.90,557.6,29.5,6.28,283,3.02
2026.269.21:38:00/wx/2.80,557.6,30.6,6.95,277,2.99
2026.269.21:39:00/wx/2.90,557.6,27.6,5.34,275,3.00
2026.269.21:40:00/wx/2.71,557.6,30.3,5.73,271,2.99
2026.269.21:41:00/wx/2.82,557.6,26.3,5.87,280,2.91
2026.269.21:42:00/wx/2.72,557.6,30.8,3.81,263,3.00
2026.269.21:43:00/wx/2.79,557.6,29.5,4.71,261,3.07
2026.269.21:44:00/wx/2.66,557.6,33.0,6.38,280,3.07
2026.269.21:45:00/wx/2.70,557.6,31.9,7.56,282,3.03
2026.269.21:46:00/wx/2.60,557.6,31.9,6.54,277,2.94
2026.269.21:47:00/wx/2.50,557.6,32.1,7.23,281,2.94
2026.269.21:48:00/wx/2.60,557.6,29.5,6.13,279,3.06
2026.269.21:49:00/wx/2.60,557.5,29.0,4.78,277,3.11
2026.269.21:50:00/wx/2.60,557.6,32.2,5.03,272,3.20
2026.269.21:51:00/wx/2.57,557.6,32.5,3.93,263,3.34
2026.269.21:52:00/wx/2.41,557.6,33.4,5.63,281,3.29
2026.269.21:53:00/wx/2.40,557.6,32.8,4.21,276,3.36
2026.269.21:54:00/wx/2.40,557.5,31.6,5.14,278,3.38
2026.269.21:55:00/wx/2.50,557.5,31.7,6.03,290,3.20
2026.269.21:56:00/wx/2.50,557.6,30.5,5.20,278,3.22
2026.269.21:57:00/wx/2.50,557.6,31.6,4.40,275,3.32
2026.269.21:58:00/wx/2.40,557.6,31.4,5.25,274,3.31
2026.269.21:59:00/wx/2.47,557.6,31.6,6.00,279,3.36
2026.269.22:00:00/wx/2.40,557.6,32.7,5.83,253,3.40
2026.269.22:01:00/wx/2.50,557.6,31.7,4.56,272,3.42
2026.269.22:02:00/wx/2.40,557.6,32.5,4.44,273,3.46
2026.269.22:03:00/wx/2.17,557.7,34.4,4.01,267,3.51
2026.269.22:04:00/wx/2.20,557.7,31.4,4.60,266,3.46
2026.269.22:05:00/wx/2.10,557.7,32.9,4.46,262,3.46
2026.269.22:06:00/wx/2.10,557.7,34.2,4.75,267,3.52
2026.269.22:07:00/wx/2.20,557.7,33.6,3.74,275,3.55
2026.269.22:08:00/wx/2.00,557.7,35.2,4.15,278,3.62
2026.269.22:09:00/wx/1.90,557.7,35.3,3.39,268,3.69
2026.269.22:10:00/wx/2.00,557.7,34.0,3.79,280,3.73
2026.269.22:11:00/wx/1.90,557.8,36.0,3.44,275,3.70
2026.269.22:12:00/wx/1.70,557.7,37.2,4.42,279,3.64
2026.269.22:13:00/wx/1.62,557.7,36.8,3.55,265,3.73
2026.269.22:14:00/wx/1.68,557.7,32.7,3.91,271,3.75
2026.269.22:15:00/wx/1.70,557.7,31.8,3.03,267,3.72
2026.269.22:16:00/wx/1.70,557.7,33.1,3.99,280,3.76
2026.269.22:17:00/wx/1.80,557.7,30.7,4.13,281,3.78
2026.269.22:18:00/wx/1.70,557.8,31.7,5.30,283,3.82
2026.269.22:19:00/wx/1.70,557.8,32.4,4.16,279,3.86
2026.269.22:20:00/wx/1.50,557.8,33.8,5.32,280,3.87
2026.269.22:21:00/wx/1.60,557.8,33.8,3.95,280,3.88
2026.269.22:22:00/wx/1.50,557.8,34.8,3.53,277,3.88
2026.269.22:23:00/wx/1.68,557.7,31.3,3.89,262,3.86
2026.269.22:24:00/wx/1.80,557.8,29.3,4.02,264,3.82
2026.269.22:25:00/wx/1.90,557.8,28.8,3.80,259,3.88
2026.269.22:26:00/wx/1.90,557.8,29.6,3.73,261,3.93
2026.269.22:27:00/wx/1.80,557.8,30.3,3.13,271,3.95
2026.269.22:28:00/wx/1.81,557.8,30.6,2.57,273,3.91
2026.269.22:29:00/wx/1.70,557.8,30.8,2.69,267,3.97
2026.269.22:30:00/wx/1.70,557.8,31.7,2.64,275,3.97
2026.269.22:31:00/wx/1.53,557.8,32.3,2.97,263,3.92
2026.269.22:32:00/wx/1.30,557.8,32.0,3.49,260,3.93
2026.269.22:33:00/wx/1.35,557.8,30.9,3.69,261,3.96
2026.269.22:34:00/wx/1.60,557.8,29.6,3.85,255,3.94
2026.269.22:35:00/wx/1.60,557.8,29.7,4.55,253,4.02
2026.269.22:36:00/wx/1.42,557.9,31.3,3.78,258,4.03
2026.269.22:37:00/wx/1.61,557.8,29.1,3.30,263,4.01
2026.269.22:38:00/wx/1.60,557.8,29.7,3.84,255,4.08
2026.269.22:39:00/wx/1.30,557.8,31.7,3.63,258,4.09
2026.269.22:40:00/wx/1.40,557.9,31.6,3.25,270,4.12
2026.269.22:41:00/wx/1.40,557.8,31.9,3.02,278,4.17
2026.269.22:42:00/wx/1.50,557.9,30.5,3.19,273,4.15
2026.269.22:43:00/wx/1.30,557.8,33.6,3.08,281,4.08
2026.269.22:44:00/wx/1.10,557.8,35.2,3.23,292,4.08
2026.269.22:45:00/wx/1.00,557.8,36.6,3.23,283,4.12
2026.269.22:46:00/wx/1.10,557.8,34.9,3.59,282,4.14
2026.269.22:47:00/wx/1.00,557.8,35.1,2.99,273,4.18
2026.269.22:48:00/wx/0.84,557.9,35.2,3.51,276,4.20
2026.269.22:49:00/wx/0.89,557.9,34.2,4.14,260,4.22
2026.269.22:50:00/wx/0.93,557.9,33.4,3.22,265,4.19
2026.269.22:51:00/wx/1.00,557.9,33.2,4.08,264,4.19
2026.269.22:52:00/wx/1.10,557.9,32.5,4.19,260,4.19
2026.269.22:53:00/wx/1.20,557.9,32.0,3.86,267,4.18
2026.269.22:54:00/wx/1.30,557.9,31.6,3.83,266,4.19
2026.269.22:55:00/wx/1.30,557.9,31.3,3.98,268,4.16
2026.269.22:56:00/wx/1.40,557.9,30.0,3.82,269,4.14
2026.269.22:57:00/wx/1.40,557.9,30.3,3.96,278,4.11
2026.269.22:58:00/wx/1.15,557.9,32.9,4.38,281,4.07
2026.269.22:59:00/wx/0.70,557.9,37.3,4.63,297,3.96
2026.269.23:00:00/wx/0.80,557.9,36.1,4.57,292,3.91
2026.269.23:01:00/wx/0.80,557.9,35.8,4.63,295,3.92
2026.269.23:02:00/wx/0.79,557.9,37.1,4.83,295,3.92
2026.269.23:03:00/wx/0.86,557.9,35.3,5.00,285,3.95
2026.269.23:04:00/wx/0.90,558.0,35.4,4.93,291,3.96
2026.269.23:05:00/wx/0.80,557.9,35.7,4.86,287,3.97
2026.269.23:06:00/wx/0.60,557.9,37.3,5.20,285,4.00
2026.269.23:07:00/wx/0.60,557.9,36.6,4.71,285,4.02
2026.269.23:08:00/wx/0.43,557.9,37.8,4.33,282,4.05
2026.269.23:09:00/wx/0.30,557.9,39.0,4.73,284,4.03
2026.269.23:10:00/wx/0.30,557.9,38.9,4.61,290,4.06
2026.269.23:11:00/wx/0.30,557.9,39.3,4.50,290,4.04
2026.269.23:12:00/wx/0.40,557.9,38.8,4.26,292,4.08
2026.269.23:13:00/wx/0.23,557.9,39.7,4.13,295,4.22
2026.269.23:14:00/wx/0.00,557.9,41.6,4.13,292,4.24
2026.269.23:15:00/wx/0.00,557.9,41.6,4.49,289,4.27
2026.269.23:16:00/wx/0.29,557.9,38.9,4.36,283,4.24
2026.269.23:17:00/wx/0.38,557.9,38.5,4.67,289,4.23
2026.269.23:18:00/wx/0.23,557.9,39.5,4.76,288,4.22
2026.269.23:19:00/wx/0.30,557.9,39.2,3.93,280,4.19
2026.269.23:20:00/wx/0.20,557.9,40.2,3.78,278,4.19
2026.269.23:21:00/wx/0.20,557.9,40.3,3.23,277,4.19
2026.269.23:22:00/wx/0.30,557.9,39.1,3.97,279,4.10
2026.269.23:23:00/wx/0.40,557.9,38.5,3.11,278,4.07
2026.269.23:24:00/wx/0.30,557.9,38.5,2.97,274,4.12
2026.269.23:25:00/wx/0.40,557.9,37.7,3.39,279,4.15
2026.269.23:26:00/wx/0.21,557.9,39.4,3.44,294,4.17
2026.269.23:27:00/wx/-0.51,557.9,44.9,3.36,319,4.13
2026.269.23:28:00/wx/-0.70,557.9,46.0,3.20,327,4.17
2026.269.23:29:00/wx/-0.60,557.9,44.8,3.13,319,4.19
2026.269.23:30:00/wx/-0.40,557.9,43.2,3.14,320,4.13
2026.269.23:31:00/wx/-0.30,557.9,41.8,2.94,308,4.14
2026.269.23:32:00/wx/-0.27,557.9,41.6,3.22,317,4.16
2026.269.23:33:00/wx/-0.10,557.8,40.2,3.64,313,4.20
2026.269.23:34:00/wx/0.10,557.9,38.8,3.33,306,4.16
2026.269.23:35:00/wx/0.00,557.9,39.0,2.93,311,4.15
2026.269.23:36:00/wx/0.00,557.9,38.8,3.63,313,4.17
2026.269.23:37:00/wx/0.21,557.8,37.9,3.38,318,4.27
2026.269.23:38:00/wx/0.10,557.9,38.5,3.37,313,4.19
2026.269.23:39:00/wx/0.10,557.9,38.1,3.47,317,4.24
2026.269.23:40:00/wx/-0.25,557.9,40.8,3.32,308,4.34
2026.269.23:41:00/wx/-0.30,557.9,40.2,3.53,309,4.32
2026.269.23:42:00/wx/-0.10,557.9,38.7,3.66,315,4.29
2026.269.23:43:00/wx/-0.15,557.9,39.5,3.12,312,4.31
2026.269.23:44:00/wx/-0.30,557.9,40.7,3.44,310,4.28
2026.269.23:45:00/wx/-0.41,557.9,41.2,3.53,303,4.25
2026.269.23:46:00/wx/-0.40,557.9,40.7,3.23,292,4.24
2026.269.23:47:00/wx/-0.37,557.9,40.3,3.51,305,4.24
2026.269.23:48:00/wx/-0.10,557.9,38.3,3.53,307,4.26
2026.269.23:49:00/wx/-0.11,557.9,38.7,3.52,313,4.30
2026.269.23:50:00/wx/-0.20,557.9,39.6,3.14,314,4.27
2026.269.23:51:00/wx/-0.30,557.9,40.2,2.93,319,4.24
2026.269.23:52:00/wx/-0.50,557.9,41.3,2.97,340,4.30
2026.269.23:53:00/wx/-0.61,557.9,41.9,2.76,341,4.31
2026.269.23:54:00/wx/-1.01,557.9,43.6,4.84,351,4.29
2026.269.23:55:00/wx/-0.30,557.9,38.4,4.13,355,4.21
2026.269.23:56:00/wx/0.00,557.9,36.9,4.43,349,4.21
2026.269.23:57:00/wx/-0.25,557.9,39.1,4.19,342,4.22
2026.269.23:58:00/wx/0.11,557.9,36.2,3.39,345,4.22
2026.269.23:59:00/wx/-0.13,557.9,38.1,3.37,342,4.22
2026.270.00:00:00/wx/0.07,557.9,37.1,3.30,342,4.09
2026.270.00:01:00/wx/0.00,557.9,36.9,2.93,334,4.05
2026.270.00:02:00/wx/-0.15,557.9,37.7,3.21,350,4.06
2026.270.00:03:00/wx/0.29,557.9,34.4,3.66,348,4.06
2026.270.00:04:00/wx/0.30,557.9,35.0,3.78,339,4.08
2026.270.00:05:00/wx/0.20,557.9,35.1,3.43,339,4.08
2026.270.00:06:00/wx/0.31,557.9,34.3,3.72,330,4.07
2026.270.00:07:00/wx/0.70,557.9,31.9,3.46,332,4.12
2026.270.00:08:00/wx/0.80,557.9,31.6,3.82,327,4.09
2026.270.00:09:00/wx/0.67,557.9,33.0,3.70,331,4.07
2026.270.00:10:00/wx/0.77,557.9,31.9,3.46,335,4.05
2026.270.00:11:00/wx/0.30,557.9,35.1,3.65,311,4.08
2026.270.00:12:00/wx/0.75,557.9,31.9,3.56,313,4.04
2026.270.00:13:00/wx/1.00,557.9,30.3,3.41,323,4.11
2026.270.00:14:00/wx/0.86,557.9,32.2,3.78,327,4.21
2026.270.00:15:00/wx/0.62,557.9,33.9,4.80,338,4.21
2026.270.00:16:00/wx/1.20,557.9,30.8,4.83,338,4.20
2026.270.00:17:00/wx/0.97,558.0,31.7,3.67,338,4.23
2026.270.00:18:00/wx/-0.29,557.9,39.5,4.80,337,4.21
2026.270.00:19:00/wx/0.37,558.0,34.4,4.64,335,4.19
2026.270.00:20:00/wx/0.61,558.0,32.8,4.13,331,4.18
2026.270.00:21:00/wx/0.61,558.0,33.5,4.87,331,4.20
2026.270.00:22:00/wx/0.91,558.0,32.9,4.69,336,4.21
2026.270.00:23:00/wx/1.10,558.1,31.4,4.83,335,4.20
2026.270.00:24:00/wx/1.34,558.1,30.8,4.49,329,4.26
2026.270.00:25:00/wx/1.43,558.1,31.1,4.51,333,4.26
2026.270.00:26:00/wx/1.10,558.1,31.9,4.57,335,4.19
2026.270.00:27:00/wx/0.95,558.0,33.0,4.82,333,4.18
2026.270.00:28:00/wx/1.11,558.1,32.0,4.61,328,4.20
2026.270.00:29:00/wx/0.94,558.1,33.4,4.72,336,4.23
2026.270.00:30:00/wx/0.90,558.1,33.5,4.14,329,4.23
2026.270.00:31:00/wx/0.39,558.1,37.0,4.24,333,4.19
2026.270.00:32:00/wx/0.25,558.1,38.1,4.92,336,4.21
2026.270.00:33:00/wx/1.09,558.1,34.4,4.94,330,4.18
2026.270.00:34:00/wx/1.17,558.1,34.8,5.21,337,4.18
2026.270.00:35:00/wx/1.00,558.1,36.4,5.29,335,4.23
2026.270.00:36:00/wx/1.31,558.2,35.5,4.91,336,4.25
2026.270.00:37:00/wx/0.79,558.2,38.1,4.96,336,4.26
2026.270.00:38:00/wx/0.71,558.2,38.9,5.16,337,4.24
2026.270.00:39:00/wx/0.63,558.2,39.9,5.02,330,4.21
2026.270.00:40:00/wx/1.03,558.2,38.0,4.58,323,4.21
2026.270.00:41:00/wx/0.99,558.2,38.1,4.72,317,4.08
2026.270.00:42:00/wx/0.51,558.2,41.0,3.80,330,4.09
2026.270.00:43:00/wx/1.32,558.2,37.0,2.93,313,4.10
2026.270.00:44:00/wx/0.70,558.2,39.9,3.71,327,4.16
2026.270.00:45:00/wx/0.66,558.2,40.2,4.58,336,4.18
2026.270.00:46:00/wx/0.50,558.2,41.0,4.93,335,4.20
2026.270.00:47:00/wx/1.15,558.2,37.6,4.59,334,4.21
2026.270.00:48:00/wx/1.30,558.2,37.1,4.74,336,4.19
2026.270.00:49:00/wx/1.50,558.2,35.9,4.27,338,4.16
2026.270.00:50:00/wx/1.72,558.3,35.3,4.36,331,4.18
2026.270.00:51:00/wx/1.50,558.2,36.2,4.23,330,4.16
2026.270.00:52:00/wx/1.11,558.3,38.2,3.70,332,4.21
2026.270.00:53:00/wx/1.08,558.3,38.0,4.54,335,4.14
2026.270.00:54:00/wx/1.52,558.3,36.2,4.18,335,4.23
2026.270.00:55:00/wx/1.80,558.3,34.7,4.35,332,4.23
2026.270.00:56:00/wx/1.80,558.3,34.8,3.93,331,4.29
2026.270.00:57:00/wx/2.21,558.3,33.0,4.26,336,4.17
2026.270.00:58:00/wx/2.22,558.3,32.9,4.25,322,4.21
2026.270.00:59:00/wx/2.10,558.3,33.6,4.49,334,4.11
2026.270.01:00:00/wx/1.90,558.3,34.2,4.47,338,4.11
2026.270.01:01:00/wx/2.20,558.3,32.9,4.23,336,4.11
2026.270.01:02:00/wx/2.17,558.3,33.3,4.41,336,4.20
2026.270.01:03:00/wx/2.10,558.3,33.4,4.40,338,4.16
2026.270.01:04:00/wx/1.79,558.3,35.0,5.02,335,4.15
2026.270.01:05:00/wx/1.90,558.3,34.5,4.45,334,4.16
2026.270.01:06:00/wx/2.10,558.3,33.7,4.53,336,4.12
2026.270.01:07:00/wx/2.16,558.4,33.6,4.37,332,4.15
2026.270.01:08:00/wx/2.01,558.4,34.2,4.35,335,4.19
2026.270.01:09:00/wx/1.39,558.4,37.0,3.94,335,4.21
2026.270.01:10:00/wx/1.50,558.4,36.0,4.13,334,4.19
2026.270.01:11:00/wx/1.60,558.4,35.4,4.43,332,4.18
2026.270.01:12:00/wx/1.80,558.4,34.7,4.29,333,4.18
2026.270.01:13:00/wx/2.00,558.4,34.7,4.66,330,4.17
2026.270.01:14:00/wx/1.59,558.4,36.3,4.77,330,4.13
2026.270.01:15:00/wx/1.96,558.4,34.6,4.52,335,4.11
2026.270.01:16:00/wx/1.70,558.4,35.4,4.93,344,4.11
2026.270.01:17:00/wx/1.97,558.4,34.3,4.52,323,4.09
2026.270.01:18:00/wx/1.68,558.4,35.7,3.81,325,4.07
2026.270.01:19:00/wx/1.39,558.4,36.7,4.13,326,4.13
2026.270.01:20:00/wx/1.45,558.4,36.8,4.59,338,4.03
2026.270.01:21:00/wx/1.70,558.4,35.4,4.71,343,4.02
2026.270.01:22:00/wx/1.93,558.4,34.9,4.28,336,4.02
2026.270.01:23:00/wx/1.78,558.4,35.4,4.11,331,3.99
2026.270.01:24:00/wx/1.89,558.4,34.6,3.77,339,3.98
2026.270.01:25:00/wx/1.31,558.4,37.1,4.23,342,4.00
2026.270.01:26:00/wx/1.69,558.4,35.8,4.52,336,3.96
2026.270.01:27:00/wx/1.80,558.4,35.2,4.43,337,3.90
2026.270.01:28:00/wx/1.97,558.4,34.6,4.22,336,3.93
2026.270.01:29:00/wx/2.00,558.4,34.1,3.93,333,3.76
2026.270.01:30:00/wx/2.01,558.4,34.0,3.85,331,3.78
2026.270.01:31:00/wx/1.70,558.4,35.4,4.32,334,3.75
2026.270.01:32:00/wx/1.21,558.4,37.1,3.24,326,3.80
2026.270.01:33:00/wx/1.07,558.4,38.1,4.10,335,3.87
2026.270.01:34:00/wx/1.50,558.5,35.5,4.82,337,3.84
2026.270.01:35:00/wx/1.49,558.4,35.6,5.27,337,3.82
2026.270.01:36:00/wx/1.12,558.4,37.6,4.36,348,3.75
2026.270.01:37:00/wx/0.03,558.4,42.7,4.83,337,3.83
2026.270.01:38:00/wx/0.46,558.4,41.3,4.12,325,3.88
2026.270.01:39:00/wx/1.01,558.4,39.2,4.37,321,3.91
2026.270.01:40:00/wx/1.15,558.4,38.5,4.53,317,3.89
2026.270.01:41:00/wx/1.00,558.4,39.4,4.15,333,3.81
2026.270.01:42:00/wx/1.17,558.4,38.4,4.06,334,3.82
2026.270.01:43:00/wx/1.10,558.4,38.4,4.54,337,3.82
2026.270.01:44:00/wx/1.21,558.4,38.3,4.53,335,3.72
2026.270.01:45:00/wx/1.35,558.4,37.7,4.31,332,3.76
2026.270.01:46:00/wx/0.63,558.4,40.8,4.27,328,3.83
2026.270.01:47:00/wx/1.56,558.4,37.5,3.55,333,3.84
2026.270.01:48:00/wx/1.33,558.4,38.2,3.89,322,3.80
2026.270.01:49:00/wx/1.70,558.4,36.6,3.93,322,3.77
2026.270.01:50:00/wx/1.50,558.4,37.1,4.42,326,3.71
2026.270.01:51:00/wx/1.22,558.4,37.8,4.10,332,3.70
2026.270.01:52:00/wx/1.22,558.5,38.3,3.92,331,3.70
2026.270.01:53:00/wx/0.90,558.4,40.0,3.66,335,3.71
2026.270.01:54:00/wx/0.80,558.4,40.0,3.73,325,3.70
2026.270.01:55:00/wx/0.94,558.5,39.3,3.96,333,3.72
2026.270.01:56:00/wx/1.09,558.4,38.7,4.32,330,3.76
2026.270.01:57:00/wx/1.40,558.5,37.2,3.82,332,3.75
2026.270.01:58:00/wx/1.40,558.5,37.7,4.07,331,3.76
2026.270.01:59:00/wx/1.40,558.5,37.5,4.33,333,3.82
2026.270.02:00:00/wx/1.74,558.5,36.0,3.61,327,3.82
2026.270.02:01:00/wx/1.90,558.5,35.1,3.84,335,3.84
2026.270.02:02:00/wx/2.10,558.5,34.6,3.39,334,3.89
2026.270.02:03:00/wx/2.10,558.5,34.5,4.19,329,3.91
2026.270.02:04:00/wx/2.00,558.5,34.7,3.73,334,3.89
2026.270.02:05:00/wx/1.90,558.5,34.8,3.71,339,3.89
2026.270.02:06:00/wx/1.50,558.5,36.6,3.65,328,3.85
2026.270.02:07:00/wx/1.50,558.5,36.8,3.73,333,3.86
2026.270.02:08:00/wx/1.90,558.5,34.9,3.66,332,3.81
2026.270.02:09:00/wx/2.20,558.5,33.7,3.35,334,3.78
2026.270.02:10:00/wx/2.05,558.5,34.2,3.69,337,3.74
2026.270.02:11:00/wx/2.00,558.5,34.3,3.77,336,3.71
2026.270.02:12:00/wx/2.10,558.5,33.7,3.74,329,3.62
2026.270.02:13:00/wx/2.10,558.5,33.8,4.59,336,3.64
2026.270.02:14:00/wx/2.10,558.5,33.8,4.32,336,3.60
2026.270.02:15:00/wx/2.15,558.5,33.9,3.90,332,3.60
2026.270.02:16:00/wx/1.10,558.5,37.9,4.04,334,3.54
2026.270.02:17:00/wx/1.73,558.5,35.1,3.86,334,3.59
2026.270.02:18:00/wx/2.10,558.5,33.5,4.00,336,3.55
2026.270.02:19:00/wx/1.81,558.5,34.5,3.83,337,3.60
2026.270.02:20:00/wx/1.94,558.5,34.0,4.51,337,3.55
2026.270.02:21:00/wx/1.90,558.5,34.1,4.83,340,3.62
2026.270.02:22:00/wx/1.88,558.5,34.2,4.48,339,3.63
2026.270.02:23:00/wx/1.64,558.5,34.9,4.56,329,3.62
2026.270.02:24:00/wx/1.70,558.5,34.5,5.32,337,3.59
2026.270.02:25:00/wx/1.60,558.5,34.2,5.15,335,3.58
2026.270.02:26:00/wx/1.51,558.5,34.8,5.12,340,3.55
2026.270.02:27:00/wx/1.40,558.5,34.9,5.13,340,3.63
2026.270.02:28:00/wx/1.60,558.5,34.1,4.86,342,3.69
2026.270.02:29:00/wx/2.00,558.5,33.0,4.54,343,3.56
2026.270.02:30:00/wx/1.54,558.5,34.2,4.63,342,3.53
2026.270.02:31:00/wx/1.50,558.5,35.0,4.65,341,3.54
2026.270.02:32:00/wx/1.41,558.5,35.4,4.38,335,3.53
2026.270.02:33:00/wx/1.58,558.5,34.9,4.54,339,3.54
2026.270.02:34:00/wx/1.58,558.5,35.0,4.47,339,3.53
2026.270.02:35:00/wx/1.44,558.4,36.2,4.71,338,3.45
2026.270.02:36:00/wx/1.10,558.4,37.5,4.33,337,3.48
2026.270.02:37:00/wx/1.40,558.4,36.4,4.37,337,3.48
2026.270.02:38:00/wx/1.60,558.4,36.0,4.50,336,3.54
2026.270.02:39:00/wx/1.70,558.4,35.5,4.51,335,3.49
2026.270.02:40:00/wx/1.70,558.4,35.4,4.26,336,3.48
2026.270.02:41:00/wx/1.60,558.4,35.6,4.43,335,3.44
2026.270.02:42:00/wx/1.57,558.4,35.6,4.47,338,3.40
2026.270.02:43:00/wx/1.51,558.4,35.7,4.83,338,3.37
2026.270.02:44:00/wx/1.60,558.4,35.5,4.42,333,3.29
2026.270.02:45:00/wx/1.60,558.4,35.1,4.58,332,3.21
2026.270.02:46:00/wx/1.60,558.4,34.9,4.13,327,3.23
2026.270.02:47:00/wx/1.60,558.4,34.8,4.18,331,3.25
2026.270.02:48:00/wx/1.42,558.4,35.9,4.45,331,3.29
2026.270.02:49:00/wx/1.11,558.4,36.8,4.13,330,3.37
2026.270.02:50:00/wx/1.23,558.4,36.1,4.87,335,3.32
2026.270.02:51:00/wx/1.30,558.4,35.7,4.33,331,3.31
2026.270.02:52:00/wx/1.50,558.4,35.0,4.50,337,3.37
2026.270.02:53:00/wx/1.51,558.4,34.7,4.65,335,3.56
2026.270.02:54:00/wx/1.40,558.3,34.9,4.71,341,3.39
2026.270.02:55:00/wx/1.10,558.3,36.0,4.85,338,3.31
2026.270.02:56:00/wx/1.10,558.4,35.9,5.14,338,3.29
2026.270.02:57:00/wx/1.10,558.3,35.8,4.69,338,3.28
2026.270.02:58:00/wx/1.00,558.3,36.3,4.60,336,3.35
2026.270.02:59:00/wx/1.23,558.3,35.6,4.67,338,3.25
2026.270.03:00:00/wx/1.17,558.3,35.8,4.99,339,3.19
2026.270.03:01:00/wx/1.10,558.3,36.2,4.33,339,3.22
2026.270.03:02:00/wx/1.04,558.3,36.5,4.60,336,3.28
2026.270.03:03:00/wx/1.00,558.3,36.6,4.73,335,3.29
2026.270.03:04:00/wx/1.00,558.3,36.5,4.53,337,3.36
2026.270.03:05:00/wx/1.00,558.3,36.3,4.47,332,3.38
2026.270.03:06:00/wx/1.20,558.3,35.6,4.13,329,3.34
2026.270.03:07:00/wx/1.30,558.3,35.3,4.15,335,3.34
2026.270.03:08:00/wx/1.20,558.2,35.7,4.53,341,3.29
2026.270.03:09:00/wx/1.08,558.2,36.3,4.50,341,3.35
2026.270.03:10:00/wx/1.20,558.2,36.0,4.49,337,3.33
2026.270.03:11:00/wx/1.30,558.2,35.5,4.43,338,3.33
2026.270.03:12:00/wx/1.30,558.2,35.8,4.44,342,3.35
2026.270.03:13:00/wx/1.10,558.2,36.5,4.62,346,3.36
2026.270.03:14:00/wx/1.14,558.2,36.2,4.80,340,3.34
2026.270.03:15:00/wx/1.40,558.2,34.9,4.48,339,3.31
2026.270.03:16:00/wx/1.50,558.1,34.6,4.33,340,3.28
2026.270.03:17:00/wx/1.54,558.1,34.1,4.17,337,3.30
2026.270.03:18:00/wx/1.50,558.1,33.9,3.92,340,3.29
2026.270.03:19:00/wx/1.40,558.1,34.3,4.08,341,3.29
2026.270.03:20:00/wx/1.50,558.1,33.9,4.40,344,3.37
2026.270.03:21:00/wx/1.29,558.1,34.4,4.87,342,3.41
2026.270.03:22:00/wx/1.50,558.2,33.5,4.89,341,3.39
2026.270.03:23:00/wx/1.50,558.2,33.5,4.83,338,3.38
2026.270.03:24:00/wx/1.53,558.1,33.3,4.20,338,3.29
2026.270.03:25:00/wx/1.81,558.1,32.6,4.11,339,3.26
2026.270.03:26:00/wx/1.40,558.1,33.8,4.60,338,3.26
2026.270.03:27:00/wx/1.40,558.1,33.7,4.53,339,3.33
2026.270.03:28:00/wx/1.30,558.1,33.5,4.43,342,3.33
2026.270.03:29:00/wx/1.40,558.1,33.3,4.56,342,3.26
2026.270.03:30:00/wx/1.50,558.1,32.9,4.16,341,3.25
2026.270.03:31:00/wx/1.70,558.1,32.3,4.03,342,3.27
2026.270.03:32:00/wx/1.80,558.1,31.9,3.89,340,3.29
2026.270.03:33:00/wx/1.70,558.1,32.1,4.33,341,3.28
2026.270.03:34:00/wx/1.60,558.1,32.7,4.50,344,3.28
2026.270.03:35:00/wx/1.70,558.1,32.4,4.53,343,3.27
2026.270.03:36:00/wx/1.71,558.1,32.5,4.42,342,3.26
2026.270.03:37:00/wx/1.54,558.1,33.1,4.13,339,3.27
2026.270.03:38:00/wx/1.50,558.1,33.1,3.93,340,3.24
2026.270.03:39:00/wx/1.53,558.1,32.9,3.96,341,3.21
2026.270.03:40:00/wx/1.50,558.0,33.0,4.26,340,3.23
2026.270.03:41:00/wx/1.38,558.1,33.3,4.33,341,3.28
2026.270.03:42:00/wx/1.15,558.0,34.4,4.15,340,3.26
2026.270.03:43:00/wx/0.90,558.0,35.3,4.73,343,3.34
2026.270.03:44:00/wx/1.10,558.0,34.8,4.56,341,3.36
2026.270.03:45:00/wx/1.10,558.0,34.8,4.49,339,3.28
2026.270.03:46:00/wx/1.30,558.0,34.2,4.12,335,3.32
2026.270.03:47:00/wx/1.20,558.0,34.4,4.38,340,3.32
2026.270.03:48:00/wx/1.20,558.0,34.4,4.33,338,3.33
2026.270.03:49:00/wx/1.10,558.0,34.6,4.63,338,3.34
2026.270.03:50:00/wx/1.10,558.0,34.6,4.53,338,3.35
2026.270.03:51:00/wx/1.00,558.0,34.9,4.74,338,3.45
2026.270.03:52:00/wx/0.79,558.0,35.4,4.98,337,3.43
2026.270.03:53:00/wx/0.90,558.0,34.9,4.91,339,3.45
2026.270.03:54:00/wx/0.69,558.0,35.7,5.26,337,3.39
2026.270.03:55:00/wx/0.90,558.0,35.0,4.69,337,3.31
2026.270.03:56:00/wx/0.90,558.0,34.6,4.33,334,3.32
2026.270.03:57:00/wx/0.80,558.0,34.8,4.27,336,3.42
2026.270.03:58:00/wx/0.50,557.9,36.0,5.33,342,3.52
2026.270.03:59:00/wx/0.23,558.0,36.8,5.56,343,3.51
2026.270.04:00:00/wx/0.50,557.9,35.9,4.97,339,3.32
2026.270.04:01:00/wx/0.50,557.9,35.9,4.13,332,3.30
2026.270.04:02:00/wx/0.76,557.9,35.2,4.40,335,3.36
2026.270.04:03:00/wx/0.70,557.9,35.0,4.82,337,3.47
2026.270.04:04:00/wx/0.34,557.9,36.3,5.80,343,3.50
2026.270.04:05:00/wx/0.34,557.9,36.7,5.43,336,3.42
2026.270.04:06:00/wx/0.70,557.9,35.3,4.73,337,3.26
2026.270.04:07:00/wx/0.80,557.9,35.1,4.18,337,3.26
2026.270.04:08:00/wx/0.71,557.8,35.3,4.63,336,3.32
2026.270.04:09:00/wx/0.52,557.8,35.6,5.25,340,3.34
2026.270.04:10:00/wx/0.41,557.9,36.0,5.11,340,3.40
2026.270.04:11:00/wx/0.10,557.8,37.4,5.03,340,3.30
2026.270.04:12:00/wx/0.75,557.8,35.3,4.33,337,3.36
2026.270.04:13:00/wx/1.10,557.8,34.0,4.54,335,3.31
2026.270.04:14:00/wx/1.10,557.8,34.0,4.55,338,3.33
2026.270.04:15:00/wx/1.09,557.8,33.7,4.16,339,3.30
2026.270.04:16:00/wx/1.20,557.8,33.4,4.44,339,3.38
2026.270.04:17:00/wx/0.99,557.8,34.2,4.88,339,3.37
2026.270.04:18:00/wx/1.00,557.8,34.2,4.94,340,3.35
2026.270.04:19:00/wx/1.10,557.7,34.1,4.51,340,3.31
2026.270.04:20:00/wx/1.14,557.7,33.9,4.53,337,3.37
2026.270.04:21:00/wx/1.00,557.7,34.5,4.85,336,3.40
2026.270.04:22:00/wx/1.00,557.8,34.5,4.84,332,3.39
2026.270.04:23:00/wx/1.20,557.8,33.8,4.73,330,3.38
2026.270.04:24:00/wx/1.10,557.7,34.1,4.83,334,3.39
2026.270.04:25:00/wx/0.83,557.7,35.4,4.87,336,3.40
2026.270.04:26:00/wx/-0.01,557.8,38.2,4.83,335,3.41
2026.270.04:27:00/wx/-0.16,557.7,39.1,4.61,331,3.36
2026.270.04:28:00/wx/0.00,557.8,38.4,4.82,335,3.37
2026.270.04:29:00/wx/0.20,557.8,37.6,5.03,333,3.33
2026.270.04:30:00/wx/0.47,557.8,36.9,4.69,332,3.37
2026.270.04:31:00/wx/0.70,557.8,35.9,4.63,330,3.37
2026.270.04:32:00/wx/0.85,557.8,35.6,4.69,333,3.38
2026.270.04:33:00/wx/0.71,557.8,36.2,4.44,337,3.33
2026.270.04:34:00/wx/0.15,557.8,37.9,4.04,332,3.33
2026.270.04:35:00/wx/-0.51,557.8,40.8,4.47,331,3.33
2026.270.04:36:00/wx/-0.30,557.8,39.8,4.43,336,3.30
2026.270.04:37:00/wx/-0.71,557.8,41.6,4.46,334,3.25
2026.270.04:38:00/wx/-0.40,557.8,40.8,4.82,336,3.23
2026.270.04:39:00/wx/-0.16,557.8,39.5,4.32,333,3.21
2026.270.04:40:00/wx/-0.37,557.8,40.1,4.48,337,3.21
2026.270.04:41:00/wx/-0.59,557.7,41.4,4.82,337,3.18
2026.270.04:42:00/wx/-0.60,557.7,41.4,4.69,337,3.18
2026.270.04:43:00/wx/-0.10,557.7,39.6,4.44,337,3.14
2026.270.04:44:00/wx/0.00,557.7,39.0,4.60,336,3.14
2026.270.04:45:00/wx/0.21,557.7,38.2,4.41,335,3.16
2026.270.04:46:00/wx/0.12,557.7,38.4,4.35,329,3.19
2026.270.04:47:00/wx/0.18,557.7,38.1,4.32,332,3.18
2026.270.04:48:00/wx/-0.10,557.7,38.6,4.13,329,3.22
2026.270.04:49:00/wx/0.15,557.7,37.8,3.00,316,3.22
2026.270.04:50:00/wx/-1.09,557.7,42.5,2.89,321,3.23
2026.270.04:51:00/wx/-1.41,557.7,43.9,3.21,315,3.27
2026.270.04:52:00/wx/-1.60,557.7,44.1,3.10,301,3.17
2026.270.04:53:00/wx/-1.50,557.7,44.0,3.03,302,3.18
2026.270.04:54:00/wx/-1.50,557.7,43.7,3.05,309,3.14
2026.270.04:55:00/wx/-1.50,557.7,44.1,3.24,314,3.17
2026.270.04:56:00/wx/-1.51,557.8,44.1,2.54,316,3.14
2026.270.04:57:00/wx/-1.76,557.7,44.9,2.61,311,3.16
2026.270.04:58:00/wx/-2.10,557.7,45.9,2.83,314,3.15
2026.270.04:59:00/wx/-2.40,557.7,47.2,3.20,319,3.15
2026.270.05:00:00/wx/-2.13,557.7,46.9,3.65,331,3.18
2026.270.05:01:00/wx/-1.88,557.7,46.2,3.84,331,3.22
2026.270.05:02:00/wx/-0.99,557.7,42.9,4.12,327,3.21
2026.270.05:03:00/wx/-1.00,557.7,42.4,4.03,328,3.20
2026.270.05:04:00/wx/-0.89,557.7,42.2,4.18,326,3.26
2026.270.05:05:00/wx/-0.99,557.7,42.7,4.09,329,3.23
2026.270.05:06:00/wx/-1.10,557.7,43.1,4.26,330,3.27
2026.270.05:07:00/wx/-0.90,557.7,42.0,4.42,334,3.28
2026.270.05:08:00/wx/-1.00,557.8,42.3,4.54,325,3.29
2026.270.05:09:00/wx/-0.25,557.8,40.3,4.90,329,3.36
2026.270.05:10:00/wx/-0.32,557.8,39.7,5.09,331,3.35
2026.270.05:11:00/wx/-0.32,557.8,39.8,5.05,325,3.34
2026.270.05:12:00/wx/-0.41,557.8,40.1,5.16,334,3.35
2026.270.05:13:00/wx/-0.20,557.8,39.4,4.30,332,3.34
2026.270.05:14:00/wx/-1.82,557.8,43.9,4.55,328,3.40
2026.270.05:15:00/wx/-1.62,557.8,45.1,5.04,331,3.40
2026.270.05:16:00/wx/-0.70,557.8,41.8,4.87,330,3.44
2026.270.05:17:00/wx/-0.25,557.8,40.2,5.05,332,3.44
2026.270.05:18:00/wx/-0.10,557.8,39.6,4.83,330,3.46
2026.270.05:19:00/wx/0.05,557.8,38.9,4.93,328,3.45
2026.270.05:20:00/wx/0.00,557.8,38.6,4.73,322,3.39
2026.270.05:21:00/wx/-0.43,557.8,39.9,4.81,329,3.41
2026.270.05:22:00/wx/-0.32,557.8,39.9,4.85,326,3.41
2026.270.05:23:00/wx/-0.60,557.8,40.4,4.93,330,3.39
2026.270.05:24:00/wx/-0.80,557.8,41.6,4.92,327,3.39
2026.270.05:25:00/wx/-1.30,557.8,43.4,4.74,328,3.38
2026.270.05:26:00/wx/-1.40,557.7,44.0,4.91,324,3.38
2026.270.05:27:00/wx/-0.82,557.7,42.0,4.83,322,3.37
2026.270.05:28:00/wx/-0.40,557.7,40.0,4.92,325,3.33
2026.270.05:29:00/wx/-0.40,557.7,40.0,4.58,321,3.28
2026.270.05:30:00/wx/-0.39,557.7,39.7,4.63,321,3.29
2026.270.05:31:00/wx/-0.97,557.7,41.6,4.37,321,3.32
2026.270.05:32:00/wx/-1.30,557.7,43.3,5.01,325,3.29
2026.270.05:33:00/wx/-1.19,557.7,42.9,4.72,321,3.26
2026.270.05:34:00/wx/-1.25,557.6,42.7,4.36,321,3.27
2026.270.05:35:00/wx/-1.70,557.6,44.8,5.03,325,3.30
2026.270.05:36:00/wx/-2.00,557.7,45.8,5.13,328,3.30
2026.270.05:37:00/wx/-2.20,557.6,46.8,5.11,331,3.23
2026.270.05:38:00/wx/-2.19,557.6,47.3,5.04,331,3.24
2026.270.05:39:00/wx/-2.04,557.7,46.7,5.13,332,3.27
2026.270.05:40:00/wx/-1.90,557.7,46.2,5.43,333,3.27
2026.270.05:41:00/wx/-2.12,557.6,46.5,5.27,333,3.27
2026.270.05:42:00/wx/-1.52,557.6,44.4,5.00,326,3.28
2026.270.05:43:00/wx/-1.18,557.6,42.7,5.35,332,3.40
2026.270.05:44:00/wx/-0.99,557.7,41.8,5.49,334,3.32
2026.270.05:45:00/wx/-1.40,557.6,43.0,5.03,334,3.26
2026.270.05:46:00/wx/-1.81,557.6,44.6,4.93,333,3.24
2026.270.05:47:00/wx/-1.71,557.6,44.5,4.83,331,3.28
2026.270.05:48:00/wx/-1.94,557.6,45.0,4.83,329,3.26
2026.270.05:49:00/wx/-1.96,557.6,45.1,4.51,333,3.26
2026.270.05:50:00/wx/-2.50,557.6,47.3,4.53,330,3.21
2026.270.05:51:00/wx/-2.31,557.6,46.9,4.82,331,3.14
2026.270.05:52:00/wx/-1.52,557.6,43.5,4.54,330,3.28
2026.270.05:53:00/wx/-1.38,557.6,42.6,4.13,329,3.32
2026.270.05:54:00/wx/-1.00,557.6,41.2,4.76,330,3.31
2026.270.05:55:00/wx/-1.00,557.6,40.5,5.43,330,3.18
2026.270.05:56:00/wx/-1.35,557.6,41.3,4.87,333,3.10
2026.270.05:57:00/wx/-1.59,557.5,42.7,4.56,332,3.20
2026.270.05:58:00/wx/-1.70,557.6,43.3,4.38,329,3.29
2026.270.05:59:00/wx/-1.70,557.6,43.1,5.40,331,3.30
2026.270.06:00:00/wx/-1.90,557.6,43.8,5.74,334,3.18
2026.270.06:01:00/wx/-1.71,557.6,43.4,5.30,335,3.13
2026.270.06:02:00/wx/-0.92,557.6,40.9,4.03,329,3.14
2026.270.06:03:00/wx/-0.62,557.5,39.3,4.46,332,3.17
2026.270.06:04:00/wx/-0.59,557.6,39.3,5.36,335,3.13
2026.270.06:05:00/wx/-1.00,557.5,39.9,5.63,337,3.14
2026.270.06:06:00/wx/-0.69,557.5,39.0,5.13,333,3.10
2026.270.06:07:00/wx/-0.41,557.5,38.0,4.54,328,3.19
2026.270.06:08:00/wx/-0.43,557.5,37.7,4.98,337,3.21
2026.270.06:09:00/wx/-0.90,557.5,39.3,5.84,337,3.17
2026.270.06:10:00/wx/-0.90,557.5,38.9,6.02,336,3.12
2026.270.06:11:00/wx/-0.59,557.5,37.4,5.46,335,3.19
2026.270.06:12:00/wx/-0.60,557.5,36.9,5.33,336,3.21
2026.270.06:13:00/wx/-0.68,557.5,36.9,5.43,335,3.23
2026.270.06:14:00/wx/-0.10,557.5,34.2,5.22,333,3.23
2026.270.06:15:00/wx/-0.09,557.5,33.7,5.03,335,3.21
2026.270.06:16:00/wx/-0.10,557.5,33.7,5.17,333,3.22
2026.270.06:17:00/wx/-0.40,557.5,34.7,5.23,334,3.23
2026.270.06:18:00/wx/-0.50,557.5,35.1,4.90,334,3.23
2026.270.06:19:00/wx/-0.70,557.4,36.3,5.13,333,3.19
2026.270.06:20:00/wx/-0.69,557.4,36.4,5.41,332,3.18
2026.270.06:21:00/wx/-0.24,557.4,35.2,5.16,326,3.13
2026.270.06:22:00/wx/0.00,557.5,34.3,4.93,325,3.17
2026.270.06:23:00/wx/0.05,557.5,34.7,5.02,325,3.21
2026.270.06:24:00/wx/-0.38,557.5,36.0,5.43,325,3.24
2026.270.06:25:00/wx/-0.62,557.5,36.6,4.89,321,3.19
2026.270.06:26:00/wx/-1.47,557.5,39.5,4.82,319,3.20
2026.270.06:27:00/wx/-0.90,557.5,37.3,4.82,324,3.24
2026.270.06:28:00/wx/-1.20,557.5,38.2,4.82,326,3.24
2026.270.06:29:00/wx/-1.29,557.5,38.6,4.92,330,3.15
2026.270.06:30:00/wx/-1.27,557.5,38.3,5.07,332,3.19
2026.270.06:31:00/wx/-0.44,557.5,35.8,4.73,325,3.20
2026.270.06:32:00/wx/0.01,557.5,34.6,4.73,327,3.22
2026.270.06:33:00/wx/0.30,557.5,34.0,4.56,326,3.22
2026.270.06:34:00/wx/0.59,557.5,33.3,5.23,335,3.19
2026.270.06:35:00/wx/0.48,557.5,33.1,4.72,333,3.17
2026.270.06:36:00/wx/0.08,557.5,33.2,4.73,338,3.21
2026.270.06:37:00/wx/0.20,557.5,32.1,4.94,339,3.17
2026.270.06:38:00/wx/0.30,557.5,31.3,5.04,338,3.15
2026.270.06:39:00/wx/0.30,557.5,30.4,5.32,341,3.15
2026.270.06:40:00/wx/0.23,557.5,30.4,5.27,341,3.21
2026.270.06:41:00/wx/0.40,557.5,29.7,5.17,343,3.23
2026.270.06:42:00/wx/0.40,557.5,29.8,5.23,340,3.22
2026.270.06:43:00/wx/0.50,557.5,30.6,5.01,338,3.23
2026.270.06:44:00/wx/0.50,557.5,30.5,5.34,338,3.16
2026.270.06:45:00/wx/0.70,557.5,30.3,5.11,339,3.19
2026.270.06:46:00/wx/1.03,557.5,29.6,4.85,339,3.18
2026.270.06:47:00/wx/0.69,557.5,30.9,4.90,341,3.17
2026.270.06:48:00/wx/0.44,557.4,32.2,4.51,347,3.15
2026.270.06:49:00/wx/0.39,557.5,32.6,5.13,342,3.14
2026.270.06:50:00/wx/0.84,557.4,30.9,4.64,345,3.15
2026.270.06:51:00/wx/0.54,557.5,31.6,4.51,342,3.21
2026.270.06:52:00/wx/-0.03,557.4,33.8,4.00,340,3.17
2026.270.06:53:00/wx/-0.55,557.4,35.7,4.21,349,3.15
2026.270.06:54:00/wx/-0.30,557.4,34.9,4.93,352,3.17
2026.270.06:55:00/wx/-0.32,557.4,34.6,3.83,344,3.22
2026.270.06:56:00/wx/-0.30,557.4,35.1,4.43,344,3.28
2026.270.06:57:00/wx/-0.61,557.4,36.2,4.26,344,3.25
2026.270.06:58:00/wx/-0.13,557.4,34.2,4.47,342,3.21
2026.270.06:59:00/wx/0.30,557.4,31.9,4.43,346,3.19
2026.270.07:00:00/wx/0.60,557.4,30.3,4.47,348,3.21
2026.270.07:01:00/wx/0.20,557.4,31.5,5.03,348,3.24
2026.270.07:02:00/wx/0.40,557.4,30.9,4.89,347,3.26
2026.270.07:03:00/wx/0.76,557.4,29.2,5.06,348,3.25
2026.270.07:04:00/wx/0.50,557.4,30.0,5.03,340,3.25
2026.270.07:05:00/wx/0.96,557.4,28.4,4.24,341,3.27
2026.270.07:06:00/wx/0.32,557.4,31.5,4.38,333,3.25
2026.270.07:07:00/wx/0.85,557.4,28.9,4.23,341,3.24
2026.270.07:08:00/wx/1.10,557.4,27.5,5.28,342,3.22
2026.270.07:09:00/wx/1.10,557.4,28.2,4.93,338,3.24
2026.270.07:10:00/wx/1.05,557.4,27.9,4.44,343,3.24
2026.270.07:11:00/wx/1.18,557.4,28.6,4.45,343,3.23
2026.270.07:12:00/wx/1.38,557.4,27.4,4.61,343,3.27
2026.270.07:13:00/wx/1.50,557.4,26.4,4.20,343,3.28
2026.270.07:14:00/wx/1.61,557.4,26.0,4.16,340,3.30
2026.270.07:15:00/wx/1.50,557.4,25.5,4.10,335,3.30
2026.270.07:16:00/wx/1.60,557.4,24.9,4.24,329,3.28
2026.270.07:17:00/wx/1.80,557.4,24.4,3.61,329,3.27
2026.270.07:18:00/wx/1.90,557.4,24.4,3.74,329,3.29
2026.270.07:19:00/wx/1.80,557.4,24.3,3.83,333,3.27
2026.270.07:20:00/wx/1.45,557.3,25.1,3.85,327,3.27
2026.270.07:21:00/wx/1.59,557.4,24.7,3.73,330,3.28
2026.270.07:22:00/wx/1.26,557.4,25.2,4.28,335,3.33
2026.270.07:23:00/wx/1.50,557.4,25.1,4.09,334,3.30
2026.270.07:24:00/wx/1.40,557.4,23.6,4.24,336,3.26
2026.270.07:25:00/wx/1.50,557.4,23.0,4.29,335,3.24
2026.270.07:26:00/wx/1.71,557.3,23.6,4.02,334,3.31
2026.270.07:27:00/wx/1.70,557.4,22.5,4.49,339,3.34
2026.270.07:28:00/wx/1.90,557.3,21.0,4.11,336,3.32
2026.270.07:29:00/wx/1.90,557.3,20.5,4.13,332,3.28
2026.270.07:30:00/wx/1.79,557.3,20.7,3.86,335,3.28
2026.270.07:31:00/wx/1.80,557.3,20.6,3.63,335,3.18
2026.270.07:32:00/wx/1.60,557.3,21.6,4.03,345,3.14
2026.270.07:33:00/wx/1.32,557.3,22.0,4.02,341,3.29
2026.270.07:34:00/wx/1.20,557.3,22.1,3.85,340,3.30
2026.270.07:35:00/wx/1.30,557.3,21.7,3.98,341,3.19
2026.270.07:36:00/wx/1.20,557.4,21.8,3.73,340,3.17
2026.270.07:37:00/wx/1.40,557.3,20.7,3.50,333,3.13
2026.270.07:38:00/wx/1.48,557.3,20.6,3.43,338,3.09
2026.270.07:39:00/wx/1.51,557.3,20.3,3.43,333,3.10
2026.270.07:40:00/wx/1.60,557.3,19.9,2.99,328,3.09
2026.270.07:41:00/wx/1.60,557.4,19.6,2.93,328,3.11
2026.270.07:42:00/wx/1.60,557.4,19.6,3.02,325,3.14
2026.270.07:43:00/wx/1.50,557.3,19.4,3.21,324,3.17
2026.270.07:44:00/wx/1.41,557.3,19.7,2.85,329,3.15
2026.270.07:45:00/wx/1.60,557.3,19.4,3.12,327,3.16
2026.270.07:46:00/wx/1.50,557.3,19.7,2.53,321,3.16
2026.270.07:47:00/wx/1.30,557.3,20.3,2.63,320,3.17
2026.270.07:48:00/wx/1.10,557.3,20.7,2.45,323,3.18
2026.270.07:49:00/wx/1.09,557.3,20.9,2.94,328,3.19
2026.270.07:50:00/wx/0.93,557.3,21.2,2.98,329,3.18
2026.270.07:51:00/wx/0.80,557.3,21.6,3.23,336,3.18
2026.270.07:52:00/wx/0.90,557.3,21.6,3.54,344,3.16
2026.270.07:53:00/wx/0.90,557.3,21.8,3.84,336,3.10
2026.270.07:54:00/wx/0.69,557.3,22.6,3.36,339,3.17
