2026.270.07:20:01;APEX Database Weather Data for Timerange of c262c
2026.270.07:20:01;The format is wx/temp[C],press[mbar],humid[%],speed[m/s],direction[deg],pwv[mm]
2026.270.07:21:01/wx/1.60,557.4,24.7,3.73,330,3.28
2026.270.07:22:01/wx/1.25,557.4,25.2,4.26,335,3.33
2026.270.07:23:01/wx/1.50,557.4,25.0,4.11,334,3.30
2026.270.07:24:01/wx/1.41,557.4,23.5,4.25,336,3.26
2026.270.07:25:01/wx/1.50,557.4,23.0,4.33,335,3.24
2026.270.07:26:01/wx/1.70,557.3,23.6,4.03,334,3.31
2026.270.07:27:01/wx/1.70,557.3,22.5,4.47,339,3.34
2026.270.07:28:01/wx/1.90,557.3,20.9,4.12,336,3.32
2026.270.07:29:01/wx/1.90,557.3,20.5,4.13,332,3.28
2026.270.07:30:01/wx/1.79,557.3,20.7,3.79,335,3.27
2026.270.07:31:01/wx/1.80,557.3,20.6,3.63,335,3.18
2026.270.07:32:01/wx/1.60,557.3,21.7,4.03,345,3.14
2026.270.07:33:01/wx/1.31,557.3,22.0,4.02,341,3.29
2026.270.07:34:01/wx/1.20,557.3,22.1,3.86,340,3.30
2026.270.07:35:01/wx/1.30,557.3,21.7,3.97,342,3.19
2026.270.07:36:01/wx/1.20,557.4,21.8,3.73,340,3.17
2026.270.07:37:01/wx/1.40,557.3,20.7,3.49,334,3.13
2026.270.07:38:01/wx/1.49,557.3,20.5,3.43,338,3.09
2026.270.07:39:01/wx/1.53,557.3,20.3,3.42,333,3.10
2026.270.07:40:01/wx/1.60,557.3,19.9,3.00,329,3.09
2026.270.07:41:01/wx/1.60,557.3,19.6,2.93,328,3.11
2026.270.07:42:01/wx/1.60,557.3,19.6,3.06,325,3.14
2026.270.07:43:01/wx/1.50,557.3,19.4,3.23,324,3.17
2026.270.07:44:01/wx/1.42,557.3,19.7,2.86,329,3.15
2026.270.07:45:01/wx/1.60,557.3,19.4,3.10,327,3.16
2026.270.07:46:01/wx/1.50,557.3,19.7,2.54,321,3.16
2026.270.07:47:01/wx/1.30,557.3,20.3,2.63,320,3.17
2026.270.07:48:01/wx/1.10,557.3,20.7,2.44,324,3.18
2026.270.07:49:01/wx/1.08,557.3,20.9,2.95,328,3.19
2026.270.07:50:01/wx/0.92,557.3,21.2,2.92,329,3.18
2026.270.07:51:01/wx/0.80,557.3,21.6,3.25,336,3.18
2026.270.07:52:01/wx/0.90,557.3,21.6,3.51,344,3.16
2026.270.07:53:01/wx/0.90,557.3,21.8,3.84,336,3.11
2026.270.07:54:01/wx/0.67,557.3,22.7,3.40,338,3.17
2026.270.07:55:01/wx/0.54,557.3,23.3,2.96,327,3.16
2026.270.07:56:01/wx/0.20,557.3,24.3,3.34,335,3.13
2026.270.07:57:01/wx/0.71,557.3,22.6,3.83,338,3.13
2026.270.07:58:01/wx/1.19,557.3,20.8,3.54,330,3.05
2026.270.07:59:01/wx/1.17,557.3,20.9,3.47,329,3.07
2026.270.08:00:01/wx/0.92,557.3,21.3,3.31,334,3.17
2026.270.08:01:01/wx/0.79,557.3,21.9,3.65,335,3.04
2026.270.08:02:01/wx/0.80,557.2,21.7,3.46,336,3.05
2026.270.08:03:01/wx/1.00,557.3,20.7,3.93,344,3.06
2026.270.08:04:01/wx/0.79,557.3,21.3,3.71,340,3.06
2026.270.08:05:01/wx/0.50,557.3,22.3,3.66,338,2.98
2026.270.08:06:01/wx/0.50,557.3,22.3,3.64,338,2.92
2026.270.08:07:01/wx/0.40,557.3,22.5,3.70,334,2.87
2026.270.08:08:01/wx/0.30,557.3,22.8,3.33,329,2.92
2026.270.08:09:01/wx/0.20,557.2,22.9,3.03,333,2.91
2026.270.08:10:01/wx/0.20,557.3,22.3,3.17,338,2.91
2026.270.08:11:01/wx/0.20,557.3,22.3,3.61,344,2.94
2026.270.08:12:01/wx/0.26,557.3,22.5,3.93,339,2.98
2026.270.08:13:01/wx/0.70,557.3,21.4,3.93,339,3.04
2026.270.08:14:01/wx/0.70,557.3,21.7,3.80,335,3.14
2026.270.08:15:01/wx/0.60,557.3,22.2,3.82,338,3.10
2026.270.08:16:01/wx/0.49,557.3,23.1,3.66,337,3.09
2026.270.08:17:01/wx/0.40,557.3,23.6,3.63,329,3.06
2026.270.08:18:01/wx/0.60,557.3,23.5,4.03,340,3.08
2026.270.08:19:01/wx/0.46,557.3,24.8,3.86,337,3.15
2026.270.08:20:01/wx/0.30,557.2,26.1,4.19,335,3.13
2026.270.08:21:01/wx/0.60,557.2,25.4,3.95,336,3.09
2026.270.08:22:01/wx/0.60,557.2,25.3,3.84,336,3.04
2026.270.08:23:01/wx/0.20,557.2,26.5,3.93,339,3.03
2026.270.08:24:01/wx/0.20,557.2,26.6,4.14,341,3.05
2026.270.08:25:01/wx/0.09,557.3,26.8,4.32,338,3.07
2026.270.08:26:01/wx/0.43,557.2,25.6,4.35,341,3.09
2026.270.08:27:01/wx/0.76,557.2,24.6,4.29,342,3.09
2026.270.08:28:01/wx/0.70,557.2,24.8,4.24,348,3.03
2026.270.08:29:01/wx/1.20,557.2,23.4,3.94,351,3.09
2026.270.08:30:01/wx/0.90,557.2,24.5,4.13,352,3.15
2026.270.08:31:01/wx/0.90,557.2,24.7,4.12,350,3.11
2026.270.08:32:01/wx/1.00,557.2,24.1,3.67,356,3.12
2026.270.08:33:01/wx/0.99,557.2,24.1,3.48,357,3.14
2026.270.08:34:01/wx/0.66,557.2,25.2,3.38,356,3.16
2026.270.08:35:01/wx/0.50,557.2,26.1,3.34,346,3.16
2026.270.08:36:01/wx/0.50,557.2,27.2,3.69,349,3.10
2026.270.08:37:01/wx/0.58,557.2,27.8,3.88,342,3.15
2026.270.08:38:01/wx/0.90,557.2,27.5,4.04,343,3.13
2026.270.08:39:01/wx/0.96,557.2,27.7,3.94,345,3.19
2026.270.08:40:01/wx/0.90,557.2,28.1,3.75,350,3.14
2026.270.08:41:01/wx/0.80,557.3,28.7,3.95,348,3.16
2026.270.08:42:01/wx/0.53,557.2,29.3,3.49,343,3.14
2026.270.08:43:01/wx/0.50,557.3,29.6,3.73,341,3.13
2026.270.08:44:01/wx/0.86,557.3,28.5,3.94,351,3.09
2026.270.08:45:01/wx/0.90,557.3,28.4,3.93,344,3.06
2026.270.08:46:01/wx/1.01,557.3,28.2,4.20,341,3.04
2026.270.08:47:01/wx/1.10,557.3,27.4,4.33,340,3.00
2026.270.08:48:01/wx/1.20,557.3,27.1,4.43,341,3.03
2026.270.08:49:01/wx/1.30,557.3,27.0,4.58,341,3.04
2026.270.08:50:01/wx/1.31,557.3,26.7,4.30,340,3.01
2026.270.08:51:01/wx/1.40,557.3,26.5,4.33,338,2.99
2026.270.08:52:01/wx/1.48,557.3,26.0,5.07,346,3.01
2026.270.08:53:01/wx/1.40,557.3,25.7,5.18,345,3.08
2026.270.08:54:01/wx/1.31,557.3,25.5,4.83,345,3.13
2026.270.08:55:01/wx/0.70,557.4,27.4,4.43,342,3.19
2026.270.08:56:01/wx/0.38,557.3,28.6,4.01,343,3.12
2026.270.08:57:01/wx/0.27,557.3,28.6,4.80,339,3.12
2026.270.08:58:01/wx/0.51,557.3,27.2,4.46,340,3.11
2026.270.08:59:01/wx/0.61,557.3,26.9,4.49,343,3.09
2026.270.09:00:01/wx/0.40,557.3,27.6,4.53,345,3.12
2026.270.09:01:01/wx/0.03,557.4,29.3,4.67,343,3.10
2026.270.09:02:01/wx/0.66,557.4,28.1,5.35,348,3.09
2026.270.09:03:01/wx/1.30,557.3,25.9,5.14,347,3.04
2026.270.09:04:01/wx/1.34,557.4,25.9,4.74,348,3.04
2026.270.09:05:01/wx/0.70,557.4,28.3,4.63,344,3.07
2026.270.09:06:01/wx/0.85,557.4,28.5,4.51,348,3.04
2026.270.09:07:01/wx/0.90,557.4,28.6,4.71,349,3.07
2026.270.09:08:01/wx/0.59,557.4,29.7,4.58,350,3.07
2026.270.09:09:01/wx/0.60,557.4,29.9,4.78,347,3.09
2026.270.09:10:01/wx/0.80,557.4,29.3,4.73,345,3.09
2026.270.09:11:01/wx/0.63,557.4,29.9,4.69,339,3.10
2026.270.09:12:01/wx/0.40,557.4,31.0,4.31,336,3.02
2026.270.09:13:01/wx/0.50,557.4,30.5,4.59,337,3.08
2026.270.09:14:01/wx/0.88,557.4,29.3,4.95,340,3.18
2026.270.09:15:01/wx/0.99,557.4,28.9,4.53,345,3.17
2026.270.09:16:01/wx/0.30,557.4,30.8,4.55,340,3.18
2026.270.09:17:01/wx/0.39,557.4,30.9,4.43,344,3.16
2026.270.09:18:01/wx/0.50,557.4,30.2,4.31,339,3.14
2026.270.09:19:01/wx/0.32,557.4,30.6,4.47,338,3.15
2026.270.09:20:01/wx/0.62,557.4,29.5,4.63,336,3.16
2026.270.09:21:01/wx/1.21,557.5,27.8,4.86,342,3.18
2026.270.09:22:01/wx/1.20,557.5,27.6,5.05,338,3.16
2026.270.09:23:01/wx/0.60,557.5,28.9,4.42,333,3.15
2026.270.09:24:01/wx/0.60,557.5,28.7,4.21,338,3.10
2026.270.09:25:01/wx/0.60,557.5,28.3,4.33,338,3.09
2026.270.09:26:01/wx/0.50,557.5,28.4,4.70,337,3.15
2026.270.09:27:01/wx/0.70,557.5,27.8,4.94,342,3.12
2026.270.09:28:01/wx/0.88,557.5,27.0,4.93,340,3.17
2026.270.09:29:01/wx/0.82,557.5,26.5,4.85,341,3.14
2026.270.09:30:01/wx/0.31,557.5,27.7,5.03,342,3.14
2026.270.09:31:01/wx/0.95,557.5,25.3,4.57,345,3.10
2026.270.09:32:01/wx/1.20,557.5,24.6,4.63,341,3.07
2026.270.09:33:01/wx/0.70,557.5,26.5,4.32,342,3.10
2026.270.09:34:01/wx/0.41,557.5,28.1,4.46,344,3.13
2026.270.09:35:01/wx/0.20,557.5,28.8,4.32,342,3.15
2026.270.09:36:01/wx/0.40,557.5,28.0,4.35,342,3.13
2026.270.09:37:01/wx/0.60,557.5,27.7,4.75,348,3.09
2026.270.09:38:01/wx/0.22,557.5,29.1,4.39,345,3.10
2026.270.09:39:01/wx/0.20,557.5,29.9,4.06,341,3.12
2026.270.09:40:01/wx/0.32,557.5,29.8,4.43,343,3.12
2026.270.09:41:01/wx/0.50,557.5,29.3,5.05,351,3.12
2026.270.09:42:01/wx/0.60,557.5,29.2,4.64,350,3.12
2026.270.09:43:01/wx/0.60,557.5,29.5,4.81,347,3.08
2026.270.09:44:01/wx/0.69,557.5,29.0,4.98,348,3.01
2026.270.09:45:01/wx/0.70,557.6,29.1,4.76,348,3.01
2026.270.09:46:01/wx/0.70,557.6,28.8,4.71,349,3.03
2026.270.09:47:01/wx/0.70,557.6,28.1,4.83,350,3.04
2026.270.09:48:01/wx/1.20,557.6,26.3,4.66,347,3.01
2026.270.09:49:01/wx/1.10,557.6,26.6,4.91,346,3.01
2026.270.09:50:01/wx/0.91,557.6,27.3,4.76,348,2.97
2026.270.09:51:01/wx/1.17,557.6,26.1,5.13,346,2.99
2026.270.09:52:01/wx/1.00,557.6,26.3,5.03,352,2.94
2026.270.09:53:01/wx/1.01,557.6,26.3,4.45,349,2.97
2026.270.09:54:01/wx/0.62,557.6,27.8,3.97,341,2.98
2026.270.09:55:01/wx/0.30,557.6,29.2,4.69,341,3.02
2026.270.09:56:01/wx/0.50,557.6,29.0,4.52,341,3.04
2026.270.09:57:01/wx/0.50,557.6,29.5,4.53,343,2.98
2026.270.09:58:01/wx/0.35,557.6,30.6,4.77,341,2.96
2026.270.09:59:01/wx/0.20,557.6,31.4,4.82,346,2.99
2026.270.10:00:01/wx/0.42,557.6,30.8,4.80,343,2.94
2026.270.10:01:01/wx/0.40,557.6,31.0,4.59,339,2.91
2026.270.10:02:01/wx/0.30,557.6,31.5,4.83,345,2.94
2026.270.10:03:01/wx/0.50,557.6,31.0,4.47,343,2.95
2026.270.10:04:01/wx/0.40,557.6,31.4,4.43,344,2.98
2026.270.10:05:01/wx/0.27,557.6,31.7,4.27,346,2.96
2026.270.10:06:01/wx/-0.19,557.6,33.1,4.17,346,2.98
2026.270.10:07:01/wx/0.01,557.6,33.1,4.83,347,2.92
2026.270.10:08:01/wx/0.25,557.6,31.8,5.02,345,2.94
2026.270.10:09:01/wx/0.20,557.6,32.0,4.93,346,2.99
2026.270.10:10:01/wx/0.28,557.6,32.0,4.95,348,2.98
2026.270.10:11:01/wx/0.00,557.7,33.1,4.67,342,3.04
2026.270.10:12:01/wx/0.21,557.7,32.5,5.03,344,3.06
2026.270.10:13:01/wx/0.08,557.7,31.9,4.93,351,3.08
2026.270.10:14:01/wx/0.40,557.7,31.2,4.74,350,3.12
2026.270.10:15:01/wx/0.00,557.7,32.4,4.73,349,3.12
2026.270.10:16:01/wx/-0.40,557.7,33.8,5.15,343,3.14
2026.270.10:17:01/wx/0.31,557.7,32.0,5.24,352,3.07
2026.270.10:18:01/wx/0.65,557.7,30.3,4.61,349,3.09
2026.270.10:19:01/wx/0.51,557.7,30.8,4.64,345,3.08
2026.270.10:20:01/wx/0.17,557.7,32.0,4.32,348,3.10
2026.270.10:21:01/wx/-0.17,557.7,32.9,4.32,342,3.13
2026.270.10:22:01/wx/-0.09,557.7,32.9,4.46,339,3.14
2026.270.10:23:01/wx/0.30,557.7,31.1,5.02,345,3.11
2026.270.10:24:01/wx/0.40,557.7,31.0,4.62,349,3.02
2026.270.10:25:01/wx/0.40,557.7,31.1,4.86,346,3.08
2026.270.10:26:01/wx/0.20,557.7,32.1,5.04,342,3.09
2026.270.10:27:01/wx/0.31,557.7,31.8,4.85,342,3.12
2026.270.10:28:01/wx/0.30,557.7,31.7,4.86,341,3.09
2026.270.10:29:01/wx/0.20,557.7,31.8,4.95,344,3.01
2026.270.10:30:01/wx/0.16,557.7,31.7,4.68,340,3.01
2026.270.10:31:01/wx/0.01,557.7,32.5,4.81,335,3.00
2026.270.10:32:01/wx/0.14,557.7,31.7,4.80,340,3.00
2026.270.10:33:01/wx/0.24,557.7,31.3,5.07,345,3.05
2026.270.10:34:01/wx/0.40,557.7,30.9,4.73,344,3.05
2026.270.10:35:01/wx/0.26,557.7,31.4,5.08,339,3.03
2026.270.10:36:01/wx/0.28,557.7,31.6,5.23,342,3.02
2026.270.10:37:01/wx/0.60,557.7,30.6,4.91,346,3.01
2026.270.10:38:01/wx/0.80,557.8,29.6,4.87,339,3.02
2026.270.10:39:01/wx/0.70,557.8,29.8,5.33,351,2.97
2026.270.10:40:01/wx/0.34,557.8,30.8,5.37,344,2.91
2026.270.10:41:01/wx/0.42,557.8,31.0,4.59,341,2.93
2026.270.10:42:01/wx/0.30,557.8,31.7,4.30,339,2.95
2026.270.10:43:01/wx/0.10,557.8,32.5,4.78,342,2.93
2026.270.10:44:01/wx/0.40,557.8,31.8,5.24,342,2.92
2026.270.10:45:01/wx/0.61,557.7,30.8,4.84,339,2.89
2026.270.10:46:01/wx/0.00,557.8,33.0,4.91,341,2.92
2026.270.10:47:01/wx/0.05,557.8,33.0,4.50,341,2.90
2026.270.10:48:01/wx/0.07,557.8,33.0,5.08,338,2.84
2026.270.10:49:01/wx/0.09,557.8,32.9,4.60,339,2.80
2026.270.10:50:01/wx/-0.40,557.8,34.7,4.99,339,2.80
2026.270.10:51:01/wx/0.39,557.8,32.0,4.84,340,2.79
2026.270.10:52:01/wx/0.60,557.8,31.5,4.83,340,2.78
2026.270.10:53:01/wx/0.30,557.8,32.7,4.94,344,2.81
2026.270.10:54:01/wx/0.70,557.8,31.1,4.73,343,2.79
2026.270.10:55:01/wx/0.90,557.8,30.7,5.09,340,2.75
2026.270.10:56:01/wx/0.80,557.8,31.2,5.03,342,2.71
2026.270.10:57:01/wx/0.68,557.8,31.4,5.07,344,2.70
2026.270.10:58:01/wx/0.10,557.8,33.2,4.97,341,2.69
2026.270.10:59:01/wx/0.42,557.8,31.7,5.16,340,2.65
2026.270.11:00:01/wx/0.91,557.8,30.1,4.96,343,2.62
2026.270.11:01:01/wx/0.60,557.8,31.6,4.83,339,2.62
2026.270.11:02:01/wx/0.61,557.8,31.7,5.34,338,2.61
2026.270.11:03:01/wx/0.59,557.9,31.5,4.95,338,2.59
2026.270.11:04:01/wx/0.40,557.9,32.6,4.88,348,2.62
2026.270.11:05:01/wx/0.47,557.9,32.4,5.03,341,2.60
2026.270.11:06:01/wx/0.40,557.9,32.4,5.43,340,2.59
2026.270.11:07:01/wx/0.70,557.9,31.5,5.08,340,2.61
2026.270.11:08:01/wx/1.18,557.9,29.7,5.12,337,2.61
2026.270.11:09:01/wx/0.88,557.9,30.7,5.37,340,2.58
2026.270.11:10:01/wx/1.00,557.9,30.1,5.36,342,2.59
2026.270.11:11:01/wx/1.00,557.9,30.5,5.43,341,2.64
2026.270.11:12:01/wx/0.86,557.9,31.2,4.83,343,2.61
2026.270.11:13:01/wx/1.00,557.9,30.7,5.17,342,2.56
2026.270.11:14:01/wx/0.90,557.9,31.2,5.16,338,2.55
2026.270.11:15:01/wx/0.87,557.9,31.3,4.77,342,2.50
2026.270.11:16:01/wx/0.50,558.0,32.4,5.53,341,2.49
2026.270.11:17:01/wx/0.80,557.9,31.2,5.35,338,2.52
2026.270.11:18:01/wx/1.10,558.0,30.4,5.45,343,2.53
2026.270.11:19:01/wx/1.10,557.9,30.7,5.49,343,2.49
2026.270.11:20:01/wx/1.12,557.9,30.8,5.13,342,2.53
2026.270.11:21:01/wx/1.00,558.0,31.7,5.02,344,2.59
2026.270.11:22:01/wx/1.00,557.9,31.2,5.33,344,2.56
2026.270.11:23:01/wx/1.00,558.0,31.2,4.85,340,2.49
2026.270.11:24:01/wx/0.92,557.9,31.6,5.20,344,2.44
2026.270.11:25:01/wx/0.80,558.0,32.8,4.87,340,2.45
2026.270.11:26:01/wx/0.59,558.0,33.8,4.54,342,2.47
2026.270.11:27:01/wx/0.95,558.0,32.0,4.89,341,2.41
2026.270.11:28:01/wx/1.39,558.0,30.3,5.13,345,2.38
2026.270.11:29:01/wx/1.37,558.0,30.5,5.58,341,2.35
2026.270.11:30:01/wx/1.30,558.0,30.7,5.07,342,2.36
2026.270.11:31:01/wx/1.41,558.0,30.1,4.99,344,2.43
2026.270.11:32:01/wx/1.16,558.0,31.7,4.45,344,2.34
2026.270.11:33:01/wx/1.20,558.0,31.1,5.15,337,2.27
2026.270.11:34:01/wx/1.10,558.0,31.4,5.08,341,2.29
2026.270.11:35:01/wx/1.30,558.0,30.9,4.45,338,2.39
2026.270.11:36:01/wx/1.00,558.0,33.1,5.01,341,2.42
2026.270.11:37:01/wx/1.00,558.0,32.0,4.83,342,2.37
2026.270.11:38:01/wx/0.90,558.0,32.7,5.13,340,2.33
2026.270.11:39:01/wx/1.03,558.1,32.1,5.22,339,2.33
2026.270.11:40:01/wx/1.20,558.1,31.8,4.83,341,2.38
2026.270.11:41:01/wx/1.09,558.1,33.6,4.67,341,2.43
2026.270.11:42:01/wx/0.83,558.1,34.5,4.47,338,2.36
2026.270.11:43:01/wx/0.80,558.1,35.1,4.33,346,2.32
2026.270.11:44:01/wx/0.80,558.1,34.0,4.44,337,2.34
2026.270.11:45:01/wx/1.20,558.1,31.9,4.93,340,2.24
2026.270.11:46:01/wx/1.20,558.1,32.6,4.82,341,2.27
2026.270.11:47:01/wx/1.10,558.1,33.3,4.59,350,2.35
2026.270.11:48:01/wx/1.00,558.1,33.7,4.53,346,2.39
2026.270.11:49:01/wx/1.20,558.1,32.3,4.97,343,2.31
2026.270.11:50:01/wx/1.40,558.1,31.6,4.68,342,2.24
2026.270.11:51:01/wx/1.50,558.2,31.1,4.15,341,2.23
2026.270.11:52:01/wx/1.67,558.2,30.4,4.71,340,2.29
2026.270.11:53:01/wx/1.49,558.2,32.1,4.43,339,2.36
2026.270.11:54:01/wx/1.24,558.2,33.8,4.95,339,2.22
2026.270.11:55:01/wx/1.40,558.2,32.9,4.83,340,2.27
2026.270.11:56:01/wx/1.52,558.2,30.9,5.21,340,2.24
2026.270.11:57:01/wx/1.57,558.2,30.3,4.67,334,2.22
2026.270.11:58:01/wx/1.49,558.2,33.0,4.45,336,2.30
2026.270.11:59:01/wx/1.40,558.2,33.1,4.98,335,2.27
2026.270.12:00:01/wx/1.60,558.2,32.4,4.63,334,2.23
2026.270.12:01:01/wx/1.58,558.2,32.4,4.58,335,2.23
2026.270.12:02:01/wx/1.50,558.3,33.5,4.92,338,2.23
2026.270.12:03:01/wx/1.50,558.3,33.0,4.93,339,2.13
2026.270.12:04:01/wx/1.35,558.3,35.4,4.97,338,2.18
2026.270.12:05:01/wx/1.59,558.3,33.0,4.46,339,2.22
2026.270.12:06:01/wx/1.60,558.3,33.5,4.37,341,2.20
2026.270.12:07:01/wx/1.40,558.3,35.4,4.49,337,2.16
2026.270.12:08:01/wx/1.40,558.3,36.0,4.26,332,2.08
2026.270.12:09:01/wx/1.50,558.3,35.4,4.22,332,2.06
2026.270.12:10:01/wx/1.70,558.3,35.2,4.03,333,2.09
2026.270.12:11:01/wx/1.60,558.3,38.5,4.03,336,2.07
2026.270.12:12:01/wx/1.57,558.4,35.4,4.91,336,2.11
2026.270.12:13:01/wx/1.70,558.4,35.6,4.88,334,2.12
2026.270.12:14:01/wx/1.80,558.4,34.4,4.22,334,2.09
2026.270.12:15:01/wx/1.80,558.3,35.3,4.93,335,2.08
2026.270.12:16:01/wx/1.90,558.4,33.3,4.11,329,2.14
2026.270.12:17:01/wx/1.80,558.4,38.6,3.70,327,2.12
2026.270.12:18:01/wx/1.90,558.4,36.6,5.10,330,2.15
2026.270.12:19:01/wx/2.00,558.4,34.9,4.40,327,2.21
2026.270.12:20:01/wx/2.00,558.4,36.9,4.53,336,2.19
2026.270.12:21:01/wx/2.10,558.4,32.7,4.95,328,2.18
2026.270.12:22:01/wx/2.00,558.4,34.7,4.45,331,2.20
2026.270.12:23:01/wx/1.90,558.5,36.3,4.71,324,2.18
2026.270.12:24:01/wx/2.00,558.5,35.0,4.53,328,2.18
2026.270.12:25:01/wx/1.90,558.5,37.6,4.23,327,2.21
2026.270.12:26:01/wx/1.80,558.5,37.9,4.41,327,2.13
2026.270.12:27:01/wx/1.90,558.5,39.5,3.55,327,2.21
2026.270.12:28:01/wx/1.90,558.5,38.0,4.20,328,2.20
2026.270.12:29:01/wx/2.00,558.5,35.6,3.99,332,2.25
2026.270.12:30:01/wx/2.10,558.5,36.0,4.32,329,2.20
2026.270.12:31:01/wx/2.20,558.5,32.3,4.29,332,2.21
2026.270.12:32:01/wx/2.10,558.5,36.3,4.34,333,2.15
2026.270.12:33:01/wx/2.10,558.6,36.2,3.74,333,2.17
2026.270.12:34:01/wx/2.20,558.6,36.8,4.19,332,2.15
2026.270.12:35:01/wx/2.10,558.6,36.3,4.51,338,2.12
2026.270.12:36:01/wx/2.00,558.6,38.3,4.52,336,2.18
2026.270.12:37:01/wx/2.00,558.6,36.6,4.94,335,2.17
2026.270.12:38:01/wx/2.20,558.6,36.8,4.79,330,2.15
2026.270.12:39:01/wx/2.40,558.7,31.1,5.79,330,2.13
2026.270.12:40:01/wx/2.50,558.7,32.6,4.72,330,2.08
2026.270.12:41:01/wx/2.40,558.7,34.6,4.78,332,2.08
2026.270.12:42:01/wx/2.50,558.7,33.6,4.13,320,2.07
2026.270.12:43:01/wx/2.50,558.7,36.2,4.69,329,2.03
2026.270.12:44:01/wx/2.40,558.7,34.6,4.55,331,2.04
2026.270.12:45:01/wx/2.40,558.7,34.5,5.12,333,2.11
2026.270.12:46:01/wx/2.40,558.7,33.2,4.89,330,2.07
2026.270.12:47:01/wx/2.40,558.7,34.1,4.73,325,1.99
2026.270.12:48:01/wx/2.50,558.7,35.5,4.09,325,2.00
2026.270.12:49:01/wx/2.60,558.7,34.6,4.46,328,2.02
2026.270.12:50:01/wx/2.70,558.7,36.8,3.84,328,2.10
2026.270.12:51:01/wx/2.66,558.8,36.6,4.54,321,2.09
2026.270.12:52:01/wx/2.80,558.8,35.6,4.71,310,2.05
2026.270.12:53:01/wx/2.82,558.8,34.9,3.52,321,2.03
2026.270.12:54:01/wx/2.97,558.8,33.9,3.93,321,1.96
2026.270.12:55:01/wx/2.90,558.8,36.9,5.13,324,2.07
2026.270.12:56:01/wx/2.90,558.8,36.5,4.12,327,2.06
2026.270.12:57:01/wx/2.90,558.8,40.9,4.68,317,2.02
2026.270.12:58:01/wx/3.00,558.8,34.2,5.26,317,2.10
2026.270.12:59:01/wx/3.10,558.8,33.8,4.40,313,2.00
2026.270.13:00:01/wx/3.20,558.8,33.6,4.80,312,2.04
2026.270.13:01:01/wx/3.20,558.8,30.9,5.39,317,2.03
2026.270.13:02:01/wx/3.20,558.8,31.6,4.86,316,1.99
2026.270.13:03:01/wx/3.20,558.8,34.4,4.79,313,2.07
2026.270.13:04:01/wx/3.20,558.9,31.4,4.68,302,2.10
2026.270.13:05:01/wx/3.00,558.9,32.8,4.93,312,2.10
2026.270.13:06:01/wx/3.10,558.8,29.9,5.23,310,2.07
2026.270.13:07:01/wx/3.10,558.8,31.7,4.79,317,2.03
2026.270.13:08:01/wx/3.20,558.8,29.8,4.82,316,2.11
2026.270.13:09:01/wx/3.30,558.8,32.5,4.07,329,2.09
2026.270.13:10:01/wx/3.00,558.8,34.7,4.73,327,2.15
2026.270.13:11:01/wx/3.04,558.9,31.5,4.77,325,2.16
2026.270.13:12:01/wx/3.10,558.8,34.6,4.99,325,2.13
2026.270.13:13:01/wx/3.00,558.8,33.7,4.66,332,1.98
2026.270.13:14:01/wx/2.93,558.8,36.2,4.51,331,1.98
2026.270.13:15:01/wx/3.10,558.9,31.0,6.33,323,2.05
2026.270.13:16:01/wx/3.13,558.9,30.2,6.12,323,2.09
2026.270.13:17:01/wx/3.10,558.9,32.4,5.46,332,2.18
2026.270.13:18:01/wx/3.01,558.9,29.3,5.14,331,2.16
2026.270.13:19:01/wx/3.27,558.9,36.2,4.23,322,2.19
2026.270.13:20:01/wx/3.50,558.9,34.6,3.93,308,2.07
2026.270.13:21:01/wx/3.37,558.9,29.1,5.51,301,1.96
2026.270.13:22:01/wx/3.40,558.9,24.7,6.46,317,1.95
2026.270.13:23:01/wx/3.40,558.9,25.8,5.26,313,1.95
2026.270.13:24:01/wx/3.50,558.9,26.6,5.68,309,2.01
2026.270.13:25:01/wx/3.40,558.9,22.8,5.45,313,2.12
2026.270.13:26:01/wx/3.57,558.9,27.3,6.03,308,2.08
2026.270.13:27:01/wx/3.60,558.9,26.0,5.40,305,2.10
2026.270.13:28:01/wx/3.70,558.9,29.8,5.08,303,2.09
2026.270.13:29:01/wx/3.70,559.0,29.9,4.50,321,2.08
2026.270.13:30:01/wx/3.70,558.9,29.8,4.37,312,1.95
2026.270.13:31:01/wx/3.80,559.0,28.9,5.68,321,2.01
2026.270.13:32:01/wx/3.78,559.0,24.2,4.82,319,2.03
2026.270.13:33:01/wx/3.81,559.0,30.0,4.82,319,2.00
2026.270.13:34:01/wx/3.79,559.0,29.3,5.77,309,1.96
2026.270.13:35:01/wx/3.70,558.9,25.8,5.05,317,1.90
2026.270.13:36:01/wx/3.80,559.0,27.1,5.67,320,1.96
2026.270.13:37:01/wx/3.80,559.0,24.1,5.32,312,1.92
2026.270.13:38:01/wx/3.80,559.0,25.0,6.20,315,1.88
2026.270.13:39:01/wx/3.80,559.0,24.9,4.68,310,1.88
2026.270.13:40:01/wx/3.80,559.0,24.6,6.75,311,1.89
2026.270.13:41:01/wx/3.80,559.0,22.7,5.76,305,1.90
2026.270.13:42:01/wx/3.80,559.0,29.6,4.66,321,1.97
2026.270.13:43:01/wx/3.80,559.0,27.8,5.66,318,1.97
2026.270.13:44:01/wx/3.90,559.0,30.2,4.56,322,2.09
2026.270.13:45:01/wx/3.90,559.0,26.7,4.61,329,1.94
2026.270.13:46:01/wx/4.00,559.0,28.8,5.23,321,1.87
2026.270.13:47:01/wx/4.00,559.0,28.3,5.48,328,1.86
2026.270.13:48:01/wx/4.10,559.0,29.1,6.04,326,1.99
2026.270.13:49:01/wx/3.90,559.0,28.3,5.54,328,1.95
2026.270.13:50:01/wx/3.90,559.0,28.6,6.96,325,1.99
2026.270.13:51:01/wx/4.01,559.0,32.8,6.24,317,1.98
2026.270.13:52:01/wx/4.02,559.0,26.0,6.42,315,1.96
2026.270.13:53:01/wx/4.00,559.0,25.3,6.16,317,1.88
2026.270.13:54:01/wx/4.00,559.0,23.8,5.75,301,1.91
2026.270.13:55:01/wx/4.00,559.0,28.2,6.58,316,1.97
2026.270.13:56:01/wx/4.07,559.0,28.9,6.15,327,1.98
2026.270.13:57:01/wx/4.02,559.0,26.7,5.95,327,2.02
2026.270.13:58:01/wx/3.99,559.0,24.1,5.21,333,2.00
2026.270.13:59:01/wx/4.10,559.0,30.9,4.37,323,2.13
2026.270.14:00:01/wx/4.20,559.0,27.3,4.33,311,2.18
2026.270.14:01:01/wx/4.33,559.1,29.1,3.80,312,2.16
2026.270.14:02:01/wx/4.40,559.1,27.1,5.09,320,2.14
2026.270.14:03:01/wx/4.40,559.0,27.3,5.47,319,2.18
2026.270.14:04:01/wx/4.36,559.0,26.2,4.52,318,2.22
2026.270.14:05:01/wx/4.30,559.0,24.3,5.23,331,2.29
2026.270.14:06:01/wx/4.23,559.0,23.9,4.21,325,2.28
2026.270.14:07:01/wx/4.50,559.1,28.1,6.61,286,2.31
2026.270.14:08:01/wx/4.30,559.1,24.8,6.15,299,2.16
2026.270.14:09:01/wx/4.27,559.1,23.3,4.40,296,2.06
2026.270.14:10:01/wx/4.40,559.0,25.3,6.03,313,2.09
2026.270.14:11:01/wx/4.53,559.0,24.9,5.53,319,2.10
2026.270.14:12:01/wx/4.70,559.0,24.2,6.54,309,2.11
2026.270.14:13:01/wx/4.58,559.1,29.3,7.19,299,2.16
2026.270.14:14:01/wx/4.23,559.1,26.1,7.00,299,2.12
2026.270.14:15:01/wx/4.10,559.1,24.5,6.53,294,2.13
2026.270.14:16:01/wx/4.35,559.1,28.5,5.67,310,2.08
2026.270.14:17:01/wx/4.31,559.0,30.0,4.86,309,2.07
2026.270.14:18:01/wx/4.50,559.1,28.6,4.59,303,2.04
2026.270.14:19:01/wx/4.50,559.1,25.8,7.08,294,2.05
2026.270.14:20:01/wx/4.59,559.1,28.1,7.12,308,2.05
2026.270.14:21:01/wx/4.40,559.1,27.8,5.09,294,2.06
2026.270.14:22:01/wx/4.50,559.1,25.9,7.45,280,2.00
2026.270.14:23:01/wx/4.50,559.1,25.7,6.46,292,1.98
2026.270.14:24:01/wx/4.40,559.1,25.9,6.40,282,2.00
2026.270.14:25:01/wx/4.31,559.1,25.2,5.35,286,2.00
2026.270.14:26:01/wx/4.40,559.1,24.7,6.84,290,2.01
2026.270.14:27:01/wx/4.20,559.1,23.5,7.18,300,1.99
2026.270.14:28:01/wx/4.20,559.1,25.0,7.30,307,2.02
2026.270.14:29:01/wx/4.20,559.1,22.6,6.44,288,2.03
2026.270.14:30:01/wx/4.30,559.1,24.1,6.57,292,2.05
2026.270.14:31:01/wx/4.50,559.1,29.5,7.41,313,2.07
2026.270.14:32:01/wx/4.59,559.1,30.2,6.69,324,2.10
2026.270.14:33:01/wx/4.60,559.1,30.4,6.12,305,2.12
2026.270.14:34:01/wx/4.60,559.1,31.3,7.04,286,2.11
2026.270.14:35:01/wx/4.49,559.2,25.0,8.10,302,2.07
2026.270.14:36:01/wx/4.40,559.2,27.7,7.21,287,2.02
2026.270.14:37:01/wx/4.30,559.1,21.8,4.73,291,2.01
2026.270.14:38:01/wx/4.43,559.1,26.3,5.51,307,2.04
2026.270.14:39:01/wx/4.50,559.2,26.6,7.03,295,2.01
2026.270.14:40:01/wx/4.39,559.1,26.0,7.85,292,1.93
2026.270.14:41:01/wx/4.40,559.1,30.2,5.89,280,1.98
2026.270.14:42:01/wx/4.40,559.1,23.7,5.43,304,2.01
2026.270.14:43:01/wx/4.50,559.1,27.7,7.98,293,2.05
2026.270.14:44:01/wx/4.40,559.2,25.0,8.48,301,2.06
2026.270.14:45:01/wx/4.31,559.1,25.8,7.81,328,2.08
2026.270.14:46:01/wx/4.50,559.2,29.2,6.34,317,2.11
2026.270.14:47:01/wx/4.50,559.2,29.1,6.83,284,2.07
2026.270.14:48:01/wx/4.50,559.1,25.8,6.66,293,2.09
2026.270.14:49:01/wx/4.70,559.1,28.6,6.30,282,2.08
2026.270.14:50:01/wx/4.47,559.2,27.4,7.07,299,2.11
2026.270.14:51:01/wx/4.40,559.1,25.3,8.00,290,2.17
2026.270.14:52:01/wx/4.40,559.2,26.2,6.60,289,2.19
2026.270.14:53:01/wx/4.44,559.2,26.3,8.72,286,2.16
2026.270.14:54:01/wx/4.41,559.2,24.3,7.68,301,2.17
2026.270.14:55:01/wx/4.32,559.2,24.9,6.60,295,2.17
2026.270.14:56:01/wx/4.40,559.2,26.7,6.73,306,2.12
2026.270.14:57:01/wx/4.40,559.1,24.9,5.05,317,2.13
2026.270.14:58:01/wx/4.86,559.2,29.1,7.05,287,2.19
2026.270.14:59:01/wx/4.71,559.2,29.4,5.84,297,2.12
2026.270.15:00:01/wx/4.78,559.1,27.0,8.66,283,2.11
2026.270.15:01:01/wx/4.70,559.2,27.0,8.05,301,2.08
2026.270.15:02:01/wx/4.50,559.1,27.0,5.81,297,2.04
2026.270.15:03:01/wx/4.60,559.2,28.0,6.41,313,2.00
2026.270.15:04:01/wx/4.79,559.1,30.3,8.98,320,2.09
2026.270.15:05:01/wx/4.70,559.1,28.7,7.24,305,2.11
2026.270.15:06:01/wx/4.78,559.1,30.7,8.73,318,1.94
2026.270.15:07:01/wx/4.69,559.2,31.3,7.65,306,1.95
2026.270.15:08:01/wx/4.54,559.2,25.7,8.34,310,1.95
2026.270.15:09:01/wx/4.40,559.2,25.4,7.57,301,1.88
2026.270.15:10:01/wx/4.33,559.2,25.4,6.55,316,1.90
2026.270.15:11:01/wx/4.57,559.2,26.0,7.15,283,1.94
2026.270.15:12:01/wx/4.68,559.2,26.7,7.19,304,1.93
2026.270.15:13:01/wx/4.59,559.2,28.1,8.02,318,1.91
2026.270.15:14:01/wx/4.80,559.1,28.0,8.01,323,1.97
2026.270.15:15:01/wx/4.70,559.2,23.8,7.00,288,1.90
2026.270.15:16:01/wx/4.78,559.2,28.6,6.74,279,1.68
2026.270.15:17:01/wx/4.81,559.2,28.4,5.26,284,1.81
2026.270.15:18:01/wx/4.90,559.1,27.9,7.34,296,1.88
2026.270.15:19:01/wx/4.61,559.2,27.8,8.93,312,1.80
2026.270.15:20:01/wx/4.57,559.2,29.0,8.61,310,1.81
2026.270.15:21:01/wx/4.50,559.1,27.7,9.20,284,2.01
2026.270.15:22:01/wx/4.61,559.2,27.5,8.93,310,1.87
2026.270.15:23:01/wx/4.50,559.2,27.0,7.95,308,2.09
2026.270.15:24:01/wx/4.40,559.2,26.4,6.73,309,1.87
2026.270.15:25:01/wx/4.70,559.2,26.8,7.49,315,1.92
2026.270.15:26:01/wx/4.70,559.2,27.4,8.87,310,1.94
2026.270.15:27:01/wx/4.60,559.2,27.4,8.56,308,1.90
2026.270.15:28:01/wx/4.50,559.2,25.9,9.95,304,1.88
2026.270.15:29:01/wx/4.40,559.2,25.0,7.43,303,1.90
2026.270.15:30:01/wx/4.60,559.2,26.7,9.68,307,1.90
2026.270.15:31:01/wx/4.61,559.2,31.6,7.81,302,1.90
2026.270.15:32:01/wx/4.80,559.2,25.9,5.61,278,1.78
2026.270.15:33:01/wx/4.96,559.1,29.6,6.33,278,1.84
2026.270.15:34:01/wx/4.90,559.1,26.4,6.83,262,1.92
2026.270.15:35:01/wx/4.85,559.2,27.7,8.00,286,2.00
2026.270.15:36:01/wx/4.90,559.2,28.4,5.53,278,1.96
2026.270.15:37:01/wx/5.00,559.2,28.8,4.58,286,1.89
2026.270.15:38:01/wx/5.36,559.2,33.6,4.79,278,1.93
2026.270.15:39:01/wx/5.30,559.1,30.1,8.65,293,1.90
2026.270.15:40:01/wx/5.14,559.2,28.8,7.94,289,1.79
2026.270.15:41:01/wx/5.10,559.2,32.7,7.91,296,1.74
2026.270.15:42:01/wx/4.80,559.2,27.8,8.83,284,1.79
2026.270.15:43:01/wx/4.63,559.2,25.8,6.44,280,1.78
2026.270.15:44:01/wx/4.81,559.2,28.7,5.50,278,1.85
2026.270.15:45:01/wx/4.80,559.2,26.4,5.98,280,1.87
2026.270.15:46:01/wx/4.70,559.2,24.3,5.07,289,1.83
2026.270.15:47:01/wx/4.90,559.2,30.2,6.52,299,1.76
2026.270.15:48:01/wx/5.10,559.2,30.6,6.20,288,1.74
2026.270.15:49:01/wx/4.90,559.2,30.2,6.89,309,1.83
2026.270.15:50:01/wx/4.80,559.2,28.1,7.91,314,1.92
2026.270.15:51:01/wx/5.09,559.2,29.2,7.69,293,1.96
2026.270.15:52:01/wx/5.13,559.2,27.3,9.90,292,1.75
2026.270.15:53:01/wx/4.70,559.2,25.9,8.05,284,1.76
2026.270.15:54:01/wx/4.89,559.2,27.5,9.29,284,1.78
2026.270.15:55:01/wx/4.70,559.2,26.0,7.79,281,1.89
2026.270.15:56:01/wx/4.70,559.2,26.9,7.27,284,1.90
2026.270.15:57:01/wx/4.70,559.2,26.4,7.02,302,1.95
2026.270.15:58:01/wx/4.69,559.2,27.7,6.97,299,1.86
2026.270.15:59:01/wx/5.00,559.2,31.8,6.98,269,1.74
2026.270.16:00:01/wx/4.74,559.1,26.6,7.96,284,1.57
2026.270.16:01:01/wx/4.70,559.2,26.5,8.93,281,1.55
2026.270.16:02:01/wx/4.70,559.1,26.8,6.07,279,1.61
2026.270.16:03:01/wx/4.80,559.1,25.9,4.45,276,1.59
2026.270.16:04:01/wx/4.97,559.1,27.8,8.11,281,1.70
2026.270.16:05:01/wx/4.58,559.1,24.2,5.75,292,1.78
2026.270.16:06:01/wx/5.10,559.1,30.8,9.83,288,1.77
2026.270.16:07:01/wx/4.90,559.1,26.0,7.22,308,1.78
2026.270.16:08:01/wx/4.71,559.1,29.2,9.21,303,1.71
2026.270.16:09:01/wx/4.61,559.1,27.7,5.12,302,1.99
2026.270.16:10:01/wx/4.64,559.1,26.0,6.56,293,1.80
2026.270.16:11:01/wx/4.80,559.1,27.2,7.23,279,1.62
2026.270.16:12:01/wx/5.01,559.1,30.2,7.92,281,1.58
2026.270.16:13:01/wx/4.91,559.1,29.7,9.00,297,1.70
2026.270.16:14:01/wx/4.72,559.1,30.4,9.38,305,1.90
2026.270.16:15:01/wx/4.70,559.2,28.0,8.54,309,1.98
2026.270.16:16:01/wx/4.70,559.1,25.3,6.83,305,1.91
2026.270.16:17:01/wx/4.84,559.1,29.9,7.90,292,1.95
2026.270.16:18:01/wx/4.82,559.1,28.1,7.92,302,1.79
2026.270.16:19:01/wx/4.70,559.1,25.7,5.97,306,1.91
2026.270.16:20:01/wx/4.70,559.1,24.4,5.01,273,1.93
2026.270.16:21:01/wx/4.91,559.1,27.5,3.60,280,1.91
2026.270.16:22:01/wx/5.05,559.1,26.8,10.00,286,1.66
2026.270.16:23:01/wx/4.90,559.0,27.7,8.19,279,1.67
2026.270.16:24:01/wx/4.70,559.0,26.2,7.38,300,1.71
2026.270.16:25:01/wx/4.80,559.0,25.0,7.02,281,1.70
2026.270.16:26:01/wx/4.60,559.0,23.2,6.13,296,1.66
2026.270.16:27:01/wx/4.65,559.0,27.2,7.57,313,1.76
2026.270.16:28:01/wx/4.90,559.0,27.3,5.85,313,1.83
2026.270.16:29:01/wx/5.10,558.9,30.2,5.70,276,1.70
2026.270.16:30:01/wx/5.38,559.0,32.3,5.25,280,1.70
2026.270.16:31:01/wx/5.39,559.0,29.6,5.91,274,1.76
2026.270.16:32:01/wx/5.00,559.0,26.8,5.96,278,1.66
2026.270.16:33:01/wx/5.10,559.0,28.2,8.55,300,1.83
2026.270.16:34:01/wx/4.70,559.0,26.2,7.95,301,1.90
2026.270.16:35:01/wx/4.70,559.0,24.7,6.58,297,1.76
2026.270.16:36:01/wx/4.80,558.9,27.8,9.17,285,1.77
2026.270.16:37:01/wx/4.70,559.0,26.6,8.09,302,1.75
2026.270.16:38:01/wx/4.60,559.0,24.3,5.82,288,1.64
2026.270.16:39:01/wx/4.80,558.9,27.2,7.77,301,1.52
2026.270.16:40:01/wx/4.90,558.9,30.1,7.03,296,1.92
2026.270.16:41:01/wx/4.90,558.9,28.3,5.78,299,1.94
2026.270.16:42:01/wx/5.00,558.9,29.7,4.75,268,2.10
2026.270.16:43:01/wx/5.00,558.9,28.0,6.73,297,2.12
2026.270.16:44:01/wx/5.20,558.9,32.5,5.30,271,2.00
2026.270.16:45:01/wx/4.91,558.9,26.6,9.09,251,1.99
2026.270.16:46:01/wx/4.81,558.9,26.4,6.48,263,2.17
2026.270.16:47:01/wx/4.90,558.9,26.8,4.87,276,2.12
2026.270.16:48:01/wx/5.10,558.9,26.9,7.53,280,2.09
2026.270.16:49:01/wx/5.41,558.9,29.6,9.43,286,2.00
2026.270.16:50:01/wx/5.02,558.9,26.5,6.68,276,1.85
2026.270.16:51:01/wx/4.90,558.9,28.3,7.55,281,1.97
2026.270.16:52:01/wx/5.22,558.9,30.3,8.45,280,1.72
2026.270.16:53:01/wx/5.20,558.9,29.3,10.43,299,1.85
2026.270.16:54:01/wx/4.80,558.9,24.7,7.51,309,2.02
2026.270.16:55:01/wx/5.08,558.9,30.8,9.75,300,1.85
2026.270.16:56:01/wx/4.60,558.9,27.5,5.65,292,1.81
2026.270.16:57:01/wx/4.76,558.9,24.3,6.27,280,1.76
2026.270.16:58:01/wx/5.10,558.9,27.0,7.33,277,1.83
2026.270.16:59:01/wx/5.10,558.9,26.1,7.03,281,1.78
2026.270.17:00:01/wx/5.20,558.9,30.3,7.21,292,1.67
2026.270.17:01:01/wx/4.89,558.9,25.1,7.42,294,1.84
2026.270.17:02:01/wx/4.80,558.9,25.6,8.49,309,1.92
2026.270.17:03:01/wx/4.70,558.8,25.4,6.73,307,1.92
2026.270.17:04:01/wx/5.25,558.9,29.4,10.38,283,1.86
2026.270.17:05:01/wx/4.90,558.9,26.2,9.88,298,1.81
2026.270.17:06:01/wx/4.81,558.8,26.0,6.57,281,1.88
2026.270.17:07:01/wx/5.20,558.9,27.7,10.07,287,2.02
2026.270.17:08:01/wx/5.30,558.9,27.1,9.13,293,1.79
2026.270.17:09:01/wx/4.96,558.8,27.3,8.67,301,1.74
2026.270.17:10:01/wx/4.80,558.8,25.4,8.50,294,1.79
2026.270.17:11:01/wx/4.58,558.8,23.6,8.24,309,1.76
2026.270.17:12:01/wx/4.86,558.8,26.4,7.44,296,1.91
2026.270.17:13:01/wx/5.10,558.8,29.1,8.53,283,1.89
2026.270.17:14:01/wx/5.11,558.8,31.8,5.62,268,2.01
2026.270.17:15:01/wx/5.10,558.8,27.5,9.79,277,2.15
2026.270.17:16:01/wx/4.80,558.8,26.4,7.63,279,2.10
2026.270.17:17:01/wx/4.70,558.8,26.3,6.38,270,2.13
2026.270.17:18:01/wx/4.80,558.8,28.5,8.36,303,2.17
2026.270.17:19:01/wx/4.75,558.8,28.0,7.74,295,2.19
2026.270.17:20:01/wx/4.60,558.7,26.9,6.77,286,2.08
2026.270.17:21:01/wx/4.70,558.7,27.6,6.74,295,2.12
2026.270.17:22:01/wx/5.18,558.7,30.5,8.75,288,2.24
2026.270.17:23:01/wx/5.40,558.7,30.2,8.67,282,2.07
2026.270.17:24:01/wx/4.95,558.7,26.9,9.82,296,2.16
2026.270.17:25:01/wx/4.90,558.7,28.0,9.49,283,2.03
2026.270.17:26:01/wx/4.82,558.7,29.9,7.16,292,2.09
2026.270.17:27:01/wx/4.80,558.7,29.1,8.62,289,1.93
2026.270.17:28:01/wx/4.89,558.7,28.5,7.83,287,1.99
2026.270.17:29:01/wx/4.90,558.6,28.5,6.95,284,2.38
2026.270.17:30:01/wx/5.00,558.6,29.1,7.34,281,2.33
2026.270.17:31:01/wx/5.01,558.7,29.3,9.12,275,2.06
2026.270.17:32:01/wx/4.72,558.6,24.3,7.20,304,2.04
2026.270.17:33:01/wx/4.80,558.6,28.8,6.22,278,2.34
2026.270.17:34:01/wx/5.05,558.6,31.4,9.66,283,2.44
2026.270.17:35:01/wx/4.90,558.6,29.4,6.13,283,2.28
2026.270.17:36:01/wx/4.66,558.6,28.9,7.98,295,2.38
2026.270.17:37:01/wx/4.50,558.6,26.5,4.76,271,2.19
2026.270.17:38:01/wx/4.61,558.6,28.2,6.25,271,2.27
2026.270.17:39:01/wx/4.54,558.5,25.8,6.04,256,2.31
2026.270.17:40:01/wx/4.60,558.6,27.5,8.93,258,2.39
2026.270.17:41:01/wx/4.57,558.6,25.9,7.40,280,2.37
2026.270.17:42:01/wx/4.80,558.5,29.1,7.83,253,2.24
2026.270.17:43:01/wx/4.79,558.5,28.9,7.26,253,2.26
2026.270.17:44:01/wx/5.10,558.5,31.5,7.98,287,2.41
2026.270.17:45:01/wx/5.40,558.5,32.1,9.73,282,2.26
2026.270.17:46:01/wx/4.99,558.5,24.7,7.21,288,2.24
2026.270.17:47:01/wx/4.90,558.5,28.5,6.33,289,2.55
2026.270.17:48:01/wx/5.00,558.4,28.6,8.86,279,2.62
2026.270.17:49:01/wx/5.10,558.4,29.0,6.17,275,2.48
2026.270.17:50:01/wx/4.70,558.4,24.5,9.22,245,2.23
2026.270.17:51:01/wx/4.60,558.4,25.4,6.48,256,2.14
2026.270.17:52:01/wx/4.59,558.4,24.1,4.70,278,2.52
2026.270.17:53:01/wx/4.78,558.4,26.9,5.99,268,2.55
2026.270.17:54:01/wx/4.70,558.4,28.2,7.82,247,2.67
2026.270.17:55:01/wx/4.90,558.4,29.9,8.09,270,2.73
2026.270.17:56:01/wx/4.65,558.4,26.4,7.09,278,2.55
2026.270.17:57:01/wx/4.70,558.4,28.3,7.87,254,2.65
2026.270.17:58:01/wx/4.70,558.4,27.4,4.03,274,2.62
2026.270.17:59:01/wx/4.61,558.4,25.4,7.67,251,2.79
2026.270.18:00:01/wx/4.70,558.4,28.1,5.23,269,2.74
2026.270.18:01:01/wx/4.90,558.4,27.4,7.84,289,2.59
2026.270.18:02:01/wx/4.90,558.4,28.4,6.68,277,2.64
2026.270.18:03:01/wx/4.90,558.3,26.4,5.78,278,2.66
2026.270.18:04:01/wx/4.77,558.3,25.9,4.66,283,2.73
2026.270.18:05:01/wx/4.90,558.3,26.7,5.36,259,2.87
2026.270.18:06:01/wx/4.90,558.3,26.8,7.13,277,2.81
2026.270.18:07:01/wx/5.01,558.3,28.2,7.47,267,2.57
2026.270.18:08:01/wx/4.59,558.3,24.5,6.38,279,2.59
2026.270.18:09:01/wx/4.77,558.3,29.3,6.84,281,2.76
2026.270.18:10:01/wx/4.81,558.3,28.2,5.69,277,2.84
2026.270.18:11:01/wx/5.42,558.3,31.5,5.71,260,2.81
2026.270.18:12:01/wx/5.02,558.3,26.9,6.88,263,2.70
2026.270.18:13:01/wx/4.79,558.3,26.2,7.29,272,2.57
2026.270.18:14:01/wx/4.92,558.3,26.1,11.43,288,2.59
2026.270.18:15:01/wx/4.91,558.3,28.0,9.75,284,2.61
2026.270.18:16:01/wx/4.70,558.3,26.6,10.08,292,2.47
2026.270.18:17:01/wx/4.60,558.3,29.0,9.93,295,2.48
2026.270.18:18:01/wx/4.57,558.2,25.8,9.33,281,2.42
2026.270.18:19:01/wx/4.70,558.2,29.7,6.69,281,2.47
2026.270.18:20:01/wx/4.68,558.1,28.5,7.18,255,2.48
2026.270.18:21:01/wx/4.75,558.2,28.8,6.78,276,2.61
2026.270.18:22:01/wx/5.20,558.2,30.9,9.03,281,2.39
2026.270.18:23:01/wx/4.83,558.2,27.7,10.31,272,2.34
2026.270.18:24:01/wx/4.43,558.1,26.3,7.99,258,2.37
2026.270.18:25:01/wx/4.30,558.1,26.2,6.37,272,2.49
2026.270.18:26:01/wx/4.50,558.1,31.6,6.53,256,2.45
2026.270.18:27:01/wx/4.40,558.1,34.4,6.82,253,2.29
2026.270.18:28:01/wx/4.55,558.1,29.5,6.15,277,2.23
2026.270.18:29:01/wx/5.00,558.1,32.1,7.16,285,2.22
2026.270.18:30:01/wx/4.97,558.1,24.7,12.28,282,1.77
2026.270.18:31:01/wx/4.90,558.1,25.1,9.40,279,1.90
2026.270.18:32:01/wx/4.90,558.1,24.2,9.93,268,1.83
2026.270.18:33:01/wx/5.11,558.1,27.7,6.99,272,1.72
2026.270.18:34:01/wx/4.90,558.1,23.1,6.58,274,2.04
2026.270.18:35:01/wx/4.90,558.1,25.9,7.24,278,2.17
2026.270.18:36:01/wx/4.86,558.1,28.2,9.54,288,2.14
2026.270.18:37:01/wx/4.91,558.1,28.3,7.06,278,2.02
2026.270.18:38:01/wx/4.80,558.1,27.7,8.60,287,2.06
2026.270.18:39:01/wx/4.70,558.0,28.1,9.22,297,1.93
2026.270.18:40:01/wx/5.00,558.1,28.0,7.66,259,2.07
2026.270.18:41:01/wx/4.80,558.1,25.8,8.37,259,1.94
2026.270.18:42:01/wx/4.70,558.1,28.1,6.17,260,1.67
2026.270.18:43:01/wx/4.30,558.1,28.4,6.81,262,2.02
2026.270.18:44:01/wx/4.40,558.1,29.4,5.95,273,2.26
2026.270.18:45:01/wx/4.40,558.1,32.0,8.63,248,2.16
2026.270.18:46:01/wx/4.48,558.1,29.3,9.92,251,2.14
2026.270.18:47:01/wx/4.61,558.1,31.3,7.75,291,1.89
2026.270.18:48:01/wx/4.80,558.1,24.6,7.25,277,1.86
2026.270.18:49:01/wx/5.00,558.0,28.9,8.14,279,2.22
2026.270.18:50:01/wx/4.80,558.0,27.6,8.03,261,2.09
2026.270.18:51:01/wx/4.53,558.0,25.3,6.58,264,2.01
2026.270.18:52:01/wx/4.29,558.0,23.9,7.70,264,2.05
2026.270.18:53:01/wx/4.45,558.0,26.5,7.00,276,2.02
2026.270.18:54:01/wx/4.50,558.0,24.3,5.95,278,2.14
2026.270.18:55:01/wx/4.53,558.0,25.9,7.45,279,2.30
2026.270.18:56:01/wx/4.61,558.0,27.9,9.61,255,2.23
2026.270.18:57:01/wx/4.30,558.0,27.4,8.70,253,2.40
2026.270.18:58:01/wx/4.30,558.0,25.5,8.38,268,2.26
2026.270.18:59:01/wx/4.20,558.0,26.7,7.43,262,2.23
2026.270.19:00:01/wx/4.10,558.0,24.4,7.90,253,2.30
2026.270.19:01:01/wx/4.10,558.0,25.1,7.00,277,2.42
2026.270.19:02:01/wx/4.53,558.0,27.8,5.19,278,2.39
2026.270.19:03:01/wx/4.43,558.0,23.0,7.03,282,2.28
2026.270.19:04:01/wx/4.40,558.0,26.7,10.13,250,2.33
2026.270.19:05:01/wx/4.00,558.0,27.7,8.64,248,2.15
2026.270.19:06:01/wx/4.00,557.9,27.6,5.70,266,2.23
2026.270.19:07:01/wx/4.01,558.0,26.1,5.77,269,2.38
2026.270.19:08:01/wx/4.20,557.9,27.1,7.00,282,2.43
2026.270.19:09:01/wx/4.30,557.9,30.5,7.93,262,2.57
2026.270.19:10:01/wx/4.26,557.9,31.5,11.22,247,2.69
2026.270.19:11:01/wx/4.47,558.0,33.8,11.12,244,2.66
2026.270.19:12:01/wx/4.07,558.0,28.2,7.91,260,2.57
2026.270.19:13:01/wx/4.10,558.0,32.2,5.71,273,2.45
2026.270.19:14:01/wx/4.10,558.0,28.9,8.31,251,2.56
2026.270.19:15:01/wx/4.04,558.0,29.0,7.28,260,2.60
2026.270.19:16:01/wx/4.10,558.0,28.2,6.62,267,2.62
2026.270.19:17:01/wx/4.18,557.9,28.2,6.71,259,2.54
2026.270.19:18:01/wx/4.00,557.9,27.1,7.52,249,2.46
2026.270.19:19:01/wx/4.00,557.9,30.0,6.49,261,2.51
2026.270.19:20:01/wx/4.25,557.9,29.4,8.79,274,2.39
2026.270.19:21:01/wx/4.10,557.9,25.6,6.13,268,2.24
2026.270.19:22:01/wx/4.33,557.8,23.5,7.58,281,2.25
2026.270.19:23:01/wx/4.70,557.9,28.5,7.24,281,2.41
2026.270.19:24:01/wx/4.59,557.9,31.2,7.92,271,2.42
2026.270.19:25:01/wx/4.09,557.8,30.6,7.95,270,2.60
2026.270.19:26:01/wx/4.10,557.9,29.5,8.63,265,2.52
2026.270.19:27:01/wx/3.83,557.8,29.5,7.89,268,2.27
2026.270.19:28:01/wx/3.93,557.8,32.9,8.29,256,2.40
2026.270.19:29:01/wx/3.90,557.8,30.2,8.06,275,2.40
2026.270.19:30:01/wx/4.00,557.8,32.1,7.80,277,2.49
2026.270.19:31:01/wx/3.90,557.8,29.2,7.63,273,2.62
2026.270.19:32:01/wx/3.76,557.8,29.8,7.87,259,2.46
2026.270.19:33:01/wx/4.21,557.8,33.9,9.51,282,2.70
2026.270.19:34:01/wx/4.30,557.8,33.4,9.69,282,2.38
2026.270.19:35:01/wx/4.10,557.8,29.3,8.88,293,2.46
2026.270.19:36:01/wx/4.30,557.8,32.0,12.43,287,2.61
2026.270.19:37:01/wx/4.29,557.8,30.5,10.32,284,2.57
2026.270.19:38:01/wx/4.02,557.7,29.6,10.63,310,2.38
2026.270.19:39:01/wx/3.79,557.8,28.8,8.27,296,2.36
2026.270.19:40:01/wx/3.96,557.8,31.8,11.34,280,2.69
2026.270.19:41:01/wx/3.90,557.7,29.2,6.73,275,2.75
2026.270.19:42:01/wx/3.90,557.7,26.0,6.79,266,2.79
2026.270.19:43:01/wx/4.08,557.7,29.6,7.54,270,2.77
2026.270.19:44:01/wx/4.10,557.7,31.5,5.96,275,2.82
2026.270.19:45:01/wx/3.93,557.7,29.5,7.64,280,2.84
2026.270.19:46:01/wx/4.10,557.7,30.1,7.43,272,2.85
2026.270.19:47:01/wx/3.89,557.7,28.4,7.52,263,2.90
2026.270.19:48:01/wx/3.99,557.7,32.2,10.28,255,2.93
2026.270.19:49:01/wx/3.77,557.7,29.7,9.32,253,2.87
2026.270.19:50:01/wx/3.70,557.7,30.4,9.73,252,2.76
2026.270.19:51:01/wx/3.70,557.7,29.5,6.69,257,2.83
2026.270.19:52:01/wx/3.95,557.7,31.3,5.87,260,2.85
2026.270.19:53:01/wx/3.90,557.7,33.3,8.86,253,2.88
2026.270.19:54:01/wx/3.80,557.7,28.8,7.38,261,2.82
2026.270.19:55:01/wx/3.93,557.7,31.6,9.47,271,2.94
2026.270.19:56:01/wx/3.90,557.8,31.0,9.25,277,2.86
2026.270.19:57:01/wx/3.80,557.6,28.9,6.15,276,3.00
2026.270.19:58:01/wx/4.00,557.7,30.6,5.97,276,3.04
2026.270.19:59:01/wx/3.98,557.7,30.4,8.52,256,2.98
2026.270.20:00:01/wx/3.90,557.7,29.5,10.66,256,2.97
2026.270.20:01:01/wx/3.70,557.7,27.8,8.91,256,2.80
2026.270.20:02:01/wx/3.76,557.6,31.4,7.54,256,2.81
2026.270.20:03:01/wx/3.61,557.7,31.2,7.29,249,2.85
2026.270.20:04:01/wx/3.64,557.6,32.0,6.82,260,2.92
2026.270.20:05:01/wx/3.80,557.7,32.9,8.50,269,2.73
2026.270.20:06:01/wx/3.70,557.6,29.0,6.43,272,2.86
2026.270.20:07:01/wx/3.80,557.6,30.5,8.63,276,2.95
2026.270.20:08:01/wx/3.80,557.6,29.6,6.91,276,3.05
2026.270.20:09:01/wx/3.80,557.6,31.2,8.22,257,2.98
2026.270.20:10:01/wx/3.60,557.6,30.3,8.03,263,3.00
2026.270.20:11:01/wx/3.70,557.6,34.8,9.74,253,3.12
2026.270.20:12:01/wx/3.50,557.6,31.9,10.92,252,3.05
2026.270.20:13:01/wx/3.60,557.6,31.2,10.28,254,3.03
2026.270.20:14:01/wx/3.52,557.6,28.7,11.09,245,3.05
2026.270.20:15:01/wx/3.50,557.6,32.1,8.91,241,3.05
2026.270.20:16:01/wx/4.10,557.6,30.6,9.73,260,3.06
2026.270.20:17:01/wx/3.85,557.6,30.1,8.01,272,3.03
2026.270.20:18:01/wx/3.79,557.6,32.2,6.69,274,2.92
2026.270.20:19:01/wx/3.83,557.6,30.9,9.23,278,2.97
2026.270.20:20:01/wx/4.01,557.6,31.7,10.81,250,2.97
2026.270.20:21:01/wx/3.70,557.7,29.5,10.33,259,3.05
2026.270.20:22:01/wx/3.80,557.7,31.2,8.40,271,3.08
2026.270.20:23:01/wx/3.70,557.7,27.6,6.58,274,3.13
2026.270.20:24:01/wx/3.80,557.7,31.7,10.47,280,3.05
2026.270.20:25:01/wx/3.73,557.7,32.2,8.61,279,2.95
2026.270.20:26:01/wx/3.70,557.6,29.4,10.63,282,3.06
2026.270.20:27:01/wx/3.70,557.6,31.3,10.77,284,3.10
2026.270.20:28:01/wx/3.70,557.6,30.9,7.84,274,3.22
2026.270.20:29:01/wx/3.59,557.6,31.3,13.22,252,3.34
2026.270.20:30:01/wx/3.40,557.6,31.0,9.93,272,3.20
2026.270.20:31:01/wx/3.50,557.6,30.4,10.13,260,3.12
2026.270.20:32:01/wx/3.47,557.6,31.7,7.68,260,2.97
2026.270.20:33:01/wx/3.69,557.6,30.8,8.18,272,3.02
2026.270.20:34:01/wx/3.60,557.6,29.8,7.27,276,3.21
2026.270.20:35:01/wx/3.70,557.6,31.9,7.22,279,3.26
2026.270.20:36:01/wx/3.60,557.5,34.5,11.23,250,3.27
2026.270.20:37:01/wx/3.30,557.6,31.5,8.07,257,3.18
2026.270.20:38:01/wx/3.30,557.6,31.5,8.27,253,3.23
2026.270.20:39:01/wx/3.30,557.6,32.2,7.30,270,3.32
2026.270.20:40:01/wx/3.40,557.6,31.5,8.24,261,3.32
2026.270.20:41:01/wx/3.20,557.6,29.6,7.31,259,3.19
2026.270.20:42:01/wx/3.30,557.6,30.0,8.59,261,3.19
2026.270.20:43:01/wx/3.12,557.6,32.4,10.87,249,3.30
2026.270.20:44:01/wx/3.10,557.6,30.0,5.42,255,3.43
2026.270.20:45:01/wx/3.07,557.6,32.1,7.98,247,3.44
2026.270.20:46:01/wx/3.01,557.6,33.3,6.14,275,3.42
2026.270.20:47:01/wx/3.30,557.6,31.9,10.07,280,3.30
2026.270.20:48:01/wx/3.39,557.7,30.2,7.55,275,3.18
2026.270.20:49:01/wx/3.58,557.6,34.3,9.82,286,3.12
2026.270.20:50:01/wx/3.43,557.7,33.0,6.96,266,3.22
2026.270.20:51:01/wx/3.40,557.6,31.5,8.22,278,3.24
2026.270.20:52:01/wx/3.34,557.6,34.0,5.47,256,3.35
2026.270.20:53:01/wx/3.30,557.7,30.6,7.68,272,3.23
2026.270.20:54:01/wx/3.30,557.6,30.4,9.37,259,3.23
2026.270.20:55:01/wx/3.03,557.6,32.2,8.92,248,3.23
2026.270.20:56:01/wx/3.01,557.6,32.6,7.08,260,3.17
2026.270.20:57:01/wx/3.15,557.6,34.5,8.28,253,3.15
2026.270.20:58:01/wx/3.00,557.6,32.7,9.08,256,3.16
2026.270.20:59:01/wx/3.00,557.6,31.5,7.82,254,3.24
2026.270.21:00:01/wx/2.80,557.6,35.3,10.98,253,3.28
2026.270.21:01:01/wx/2.80,557.6,33.1,8.49,253,3.33
2026.270.21:02:01/wx/3.00,557.6,30.9,7.53,258,3.21
2026.270.21:03:01/wx/3.10,557.7,34.4,7.23,263,3.28
2026.270.21:04:01/wx/3.00,557.6,33.9,7.58,255,3.28
2026.270.21:05:01/wx/3.00,557.6,33.0,7.33,255,3.23
2026.270.21:06:01/wx/3.11,557.6,31.1,7.54,273,3.18
2026.270.21:07:01/wx/3.20,557.6,31.5,6.68,268,3.25
2026.270.21:08:01/wx/3.10,557.6,34.0,8.53,251,3.23
2026.270.21:09:01/wx/3.00,557.6,34.6,9.23,252,3.21
2026.270.21:10:01/wx/3.10,557.6,34.6,7.09,264,3.15
2026.270.21:11:01/wx/3.20,557.6,35.9,11.84,282,3.17
2026.270.21:12:01/wx/3.00,557.5,34.7,11.84,289,3.02
2026.270.21:13:01/wx/3.00,557.5,34.2,12.23,285,3.04
2026.270.21:14:01/wx/3.04,557.6,33.2,9.51,278,2.90
2026.270.21:15:01/wx/3.10,557.6,33.1,8.31,278,2.94
2026.270.21:16:01/wx/3.10,557.5,33.3,7.94,273,2.99
2026.270.21:17:01/wx/3.10,557.5,33.6,9.79,269,2.85
2026.270.21:18:01/wx/3.00,557.5,32.1,9.89,264,2.85
2026.270.21:19:01/wx/2.90,557.5,32.7,9.50,279,2.96
2026.270.21:20:01/wx/2.81,557.6,30.8,9.58,280,3.05
2026.270.21:21:01/wx/2.80,557.6,35.3,9.70,280,3.09
2026.270.21:22:01/wx/2.90,557.6,34.7,10.30,281,3.08
2026.270.21:23:01/wx/2.90,557.6,34.5,8.47,279,3.20
2026.270.21:24:01/wx/3.02,557.6,33.1,10.80,285,3.19
2026.270.21:25:01/wx/2.80,557.7,33.9,8.35,274,3.13
2026.270.21:26:01/wx/2.90,557.7,31.0,7.57,269,3.15
2026.270.21:27:01/wx/2.90,557.7,31.7,7.59,278,3.20
2026.270.21:28:01/wx/2.90,557.7,35.3,8.22,287,3.21
2026.270.21:29:01/wx/2.86,557.7,32.2,8.07,286,3.24
2026.270.21:30:01/wx/2.90,557.6,30.6,9.48,293,3.28
2026.270.21:31:01/wx/2.73,557.7,34.5,7.80,256,3.30
2026.270.21:32:01/wx/2.60,557.7,31.9,9.38,251,3.31
2026.270.21:33:01/wx/2.50,557.7,33.8,6.43,262,3.37
2026.270.21:34:01/wx/2.60,557.7,35.8,6.95,268,3.47
2026.270.21:35:01/wx/2.70,557.7,33.3,6.48,262,3.52
2026.270.21:36:01/wx/2.47,557.7,35.7,8.84,251,3.53
2026.270.21:37:01/wx/2.40,557.7,33.9,7.62,254,3.50
2026.270.21:38:01/wx/2.20,557.7,35.4,7.45,250,3.53
2026.270.21:39:01/wx/2.15,557.7,36.5,7.34,248,3.49
2026.270.21:40:01/wx/2.20,557.7,37.3,8.23,253,3.41
2026.270.21:41:01/wx/2.40,557.7,33.3,6.95,259,3.39
2026.270.21:42:01/wx/2.30,557.7,34.7,9.98,252,3.41
2026.270.21:43:01/wx/2.41,557.7,33.4,7.27,275,3.34
2026.270.21:44:01/wx/2.40,557.7,36.7,6.92,262,3.34
2026.270.21:45:01/wx/2.40,557.7,34.1,5.73,275,3.32
2026.270.21:46:01/wx/2.26,557.7,36.0,7.82,251,3.36
2026.270.21:47:01/wx/1.90,557.6,37.6,6.59,257,3.41
2026.270.21:48:01/wx/1.90,557.6,35.9,7.15,252,3.39
2026.270.21:49:01/wx/1.97,557.6,35.4,6.83,250,3.31
2026.270.21:50:01/wx/1.90,557.7,36.1,7.73,252,3.34
2026.270.21:51:01/wx/2.10,557.6,38.4,6.27,276,3.27
2026.270.21:52:01/wx/2.39,557.6,34.6,6.67,267,3.29
2026.270.21:53:01/wx/2.28,557.6,37.0,5.41,262,3.10
2026.270.21:54:01/wx/1.94,557.6,37.5,9.38,247,3.08
2026.270.21:55:01/wx/1.79,557.6,36.7,7.51,252,3.06
2026.270.21:56:01/wx/1.75,557.6,36.8,7.63,255,3.05
2026.270.21:57:01/wx/2.01,557.7,34.9,8.80,250,3.00
2026.270.21:58:01/wx/1.70,557.6,37.2,6.19,259,2.98
2026.270.21:59:01/wx/1.48,557.7,39.5,7.52,258,3.02
2026.270.22:00:01/wx/2.00,557.6,35.9,6.96,270,3.10
2026.270.22:01:01/wx/1.90,557.6,35.8,8.62,252,3.13
2026.270.22:02:01/wx/1.79,557.7,35.9,7.71,256,3.13
2026.270.22:03:01/wx/1.90,557.6,35.0,10.02,250,3.09
2026.270.22:04:01/wx/1.70,557.7,38.2,6.30,272,3.17
2026.270.22:05:01/wx/1.90,557.7,38.0,6.49,280,3.25
2026.270.22:06:01/wx/1.80,557.7,39.2,5.74,275,3.26
2026.270.22:07:01/wx/1.61,557.7,42.1,6.14,273,3.21
2026.270.22:08:01/wx/1.60,557.7,40.5,4.93,267,3.16
2026.270.22:09:01/wx/1.60,557.7,39.3,5.90,271,3.15
2026.270.22:10:01/wx/1.80,557.7,37.5,5.51,261,3.12
2026.270.22:11:01/wx/1.70,557.7,38.7,7.97,280,3.14
2026.270.22:12:01/wx/1.70,557.7,37.9,8.25,262,3.17
2026.270.22:13:01/wx/1.80,557.7,34.7,7.49,256,3.15
2026.270.22:14:01/wx/1.63,557.7,35.8,7.80,253,3.16
2026.270.22:15:01/wx/1.30,557.7,38.4,8.20,254,3.22
2026.270.22:16:01/wx/1.36,557.7,37.4,7.78,252,3.24
2026.270.22:17:01/wx/1.40,557.7,36.6,7.83,255,3.23
2026.270.22:18:01/wx/1.72,557.7,35.7,9.13,249,3.19
2026.270.22:19:01/wx/1.30,557.7,39.8,5.08,271,3.11
2026.270.22:20:01/wx/1.31,557.7,39.0,4.90,272,3.10
2026.270.22:21:01/wx/1.40,557.7,39.1,6.04,271,3.09
2026.270.22:22:01/wx/1.30,557.7,39.2,6.13,269,3.12
2026.270.22:23:01/wx/1.67,557.7,34.7,5.55,262,3.12
2026.270.22:24:01/wx/1.39,557.8,38.3,5.54,274,3.17
2026.270.22:25:01/wx/1.31,557.8,39.4,6.74,275,3.18
2026.270.22:26:01/wx/1.35,557.8,38.1,5.00,271,3.19
2026.270.22:27:01/wx/1.50,557.8,36.5,5.93,271,3.17
2026.270.22:28:01/wx/1.30,557.8,38.3,5.74,272,3.22
2026.270.22:29:01/wx/1.20,557.8,39.8,5.55,255,3.21
2026.270.22:30:01/wx/1.22,557.8,37.9,6.96,268,3.23
2026.270.22:31:01/wx/1.30,557.9,37.0,5.50,271,3.19
2026.270.22:32:01/wx/1.39,557.9,36.7,5.20,260,3.25
2026.270.22:33:01/wx/1.40,557.9,36.0,5.64,267,3.30
2026.270.22:34:01/wx/1.50,557.8,35.2,4.76,272,3.23
2026.270.22:35:01/wx/1.18,557.8,38.7,3.89,264,3.19
2026.270.22:36:01/wx/0.70,557.9,43.4,5.35,277,3.17
2026.270.22:37:01/wx/0.79,557.9,41.4,5.56,254,3.15
2026.270.22:38:01/wx/0.90,557.9,40.2,4.49,271,3.13
2026.270.22:39:01/wx/1.37,557.9,35.8,4.50,266,3.16
2026.270.22:40:01/wx/1.50,557.9,34.7,5.77,257,3.23
2026.270.22:41:01/wx/1.40,557.9,35.5,4.72,268,3.20
2026.270.22:42:01/wx/1.10,557.9,37.4,3.83,274,3.22
2026.270.22:43:01/wx/1.03,557.9,38.3,5.88,264,3.23
2026.270.22:44:01/wx/1.41,557.9,35.0,5.23,267,3.21
2026.270.22:45:01/wx/1.00,557.9,37.6,4.79,260,3.18
2026.270.22:46:01/wx/1.06,557.9,38.2,4.96,263,3.15
2026.270.22:47:01/wx/1.30,557.9,36.0,4.73,265,3.18
2026.270.22:48:01/wx/1.34,557.9,36.1,6.27,254,3.22
2026.270.22:49:01/wx/1.21,557.9,36.7,6.22,248,3.23
2026.270.22:50:01/wx/0.98,557.9,39.3,5.65,252,3.20
2026.270.22:51:01/wx/0.80,557.9,41.0,4.85,260,3.27
2026.270.22:52:01/wx/0.70,557.9,41.0,5.83,253,3.29
2026.270.22:53:01/wx/0.70,557.9,40.1,5.46,256,3.27
2026.270.22:54:01/wx/0.70,557.9,40.0,5.95,254,3.32
2026.270.22:55:01/wx/0.78,557.9,39.7,5.04,255,3.24
2026.270.22:56:01/wx/0.60,557.9,40.6,5.33,251,3.25
2026.270.22:57:01/wx/0.50,557.9,41.5,4.93,253,3.22
2026.270.22:58:01/wx/0.40,557.9,41.6,6.03,249,3.25
2026.270.22:59:01/wx/0.40,557.9,41.8,5.82,248,3.15
2026.270.23:00:01/wx/0.30,557.9,42.3,5.07,250,3.19
2026.270.23:01:01/wx/0.30,557.9,42.2,6.10,248,3.21
2026.270.23:02:01/wx/0.20,557.9,42.7,6.08,246,3.23
2026.270.23:03:01/wx/0.10,557.9,43.6,5.99,247,3.28
2026.270.23:04:01/wx/-0.09,557.8,44.6,5.81,246,3.30
2026.270.23:05:01/wx/-0.30,557.9,45.7,6.13,248,3.24
2026.270.23:06:01/wx/-0.13,557.8,44.0,7.19,247,3.31
2026.270.23:07:01/wx/0.29,557.9,40.8,6.48,240,3.34
2026.270.23:08:01/wx/-0.10,557.8,43.4,6.74,245,3.32
2026.270.23:09:01/wx/-0.40,557.9,45.9,6.66,244,3.29
2026.270.23:10:01/wx/-0.53,557.8,47.4,5.57,244,3.17
2026.270.23:11:01/wx/-0.70,557.8,47.7,5.84,244,3.14
2026.270.23:12:01/wx/-0.90,557.8,49.2,5.67,250,3.18
2026.270.23:13:01/wx/-0.60,557.8,47.1,5.47,244,3.22
2026.270.23:14:01/wx/-0.79,557.8,47.8,4.28,254,3.21
2026.270.23:15:01/wx/-0.56,557.8,46.7,4.73,266,3.62
2026.270.23:16:01/wx/-0.22,557.8,42.8,4.54,269,3.51
2026.270.23:17:01/wx/-0.10,557.8,38.8,4.48,272,3.47
2026.270.23:18:01/wx/-0.10,557.8,38.0,4.37,276,3.44
2026.270.23:19:01/wx/0.00,557.8,36.6,5.13,277,3.49
2026.270.23:20:01/wx/-0.10,557.8,37.3,4.19,274,3.50
2026.270.23:21:01/wx/0.10,557.7,35.1,3.85,273,3.43
2026.270.23:22:01/wx/-0.01,557.8,36.7,4.30,272,3.42
2026.270.23:23:01/wx/-0.10,557.8,36.8,4.62,278,3.39
2026.270.23:24:01/wx/-0.10,557.8,37.4,5.03,278,3.40
2026.270.23:25:01/wx/-0.10,557.7,36.9,4.50,277,3.45
2026.270.23:26:01/wx/-0.20,557.8,39.0,3.96,274,3.37
2026.270.23:27:01/wx/-0.30,557.7,39.2,3.80,276,3.36
2026.270.23:28:01/wx/-0.20,557.8,38.0,4.00,262,3.30
2026.270.23:29:01/wx/0.00,557.8,36.8,4.02,246,3.23
2026.270.23:30:01/wx/-0.40,557.8,38.6,5.53,241,3.40
2026.270.23:31:01/wx/-0.29,557.8,37.0,3.64,229,3.20
2026.270.23:32:01/wx/-0.81,557.8,41.0,3.76,241,3.32
2026.270.23:33:01/wx/-1.10,557.8,42.7,4.00,244,3.23
2026.270.23:34:01/wx/-1.30,557.8,43.7,3.42,239,3.24
2026.270.23:35:01/wx/-1.40,557.8,45.0,3.82,224,3.26
2026.270.23:36:01/wx/-1.39,557.9,41.7,3.22,246,3.29
2026.270.23:37:01/wx/-1.50,557.8,43.8,3.33,225,3.34
2026.270.23:38:01/wx/-1.40,557.9,42.1,4.27,215,3.39
2026.270.23:39:01/wx/-1.50,557.8,42.0,5.09,223,3.43
2026.270.23:40:01/wx/-1.34,557.9,40.2,4.82,224,3.47
2026.270.23:41:01/wx/-1.40,557.9,40.4,3.55,228,3.39
2026.270.23:42:01/wx/-1.40,557.9,41.3,3.20,222,3.46
2026.270.23:43:01/wx/-1.50,557.9,41.7,2.79,219,3.44
2026.270.23:44:01/wx/-1.50,557.9,42.0,3.11,226,3.35
2026.270.23:45:01/wx/-1.70,557.9,42.9,2.44,234,3.35
2026.270.23:46:01/wx/-1.90,557.9,45.7,0.65,334,3.40
2026.270.23:47:01/wx/-2.00,557.9,46.5,1.67,28,3.44
2026.270.23:48:01/wx/-2.10,557.9,45.9,1.36,21,3.31
2026.270.23:49:01/wx/-2.00,557.9,45.5,1.97,63,3.31
2026.270.23:50:01/wx/-1.90,558.0,44.5,1.18,79,3.31
2026.270.23:51:01/wx/-1.90,557.9,44.3,0.51,6,3.29
2026.270.23:52:01/wx/-1.80,557.9,43.5,1.40,97,3.33
2026.270.23:53:01/wx/-1.80,557.9,43.0,0.91,49,3.38
2026.270.23:54:01/wx/-1.70,557.9,43.0,0.81,78,3.42
2026.270.23:55:01/wx/-1.80,557.9,43.2,0.39,88,3.35
2026.270.23:56:01/wx/-1.90,557.9,43.8,0.58,331,3.40
2026.270.23:57:01/wx/-1.90,557.9,44.0,0.36,282,3.38
2026.270.23:58:01/wx/-1.90,557.9,42.8,0.73,238,3.36
2026.270.23:59:01/wx/-1.80,557.9,43.4,0.65,355,3.28
2026.271.00:00:01/wx/-1.80,557.9,42.6,0.78,158,3.21
2026.271.00:01:01/wx/-1.80,557.9,42.9,0.82,72,3.30
2026.271.00:02:01/wx/-1.98,557.9,43.1,1.08,77,3.21
2026.271.00:03:01/wx/-1.90,557.9,42.1,1.12,236,3.15
2026.271.00:04:01/wx/-1.90,557.9,42.3,1.02,325,3.24
2026.271.00:05:01/wx/-1.80,557.8,41.8,1.52,353,3.27
2026.271.00:06:01/wx/-1.61,557.8,41.0,2.32,354,3.15
2026.271.00:07:01/wx/-1.50,557.8,40.0,2.84,359,3.18
2026.271.00:08:01/wx/-1.50,557.8,40.3,2.93,359,3.16
2026.271.00:09:01/wx/-1.50,557.8,40.4,3.37,2,3.11
2026.271.00:10:01/wx/-1.30,557.8,39.3,2.47,160,3.15
2026.271.00:11:01/wx/-1.30,557.7,39.1,2.91,15,3.17
2026.271.00:12:01/wx/-1.10,557.7,38.5,3.06,110,3.14
2026.271.00:13:01/wx/-1.20,557.8,38.8,3.43,285,3.11
2026.271.00:14:01/wx/-1.01,557.8,38.1,3.15,341,3.19
2026.271.00:15:01/wx/-0.95,557.8,37.5,3.04,342,3.23
2026.271.00:16:01/wx/-0.70,557.8,36.2,2.74,347,3.13
2026.271.00:17:01/wx/-0.60,557.8,36.3,2.68,336,3.09
2026.271.00:18:01/wx/-0.50,557.7,35.3,2.24,339,3.08
2026.271.00:19:01/wx/-0.40,557.8,35.1,2.31,337,3.09
2026.271.00:20:01/wx/-0.40,557.8,35.4,1.94,329,3.13
2026.271.00:21:01/wx/-0.40,557.8,35.5,1.63,319,3.20
2026.271.00:22:01/wx/-0.40,557.8,35.1,1.77,315,3.27
2026.271.00:23:01/wx/-0.40,557.8,34.7,1.93,306,3.20
2026.271.00:24:01/wx/-0.40,557.8,34.6,2.15,298,3.23
2026.271.00:25:01/wx/-0.40,557.8,34.5,2.33,292,3.24
2026.271.00:26:01/wx/-0.40,557.8,34.0,2.13,287,3.21
2026.271.00:27:01/wx/-0.30,557.8,33.8,2.34,294,3.18
2026.271.00:28:01/wx/-0.20,557.8,33.4,2.60,307,3.16
2026.271.00:29:01/wx/-0.10,557.8,33.1,2.01,318,3.07
2026.271.00:30:01/wx/-0.10,557.8,33.2,2.02,316,3.08
2026.271.00:31:01/wx/-0.10,557.8,33.2,2.23,316,3.10
2026.271.00:32:01/wx/-0.10,557.8,33.2,2.19,317,3.10
2026.271.00:33:01/wx/-0.10,557.8,33.1,2.53,308,3.14
2026.271.00:34:01/wx/-0.09,557.8,33.0,1.96,295,3.16
2026.271.00:35:01/wx/0.10,557.8,33.2,2.00,296,3.17
2026.271.00:36:01/wx/0.10,557.8,32.8,1.02,273,3.17
2026.271.00:37:01/wx/0.14,557.8,33.3,1.56,293,3.13
2026.271.00:38:01/wx/0.10,557.8,33.1,1.36,310,3.13
2026.271.00:39:01/wx/-0.02,557.8,33.8,1.39,329,3.10
2026.271.00:40:01/wx/0.00,557.8,33.8,1.35,315,3.06
2026.271.00:41:01/wx/0.00,557.8,33.7,2.91,317,3.04
2026.271.00:42:01/wx/0.20,557.8,33.3,0.89,306,3.07
2026.271.00:43:01/wx/0.20,557.8,33.2,1.76,320,3.11
2026.271.00:44:01/wx/0.10,557.8,33.0,1.30,305,3.11
2026.271.00:45:01/wx/0.20,557.8,33.1,1.40,283,3.16
2026.271.00:46:01/wx/0.20,557.9,33.1,2.34,234,3.16
2026.271.00:47:01/wx/0.31,557.9,32.6,2.05,224,3.12
2026.271.00:48:01/wx/0.20,557.9,32.7,2.36,231,3.12
2026.271.00:49:01/wx/0.30,557.9,32.5,2.99,224,3.13
2026.271.00:50:01/wx/0.30,557.9,32.3,2.31,206,3.14
2026.271.00:51:01/wx/0.30,557.9,32.4,2.14,212,3.07
2026.271.00:52:01/wx/0.20,557.9,33.0,2.22,226,3.07
2026.271.00:53:01/wx/-0.09,557.9,34.1,2.13,243,3.02
2026.271.00:54:01/wx/-0.30,558.0,34.7,1.57,237,2.97
2026.271.00:55:01/wx/-0.38,557.9,35.0,1.50,231,2.88
2026.271.00:56:01/wx/-0.20,557.9,34.2,1.51,233,2.94
2026.271.00:57:01/wx/-0.04,557.9,33.3,1.21,235,2.96
2026.271.00:58:01/wx/0.00,557.9,33.0,1.52,226,2.95
2026.271.00:59:01/wx/0.10,557.9,32.8,1.62,220,2.93
2026.271.01:00:01/wx/0.18,557.9,32.6,1.72,221,2.91
2026.271.01:01:01/wx/0.20,557.9,32.5,1.42,218,2.88
2026.271.01:02:01/wx/0.20,557.9,32.6,1.52,215,2.86
2026.271.01:03:01/wx/0.20,557.9,32.6,1.52,206,2.88
2026.271.01:04:01/wx/0.10,557.9,32.6,1.42,203,2.87
2026.271.01:05:01/wx/0.10,557.9,32.7,1.25,206,2.86
2026.271.01:06:01/wx/0.10,557.9,32.8,0.92,211,2.84
2026.271.01:07:01/wx/0.07,557.9,33.8,0.89,115,2.83
2026.271.01:08:01/wx/-0.60,557.9,36.1,2.10,13,2.87
2026.271.01:09:01/wx/-0.80,557.9,36.6,1.80,26,2.86
2026.271.01:10:01/wx/-0.80,557.9,36.9,1.43,44,2.89
2026.271.01:11:01/wx/-0.70,557.9,36.3,1.11,32,2.84
2026.271.01:12:01/wx/-0.60,557.9,35.9,0.71,39,2.81
2026.271.01:13:01/wx/-0.60,557.9,35.8,0.91,63,2.80
2026.271.01:14:01/wx/-0.50,557.9,35.6,0.71,56,2.75
2026.271.01:15:01/wx/-0.50,557.9,35.4,0.68,57,2.73
2026.271.01:16:01/wx/-0.50,557.9,35.3,0.50,39,2.70
2026.271.01:17:01/wx/-0.50,557.9,35.4,0.43,28,2.71
2026.271.01:18:01/wx/-0.60,558.0,35.2,0.30,27,2.65
2026.271.01:19:01/wx/-0.56,558.0,35.0,0.30,55,2.59
2026.271.01:20:01/wx/-0.50,558.0,35.1,0.39,63,2.56
2026.271.01:21:01/wx/-0.50,557.9,35.2,1.50,90,2.56
2026.271.01:22:01/wx/-0.60,557.9,35.6,1.11,71,2.54
2026.271.01:23:01/wx/-0.60,557.9,36.3,1.11,73,2.49
2026.271.01:24:01/wx/-0.80,557.9,37.1,1.15,68,2.44
2026.271.01:25:01/wx/-0.90,557.9,37.1,1.20,39,2.39
2026.271.01:26:01/wx/-0.68,557.9,36.1,1.20,30,2.64
2026.271.01:27:01/wx/-0.53,557.9,35.4,0.90,110,2.42
2026.271.01:28:01/wx/-0.50,557.9,35.2,0.59,5,2.43
2026.271.01:29:01/wx/-0.50,557.9,35.5,0.84,183,2.40
2026.271.01:30:01/wx/-0.50,557.9,35.1,0.86,357,2.34
2026.271.01:31:01/wx/-0.50,557.9,35.0,0.83,343,2.37
2026.271.01:32:01/wx/-0.57,557.9,35.0,0.90,333,2.34
2026.271.01:33:01/wx/-0.70,557.9,35.3,0.94,327,2.51
2026.271.01:34:01/wx/-0.80,558.0,36.1,1.64,333,2.53
2026.271.01:35:01/wx/-0.60,557.9,35.2,1.63,338,2.51
2026.271.01:36:01/wx/-0.48,558.0,34.7,1.72,336,2.44
2026.271.01:37:01/wx/-0.30,558.0,34.2,1.52,327,2.34
2026.271.01:38:01/wx/-0.10,558.0,33.6,1.83,327,2.29
2026.271.01:39:01/wx/0.00,557.9,32.6,1.93,320,2.33
2026.271.01:40:01/wx/-0.10,557.9,33.1,1.93,312,2.23
2026.271.01:41:01/wx/0.02,558.0,31.9,2.48,323,2.24
2026.271.01:42:01/wx/0.27,558.0,29.6,2.63,330,2.42
2026.271.01:43:01/wx/0.60,558.0,27.2,2.63,325,2.41
2026.271.01:44:01/wx/0.70,558.0,26.8,2.67,332,2.39
2026.271.01:45:01/wx/0.70,558.0,26.5,3.02,341,2.28
2026.271.01:46:01/wx/0.93,558.0,24.5,3.16,321,2.32
2026.271.01:47:01/wx/0.51,558.0,26.4,3.03,324,2.30
2026.271.01:48:01/wx/0.60,558.0,26.1,3.04,335,2.39
2026.271.01:49:01/wx/0.91,558.0,23.4,2.93,334,2.37
2026.271.01:50:01/wx/1.10,557.9,22.7,2.82,343,2.31
2026.271.01:51:01/wx/1.35,558.0,21.0,3.61,341,2.30
2026.271.01:52:01/wx/1.05,557.9,22.2,3.38,336,2.29
2026.271.01:53:01/wx/0.90,557.9,22.6,3.62,343,2.31
2026.271.01:54:01/wx/0.60,557.9,24.5,3.32,328,2.34
2026.271.01:55:01/wx/0.70,557.9,23.9,3.44,334,2.34
2026.271.01:56:01/wx/0.93,557.9,22.8,3.66,341,2.34
2026.271.01:57:01/wx/1.10,557.9,21.7,3.95,343,2.35
2026.271.01:58:01/wx/1.08,557.9,21.8,3.65,347,2.38
2026.271.01:59:01/wx/0.79,557.9,23.1,4.11,347,2.37
2026.271.02:00:01/wx/0.40,557.9,24.5,3.73,349,2.38
2026.271.02:01:01/wx/0.27,557.9,24.4,4.79,350,2.38
2026.271.02:02:01/wx/0.85,557.9,22.2,4.30,350,2.42
2026.271.02:03:01/wx/-0.14,557.9,26.4,3.60,346,2.41
2026.271.02:04:01/wx/0.62,557.9,23.2,3.97,343,2.39
2026.271.02:05:01/wx/0.90,557.9,21.6,4.03,344,2.38
2026.271.02:06:01/wx/0.76,557.9,22.6,4.14,340,2.44
2026.271.02:07:01/wx/1.00,557.9,21.5,4.07,336,2.44
2026.271.02:08:01/wx/0.70,557.9,22.7,4.18,336,2.42
2026.271.02:09:01/wx/0.50,558.0,23.7,4.08,332,2.41
2026.271.02:10:01/wx/0.30,558.0,24.3,4.23,337,2.46
2026.271.02:11:01/wx/0.10,558.0,24.6,3.93,338,2.45
2026.271.02:12:01/wx/-0.21,557.9,25.3,4.29,334,2.42
2026.271.02:13:01/wx/0.00,558.0,23.7,4.42,335,2.46
2026.271.02:14:01/wx/0.16,558.0,22.7,4.50,336,2.42
2026.271.02:15:01/wx/-0.50,557.9,26.3,4.53,335,2.42
2026.271.02:16:01/wx/-0.01,558.0,22.9,4.76,338,2.46
2026.271.02:17:01/wx/0.20,558.0,21.9,4.74,334,2.48
2026.271.02:18:01/wx/0.33,558.0,21.3,4.92,337,2.46
2026.271.02:19:01/wx/0.98,557.9,18.9,4.81,334,2.43
2026.271.02:20:01/wx/0.50,558.0,20.7,5.33,343,2.44
2026.271.02:21:01/wx/0.64,558.0,20.3,5.09,337,2.43
2026.271.02:22:01/wx/0.60,558.0,20.5,4.53,334,2.47
2026.271.02:23:01/wx/0.58,557.9,20.8,4.24,342,2.47
2026.271.02:24:01/wx/-0.07,557.9,23.6,4.66,338,2.44
2026.271.02:25:01/wx/0.00,557.9,23.5,4.64,335,2.45
2026.271.02:26:01/wx/0.35,557.9,22.0,4.04,334,2.42
2026.271.02:27:01/wx/0.30,557.9,22.5,4.04,333,2.44
2026.271.02:28:01/wx/0.40,557.9,22.5,4.40,341,2.42
2026.271.02:29:01/wx/0.30,557.9,22.9,4.46,339,2.40
2026.271.02:30:01/wx/0.40,557.9,22.8,4.53,343,2.41
2026.271.02:31:01/wx/0.10,557.9,24.4,4.63,340,2.39
2026.271.02:32:01/wx/0.39,557.9,22.9,4.44,342,2.40
2026.271.02:33:01/wx/0.70,557.9,21.2,4.23,341,2.39
2026.271.02:34:01/wx/0.73,557.9,21.3,4.53,342,2.38
2026.271.02:35:01/wx/0.61,557.9,22.2,4.20,342,2.39
2026.271.02:36:01/wx/0.39,557.9,23.1,4.49,340,2.40
2026.271.02:37:01/wx/0.80,557.9,21.2,4.54,343,2.41
2026.271.02:38:01/wx/0.73,557.9,21.4,4.57,341,2.45
2026.271.02:39:01/wx/1.00,557.9,20.1,4.60,344,2.42
2026.271.02:40:01/wx/1.10,557.8,19.6,4.54,337,2.43
2026.271.02:41:01/wx/1.10,557.9,19.9,4.74,343,2.41
2026.271.02:42:01/wx/1.00,557.8,20.2,4.85,341,2.38
2026.271.02:43:01/wx/1.02,557.9,20.4,4.67,340,2.38
2026.271.02:44:01/wx/0.41,557.8,23.0,4.67,342,2.36
2026.271.02:45:01/wx/0.60,557.8,21.8,5.23,344,2.35
2026.271.02:46:01/wx/0.45,557.8,22.4,5.03,342,2.33
2026.271.02:47:01/wx/0.50,557.8,22.0,5.33,343,2.33
2026.271.02:48:01/wx/0.43,557.8,22.2,5.24,340,2.33
2026.271.02:49:01/wx/0.80,557.8,20.6,5.05,339,2.30
2026.271.02:50:01/wx/0.68,557.8,21.1,5.32,343,2.27
2026.271.02:51:01/wx/0.20,557.8,23.4,5.16,344,2.27
