2026.270.07:20:01;APEX Database GPS vs Devices offset for c262c
2026.270.07:20:01;The format is gps-fmout/[seconds] and gps-maser/[seconds]
2026.270.07:21:01/gps-fmout/+3.260000e-07
2026.270.07:21:01/gps-maser/+2.649346e-07
2026.270.07:22:01/gps-fmout/+3.260000e-07
2026.270.07:22:01/gps-maser/+2.656644e-07
2026.270.07:23:01/gps-fmout/+3.260000e-07
2026.270.07:23:01/gps-maser/+2.652727e-07
2026.270.07:24:01/gps-fmout/+3.258911e-07
2026.270.07:24:01/gps-maser/+2.661818e-07
2026.270.07:25:01/gps-fmout/+3.252305e-07
2026.270.07:25:01/gps-maser/+2.670642e-07
2026.270.07:26:01/gps-fmout/+3.275152e-07
2026.270.07:26:01/gps-maser/+2.664063e-07
2026.270.07:27:01/gps-fmout/+3.284242e-07
2026.270.07:27:01/gps-maser/+2.666633e-07
2026.270.07:28:01/gps-fmout/+3.288148e-07
2026.270.07:28:01/gps-maser/+2.684464e-07
2026.270.07:29:01/gps-fmout/+3.283624e-07
2026.270.07:29:01/gps-maser/+2.688951e-07
2026.270.07:30:01/gps-fmout/+3.302336e-07
2026.270.07:30:01/gps-maser/+2.679161e-07
2026.270.07:31:01/gps-fmout/+3.309305e-07
2026.270.07:31:01/gps-maser/+2.680766e-07
2026.270.07:32:01/gps-fmout/+3.299469e-07
2026.270.07:32:01/gps-maser/+2.707025e-07
2026.270.07:33:01/gps-fmout/+3.310000e-07
2026.270.07:33:01/gps-maser/+2.706995e-07
2026.270.07:34:01/gps-fmout/+3.310000e-07
2026.270.07:34:01/gps-maser/+2.703497e-07
2026.270.07:35:01/gps-fmout/+3.311011e-07
2026.270.07:35:01/gps-maser/+2.718605e-07
2026.270.07:36:01/gps-fmout/+3.319686e-07
2026.270.07:36:01/gps-maser/+2.700841e-07
2026.270.07:37:01/gps-fmout/+3.310000e-07
2026.270.07:37:01/gps-maser/+2.698611e-07
2026.270.07:38:01/gps-fmout/+3.309482e-07
2026.270.07:38:01/gps-maser/+2.701870e-07
2026.270.07:39:01/gps-fmout/+3.312593e-07
2026.270.07:39:01/gps-maser/+2.723182e-07
2026.270.07:40:01/gps-fmout/+3.322424e-07
2026.270.07:40:01/gps-maser/+2.732273e-07
2026.270.07:41:01/gps-fmout/+3.331515e-07
2026.270.07:41:01/gps-maser/+2.741364e-07
2026.270.07:42:01/gps-fmout/+3.340520e-07
2026.270.07:42:01/gps-maser/+2.749468e-07
2026.270.07:43:01/gps-fmout/+3.322319e-07
2026.270.07:43:01/gps-maser/+2.714023e-07
2026.270.07:44:01/gps-fmout/+3.296863e-07
2026.270.07:44:01/gps-maser/+2.716379e-07
2026.270.07:45:01/gps-fmout/+3.305571e-07
2026.270.07:45:01/gps-maser/+2.712943e-07
2026.270.07:46:01/gps-fmout/+3.320758e-07
2026.270.07:46:01/gps-maser/+2.728452e-07
2026.270.07:47:01/gps-fmout/+3.320623e-07
2026.270.07:47:01/gps-maser/+2.703737e-07
2026.270.07:48:01/gps-fmout/+3.329860e-07
2026.270.07:48:01/gps-maser/+2.720000e-07
2026.270.07:49:01/gps-fmout/+3.301515e-07
2026.270.07:49:01/gps-maser/+2.700553e-07
2026.270.07:50:01/gps-fmout/+3.283333e-07
2026.270.07:50:01/gps-maser/+2.691114e-07
2026.270.07:51:01/gps-fmout/+3.268517e-07
2026.270.07:51:01/gps-maser/+2.667573e-07
2026.270.07:52:01/gps-fmout/+3.280242e-07
2026.270.07:52:01/gps-maser/+2.672727e-07
2026.270.07:53:01/gps-fmout/+3.280776e-07
2026.270.07:53:01/gps-maser/+2.690965e-07
2026.270.07:54:01/gps-fmout/+3.296137e-07
2026.270.07:54:01/gps-maser/+2.697483e-07
2026.270.07:55:01/gps-fmout/+3.297448e-07
2026.270.07:55:01/gps-maser/+2.686364e-07
2026.270.07:56:01/gps-fmout/+3.291570e-07
2026.270.07:56:01/gps-maser/+2.680113e-07
2026.270.07:57:01/gps-fmout/+3.297984e-07
2026.270.07:57:01/gps-maser/+2.690699e-07
2026.270.07:58:01/gps-fmout/+3.282799e-07
2026.270.07:58:01/gps-maser/+2.688745e-07
2026.270.07:59:01/gps-fmout/+3.305152e-07
2026.270.07:59:01/gps-maser/+2.693698e-07
2026.270.08:00:01/gps-fmout/+3.314242e-07
2026.270.08:00:01/gps-maser/+2.721684e-07
2026.270.08:01:01/gps-fmout/+3.321852e-07
2026.270.08:01:01/gps-maser/+2.726818e-07
2026.270.08:02:01/gps-fmout/+3.316857e-07
2026.270.08:02:01/gps-maser/+2.717727e-07
2026.270.08:03:01/gps-fmout/+3.298813e-07
2026.270.08:03:01/gps-maser/+2.709410e-07
2026.270.08:04:01/gps-fmout/+3.312497e-07
2026.270.08:04:01/gps-maser/+2.720169e-07
2026.270.08:05:01/gps-fmout/+3.344697e-07
2026.270.08:05:01/gps-maser/+2.728753e-07
2026.270.08:06:01/gps-fmout/+3.353788e-07
2026.270.08:06:01/gps-maser/+2.736890e-07
2026.270.08:07:01/gps-fmout/+3.362879e-07
2026.270.08:07:01/gps-maser/+2.732727e-07
2026.270.08:08:01/gps-fmout/+3.369123e-07
2026.270.08:08:01/gps-maser/+2.741818e-07
2026.270.08:09:01/gps-fmout/+3.350899e-07
2026.270.08:09:01/gps-maser/+2.752054e-07
2026.270.08:10:01/gps-fmout/+3.370099e-07
2026.270.08:10:01/gps-maser/+2.778375e-07
2026.270.08:11:01/gps-fmout/+3.361648e-07
2026.270.08:11:01/gps-maser/+2.777283e-07
2026.270.08:12:01/gps-fmout/+3.351746e-07
2026.270.08:12:01/gps-maser/+2.763899e-07
2026.270.08:13:01/gps-fmout/+3.359562e-07
2026.270.08:13:01/gps-maser/+2.747022e-07
2026.270.08:14:01/gps-fmout/+3.344909e-07
2026.270.08:14:01/gps-maser/+2.737194e-07
2026.270.08:15:01/gps-fmout/+3.300220e-07
2026.270.08:15:01/gps-maser/+2.709512e-07
2026.270.08:16:01/gps-fmout/+3.312927e-07
2026.270.08:16:01/gps-maser/+2.700909e-07
2026.270.08:17:01/gps-fmout/+3.302424e-07
2026.270.08:17:01/gps-maser/+2.682727e-07
2026.270.08:18:01/gps-fmout/+3.284242e-07
2026.270.08:18:01/gps-maser/+2.667656e-07
2026.270.08:19:01/gps-fmout/+3.266061e-07
2026.270.08:19:01/gps-maser/+2.665297e-07
2026.270.08:20:01/gps-fmout/+3.248394e-07
2026.270.08:20:01/gps-maser/+2.630872e-07
2026.270.08:21:01/gps-fmout/+3.249823e-07
2026.270.08:21:01/gps-maser/+2.640000e-07
2026.270.08:22:01/gps-fmout/+3.240885e-07
2026.270.08:22:01/gps-maser/+2.640000e-07
2026.270.08:23:01/gps-fmout/+3.253704e-07
2026.270.08:23:01/gps-maser/+2.640000e-07
2026.270.08:24:01/gps-fmout/+3.241996e-07
2026.270.08:24:01/gps-maser/+2.640000e-07
2026.270.08:25:01/gps-fmout/+3.250501e-07
2026.270.08:25:01/gps-maser/+2.639413e-07
2026.270.08:26:01/gps-fmout/+3.249460e-07
2026.270.08:26:01/gps-maser/+2.630368e-07
2026.270.08:27:01/gps-fmout/+3.252288e-07
2026.270.08:27:01/gps-maser/+2.643959e-07
2026.270.08:28:01/gps-fmout/+3.266434e-07
2026.270.08:28:01/gps-maser/+2.659997e-07
2026.270.08:29:01/gps-fmout/+3.267477e-07
2026.270.08:29:01/gps-maser/+2.686206e-07
2026.270.08:30:01/gps-fmout/+3.292401e-07
2026.270.08:30:01/gps-maser/+2.702337e-07
2026.270.08:31:01/gps-fmout/+3.302667e-07
2026.270.08:31:01/gps-maser/+2.711548e-07
2026.270.08:32:01/gps-fmout/+3.330379e-07
2026.270.08:32:01/gps-maser/+2.722083e-07
2026.270.08:33:01/gps-fmout/+3.342097e-07
2026.270.08:33:01/gps-maser/+2.715891e-07
2026.270.08:34:01/gps-fmout/+3.336420e-07
2026.270.08:34:01/gps-maser/+2.708570e-07
2026.270.08:35:01/gps-fmout/+3.330000e-07
2026.270.08:35:01/gps-maser/+2.712273e-07
2026.270.08:36:01/gps-fmout/+3.330000e-07
2026.270.08:36:01/gps-maser/+2.721364e-07
2026.270.08:37:01/gps-fmout/+3.330000e-07
2026.270.08:37:01/gps-maser/+2.729966e-07
2026.270.08:38:01/gps-fmout/+3.325454e-07
2026.270.08:38:01/gps-maser/+2.704215e-07
2026.270.08:39:01/gps-fmout/+3.320000e-07
2026.270.08:39:01/gps-maser/+2.698843e-07
2026.270.08:40:01/gps-fmout/+3.320000e-07
2026.270.08:40:01/gps-maser/+2.705477e-07
2026.270.08:41:01/gps-fmout/+3.319058e-07
2026.270.08:41:01/gps-maser/+2.729797e-07
2026.270.08:42:01/gps-fmout/+3.313508e-07
2026.270.08:42:01/gps-maser/+2.711979e-07
2026.270.08:43:01/gps-fmout/+3.331766e-07
2026.270.08:43:01/gps-maser/+2.710000e-07
2026.270.08:44:01/gps-fmout/+3.307051e-07
2026.270.08:44:01/gps-maser/+2.693997e-07
2026.270.08:45:01/gps-fmout/+3.290041e-07
2026.270.08:45:01/gps-maser/+2.694265e-07
2026.270.08:46:01/gps-fmout/+3.292776e-07
2026.270.08:46:01/gps-maser/+2.680750e-07
2026.270.08:47:01/gps-fmout/+3.259795e-07
2026.270.08:47:01/gps-maser/+2.688631e-07
2026.270.08:48:01/gps-fmout/+3.269218e-07
2026.270.08:48:01/gps-maser/+2.670368e-07
2026.270.08:49:01/gps-fmout/+3.269243e-07
2026.270.08:49:01/gps-maser/+2.680992e-07
2026.270.08:50:01/gps-fmout/+3.283788e-07
2026.270.08:50:01/gps-maser/+2.675985e-07
2026.270.08:51:01/gps-fmout/+3.292879e-07
2026.270.08:51:01/gps-maser/+2.673561e-07
2026.270.08:52:01/gps-fmout/+3.301970e-07
2026.270.08:52:01/gps-maser/+2.692630e-07
2026.270.08:53:01/gps-fmout/+3.310180e-07
2026.270.08:53:01/gps-maser/+2.699145e-07
2026.270.08:54:01/gps-fmout/+3.290139e-07
2026.270.08:54:01/gps-maser/+2.695000e-07
2026.270.08:55:01/gps-fmout/+3.317456e-07
2026.270.08:55:01/gps-maser/+2.704585e-07
2026.270.08:56:01/gps-fmout/+3.302099e-07
2026.270.08:56:01/gps-maser/+2.710740e-07
2026.270.08:57:01/gps-fmout/+3.294112e-07
2026.270.08:57:01/gps-maser/+2.710000e-07
2026.270.08:58:01/gps-fmout/+3.323537e-07
2026.270.08:58:01/gps-maser/+2.711329e-07
2026.270.08:59:01/gps-fmout/+3.340442e-07
2026.270.08:59:01/gps-maser/+2.740376e-07
2026.270.09:00:01/gps-fmout/+3.343202e-07
2026.270.09:00:01/gps-maser/+2.749091e-07
2026.270.09:01:01/gps-fmout/+3.364317e-07
2026.270.09:01:01/gps-maser/+2.767273e-07
2026.270.09:02:01/gps-fmout/+3.390988e-07
2026.270.09:02:01/gps-maser/+2.784402e-07
2026.270.09:03:01/gps-fmout/+3.391560e-07
2026.270.09:03:01/gps-maser/+2.788520e-07
2026.270.09:04:01/gps-fmout/+3.401851e-07
2026.270.09:04:01/gps-maser/+2.772379e-07
2026.270.09:05:01/gps-fmout/+3.416817e-07
2026.270.09:05:01/gps-maser/+2.802292e-07
2026.270.09:06:01/gps-fmout/+3.416251e-07
2026.270.09:06:01/gps-maser/+2.811447e-07
2026.270.09:07:01/gps-fmout/+3.412716e-07
2026.270.09:07:01/gps-maser/+2.807213e-07
2026.270.09:08:01/gps-fmout/+3.421586e-07
2026.270.09:08:01/gps-maser/+2.800636e-07
2026.270.09:09:01/gps-fmout/+3.416970e-07
2026.270.09:09:01/gps-maser/+2.809500e-07
2026.270.09:10:01/gps-fmout/+3.398788e-07
2026.270.09:10:01/gps-maser/+2.788208e-07
2026.270.09:11:01/gps-fmout/+3.385152e-07
2026.270.09:11:01/gps-maser/+2.763669e-07
2026.270.09:12:01/gps-fmout/+3.370353e-07
2026.270.09:12:01/gps-maser/+2.755688e-07
2026.270.09:13:01/gps-fmout/+3.338544e-07
2026.270.09:13:01/gps-maser/+2.723848e-07
2026.270.09:14:01/gps-fmout/+3.308255e-07
2026.270.09:14:01/gps-maser/+2.707316e-07
2026.270.09:15:01/gps-fmout/+3.319155e-07
2026.270.09:15:01/gps-maser/+2.700635e-07
2026.270.09:16:01/gps-fmout/+3.309955e-07
2026.270.09:16:01/gps-maser/+2.695000e-07
2026.270.09:17:01/gps-fmout/+3.306115e-07
2026.270.09:17:01/gps-maser/+2.679879e-07
2026.270.09:18:01/gps-fmout/+3.300494e-07
2026.270.09:18:01/gps-maser/+2.676950e-07
2026.270.09:19:01/gps-fmout/+3.295152e-07
2026.270.09:19:01/gps-maser/+2.670995e-07
2026.270.09:20:01/gps-fmout/+3.276970e-07
2026.270.09:20:01/gps-maser/+2.679421e-07
2026.270.09:21:01/gps-fmout/+3.260003e-07
2026.270.09:21:01/gps-maser/+2.669197e-07
2026.270.09:22:01/gps-fmout/+3.270606e-07
2026.270.09:22:01/gps-maser/+2.655342e-07
2026.270.09:23:01/gps-fmout/+3.251533e-07
2026.270.09:23:01/gps-maser/+2.643295e-07
2026.270.09:24:01/gps-fmout/+3.238540e-07
2026.270.09:24:01/gps-maser/+2.625848e-07
2026.270.09:25:01/gps-fmout/+3.240000e-07
2026.270.09:25:01/gps-maser/+2.621952e-07
2026.270.09:26:01/gps-fmout/+3.240000e-07
2026.270.09:26:01/gps-maser/+2.648289e-07
2026.270.09:27:01/gps-fmout/+3.248396e-07
2026.270.09:27:01/gps-maser/+2.640833e-07
2026.270.09:28:01/gps-fmout/+3.265863e-07
2026.270.09:28:01/gps-maser/+2.650000e-07
2026.270.09:29:01/gps-fmout/+3.265926e-07
2026.270.09:29:01/gps-maser/+2.650000e-07
2026.270.09:30:01/gps-fmout/+3.250214e-07
2026.270.09:30:01/gps-maser/+2.646455e-07
2026.270.09:31:01/gps-fmout/+3.256763e-07
2026.270.09:31:01/gps-maser/+2.619715e-07
2026.270.09:32:01/gps-fmout/+3.210892e-07
2026.270.09:32:01/gps-maser/+2.629288e-07
2026.270.09:33:01/gps-fmout/+3.220835e-07
2026.270.09:33:01/gps-maser/+2.615680e-07
2026.270.09:34:01/gps-fmout/+3.200452e-07
2026.270.09:34:01/gps-maser/+2.603632e-07
2026.270.09:35:01/gps-fmout/+3.195121e-07
2026.270.09:35:01/gps-maser/+2.582431e-07
2026.270.09:36:01/gps-fmout/+3.174414e-07
2026.270.09:36:01/gps-maser/+2.558816e-07
2026.270.09:37:01/gps-fmout/+3.148042e-07
2026.270.09:37:01/gps-maser/+2.568466e-07
2026.270.09:38:01/gps-fmout/+3.139924e-07
2026.270.09:38:01/gps-maser/+2.553667e-07
2026.270.09:39:01/gps-fmout/+3.147597e-07
2026.270.09:39:01/gps-maser/+2.553505e-07
2026.270.09:40:01/gps-fmout/+3.164568e-07
2026.270.09:40:01/gps-maser/+2.557528e-07
2026.270.09:41:01/gps-fmout/+3.168837e-07
2026.270.09:41:01/gps-maser/+2.548587e-07
2026.270.09:42:01/gps-fmout/+3.160691e-07
2026.270.09:42:01/gps-maser/+2.552726e-07
2026.270.09:43:01/gps-fmout/+3.170914e-07
2026.270.09:43:01/gps-maser/+2.580909e-07
2026.270.09:44:01/gps-fmout/+3.197935e-07
2026.270.09:44:01/gps-maser/+2.599091e-07
2026.270.09:45:01/gps-fmout/+3.233578e-07
2026.270.09:45:01/gps-maser/+2.620699e-07
2026.270.09:46:01/gps-fmout/+3.251836e-07
2026.270.09:46:01/gps-maser/+2.642367e-07
2026.270.09:47:01/gps-fmout/+3.251617e-07
2026.270.09:47:01/gps-maser/+2.638717e-07
2026.270.09:48:01/gps-fmout/+3.260311e-07
2026.270.09:48:01/gps-maser/+2.631584e-07
2026.270.09:49:01/gps-fmout/+3.249668e-07
2026.270.09:49:01/gps-maser/+2.644702e-07
2026.270.09:50:01/gps-fmout/+3.226566e-07
2026.270.09:50:01/gps-maser/+2.644010e-07
2026.270.09:51:01/gps-fmout/+3.236508e-07
2026.270.09:51:01/gps-maser/+2.651923e-07
2026.270.09:52:01/gps-fmout/+3.250331e-07
2026.270.09:52:01/gps-maser/+2.645046e-07
2026.270.09:53:01/gps-fmout/+3.235922e-07
2026.270.09:53:01/gps-maser/+2.616563e-07
2026.270.09:54:01/gps-fmout/+3.208442e-07
2026.270.09:54:01/gps-maser/+2.599807e-07
2026.270.09:55:01/gps-fmout/+3.203810e-07
2026.270.09:55:01/gps-maser/+2.600909e-07
2026.270.09:56:01/gps-fmout/+3.206052e-07
2026.270.09:56:01/gps-maser/+2.589832e-07
2026.270.09:57:01/gps-fmout/+3.200000e-07
2026.270.09:57:01/gps-maser/+2.587453e-07
2026.270.09:58:01/gps-fmout/+3.200000e-07
2026.270.09:58:01/gps-maser/+2.580493e-07
2026.270.09:59:01/gps-fmout/+3.199373e-07
2026.270.09:59:01/gps-maser/+2.591656e-07
2026.270.10:00:01/gps-fmout/+3.180078e-07
2026.270.10:00:01/gps-maser/+2.595938e-07
2026.270.10:01:01/gps-fmout/+3.210049e-07
2026.270.10:01:01/gps-maser/+2.588654e-07
2026.270.10:02:01/gps-fmout/+3.213369e-07
2026.270.10:02:01/gps-maser/+2.593182e-07
2026.270.10:03:01/gps-fmout/+3.221224e-07
2026.270.10:03:01/gps-maser/+2.602273e-07
2026.270.10:04:01/gps-fmout/+3.218035e-07
2026.270.10:04:01/gps-maser/+2.611138e-07
2026.270.10:05:01/gps-fmout/+3.200000e-07
2026.270.10:05:01/gps-maser/+2.609070e-07
2026.270.10:06:01/gps-fmout/+3.200000e-07
2026.270.10:06:01/gps-maser/+2.583541e-07
2026.270.10:07:01/gps-fmout/+3.200000e-07
2026.270.10:07:01/gps-maser/+2.583212e-07
2026.270.10:08:01/gps-fmout/+3.200000e-07
2026.270.10:08:01/gps-maser/+2.573231e-07
2026.270.10:09:01/gps-fmout/+3.199404e-07
2026.270.10:09:01/gps-maser/+2.585451e-07
2026.270.10:10:01/gps-fmout/+3.188484e-07
2026.270.10:10:01/gps-maser/+2.549517e-07
2026.270.10:11:01/gps-fmout/+3.169613e-07
2026.270.10:11:01/gps-maser/+2.555000e-07
2026.270.10:12:01/gps-fmout/+3.145806e-07
2026.270.10:12:01/gps-maser/+2.565080e-07
2026.270.10:13:01/gps-fmout/+3.156420e-07
2026.270.10:13:01/gps-maser/+2.568297e-07
2026.270.10:14:01/gps-fmout/+3.171837e-07
2026.270.10:14:01/gps-maser/+2.557727e-07
2026.270.10:15:01/gps-fmout/+3.167801e-07
2026.270.10:15:01/gps-maser/+2.548636e-07
2026.270.10:16:01/gps-fmout/+3.149714e-07
2026.270.10:16:01/gps-maser/+2.539429e-07
2026.270.10:17:01/gps-fmout/+3.145218e-07
2026.270.10:17:01/gps-maser/+2.542735e-07
2026.270.10:18:01/gps-fmout/+3.145891e-07
2026.270.10:18:01/gps-maser/+2.556364e-07
2026.270.10:19:01/gps-fmout/+3.157988e-07
2026.270.10:19:01/gps-maser/+2.547273e-07
2026.270.10:20:01/gps-fmout/+3.151490e-07
2026.270.10:20:01/gps-maser/+2.539152e-07
2026.270.10:21:01/gps-fmout/+3.160380e-07
2026.270.10:21:01/gps-maser/+2.552738e-07
2026.270.10:22:01/gps-fmout/+3.149843e-07
2026.270.10:22:01/gps-maser/+2.565000e-07
2026.270.10:23:01/gps-fmout/+3.155304e-07
2026.270.10:23:01/gps-maser/+2.564091e-07
2026.270.10:24:01/gps-fmout/+3.174444e-07
2026.270.10:24:01/gps-maser/+2.573182e-07
2026.270.10:25:01/gps-fmout/+3.159482e-07
2026.270.10:25:01/gps-maser/+2.577698e-07
2026.270.10:26:01/gps-fmout/+3.158369e-07
2026.270.10:26:01/gps-maser/+2.550102e-07
2026.270.10:27:01/gps-fmout/+3.141053e-07
2026.270.10:27:01/gps-maser/+2.559091e-07
2026.270.10:28:01/gps-fmout/+3.169715e-07
2026.270.10:28:01/gps-maser/+2.540909e-07
2026.270.10:29:01/gps-fmout/+3.145090e-07
2026.270.10:29:01/gps-maser/+2.527728e-07
2026.270.10:30:01/gps-fmout/+3.121689e-07
2026.270.10:30:01/gps-maser/+2.525813e-07
2026.270.10:31:01/gps-fmout/+3.134329e-07
2026.270.10:31:01/gps-maser/+2.509717e-07
2026.270.10:32:01/gps-fmout/+3.101709e-07
2026.270.10:32:01/gps-maser/+2.517589e-07
2026.270.10:33:01/gps-fmout/+3.116611e-07
2026.270.10:33:01/gps-maser/+2.505000e-07
2026.270.10:34:01/gps-fmout/+3.120000e-07
2026.270.10:34:01/gps-maser/+2.514091e-07
2026.270.10:35:01/gps-fmout/+3.120000e-07
2026.270.10:35:01/gps-maser/+2.521134e-07
2026.270.10:36:01/gps-fmout/+3.122511e-07
2026.270.10:36:01/gps-maser/+2.521537e-07
2026.270.10:37:01/gps-fmout/+3.140979e-07
2026.270.10:37:01/gps-maser/+2.532048e-07
2026.270.10:38:01/gps-fmout/+3.140636e-07
2026.270.10:38:01/gps-maser/+2.549872e-07
2026.270.10:39:01/gps-fmout/+3.137377e-07
2026.270.10:39:01/gps-maser/+2.529936e-07
2026.270.10:40:01/gps-fmout/+3.127893e-07
2026.270.10:40:01/gps-maser/+2.523268e-07
2026.270.10:41:01/gps-fmout/+3.134242e-07
2026.270.10:41:01/gps-maser/+2.510177e-07
2026.270.10:42:01/gps-fmout/+3.116061e-07
2026.270.10:42:01/gps-maser/+2.516582e-07
2026.270.10:43:01/gps-fmout/+3.098247e-07
2026.270.10:43:01/gps-maser/+2.483625e-07
2026.270.10:44:01/gps-fmout/+3.100114e-07
2026.270.10:44:01/gps-maser/+2.504808e-07
2026.270.10:45:01/gps-fmout/+3.099041e-07
2026.270.10:45:01/gps-maser/+2.481818e-07
2026.270.10:46:01/gps-fmout/+3.071687e-07
2026.270.10:46:01/gps-maser/+2.463636e-07
2026.270.10:47:01/gps-fmout/+3.061732e-07
2026.270.10:47:01/gps-maser/+2.449437e-07
2026.270.10:48:01/gps-fmout/+3.080338e-07
2026.270.10:48:01/gps-maser/+2.471621e-07
2026.270.10:49:01/gps-fmout/+3.081212e-07
2026.270.10:49:01/gps-maser/+2.480225e-07
2026.270.10:50:01/gps-fmout/+3.099394e-07
2026.270.10:50:01/gps-maser/+2.488189e-07
2026.270.10:51:01/gps-fmout/+3.111043e-07
2026.270.10:51:01/gps-maser/+2.502488e-07
2026.270.10:52:01/gps-fmout/+3.094087e-07
2026.270.10:52:01/gps-maser/+2.493750e-07
2026.270.10:53:01/gps-fmout/+3.080251e-07
2026.270.10:53:01/gps-maser/+2.471241e-07
2026.270.10:54:01/gps-fmout/+3.090382e-07
2026.270.10:54:01/gps-maser/+2.488182e-07
2026.270.10:55:01/gps-fmout/+3.078738e-07
2026.270.10:55:01/gps-maser/+2.470000e-07
2026.270.10:56:01/gps-fmout/+3.070000e-07
2026.270.10:56:01/gps-maser/+2.457638e-07
2026.270.10:57:01/gps-fmout/+3.070000e-07
2026.270.10:57:01/gps-maser/+2.457098e-07
2026.270.10:58:01/gps-fmout/+3.067044e-07
2026.270.10:58:01/gps-maser/+2.450995e-07
2026.270.10:59:01/gps-fmout/+3.050619e-07
2026.270.10:59:01/gps-maser/+2.459368e-07
2026.270.11:00:01/gps-fmout/+3.060000e-07
2026.270.11:00:01/gps-maser/+2.449304e-07
2026.270.11:01:01/gps-fmout/+3.060000e-07
2026.270.11:01:01/gps-maser/+2.447739e-07
2026.270.11:02:01/gps-fmout/+3.054754e-07
2026.270.11:02:01/gps-maser/+2.458089e-07
2026.270.11:03:01/gps-fmout/+3.036340e-07
2026.270.11:03:01/gps-maser/+2.444545e-07
2026.270.11:04:01/gps-fmout/+3.029443e-07
2026.270.11:04:01/gps-maser/+2.426364e-07
2026.270.11:05:01/gps-fmout/+3.029475e-07
2026.270.11:05:01/gps-maser/+2.408693e-07
2026.270.11:06:01/gps-fmout/+3.020023e-07
2026.270.11:06:01/gps-maser/+2.415833e-07
2026.270.11:07:01/gps-fmout/+3.032507e-07
2026.270.11:07:01/gps-maser/+2.420000e-07
2026.270.11:08:01/gps-fmout/+3.024074e-07
2026.270.11:08:01/gps-maser/+2.420000e-07
2026.270.11:09:01/gps-fmout/+3.005758e-07
2026.270.11:09:01/gps-maser/+2.418286e-07
2026.270.11:10:01/gps-fmout/+3.002559e-07
2026.270.11:10:01/gps-maser/+2.412148e-07
2026.270.11:11:01/gps-fmout/+3.031212e-07
2026.270.11:11:01/gps-maser/+2.441108e-07
2026.270.11:12:01/gps-fmout/+3.049394e-07
2026.270.11:12:01/gps-maser/+2.446469e-07
2026.270.11:13:01/gps-fmout/+3.062032e-07
2026.270.11:13:01/gps-maser/+2.442339e-07
2026.270.11:14:01/gps-fmout/+3.064888e-07
2026.270.11:14:01/gps-maser/+2.455109e-07
2026.270.11:15:01/gps-fmout/+3.080959e-07
2026.270.11:15:01/gps-maser/+2.472630e-07
2026.270.11:16:01/gps-fmout/+3.081699e-07
2026.270.11:16:01/gps-maser/+2.482445e-07
2026.270.11:17:01/gps-fmout/+3.091665e-07
2026.270.11:17:01/gps-maser/+2.486818e-07
2026.270.11:18:01/gps-fmout/+3.087263e-07
2026.270.11:18:01/gps-maser/+2.473991e-07
2026.270.11:19:01/gps-fmout/+3.073333e-07
2026.270.11:19:01/gps-maser/+2.471835e-07
2026.270.11:20:01/gps-fmout/+3.055152e-07
2026.270.11:20:01/gps-maser/+2.450745e-07
2026.270.11:21:01/gps-fmout/+3.038608e-07
2026.270.11:21:01/gps-maser/+2.458410e-07
2026.270.11:22:01/gps-fmout/+3.048837e-07
2026.270.11:22:01/gps-maser/+2.438526e-07
2026.270.11:23:01/gps-fmout/+3.034727e-07
2026.270.11:23:01/gps-maser/+2.423231e-07
2026.270.11:24:01/gps-fmout/+3.032340e-07
2026.270.11:24:01/gps-maser/+2.429404e-07
2026.270.11:25:01/gps-fmout/+3.018877e-07
2026.270.11:25:01/gps-maser/+2.432727e-07
2026.270.11:26:01/gps-fmout/+3.021442e-07
2026.270.11:26:01/gps-maser/+2.441818e-07
2026.270.11:27:01/gps-fmout/+3.031623e-07
2026.270.11:27:01/gps-maser/+2.449602e-07
2026.270.11:28:01/gps-fmout/+3.050186e-07
2026.270.11:28:01/gps-maser/+2.445000e-07
2026.270.11:29:01/gps-fmout/+3.058870e-07
2026.270.11:29:01/gps-maser/+2.455574e-07
2026.270.11:30:01/gps-fmout/+3.068704e-07
2026.270.11:30:01/gps-maser/+2.455855e-07
2026.270.11:31:01/gps-fmout/+3.055277e-07
2026.270.11:31:01/gps-maser/+2.435455e-07
2026.270.11:32:01/gps-fmout/+3.038134e-07
2026.270.11:32:01/gps-maser/+2.418802e-07
2026.270.11:33:01/gps-fmout/+3.028788e-07
2026.270.11:33:01/gps-maser/+2.440471e-07
2026.270.11:34:01/gps-fmout/+3.009436e-07
2026.270.11:34:01/gps-maser/+2.417407e-07
2026.270.11:35:01/gps-fmout/+2.998538e-07
2026.270.11:35:01/gps-maser/+2.389240e-07
2026.270.11:36:01/gps-fmout/+3.000000e-07
2026.270.11:36:01/gps-maser/+2.387553e-07
2026.270.11:37:01/gps-fmout/+3.000000e-07
2026.270.11:37:01/gps-maser/+2.382074e-07
2026.270.11:38:01/gps-fmout/+3.000000e-07
2026.270.11:38:01/gps-maser/+2.409162e-07
2026.270.11:39:01/gps-fmout/+3.000016e-07
2026.270.11:39:01/gps-maser/+2.410000e-07
2026.270.11:40:01/gps-fmout/+3.022542e-07
2026.270.11:40:01/gps-maser/+2.428182e-07
2026.270.11:41:01/gps-fmout/+3.047037e-07
2026.270.11:41:01/gps-maser/+2.441551e-07
2026.270.11:42:01/gps-fmout/+3.046376e-07
2026.270.11:42:01/gps-maser/+2.425911e-07
2026.270.11:43:01/gps-fmout/+3.026829e-07
2026.270.11:43:01/gps-maser/+2.409758e-07
2026.270.11:44:01/gps-fmout/+3.022424e-07
2026.270.11:44:01/gps-maser/+2.429775e-07
2026.270.11:45:01/gps-fmout/+3.058788e-07
2026.270.11:45:01/gps-maser/+2.433223e-07
2026.270.11:46:01/gps-fmout/+3.080550e-07
2026.270.11:46:01/gps-maser/+2.458360e-07
2026.270.11:47:01/gps-fmout/+3.078057e-07
2026.270.11:47:01/gps-maser/+2.472727e-07
2026.270.11:48:01/gps-fmout/+3.104986e-07
2026.270.11:48:01/gps-maser/+2.481818e-07
2026.270.11:49:01/gps-fmout/+3.120000e-07
2026.270.11:49:01/gps-maser/+2.491345e-07
2026.270.11:50:01/gps-fmout/+3.120000e-07
2026.270.11:50:01/gps-maser/+2.500417e-07
2026.270.11:51:01/gps-fmout/+3.120000e-07
2026.270.11:51:01/gps-maser/+2.503862e-07
2026.270.11:52:01/gps-fmout/+3.113175e-07
2026.270.11:52:01/gps-maser/+2.512145e-07
2026.270.11:53:01/gps-fmout/+3.090262e-07
2026.270.11:53:01/gps-maser/+2.504978e-07
2026.270.11:54:01/gps-fmout/+3.096935e-07
2026.270.11:54:01/gps-maser/+2.476545e-07
2026.270.11:55:01/gps-fmout/+3.069629e-07
2026.270.11:55:01/gps-maser/+2.460000e-07
2026.270.11:56:01/gps-fmout/+3.061734e-07
2026.270.11:56:01/gps-maser/+2.460000e-07
2026.270.11:57:01/gps-fmout/+3.038622e-07
2026.270.11:57:01/gps-maser/+2.446026e-07
2026.270.11:58:01/gps-fmout/+3.017965e-07
2026.270.11:58:01/gps-maser/+2.411104e-07
2026.270.11:59:01/gps-fmout/+3.016488e-07
2026.270.11:59:01/gps-maser/+2.416364e-07
2026.270.12:00:01/gps-fmout/+2.998556e-07
2026.270.12:00:01/gps-maser/+2.398182e-07
2026.270.12:01:01/gps-fmout/+2.990000e-07
2026.270.12:01:01/gps-maser/+2.398000e-07
2026.270.12:02:01/gps-fmout/+2.990000e-07
2026.270.12:02:01/gps-maser/+2.407360e-07
2026.270.12:03:01/gps-fmout/+2.990000e-07
2026.270.12:03:01/gps-maser/+2.392847e-07
2026.270.12:04:01/gps-fmout/+2.987400e-07
2026.270.12:04:01/gps-maser/+2.380000e-07
2026.270.12:05:01/gps-fmout/+2.969802e-07
2026.270.12:05:01/gps-maser/+2.380000e-07
2026.270.12:06:01/gps-fmout/+2.979332e-07
2026.270.12:06:01/gps-maser/+2.379767e-07
2026.270.12:07:01/gps-fmout/+2.979394e-07
2026.270.12:07:01/gps-maser/+2.372517e-07
2026.270.12:08:01/gps-fmout/+2.997576e-07
2026.270.12:08:01/gps-maser/+2.386263e-07
2026.270.12:09:01/gps-fmout/+3.014535e-07
2026.270.12:09:01/gps-maser/+2.409827e-07
2026.270.12:10:01/gps-fmout/+3.020639e-07
2026.270.12:10:01/gps-maser/+2.443171e-07
2026.270.12:11:01/gps-fmout/+3.021598e-07
2026.270.12:11:01/gps-maser/+2.450385e-07
2026.270.12:12:01/gps-fmout/+3.030000e-07
2026.270.12:12:01/gps-maser/+2.435857e-07
2026.270.12:13:01/gps-fmout/+3.030000e-07
2026.270.12:13:01/gps-maser/+2.423463e-07
2026.270.12:14:01/gps-fmout/+3.028642e-07
2026.270.12:14:01/gps-maser/+2.421506e-07
2026.270.12:15:01/gps-fmout/+3.014226e-07
2026.270.12:15:01/gps-maser/+2.397355e-07
2026.270.12:16:01/gps-fmout/+2.987322e-07
2026.270.12:16:01/gps-maser/+2.386523e-07
2026.270.12:17:01/gps-fmout/+2.978338e-07
2026.270.12:17:01/gps-maser/+2.358753e-07
2026.270.12:18:01/gps-fmout/+2.968115e-07
2026.270.12:18:01/gps-maser/+2.354545e-07
2026.270.12:19:01/gps-fmout/+2.985561e-07
2026.270.12:19:01/gps-maser/+2.363636e-07
2026.270.12:20:01/gps-fmout/+2.984312e-07
2026.270.12:20:01/gps-maser/+2.368062e-07
2026.270.12:21:01/gps-fmout/+2.957211e-07
2026.270.12:21:01/gps-maser/+2.350398e-07
2026.270.12:22:01/gps-fmout/+2.950000e-07
2026.270.12:22:01/gps-maser/+2.358689e-07
2026.270.12:23:01/gps-fmout/+2.950000e-07
2026.270.12:23:01/gps-maser/+2.355000e-07
2026.270.12:24:01/gps-fmout/+2.945091e-07
2026.270.12:24:01/gps-maser/+2.364091e-07
2026.270.12:25:01/gps-fmout/+2.943333e-07
2026.270.12:25:01/gps-maser/+2.371755e-07
2026.270.12:26:01/gps-fmout/+2.952647e-07
2026.270.12:26:01/gps-maser/+2.367227e-07
2026.270.12:27:01/gps-fmout/+2.960545e-07
2026.270.12:27:01/gps-maser/+2.350158e-07
2026.270.12:28:01/gps-fmout/+2.960000e-07
2026.270.12:28:01/gps-maser/+2.369180e-07
2026.270.12:29:01/gps-fmout/+2.960000e-07
2026.270.12:29:01/gps-maser/+2.348326e-07
2026.270.12:30:01/gps-fmout/+2.965841e-07
2026.270.12:30:01/gps-maser/+2.353131e-07
2026.270.12:31:01/gps-fmout/+2.980678e-07
2026.270.12:31:01/gps-maser/+2.364778e-07
2026.270.12:32:01/gps-fmout/+2.981490e-07
2026.270.12:32:01/gps-maser/+2.380434e-07
2026.270.12:33:01/gps-fmout/+2.989909e-07
2026.270.12:33:01/gps-maser/+2.371250e-07
2026.270.12:34:01/gps-fmout/+2.980303e-07
2026.270.12:34:01/gps-maser/+2.379333e-07
2026.270.12:35:01/gps-fmout/+2.998485e-07
2026.270.12:35:01/gps-maser/+2.387724e-07
2026.270.12:36:01/gps-fmout/+3.007481e-07
2026.270.12:36:01/gps-maser/+2.404267e-07
2026.270.12:37:01/gps-fmout/+2.991322e-07
2026.270.12:37:01/gps-maser/+2.409364e-07
2026.270.12:38:01/gps-fmout/+3.002789e-07
2026.270.12:38:01/gps-maser/+2.401335e-07
2026.270.12:39:01/gps-fmout/+3.020511e-07
2026.270.12:39:01/gps-maser/+2.419091e-07
2026.270.12:40:01/gps-fmout/+3.016036e-07
2026.270.12:40:01/gps-maser/+2.399782e-07
2026.270.12:41:01/gps-fmout/+3.002852e-07
2026.270.12:41:01/gps-maser/+2.388527e-07
2026.270.12:42:01/gps-fmout/+2.990184e-07
2026.270.12:42:01/gps-maser/+2.390000e-07
2026.270.12:43:01/gps-fmout/+2.998040e-07
2026.270.12:43:01/gps-maser/+2.390000e-07
2026.270.12:44:01/gps-fmout/+2.982408e-07
2026.270.12:44:01/gps-maser/+2.390000e-07
2026.270.12:45:01/gps-fmout/+2.984091e-07
2026.270.12:45:01/gps-maser/+2.376875e-07
2026.270.12:46:01/gps-fmout/+2.965758e-07
2026.270.12:46:01/gps-maser/+2.354536e-07
2026.270.12:47:01/gps-fmout/+2.956667e-07
2026.270.12:47:01/gps-maser/+2.348817e-07
2026.270.12:48:01/gps-fmout/+2.949048e-07
2026.270.12:48:01/gps-maser/+2.352273e-07
2026.270.12:49:01/gps-fmout/+2.963916e-07
2026.270.12:49:01/gps-maser/+2.361364e-07
2026.270.12:50:01/gps-fmout/+2.991575e-07
2026.270.12:50:01/gps-maser/+2.371037e-07
2026.270.12:51:01/gps-fmout/+3.000000e-07
2026.270.12:51:01/gps-maser/+2.396406e-07
2026.270.12:52:01/gps-fmout/+3.000000e-07
2026.270.12:52:01/gps-maser/+2.394104e-07
2026.270.12:53:01/gps-fmout/+2.997991e-07
2026.270.12:53:01/gps-maser/+2.397964e-07
2026.270.12:54:01/gps-fmout/+2.991011e-07
2026.270.12:54:01/gps-maser/+2.389301e-07
2026.270.12:55:01/gps-fmout/+3.000000e-07
2026.270.12:55:01/gps-maser/+2.390997e-07
2026.270.12:56:01/gps-fmout/+3.000000e-07
2026.270.12:56:01/gps-maser/+2.386339e-07
2026.270.12:57:01/gps-fmout/+2.989419e-07
2026.270.12:57:01/gps-maser/+2.377358e-07
2026.270.12:58:01/gps-fmout/+2.966667e-07
2026.270.12:58:01/gps-maser/+2.382016e-07
2026.270.12:59:01/gps-fmout/+2.957576e-07
2026.270.12:59:01/gps-maser/+2.361035e-07
2026.270.13:00:01/gps-fmout/+2.949039e-07
2026.270.13:00:01/gps-maser/+2.368427e-07
2026.270.13:01:01/gps-fmout/+2.948516e-07
2026.270.13:01:01/gps-maser/+2.348511e-07
2026.270.13:02:01/gps-fmout/+2.928424e-07
2026.270.13:02:01/gps-maser/+2.327070e-07
2026.270.13:03:01/gps-fmout/+2.936071e-07
2026.270.13:03:01/gps-maser/+2.333636e-07
2026.270.13:04:01/gps-fmout/+2.934896e-07
2026.270.13:04:01/gps-maser/+2.342727e-07
2026.270.13:05:01/gps-fmout/+2.948749e-07
2026.270.13:05:01/gps-maser/+2.350848e-07
2026.270.13:06:01/gps-fmout/+2.939776e-07
2026.270.13:06:01/gps-maser/+2.336992e-07
2026.270.13:07:01/gps-fmout/+2.945202e-07
2026.270.13:07:01/gps-maser/+2.325000e-07
2026.270.13:08:01/gps-fmout/+2.946251e-07
2026.270.13:08:01/gps-maser/+2.334091e-07
2026.270.13:09:01/gps-fmout/+2.942049e-07
2026.270.13:09:01/gps-maser/+2.343182e-07
2026.270.13:10:01/gps-fmout/+2.954236e-07
2026.270.13:10:01/gps-maser/+2.352273e-07
2026.270.13:11:01/gps-fmout/+2.970887e-07
2026.270.13:11:01/gps-maser/+2.361848e-07
2026.270.13:12:01/gps-fmout/+2.961058e-07
2026.270.13:12:01/gps-maser/+2.379921e-07
2026.270.13:13:01/gps-fmout/+2.971378e-07
2026.270.13:13:01/gps-maser/+2.368777e-07
2026.270.13:14:01/gps-fmout/+2.970517e-07
2026.270.13:14:01/gps-maser/+2.385687e-07
2026.270.13:15:01/gps-fmout/+2.986011e-07
2026.270.13:15:01/gps-maser/+2.387273e-07
2026.270.13:16:01/gps-fmout/+2.972782e-07
2026.270.13:16:01/gps-maser/+2.378047e-07
2026.270.13:17:01/gps-fmout/+2.989398e-07
2026.270.13:17:01/gps-maser/+2.369696e-07
2026.270.13:18:01/gps-fmout/+2.979935e-07
2026.270.13:18:01/gps-maser/+2.370000e-07
2026.270.13:19:01/gps-fmout/+2.968994e-07
2026.270.13:19:01/gps-maser/+2.356186e-07
2026.270.13:20:01/gps-fmout/+2.941667e-07
2026.270.13:20:01/gps-maser/+2.328264e-07
2026.270.13:21:01/gps-fmout/+2.932449e-07
2026.270.13:21:01/gps-maser/+2.331602e-07
2026.270.13:22:01/gps-fmout/+2.960424e-07
2026.270.13:22:01/gps-maser/+2.342727e-07
2026.270.13:23:01/gps-fmout/+2.952099e-07
2026.270.13:23:01/gps-maser/+2.360909e-07
2026.270.13:24:01/gps-fmout/+2.986254e-07
2026.270.13:24:01/gps-maser/+2.379091e-07
2026.270.13:25:01/gps-fmout/+2.989880e-07
2026.270.13:25:01/gps-maser/+2.397273e-07
2026.270.13:26:01/gps-fmout/+2.996414e-07
2026.270.13:26:01/gps-maser/+2.415455e-07
2026.270.13:27:01/gps-fmout/+3.021257e-07
2026.270.13:27:01/gps-maser/+2.430367e-07
2026.270.13:28:01/gps-fmout/+3.021421e-07
2026.270.13:28:01/gps-maser/+2.413183e-07
2026.270.13:29:01/gps-fmout/+3.039890e-07
2026.270.13:29:01/gps-maser/+2.443375e-07
2026.270.13:30:01/gps-fmout/+3.017036e-07
2026.270.13:30:01/gps-maser/+2.433521e-07
2026.270.13:31:01/gps-fmout/+2.992222e-07
2026.270.13:31:01/gps-maser/+2.408062e-07
2026.270.13:32:01/gps-fmout/+2.976732e-07
2026.270.13:32:01/gps-maser/+2.373299e-07
2026.270.13:33:01/gps-fmout/+2.969078e-07
2026.270.13:33:01/gps-maser/+2.360000e-07
2026.270.13:34:01/gps-fmout/+2.970770e-07
2026.270.13:34:01/gps-maser/+2.360000e-07
2026.270.13:35:01/gps-fmout/+2.988999e-07
2026.270.13:35:01/gps-maser/+2.369391e-07
2026.270.13:36:01/gps-fmout/+2.982424e-07
2026.270.13:36:01/gps-maser/+2.375111e-07
2026.270.13:37:01/gps-fmout/+2.964242e-07
2026.270.13:37:01/gps-maser/+2.351458e-07
2026.270.13:38:01/gps-fmout/+2.946573e-07
2026.270.13:38:01/gps-maser/+2.329564e-07
2026.270.13:39:01/gps-fmout/+2.940259e-07
2026.270.13:39:01/gps-maser/+2.340135e-07
2026.270.13:40:01/gps-fmout/+2.960012e-07
2026.270.13:40:01/gps-maser/+2.350000e-07
2026.270.13:41:01/gps-fmout/+2.958561e-07
2026.270.13:41:01/gps-maser/+2.357063e-07
2026.270.13:42:01/gps-fmout/+2.967873e-07
2026.270.13:42:01/gps-maser/+2.353083e-07
2026.270.13:43:01/gps-fmout/+2.955353e-07
2026.270.13:43:01/gps-maser/+2.356662e-07
2026.270.13:44:01/gps-fmout/+2.940316e-07
2026.270.13:44:01/gps-maser/+2.337900e-07
2026.270.13:45:01/gps-fmout/+2.960554e-07
2026.270.13:45:01/gps-maser/+2.330363e-07
2026.270.13:46:01/gps-fmout/+2.940991e-07
2026.270.13:46:01/gps-maser/+2.337096e-07
2026.270.13:47:01/gps-fmout/+2.919425e-07
2026.270.13:47:01/gps-maser/+2.316332e-07
2026.270.13:48:01/gps-fmout/+2.917313e-07
2026.270.13:48:01/gps-maser/+2.304600e-07
2026.270.13:49:01/gps-fmout/+2.910376e-07
2026.270.13:49:01/gps-maser/+2.290195e-07
2026.270.13:50:01/gps-fmout/+2.919402e-07
2026.270.13:50:01/gps-maser/+2.300125e-07
2026.270.13:51:01/gps-fmout/+2.899992e-07
2026.270.13:51:01/gps-maser/+2.304833e-07
2026.270.13:52:01/gps-fmout/+2.901949e-07
2026.270.13:52:01/gps-maser/+2.300016e-07
2026.270.13:53:01/gps-fmout/+2.885802e-07
2026.270.13:53:01/gps-maser/+2.283921e-07
2026.270.13:54:01/gps-fmout/+2.880003e-07
2026.270.13:54:01/gps-maser/+2.297457e-07
2026.270.13:55:01/gps-fmout/+2.894107e-07
2026.270.13:55:01/gps-maser/+2.282319e-07
2026.270.13:56:01/gps-fmout/+2.930199e-07
2026.270.13:56:01/gps-maser/+2.320003e-07
2026.270.13:57:01/gps-fmout/+2.929633e-07
2026.270.13:57:01/gps-maser/+2.324688e-07
2026.270.13:58:01/gps-fmout/+2.941866e-07
2026.270.13:58:01/gps-maser/+2.337826e-07
2026.270.13:59:01/gps-fmout/+2.934915e-07
2026.270.13:59:01/gps-maser/+2.324352e-07
2026.270.14:00:01/gps-fmout/+2.919361e-07
2026.270.14:00:01/gps-maser/+2.310128e-07
2026.270.14:01:01/gps-fmout/+2.919272e-07
2026.270.14:01:01/gps-maser/+2.320406e-07
2026.270.14:02:01/gps-fmout/+2.909767e-07
2026.270.14:02:01/gps-maser/+2.304063e-07
2026.270.14:03:01/gps-fmout/+2.893784e-07
2026.270.14:03:01/gps-maser/+2.290000e-07
2026.270.14:04:01/gps-fmout/+2.892593e-07
2026.270.14:04:01/gps-maser/+2.290000e-07
2026.270.14:05:01/gps-fmout/+2.900000e-07
2026.270.14:05:01/gps-maser/+2.290000e-07
2026.270.14:06:01/gps-fmout/+2.900000e-07
2026.270.14:06:01/gps-maser/+2.289493e-07
2026.270.14:07:01/gps-fmout/+2.900767e-07
2026.270.14:07:01/gps-maser/+2.280466e-07
2026.270.14:08:01/gps-fmout/+2.916205e-07
2026.270.14:08:01/gps-maser/+2.300000e-07
2026.270.14:09:01/gps-fmout/+2.913380e-07
2026.270.14:09:01/gps-maser/+2.300000e-07
2026.270.14:10:01/gps-fmout/+2.914170e-07
2026.270.14:10:01/gps-maser/+2.301465e-07
2026.270.14:11:01/gps-fmout/+2.892610e-07
2026.270.14:11:01/gps-maser/+2.310992e-07
2026.270.14:12:01/gps-fmout/+2.919239e-07
2026.270.14:12:01/gps-maser/+2.308885e-07
2026.270.14:13:01/gps-fmout/+2.900212e-07
2026.270.14:13:01/gps-maser/+2.296625e-07
2026.270.14:14:01/gps-fmout/+2.914869e-07
2026.270.14:14:01/gps-maser/+2.311317e-07
2026.270.14:15:01/gps-fmout/+2.920776e-07
2026.270.14:15:01/gps-maser/+2.335285e-07
2026.270.14:16:01/gps-fmout/+2.922998e-07
2026.270.14:16:01/gps-maser/+2.338552e-07
2026.270.14:17:01/gps-fmout/+2.938396e-07
2026.270.14:17:01/gps-maser/+2.329315e-07
2026.270.14:18:01/gps-fmout/+2.900896e-07
2026.270.14:18:01/gps-maser/+2.328843e-07
2026.270.14:19:01/gps-fmout/+2.912072e-07
2026.270.14:19:01/gps-maser/+2.293386e-07
2026.270.14:20:01/gps-fmout/+2.886693e-07
2026.270.14:20:01/gps-maser/+2.287829e-07
2026.270.14:21:01/gps-fmout/+2.874847e-07
2026.270.14:21:01/gps-maser/+2.273742e-07
2026.270.14:22:01/gps-fmout/+2.903939e-07
2026.270.14:22:01/gps-maser/+2.295015e-07
2026.270.14:23:01/gps-fmout/+2.922121e-07
2026.270.14:23:01/gps-maser/+2.320055e-07
2026.270.14:24:01/gps-fmout/+2.940348e-07
2026.270.14:24:01/gps-maser/+2.334792e-07
2026.270.14:25:01/gps-fmout/+2.986970e-07
2026.270.14:25:01/gps-maser/+2.376364e-07
2026.270.14:26:01/gps-fmout/+3.023333e-07
2026.270.14:26:01/gps-maser/+2.412727e-07
2026.270.14:27:01/gps-fmout/+3.059697e-07
2026.270.14:27:01/gps-maser/+2.450406e-07
2026.270.14:28:01/gps-fmout/+3.095597e-07
2026.270.14:28:01/gps-maser/+2.495188e-07
2026.270.14:29:01/gps-fmout/+3.122136e-07
2026.270.14:29:01/gps-maser/+2.521116e-07
2026.270.14:30:01/gps-fmout/+3.145394e-07
2026.270.14:30:01/gps-maser/+2.533381e-07
2026.270.14:31:01/gps-fmout/+3.132652e-07
2026.270.14:31:01/gps-maser/+2.520479e-07
2026.270.14:32:01/gps-fmout/+3.116835e-07
2026.270.14:32:01/gps-maser/+2.498445e-07
2026.270.14:33:01/gps-fmout/+3.104395e-07
2026.270.14:33:01/gps-maser/+2.496320e-07
2026.270.14:34:01/gps-fmout/+3.066776e-07
2026.270.14:34:01/gps-maser/+2.470399e-07
2026.270.14:35:01/gps-fmout/+3.049937e-07
2026.270.14:35:01/gps-maser/+2.464702e-07
2026.270.14:36:01/gps-fmout/+3.051811e-07
2026.270.14:36:01/gps-maser/+2.445927e-07
2026.270.14:37:01/gps-fmout/+3.035630e-07
2026.270.14:37:01/gps-maser/+2.432995e-07
2026.270.14:38:01/gps-fmout/+3.030000e-07
2026.270.14:38:01/gps-maser/+2.420000e-07
2026.270.14:39:01/gps-fmout/+3.030000e-07
2026.270.14:39:01/gps-maser/+2.420000e-07
2026.270.14:40:01/gps-fmout/+3.028840e-07
2026.270.14:40:01/gps-maser/+2.419329e-07
2026.270.14:41:01/gps-fmout/+2.999871e-07
2026.270.14:41:01/gps-maser/+2.394151e-07
2026.270.14:42:01/gps-fmout/+2.996867e-07
2026.270.14:42:01/gps-maser/+2.397293e-07
2026.270.14:43:01/gps-fmout/+2.984677e-07
2026.270.14:43:01/gps-maser/+2.384756e-07
2026.270.14:44:01/gps-fmout/+2.967458e-07
2026.270.14:44:01/gps-maser/+2.367438e-07
2026.270.14:45:01/gps-fmout/+2.958476e-07
2026.270.14:45:01/gps-maser/+2.359831e-07
2026.270.14:46:01/gps-fmout/+2.939857e-07
2026.270.14:46:01/gps-maser/+2.355000e-07
2026.270.14:47:01/gps-fmout/+2.942150e-07
2026.270.14:47:01/gps-maser/+2.345909e-07
2026.270.14:48:01/gps-fmout/+2.932762e-07
2026.270.14:48:01/gps-maser/+2.334598e-07
2026.270.14:49:01/gps-fmout/+2.936287e-07
2026.270.14:49:01/gps-maser/+2.319618e-07
2026.270.14:50:01/gps-fmout/+2.918998e-07
2026.270.14:50:01/gps-maser/+2.328894e-07
2026.270.14:51:01/gps-fmout/+2.920674e-07
2026.270.14:51:01/gps-maser/+2.310680e-07
2026.270.14:52:01/gps-fmout/+2.921009e-07
2026.270.14:52:01/gps-maser/+2.330000e-07
2026.270.14:53:01/gps-fmout/+2.917409e-07
2026.270.14:53:01/gps-maser/+2.330000e-07
2026.270.14:54:01/gps-fmout/+2.930000e-07
2026.270.14:54:01/gps-maser/+2.328445e-07
2026.270.14:55:01/gps-fmout/+2.930000e-07
2026.270.14:55:01/gps-maser/+2.320195e-07
2026.270.14:56:01/gps-fmout/+2.930000e-07
2026.270.14:56:01/gps-maser/+2.329145e-07
2026.270.14:57:01/gps-fmout/+2.943752e-07
2026.270.14:57:01/gps-maser/+2.339464e-07
2026.270.14:58:01/gps-fmout/+2.956683e-07
2026.270.14:58:01/gps-maser/+2.363714e-07
2026.270.14:59:01/gps-fmout/+2.961481e-07
2026.270.14:59:01/gps-maser/+2.376364e-07
2026.270.15:00:01/gps-fmout/+2.991324e-07
2026.270.15:00:01/gps-maser/+2.394545e-07
2026.270.15:01:01/gps-fmout/+2.993581e-07
2026.270.15:01:01/gps-maser/+2.412501e-07
2026.270.15:02:01/gps-fmout/+3.020303e-07
2026.270.15:02:01/gps-maser/+2.419869e-07
2026.270.15:03:01/gps-fmout/+3.024601e-07
2026.270.15:03:01/gps-maser/+2.414275e-07
2026.270.15:04:01/gps-fmout/+3.032061e-07
2026.270.15:04:01/gps-maser/+2.418215e-07
2026.270.15:05:01/gps-fmout/+3.021684e-07
2026.270.15:05:01/gps-maser/+2.402738e-07
2026.270.15:06:01/gps-fmout/+2.987072e-07
2026.270.15:06:01/gps-maser/+2.378580e-07
2026.270.15:07:01/gps-fmout/+2.977565e-07
2026.270.15:07:01/gps-maser/+2.378418e-07
2026.270.15:08:01/gps-fmout/+2.949724e-07
2026.270.15:08:01/gps-maser/+2.365625e-07
2026.270.15:09:01/gps-fmout/+2.932734e-07
2026.270.15:09:01/gps-maser/+2.348496e-07
2026.270.15:10:01/gps-fmout/+2.906667e-07
2026.270.15:10:01/gps-maser/+2.322798e-07
2026.270.15:11:01/gps-fmout/+2.897576e-07
2026.270.15:11:01/gps-maser/+2.306969e-07
2026.270.15:12:01/gps-fmout/+2.890183e-07
2026.270.15:12:01/gps-maser/+2.299293e-07
2026.270.15:13:01/gps-fmout/+2.908711e-07
2026.270.15:13:01/gps-maser/+2.299309e-07
2026.270.15:14:01/gps-fmout/+2.890022e-07
2026.270.15:14:01/gps-maser/+2.284170e-07
2026.270.15:15:01/gps-fmout/+2.896212e-07
2026.270.15:15:01/gps-maser/+2.286294e-07
2026.270.15:16:01/gps-fmout/+2.887121e-07
2026.270.15:16:01/gps-maser/+2.279609e-07
2026.270.15:17:01/gps-fmout/+2.878652e-07
2026.270.15:17:01/gps-maser/+2.278971e-07
2026.270.15:18:01/gps-fmout/+2.880525e-07
2026.270.15:18:01/gps-maser/+2.271777e-07
2026.270.15:19:01/gps-fmout/+2.889977e-07
2026.270.15:19:01/gps-maser/+2.285000e-07
2026.270.15:20:01/gps-fmout/+2.877839e-07
2026.270.15:20:01/gps-maser/+2.275909e-07
2026.270.15:21:01/gps-fmout/+2.886667e-07
2026.270.15:21:01/gps-maser/+2.275207e-07
2026.270.15:22:01/gps-fmout/+2.900000e-07
2026.270.15:22:01/gps-maser/+2.299575e-07
2026.270.15:23:01/gps-fmout/+2.900000e-07
2026.270.15:23:01/gps-maser/+2.291475e-07
2026.270.15:24:01/gps-fmout/+2.900000e-07
2026.270.15:24:01/gps-maser/+2.309027e-07
2026.270.15:25:01/gps-fmout/+2.886362e-07
2026.270.15:25:01/gps-maser/+2.278730e-07
2026.270.15:26:01/gps-fmout/+2.870000e-07
2026.270.15:26:01/gps-maser/+2.269860e-07
2026.270.15:27:01/gps-fmout/+2.870295e-07
2026.270.15:27:01/gps-maser/+2.267273e-07
2026.270.15:28:01/gps-fmout/+2.868665e-07
2026.270.15:28:01/gps-maser/+2.258182e-07
2026.270.15:29:01/gps-fmout/+2.858990e-07
2026.270.15:29:01/gps-maser/+2.247648e-07
2026.270.15:30:01/gps-fmout/+2.849768e-07
2026.270.15:30:01/gps-maser/+2.230000e-07
2026.270.15:31:01/gps-fmout/+2.831515e-07
2026.270.15:31:01/gps-maser/+2.230000e-07
2026.270.15:32:01/gps-fmout/+2.810247e-07
2026.270.15:32:01/gps-maser/+2.223413e-07
2026.270.15:33:01/gps-fmout/+2.791101e-07
2026.270.15:33:01/gps-maser/+2.201200e-07
2026.270.15:34:01/gps-fmout/+2.810000e-07
2026.270.15:34:01/gps-maser/+2.219491e-07
2026.270.15:35:01/gps-fmout/+2.810000e-07
2026.270.15:35:01/gps-maser/+2.201374e-07
2026.270.15:36:01/gps-fmout/+2.808830e-07
2026.270.15:36:01/gps-maser/+2.235455e-07
2026.270.15:37:01/gps-fmout/+2.816114e-07
2026.270.15:37:01/gps-maser/+2.226364e-07
2026.270.15:38:01/gps-fmout/+2.835758e-07
2026.270.15:38:01/gps-maser/+2.224711e-07
2026.270.15:39:01/gps-fmout/+2.853939e-07
2026.270.15:39:01/gps-maser/+2.263492e-07
2026.270.15:40:01/gps-fmout/+2.871314e-07
2026.270.15:40:01/gps-maser/+2.269069e-07
2026.270.15:41:01/gps-fmout/+2.860148e-07
2026.270.15:41:01/gps-maser/+2.276302e-07
2026.270.15:42:01/gps-fmout/+2.872348e-07
2026.270.15:42:01/gps-maser/+2.282184e-07
2026.270.15:43:01/gps-fmout/+2.863111e-07
2026.270.15:43:01/gps-maser/+2.266342e-07
2026.270.15:44:01/gps-fmout/+2.869045e-07
2026.270.15:44:01/gps-maser/+2.259894e-07
2026.270.15:45:01/gps-fmout/+2.856374e-07
2026.270.15:45:01/gps-maser/+2.257273e-07
2026.270.15:46:01/gps-fmout/+2.829580e-07
2026.270.15:46:01/gps-maser/+2.239091e-07
2026.270.15:47:01/gps-fmout/+2.826218e-07
2026.270.15:47:01/gps-maser/+2.228798e-07
2026.270.15:48:01/gps-fmout/+2.812264e-07
2026.270.15:48:01/gps-maser/+2.222868e-07
2026.270.15:49:01/gps-fmout/+2.797121e-07
2026.270.15:49:01/gps-maser/+2.207273e-07
2026.270.15:50:01/gps-fmout/+2.788030e-07
2026.270.15:50:01/gps-maser/+2.198182e-07
2026.270.15:51:01/gps-fmout/+2.778939e-07
2026.270.15:51:01/gps-maser/+2.188655e-07
2026.270.15:52:01/gps-fmout/+2.769882e-07
2026.270.15:52:01/gps-maser/+2.175000e-07
2026.270.15:53:01/gps-fmout/+2.776002e-07
2026.270.15:53:01/gps-maser/+2.165909e-07
2026.270.15:54:01/gps-fmout/+2.776000e-07
2026.270.15:54:01/gps-maser/+2.162962e-07
2026.270.15:55:01/gps-fmout/+2.790992e-07
2026.270.15:55:01/gps-maser/+2.180838e-07
2026.270.15:56:01/gps-fmout/+2.788654e-07
2026.270.15:56:01/gps-maser/+2.179086e-07
2026.270.15:57:01/gps-fmout/+2.780000e-07
2026.270.15:57:01/gps-maser/+2.170214e-07
2026.270.15:58:01/gps-fmout/+2.779415e-07
2026.270.15:58:01/gps-maser/+2.180225e-07
2026.270.15:59:01/gps-fmout/+2.783057e-07
2026.270.15:59:01/gps-maser/+2.182332e-07
2026.270.16:00:01/gps-fmout/+2.792879e-07
2026.270.16:00:01/gps-maser/+2.198317e-07
2026.270.16:01:01/gps-fmout/+2.804303e-07
2026.270.16:01:01/gps-maser/+2.231234e-07
2026.270.16:02:01/gps-fmout/+2.830000e-07
2026.270.16:02:01/gps-maser/+2.222670e-07
2026.270.16:03:01/gps-fmout/+2.830000e-07
2026.270.16:03:01/gps-maser/+2.243095e-07
2026.270.16:04:01/gps-fmout/+2.830000e-07
2026.270.16:04:01/gps-maser/+2.231452e-07
2026.270.16:05:01/gps-fmout/+2.827901e-07
2026.270.16:05:01/gps-maser/+2.219474e-07
2026.270.16:06:01/gps-fmout/+2.819251e-07
2026.270.16:06:01/gps-maser/+2.218047e-07
2026.270.16:07:01/gps-fmout/+2.818403e-07
2026.270.16:07:01/gps-maser/+2.209242e-07
2026.270.16:08:01/gps-fmout/+2.800282e-07
2026.270.16:08:01/gps-maser/+2.210458e-07
2026.270.16:09:01/gps-fmout/+2.805303e-07
2026.270.16:09:01/gps-maser/+2.215455e-07
2026.270.16:10:01/gps-fmout/+2.795321e-07
2026.270.16:10:01/gps-maser/+2.206364e-07
2026.270.16:11:01/gps-fmout/+2.791419e-07
2026.270.16:11:01/gps-maser/+2.197273e-07
2026.270.16:12:01/gps-fmout/+2.801970e-07
2026.270.16:12:01/gps-maser/+2.190634e-07
2026.270.16:13:01/gps-fmout/+2.810710e-07
2026.270.16:13:01/gps-maser/+2.208885e-07
2026.270.16:14:01/gps-fmout/+2.799698e-07
2026.270.16:14:01/gps-maser/+2.200000e-07
2026.270.16:15:01/gps-fmout/+2.787182e-07
2026.270.16:15:01/gps-maser/+2.200000e-07
2026.270.16:16:01/gps-fmout/+2.800000e-07
2026.270.16:16:01/gps-maser/+2.202048e-07
2026.270.16:17:01/gps-fmout/+2.800000e-07
2026.270.16:17:01/gps-maser/+2.210745e-07
2026.270.16:18:01/gps-fmout/+2.798797e-07
2026.270.16:18:01/gps-maser/+2.209323e-07
2026.270.16:19:01/gps-fmout/+2.781547e-07
2026.270.16:19:01/gps-maser/+2.200441e-07
2026.270.16:20:01/gps-fmout/+2.815331e-07
2026.270.16:20:01/gps-maser/+2.222029e-07
2026.270.16:21:01/gps-fmout/+2.810299e-07
2026.270.16:21:01/gps-maser/+2.216364e-07
2026.270.16:22:01/gps-fmout/+2.807556e-07
2026.270.16:22:01/gps-maser/+2.207273e-07
2026.270.16:23:01/gps-fmout/+2.799521e-07
2026.270.16:23:01/gps-maser/+2.199925e-07
2026.270.16:24:01/gps-fmout/+2.799383e-07
2026.270.16:24:01/gps-maser/+2.207936e-07
2026.270.16:25:01/gps-fmout/+2.789806e-07
2026.270.16:25:01/gps-maser/+2.181719e-07
2026.270.16:26:01/gps-fmout/+2.785820e-07
2026.270.16:26:01/gps-maser/+2.187819e-07
2026.270.16:27:01/gps-fmout/+2.797619e-07
2026.270.16:27:01/gps-maser/+2.197213e-07
2026.270.16:28:01/gps-fmout/+2.794884e-07
2026.270.16:28:01/gps-maser/+2.192273e-07
2026.270.16:29:01/gps-fmout/+2.820519e-07
2026.270.16:29:01/gps-maser/+2.201364e-07
2026.270.16:30:01/gps-fmout/+2.811343e-07
2026.270.16:30:01/gps-maser/+2.210823e-07
2026.270.16:31:01/gps-fmout/+2.820924e-07
2026.270.16:31:01/gps-maser/+2.218139e-07
2026.270.16:32:01/gps-fmout/+2.806152e-07
2026.270.16:32:01/gps-maser/+2.199808e-07
2026.270.16:33:01/gps-fmout/+2.794967e-07
2026.270.16:33:01/gps-maser/+2.197881e-07
2026.270.16:34:01/gps-fmout/+2.781482e-07
2026.270.16:34:01/gps-maser/+2.191884e-07
2026.270.16:35:01/gps-fmout/+2.809475e-07
2026.270.16:35:01/gps-maser/+2.217448e-07
2026.270.16:36:01/gps-fmout/+2.790147e-07
2026.270.16:36:01/gps-maser/+2.200000e-07
2026.270.16:37:01/gps-fmout/+2.799872e-07
2026.270.16:37:01/gps-maser/+2.201543e-07
2026.270.16:38:01/gps-fmout/+2.803210e-07
2026.270.16:38:01/gps-maser/+2.198148e-07
2026.270.16:39:01/gps-fmout/+2.810807e-07
2026.270.16:39:01/gps-maser/+2.218366e-07
2026.270.16:40:01/gps-fmout/+2.809157e-07
2026.270.16:40:01/gps-maser/+2.209741e-07
2026.270.16:41:01/gps-fmout/+2.800256e-07
2026.270.16:41:01/gps-maser/+2.209579e-07
2026.270.16:42:01/gps-fmout/+2.803775e-07
2026.270.16:42:01/gps-maser/+2.202517e-07
2026.270.16:43:01/gps-fmout/+2.807576e-07
2026.270.16:43:01/gps-maser/+2.217525e-07
2026.270.16:44:01/gps-fmout/+2.825758e-07
2026.270.16:44:01/gps-maser/+2.231082e-07
2026.270.16:45:01/gps-fmout/+2.844175e-07
2026.270.16:45:01/gps-maser/+2.231480e-07
2026.270.16:46:01/gps-fmout/+2.847879e-07
2026.270.16:46:01/gps-maser/+2.240592e-07
2026.270.16:47:01/gps-fmout/+2.829697e-07
2026.270.16:47:01/gps-maser/+2.226000e-07
2026.270.16:48:01/gps-fmout/+2.811515e-07
2026.270.16:48:01/gps-maser/+2.203448e-07
2026.270.16:49:01/gps-fmout/+2.800000e-07
2026.270.16:49:01/gps-maser/+2.202656e-07
2026.270.16:50:01/gps-fmout/+2.806571e-07
2026.270.16:50:01/gps-maser/+2.210552e-07
2026.270.16:51:01/gps-fmout/+2.790230e-07
2026.270.16:51:01/gps-maser/+2.209279e-07
2026.270.16:52:01/gps-fmout/+2.799220e-07
2026.270.16:52:01/gps-maser/+2.200177e-07
2026.270.16:53:01/gps-fmout/+2.790000e-07
2026.270.16:53:01/gps-maser/+2.205455e-07
2026.270.16:54:01/gps-fmout/+2.790000e-07
2026.270.16:54:01/gps-maser/+2.196364e-07
2026.270.16:55:01/gps-fmout/+2.789171e-07
2026.270.16:55:01/gps-maser/+2.189369e-07
2026.270.16:56:01/gps-fmout/+2.774194e-07
2026.270.16:56:01/gps-maser/+2.186168e-07
2026.270.16:57:01/gps-fmout/+2.737372e-07
2026.270.16:57:01/gps-maser/+2.158075e-07
2026.270.16:58:01/gps-fmout/+2.724848e-07
2026.270.16:58:01/gps-maser/+2.135000e-07
2026.270.16:59:01/gps-fmout/+2.715758e-07
2026.270.16:59:01/gps-maser/+2.113016e-07
2026.270.17:00:01/gps-fmout/+2.706667e-07
2026.270.17:00:01/gps-maser/+2.112393e-07
2026.270.17:01:01/gps-fmout/+2.698497e-07
2026.270.17:01:01/gps-maser/+2.118765e-07
2026.270.17:02:01/gps-fmout/+2.700794e-07
2026.270.17:02:01/gps-maser/+2.110304e-07
2026.270.17:03:01/gps-fmout/+2.709850e-07
2026.270.17:03:01/gps-maser/+2.119792e-07
2026.270.17:04:01/gps-fmout/+2.713588e-07
2026.270.17:04:01/gps-maser/+2.117943e-07
2026.270.17:05:01/gps-fmout/+2.718969e-07
2026.270.17:05:01/gps-maser/+2.117864e-07
2026.270.17:06:01/gps-fmout/+2.702879e-07
2026.270.17:06:01/gps-maser/+2.094854e-07
2026.270.17:07:01/gps-fmout/+2.711970e-07
2026.270.17:07:01/gps-maser/+2.118626e-07
2026.270.17:08:01/gps-fmout/+2.721061e-07
2026.270.17:08:01/gps-maser/+2.103520e-07
2026.270.17:09:01/gps-fmout/+2.730122e-07
2026.270.17:09:01/gps-maser/+2.131667e-07
2026.270.17:10:01/gps-fmout/+2.713572e-07
2026.270.17:10:01/gps-maser/+2.124902e-07
2026.270.17:11:01/gps-fmout/+2.717037e-07
2026.270.17:11:01/gps-maser/+2.124663e-07
2026.270.17:12:01/gps-fmout/+2.743097e-07
2026.270.17:12:01/gps-maser/+2.142479e-07
2026.270.17:13:01/gps-fmout/+2.753474e-07
2026.270.17:13:01/gps-maser/+2.152210e-07
2026.270.17:14:01/gps-fmout/+2.779877e-07
2026.270.17:14:01/gps-maser/+2.170413e-07
2026.270.17:15:01/gps-fmout/+2.769887e-07
2026.270.17:15:01/gps-maser/+2.165455e-07
2026.270.17:16:01/gps-fmout/+2.760143e-07
2026.270.17:16:01/gps-maser/+2.156364e-07
2026.270.17:17:01/gps-fmout/+2.745157e-07
2026.270.17:17:01/gps-maser/+2.151465e-07
2026.270.17:18:01/gps-fmout/+2.766231e-07
2026.270.17:18:01/gps-maser/+2.156364e-07
2026.270.17:19:01/gps-fmout/+2.738733e-07
2026.270.17:19:01/gps-maser/+2.138182e-07
2026.270.17:20:01/gps-fmout/+2.739632e-07
2026.270.17:20:01/gps-maser/+2.128333e-07
2026.270.17:21:01/gps-fmout/+2.707476e-07
2026.270.17:21:01/gps-maser/+2.126583e-07
2026.270.17:22:01/gps-fmout/+2.716626e-07
2026.270.17:22:01/gps-maser/+2.113899e-07
2026.270.17:23:01/gps-fmout/+2.709345e-07
2026.270.17:23:01/gps-maser/+2.101459e-07
2026.270.17:24:01/gps-fmout/+2.711403e-07
2026.270.17:24:01/gps-maser/+2.120571e-07
2026.270.17:25:01/gps-fmout/+2.728946e-07
2026.270.17:25:01/gps-maser/+2.120451e-07
2026.270.17:26:01/gps-fmout/+2.708982e-07
2026.270.17:26:01/gps-maser/+2.121016e-07
2026.270.17:27:01/gps-fmout/+2.719460e-07
2026.270.17:27:01/gps-maser/+2.119657e-07
2026.270.17:28:01/gps-fmout/+2.727037e-07
2026.270.17:28:01/gps-maser/+2.144273e-07
2026.270.17:29:01/gps-fmout/+2.753396e-07
2026.270.17:29:01/gps-maser/+2.148858e-07
2026.270.17:30:01/gps-fmout/+2.759723e-07
2026.270.17:30:01/gps-maser/+2.139425e-07
2026.270.17:31:01/gps-fmout/+2.740203e-07
2026.270.17:31:01/gps-maser/+2.150000e-07
2026.270.17:32:01/gps-fmout/+2.785083e-07
2026.270.17:32:01/gps-maser/+2.168182e-07
2026.270.17:33:01/gps-fmout/+2.770148e-07
2026.270.17:33:01/gps-maser/+2.179093e-07
2026.270.17:34:01/gps-fmout/+2.744849e-07
2026.270.17:34:01/gps-maser/+2.156876e-07
2026.270.17:35:01/gps-fmout/+2.743030e-07
2026.270.17:35:01/gps-maser/+2.150282e-07
2026.270.17:36:01/gps-fmout/+2.761212e-07
2026.270.17:36:01/gps-maser/+2.160796e-07
2026.270.17:37:01/gps-fmout/+2.764553e-07
2026.270.17:37:01/gps-maser/+2.165455e-07
2026.270.17:38:01/gps-fmout/+2.750084e-07
2026.270.17:38:01/gps-maser/+2.156364e-07
2026.270.17:39:01/gps-fmout/+2.742963e-07
2026.270.17:39:01/gps-maser/+2.147273e-07
2026.270.17:40:01/gps-fmout/+2.716449e-07
2026.270.17:40:01/gps-maser/+2.137040e-07
2026.270.17:41:01/gps-fmout/+2.710728e-07
2026.270.17:41:01/gps-maser/+2.120691e-07
2026.270.17:42:01/gps-fmout/+2.729837e-07
2026.270.17:42:01/gps-maser/+2.136250e-07
2026.270.17:43:01/gps-fmout/+2.714378e-07
2026.270.17:43:01/gps-maser/+2.136825e-07
2026.270.17:44:01/gps-fmout/+2.714444e-07
2026.270.17:44:01/gps-maser/+2.132255e-07
2026.270.17:45:01/gps-fmout/+2.729090e-07
2026.270.17:45:01/gps-maser/+2.138757e-07
2026.270.17:46:01/gps-fmout/+2.721494e-07
2026.270.17:46:01/gps-maser/+2.131523e-07
2026.270.17:47:01/gps-fmout/+2.739686e-07
2026.270.17:47:01/gps-maser/+2.150000e-07
2026.270.17:48:01/gps-fmout/+2.736463e-07
2026.270.17:48:01/gps-maser/+2.150000e-07
2026.270.17:49:01/gps-fmout/+2.767255e-07
2026.270.17:49:01/gps-maser/+2.161059e-07
2026.270.17:50:01/gps-fmout/+2.790000e-07
2026.270.17:50:01/gps-maser/+2.189626e-07
2026.270.17:51:01/gps-fmout/+2.790000e-07
2026.270.17:51:01/gps-maser/+2.182253e-07
2026.270.17:52:01/gps-fmout/+2.787885e-07
2026.270.17:52:01/gps-maser/+2.198240e-07
2026.270.17:53:01/gps-fmout/+2.774969e-07
2026.270.17:53:01/gps-maser/+2.186071e-07
2026.270.17:54:01/gps-fmout/+2.771543e-07
2026.270.17:54:01/gps-maser/+2.178041e-07
2026.270.17:55:01/gps-fmout/+2.763333e-07
2026.270.17:55:01/gps-maser/+2.155280e-07
2026.270.17:56:01/gps-fmout/+2.765152e-07
2026.270.17:56:01/gps-maser/+2.150944e-07
2026.270.17:57:01/gps-fmout/+2.746970e-07
2026.270.17:57:01/gps-maser/+2.159240e-07
2026.270.17:58:01/gps-fmout/+2.729547e-07
2026.270.17:58:01/gps-maser/+2.140541e-07
2026.270.17:59:01/gps-fmout/+2.730883e-07
2026.270.17:59:01/gps-maser/+2.150909e-07
2026.270.18:00:01/gps-fmout/+2.715131e-07
2026.270.18:00:01/gps-maser/+2.131886e-07
2026.270.18:01:01/gps-fmout/+2.711719e-07
2026.270.18:01:01/gps-maser/+2.118557e-07
2026.270.18:02:01/gps-fmout/+2.718566e-07
2026.270.18:02:01/gps-maser/+2.120000e-07
2026.270.18:03:01/gps-fmout/+2.710000e-07
2026.270.18:03:01/gps-maser/+2.120000e-07
2026.270.18:04:01/gps-fmout/+2.710000e-07
2026.270.18:04:01/gps-maser/+2.123250e-07
2026.270.18:05:01/gps-fmout/+2.723935e-07
2026.270.18:05:01/gps-maser/+2.142624e-07
2026.270.18:06:01/gps-fmout/+2.748724e-07
2026.270.18:06:01/gps-maser/+2.158238e-07
2026.270.18:07:01/gps-fmout/+2.746224e-07
2026.270.18:07:01/gps-maser/+2.149828e-07
2026.270.18:08:01/gps-fmout/+2.769202e-07
2026.270.18:08:01/gps-maser/+2.149303e-07
2026.270.18:09:01/gps-fmout/+2.759939e-07
2026.270.18:09:01/gps-maser/+2.140083e-07
2026.270.18:10:01/gps-fmout/+2.756256e-07
2026.270.18:10:01/gps-maser/+2.141682e-07
2026.270.18:11:01/gps-fmout/+2.742629e-07
2026.270.18:11:01/gps-maser/+2.133258e-07
2026.270.18:12:01/gps-fmout/+2.731139e-07
2026.270.18:12:01/gps-maser/+2.135627e-07
2026.270.18:13:01/gps-fmout/+2.738030e-07
2026.270.18:13:01/gps-maser/+2.118810e-07
2026.270.18:14:01/gps-fmout/+2.728939e-07
2026.270.18:14:01/gps-maser/+2.121250e-07
2026.270.18:15:01/gps-fmout/+2.719906e-07
2026.270.18:15:01/gps-maser/+2.125000e-07
2026.270.18:16:01/gps-fmout/+2.742989e-07
2026.270.18:16:01/gps-maser/+2.127654e-07
2026.270.18:17:01/gps-fmout/+2.733333e-07
2026.270.18:17:01/gps-maser/+2.142564e-07
2026.270.18:18:01/gps-fmout/+2.718894e-07
2026.270.18:18:01/gps-maser/+2.135455e-07
2026.270.18:19:01/gps-fmout/+2.721153e-07
2026.270.18:19:01/gps-maser/+2.117112e-07
2026.270.18:20:01/gps-fmout/+2.729425e-07
2026.270.18:20:01/gps-maser/+2.099624e-07
2026.270.18:21:01/gps-fmout/+2.715303e-07
2026.270.18:21:01/gps-maser/+2.100000e-07
2026.270.18:22:01/gps-fmout/+2.704875e-07
2026.270.18:22:01/gps-maser/+2.104889e-07
2026.270.18:23:01/gps-fmout/+2.703568e-07
2026.270.18:23:01/gps-maser/+2.123749e-07
2026.270.18:24:01/gps-fmout/+2.723939e-07
2026.270.18:24:01/gps-maser/+2.130000e-07
2026.270.18:25:01/gps-fmout/+2.741525e-07
2026.270.18:25:01/gps-maser/+2.130000e-07
2026.270.18:26:01/gps-fmout/+2.729774e-07
2026.270.18:26:01/gps-maser/+2.130000e-07
2026.270.18:27:01/gps-fmout/+2.726338e-07
2026.270.18:27:01/gps-maser/+2.133157e-07
2026.270.18:28:01/gps-fmout/+2.737259e-07
2026.270.18:28:01/gps-maser/+2.138002e-07
2026.270.18:29:01/gps-fmout/+2.730718e-07
2026.270.18:29:01/gps-maser/+2.132168e-07
2026.270.18:30:01/gps-fmout/+2.743896e-07
2026.270.18:30:01/gps-maser/+2.154720e-07
2026.270.18:31:01/gps-fmout/+2.771687e-07
2026.270.18:31:01/gps-maser/+2.190526e-07
2026.270.18:32:01/gps-fmout/+2.775303e-07
2026.270.18:32:01/gps-maser/+2.186356e-07
2026.270.18:33:01/gps-fmout/+2.766212e-07
2026.270.18:33:01/gps-maser/+2.169203e-07
2026.270.18:34:01/gps-fmout/+2.757121e-07
2026.270.18:34:01/gps-maser/+2.151165e-07
2026.270.18:35:01/gps-fmout/+2.748786e-07
2026.270.18:35:01/gps-maser/+2.160541e-07
2026.270.18:36:01/gps-fmout/+2.749265e-07
2026.270.18:36:01/gps-maser/+2.158824e-07
2026.270.18:37:01/gps-fmout/+2.730042e-07
2026.270.18:37:01/gps-maser/+2.154500e-07
2026.270.18:38:01/gps-fmout/+2.758436e-07
2026.270.18:38:01/gps-maser/+2.161066e-07
2026.270.18:39:01/gps-fmout/+2.742952e-07
2026.270.18:39:01/gps-maser/+2.154820e-07
2026.270.18:40:01/gps-fmout/+2.746927e-07
2026.270.18:40:01/gps-maser/+2.140038e-07
2026.270.18:41:01/gps-fmout/+2.732340e-07
2026.270.18:41:01/gps-maser/+2.152886e-07
2026.270.18:42:01/gps-fmout/+2.768695e-07
2026.270.18:42:01/gps-maser/+2.179687e-07
2026.270.18:43:01/gps-fmout/+2.741642e-07
2026.270.18:43:01/gps-maser/+2.151246e-07
2026.270.18:44:01/gps-fmout/+2.750223e-07
2026.270.18:44:01/gps-maser/+2.172550e-07
2026.270.18:45:01/gps-fmout/+2.770870e-07
2026.270.18:45:01/gps-maser/+2.190000e-07
2026.270.18:46:01/gps-fmout/+2.773043e-07
2026.270.18:46:01/gps-maser/+2.190000e-07
2026.270.18:47:01/gps-fmout/+2.790336e-07
2026.270.18:47:01/gps-maser/+2.188566e-07
2026.270.18:48:01/gps-fmout/+2.780072e-07
2026.270.18:48:01/gps-maser/+2.161143e-07
2026.270.18:49:01/gps-fmout/+2.781885e-07
2026.270.18:49:01/gps-maser/+2.167654e-07
2026.270.18:50:01/gps-fmout/+2.766667e-07
2026.270.18:50:01/gps-maser/+2.181874e-07
2026.270.18:51:01/gps-fmout/+2.757576e-07
2026.270.18:51:01/gps-maser/+2.176546e-07
2026.270.18:52:01/gps-fmout/+2.748714e-07
2026.270.18:52:01/gps-maser/+2.158501e-07
2026.270.18:53:01/gps-fmout/+2.750766e-07
2026.270.18:53:01/gps-maser/+2.160912e-07
2026.270.18:54:01/gps-fmout/+2.770257e-07
2026.270.18:54:01/gps-maser/+2.166364e-07
2026.270.18:55:01/gps-fmout/+2.758636e-07
2026.270.18:55:01/gps-maser/+2.139091e-07
2026.270.18:56:01/gps-fmout/+2.730773e-07
2026.270.18:56:01/gps-maser/+2.114658e-07
2026.270.18:57:01/gps-fmout/+2.706760e-07
2026.270.18:57:01/gps-maser/+2.106702e-07
2026.270.18:58:01/gps-fmout/+2.698939e-07
2026.270.18:58:01/gps-maser/+2.089301e-07
2026.270.18:59:01/gps-fmout/+2.689835e-07
2026.270.18:59:01/gps-maser/+2.095833e-07
2026.270.19:00:01/gps-fmout/+2.686042e-07
2026.270.19:00:01/gps-maser/+2.100000e-07
2026.270.19:01:01/gps-fmout/+2.697238e-07
2026.270.19:01:01/gps-maser/+2.100000e-07
2026.270.19:02:01/gps-fmout/+2.693713e-07
2026.270.19:02:01/gps-maser/+2.101049e-07
2026.270.19:03:01/gps-fmout/+2.711262e-07
2026.270.19:03:01/gps-maser/+2.110510e-07
2026.270.19:04:01/gps-fmout/+2.708788e-07
2026.270.19:04:01/gps-maser/+2.098514e-07
2026.270.19:05:01/gps-fmout/+2.689436e-07
2026.270.19:05:01/gps-maser/+2.074095e-07
2026.270.19:06:01/gps-fmout/+2.678538e-07
2026.270.19:06:01/gps-maser/+2.080000e-07
2026.270.19:07:01/gps-fmout/+2.680000e-07
2026.270.19:07:01/gps-maser/+2.080000e-07
2026.270.19:08:01/gps-fmout/+2.678989e-07
2026.270.19:08:01/gps-maser/+2.080000e-07
2026.270.19:09:01/gps-fmout/+2.670527e-07
2026.270.19:09:01/gps-maser/+2.080000e-07
2026.270.19:10:01/gps-fmout/+2.690146e-07
2026.270.19:10:01/gps-maser/+2.084500e-07
2026.270.19:11:01/gps-fmout/+2.675774e-07
2026.270.19:11:01/gps-maser/+2.082873e-07
2026.270.19:12:01/gps-fmout/+2.668333e-07
2026.270.19:12:01/gps-maser/+2.074786e-07
2026.270.19:13:01/gps-fmout/+2.695493e-07
2026.270.19:13:01/gps-maser/+2.090365e-07
2026.270.19:14:01/gps-fmout/+2.711260e-07
2026.270.19:14:01/gps-maser/+2.093170e-07
2026.270.19:15:01/gps-fmout/+2.710830e-07
2026.270.19:15:01/gps-maser/+2.121097e-07
2026.270.19:16:01/gps-fmout/+2.720296e-07
2026.270.19:16:01/gps-maser/+2.131916e-07
2026.270.19:17:01/gps-fmout/+2.723651e-07
2026.270.19:17:01/gps-maser/+2.126860e-07
2026.270.19:18:01/gps-fmout/+2.729540e-07
2026.270.19:18:01/gps-maser/+2.120976e-07
2026.270.19:19:01/gps-fmout/+2.715241e-07
2026.270.19:19:01/gps-maser/+2.125327e-07
2026.270.19:20:01/gps-fmout/+2.689081e-07
2026.270.19:20:01/gps-maser/+2.080804e-07
2026.270.19:21:01/gps-fmout/+2.673467e-07
2026.270.19:21:01/gps-maser/+2.085000e-07
2026.270.19:22:01/gps-fmout/+2.657909e-07
2026.270.19:22:01/gps-maser/+2.075909e-07
2026.270.19:23:01/gps-fmout/+2.663333e-07
2026.270.19:23:01/gps-maser/+2.072962e-07
2026.270.19:24:01/gps-fmout/+2.672424e-07
2026.270.19:24:01/gps-maser/+2.089364e-07
2026.270.19:25:01/gps-fmout/+2.682069e-07
2026.270.19:25:01/gps-maser/+2.081014e-07
2026.270.19:26:01/gps-fmout/+2.700572e-07
2026.270.19:26:01/gps-maser/+2.099459e-07
2026.270.19:27:01/gps-fmout/+2.710149e-07
2026.270.19:27:01/gps-maser/+2.089091e-07
2026.270.19:28:01/gps-fmout/+2.718565e-07
2026.270.19:28:01/gps-maser/+2.107273e-07
2026.270.19:29:01/gps-fmout/+2.704242e-07
2026.270.19:29:01/gps-maser/+2.118644e-07
2026.270.19:30:01/gps-fmout/+2.686061e-07
2026.270.19:30:01/gps-maser/+2.085475e-07
2026.270.19:31:01/gps-fmout/+2.669913e-07
2026.270.19:31:01/gps-maser/+2.070000e-07
2026.270.19:32:01/gps-fmout/+2.674610e-07
2026.270.19:32:01/gps-maser/+2.070000e-07
2026.270.19:33:01/gps-fmout/+2.670167e-07
2026.270.19:33:01/gps-maser/+2.070989e-07
2026.270.19:34:01/gps-fmout/+2.668148e-07
2026.270.19:34:01/gps-maser/+2.065116e-07
2026.270.19:35:01/gps-fmout/+2.655152e-07
2026.270.19:35:01/gps-maser/+2.045455e-07
2026.270.19:36:01/gps-fmout/+2.636580e-07
2026.270.19:36:01/gps-maser/+2.027752e-07
2026.270.19:37:01/gps-fmout/+2.620276e-07
2026.270.19:37:01/gps-maser/+2.030902e-07
2026.270.19:38:01/gps-fmout/+2.638809e-07
2026.270.19:38:01/gps-maser/+2.049614e-07
2026.270.19:39:01/gps-fmout/+2.660633e-07
2026.270.19:39:01/gps-maser/+2.059605e-07
2026.270.19:40:01/gps-fmout/+2.688636e-07
2026.270.19:40:01/gps-maser/+2.090999e-07
2026.270.19:41:01/gps-fmout/+2.714977e-07
2026.270.19:41:01/gps-maser/+2.123847e-07
2026.270.19:42:01/gps-fmout/+2.718600e-07
2026.270.19:42:01/gps-maser/+2.130197e-07
2026.270.19:43:01/gps-fmout/+2.710252e-07
2026.270.19:43:01/gps-maser/+2.126333e-07
2026.270.19:44:01/gps-fmout/+2.705708e-07
2026.270.19:44:01/gps-maser/+2.106057e-07
2026.270.19:45:01/gps-fmout/+2.698519e-07
2026.270.19:45:01/gps-maser/+2.093182e-07
2026.270.19:46:01/gps-fmout/+2.702424e-07
2026.270.19:46:01/gps-maser/+2.102273e-07
2026.270.19:47:01/gps-fmout/+2.711515e-07
2026.270.19:47:01/gps-maser/+2.110403e-07
2026.270.19:48:01/gps-fmout/+2.719778e-07
2026.270.19:48:01/gps-maser/+2.100641e-07
2026.270.19:49:01/gps-fmout/+2.696511e-07
2026.270.19:49:01/gps-maser/+2.127213e-07
2026.270.19:50:01/gps-fmout/+2.678636e-07
2026.270.19:50:01/gps-maser/+2.102590e-07
2026.270.19:51:01/gps-fmout/+2.651364e-07
2026.270.19:51:01/gps-maser/+2.058760e-07
2026.270.19:52:01/gps-fmout/+2.625864e-07
2026.270.19:52:01/gps-maser/+2.023306e-07
2026.270.19:53:01/gps-fmout/+2.616411e-07
2026.270.19:53:01/gps-maser/+1.999658e-07
2026.270.19:54:01/gps-fmout/+2.594848e-07
2026.270.19:54:01/gps-maser/+1.994206e-07
2026.270.19:55:01/gps-fmout/+2.585758e-07
2026.270.19:55:01/gps-maser/+1.983589e-07
2026.270.19:56:01/gps-fmout/+2.576667e-07
2026.270.19:56:01/gps-maser/+1.987051e-07
2026.270.19:57:01/gps-fmout/+2.572375e-07
2026.270.19:57:01/gps-maser/+1.982852e-07
2026.270.19:58:01/gps-fmout/+2.601376e-07
2026.270.19:58:01/gps-maser/+2.001002e-07
2026.270.19:59:01/gps-fmout/+2.601397e-07
2026.270.19:59:01/gps-maser/+2.000872e-07
2026.270.20:00:01/gps-fmout/+2.611897e-07
2026.270.20:00:01/gps-maser/+2.011566e-07
2026.270.20:01:01/gps-fmout/+2.603222e-07
2026.270.20:01:01/gps-maser/+1.996322e-07
2026.270.20:02:01/gps-fmout/+2.602896e-07
2026.270.20:02:01/gps-maser/+1.983536e-07
2026.270.20:03:01/gps-fmout/+2.583784e-07
2026.270.20:03:01/gps-maser/+1.973636e-07
2026.270.20:04:01/gps-fmout/+2.611539e-07
2026.270.20:04:01/gps-maser/+1.991818e-07
2026.270.20:05:01/gps-fmout/+2.620314e-07
2026.270.20:05:01/gps-maser/+2.010000e-07
2026.270.20:06:01/gps-fmout/+2.637090e-07
2026.270.20:06:01/gps-maser/+2.028182e-07
2026.270.20:07:01/gps-fmout/+2.633228e-07
2026.270.20:07:01/gps-maser/+2.043550e-07
2026.270.20:08:01/gps-fmout/+2.638611e-07
2026.270.20:08:01/gps-maser/+2.034892e-07
2026.270.20:09:01/gps-fmout/+2.630498e-07
2026.270.20:09:01/gps-maser/+2.011014e-07
2026.270.20:10:01/gps-fmout/+2.639393e-07
2026.270.20:10:01/gps-maser/+2.030000e-07
2026.270.20:11:01/gps-fmout/+2.628560e-07
2026.270.20:11:01/gps-maser/+2.030000e-07
2026.270.20:12:01/gps-fmout/+2.633598e-07
2026.270.20:12:01/gps-maser/+2.033005e-07
2026.270.20:13:01/gps-fmout/+2.642154e-07
2026.270.20:13:01/gps-maser/+2.039256e-07
2026.270.20:14:01/gps-fmout/+2.636061e-07
2026.270.20:14:01/gps-maser/+2.026364e-07
2026.270.20:15:01/gps-fmout/+2.617879e-07
2026.270.20:15:01/gps-maser/+2.008182e-07
2026.270.20:16:01/gps-fmout/+2.599738e-07
2026.270.20:16:01/gps-maser/+2.005000e-07
2026.270.20:17:01/gps-fmout/+2.613278e-07
2026.270.20:17:01/gps-maser/+2.001818e-07
2026.270.20:18:01/gps-fmout/+2.601799e-07
2026.270.20:18:01/gps-maser/+1.983981e-07
2026.270.20:19:01/gps-fmout/+2.569317e-07
2026.270.20:19:01/gps-maser/+1.963860e-07
2026.270.20:20:01/gps-fmout/+2.540000e-07
2026.270.20:20:01/gps-maser/+1.935909e-07
2026.270.20:21:01/gps-fmout/+2.540000e-07
2026.270.20:21:01/gps-maser/+1.909580e-07
2026.270.20:22:01/gps-fmout/+2.540000e-07
2026.270.20:22:01/gps-maser/+1.926420e-07
2026.270.20:23:01/gps-fmout/+2.540000e-07
2026.270.20:23:01/gps-maser/+1.911724e-07
2026.270.20:24:01/gps-fmout/+2.540000e-07
2026.270.20:24:01/gps-maser/+1.927220e-07
2026.270.20:25:01/gps-fmout/+2.540596e-07
2026.270.20:25:01/gps-maser/+1.951127e-07
2026.270.20:26:01/gps-fmout/+2.551757e-07
2026.270.20:26:01/gps-maser/+1.943680e-07
2026.270.20:27:01/gps-fmout/+2.570000e-07
2026.270.20:27:01/gps-maser/+1.976823e-07
2026.270.20:28:01/gps-fmout/+2.570000e-07
2026.270.20:28:01/gps-maser/+1.980733e-07
2026.270.20:29:01/gps-fmout/+2.570000e-07
2026.270.20:29:01/gps-maser/+1.977213e-07
2026.270.20:30:01/gps-fmout/+2.571224e-07
2026.270.20:30:01/gps-maser/+1.969388e-07
2026.270.20:31:01/gps-fmout/+2.579336e-07
2026.270.20:31:01/gps-maser/+1.969350e-07
2026.270.20:32:01/gps-fmout/+2.560946e-07
2026.270.20:32:01/gps-maser/+1.960441e-07
2026.270.20:33:01/gps-fmout/+2.575272e-07
2026.270.20:33:01/gps-maser/+1.975455e-07
2026.270.20:34:01/gps-fmout/+2.570053e-07
2026.270.20:34:01/gps-maser/+1.965943e-07
2026.270.20:35:01/gps-fmout/+2.567504e-07
2026.270.20:35:01/gps-maser/+1.959279e-07
2026.270.20:36:01/gps-fmout/+2.560803e-07
2026.270.20:36:01/gps-maser/+1.959730e-07
2026.270.20:37:01/gps-fmout/+2.570508e-07
2026.270.20:37:01/gps-maser/+1.961210e-07
2026.270.20:38:01/gps-fmout/+2.570135e-07
2026.270.20:38:01/gps-maser/+1.980000e-07
2026.270.20:39:01/gps-fmout/+2.582773e-07
2026.270.20:39:01/gps-maser/+1.986213e-07
2026.270.20:40:01/gps-fmout/+2.568667e-07
2026.270.20:40:01/gps-maser/+1.968462e-07
2026.270.20:41:01/gps-fmout/+2.574069e-07
2026.270.20:41:01/gps-maser/+1.973715e-07
2026.270.20:42:01/gps-fmout/+2.589659e-07
2026.270.20:42:01/gps-maser/+1.989533e-07
2026.270.20:43:01/gps-fmout/+2.578797e-07
2026.270.20:43:01/gps-maser/+1.979914e-07
2026.270.20:44:01/gps-fmout/+2.579394e-07
2026.270.20:44:01/gps-maser/+1.975785e-07
2026.270.20:45:01/gps-fmout/+2.597576e-07
2026.270.20:45:01/gps-maser/+1.978805e-07
2026.270.20:46:01/gps-fmout/+2.605277e-07
2026.270.20:46:01/gps-maser/+1.996349e-07
2026.270.20:47:01/gps-fmout/+2.570212e-07
2026.270.20:47:01/gps-maser/+1.979159e-07
2026.270.20:48:01/gps-fmout/+2.579202e-07
2026.270.20:48:01/gps-maser/+1.977716e-07
2026.270.20:49:01/gps-fmout/+2.560132e-07
2026.270.20:49:01/gps-maser/+1.974167e-07
2026.270.20:50:01/gps-fmout/+2.585412e-07
2026.270.20:50:01/gps-maser/+1.989963e-07
2026.270.20:51:01/gps-fmout/+2.588667e-07
2026.270.20:51:01/gps-maser/+1.994056e-07
2026.270.20:52:01/gps-fmout/+2.619493e-07
2026.270.20:52:01/gps-maser/+2.019434e-07
2026.270.20:53:01/gps-fmout/+2.656428e-07
2026.270.20:53:01/gps-maser/+2.065113e-07
2026.270.20:54:01/gps-fmout/+2.678788e-07
2026.270.20:54:01/gps-maser/+2.079091e-07
2026.270.20:55:01/gps-fmout/+2.660606e-07
2026.270.20:55:01/gps-maser/+2.060909e-07
2026.270.20:56:01/gps-fmout/+2.639207e-07
2026.270.20:56:01/gps-maser/+2.045733e-07
2026.270.20:57:01/gps-fmout/+2.618261e-07
2026.270.20:57:01/gps-maser/+2.034545e-07
2026.270.20:58:01/gps-fmout/+2.616061e-07
2026.270.20:58:01/gps-maser/+2.016093e-07
2026.270.20:59:01/gps-fmout/+2.597879e-07
2026.270.20:59:01/gps-maser/+1.999391e-07
2026.270.21:00:01/gps-fmout/+2.579766e-07
2026.270.21:00:01/gps-maser/+2.000000e-07
2026.270.21:01:01/gps-fmout/+2.600113e-07
2026.270.21:01:01/gps-maser/+1.996349e-07
2026.270.21:02:01/gps-fmout/+2.603333e-07
2026.270.21:02:01/gps-maser/+1.994234e-07
2026.270.21:03:01/gps-fmout/+2.609075e-07
2026.270.21:03:01/gps-maser/+2.011485e-07
2026.270.21:04:01/gps-fmout/+2.600498e-07
2026.270.21:04:01/gps-maser/+2.007969e-07
2026.270.21:05:01/gps-fmout/+2.609361e-07
2026.270.21:05:01/gps-maser/+1.990000e-07
2026.270.21:06:01/gps-fmout/+2.600000e-07
2026.270.21:06:01/gps-maser/+1.990000e-07
2026.270.21:07:01/gps-fmout/+2.600000e-07
2026.270.21:07:01/gps-maser/+1.997894e-07
2026.270.21:08:01/gps-fmout/+2.605142e-07
2026.270.21:08:01/gps-maser/+2.017551e-07
2026.270.21:09:01/gps-fmout/+2.632812e-07
2026.270.21:09:01/gps-maser/+2.004954e-07
2026.270.21:10:01/gps-fmout/+2.640279e-07
2026.270.21:10:01/gps-maser/+2.040456e-07
2026.270.21:11:01/gps-fmout/+2.635141e-07
2026.270.21:11:01/gps-maser/+2.034833e-07
2026.270.21:12:01/gps-fmout/+2.633650e-07
2026.270.21:12:01/gps-maser/+2.029707e-07
2026.270.21:13:01/gps-fmout/+2.631333e-07
2026.270.21:13:01/gps-maser/+2.024688e-07
2026.270.21:14:01/gps-fmout/+2.610000e-07
2026.270.21:14:01/gps-maser/+2.008936e-07
2026.270.21:15:01/gps-fmout/+2.610000e-07
2026.270.21:15:01/gps-maser/+2.010994e-07
2026.270.21:16:01/gps-fmout/+2.610448e-07
2026.270.21:16:01/gps-maser/+2.019668e-07
2026.270.21:17:01/gps-fmout/+2.611587e-07
2026.270.21:17:01/gps-maser/+1.995800e-07
2026.270.21:18:01/gps-fmout/+2.595279e-07
2026.270.21:18:01/gps-maser/+1.984275e-07
2026.270.21:19:01/gps-fmout/+2.591574e-07
2026.270.21:19:01/gps-maser/+1.997273e-07
2026.270.21:20:01/gps-fmout/+2.597343e-07
2026.270.21:20:01/gps-maser/+1.988182e-07
2026.270.21:21:01/gps-fmout/+2.580000e-07
2026.270.21:21:01/gps-maser/+1.978655e-07
2026.270.21:22:01/gps-fmout/+2.580000e-07
2026.270.21:22:01/gps-maser/+1.974000e-07
2026.270.21:23:01/gps-fmout/+2.580000e-07
2026.270.21:23:01/gps-maser/+1.976261e-07
2026.270.21:24:01/gps-fmout/+2.580000e-07
2026.270.21:24:01/gps-maser/+1.972235e-07
2026.270.21:25:01/gps-fmout/+2.577712e-07
2026.270.21:25:01/gps-maser/+1.976999e-07
2026.270.21:26:01/gps-fmout/+2.558030e-07
2026.270.21:26:01/gps-maser/+1.960504e-07
2026.270.21:27:01/gps-fmout/+2.561846e-07
2026.270.21:27:01/gps-maser/+1.970796e-07
2026.270.21:28:01/gps-fmout/+2.599405e-07
2026.270.21:28:01/gps-maser/+1.980225e-07
2026.270.21:29:01/gps-fmout/+2.592608e-07
2026.270.21:29:01/gps-maser/+1.983636e-07
2026.270.21:30:01/gps-fmout/+2.578360e-07
2026.270.21:30:01/gps-maser/+1.992727e-07
2026.270.21:31:01/gps-fmout/+2.583038e-07
2026.270.21:31:01/gps-maser/+2.000751e-07
2026.270.21:32:01/gps-fmout/+2.599862e-07
2026.270.21:32:01/gps-maser/+1.988418e-07
2026.270.21:33:01/gps-fmout/+2.589731e-07
2026.270.21:33:01/gps-maser/+1.979375e-07
2026.270.21:34:01/gps-fmout/+2.572747e-07
2026.270.21:34:01/gps-maser/+1.967617e-07
2026.270.21:35:01/gps-fmout/+2.573333e-07
2026.270.21:35:01/gps-maser/+1.951358e-07
2026.270.21:36:01/gps-fmout/+2.582424e-07
2026.270.21:36:01/gps-maser/+1.964399e-07
2026.270.21:37:01/gps-fmout/+2.590472e-07
2026.270.21:37:01/gps-maser/+1.979664e-07
2026.270.21:38:01/gps-fmout/+2.580000e-07
2026.270.21:38:01/gps-maser/+1.960000e-07
2026.270.21:39:01/gps-fmout/+2.580000e-07
2026.270.21:39:01/gps-maser/+1.960563e-07
2026.270.21:40:01/gps-fmout/+2.574635e-07
2026.270.21:40:01/gps-maser/+1.957100e-07
2026.270.21:41:01/gps-fmout/+2.559428e-07
2026.270.21:41:01/gps-maser/+1.947273e-07
2026.270.21:42:01/gps-fmout/+2.555548e-07
2026.270.21:42:01/gps-maser/+1.938182e-07
2026.270.21:43:01/gps-fmout/+2.525844e-07
2026.270.21:43:01/gps-maser/+1.927250e-07
2026.270.21:44:01/gps-fmout/+2.497199e-07
2026.270.21:44:01/gps-maser/+1.886250e-07
2026.270.21:45:01/gps-fmout/+2.485758e-07
2026.270.21:45:01/gps-maser/+1.883644e-07
2026.270.21:46:01/gps-fmout/+2.475926e-07
2026.270.21:46:01/gps-maser/+1.881074e-07
2026.270.21:47:01/gps-fmout/+2.471033e-07
2026.270.21:47:01/gps-maser/+1.862273e-07
2026.270.21:48:01/gps-fmout/+2.481515e-07
2026.270.21:48:01/gps-maser/+1.871364e-07
2026.270.21:49:01/gps-fmout/+2.490873e-07
2026.270.21:49:01/gps-maser/+1.880759e-07
2026.270.21:50:01/gps-fmout/+2.500000e-07
2026.270.21:50:01/gps-maser/+1.907859e-07
2026.270.21:51:01/gps-fmout/+2.500000e-07
2026.270.21:51:01/gps-maser/+1.906539e-07
2026.270.21:52:01/gps-fmout/+2.504018e-07
2026.270.21:52:01/gps-maser/+1.899429e-07
2026.270.21:53:01/gps-fmout/+2.518989e-07
2026.270.21:53:01/gps-maser/+1.901074e-07
2026.270.21:54:01/gps-fmout/+2.510000e-07
2026.270.21:54:01/gps-maser/+1.908347e-07
2026.270.21:55:01/gps-fmout/+2.510000e-07
2026.270.21:55:01/gps-maser/+1.890417e-07
2026.270.21:56:01/gps-fmout/+2.504624e-07
2026.270.21:56:01/gps-maser/+1.885909e-07
2026.270.21:57:01/gps-fmout/+2.479824e-07
2026.270.21:57:01/gps-maser/+1.876818e-07
2026.270.21:58:01/gps-fmout/+2.460847e-07
2026.270.21:58:01/gps-maser/+1.867727e-07
2026.270.21:59:01/gps-fmout/+2.480234e-07
2026.270.21:59:01/gps-maser/+1.860408e-07
2026.270.22:00:01/gps-fmout/+2.481212e-07
2026.270.22:00:01/gps-maser/+1.890197e-07
2026.270.22:01:01/gps-fmout/+2.501149e-07
2026.270.22:01:01/gps-maser/+1.895334e-07
2026.270.22:02:01/gps-fmout/+2.508405e-07
2026.270.22:02:01/gps-maser/+1.900000e-07
2026.270.22:03:01/gps-fmout/+2.497121e-07
2026.270.22:03:01/gps-maser/+1.900000e-07
2026.270.22:04:01/gps-fmout/+2.490596e-07
2026.270.22:04:01/gps-maser/+1.901412e-07
2026.270.22:05:01/gps-fmout/+2.509514e-07
2026.270.22:05:01/gps-maser/+1.908182e-07
2026.270.22:06:01/gps-fmout/+2.480010e-07
2026.270.22:06:01/gps-maser/+1.888750e-07
2026.270.22:07:01/gps-fmout/+2.482853e-07
2026.270.22:07:01/gps-maser/+1.878572e-07
2026.270.22:08:01/gps-fmout/+2.469222e-07
2026.270.22:08:01/gps-maser/+1.880000e-07
2026.270.22:09:01/gps-fmout/+2.492995e-07
2026.270.22:09:01/gps-maser/+1.881315e-07
2026.270.22:10:01/gps-fmout/+2.500156e-07
2026.270.22:10:01/gps-maser/+1.890000e-07
2026.270.22:11:01/gps-fmout/+2.501212e-07
2026.270.22:11:01/gps-maser/+1.890000e-07
2026.270.22:12:01/gps-fmout/+2.519394e-07
2026.270.22:12:01/gps-maser/+1.903273e-07
2026.270.22:13:01/gps-fmout/+2.541090e-07
2026.270.22:13:01/gps-maser/+1.945935e-07
2026.270.22:14:01/gps-fmout/+2.561443e-07
2026.270.22:14:01/gps-maser/+1.954545e-07
2026.270.22:15:01/gps-fmout/+2.545084e-07
2026.270.22:15:01/gps-maser/+1.936364e-07
2026.270.22:16:01/gps-fmout/+2.521726e-07
2026.270.22:16:01/gps-maser/+1.919461e-07
2026.270.22:17:01/gps-fmout/+2.534533e-07
2026.270.22:17:01/gps-maser/+1.939286e-07
2026.270.22:18:01/gps-fmout/+2.530111e-07
2026.270.22:18:01/gps-maser/+1.931818e-07
2026.270.22:19:01/gps-fmout/+2.528025e-07
2026.270.22:19:01/gps-maser/+1.913636e-07
2026.270.22:20:01/gps-fmout/+2.514369e-07
2026.270.22:20:01/gps-maser/+1.897446e-07
2026.270.22:21:01/gps-fmout/+2.487559e-07
2026.270.22:21:01/gps-maser/+1.899086e-07
2026.270.22:22:01/gps-fmout/+2.491434e-07
2026.270.22:22:01/gps-maser/+1.890203e-07
2026.270.22:23:01/gps-fmout/+2.501242e-07
2026.270.22:23:01/gps-maser/+1.901833e-07
2026.270.22:24:01/gps-fmout/+2.488691e-07
2026.270.22:24:01/gps-maser/+1.892447e-07
2026.270.22:25:01/gps-fmout/+2.492879e-07
2026.270.22:25:01/gps-maser/+1.883840e-07
2026.270.22:26:01/gps-fmout/+2.501970e-07
2026.270.22:26:01/gps-maser/+1.903151e-07
2026.270.22:27:01/gps-fmout/+2.510717e-07
2026.270.22:27:01/gps-maser/+1.908182e-07
2026.270.22:28:01/gps-fmout/+2.504369e-07
2026.270.22:28:01/gps-maser/+1.890000e-07
2026.270.22:29:01/gps-fmout/+2.502145e-07
2026.270.22:29:01/gps-maser/+1.878817e-07
2026.270.22:30:01/gps-fmout/+2.516321e-07
2026.270.22:30:01/gps-maser/+1.900137e-07
2026.270.22:31:01/gps-fmout/+2.533760e-07
2026.270.22:31:01/gps-maser/+1.920000e-07
2026.270.22:32:01/gps-fmout/+2.538727e-07
2026.270.22:32:01/gps-maser/+1.920000e-07
2026.270.22:33:01/gps-fmout/+2.510684e-07
2026.270.22:33:01/gps-maser/+1.920000e-07
2026.270.22:34:01/gps-fmout/+2.520009e-07
2026.270.22:34:01/gps-maser/+1.920000e-07
2026.270.22:35:01/gps-fmout/+2.520837e-07
2026.270.22:35:01/gps-maser/+1.922585e-07
2026.270.22:36:01/gps-fmout/+2.541757e-07
2026.270.22:36:01/gps-maser/+1.930992e-07
2026.270.22:37:01/gps-fmout/+2.537263e-07
2026.270.22:37:01/gps-maser/+1.928655e-07
2026.270.22:38:01/gps-fmout/+2.519657e-07
2026.270.22:38:01/gps-maser/+1.919651e-07
2026.270.22:39:01/gps-fmout/+2.539851e-07
2026.270.22:39:01/gps-maser/+1.925417e-07
2026.270.22:40:01/gps-fmout/+2.522384e-07
2026.270.22:40:01/gps-maser/+1.926349e-07
2026.270.22:41:01/gps-fmout/+2.540000e-07
2026.270.22:41:01/gps-maser/+1.920000e-07
2026.270.22:42:01/gps-fmout/+2.540000e-07
2026.270.22:42:01/gps-maser/+1.920000e-07
2026.270.22:43:01/gps-fmout/+2.539511e-07
2026.270.22:43:01/gps-maser/+1.920000e-07
2026.270.22:44:01/gps-fmout/+2.529731e-07
2026.270.22:44:01/gps-maser/+1.920000e-07
2026.270.22:45:01/gps-fmout/+2.520027e-07
2026.270.22:45:01/gps-maser/+1.911811e-07
2026.270.22:46:01/gps-fmout/+2.510000e-07
2026.270.22:46:01/gps-maser/+1.905758e-07
2026.270.22:47:01/gps-fmout/+2.509705e-07
2026.270.22:47:01/gps-maser/+1.917814e-07
2026.270.22:48:01/gps-fmout/+2.511335e-07
2026.270.22:48:01/gps-maser/+1.909243e-07
2026.270.22:49:01/gps-fmout/+2.521061e-07
2026.270.22:49:01/gps-maser/+1.911345e-07
2026.270.22:50:01/gps-fmout/+2.530115e-07
2026.270.22:50:01/gps-maser/+1.925000e-07
2026.270.22:51:01/gps-fmout/+2.527745e-07
2026.270.22:51:01/gps-maser/+1.934091e-07
2026.270.22:52:01/gps-fmout/+2.537037e-07
2026.270.22:52:01/gps-maser/+1.941709e-07
2026.270.22:53:01/gps-fmout/+2.531951e-07
2026.270.22:53:01/gps-maser/+1.938432e-07
2026.270.22:54:01/gps-fmout/+2.540935e-07
2026.270.22:54:01/gps-maser/+1.930159e-07
2026.270.22:55:01/gps-fmout/+2.538788e-07
2026.270.22:55:01/gps-maser/+1.939481e-07
2026.270.22:56:01/gps-fmout/+2.518851e-07
2026.270.22:56:01/gps-maser/+1.915331e-07
2026.270.22:57:01/gps-fmout/+2.511595e-07
2026.270.22:57:01/gps-maser/+1.904047e-07
2026.270.22:58:01/gps-fmout/+2.522879e-07
2026.270.22:58:01/gps-maser/+1.920000e-07
2026.270.22:59:01/gps-fmout/+2.531970e-07
2026.270.22:59:01/gps-maser/+1.920000e-07
2026.270.23:00:01/gps-fmout/+2.540271e-07
2026.270.23:00:01/gps-maser/+1.920000e-07
2026.270.23:01:01/gps-fmout/+2.519930e-07
2026.270.23:01:01/gps-maser/+1.916000e-07
2026.270.23:02:01/gps-fmout/+2.516121e-07
2026.270.23:02:01/gps-maser/+1.908066e-07
2026.270.23:03:01/gps-fmout/+2.522321e-07
2026.270.23:03:01/gps-maser/+1.919835e-07
2026.270.23:04:01/gps-fmout/+2.556084e-07
2026.270.23:04:01/gps-maser/+1.952342e-07
2026.270.23:05:01/gps-fmout/+2.530394e-07
2026.270.23:05:01/gps-maser/+1.948111e-07
2026.270.23:06:01/gps-fmout/+2.538440e-07
2026.270.23:06:01/gps-maser/+1.928532e-07
2026.270.23:07:01/gps-fmout/+2.515048e-07
2026.270.23:07:01/gps-maser/+1.897603e-07
2026.270.23:08:01/gps-fmout/+2.496007e-07
2026.270.23:08:01/gps-maser/+1.894842e-07
2026.270.23:09:01/gps-fmout/+2.485758e-07
2026.270.23:09:01/gps-maser/+1.906206e-07
2026.270.23:10:01/gps-fmout/+2.503939e-07
2026.270.23:10:01/gps-maser/+1.893426e-07
2026.270.23:11:01/gps-fmout/+2.521561e-07
2026.270.23:11:01/gps-maser/+1.920386e-07
2026.270.23:12:01/gps-fmout/+2.520275e-07
2026.270.23:12:01/gps-maser/+1.932500e-07
2026.270.23:13:01/gps-fmout/+2.545758e-07
2026.270.23:13:01/gps-maser/+1.935909e-07
2026.270.23:14:01/gps-fmout/+2.536667e-07
2026.270.23:14:01/gps-maser/+1.926818e-07
2026.270.23:15:01/gps-fmout/+2.525949e-07
2026.270.23:15:01/gps-maser/+1.917727e-07
2026.270.23:16:01/gps-fmout/+2.509899e-07
2026.270.23:16:01/gps-maser/+1.910971e-07
2026.270.23:17:01/gps-fmout/+2.532152e-07
2026.270.23:17:01/gps-maser/+1.949823e-07
2026.270.23:18:01/gps-fmout/+2.556720e-07
2026.270.23:18:01/gps-maser/+1.944545e-07
2026.270.23:19:01/gps-fmout/+2.559990e-07
2026.270.23:19:01/gps-maser/+1.953636e-07
2026.270.23:20:01/gps-fmout/+2.564401e-07
2026.270.23:20:01/gps-maser/+1.965838e-07
2026.270.23:21:01/gps-fmout/+2.580959e-07
2026.270.23:21:01/gps-maser/+1.990249e-07
2026.270.23:22:01/gps-fmout/+2.581374e-07
2026.270.23:22:01/gps-maser/+1.973448e-07
2026.270.23:23:01/gps-fmout/+2.600151e-07
2026.270.23:23:01/gps-maser/+2.003643e-07
2026.270.23:24:01/gps-fmout/+2.591515e-07
2026.270.23:24:01/gps-maser/+1.991567e-07
2026.270.23:25:01/gps-fmout/+2.573333e-07
2026.270.23:25:01/gps-maser/+1.976095e-07
2026.270.23:26:01/gps-fmout/+2.559052e-07
2026.270.23:26:01/gps-maser/+1.969255e-07
2026.270.23:27:01/gps-fmout/+2.568425e-07
2026.270.23:27:01/gps-maser/+1.968643e-07
2026.270.23:28:01/gps-fmout/+2.547999e-07
2026.270.23:28:01/gps-maser/+1.950083e-07
2026.270.23:29:01/gps-fmout/+2.533345e-07
2026.270.23:29:01/gps-maser/+1.957773e-07
2026.270.23:30:01/gps-fmout/+2.536105e-07
2026.270.23:30:01/gps-maser/+1.937408e-07
2026.270.23:31:01/gps-fmout/+2.529415e-07
2026.270.23:31:01/gps-maser/+1.922727e-07
2026.270.23:32:01/gps-fmout/+2.530652e-07
2026.270.23:32:01/gps-maser/+1.931818e-07
2026.270.23:33:01/gps-fmout/+2.544253e-07
2026.270.23:33:01/gps-maser/+1.942054e-07
2026.270.23:34:01/gps-fmout/+2.578720e-07
2026.270.23:34:01/gps-maser/+1.968000e-07
2026.270.23:35:01/gps-fmout/+2.575870e-07
2026.270.23:35:01/gps-maser/+1.966393e-07
2026.270.23:36:01/gps-fmout/+2.572543e-07
2026.270.23:36:01/gps-maser/+1.962590e-07
2026.270.23:37:01/gps-fmout/+2.575176e-07
2026.270.23:37:01/gps-maser/+1.965257e-07
2026.270.23:38:01/gps-fmout/+2.549143e-07
2026.270.23:38:01/gps-maser/+1.938294e-07
2026.270.23:39:01/gps-fmout/+2.549098e-07
2026.270.23:39:01/gps-maser/+1.929279e-07
2026.270.23:40:01/gps-fmout/+2.537119e-07
2026.270.23:40:01/gps-maser/+1.920488e-07
2026.270.23:41:01/gps-fmout/+2.547195e-07
2026.270.23:41:01/gps-maser/+1.940853e-07
2026.270.23:42:01/gps-fmout/+2.563956e-07
2026.270.23:42:01/gps-maser/+1.963959e-07
2026.270.23:43:01/gps-fmout/+2.570000e-07
2026.270.23:43:01/gps-maser/+1.970428e-07
2026.270.23:44:01/gps-fmout/+2.570000e-07
2026.270.23:44:01/gps-maser/+1.971187e-07
2026.270.23:45:01/gps-fmout/+2.570051e-07
2026.270.23:45:01/gps-maser/+1.981333e-07
2026.270.23:46:01/gps-fmout/+2.586029e-07
2026.270.23:46:01/gps-maser/+1.975777e-07
2026.270.23:47:01/gps-fmout/+2.583333e-07
2026.270.23:47:01/gps-maser/+1.974234e-07
2026.270.23:48:01/gps-fmout/+2.592424e-07
2026.270.23:48:01/gps-maser/+1.991352e-07
2026.270.23:49:01/gps-fmout/+2.599428e-07
2026.270.23:49:01/gps-maser/+1.988308e-07
2026.270.23:50:01/gps-fmout/+2.569435e-07
2026.270.23:50:01/gps-maser/+1.970208e-07
2026.270.23:51:01/gps-fmout/+2.578344e-07
2026.270.23:51:01/gps-maser/+1.979399e-07
2026.270.23:52:01/gps-fmout/+2.602172e-07
2026.270.23:52:01/gps-maser/+1.986628e-07
2026.270.23:53:01/gps-fmout/+2.620631e-07
2026.270.23:53:01/gps-maser/+2.004134e-07
2026.270.23:54:01/gps-fmout/+2.606061e-07
2026.270.23:54:01/gps-maser/+2.009001e-07
2026.270.23:55:01/gps-fmout/+2.587879e-07
2026.270.23:55:01/gps-maser/+1.986854e-07
2026.270.23:56:01/gps-fmout/+2.569773e-07
2026.270.23:56:01/gps-maser/+1.973594e-07
2026.270.23:57:01/gps-fmout/+2.585758e-07
2026.270.23:57:01/gps-maser/+1.971645e-07
2026.270.23:58:01/gps-fmout/+2.576667e-07
2026.270.23:58:01/gps-maser/+1.962442e-07
2026.270.23:59:01/gps-fmout/+2.567576e-07
2026.270.23:59:01/gps-maser/+1.968206e-07
2026.271.00:00:01/gps-fmout/+2.558987e-07
2026.271.00:00:01/gps-maser/+1.959572e-07
2026.271.00:01:01/gps-fmout/+2.559365e-07
2026.271.00:01:01/gps-maser/+1.959579e-07
2026.271.00:02:01/gps-fmout/+2.558569e-07
2026.271.00:02:01/gps-maser/+1.952630e-07
2026.271.00:03:01/gps-fmout/+2.574258e-07
2026.271.00:03:01/gps-maser/+1.969061e-07
2026.271.00:04:01/gps-fmout/+2.581640e-07
2026.271.00:04:01/gps-maser/+1.977273e-07
2026.271.00:05:01/gps-fmout/+2.575355e-07
2026.271.00:05:01/gps-maser/+1.968182e-07
2026.271.00:06:01/gps-fmout/+2.538985e-07
2026.271.00:06:01/gps-maser/+1.957105e-07
2026.271.00:07:01/gps-fmout/+2.539810e-07
2026.271.00:07:01/gps-maser/+1.920714e-07
2026.271.00:08:01/gps-fmout/+2.533613e-07
2026.271.00:08:01/gps-maser/+1.924091e-07
2026.271.00:09:01/gps-fmout/+2.540741e-07
2026.271.00:09:01/gps-maser/+1.933182e-07
2026.271.00:10:01/gps-fmout/+2.538420e-07
2026.271.00:10:01/gps-maser/+1.940641e-07
2026.271.00:11:01/gps-fmout/+2.527502e-07
2026.271.00:11:01/gps-maser/+1.927460e-07
2026.271.00:12:01/gps-fmout/+2.509553e-07
2026.271.00:12:01/gps-maser/+1.910000e-07
2026.271.00:13:01/gps-fmout/+2.503844e-07
2026.271.00:13:01/gps-maser/+1.910000e-07
2026.271.00:14:01/gps-fmout/+2.509153e-07
2026.271.00:14:01/gps-maser/+1.908738e-07
2026.271.00:15:01/gps-fmout/+2.535902e-07
2026.271.00:15:01/gps-maser/+1.916018e-07
2026.271.00:16:01/gps-fmout/+2.555268e-07
2026.271.00:16:01/gps-maser/+1.945455e-07
2026.271.00:17:01/gps-fmout/+2.581796e-07
2026.271.00:17:01/gps-maser/+1.971140e-07
2026.271.00:18:01/gps-fmout/+2.579833e-07
2026.271.00:18:01/gps-maser/+1.953281e-07
2026.271.00:19:01/gps-fmout/+2.574205e-07
2026.271.00:19:01/gps-maser/+1.956512e-07
2026.271.00:20:01/gps-fmout/+2.576667e-07
2026.271.00:20:01/gps-maser/+1.971528e-07
2026.271.00:21:01/gps-fmout/+2.567576e-07
2026.271.00:21:01/gps-maser/+1.966692e-07
2026.271.00:22:01/gps-fmout/+2.561581e-07
2026.271.00:22:01/gps-maser/+1.951868e-07
2026.271.00:23:01/gps-fmout/+2.599217e-07
2026.271.00:23:01/gps-maser/+1.990426e-07
2026.271.00:24:01/gps-fmout/+2.585555e-07
2026.271.00:24:01/gps-maser/+1.982712e-07
2026.271.00:25:01/gps-fmout/+2.562368e-07
2026.271.00:25:01/gps-maser/+1.955959e-07
2026.271.00:26:01/gps-fmout/+2.529032e-07
2026.271.00:26:01/gps-maser/+1.925650e-07
2026.271.00:27:01/gps-fmout/+2.528554e-07
2026.271.00:27:01/gps-maser/+1.915357e-07
2026.271.00:28:01/gps-fmout/+2.517879e-07
2026.271.00:28:01/gps-maser/+1.889249e-07
2026.271.00:29:01/gps-fmout/+2.499697e-07
2026.271.00:29:01/gps-maser/+1.881833e-07
2026.271.00:30:01/gps-fmout/+2.474363e-07
2026.271.00:30:01/gps-maser/+1.853563e-07
2026.271.00:31:01/gps-fmout/+2.449726e-07
2026.271.00:31:01/gps-maser/+1.827831e-07
2026.271.00:32:01/gps-fmout/+2.452613e-07
2026.271.00:32:01/gps-maser/+1.826139e-07
2026.271.00:33:01/gps-fmout/+2.420706e-07
2026.271.00:33:01/gps-maser/+1.809822e-07
2026.271.00:34:01/gps-fmout/+2.439153e-07
2026.271.00:34:01/gps-maser/+1.819504e-07
2026.271.00:35:01/gps-fmout/+2.429862e-07
2026.271.00:35:01/gps-maser/+1.807521e-07
2026.271.00:36:01/gps-fmout/+2.426677e-07
2026.271.00:36:01/gps-maser/+1.820488e-07
2026.271.00:37:01/gps-fmout/+2.425992e-07
2026.271.00:37:01/gps-maser/+1.838355e-07
2026.271.00:38:01/gps-fmout/+2.446344e-07
2026.271.00:38:01/gps-maser/+1.829865e-07
2026.271.00:39:01/gps-fmout/+2.417792e-07
2026.271.00:39:01/gps-maser/+1.828752e-07
2026.271.00:40:01/gps-fmout/+2.410258e-07
2026.271.00:40:01/gps-maser/+1.813065e-07
2026.271.00:41:01/gps-fmout/+2.451393e-07
2026.271.00:41:01/gps-maser/+1.825356e-07
2026.271.00:42:01/gps-fmout/+2.460889e-07
2026.271.00:42:01/gps-maser/+1.846818e-07
2026.271.00:43:01/gps-fmout/+2.458220e-07
2026.271.00:43:01/gps-maser/+1.837727e-07
2026.271.00:44:01/gps-fmout/+2.450810e-07
2026.271.00:44:01/gps-maser/+1.830318e-07
2026.271.00:45:01/gps-fmout/+2.468814e-07
2026.271.00:45:01/gps-maser/+1.849091e-07
2026.271.00:46:01/gps-fmout/+2.443567e-07
2026.271.00:46:01/gps-maser/+1.829782e-07
2026.271.00:47:01/gps-fmout/+2.440000e-07
2026.271.00:47:01/gps-maser/+1.818527e-07
2026.271.00:48:01/gps-fmout/+2.440000e-07
2026.271.00:48:01/gps-maser/+1.820000e-07
2026.271.00:49:01/gps-fmout/+2.435956e-07
2026.271.00:49:01/gps-maser/+1.819331e-07
2026.271.00:50:01/gps-fmout/+2.400598e-07
2026.271.00:50:01/gps-maser/+1.809462e-07
2026.271.00:51:01/gps-fmout/+2.420039e-07
2026.271.00:51:01/gps-maser/+1.825750e-07
2026.271.00:52:01/gps-fmout/+2.424435e-07
2026.271.00:52:01/gps-maser/+1.836843e-07
2026.271.00:53:01/gps-fmout/+2.425407e-07
2026.271.00:53:01/gps-maser/+1.829655e-07
2026.271.00:54:01/gps-fmout/+2.409065e-07
2026.271.00:54:01/gps-maser/+1.824364e-07
2026.271.00:55:01/gps-fmout/+2.408403e-07
2026.271.00:55:01/gps-maser/+1.790158e-07
2026.271.00:56:01/gps-fmout/+2.391054e-07
2026.271.00:56:01/gps-maser/+1.809391e-07
2026.271.00:57:01/gps-fmout/+2.410848e-07
2026.271.00:57:01/gps-maser/+1.800000e-07
2026.271.00:58:01/gps-fmout/+2.397633e-07
2026.271.00:58:01/gps-maser/+1.799579e-07
2026.271.00:59:01/gps-fmout/+2.405758e-07
2026.271.00:59:01/gps-maser/+1.802006e-07
2026.271.01:00:01/gps-fmout/+2.423939e-07
2026.271.01:00:01/gps-maser/+1.811818e-07
2026.271.01:01:01/gps-fmout/+2.441942e-07
2026.271.01:01:01/gps-maser/+1.821946e-07
2026.271.01:02:01/gps-fmout/+2.450097e-07
2026.271.01:02:01/gps-maser/+1.855000e-07
2026.271.01:03:01/gps-fmout/+2.441552e-07
2026.271.01:03:01/gps-maser/+1.855909e-07
2026.271.01:04:01/gps-fmout/+2.432296e-07
2026.271.01:04:01/gps-maser/+1.846818e-07
2026.271.01:05:01/gps-fmout/+2.440853e-07
2026.271.01:05:01/gps-maser/+1.837528e-07
2026.271.01:06:01/gps-fmout/+2.438229e-07
2026.271.01:06:01/gps-maser/+1.829491e-07
2026.271.01:07:01/gps-fmout/+2.419618e-07
2026.271.01:07:01/gps-maser/+1.830019e-07
2026.271.01:08:01/gps-fmout/+2.410317e-07
2026.271.01:08:01/gps-maser/+1.826131e-07
2026.271.01:09:01/gps-fmout/+2.396212e-07
2026.271.01:09:01/gps-maser/+1.816364e-07
2026.271.01:10:01/gps-fmout/+2.387121e-07
2026.271.01:10:01/gps-maser/+1.803982e-07
2026.271.01:11:01/gps-fmout/+2.378030e-07
2026.271.01:11:01/gps-maser/+1.777479e-07
2026.271.01:12:01/gps-fmout/+2.370545e-07
2026.271.01:12:01/gps-maser/+1.768344e-07
2026.271.01:13:01/gps-fmout/+2.374985e-07
2026.271.01:13:01/gps-maser/+1.764375e-07
2026.271.01:14:01/gps-fmout/+2.369956e-07
2026.271.01:14:01/gps-maser/+1.770000e-07
2026.271.01:15:01/gps-fmout/+2.364667e-07
2026.271.01:15:01/gps-maser/+1.770000e-07
2026.271.01:16:01/gps-fmout/+2.350284e-07
2026.271.01:16:01/gps-maser/+1.767827e-07
2026.271.01:17:01/gps-fmout/+2.358925e-07
2026.271.01:17:01/gps-maser/+1.749485e-07
2026.271.01:18:01/gps-fmout/+2.341289e-07
2026.271.01:18:01/gps-maser/+1.759199e-07
2026.271.01:19:01/gps-fmout/+2.359978e-07
2026.271.01:19:01/gps-maser/+1.744223e-07
2026.271.01:20:01/gps-fmout/+2.353788e-07
2026.271.01:20:01/gps-maser/+1.750000e-07
2026.271.01:21:01/gps-fmout/+2.362879e-07
2026.271.01:21:01/gps-maser/+1.753940e-07
2026.271.01:22:01/gps-fmout/+2.371970e-07
2026.271.01:22:01/gps-maser/+1.769967e-07
2026.271.01:23:01/gps-fmout/+2.380509e-07
2026.271.01:23:01/gps-maser/+1.761079e-07
2026.271.01:24:01/gps-fmout/+2.370085e-07
2026.271.01:24:01/gps-maser/+1.765000e-07
2026.271.01:25:01/gps-fmout/+2.380553e-07
2026.271.01:25:01/gps-maser/+1.770986e-07
2026.271.01:26:01/gps-fmout/+2.380000e-07
2026.271.01:26:01/gps-maser/+1.787568e-07
2026.271.01:27:01/gps-fmout/+2.407273e-07
2026.271.01:27:01/gps-maser/+1.786132e-07
2026.271.01:28:01/gps-fmout/+2.432458e-07
2026.271.01:28:01/gps-maser/+1.812727e-07
2026.271.01:29:01/gps-fmout/+2.421673e-07
2026.271.01:29:01/gps-maser/+1.830909e-07
2026.271.01:30:01/gps-fmout/+2.431841e-07
2026.271.01:30:01/gps-maser/+1.840188e-07
2026.271.01:31:01/gps-fmout/+2.413461e-07
2026.271.01:31:01/gps-maser/+1.819189e-07
2026.271.01:32:01/gps-fmout/+2.417843e-07
2026.271.01:32:01/gps-maser/+1.806341e-07
2026.271.01:33:01/gps-fmout/+2.414673e-07
2026.271.01:33:01/gps-maser/+1.840000e-07
2026.271.01:34:01/gps-fmout/+2.448385e-07
2026.271.01:34:01/gps-maser/+1.840068e-07
2026.271.01:35:01/gps-fmout/+2.434247e-07
2026.271.01:35:01/gps-maser/+1.835625e-07
2026.271.01:36:01/gps-fmout/+2.429477e-07
2026.271.01:36:01/gps-maser/+1.825909e-07
2026.271.01:37:01/gps-fmout/+2.424716e-07
2026.271.01:37:01/gps-maser/+1.814540e-07
2026.271.01:38:01/gps-fmout/+2.412326e-07
2026.271.01:38:01/gps-maser/+1.803159e-07
2026.271.01:39:01/gps-fmout/+2.428201e-07
2026.271.01:39:01/gps-maser/+1.827273e-07
2026.271.01:40:01/gps-fmout/+2.409642e-07
2026.271.01:40:01/gps-maser/+1.809091e-07
2026.271.01:41:01/gps-fmout/+2.396261e-07
2026.271.01:41:01/gps-maser/+1.782269e-07
2026.271.01:42:01/gps-fmout/+2.392489e-07
2026.271.01:42:01/gps-maser/+1.769749e-07
2026.271.01:43:01/gps-fmout/+2.415009e-07
2026.271.01:43:01/gps-maser/+1.795627e-07
2026.271.01:44:01/gps-fmout/+2.400000e-07
2026.271.01:44:01/gps-maser/+1.778756e-07
2026.271.01:45:01/gps-fmout/+2.400000e-07
2026.271.01:45:01/gps-maser/+1.782460e-07
2026.271.01:46:01/gps-fmout/+2.399979e-07
2026.271.01:46:01/gps-maser/+1.790667e-07
2026.271.01:47:01/gps-fmout/+2.385807e-07
2026.271.01:47:01/gps-maser/+1.776026e-07
2026.271.01:48:01/gps-fmout/+2.373704e-07
2026.271.01:48:01/gps-maser/+1.758752e-07
2026.271.01:49:01/gps-fmout/+2.356969e-07
2026.271.01:49:01/gps-maser/+1.728324e-07
2026.271.01:50:01/gps-fmout/+2.347583e-07
2026.271.01:50:01/gps-maser/+1.731214e-07
2026.271.01:51:01/gps-fmout/+2.330067e-07
2026.271.01:51:01/gps-maser/+1.740265e-07
2026.271.01:52:01/gps-fmout/+2.339748e-07
2026.271.01:52:01/gps-maser/+1.731270e-07
2026.271.01:53:01/gps-fmout/+2.344192e-07
2026.271.01:53:01/gps-maser/+1.725181e-07
2026.271.01:54:01/gps-fmout/+2.350000e-07
2026.271.01:54:01/gps-maser/+1.737505e-07
2026.271.01:55:01/gps-fmout/+2.350000e-07
2026.271.01:55:01/gps-maser/+1.733636e-07
2026.271.01:56:01/gps-fmout/+2.353241e-07
2026.271.01:56:01/gps-maser/+1.751818e-07
2026.271.01:57:01/gps-fmout/+2.374972e-07
2026.271.01:57:01/gps-maser/+1.760833e-07
2026.271.01:58:01/gps-fmout/+2.379551e-07
2026.271.01:58:01/gps-maser/+1.767724e-07
2026.271.01:59:01/gps-fmout/+2.387037e-07
2026.271.01:59:01/gps-maser/+1.784612e-07
2026.271.02:00:01/gps-fmout/+2.380000e-07
2026.271.02:00:01/gps-maser/+1.789184e-07
2026.271.02:01:01/gps-fmout/+2.380000e-07
2026.271.02:01:01/gps-maser/+1.777795e-07
2026.271.02:02:01/gps-fmout/+2.380319e-07
2026.271.02:02:01/gps-maser/+1.760224e-07
2026.271.02:03:01/gps-fmout/+2.395430e-07
2026.271.02:03:01/gps-maser/+1.784449e-07
2026.271.02:04:01/gps-fmout/+2.399759e-07
2026.271.02:04:01/gps-maser/+1.797525e-07
2026.271.02:05:01/gps-fmout/+2.406699e-07
2026.271.02:05:01/gps-maser/+1.811082e-07
2026.271.02:06:01/gps-fmout/+2.434914e-07
2026.271.02:06:01/gps-maser/+1.811548e-07
2026.271.02:07:01/gps-fmout/+2.450361e-07
2026.271.02:07:01/gps-maser/+1.820237e-07
2026.271.02:08:01/gps-fmout/+2.430068e-07
2026.271.02:08:01/gps-maser/+1.824125e-07
2026.271.02:09:01/gps-fmout/+2.435610e-07
2026.271.02:09:01/gps-maser/+1.838028e-07
2026.271.02:10:01/gps-fmout/+2.433086e-07
2026.271.02:10:01/gps-maser/+1.846693e-07
2026.271.02:11:01/gps-fmout/+2.440390e-07
2026.271.02:11:01/gps-maser/+1.831315e-07
2026.271.02:12:01/gps-fmout/+2.441580e-07
2026.271.02:12:01/gps-maser/+1.839814e-07
2026.271.02:13:01/gps-fmout/+2.447576e-07
2026.271.02:13:01/gps-maser/+1.828783e-07
2026.271.02:14:01/gps-fmout/+2.411212e-07
2026.271.02:14:01/gps-maser/+1.810000e-07
2026.271.02:15:01/gps-fmout/+2.391825e-07
2026.271.02:15:01/gps-maser/+1.810000e-07
2026.271.02:16:01/gps-fmout/+2.426672e-07
2026.271.02:16:01/gps-maser/+1.811393e-07
2026.271.02:17:01/gps-fmout/+2.441395e-07
2026.271.02:17:01/gps-maser/+1.820838e-07
2026.271.02:18:01/gps-fmout/+2.439347e-07
2026.271.02:18:01/gps-maser/+1.821980e-07
2026.271.02:19:01/gps-fmout/+2.430023e-07
2026.271.02:19:01/gps-maser/+1.825875e-07
2026.271.02:20:01/gps-fmout/+2.441954e-07
2026.271.02:20:01/gps-maser/+1.813860e-07
2026.271.02:21:01/gps-fmout/+2.432889e-07
2026.271.02:21:01/gps-maser/+1.813784e-07
2026.271.02:22:01/gps-fmout/+2.422424e-07
2026.271.02:22:01/gps-maser/+1.803508e-07
2026.271.02:23:01/gps-fmout/+2.431515e-07
2026.271.02:23:01/gps-maser/+1.821514e-07
2026.271.02:24:01/gps-fmout/+2.440160e-07
2026.271.02:24:01/gps-maser/+1.830696e-07
2026.271.02:25:01/gps-fmout/+2.423765e-07
2026.271.02:25:01/gps-maser/+1.840789e-07
2026.271.02:26:01/gps-fmout/+2.426292e-07
2026.271.02:26:01/gps-maser/+1.843321e-07
2026.271.02:27:01/gps-fmout/+2.437862e-07
2026.271.02:27:01/gps-maser/+1.849707e-07
2026.271.02:28:01/gps-fmout/+2.429617e-07
2026.271.02:28:01/gps-maser/+1.834869e-07
2026.271.02:29:01/gps-fmout/+2.428460e-07
2026.271.02:29:01/gps-maser/+1.802135e-07
2026.271.02:30:01/gps-fmout/+2.429975e-07
2026.271.02:30:01/gps-maser/+1.829432e-07
2026.271.02:31:01/gps-fmout/+2.444242e-07
2026.271.02:31:01/gps-maser/+1.834091e-07
2026.271.02:32:01/gps-fmout/+2.453333e-07
2026.271.02:32:01/gps-maser/+1.843182e-07
2026.271.02:33:01/gps-fmout/+2.457545e-07
2026.271.02:33:01/gps-maser/+1.848568e-07
2026.271.02:34:01/gps-fmout/+2.443030e-07
2026.271.02:34:01/gps-maser/+1.830916e-07
2026.271.02:35:01/gps-fmout/+2.461212e-07
2026.271.02:35:01/gps-maser/+1.851609e-07
2026.271.02:36:01/gps-fmout/+2.479394e-07
2026.271.02:36:01/gps-maser/+1.874545e-07
2026.271.02:37:01/gps-fmout/+2.492032e-07
2026.271.02:37:01/gps-maser/+1.883636e-07
2026.271.02:38:01/gps-fmout/+2.494888e-07
2026.271.02:38:01/gps-maser/+1.892727e-07
2026.271.02:39:01/gps-fmout/+2.510855e-07
2026.271.02:39:01/gps-maser/+1.902690e-07
2026.271.02:40:01/gps-fmout/+2.511771e-07
2026.271.02:40:01/gps-maser/+1.918827e-07
2026.271.02:41:01/gps-fmout/+2.527044e-07
2026.271.02:41:01/gps-maser/+1.905357e-07
2026.271.02:42:01/gps-fmout/+2.526749e-07
2026.271.02:42:01/gps-maser/+1.910000e-07
2026.271.02:43:01/gps-fmout/+2.519667e-07
2026.271.02:43:01/gps-maser/+1.910690e-07
2026.271.02:44:01/gps-fmout/+2.514522e-07
2026.271.02:44:01/gps-maser/+1.906812e-07
2026.271.02:45:01/gps-fmout/+2.490000e-07
2026.271.02:45:01/gps-maser/+1.887273e-07
2026.271.02:46:01/gps-fmout/+2.490000e-07
2026.271.02:46:01/gps-maser/+1.869211e-07
2026.271.02:47:01/gps-fmout/+2.492791e-07
2026.271.02:47:01/gps-maser/+1.878640e-07
2026.271.02:48:01/gps-fmout/+2.507291e-07
2026.271.02:48:01/gps-maser/+1.890505e-07
2026.271.02:49:01/gps-fmout/+2.523412e-07
2026.271.02:49:01/gps-maser/+1.896829e-07
2026.271.02:50:01/gps-fmout/+2.533300e-07
2026.271.02:50:01/gps-maser/+1.922607e-07
2026.271.02:51:01/gps-fmout/+2.551055e-07
2026.271.02:51:01/gps-maser/+1.930270e-07
