2026.118.00:21:00;APEX Database GPS vs Devices offset for e26a28
2026.118.00:21:00;The format is gps-fmout/[seconds] and gps-maser/[seconds]
2026.118.00:22:00/gps-fmout/+1.065789e-01
2026.118.00:22:00/gps-maser/+1.065790e-01
2026.118.00:23:00/gps-fmout/+1.065789e-01
2026.118.00:23:00/gps-maser/+1.065790e-01
2026.118.00:24:00/gps-fmout/+1.065789e-01
2026.118.00:24:00/gps-maser/+1.065790e-01
2026.118.00:25:00/gps-fmout/+1.065789e-01
2026.118.00:25:00/gps-maser/+1.065790e-01
2026.118.00:26:00/gps-fmout/+1.065789e-01
2026.118.00:26:00/gps-maser/+1.065790e-01
2026.118.00:27:00/gps-fmout/+1.065789e-01
2026.118.00:27:00/gps-maser/+1.065790e-01
2026.118.00:28:00/gps-fmout/+1.065789e-01
2026.118.00:28:00/gps-maser/+1.065790e-01
2026.118.00:29:00/gps-fmout/+1.065789e-01
2026.118.00:29:00/gps-maser/+1.065790e-01
2026.118.00:30:00/gps-fmout/+1.065789e-01
2026.118.00:30:00/gps-maser/+1.065790e-01
2026.118.00:31:00/gps-fmout/+1.065789e-01
2026.118.00:31:00/gps-maser/+1.065790e-01
2026.118.00:32:00/gps-fmout/+1.065789e-01
2026.118.00:32:00/gps-maser/+1.065790e-01
2026.118.00:33:00/gps-fmout/+1.065789e-01
2026.118.00:33:00/gps-maser/+1.065790e-01
2026.118.00:34:00/gps-fmout/+1.065789e-01
2026.118.00:34:00/gps-maser/+1.065790e-01
2026.118.00:35:00/gps-fmout/+1.065789e-01
2026.118.00:35:00/gps-maser/+1.065790e-01
2026.118.00:36:00/gps-fmout/+1.065789e-01
2026.118.00:36:00/gps-maser/+1.065790e-01
2026.118.00:37:00/gps-fmout/+1.065789e-01
2026.118.00:37:00/gps-maser/+1.065790e-01
2026.118.00:38:00/gps-fmout/+1.065789e-01
2026.118.00:38:00/gps-maser/+1.065790e-01
2026.118.00:39:00/gps-fmout/+1.065789e-01
2026.118.00:39:00/gps-maser/+1.065790e-01
2026.118.00:40:00/gps-fmout/+1.065789e-01
2026.118.00:40:00/gps-maser/+1.065790e-01
2026.118.00:41:00/gps-fmout/+1.065789e-01
2026.118.00:41:00/gps-maser/+1.065790e-01
2026.118.00:42:00/gps-fmout/+1.065789e-01
2026.118.00:42:00/gps-maser/+1.065790e-01
2026.118.00:43:00/gps-fmout/+1.065789e-01
2026.118.00:43:00/gps-maser/+1.065790e-01
2026.118.00:44:00/gps-fmout/+1.065789e-01
2026.118.00:44:00/gps-maser/+1.065790e-01
2026.118.00:45:00/gps-fmout/+1.065789e-01
2026.118.00:45:00/gps-maser/+1.065790e-01
2026.118.00:46:00/gps-fmout/+1.065789e-01
2026.118.00:46:00/gps-maser/+1.065790e-01
2026.118.00:47:00/gps-fmout/+1.065789e-01
2026.118.00:47:00/gps-maser/+1.065790e-01
2026.118.00:48:00/gps-fmout/+1.065789e-01
2026.118.00:48:00/gps-maser/+1.065790e-01
2026.118.00:49:00/gps-fmout/+1.065789e-01
2026.118.00:49:00/gps-maser/+1.065790e-01
2026.118.00:50:00/gps-fmout/+1.065789e-01
2026.118.00:50:00/gps-maser/+1.065790e-01
2026.118.00:51:00/gps-fmout/+1.065789e-01
2026.118.00:51:00/gps-maser/+1.065790e-01
2026.118.00:52:00/gps-fmout/+1.065789e-01
2026.118.00:52:00/gps-maser/+1.065790e-01
2026.118.00:53:00/gps-fmout/+1.065789e-01
2026.118.00:53:00/gps-maser/+1.065790e-01
2026.118.00:54:00/gps-fmout/+1.065789e-01
2026.118.00:54:00/gps-maser/+1.065790e-01
2026.118.00:55:00/gps-fmout/+1.065789e-01
2026.118.00:55:00/gps-maser/+1.065790e-01
2026.118.00:56:00/gps-fmout/+1.065789e-01
2026.118.00:56:00/gps-maser/+1.065790e-01
2026.118.00:57:00/gps-fmout/+1.065789e-01
2026.118.00:57:00/gps-maser/+1.065790e-01
2026.118.00:58:00/gps-fmout/+1.065789e-01
2026.118.00:58:00/gps-maser/+1.065790e-01
2026.118.00:59:00/gps-fmout/+1.065789e-01
2026.118.00:59:00/gps-maser/+1.065790e-01
2026.118.01:00:00/gps-fmout/+1.065789e-01
2026.118.01:00:00/gps-maser/+1.065790e-01
2026.118.01:01:00/gps-fmout/+1.065789e-01
2026.118.01:01:00/gps-maser/+1.065790e-01
2026.118.01:02:00/gps-fmout/+1.065789e-01
2026.118.01:02:00/gps-maser/+1.065790e-01
2026.118.01:03:00/gps-fmout/+1.065789e-01
2026.118.01:03:00/gps-maser/+1.065790e-01
2026.118.01:04:00/gps-fmout/+1.065789e-01
2026.118.01:04:00/gps-maser/+1.065790e-01
2026.118.01:05:00/gps-fmout/+1.065789e-01
2026.118.01:05:00/gps-maser/+1.065790e-01
2026.118.01:06:00/gps-fmout/+1.065789e-01
2026.118.01:06:00/gps-maser/+1.065790e-01
2026.118.01:07:00/gps-fmout/+1.065789e-01
2026.118.01:07:00/gps-maser/+1.065790e-01
2026.118.01:08:00/gps-fmout/+1.065789e-01
2026.118.01:08:00/gps-maser/+1.065790e-01
2026.118.01:09:00/gps-fmout/+1.065789e-01
2026.118.01:09:00/gps-maser/+1.065790e-01
2026.118.01:10:00/gps-fmout/+1.065789e-01
2026.118.01:10:00/gps-maser/+1.065790e-01
2026.118.01:11:00/gps-fmout/+1.065789e-01
2026.118.01:11:00/gps-maser/+1.065790e-01
2026.118.01:12:00/gps-fmout/+1.065789e-01
2026.118.01:12:00/gps-maser/+1.065790e-01
2026.118.01:13:00/gps-fmout/+1.065789e-01
2026.118.01:13:00/gps-maser/+1.065790e-01
2026.118.01:14:00/gps-fmout/+1.065789e-01
2026.118.01:14:00/gps-maser/+1.065790e-01
2026.118.01:15:00/gps-fmout/+1.065789e-01
2026.118.01:15:00/gps-maser/+1.065790e-01
2026.118.01:16:00/gps-fmout/+1.065789e-01
2026.118.01:16:00/gps-maser/+1.065790e-01
2026.118.01:17:00/gps-fmout/+1.065789e-01
2026.118.01:17:00/gps-maser/+1.065790e-01
2026.118.01:18:00/gps-fmout/+1.065789e-01
2026.118.01:18:00/gps-maser/+1.065790e-01
2026.118.01:19:00/gps-fmout/+1.065789e-01
2026.118.01:19:00/gps-maser/+1.065790e-01
2026.118.01:20:00/gps-fmout/+1.065789e-01
2026.118.01:20:00/gps-maser/+1.065790e-01
2026.118.01:21:00/gps-fmout/+1.065789e-01
2026.118.01:21:00/gps-maser/+1.065790e-01
2026.118.01:22:00/gps-fmout/+1.065789e-01
2026.118.01:22:00/gps-maser/+1.065790e-01
2026.118.01:23:00/gps-fmout/+1.065789e-01
2026.118.01:23:00/gps-maser/+1.065790e-01
2026.118.01:24:00/gps-fmout/+1.065789e-01
2026.118.01:24:00/gps-maser/+1.065790e-01
2026.118.01:25:00/gps-fmout/+1.065789e-01
2026.118.01:25:00/gps-maser/+1.065790e-01
2026.118.01:26:00/gps-fmout/+1.065789e-01
2026.118.01:26:00/gps-maser/+1.065790e-01
2026.118.01:27:00/gps-fmout/+1.065789e-01
2026.118.01:27:00/gps-maser/+1.065790e-01
2026.118.01:28:00/gps-fmout/+1.065789e-01
2026.118.01:28:00/gps-maser/+1.065790e-01
2026.118.01:29:00/gps-fmout/+1.065789e-01
2026.118.01:29:00/gps-maser/+1.065790e-01
2026.118.01:30:00/gps-fmout/+1.065789e-01
2026.118.01:30:00/gps-maser/+1.065790e-01
2026.118.01:31:00/gps-fmout/+1.065789e-01
2026.118.01:31:00/gps-maser/+1.065790e-01
2026.118.01:32:00/gps-fmout/+1.065789e-01
2026.118.01:32:00/gps-maser/+1.065790e-01
2026.118.01:33:00/gps-fmout/+1.065789e-01
2026.118.01:33:00/gps-maser/+1.065790e-01
2026.118.01:34:00/gps-fmout/+1.065789e-01
2026.118.01:34:00/gps-maser/+1.065790e-01
2026.118.01:35:00/gps-fmout/+1.065789e-01
2026.118.01:35:00/gps-maser/+1.065790e-01
2026.118.01:36:00/gps-fmout/+1.065789e-01
2026.118.01:36:00/gps-maser/+1.065790e-01
2026.118.01:37:00/gps-fmout/+1.065789e-01
2026.118.01:37:00/gps-maser/+1.065790e-01
2026.118.01:38:00/gps-fmout/+1.065789e-01
2026.118.01:38:00/gps-maser/+1.065790e-01
2026.118.01:39:00/gps-fmout/+1.065789e-01
2026.118.01:39:00/gps-maser/+1.065790e-01
2026.118.01:40:00/gps-fmout/+1.065789e-01
2026.118.01:40:00/gps-maser/+1.065790e-01
2026.118.01:41:00/gps-fmout/+1.065789e-01
2026.118.01:41:00/gps-maser/+1.065790e-01
2026.118.01:42:00/gps-fmout/+1.065789e-01
2026.118.01:42:00/gps-maser/+1.065790e-01
2026.118.01:43:00/gps-fmout/+1.065789e-01
2026.118.01:43:00/gps-maser/+1.065790e-01
2026.118.01:44:00/gps-fmout/+1.065789e-01
2026.118.01:44:00/gps-maser/+1.065790e-01
2026.118.01:45:00/gps-fmout/+1.065789e-01
2026.118.01:45:00/gps-maser/+1.065790e-01
2026.118.01:46:00/gps-fmout/+1.065789e-01
2026.118.01:46:00/gps-maser/+1.065790e-01
2026.118.01:47:00/gps-fmout/+1.065789e-01
2026.118.01:47:00/gps-maser/+1.065790e-01
2026.118.01:48:00/gps-fmout/+1.065789e-01
2026.118.01:48:00/gps-maser/+1.065790e-01
2026.118.01:49:00/gps-fmout/+1.065789e-01
2026.118.01:49:00/gps-maser/+1.065790e-01
2026.118.01:50:00/gps-fmout/+1.065789e-01
2026.118.01:50:00/gps-maser/+1.065790e-01
2026.118.01:51:00/gps-fmout/+1.065789e-01
2026.118.01:51:00/gps-maser/+1.065790e-01
2026.118.01:52:00/gps-fmout/+1.065789e-01
2026.118.01:52:00/gps-maser/+1.065790e-01
2026.118.01:53:00/gps-fmout/+1.065789e-01
2026.118.01:53:00/gps-maser/+1.065790e-01
2026.118.01:54:00/gps-fmout/+1.065789e-01
2026.118.01:54:00/gps-maser/+1.065790e-01
2026.118.01:55:00/gps-fmout/+1.065789e-01
2026.118.01:55:00/gps-maser/+1.065790e-01
2026.118.01:56:00/gps-fmout/+1.065789e-01
2026.118.01:56:00/gps-maser/+1.065790e-01
2026.118.01:57:00/gps-fmout/+1.065789e-01
2026.118.01:57:00/gps-maser/+1.065790e-01
2026.118.01:58:00/gps-fmout/+1.065789e-01
2026.118.01:58:00/gps-maser/+1.065790e-01
2026.118.01:59:00/gps-fmout/+1.065789e-01
2026.118.01:59:00/gps-maser/+1.065790e-01
2026.118.02:00:00/gps-fmout/+1.065789e-01
2026.118.02:00:00/gps-maser/+1.065790e-01
2026.118.02:01:00/gps-fmout/+1.065789e-01
2026.118.02:01:00/gps-maser/+1.065790e-01
2026.118.02:02:00/gps-fmout/+1.065789e-01
2026.118.02:02:00/gps-maser/+1.065790e-01
2026.118.02:03:00/gps-fmout/+1.065789e-01
2026.118.02:03:00/gps-maser/+1.065790e-01
2026.118.02:04:00/gps-fmout/+1.065789e-01
2026.118.02:04:00/gps-maser/+1.065790e-01
2026.118.02:05:00/gps-fmout/+1.065789e-01
2026.118.02:05:00/gps-maser/+1.065790e-01
2026.118.02:06:00/gps-fmout/+1.065789e-01
2026.118.02:06:00/gps-maser/+1.065790e-01
2026.118.02:07:00/gps-fmout/+1.065790e-01
2026.118.02:07:00/gps-maser/+1.065790e-01
2026.118.02:08:00/gps-fmout/+1.065790e-01
2026.118.02:08:00/gps-maser/+1.065790e-01
2026.118.02:09:00/gps-fmout/+1.065790e-01
2026.118.02:09:00/gps-maser/+1.065790e-01
2026.118.02:10:00/gps-fmout/+1.065790e-01
2026.118.02:10:00/gps-maser/+1.065790e-01
2026.118.02:11:00/gps-fmout/+1.065790e-01
2026.118.02:11:00/gps-maser/+1.065790e-01
2026.118.02:12:00/gps-fmout/+1.065790e-01
2026.118.02:12:00/gps-maser/+1.065790e-01
2026.118.02:13:00/gps-fmout/+1.065790e-01
2026.118.02:13:00/gps-maser/+1.065790e-01
2026.118.02:14:00/gps-fmout/+1.065790e-01
2026.118.02:14:00/gps-maser/+1.065790e-01
2026.118.02:15:00/gps-fmout/+1.065790e-01
2026.118.02:15:00/gps-maser/+1.065790e-01
2026.118.02:16:00/gps-fmout/+1.065790e-01
2026.118.02:16:00/gps-maser/+1.065790e-01
2026.118.02:17:00/gps-fmout/+1.065790e-01
2026.118.02:17:00/gps-maser/+1.065790e-01
2026.118.02:18:00/gps-fmout/+1.065789e-01
2026.118.02:18:00/gps-maser/+1.065790e-01
2026.118.02:19:00/gps-fmout/+1.065789e-01
2026.118.02:19:00/gps-maser/+1.065790e-01
2026.118.02:20:00/gps-fmout/+1.065789e-01
2026.118.02:20:00/gps-maser/+1.065790e-01
2026.118.02:21:00/gps-fmout/+1.065789e-01
2026.118.02:21:00/gps-maser/+1.065790e-01
2026.118.02:22:00/gps-fmout/+1.065789e-01
2026.118.02:22:00/gps-maser/+1.065790e-01
2026.118.02:23:00/gps-fmout/+1.065789e-01
2026.118.02:23:00/gps-maser/+1.065790e-01
2026.118.02:24:00/gps-fmout/+1.065789e-01
2026.118.02:24:00/gps-maser/+1.065790e-01
2026.118.02:25:00/gps-fmout/+1.065789e-01
2026.118.02:25:00/gps-maser/+1.065790e-01
2026.118.02:26:00/gps-fmout/+1.065789e-01
2026.118.02:26:00/gps-maser/+1.065790e-01
2026.118.02:27:00/gps-fmout/+1.065789e-01
2026.118.02:27:00/gps-maser/+1.065790e-01
2026.118.02:28:00/gps-fmout/+1.065789e-01
2026.118.02:28:00/gps-maser/+1.065790e-01
2026.118.02:29:00/gps-fmout/+1.065789e-01
2026.118.02:29:00/gps-maser/+1.065790e-01
2026.118.02:30:00/gps-fmout/+1.065789e-01
2026.118.02:30:00/gps-maser/+1.065790e-01
2026.118.02:31:00/gps-fmout/+1.065789e-01
2026.118.02:31:00/gps-maser/+1.065790e-01
2026.118.02:32:00/gps-fmout/+1.065789e-01
2026.118.02:32:00/gps-maser/+1.065790e-01
2026.118.02:33:00/gps-fmout/+1.065789e-01
2026.118.02:33:00/gps-maser/+1.065790e-01
2026.118.02:34:00/gps-fmout/+1.065789e-01
2026.118.02:34:00/gps-maser/+1.065790e-01
2026.118.02:35:00/gps-fmout/+1.065789e-01
2026.118.02:35:00/gps-maser/+1.065790e-01
2026.118.02:36:00/gps-fmout/+1.065789e-01
2026.118.02:36:00/gps-maser/+1.065790e-01
2026.118.02:37:00/gps-fmout/+1.065789e-01
2026.118.02:37:00/gps-maser/+1.065790e-01
2026.118.02:38:00/gps-fmout/+1.065789e-01
2026.118.02:38:00/gps-maser/+1.065790e-01
2026.118.02:39:00/gps-fmout/+1.065789e-01
2026.118.02:39:00/gps-maser/+1.065790e-01
2026.118.02:40:00/gps-fmout/+1.065789e-01
2026.118.02:40:00/gps-maser/+1.065790e-01
2026.118.02:41:00/gps-fmout/+1.065789e-01
2026.118.02:41:00/gps-maser/+1.065790e-01
2026.118.02:42:00/gps-fmout/+1.065789e-01
2026.118.02:42:00/gps-maser/+1.065790e-01
2026.118.02:43:00/gps-fmout/+1.065789e-01
2026.118.02:43:00/gps-maser/+1.065790e-01
2026.118.02:44:00/gps-fmout/+1.065789e-01
2026.118.02:44:00/gps-maser/+1.065790e-01
2026.118.02:45:00/gps-fmout/+1.065789e-01
2026.118.02:45:00/gps-maser/+1.065790e-01
2026.118.02:46:00/gps-fmout/+1.065789e-01
2026.118.02:46:00/gps-maser/+1.065790e-01
2026.118.02:47:00/gps-fmout/+1.065789e-01
2026.118.02:47:00/gps-maser/+1.065790e-01
2026.118.02:48:00/gps-fmout/+1.065789e-01
2026.118.02:48:00/gps-maser/+1.065790e-01
2026.118.02:49:00/gps-fmout/+1.065789e-01
2026.118.02:49:00/gps-maser/+1.065790e-01
2026.118.02:50:00/gps-fmout/+1.065789e-01
2026.118.02:50:00/gps-maser/+1.065790e-01
2026.118.02:51:00/gps-fmout/+1.065790e-01
2026.118.02:51:00/gps-maser/+1.065790e-01
2026.118.02:52:00/gps-fmout/+1.065790e-01
2026.118.02:52:00/gps-maser/+1.065790e-01
2026.118.02:53:00/gps-fmout/+1.065790e-01
2026.118.02:53:00/gps-maser/+1.065790e-01
2026.118.02:54:00/gps-fmout/+1.065790e-01
2026.118.02:54:00/gps-maser/+1.065790e-01
2026.118.02:55:00/gps-fmout/+1.065790e-01
2026.118.02:55:00/gps-maser/+1.065790e-01
2026.118.02:56:00/gps-fmout/+1.065790e-01
2026.118.02:56:00/gps-maser/+1.065790e-01
2026.118.02:57:00/gps-fmout/+1.065790e-01
2026.118.02:57:00/gps-maser/+1.065790e-01
2026.118.02:58:00/gps-fmout/+1.065790e-01
2026.118.02:58:00/gps-maser/+1.065790e-01
2026.118.02:59:00/gps-fmout/+1.065790e-01
2026.118.02:59:00/gps-maser/+1.065790e-01
2026.118.03:00:00/gps-fmout/+1.065790e-01
2026.118.03:00:00/gps-maser/+1.065790e-01
2026.118.03:01:00/gps-fmout/+1.065789e-01
2026.118.03:01:00/gps-maser/+1.065790e-01
2026.118.03:02:00/gps-fmout/+1.065789e-01
2026.118.03:02:00/gps-maser/+1.065790e-01
2026.118.03:03:00/gps-fmout/+1.065789e-01
2026.118.03:03:00/gps-maser/+1.065790e-01
2026.118.03:04:00/gps-fmout/+1.065789e-01
2026.118.03:04:00/gps-maser/+1.065790e-01
2026.118.03:05:00/gps-fmout/+1.065789e-01
2026.118.03:05:00/gps-maser/+1.065790e-01
2026.118.03:06:00/gps-fmout/+1.065789e-01
2026.118.03:06:00/gps-maser/+1.065790e-01
2026.118.03:07:00/gps-fmout/+1.065789e-01
2026.118.03:07:00/gps-maser/+1.065790e-01
2026.118.03:08:00/gps-fmout/+1.065790e-01
2026.118.03:08:00/gps-maser/+1.065790e-01
2026.118.03:09:00/gps-fmout/+1.065789e-01
2026.118.03:09:00/gps-maser/+1.065790e-01
2026.118.03:10:00/gps-fmout/+1.065789e-01
2026.118.03:10:00/gps-maser/+1.065790e-01
2026.118.03:11:00/gps-fmout/+1.065789e-01
2026.118.03:11:00/gps-maser/+1.065790e-01
2026.118.03:12:00/gps-fmout/+1.065790e-01
2026.118.03:12:00/gps-maser/+1.065790e-01
2026.118.03:13:00/gps-fmout/+1.065790e-01
2026.118.03:13:00/gps-maser/+1.065790e-01
2026.118.03:14:00/gps-fmout/+1.065790e-01
2026.118.03:14:00/gps-maser/+1.065790e-01
2026.118.03:15:00/gps-fmout/+1.065790e-01
2026.118.03:15:00/gps-maser/+1.065790e-01
2026.118.03:16:00/gps-fmout/+1.065790e-01
2026.118.03:16:00/gps-maser/+1.065790e-01
2026.118.03:17:00/gps-fmout/+1.065790e-01
2026.118.03:17:00/gps-maser/+1.065790e-01
2026.118.03:18:00/gps-fmout/+1.065790e-01
2026.118.03:18:00/gps-maser/+1.065790e-01
2026.118.03:19:00/gps-fmout/+1.065790e-01
2026.118.03:19:00/gps-maser/+1.065790e-01
2026.118.03:20:00/gps-fmout/+1.065790e-01
2026.118.03:20:00/gps-maser/+1.065790e-01
2026.118.03:21:00/gps-fmout/+1.065790e-01
2026.118.03:21:00/gps-maser/+1.065790e-01
2026.118.03:22:00/gps-fmout/+1.065790e-01
2026.118.03:22:00/gps-maser/+1.065790e-01
2026.118.03:23:00/gps-fmout/+1.065790e-01
2026.118.03:23:00/gps-maser/+1.065790e-01
2026.118.03:24:00/gps-fmout/+1.065790e-01
2026.118.03:24:00/gps-maser/+1.065790e-01
2026.118.03:25:00/gps-fmout/+1.065790e-01
2026.118.03:25:00/gps-maser/+1.065790e-01
2026.118.03:26:00/gps-fmout/+1.065790e-01
2026.118.03:26:00/gps-maser/+1.065790e-01
2026.118.03:27:00/gps-fmout/+1.065790e-01
2026.118.03:27:00/gps-maser/+1.065790e-01
2026.118.03:28:00/gps-fmout/+1.065790e-01
2026.118.03:28:00/gps-maser/+1.065790e-01
2026.118.03:29:00/gps-fmout/+1.065790e-01
2026.118.03:29:00/gps-maser/+1.065790e-01
2026.118.03:30:00/gps-fmout/+1.065790e-01
2026.118.03:30:00/gps-maser/+1.065790e-01
2026.118.03:31:00/gps-fmout/+1.065790e-01
2026.118.03:31:00/gps-maser/+1.065790e-01
2026.118.03:32:00/gps-fmout/+1.065790e-01
2026.118.03:32:00/gps-maser/+1.065790e-01
2026.118.03:33:00/gps-fmout/+1.065790e-01
2026.118.03:33:00/gps-maser/+1.065790e-01
2026.118.03:34:00/gps-fmout/+1.065790e-01
2026.118.03:34:00/gps-maser/+1.065790e-01
2026.118.03:35:00/gps-fmout/+1.065790e-01
2026.118.03:35:00/gps-maser/+1.065790e-01
2026.118.03:36:00/gps-fmout/+1.065790e-01
2026.118.03:36:00/gps-maser/+1.065790e-01
2026.118.03:37:00/gps-fmout/+1.065790e-01
2026.118.03:37:00/gps-maser/+1.065790e-01
2026.118.03:38:00/gps-fmout/+1.065790e-01
2026.118.03:38:00/gps-maser/+1.065790e-01
2026.118.03:39:00/gps-fmout/+1.065790e-01
2026.118.03:39:00/gps-maser/+1.065790e-01
2026.118.03:40:00/gps-fmout/+1.065790e-01
2026.118.03:40:00/gps-maser/+1.065790e-01
2026.118.03:41:00/gps-fmout/+1.065790e-01
2026.118.03:41:00/gps-maser/+1.065790e-01
2026.118.03:42:00/gps-fmout/+1.065790e-01
2026.118.03:42:00/gps-maser/+1.065790e-01
2026.118.03:43:00/gps-fmout/+1.065790e-01
2026.118.03:43:00/gps-maser/+1.065790e-01
2026.118.03:44:00/gps-fmout/+1.065790e-01
2026.118.03:44:00/gps-maser/+1.065790e-01
2026.118.03:45:00/gps-fmout/+1.065790e-01
2026.118.03:45:00/gps-maser/+1.065790e-01
2026.118.03:46:00/gps-fmout/+1.065790e-01
2026.118.03:46:00/gps-maser/+1.065790e-01
2026.118.03:47:00/gps-fmout/+1.065790e-01
2026.118.03:47:00/gps-maser/+1.065790e-01
2026.118.03:48:00/gps-fmout/+1.065790e-01
2026.118.03:48:00/gps-maser/+1.065790e-01
2026.118.03:49:00/gps-fmout/+1.065790e-01
2026.118.03:49:00/gps-maser/+1.065790e-01
2026.118.03:50:00/gps-fmout/+1.065790e-01
2026.118.03:50:00/gps-maser/+1.065790e-01
2026.118.03:51:00/gps-fmout/+1.065790e-01
2026.118.03:51:00/gps-maser/+1.065790e-01
2026.118.03:52:00/gps-fmout/+1.065790e-01
2026.118.03:52:00/gps-maser/+1.065790e-01
2026.118.03:53:00/gps-fmout/+1.065790e-01
2026.118.03:53:00/gps-maser/+1.065790e-01
2026.118.03:54:00/gps-fmout/+1.065790e-01
2026.118.03:54:00/gps-maser/+1.065790e-01
2026.118.03:55:00/gps-fmout/+1.065790e-01
2026.118.03:55:00/gps-maser/+1.065790e-01
2026.118.03:56:00/gps-fmout/+1.065790e-01
2026.118.03:56:00/gps-maser/+1.065790e-01
2026.118.03:57:00/gps-fmout/+1.065790e-01
2026.118.03:57:00/gps-maser/+1.065790e-01
2026.118.03:58:00/gps-fmout/+1.065790e-01
2026.118.03:58:00/gps-maser/+1.065790e-01
2026.118.03:59:00/gps-fmout/+1.065790e-01
2026.118.03:59:00/gps-maser/+1.065790e-01
2026.118.04:00:00/gps-fmout/+1.065790e-01
2026.118.04:00:00/gps-maser/+1.065790e-01
2026.118.04:01:00/gps-fmout/+1.065790e-01
2026.118.04:01:00/gps-maser/+1.065790e-01
2026.118.04:02:00/gps-fmout/+1.065790e-01
2026.118.04:02:00/gps-maser/+1.065790e-01
2026.118.04:03:00/gps-fmout/+1.065790e-01
2026.118.04:03:00/gps-maser/+1.065790e-01
2026.118.04:04:00/gps-fmout/+1.065790e-01
2026.118.04:04:00/gps-maser/+1.065790e-01
2026.118.04:05:00/gps-fmout/+1.065790e-01
2026.118.04:05:00/gps-maser/+1.065790e-01
2026.118.04:06:00/gps-fmout/+1.065790e-01
2026.118.04:06:00/gps-maser/+1.065790e-01
2026.118.04:07:00/gps-fmout/+1.065790e-01
2026.118.04:07:00/gps-maser/+1.065790e-01
2026.118.04:08:00/gps-fmout/+1.065790e-01
2026.118.04:08:00/gps-maser/+1.065790e-01
2026.118.04:09:00/gps-fmout/+1.065790e-01
2026.118.04:09:00/gps-maser/+1.065790e-01
2026.118.04:10:00/gps-fmout/+1.065789e-01
2026.118.04:10:00/gps-maser/+1.065790e-01
2026.118.04:11:00/gps-fmout/+1.065790e-01
2026.118.04:11:00/gps-maser/+1.065790e-01
2026.118.04:12:00/gps-fmout/+1.065790e-01
2026.118.04:12:00/gps-maser/+1.065790e-01
2026.118.04:13:00/gps-fmout/+1.065790e-01
2026.118.04:13:00/gps-maser/+1.065790e-01
2026.118.04:14:00/gps-fmout/+1.065790e-01
2026.118.04:14:00/gps-maser/+1.065790e-01
2026.118.04:15:00/gps-fmout/+1.065790e-01
2026.118.04:15:00/gps-maser/+1.065790e-01
2026.118.04:16:00/gps-fmout/+1.065790e-01
2026.118.04:16:00/gps-maser/+1.065790e-01
2026.118.04:17:00/gps-fmout/+1.065790e-01
2026.118.04:17:00/gps-maser/+1.065790e-01
2026.118.04:18:00/gps-fmout/+1.065790e-01
2026.118.04:18:00/gps-maser/+1.065790e-01
2026.118.04:19:00/gps-fmout/+1.065790e-01
2026.118.04:19:00/gps-maser/+1.065790e-01
2026.118.04:20:00/gps-fmout/+1.065790e-01
2026.118.04:20:00/gps-maser/+1.065790e-01
2026.118.04:21:00/gps-fmout/+1.065790e-01
2026.118.04:21:00/gps-maser/+1.065790e-01
2026.118.04:22:00/gps-fmout/+1.065790e-01
2026.118.04:22:00/gps-maser/+1.065790e-01
2026.118.04:23:00/gps-fmout/+1.065790e-01
2026.118.04:23:00/gps-maser/+1.065790e-01
2026.118.04:24:00/gps-fmout/+1.065790e-01
2026.118.04:24:00/gps-maser/+1.065790e-01
2026.118.04:25:00/gps-fmout/+1.065790e-01
2026.118.04:25:00/gps-maser/+1.065790e-01
2026.118.04:26:00/gps-fmout/+1.065790e-01
2026.118.04:26:00/gps-maser/+1.065790e-01
2026.118.04:27:00/gps-fmout/+1.065789e-01
2026.118.04:27:00/gps-maser/+1.065790e-01
2026.118.04:28:00/gps-fmout/+1.065790e-01
2026.118.04:28:00/gps-maser/+1.065790e-01
2026.118.04:29:00/gps-fmout/+1.065790e-01
2026.118.04:29:00/gps-maser/+1.065790e-01
2026.118.04:30:00/gps-fmout/+1.065790e-01
2026.118.04:30:00/gps-maser/+1.065790e-01
2026.118.04:31:00/gps-fmout/+1.065790e-01
2026.118.04:31:00/gps-maser/+1.065790e-01
2026.118.04:32:00/gps-fmout/+1.065790e-01
2026.118.04:32:00/gps-maser/+1.065790e-01
2026.118.04:33:00/gps-fmout/+1.065790e-01
2026.118.04:33:00/gps-maser/+1.065790e-01
2026.118.04:34:00/gps-fmout/+1.065790e-01
2026.118.04:34:00/gps-maser/+1.065790e-01
2026.118.04:35:00/gps-fmout/+1.065790e-01
2026.118.04:35:00/gps-maser/+1.065790e-01
2026.118.04:36:00/gps-fmout/+1.065790e-01
2026.118.04:36:00/gps-maser/+1.065790e-01
2026.118.04:37:00/gps-fmout/+1.065790e-01
2026.118.04:37:00/gps-maser/+1.065790e-01
2026.118.04:38:00/gps-fmout/+1.065790e-01
2026.118.04:38:00/gps-maser/+1.065790e-01
2026.118.04:39:00/gps-fmout/+1.065790e-01
2026.118.04:39:00/gps-maser/+1.065790e-01
2026.118.04:40:00/gps-fmout/+1.065790e-01
2026.118.04:40:00/gps-maser/+1.065790e-01
2026.118.04:41:00/gps-fmout/+1.065790e-01
2026.118.04:41:00/gps-maser/+1.065790e-01
2026.118.04:42:00/gps-fmout/+1.065790e-01
2026.118.04:42:00/gps-maser/+1.065790e-01
2026.118.04:43:00/gps-fmout/+1.065790e-01
2026.118.04:43:00/gps-maser/+1.065790e-01
2026.118.04:44:00/gps-fmout/+1.065790e-01
2026.118.04:44:00/gps-maser/+1.065790e-01
2026.118.04:45:00/gps-fmout/+1.065790e-01
2026.118.04:45:00/gps-maser/+1.065790e-01
2026.118.04:46:00/gps-fmout/+1.065790e-01
2026.118.04:46:00/gps-maser/+1.065790e-01
2026.118.04:47:00/gps-fmout/+1.065790e-01
2026.118.04:47:00/gps-maser/+1.065790e-01
2026.118.04:48:00/gps-fmout/+1.065790e-01
2026.118.04:48:00/gps-maser/+1.065790e-01
2026.118.04:49:00/gps-fmout/+1.065790e-01
2026.118.04:49:00/gps-maser/+1.065790e-01
2026.118.04:50:00/gps-fmout/+1.065790e-01
2026.118.04:50:00/gps-maser/+1.065790e-01
2026.118.04:51:00/gps-fmout/+1.065789e-01
2026.118.04:51:00/gps-maser/+1.065790e-01
2026.118.04:52:00/gps-fmout/+1.065789e-01
2026.118.04:52:00/gps-maser/+1.065790e-01
2026.118.04:53:00/gps-fmout/+1.065789e-01
2026.118.04:53:00/gps-maser/+1.065790e-01
2026.118.04:54:00/gps-fmout/+1.065789e-01
2026.118.04:54:00/gps-maser/+1.065790e-01
2026.118.04:55:00/gps-fmout/+1.065789e-01
2026.118.04:55:00/gps-maser/+1.065790e-01
2026.118.04:56:00/gps-fmout/+1.065790e-01
2026.118.04:56:00/gps-maser/+1.065790e-01
2026.118.04:57:00/gps-fmout/+1.065790e-01
2026.118.04:57:00/gps-maser/+1.065790e-01
2026.118.04:58:00/gps-fmout/+1.065790e-01
2026.118.04:58:00/gps-maser/+1.065790e-01
2026.118.04:59:00/gps-fmout/+1.065790e-01
2026.118.04:59:00/gps-maser/+1.065790e-01
2026.118.05:00:00/gps-fmout/+1.065790e-01
2026.118.05:00:00/gps-maser/+1.065790e-01
2026.118.05:01:00/gps-fmout/+1.065790e-01
2026.118.05:01:00/gps-maser/+1.065790e-01
2026.118.05:02:00/gps-fmout/+1.065790e-01
2026.118.05:02:00/gps-maser/+1.065790e-01
2026.118.05:03:00/gps-fmout/+1.065790e-01
2026.118.05:03:00/gps-maser/+1.065790e-01
2026.118.05:04:00/gps-fmout/+1.065790e-01
2026.118.05:04:00/gps-maser/+1.065790e-01
2026.118.05:05:00/gps-fmout/+1.065790e-01
2026.118.05:05:00/gps-maser/+1.065790e-01
2026.118.05:06:00/gps-fmout/+1.065790e-01
2026.118.05:06:00/gps-maser/+1.065790e-01
2026.118.05:07:00/gps-fmout/+1.065790e-01
2026.118.05:07:00/gps-maser/+1.065790e-01
2026.118.05:08:00/gps-fmout/+1.065790e-01
2026.118.05:08:00/gps-maser/+1.065790e-01
2026.118.05:09:00/gps-fmout/+1.065790e-01
2026.118.05:09:00/gps-maser/+1.065790e-01
2026.118.05:10:00/gps-fmout/+1.065790e-01
2026.118.05:10:00/gps-maser/+1.065790e-01
2026.118.05:11:00/gps-fmout/+1.065790e-01
2026.118.05:11:00/gps-maser/+1.065790e-01
2026.118.05:12:00/gps-fmout/+1.065790e-01
2026.118.05:12:00/gps-maser/+1.065790e-01
2026.118.05:13:00/gps-fmout/+1.065790e-01
2026.118.05:13:00/gps-maser/+1.065790e-01
2026.118.05:14:00/gps-fmout/+1.065790e-01
2026.118.05:14:00/gps-maser/+1.065790e-01
2026.118.05:15:00/gps-fmout/+1.065790e-01
2026.118.05:15:00/gps-maser/+1.065790e-01
2026.118.05:16:00/gps-fmout/+1.065790e-01
2026.118.05:16:00/gps-maser/+1.065790e-01
2026.118.05:17:00/gps-fmout/+1.065790e-01
2026.118.05:17:00/gps-maser/+1.065790e-01
2026.118.05:18:00/gps-fmout/+1.065790e-01
2026.118.05:18:00/gps-maser/+1.065790e-01
2026.118.05:19:00/gps-fmout/+1.065790e-01
2026.118.05:19:00/gps-maser/+1.065790e-01
2026.118.05:20:00/gps-fmout/+1.065790e-01
2026.118.05:20:00/gps-maser/+1.065790e-01
2026.118.05:21:00/gps-fmout/+1.065790e-01
2026.118.05:21:00/gps-maser/+1.065790e-01
2026.118.05:22:00/gps-fmout/+1.065790e-01
2026.118.05:22:00/gps-maser/+1.065790e-01
2026.118.05:23:00/gps-fmout/+1.065790e-01
2026.118.05:23:00/gps-maser/+1.065790e-01
2026.118.05:24:00/gps-fmout/+1.065790e-01
2026.118.05:24:00/gps-maser/+1.065790e-01
2026.118.05:25:00/gps-fmout/+1.065790e-01
2026.118.05:25:00/gps-maser/+1.065790e-01
2026.118.05:26:00/gps-fmout/+1.065790e-01
2026.118.05:26:00/gps-maser/+1.065790e-01
2026.118.05:27:00/gps-fmout/+1.065790e-01
2026.118.05:27:00/gps-maser/+1.065790e-01
2026.118.05:28:00/gps-fmout/+1.065790e-01
2026.118.05:28:00/gps-maser/+1.065790e-01
2026.118.05:29:00/gps-fmout/+1.065790e-01
2026.118.05:29:00/gps-maser/+1.065790e-01
2026.118.05:30:00/gps-fmout/+1.065790e-01
2026.118.05:30:00/gps-maser/+1.065790e-01
2026.118.05:31:00/gps-fmout/+1.065790e-01
2026.118.05:31:00/gps-maser/+1.065790e-01
2026.118.05:32:00/gps-fmout/+1.065790e-01
2026.118.05:32:00/gps-maser/+1.065790e-01
2026.118.05:33:00/gps-fmout/+1.065790e-01
2026.118.05:33:00/gps-maser/+1.065790e-01
2026.118.05:34:00/gps-fmout/+1.065790e-01
2026.118.05:34:00/gps-maser/+1.065790e-01
2026.118.05:35:00/gps-fmout/+1.065790e-01
2026.118.05:35:00/gps-maser/+1.065790e-01
2026.118.05:36:00/gps-fmout/+1.065790e-01
2026.118.05:36:00/gps-maser/+1.065790e-01
2026.118.05:37:00/gps-fmout/+1.065790e-01
2026.118.05:37:00/gps-maser/+1.065790e-01
2026.118.05:38:00/gps-fmout/+1.065790e-01
2026.118.05:38:00/gps-maser/+1.065790e-01
2026.118.05:39:00/gps-fmout/+1.065790e-01
2026.118.05:39:00/gps-maser/+1.065790e-01
2026.118.05:40:00/gps-fmout/+1.065790e-01
2026.118.05:40:00/gps-maser/+1.065790e-01
2026.118.05:41:00/gps-fmout/+1.065790e-01
2026.118.05:41:00/gps-maser/+1.065790e-01
2026.118.05:42:00/gps-fmout/+1.065790e-01
2026.118.05:42:00/gps-maser/+1.065790e-01
2026.118.05:43:00/gps-fmout/+1.065790e-01
2026.118.05:43:00/gps-maser/+1.065790e-01
2026.118.05:44:00/gps-fmout/+1.065790e-01
2026.118.05:44:00/gps-maser/+1.065790e-01
2026.118.05:45:00/gps-fmout/+1.065790e-01
2026.118.05:45:00/gps-maser/+1.065790e-01
2026.118.05:46:00/gps-fmout/+1.065790e-01
2026.118.05:46:00/gps-maser/+1.065790e-01
2026.118.05:47:00/gps-fmout/+1.065790e-01
2026.118.05:47:00/gps-maser/+1.065790e-01
2026.118.05:48:00/gps-fmout/+1.065790e-01
2026.118.05:48:00/gps-maser/+1.065790e-01
2026.118.05:49:00/gps-fmout/+1.065790e-01
2026.118.05:49:00/gps-maser/+1.065790e-01
2026.118.05:50:00/gps-fmout/+1.065790e-01
2026.118.05:50:00/gps-maser/+1.065790e-01
2026.118.05:51:00/gps-fmout/+1.065790e-01
2026.118.05:51:00/gps-maser/+1.065790e-01
2026.118.05:52:00/gps-fmout/+1.065790e-01
2026.118.05:52:00/gps-maser/+1.065790e-01
2026.118.05:53:00/gps-fmout/+1.065790e-01
2026.118.05:53:00/gps-maser/+1.065790e-01
2026.118.05:54:00/gps-fmout/+1.065790e-01
2026.118.05:54:00/gps-maser/+1.065790e-01
2026.118.05:55:00/gps-fmout/+1.065790e-01
2026.118.05:55:00/gps-maser/+1.065790e-01
2026.118.05:56:00/gps-fmout/+1.065790e-01
2026.118.05:56:00/gps-maser/+1.065790e-01
2026.118.05:57:00/gps-fmout/+1.065790e-01
2026.118.05:57:00/gps-maser/+1.065790e-01
2026.118.05:58:00/gps-fmout/+1.065790e-01
2026.118.05:58:00/gps-maser/+1.065790e-01
2026.118.05:59:00/gps-fmout/+1.065790e-01
2026.118.05:59:00/gps-maser/+1.065790e-01
2026.118.06:00:00/gps-fmout/+1.065790e-01
2026.118.06:00:00/gps-maser/+1.065790e-01
2026.118.06:01:00/gps-fmout/+1.065790e-01
2026.118.06:01:00/gps-maser/+1.065790e-01
2026.118.06:02:00/gps-fmout/+1.065790e-01
2026.118.06:02:00/gps-maser/+1.065790e-01
2026.118.06:03:00/gps-fmout/+1.065790e-01
2026.118.06:03:00/gps-maser/+1.065790e-01
2026.118.06:04:00/gps-fmout/+1.065790e-01
2026.118.06:04:00/gps-maser/+1.065790e-01
2026.118.06:05:00/gps-fmout/+1.065790e-01
2026.118.06:05:00/gps-maser/+1.065790e-01
2026.118.06:06:00/gps-fmout/+1.065790e-01
2026.118.06:06:00/gps-maser/+1.065790e-01
2026.118.06:07:00/gps-fmout/+1.065790e-01
2026.118.06:07:00/gps-maser/+1.065790e-01
2026.118.06:08:00/gps-fmout/+1.065790e-01
2026.118.06:08:00/gps-maser/+1.065790e-01
2026.118.06:09:00/gps-fmout/+1.065790e-01
2026.118.06:09:00/gps-maser/+1.065790e-01
2026.118.06:10:00/gps-fmout/+1.065790e-01
2026.118.06:10:00/gps-maser/+1.065790e-01
2026.118.06:11:00/gps-fmout/+1.065790e-01
2026.118.06:11:00/gps-maser/+1.065790e-01
2026.118.06:12:00/gps-fmout/+1.065790e-01
2026.118.06:12:00/gps-maser/+1.065790e-01
2026.118.06:13:00/gps-fmout/+1.065790e-01
2026.118.06:13:00/gps-maser/+1.065790e-01
2026.118.06:14:00/gps-fmout/+1.065790e-01
2026.118.06:14:00/gps-maser/+1.065790e-01
2026.118.06:15:00/gps-fmout/+1.065790e-01
2026.118.06:15:00/gps-maser/+1.065790e-01
2026.118.06:16:00/gps-fmout/+1.065790e-01
2026.118.06:16:00/gps-maser/+1.065790e-01
2026.118.06:17:00/gps-fmout/+1.065790e-01
2026.118.06:17:00/gps-maser/+1.065790e-01
2026.118.06:18:00/gps-fmout/+1.065790e-01
2026.118.06:18:00/gps-maser/+1.065790e-01
2026.118.06:19:00/gps-fmout/+1.065790e-01
2026.118.06:19:00/gps-maser/+1.065790e-01
2026.118.06:20:00/gps-fmout/+1.065790e-01
2026.118.06:20:00/gps-maser/+1.065790e-01
2026.118.06:21:00/gps-fmout/+1.065790e-01
2026.118.06:21:00/gps-maser/+1.065790e-01
2026.118.06:22:00/gps-fmout/+1.065790e-01
2026.118.06:22:00/gps-maser/+1.065790e-01
2026.118.06:23:00/gps-fmout/+1.065790e-01
2026.118.06:23:00/gps-maser/+1.065790e-01
2026.118.06:24:00/gps-fmout/+1.065790e-01
2026.118.06:24:00/gps-maser/+1.065790e-01
2026.118.06:25:00/gps-fmout/+1.065790e-01
2026.118.06:25:00/gps-maser/+1.065790e-01
2026.118.06:26:00/gps-fmout/+1.065790e-01
2026.118.06:26:00/gps-maser/+1.065790e-01
2026.118.06:27:00/gps-fmout/+1.065790e-01
2026.118.06:27:00/gps-maser/+1.065790e-01
2026.118.06:28:00/gps-fmout/+1.065790e-01
2026.118.06:28:00/gps-maser/+1.065790e-01
2026.118.06:29:00/gps-fmout/+1.065790e-01
2026.118.06:29:00/gps-maser/+1.065790e-01
2026.118.06:30:00/gps-fmout/+1.065790e-01
2026.118.06:30:00/gps-maser/+1.065790e-01
2026.118.06:31:00/gps-fmout/+1.065790e-01
2026.118.06:31:00/gps-maser/+1.065790e-01
2026.118.06:32:00/gps-fmout/+1.065790e-01
2026.118.06:32:00/gps-maser/+1.065790e-01
2026.118.06:33:00/gps-fmout/+1.065790e-01
2026.118.06:33:00/gps-maser/+1.065790e-01
2026.118.06:34:00/gps-fmout/+1.065790e-01
2026.118.06:34:00/gps-maser/+1.065790e-01
2026.118.06:35:00/gps-fmout/+1.065790e-01
2026.118.06:35:00/gps-maser/+1.065790e-01
2026.118.06:36:00/gps-fmout/+1.065790e-01
2026.118.06:36:00/gps-maser/+1.065790e-01
2026.118.06:37:00/gps-fmout/+1.065790e-01
2026.118.06:37:00/gps-maser/+1.065790e-01
2026.118.06:38:00/gps-fmout/+1.065790e-01
2026.118.06:38:00/gps-maser/+1.065790e-01
2026.118.06:39:00/gps-fmout/+1.065790e-01
2026.118.06:39:00/gps-maser/+1.065790e-01
2026.118.06:40:00/gps-fmout/+1.065790e-01
2026.118.06:40:00/gps-maser/+1.065790e-01
2026.118.06:41:00/gps-fmout/+1.065790e-01
2026.118.06:41:00/gps-maser/+1.065790e-01
2026.118.06:42:00/gps-fmout/+1.065790e-01
2026.118.06:42:00/gps-maser/+1.065790e-01
2026.118.06:43:00/gps-fmout/+1.065790e-01
2026.118.06:43:00/gps-maser/+1.065790e-01
2026.118.06:44:00/gps-fmout/+1.065790e-01
2026.118.06:44:00/gps-maser/+1.065790e-01
2026.118.06:45:00/gps-fmout/+1.065790e-01
2026.118.06:45:00/gps-maser/+1.065790e-01
2026.118.06:46:00/gps-fmout/+1.065790e-01
2026.118.06:46:00/gps-maser/+1.065790e-01
2026.118.06:47:00/gps-fmout/+1.065790e-01
2026.118.06:47:00/gps-maser/+1.065790e-01
2026.118.06:48:00/gps-fmout/+1.065790e-01
2026.118.06:48:00/gps-maser/+1.065790e-01
2026.118.06:49:00/gps-fmout/+1.065790e-01
2026.118.06:49:00/gps-maser/+1.065790e-01
2026.118.06:50:00/gps-fmout/+1.065790e-01
2026.118.06:50:00/gps-maser/+1.065790e-01
2026.118.06:51:00/gps-fmout/+1.065790e-01
2026.118.06:51:00/gps-maser/+1.065790e-01
2026.118.06:52:00/gps-fmout/+1.065790e-01
2026.118.06:52:00/gps-maser/+1.065790e-01
2026.118.06:53:00/gps-fmout/+1.065790e-01
2026.118.06:53:00/gps-maser/+1.065790e-01
2026.118.06:54:00/gps-fmout/+1.065790e-01
2026.118.06:54:00/gps-maser/+1.065790e-01
2026.118.06:55:00/gps-fmout/+1.065790e-01
2026.118.06:55:00/gps-maser/+1.065790e-01
2026.118.06:56:00/gps-fmout/+1.065790e-01
2026.118.06:56:00/gps-maser/+1.065790e-01
2026.118.06:57:00/gps-fmout/+1.065790e-01
2026.118.06:57:00/gps-maser/+1.065790e-01
2026.118.06:58:00/gps-fmout/+1.065790e-01
2026.118.06:58:00/gps-maser/+1.065790e-01
2026.118.06:59:00/gps-fmout/+1.065790e-01
2026.118.06:59:00/gps-maser/+1.065790e-01
2026.118.07:00:00/gps-fmout/+1.065790e-01
2026.118.07:00:00/gps-maser/+1.065790e-01
2026.118.07:01:00/gps-fmout/+1.065790e-01
2026.118.07:01:00/gps-maser/+1.065790e-01
2026.118.07:02:00/gps-fmout/+1.065790e-01
2026.118.07:02:00/gps-maser/+1.065790e-01
2026.118.07:03:00/gps-fmout/+1.065790e-01
2026.118.07:03:00/gps-maser/+1.065790e-01
2026.118.07:04:00/gps-fmout/+1.065790e-01
2026.118.07:04:00/gps-maser/+1.065790e-01
2026.118.07:05:00/gps-fmout/+1.065790e-01
2026.118.07:05:00/gps-maser/+1.065790e-01
2026.118.07:06:00/gps-fmout/+1.065790e-01
2026.118.07:06:00/gps-maser/+1.065790e-01
2026.118.07:07:00/gps-fmout/+1.065790e-01
2026.118.07:07:00/gps-maser/+1.065790e-01
2026.118.07:08:00/gps-fmout/+1.065790e-01
2026.118.07:08:00/gps-maser/+1.065790e-01
2026.118.07:09:00/gps-fmout/+1.065790e-01
2026.118.07:09:00/gps-maser/+1.065790e-01
2026.118.07:10:00/gps-fmout/+1.065790e-01
2026.118.07:10:00/gps-maser/+1.065790e-01
2026.118.07:11:00/gps-fmout/+1.065790e-01
2026.118.07:11:00/gps-maser/+1.065790e-01
2026.118.07:12:00/gps-fmout/+1.065790e-01
2026.118.07:12:00/gps-maser/+1.065790e-01
2026.118.07:13:00/gps-fmout/+1.065790e-01
2026.118.07:13:00/gps-maser/+1.065790e-01
2026.118.07:14:00/gps-fmout/+1.065790e-01
2026.118.07:14:00/gps-maser/+1.065790e-01
2026.118.07:15:00/gps-fmout/+1.065790e-01
2026.118.07:15:00/gps-maser/+1.065790e-01
2026.118.07:16:00/gps-fmout/+1.065790e-01
2026.118.07:16:00/gps-maser/+1.065790e-01
2026.118.07:17:00/gps-fmout/+1.065790e-01
2026.118.07:17:00/gps-maser/+1.065790e-01
2026.118.07:18:00/gps-fmout/+1.065790e-01
2026.118.07:18:00/gps-maser/+1.065790e-01
2026.118.07:19:00/gps-fmout/+1.065790e-01
2026.118.07:19:00/gps-maser/+1.065790e-01
2026.118.07:20:00/gps-fmout/+1.065790e-01
2026.118.07:20:00/gps-maser/+1.065790e-01
2026.118.07:21:00/gps-fmout/+1.065790e-01
2026.118.07:21:00/gps-maser/+1.065790e-01
2026.118.07:22:00/gps-fmout/+1.065790e-01
2026.118.07:22:00/gps-maser/+1.065790e-01
2026.118.07:23:00/gps-fmout/+1.065790e-01
2026.118.07:23:00/gps-maser/+1.065790e-01
2026.118.07:24:00/gps-fmout/+1.065790e-01
2026.118.07:24:00/gps-maser/+1.065790e-01
2026.118.07:25:00/gps-fmout/+1.065790e-01
2026.118.07:25:00/gps-maser/+1.065790e-01
2026.118.07:26:00/gps-fmout/+1.065790e-01
2026.118.07:26:00/gps-maser/+1.065790e-01
2026.118.07:27:00/gps-fmout/+1.065790e-01
2026.118.07:27:00/gps-maser/+1.065790e-01
2026.118.07:28:00/gps-fmout/+1.065790e-01
2026.118.07:28:00/gps-maser/+1.065790e-01
2026.118.07:29:00/gps-fmout/+1.065790e-01
2026.118.07:29:00/gps-maser/+1.065790e-01
2026.118.07:30:00/gps-fmout/+1.065790e-01
2026.118.07:30:00/gps-maser/+1.065790e-01
2026.118.07:31:00/gps-fmout/+1.065790e-01
2026.118.07:31:00/gps-maser/+1.065790e-01
2026.118.07:32:00/gps-fmout/+1.065790e-01
2026.118.07:32:00/gps-maser/+1.065790e-01
2026.118.07:33:00/gps-fmout/+1.065790e-01
2026.118.07:33:00/gps-maser/+1.065790e-01
2026.118.07:34:00/gps-fmout/+1.065790e-01
2026.118.07:34:00/gps-maser/+1.065790e-01
2026.118.07:35:00/gps-fmout/+1.065790e-01
2026.118.07:35:00/gps-maser/+1.065790e-01
2026.118.07:36:00/gps-fmout/+1.065790e-01
2026.118.07:36:00/gps-maser/+1.065790e-01
2026.118.07:37:00/gps-fmout/+1.065790e-01
2026.118.07:37:00/gps-maser/+1.065790e-01
2026.118.07:38:00/gps-fmout/+1.065790e-01
2026.118.07:38:00/gps-maser/+1.065790e-01
2026.118.07:39:00/gps-fmout/+1.065790e-01
2026.118.07:39:00/gps-maser/+1.065790e-01
2026.118.07:40:00/gps-fmout/+1.065790e-01
2026.118.07:40:00/gps-maser/+1.065790e-01
2026.118.07:41:00/gps-fmout/+1.065790e-01
2026.118.07:41:00/gps-maser/+1.065790e-01
2026.118.07:42:00/gps-fmout/+1.065790e-01
2026.118.07:42:00/gps-maser/+1.065790e-01
2026.118.07:43:00/gps-fmout/+1.065790e-01
2026.118.07:43:00/gps-maser/+1.065790e-01
2026.118.07:44:00/gps-fmout/+1.065790e-01
2026.118.07:44:00/gps-maser/+1.065790e-01
2026.118.07:45:00/gps-fmout/+1.065790e-01
2026.118.07:45:00/gps-maser/+1.065790e-01
2026.118.07:46:00/gps-fmout/+1.065790e-01
2026.118.07:46:00/gps-maser/+1.065790e-01
2026.118.07:47:00/gps-fmout/+1.065790e-01
2026.118.07:47:00/gps-maser/+1.065790e-01
2026.118.07:48:00/gps-fmout/+1.065790e-01
2026.118.07:48:00/gps-maser/+1.065790e-01
2026.118.07:49:00/gps-fmout/+1.065790e-01
2026.118.07:49:00/gps-maser/+1.065790e-01
2026.118.07:50:00/gps-fmout/+1.065790e-01
2026.118.07:50:00/gps-maser/+1.065790e-01
2026.118.07:51:00/gps-fmout/+1.065790e-01
2026.118.07:51:00/gps-maser/+1.065790e-01
2026.118.07:52:00/gps-fmout/+1.065790e-01
2026.118.07:52:00/gps-maser/+1.065790e-01
2026.118.07:53:00/gps-fmout/+1.065790e-01
2026.118.07:53:00/gps-maser/+1.065790e-01
2026.118.07:54:00/gps-fmout/+1.065790e-01
2026.118.07:54:00/gps-maser/+1.065790e-01
2026.118.07:55:00/gps-fmout/+1.065790e-01
2026.118.07:55:00/gps-maser/+1.065790e-01
2026.118.07:56:00/gps-fmout/+1.065790e-01
2026.118.07:56:00/gps-maser/+1.065790e-01
2026.118.07:57:00/gps-fmout/+1.065790e-01
2026.118.07:57:00/gps-maser/+1.065790e-01
2026.118.07:58:00/gps-fmout/+1.065790e-01
2026.118.07:58:00/gps-maser/+1.065790e-01
2026.118.07:59:00/gps-fmout/+1.065790e-01
2026.118.07:59:00/gps-maser/+1.065790e-01
2026.118.08:00:00/gps-fmout/+1.065790e-01
2026.118.08:00:00/gps-maser/+1.065790e-01
2026.118.08:01:00/gps-fmout/+1.065790e-01
2026.118.08:01:00/gps-maser/+1.065790e-01
2026.118.08:02:00/gps-fmout/+1.065790e-01
2026.118.08:02:00/gps-maser/+1.065790e-01
2026.118.08:03:00/gps-fmout/+1.065790e-01
2026.118.08:03:00/gps-maser/+1.065790e-01
2026.118.08:04:00/gps-fmout/+1.065790e-01
2026.118.08:04:00/gps-maser/+1.065790e-01
2026.118.08:05:00/gps-fmout/+1.065790e-01
2026.118.08:05:00/gps-maser/+1.065790e-01
2026.118.08:06:00/gps-fmout/+1.065790e-01
2026.118.08:06:00/gps-maser/+1.065790e-01
2026.118.08:07:00/gps-fmout/+1.065790e-01
2026.118.08:07:00/gps-maser/+1.065790e-01
2026.118.08:08:00/gps-fmout/+1.065790e-01
2026.118.08:08:00/gps-maser/+1.065790e-01
2026.118.08:09:00/gps-fmout/+1.065790e-01
2026.118.08:09:00/gps-maser/+1.065790e-01
2026.118.08:10:00/gps-fmout/+1.065790e-01
2026.118.08:10:00/gps-maser/+1.065790e-01
2026.118.08:11:00/gps-fmout/+1.065790e-01
2026.118.08:11:00/gps-maser/+1.065790e-01
2026.118.08:12:00/gps-fmout/+1.065790e-01
2026.118.08:12:00/gps-maser/+1.065790e-01
2026.118.08:13:00/gps-fmout/+1.065790e-01
2026.118.08:13:00/gps-maser/+1.065790e-01
2026.118.08:14:00/gps-fmout/+1.065790e-01
2026.118.08:14:00/gps-maser/+1.065790e-01
2026.118.08:15:00/gps-fmout/+1.065790e-01
2026.118.08:15:00/gps-maser/+1.065790e-01
2026.118.08:16:00/gps-fmout/+1.065790e-01
2026.118.08:16:00/gps-maser/+1.065790e-01
2026.118.08:17:00/gps-fmout/+1.065790e-01
2026.118.08:17:00/gps-maser/+1.065790e-01
2026.118.08:18:00/gps-fmout/+1.065790e-01
2026.118.08:18:00/gps-maser/+1.065790e-01
2026.118.08:19:00/gps-fmout/+1.065790e-01
2026.118.08:19:00/gps-maser/+1.065790e-01
2026.118.08:20:00/gps-fmout/+1.065790e-01
2026.118.08:20:00/gps-maser/+1.065790e-01
2026.118.08:21:00/gps-fmout/+1.065790e-01
2026.118.08:21:00/gps-maser/+1.065790e-01
2026.118.08:22:00/gps-fmout/+1.065790e-01
2026.118.08:22:00/gps-maser/+1.065790e-01
2026.118.08:23:00/gps-fmout/+1.065790e-01
2026.118.08:23:00/gps-maser/+1.065790e-01
2026.118.08:24:00/gps-fmout/+1.065790e-01
2026.118.08:24:00/gps-maser/+1.065790e-01
2026.118.08:25:00/gps-fmout/+1.065790e-01
2026.118.08:25:00/gps-maser/+1.065790e-01
2026.118.08:26:00/gps-fmout/+1.065790e-01
2026.118.08:26:00/gps-maser/+1.065790e-01
2026.118.08:27:00/gps-fmout/+1.065790e-01
2026.118.08:27:00/gps-maser/+1.065790e-01
2026.118.08:28:00/gps-fmout/+1.065790e-01
2026.118.08:28:00/gps-maser/+1.065790e-01
2026.118.08:29:00/gps-fmout/+1.065790e-01
2026.118.08:29:00/gps-maser/+1.065790e-01
2026.118.08:30:00/gps-fmout/+1.065790e-01
2026.118.08:30:00/gps-maser/+1.065790e-01
2026.118.08:31:00/gps-fmout/+1.065790e-01
2026.118.08:31:00/gps-maser/+1.065790e-01
2026.118.08:32:00/gps-fmout/+1.065790e-01
2026.118.08:32:00/gps-maser/+1.065790e-01
2026.118.08:33:00/gps-fmout/+1.065790e-01
2026.118.08:33:00/gps-maser/+1.065790e-01
2026.118.08:34:00/gps-fmout/+1.065790e-01
2026.118.08:34:00/gps-maser/+1.065790e-01
2026.118.08:35:00/gps-fmout/+1.065790e-01
2026.118.08:35:00/gps-maser/+1.065790e-01
2026.118.08:36:00/gps-fmout/+1.065790e-01
2026.118.08:36:00/gps-maser/+1.065790e-01
2026.118.08:37:00/gps-fmout/+1.065790e-01
2026.118.08:37:00/gps-maser/+1.065790e-01
2026.118.08:38:00/gps-fmout/+1.065790e-01
2026.118.08:38:00/gps-maser/+1.065790e-01
2026.118.08:39:00/gps-fmout/+1.065790e-01
2026.118.08:39:00/gps-maser/+1.065790e-01
2026.118.08:40:00/gps-fmout/+1.065790e-01
2026.118.08:40:00/gps-maser/+1.065790e-01
2026.118.08:41:00/gps-fmout/+1.065790e-01
2026.118.08:41:00/gps-maser/+1.065790e-01
2026.118.08:42:00/gps-fmout/+1.065790e-01
2026.118.08:42:00/gps-maser/+1.065790e-01
2026.118.08:43:00/gps-fmout/+1.065790e-01
2026.118.08:43:00/gps-maser/+1.065790e-01
2026.118.08:44:00/gps-fmout/+1.065790e-01
2026.118.08:44:00/gps-maser/+1.065790e-01
2026.118.08:45:00/gps-fmout/+1.065790e-01
2026.118.08:45:00/gps-maser/+1.065790e-01
2026.118.08:46:00/gps-fmout/+1.065790e-01
2026.118.08:46:00/gps-maser/+1.065790e-01
2026.118.08:47:00/gps-fmout/+1.065790e-01
2026.118.08:47:00/gps-maser/+1.065790e-01
2026.118.08:48:00/gps-fmout/+1.065790e-01
2026.118.08:48:00/gps-maser/+1.065790e-01
2026.118.08:49:00/gps-fmout/+1.065790e-01
2026.118.08:49:00/gps-maser/+1.065790e-01
2026.118.08:50:00/gps-fmout/+1.065790e-01
2026.118.08:50:00/gps-maser/+1.065790e-01
2026.118.08:51:00/gps-fmout/+1.065790e-01
2026.118.08:51:00/gps-maser/+1.065790e-01
2026.118.08:52:00/gps-fmout/+1.065790e-01
2026.118.08:52:00/gps-maser/+1.065790e-01
2026.118.08:53:00/gps-fmout/+1.065790e-01
2026.118.08:53:00/gps-maser/+1.065790e-01
2026.118.08:54:00/gps-fmout/+1.065790e-01
2026.118.08:54:00/gps-maser/+1.065790e-01
2026.118.08:55:00/gps-fmout/+1.065790e-01
2026.118.08:55:00/gps-maser/+1.065790e-01
2026.118.08:56:00/gps-fmout/+1.065790e-01
2026.118.08:56:00/gps-maser/+1.065790e-01
2026.118.08:57:00/gps-fmout/+1.065790e-01
2026.118.08:57:00/gps-maser/+1.065790e-01
2026.118.08:58:00/gps-fmout/+1.065790e-01
2026.118.08:58:00/gps-maser/+1.065790e-01
2026.118.08:59:00/gps-fmout/+1.065790e-01
2026.118.08:59:00/gps-maser/+1.065790e-01
2026.118.09:00:00/gps-fmout/+1.065790e-01
2026.118.09:00:00/gps-maser/+1.065790e-01
2026.118.09:01:00/gps-fmout/+1.065790e-01
2026.118.09:01:00/gps-maser/+1.065790e-01
2026.118.09:02:00/gps-fmout/+1.065790e-01
2026.118.09:02:00/gps-maser/+1.065790e-01
2026.118.09:03:00/gps-fmout/+1.065790e-01
2026.118.09:03:00/gps-maser/+1.065790e-01
2026.118.09:04:00/gps-fmout/+1.065790e-01
2026.118.09:04:00/gps-maser/+1.065790e-01
2026.118.09:05:00/gps-fmout/+1.065790e-01
2026.118.09:05:00/gps-maser/+1.065790e-01
2026.118.09:06:00/gps-fmout/+1.065790e-01
2026.118.09:06:00/gps-maser/+1.065790e-01
2026.118.09:07:00/gps-fmout/+1.065790e-01
2026.118.09:07:00/gps-maser/+1.065790e-01
2026.118.09:08:00/gps-fmout/+1.065790e-01
2026.118.09:08:00/gps-maser/+1.065790e-01
2026.118.09:09:00/gps-fmout/+1.065790e-01
2026.118.09:09:00/gps-maser/+1.065790e-01
2026.118.09:10:00/gps-fmout/+1.065790e-01
2026.118.09:10:00/gps-maser/+1.065790e-01
2026.118.09:11:00/gps-fmout/+1.065790e-01
2026.118.09:11:00/gps-maser/+1.065790e-01
2026.118.09:12:00/gps-fmout/+1.065790e-01
2026.118.09:12:00/gps-maser/+1.065790e-01
2026.118.09:13:00/gps-fmout/+1.065790e-01
2026.118.09:13:00/gps-maser/+1.065790e-01
2026.118.09:14:00/gps-fmout/+1.065790e-01
2026.118.09:14:00/gps-maser/+1.065790e-01
2026.118.09:15:00/gps-fmout/+1.065790e-01
2026.118.09:15:00/gps-maser/+1.065790e-01
2026.118.09:16:00/gps-fmout/+1.065790e-01
2026.118.09:16:00/gps-maser/+1.065790e-01
2026.118.09:17:00/gps-fmout/+1.065790e-01
2026.118.09:17:00/gps-maser/+1.065790e-01
2026.118.09:18:00/gps-fmout/+1.065789e-01
2026.118.09:18:00/gps-maser/+1.065790e-01
2026.118.09:19:00/gps-fmout/+1.065789e-01
2026.118.09:19:00/gps-maser/+1.065790e-01
2026.118.09:20:00/gps-fmout/+1.065789e-01
2026.118.09:20:00/gps-maser/+1.065790e-01
2026.118.09:21:00/gps-fmout/+1.065790e-01
2026.118.09:21:00/gps-maser/+1.065790e-01
2026.118.09:22:00/gps-fmout/+1.065790e-01
2026.118.09:22:00/gps-maser/+1.065790e-01
2026.118.09:23:00/gps-fmout/+1.065790e-01
2026.118.09:23:00/gps-maser/+1.065790e-01
2026.118.09:24:00/gps-fmout/+1.065790e-01
2026.118.09:24:00/gps-maser/+1.065790e-01
2026.118.09:25:00/gps-fmout/+1.065790e-01
2026.118.09:25:00/gps-maser/+1.065790e-01
2026.118.09:26:00/gps-fmout/+1.065790e-01
2026.118.09:26:00/gps-maser/+1.065790e-01
2026.118.09:27:00/gps-fmout/+1.065790e-01
2026.118.09:27:00/gps-maser/+1.065790e-01
2026.118.09:28:00/gps-fmout/+1.065790e-01
2026.118.09:28:00/gps-maser/+1.065790e-01
2026.118.09:29:00/gps-fmout/+1.065790e-01
2026.118.09:29:00/gps-maser/+1.065790e-01
2026.118.09:30:00/gps-fmout/+1.065790e-01
2026.118.09:30:00/gps-maser/+1.065790e-01
2026.118.09:31:00/gps-fmout/+1.065790e-01
2026.118.09:31:00/gps-maser/+1.065790e-01
2026.118.09:32:00/gps-fmout/+1.065790e-01
2026.118.09:32:00/gps-maser/+1.065790e-01
2026.118.09:33:00/gps-fmout/+1.065790e-01
2026.118.09:33:00/gps-maser/+1.065790e-01
2026.118.09:34:00/gps-fmout/+1.065790e-01
2026.118.09:34:00/gps-maser/+1.065790e-01
2026.118.09:35:00/gps-fmout/+1.065790e-01
2026.118.09:35:00/gps-maser/+1.065790e-01
2026.118.09:36:00/gps-fmout/+1.065790e-01
2026.118.09:36:00/gps-maser/+1.065790e-01
2026.118.09:37:00/gps-fmout/+1.065790e-01
2026.118.09:37:00/gps-maser/+1.065790e-01
2026.118.09:38:00/gps-fmout/+1.065790e-01
2026.118.09:38:00/gps-maser/+1.065790e-01
2026.118.09:39:00/gps-fmout/+1.065790e-01
2026.118.09:39:00/gps-maser/+1.065790e-01
2026.118.09:40:00/gps-fmout/+1.065790e-01
2026.118.09:40:00/gps-maser/+1.065790e-01
2026.118.09:41:00/gps-fmout/+1.065790e-01
2026.118.09:41:00/gps-maser/+1.065790e-01
2026.118.09:42:00/gps-fmout/+1.065790e-01
2026.118.09:42:00/gps-maser/+1.065790e-01
2026.118.09:43:00/gps-fmout/+1.065790e-01
2026.118.09:43:00/gps-maser/+1.065790e-01
2026.118.09:44:00/gps-fmout/+1.065790e-01
2026.118.09:44:00/gps-maser/+1.065790e-01
2026.118.09:45:00/gps-fmout/+1.065790e-01
2026.118.09:45:00/gps-maser/+1.065790e-01
2026.118.09:46:00/gps-fmout/+1.065790e-01
2026.118.09:46:00/gps-maser/+1.065790e-01
2026.118.09:47:00/gps-fmout/+1.065790e-01
2026.118.09:47:00/gps-maser/+1.065790e-01
2026.118.09:48:00/gps-fmout/+1.065790e-01
2026.118.09:48:00/gps-maser/+1.065790e-01
2026.118.09:49:00/gps-fmout/+1.065790e-01
2026.118.09:49:00/gps-maser/+1.065790e-01
2026.118.09:50:00/gps-fmout/+1.065790e-01
2026.118.09:50:00/gps-maser/+1.065790e-01
2026.118.09:51:00/gps-fmout/+1.065790e-01
2026.118.09:51:00/gps-maser/+1.065790e-01
2026.118.09:52:00/gps-fmout/+1.065790e-01
2026.118.09:52:00/gps-maser/+1.065790e-01
2026.118.09:53:00/gps-fmout/+1.065790e-01
2026.118.09:53:00/gps-maser/+1.065790e-01
2026.118.09:54:00/gps-fmout/+1.065790e-01
2026.118.09:54:00/gps-maser/+1.065790e-01
2026.118.09:55:00/gps-fmout/+1.065790e-01
2026.118.09:55:00/gps-maser/+1.065790e-01
2026.118.09:56:00/gps-fmout/+1.065790e-01
2026.118.09:56:00/gps-maser/+1.065790e-01
2026.118.09:57:00/gps-fmout/+1.065790e-01
2026.118.09:57:00/gps-maser/+1.065790e-01
2026.118.09:58:00/gps-fmout/+1.065790e-01
2026.118.09:58:00/gps-maser/+1.065790e-01
2026.118.09:59:00/gps-fmout/+1.065790e-01
2026.118.09:59:00/gps-maser/+1.065790e-01
2026.118.10:00:00/gps-fmout/+1.065790e-01
2026.118.10:00:00/gps-maser/+1.065790e-01
2026.118.10:01:00/gps-fmout/+1.065790e-01
2026.118.10:01:00/gps-maser/+1.065790e-01
2026.118.10:02:00/gps-fmout/+1.065790e-01
2026.118.10:02:00/gps-maser/+1.065790e-01
2026.118.10:03:00/gps-fmout/+1.065790e-01
2026.118.10:03:00/gps-maser/+1.065790e-01
2026.118.10:04:00/gps-fmout/+1.065790e-01
2026.118.10:04:00/gps-maser/+1.065790e-01
2026.118.10:05:00/gps-fmout/+1.065790e-01
2026.118.10:05:00/gps-maser/+1.065790e-01
2026.118.10:06:00/gps-fmout/+1.065790e-01
2026.118.10:06:00/gps-maser/+1.065790e-01
2026.118.10:07:00/gps-fmout/+1.065790e-01
2026.118.10:07:00/gps-maser/+1.065790e-01
2026.118.10:08:00/gps-fmout/+1.065790e-01
2026.118.10:08:00/gps-maser/+1.065790e-01
2026.118.10:09:00/gps-fmout/+1.065790e-01
2026.118.10:09:00/gps-maser/+1.065790e-01
2026.118.10:10:00/gps-fmout/+1.065790e-01
2026.118.10:10:00/gps-maser/+1.065790e-01
2026.118.10:11:00/gps-fmout/+1.065790e-01
2026.118.10:11:00/gps-maser/+1.065790e-01
