2026.069.03:34:00;APEX Database GPS vs Devices offset for e26m10
2026.069.03:34:00;The format is gps-fmout/[seconds] and gps-maser/[seconds]
2026.069.03:35:00/gps-fmout/+3.405992e-07
2026.069.03:35:00/gps-maser/+2.784397e-07
2026.069.03:36:00/gps-fmout/+3.402246e-07
2026.069.03:36:00/gps-maser/+2.796805e-07
2026.069.03:37:00/gps-fmout/+3.415470e-07
2026.069.03:37:00/gps-maser/+2.837852e-07
2026.069.03:38:00/gps-fmout/+3.430577e-07
2026.069.03:38:00/gps-maser/+2.849211e-07
2026.069.03:39:00/gps-fmout/+3.420685e-07
2026.069.03:39:00/gps-maser/+2.838461e-07
2026.069.03:40:00/gps-fmout/+3.439865e-07
2026.069.03:40:00/gps-maser/+2.820000e-07
2026.069.03:41:00/gps-fmout/+3.420000e-07
2026.069.03:41:00/gps-maser/+2.835366e-07
2026.069.03:42:00/gps-fmout/+3.420000e-07
2026.069.03:42:00/gps-maser/+2.840000e-07
2026.069.03:43:00/gps-fmout/+3.419555e-07
2026.069.03:43:00/gps-maser/+2.840000e-07
2026.069.03:44:00/gps-fmout/+3.421940e-07
2026.069.03:44:00/gps-maser/+2.841628e-07
2026.069.03:45:00/gps-fmout/+3.441212e-07
2026.069.03:45:00/gps-maser/+2.868928e-07
2026.069.03:46:00/gps-fmout/+3.450436e-07
2026.069.03:46:00/gps-maser/+2.818158e-07
2026.069.03:47:00/gps-fmout/+3.432424e-07
2026.069.03:47:00/gps-maser/+2.809740e-07
2026.069.03:48:00/gps-fmout/+3.413357e-07
2026.069.03:48:00/gps-maser/+2.802205e-07
2026.069.03:49:00/gps-fmout/+3.400064e-07
2026.069.03:49:00/gps-maser/+2.783636e-07
2026.069.03:50:00/gps-fmout/+3.411061e-07
2026.069.03:50:00/gps-maser/+2.801818e-07
2026.069.03:51:00/gps-fmout/+3.420113e-07
2026.069.03:51:00/gps-maser/+2.820000e-07
2026.069.03:52:00/gps-fmout/+3.422320e-07
2026.069.03:52:00/gps-maser/+2.849629e-07
2026.069.03:53:00/gps-fmout/+3.440000e-07
2026.069.03:53:00/gps-maser/+2.864612e-07
2026.069.03:54:00/gps-fmout/+3.440000e-07
2026.069.03:54:00/gps-maser/+2.868985e-07
2026.069.03:55:00/gps-fmout/+3.441565e-07
2026.069.03:55:00/gps-maser/+2.859044e-07
2026.069.03:56:00/gps-fmout/+3.470557e-07
2026.069.03:56:00/gps-maser/+2.861053e-07
2026.069.03:57:00/gps-fmout/+3.484270e-07
2026.069.03:57:00/gps-maser/+2.899363e-07
2026.069.03:58:00/gps-fmout/+3.507576e-07
2026.069.03:58:00/gps-maser/+2.921493e-07
2026.069.03:59:00/gps-fmout/+3.525758e-07
2026.069.03:59:00/gps-maser/+2.938678e-07
2026.069.04:00:00/gps-fmout/+3.540052e-07
2026.069.04:00:00/gps-maser/+2.919319e-07
2026.069.04:01:00/gps-fmout/+3.508390e-07
2026.069.04:01:00/gps-maser/+2.918657e-07
2026.069.04:02:00/gps-fmout/+3.499686e-07
2026.069.04:02:00/gps-maser/+2.890000e-07
2026.069.04:03:00/gps-fmout/+3.483157e-07
2026.069.04:03:00/gps-maser/+2.900000e-07
2026.069.04:04:00/gps-fmout/+3.486667e-07
2026.069.04:04:00/gps-maser/+2.900000e-07
2026.069.04:05:00/gps-fmout/+3.479425e-07
2026.069.04:05:00/gps-maser/+2.896455e-07
2026.069.04:06:00/gps-fmout/+3.480814e-07
2026.069.04:06:00/gps-maser/+2.869089e-07
2026.069.04:07:00/gps-fmout/+3.489782e-07
2026.069.04:07:00/gps-maser/+2.881367e-07
2026.069.04:08:00/gps-fmout/+3.488156e-07
2026.069.04:08:00/gps-maser/+2.900225e-07
2026.069.04:09:00/gps-fmout/+3.496551e-07
2026.069.04:09:00/gps-maser/+2.903636e-07
2026.069.04:10:00/gps-fmout/+3.501412e-07
2026.069.04:10:00/gps-maser/+2.912727e-07
2026.069.04:11:00/gps-fmout/+3.542488e-07
2026.069.04:11:00/gps-maser/+2.922239e-07
2026.069.04:12:00/gps-fmout/+3.551889e-07
2026.069.04:12:00/gps-maser/+2.942735e-07
2026.069.04:13:00/gps-fmout/+3.570210e-07
2026.069.04:13:00/gps-maser/+2.980000e-07
2026.069.04:14:00/gps-fmout/+3.583600e-07
2026.069.04:14:00/gps-maser/+2.995062e-07
2026.069.04:15:00/gps-fmout/+3.594444e-07
2026.069.04:15:00/gps-maser/+3.001085e-07
2026.069.04:16:00/gps-fmout/+3.577576e-07
2026.069.04:16:00/gps-maser/+2.998539e-07
2026.069.04:17:00/gps-fmout/+3.568485e-07
2026.069.04:17:00/gps-maser/+2.987630e-07
2026.069.04:18:00/gps-fmout/+3.559564e-07
2026.069.04:18:00/gps-maser/+2.970000e-07
2026.069.04:19:00/gps-fmout/+3.557133e-07
2026.069.04:19:00/gps-maser/+2.970000e-07
2026.069.04:20:00/gps-fmout/+3.542424e-07
2026.069.04:20:00/gps-maser/+2.962878e-07
2026.069.04:21:00/gps-fmout/+3.524242e-07
2026.069.04:21:00/gps-maser/+2.934726e-07
2026.069.04:22:00/gps-fmout/+3.504038e-07
2026.069.04:22:00/gps-maser/+2.914545e-07
2026.069.04:23:00/gps-fmout/+3.467879e-07
2026.069.04:23:00/gps-maser/+2.887273e-07
2026.069.04:24:00/gps-fmout/+3.449697e-07
2026.069.04:24:00/gps-maser/+2.860000e-07
2026.069.04:25:00/gps-fmout/+3.428161e-07
2026.069.04:25:00/gps-maser/+2.848846e-07
2026.069.04:26:00/gps-fmout/+3.403556e-07
2026.069.04:26:00/gps-maser/+2.841342e-07
2026.069.04:27:00/gps-fmout/+3.402678e-07
2026.069.04:27:00/gps-maser/+2.820517e-07
2026.069.04:28:00/gps-fmout/+3.420355e-07
2026.069.04:28:00/gps-maser/+2.832727e-07
2026.069.04:29:00/gps-fmout/+3.412331e-07
2026.069.04:29:00/gps-maser/+2.850909e-07
2026.069.04:30:00/gps-fmout/+3.464885e-07
2026.069.04:30:00/gps-maser/+2.858666e-07
2026.069.04:31:00/gps-fmout/+3.466212e-07
2026.069.04:31:00/gps-maser/+2.849351e-07
2026.069.04:32:00/gps-fmout/+3.457121e-07
2026.069.04:32:00/gps-maser/+2.852126e-07
2026.069.04:33:00/gps-fmout/+3.445800e-07
2026.069.04:33:00/gps-maser/+2.859444e-07
2026.069.04:34:00/gps-fmout/+3.419873e-07
2026.069.04:34:00/gps-maser/+2.850483e-07
2026.069.04:35:00/gps-fmout/+3.430245e-07
2026.069.04:35:00/gps-maser/+2.860000e-07
2026.069.04:36:00/gps-fmout/+3.437751e-07
2026.069.04:36:00/gps-maser/+2.860000e-07
2026.069.04:37:00/gps-fmout/+3.438025e-07
2026.069.04:37:00/gps-maser/+2.862163e-07
2026.069.04:38:00/gps-fmout/+3.455695e-07
2026.069.04:38:00/gps-maser/+2.869765e-07
2026.069.04:39:00/gps-fmout/+3.432056e-07
2026.069.04:39:00/gps-maser/+2.856961e-07
2026.069.04:40:00/gps-fmout/+3.450000e-07
2026.069.04:40:00/gps-maser/+2.830024e-07
2026.069.04:41:00/gps-fmout/+3.450000e-07
2026.069.04:41:00/gps-maser/+2.839270e-07
2026.069.04:42:00/gps-fmout/+3.449554e-07
2026.069.04:42:00/gps-maser/+2.846852e-07
2026.069.04:43:00/gps-fmout/+3.452149e-07
2026.069.04:43:00/gps-maser/+2.863479e-07
2026.069.04:44:00/gps-fmout/+3.461970e-07
2026.069.04:44:00/gps-maser/+2.870473e-07
2026.069.04:45:00/gps-fmout/+3.471061e-07
2026.069.04:45:00/gps-maser/+2.870609e-07
2026.069.04:46:00/gps-fmout/+3.480122e-07
2026.069.04:46:00/gps-maser/+2.880000e-07
2026.069.04:47:00/gps-fmout/+3.464536e-07
2026.069.04:47:00/gps-maser/+2.880000e-07
2026.069.04:48:00/gps-fmout/+3.465741e-07
2026.069.04:48:00/gps-maser/+2.875766e-07
2026.069.04:49:00/gps-fmout/+3.474219e-07
2026.069.04:49:00/gps-maser/+2.860548e-07
2026.069.04:50:00/gps-fmout/+3.446225e-07
2026.069.04:50:00/gps-maser/+2.868252e-07
2026.069.04:51:00/gps-fmout/+3.430067e-07
2026.069.04:51:00/gps-maser/+2.849825e-07
2026.069.04:52:00/gps-fmout/+3.439748e-07
2026.069.04:52:00/gps-maser/+2.844853e-07
2026.069.04:53:00/gps-fmout/+3.443004e-07
2026.069.04:53:00/gps-maser/+2.847944e-07
2026.069.04:54:00/gps-fmout/+3.455178e-07
2026.069.04:54:00/gps-maser/+2.874613e-07
2026.069.04:55:00/gps-fmout/+3.471901e-07
2026.069.04:55:00/gps-maser/+2.877946e-07
2026.069.04:56:00/gps-fmout/+3.468848e-07
2026.069.04:56:00/gps-maser/+2.860421e-07
2026.069.04:57:00/gps-fmout/+3.449969e-07
2026.069.04:57:00/gps-maser/+2.870000e-07
2026.069.04:58:00/gps-fmout/+3.455700e-07
2026.069.04:58:00/gps-maser/+2.870000e-07
2026.069.04:59:00/gps-fmout/+3.455630e-07
2026.069.04:59:00/gps-maser/+2.867883e-07
2026.069.05:00:00/gps-fmout/+3.472282e-07
2026.069.05:00:00/gps-maser/+2.861973e-07
2026.069.05:01:00/gps-fmout/+3.466618e-07
2026.069.05:01:00/gps-maser/+2.879965e-07
2026.069.05:02:00/gps-fmout/+3.437761e-07
2026.069.05:02:00/gps-maser/+2.857872e-07
2026.069.05:03:00/gps-fmout/+3.422244e-07
2026.069.05:03:00/gps-maser/+2.810548e-07
2026.069.05:04:00/gps-fmout/+3.426105e-07
2026.069.05:04:00/gps-maser/+2.809016e-07
2026.069.05:05:00/gps-fmout/+3.419661e-07
2026.069.05:05:00/gps-maser/+2.830000e-07
2026.069.05:06:00/gps-fmout/+3.418671e-07
2026.069.05:06:00/gps-maser/+2.830000e-07
2026.069.05:07:00/gps-fmout/+3.410305e-07
2026.069.05:07:00/gps-maser/+2.830401e-07
2026.069.05:08:00/gps-fmout/+3.430497e-07
2026.069.05:08:00/gps-maser/+2.850000e-07
2026.069.05:09:00/gps-fmout/+3.461273e-07
2026.069.05:09:00/gps-maser/+2.851331e-07
2026.069.05:10:00/gps-fmout/+3.470494e-07
2026.069.05:10:00/gps-maser/+2.870578e-07
2026.069.05:11:00/gps-fmout/+3.471897e-07
2026.069.05:11:00/gps-maser/+2.873531e-07
2026.069.05:12:00/gps-fmout/+3.482329e-07
2026.069.05:12:00/gps-maser/+2.890575e-07
2026.069.05:13:00/gps-fmout/+3.499650e-07
2026.069.05:13:00/gps-maser/+2.880649e-07
2026.069.05:14:00/gps-fmout/+3.479994e-07
2026.069.05:14:00/gps-maser/+2.886627e-07
2026.069.05:15:00/gps-fmout/+3.468690e-07
2026.069.05:15:00/gps-maser/+2.873381e-07
2026.069.05:16:00/gps-fmout/+3.450180e-07
2026.069.05:16:00/gps-maser/+2.880943e-07
2026.069.05:17:00/gps-fmout/+3.464711e-07
2026.069.05:17:00/gps-maser/+2.877196e-07
2026.069.05:18:00/gps-fmout/+3.489222e-07
2026.069.05:18:00/gps-maser/+2.848881e-07
2026.069.05:19:00/gps-fmout/+3.429912e-07
2026.069.05:19:00/gps-maser/+2.860000e-07
2026.069.05:20:00/gps-fmout/+3.427463e-07
2026.069.05:20:00/gps-maser/+2.820000e-07
2026.069.05:21:00/gps-fmout/+3.409136e-07
2026.069.05:21:00/gps-maser/+2.820000e-07
2026.069.05:22:00/gps-fmout/+3.402972e-07
2026.069.05:22:00/gps-maser/+2.816018e-07
2026.069.05:23:00/gps-fmout/+3.368531e-07
2026.069.05:23:00/gps-maser/+2.775667e-07
2026.069.05:24:00/gps-fmout/+3.378063e-07
2026.069.05:24:00/gps-maser/+2.760579e-07
2026.069.05:25:00/gps-fmout/+3.363396e-07
2026.069.05:25:00/gps-maser/+2.784545e-07
2026.069.05:26:00/gps-fmout/+3.379906e-07
2026.069.05:26:00/gps-maser/+2.793636e-07
2026.069.05:27:00/gps-fmout/+3.385183e-07
2026.069.05:27:00/gps-maser/+2.797714e-07
2026.069.05:28:00/gps-fmout/+3.399468e-07
2026.069.05:28:00/gps-maser/+2.782653e-07
2026.069.05:29:00/gps-fmout/+3.390687e-07
2026.069.05:29:00/gps-maser/+2.810068e-07
2026.069.05:30:00/gps-fmout/+3.400073e-07
2026.069.05:30:00/gps-maser/+2.800000e-07
2026.069.05:31:00/gps-fmout/+3.390817e-07
2026.069.05:31:00/gps-maser/+2.809824e-07
2026.069.05:32:00/gps-fmout/+3.390159e-07
2026.069.05:32:00/gps-maser/+2.815032e-07
2026.069.05:33:00/gps-fmout/+3.425543e-07
2026.069.05:33:00/gps-maser/+2.836339e-07
2026.069.05:34:00/gps-fmout/+3.441918e-07
2026.069.05:34:00/gps-maser/+2.863050e-07
2026.069.05:35:00/gps-fmout/+3.450288e-07
2026.069.05:35:00/gps-maser/+2.869752e-07
2026.069.05:36:00/gps-fmout/+3.466305e-07
2026.069.05:36:00/gps-maser/+2.866108e-07
2026.069.05:37:00/gps-fmout/+3.502171e-07
2026.069.05:37:00/gps-maser/+2.895616e-07
2026.069.05:38:00/gps-fmout/+3.503469e-07
2026.069.05:38:00/gps-maser/+2.915785e-07
2026.069.05:39:00/gps-fmout/+3.474250e-07
2026.069.05:39:00/gps-maser/+2.888182e-07
2026.069.05:40:00/gps-fmout/+3.462121e-07
2026.069.05:40:00/gps-maser/+2.879091e-07
2026.069.05:41:00/gps-fmout/+3.480303e-07
2026.069.05:41:00/gps-maser/+2.870000e-07
2026.069.05:42:00/gps-fmout/+3.492122e-07
2026.069.05:42:00/gps-maser/+2.892690e-07
2026.069.05:43:00/gps-fmout/+3.493580e-07
2026.069.05:43:00/gps-maser/+2.915351e-07
2026.069.05:44:00/gps-fmout/+3.500000e-07
2026.069.05:44:00/gps-maser/+2.920000e-07
2026.069.05:45:00/gps-fmout/+3.500000e-07
2026.069.05:45:00/gps-maser/+2.920000e-07
2026.069.05:46:00/gps-fmout/+3.499563e-07
2026.069.05:46:00/gps-maser/+2.920000e-07
2026.069.05:47:00/gps-fmout/+3.502739e-07
2026.069.05:47:00/gps-maser/+2.907716e-07
2026.069.05:48:00/gps-fmout/+3.525166e-07
2026.069.05:48:00/gps-maser/+2.905171e-07
2026.069.05:49:00/gps-fmout/+3.530000e-07
2026.069.05:49:00/gps-maser/+2.935194e-07
2026.069.05:50:00/gps-fmout/+3.530000e-07
2026.069.05:50:00/gps-maser/+2.918084e-07
2026.069.05:51:00/gps-fmout/+3.529399e-07
2026.069.05:51:00/gps-maser/+2.908683e-07
2026.069.05:52:00/gps-fmout/+3.499472e-07
2026.069.05:52:00/gps-maser/+2.890000e-07
2026.069.05:53:00/gps-fmout/+3.481302e-07
2026.069.05:53:00/gps-maser/+2.902411e-07
2026.069.05:54:00/gps-fmout/+3.491082e-07
2026.069.05:54:00/gps-maser/+2.891875e-07
2026.069.05:55:00/gps-fmout/+3.483292e-07
2026.069.05:55:00/gps-maser/+2.868589e-07
2026.069.05:56:00/gps-fmout/+3.451108e-07
2026.069.05:56:00/gps-maser/+2.868495e-07
2026.069.05:57:00/gps-fmout/+3.470355e-07
2026.069.05:57:00/gps-maser/+2.850542e-07
2026.069.05:58:00/gps-fmout/+3.455481e-07
2026.069.05:58:00/gps-maser/+2.871155e-07
2026.069.05:59:00/gps-fmout/+3.452870e-07
2026.069.05:59:00/gps-maser/+2.861911e-07
2026.069.06:00:00/gps-fmout/+3.480000e-07
2026.069.06:00:00/gps-maser/+2.877551e-07
2026.069.06:01:00/gps-fmout/+3.480000e-07
2026.069.06:01:00/gps-maser/+2.901645e-07
2026.069.06:02:00/gps-fmout/+3.479727e-07
2026.069.06:02:00/gps-maser/+2.901277e-07
2026.069.06:03:00/gps-fmout/+3.469979e-07
2026.069.06:03:00/gps-maser/+2.890714e-07
2026.069.06:04:00/gps-fmout/+3.471515e-07
2026.069.06:04:00/gps-maser/+2.869749e-07
2026.069.06:05:00/gps-fmout/+3.451852e-07
2026.069.06:05:00/gps-maser/+2.866417e-07
2026.069.06:06:00/gps-fmout/+3.442066e-07
2026.069.06:06:00/gps-maser/+2.862211e-07
2026.069.06:07:00/gps-fmout/+3.463030e-07
2026.069.06:07:00/gps-maser/+2.883877e-07
2026.069.06:08:00/gps-fmout/+3.482216e-07
2026.069.06:08:00/gps-maser/+2.911247e-07
2026.069.06:09:00/gps-fmout/+3.505303e-07
2026.069.06:09:00/gps-maser/+2.916807e-07
2026.069.06:10:00/gps-fmout/+3.496212e-07
2026.069.06:10:00/gps-maser/+2.910252e-07
2026.069.06:11:00/gps-fmout/+3.490352e-07
2026.069.06:11:00/gps-maser/+2.905808e-07
2026.069.06:12:00/gps-fmout/+3.500475e-07
2026.069.06:12:00/gps-maser/+2.886829e-07
2026.069.06:13:00/gps-fmout/+3.499545e-07
2026.069.06:13:00/gps-maser/+2.881275e-07
2026.069.06:14:00/gps-fmout/+3.490054e-07
2026.069.06:14:00/gps-maser/+2.910000e-07
2026.069.06:15:00/gps-fmout/+3.510000e-07
2026.069.06:15:00/gps-maser/+2.923626e-07
2026.069.06:16:00/gps-fmout/+3.510000e-07
2026.069.06:16:00/gps-maser/+2.911983e-07
2026.069.06:17:00/gps-fmout/+3.509056e-07
2026.069.06:17:00/gps-maser/+2.885173e-07
2026.069.06:18:00/gps-fmout/+3.497583e-07
2026.069.06:18:00/gps-maser/+2.882727e-07
2026.069.06:19:00/gps-fmout/+3.480038e-07
2026.069.06:19:00/gps-maser/+2.900909e-07
2026.069.06:20:00/gps-fmout/+3.489728e-07
2026.069.06:20:00/gps-maser/+2.897491e-07
2026.069.06:21:00/gps-fmout/+3.501406e-07
2026.069.06:21:00/gps-maser/+2.892909e-07
2026.069.06:22:00/gps-fmout/+3.520000e-07
2026.069.06:22:00/gps-maser/+2.926817e-07
2026.069.06:23:00/gps-fmout/+3.520000e-07
2026.069.06:23:00/gps-maser/+2.940631e-07
2026.069.06:24:00/gps-fmout/+3.520153e-07
2026.069.06:24:00/gps-maser/+2.940634e-07
2026.069.06:25:00/gps-fmout/+3.530277e-07
2026.069.06:25:00/gps-maser/+2.950000e-07
2026.069.06:26:00/gps-fmout/+3.552235e-07
2026.069.06:26:00/gps-maser/+2.962417e-07
2026.069.06:27:00/gps-fmout/+3.546815e-07
2026.069.06:27:00/gps-maser/+2.956818e-07
2026.069.06:28:00/gps-fmout/+3.539085e-07
2026.069.06:28:00/gps-maser/+2.947927e-07
2026.069.06:29:00/gps-fmout/+3.537039e-07
2026.069.06:29:00/gps-maser/+2.937781e-07
2026.069.06:30:00/gps-fmout/+3.500810e-07
2026.069.06:30:00/gps-maser/+2.919091e-07
2026.069.06:31:00/gps-fmout/+3.520000e-07
2026.069.06:31:00/gps-maser/+2.917062e-07
2026.069.06:32:00/gps-fmout/+3.520000e-07
2026.069.06:32:00/gps-maser/+2.926364e-07
2026.069.06:33:00/gps-fmout/+3.520000e-07
2026.069.06:33:00/gps-maser/+2.917273e-07
2026.069.06:34:00/gps-fmout/+3.518289e-07
2026.069.06:34:00/gps-maser/+2.909624e-07
2026.069.06:35:00/gps-fmout/+3.499253e-07
2026.069.06:35:00/gps-maser/+2.919419e-07
2026.069.06:36:00/gps-fmout/+3.499835e-07
2026.069.06:36:00/gps-maser/+2.890000e-07
2026.069.06:37:00/gps-fmout/+3.489975e-07
2026.069.06:37:00/gps-maser/+2.898287e-07
2026.069.06:38:00/gps-fmout/+3.484025e-07
2026.069.06:38:00/gps-maser/+2.882971e-07
2026.069.06:39:00/gps-fmout/+3.466296e-07
2026.069.06:39:00/gps-maser/+2.888470e-07
2026.069.06:40:00/gps-fmout/+3.461082e-07
2026.069.06:40:00/gps-maser/+2.877674e-07
2026.069.06:41:00/gps-fmout/+3.480417e-07
2026.069.06:41:00/gps-maser/+2.859424e-07
2026.069.06:42:00/gps-fmout/+3.469247e-07
2026.069.06:42:00/gps-maser/+2.869091e-07
2026.069.06:43:00/gps-fmout/+3.466340e-07
2026.069.06:43:00/gps-maser/+2.887273e-07
2026.069.06:44:00/gps-fmout/+3.483466e-07
2026.069.06:44:00/gps-maser/+2.902615e-07
2026.069.06:45:00/gps-fmout/+3.490557e-07
2026.069.06:45:00/gps-maser/+2.902352e-07
2026.069.06:46:00/gps-fmout/+3.490500e-07
2026.069.06:46:00/gps-maser/+2.918392e-07
2026.069.06:47:00/gps-fmout/+3.500008e-07
2026.069.06:47:00/gps-maser/+2.897321e-07
2026.069.06:48:00/gps-fmout/+3.492670e-07
2026.069.06:48:00/gps-maser/+2.908441e-07
2026.069.06:49:00/gps-fmout/+3.506370e-07
2026.069.06:49:00/gps-maser/+2.917656e-07
2026.069.06:50:00/gps-fmout/+3.520024e-07
2026.069.06:50:00/gps-maser/+2.912273e-07
2026.069.06:51:00/gps-fmout/+3.512753e-07
2026.069.06:51:00/gps-maser/+2.921364e-07
2026.069.06:52:00/gps-fmout/+3.540403e-07
2026.069.06:52:00/gps-maser/+2.930338e-07
2026.069.06:53:00/gps-fmout/+3.551583e-07
2026.069.06:53:00/gps-maser/+2.934545e-07
2026.069.06:54:00/gps-fmout/+3.556212e-07
2026.069.06:54:00/gps-maser/+2.943636e-07
2026.069.06:55:00/gps-fmout/+3.547121e-07
2026.069.06:55:00/gps-maser/+2.951848e-07
2026.069.06:56:00/gps-fmout/+3.536382e-07
2026.069.06:56:00/gps-maser/+2.946936e-07
2026.069.06:57:00/gps-fmout/+3.507802e-07
2026.069.06:57:00/gps-maser/+2.919119e-07
2026.069.06:58:00/gps-fmout/+3.500055e-07
2026.069.06:58:00/gps-maser/+2.896500e-07
2026.069.06:59:00/gps-fmout/+3.505891e-07
2026.069.06:59:00/gps-maser/+2.891138e-07
2026.069.07:00:00/gps-fmout/+3.503086e-07
2026.069.07:00:00/gps-maser/+2.916664e-07
2026.069.07:01:00/gps-fmout/+3.510408e-07
2026.069.07:01:00/gps-maser/+2.933803e-07
2026.069.07:02:00/gps-fmout/+3.510755e-07
2026.069.07:02:00/gps-maser/+2.937971e-07
2026.069.07:03:00/gps-fmout/+3.518833e-07
2026.069.07:03:00/gps-maser/+2.900000e-07
2026.069.07:04:00/gps-fmout/+3.490012e-07
2026.069.07:04:00/gps-maser/+2.900000e-07
2026.069.07:05:00/gps-fmout/+3.486124e-07
2026.069.07:05:00/gps-maser/+2.897556e-07
2026.069.07:06:00/gps-fmout/+3.478830e-07
2026.069.07:06:00/gps-maser/+2.888822e-07
2026.069.07:07:00/gps-fmout/+3.482446e-07
2026.069.07:07:00/gps-maser/+2.892771e-07
2026.069.07:08:00/gps-fmout/+3.499109e-07
2026.069.07:08:00/gps-maser/+2.908182e-07
2026.069.07:09:00/gps-fmout/+3.469927e-07
2026.069.07:09:00/gps-maser/+2.890000e-07
2026.069.07:10:00/gps-fmout/+3.474316e-07
2026.069.07:10:00/gps-maser/+2.881289e-07
2026.069.07:11:00/gps-fmout/+3.475000e-07
2026.069.07:11:00/gps-maser/+2.883784e-07
2026.069.07:12:00/gps-fmout/+3.461572e-07
2026.069.07:12:00/gps-maser/+2.872273e-07
2026.069.07:13:00/gps-fmout/+3.470234e-07
2026.069.07:13:00/gps-maser/+2.881364e-07
2026.069.07:14:00/gps-fmout/+3.471520e-07
2026.069.07:14:00/gps-maser/+2.890766e-07
2026.069.07:15:00/gps-fmout/+3.506311e-07
2026.069.07:15:00/gps-maser/+2.901811e-07
2026.069.07:16:00/gps-fmout/+3.518684e-07
2026.069.07:16:00/gps-maser/+2.903764e-07
2026.069.07:17:00/gps-fmout/+3.512590e-07
2026.069.07:17:00/gps-maser/+2.933670e-07
2026.069.07:18:00/gps-fmout/+3.520427e-07
2026.069.07:18:00/gps-maser/+2.940622e-07
2026.069.07:19:00/gps-fmout/+3.521192e-07
2026.069.07:19:00/gps-maser/+2.938824e-07
2026.069.07:20:00/gps-fmout/+3.540000e-07
2026.069.07:20:00/gps-maser/+2.934500e-07
2026.069.07:21:00/gps-fmout/+3.540000e-07
2026.069.07:21:00/gps-maser/+2.940077e-07
2026.069.07:22:00/gps-fmout/+3.542222e-07
2026.069.07:22:00/gps-maser/+2.944835e-07
2026.069.07:23:00/gps-fmout/+3.550584e-07
2026.069.07:23:00/gps-maser/+2.959843e-07
2026.069.07:24:00/gps-fmout/+3.550794e-07
2026.069.07:24:00/gps-maser/+2.951950e-07
2026.069.07:25:00/gps-fmout/+3.559797e-07
2026.069.07:25:00/gps-maser/+2.979955e-07
2026.069.07:26:00/gps-fmout/+3.562982e-07
2026.069.07:26:00/gps-maser/+2.982021e-07
2026.069.07:27:00/gps-fmout/+3.583650e-07
2026.069.07:27:00/gps-maser/+2.979091e-07
2026.069.07:28:00/gps-fmout/+3.573049e-07
2026.069.07:28:00/gps-maser/+2.951818e-07
2026.069.07:29:00/gps-fmout/+3.542121e-07
2026.069.07:29:00/gps-maser/+2.926108e-07
2026.069.07:30:00/gps-fmout/+3.505758e-07
2026.069.07:30:00/gps-maser/+2.917736e-07
2026.069.07:31:00/gps-fmout/+3.469455e-07
2026.069.07:31:00/gps-maser/+2.890000e-07
2026.069.07:32:00/gps-fmout/+3.478631e-07
2026.069.07:32:00/gps-maser/+2.877106e-07
2026.069.07:33:00/gps-fmout/+3.486667e-07
2026.069.07:33:00/gps-maser/+2.885345e-07
2026.069.07:34:00/gps-fmout/+3.504848e-07
2026.069.07:34:00/gps-maser/+2.901277e-07
2026.069.07:35:00/gps-fmout/+3.522541e-07
2026.069.07:35:00/gps-maser/+2.903256e-07
2026.069.07:36:00/gps-fmout/+3.530965e-07
2026.069.07:36:00/gps-maser/+2.940270e-07
2026.069.07:37:00/gps-fmout/+3.540151e-07
2026.069.07:37:00/gps-maser/+2.944838e-07
2026.069.07:38:00/gps-fmout/+3.543788e-07
2026.069.07:38:00/gps-maser/+2.951157e-07
2026.069.07:39:00/gps-fmout/+3.552879e-07
2026.069.07:39:00/gps-maser/+2.947453e-07
2026.069.07:40:00/gps-fmout/+3.558103e-07
2026.069.07:40:00/gps-maser/+2.940000e-07
2026.069.07:41:00/gps-fmout/+3.531261e-07
2026.069.07:41:00/gps-maser/+2.940000e-07
2026.069.07:42:00/gps-fmout/+3.560064e-07
2026.069.07:42:00/gps-maser/+2.940000e-07
2026.069.07:43:00/gps-fmout/+3.557145e-07
2026.069.07:43:00/gps-maser/+2.952697e-07
2026.069.07:44:00/gps-fmout/+3.543333e-07
2026.069.07:44:00/gps-maser/+2.940000e-07
2026.069.07:45:00/gps-fmout/+3.525152e-07
2026.069.07:45:00/gps-maser/+2.940000e-07
2026.069.07:46:00/gps-fmout/+3.507689e-07
2026.069.07:46:00/gps-maser/+2.939557e-07
2026.069.07:47:00/gps-fmout/+3.510674e-07
2026.069.07:47:00/gps-maser/+2.930098e-07
2026.069.07:48:00/gps-fmout/+3.510385e-07
2026.069.07:48:00/gps-maser/+2.930819e-07
2026.069.07:49:00/gps-fmout/+3.506852e-07
2026.069.07:49:00/gps-maser/+2.920000e-07
2026.069.07:50:00/gps-fmout/+3.524199e-07
2026.069.07:50:00/gps-maser/+2.920000e-07
2026.069.07:51:00/gps-fmout/+3.527434e-07
2026.069.07:51:00/gps-maser/+2.920939e-07
2026.069.07:52:00/gps-fmout/+3.498578e-07
2026.069.07:52:00/gps-maser/+2.928356e-07
2026.069.07:53:00/gps-fmout/+3.500268e-07
2026.069.07:53:00/gps-maser/+2.902054e-07
2026.069.07:54:00/gps-fmout/+3.516128e-07
2026.069.07:54:00/gps-maser/+2.903047e-07
2026.069.07:55:00/gps-fmout/+3.510000e-07
2026.069.07:55:00/gps-maser/+2.916758e-07
2026.069.07:56:00/gps-fmout/+3.510000e-07
2026.069.07:56:00/gps-maser/+2.927849e-07
2026.069.07:57:00/gps-fmout/+3.508762e-07
2026.069.07:57:00/gps-maser/+2.908272e-07
2026.069.07:58:00/gps-fmout/+3.490000e-07
2026.069.07:58:00/gps-maser/+2.900000e-07
2026.069.07:59:00/gps-fmout/+3.490000e-07
2026.069.07:59:00/gps-maser/+2.900000e-07
2026.069.08:00:00/gps-fmout/+3.490000e-07
2026.069.08:00:00/gps-maser/+2.902444e-07
2026.069.08:01:00/gps-fmout/+3.491124e-07
2026.069.08:01:00/gps-maser/+2.909880e-07
2026.069.08:02:00/gps-fmout/+3.503149e-07
2026.069.08:02:00/gps-maser/+2.913636e-07
2026.069.08:03:00/gps-fmout/+3.522783e-07
2026.069.08:03:00/gps-maser/+2.931818e-07
2026.069.08:04:00/gps-fmout/+3.550417e-07
2026.069.08:04:00/gps-maser/+2.950000e-07
2026.069.08:05:00/gps-fmout/+3.556831e-07
2026.069.08:05:00/gps-maser/+2.947860e-07
2026.069.08:06:00/gps-fmout/+3.550000e-07
2026.069.08:06:00/gps-maser/+2.960316e-07
2026.069.08:07:00/gps-fmout/+3.550000e-07
2026.069.08:07:00/gps-maser/+2.961858e-07
2026.069.08:08:00/gps-fmout/+3.548957e-07
2026.069.08:08:00/gps-maser/+2.969445e-07
2026.069.08:09:00/gps-fmout/+3.529963e-07
2026.069.08:09:00/gps-maser/+2.948511e-07
2026.069.08:10:00/gps-fmout/+3.518948e-07
2026.069.08:10:00/gps-maser/+2.929098e-07
2026.069.08:11:00/gps-fmout/+3.507576e-07
2026.069.08:11:00/gps-maser/+2.925817e-07
2026.069.08:12:00/gps-fmout/+3.526643e-07
2026.069.08:12:00/gps-maser/+2.920000e-07
2026.069.08:13:00/gps-fmout/+3.539936e-07
2026.069.08:13:00/gps-maser/+2.920000e-07
2026.069.08:14:00/gps-fmout/+3.528939e-07
2026.069.08:14:00/gps-maser/+2.921142e-07
2026.069.08:15:00/gps-fmout/+3.519815e-07
2026.069.08:15:00/gps-maser/+2.911563e-07
2026.069.08:16:00/gps-fmout/+3.490121e-07
2026.069.08:16:00/gps-maser/+2.876711e-07
2026.069.08:17:00/gps-fmout/+3.475802e-07
2026.069.08:17:00/gps-maser/+2.853926e-07
2026.069.08:18:00/gps-fmout/+3.469416e-07
2026.069.08:18:00/gps-maser/+2.851767e-07
2026.069.08:19:00/gps-fmout/+3.469186e-07
2026.069.08:19:00/gps-maser/+2.860000e-07
2026.069.08:20:00/gps-fmout/+3.460175e-07
2026.069.08:20:00/gps-maser/+2.859981e-07
2026.069.08:21:00/gps-fmout/+3.460619e-07
2026.069.08:21:00/gps-maser/+2.863869e-07
2026.069.08:22:00/gps-fmout/+3.463440e-07
2026.069.08:22:00/gps-maser/+2.873636e-07
2026.069.08:23:00/gps-fmout/+3.490673e-07
2026.069.08:23:00/gps-maser/+2.883651e-07
2026.069.08:24:00/gps-fmout/+3.492470e-07
2026.069.08:24:00/gps-maser/+2.905920e-07
2026.069.08:25:00/gps-fmout/+3.514242e-07
2026.069.08:25:00/gps-maser/+2.942670e-07
2026.069.08:26:00/gps-fmout/+3.550606e-07
2026.069.08:26:00/gps-maser/+2.960000e-07
2026.069.08:27:00/gps-fmout/+3.579498e-07
2026.069.08:27:00/gps-maser/+2.963285e-07
2026.069.08:28:00/gps-fmout/+3.580000e-07
2026.069.08:28:00/gps-maser/+2.975838e-07
2026.069.08:29:00/gps-fmout/+3.580000e-07
2026.069.08:29:00/gps-maser/+2.992076e-07
2026.069.08:30:00/gps-fmout/+3.580668e-07
2026.069.08:30:00/gps-maser/+2.988445e-07
2026.069.08:31:00/gps-fmout/+3.589170e-07
2026.069.08:31:00/gps-maser/+2.969930e-07
2026.069.08:32:00/gps-fmout/+3.565228e-07
2026.069.08:32:00/gps-maser/+2.966927e-07
2026.069.08:33:00/gps-fmout/+3.552620e-07
2026.069.08:33:00/gps-maser/+2.953447e-07
2026.069.08:34:00/gps-fmout/+3.540162e-07
2026.069.08:34:00/gps-maser/+2.955140e-07
2026.069.08:35:00/gps-fmout/+3.546647e-07
2026.069.08:35:00/gps-maser/+2.937411e-07
2026.069.08:36:00/gps-fmout/+3.520788e-07
2026.069.08:36:00/gps-maser/+2.930240e-07
2026.069.08:37:00/gps-fmout/+3.549796e-07
2026.069.08:37:00/gps-maser/+2.950000e-07
2026.069.08:38:00/gps-fmout/+3.535010e-07
2026.069.08:38:00/gps-maser/+2.934938e-07
2026.069.08:39:00/gps-fmout/+3.532346e-07
2026.069.08:39:00/gps-maser/+2.932344e-07
2026.069.08:40:00/gps-fmout/+3.533809e-07
2026.069.08:40:00/gps-maser/+2.936512e-07
2026.069.08:41:00/gps-fmout/+3.496431e-07
2026.069.08:41:00/gps-maser/+2.918329e-07
2026.069.08:42:00/gps-fmout/+3.491248e-07
2026.069.08:42:00/gps-maser/+2.909768e-07
2026.069.08:43:00/gps-fmout/+3.513258e-07
2026.069.08:43:00/gps-maser/+2.899557e-07
2026.069.08:44:00/gps-fmout/+3.498307e-07
2026.069.08:44:00/gps-maser/+2.893636e-07
2026.069.08:45:00/gps-fmout/+3.488176e-07
2026.069.08:45:00/gps-maser/+2.902727e-07
2026.069.08:46:00/gps-fmout/+3.521970e-07
2026.069.08:46:00/gps-maser/+2.910856e-07
2026.069.08:47:00/gps-fmout/+3.531061e-07
2026.069.08:47:00/gps-maser/+2.911753e-07
2026.069.08:48:00/gps-fmout/+3.540141e-07
2026.069.08:48:00/gps-maser/+2.950000e-07
2026.069.08:49:00/gps-fmout/+3.548307e-07
2026.069.08:49:00/gps-maser/+2.965794e-07
2026.069.08:50:00/gps-fmout/+3.554815e-07
2026.069.08:50:00/gps-maser/+2.967607e-07
2026.069.08:51:00/gps-fmout/+3.540000e-07
2026.069.08:51:00/gps-maser/+2.960000e-07
2026.069.08:52:00/gps-fmout/+3.540000e-07
2026.069.08:52:00/gps-maser/+2.960000e-07
2026.069.08:53:00/gps-fmout/+3.540724e-07
2026.069.08:53:00/gps-maser/+2.959767e-07
2026.069.08:54:00/gps-fmout/+3.563098e-07
2026.069.08:54:00/gps-maser/+2.954038e-07
2026.069.08:55:00/gps-fmout/+3.551003e-07
2026.069.08:55:00/gps-maser/+2.959947e-07
2026.069.08:56:00/gps-fmout/+3.542879e-07
2026.069.08:56:00/gps-maser/+2.962276e-07
2026.069.08:57:00/gps-fmout/+3.551970e-07
2026.069.08:57:00/gps-maser/+2.970654e-07
2026.069.08:58:00/gps-fmout/+3.561061e-07
2026.069.08:58:00/gps-maser/+2.969642e-07
2026.069.08:59:00/gps-fmout/+3.570145e-07
2026.069.08:59:00/gps-maser/+2.960000e-07
2026.069.09:00:00/gps-fmout/+3.565943e-07
2026.069.09:00:00/gps-maser/+2.980000e-07
2026.069.09:01:00/gps-fmout/+3.558519e-07
2026.069.09:01:00/gps-maser/+2.980000e-07
2026.069.09:02:00/gps-fmout/+3.562424e-07
2026.069.09:02:00/gps-maser/+2.976535e-07
2026.069.09:03:00/gps-fmout/+3.571515e-07
2026.069.09:03:00/gps-maser/+2.948587e-07
2026.069.09:04:00/gps-fmout/+3.580095e-07
2026.069.09:04:00/gps-maser/+2.950646e-07
2026.069.09:05:00/gps-fmout/+3.574822e-07
2026.069.09:05:00/gps-maser/+2.959850e-07
2026.069.09:06:00/gps-fmout/+3.572841e-07
2026.069.09:06:00/gps-maser/+2.966478e-07
2026.069.09:07:00/gps-fmout/+3.559664e-07
2026.069.09:07:00/gps-maser/+2.984323e-07
2026.069.09:08:00/gps-fmout/+3.558409e-07
2026.069.09:08:00/gps-maser/+2.984889e-07
2026.069.09:09:00/gps-fmout/+3.549328e-07
2026.069.09:09:00/gps-maser/+2.930327e-07
2026.069.09:10:00/gps-fmout/+3.549838e-07
2026.069.09:10:00/gps-maser/+2.940000e-07
2026.069.09:11:00/gps-fmout/+3.534502e-07
2026.069.09:11:00/gps-maser/+2.940000e-07
2026.069.09:12:00/gps-fmout/+3.566085e-07
2026.069.09:12:00/gps-maser/+2.944096e-07
2026.069.09:13:00/gps-fmout/+3.564619e-07
2026.069.09:13:00/gps-maser/+2.962155e-07
2026.069.09:14:00/gps-fmout/+3.538617e-07
2026.069.09:14:00/gps-maser/+2.957273e-07
2026.069.09:15:00/gps-fmout/+3.541004e-07
2026.069.09:15:00/gps-maser/+2.939091e-07
2026.069.09:16:00/gps-fmout/+3.556191e-07
2026.069.09:16:00/gps-maser/+2.940631e-07
2026.069.09:17:00/gps-fmout/+3.554404e-07
2026.069.09:17:00/gps-maser/+2.956504e-07
2026.069.09:18:00/gps-fmout/+3.544309e-07
2026.069.09:18:00/gps-maser/+2.950000e-07
2026.069.09:19:00/gps-fmout/+3.556828e-07
2026.069.09:19:00/gps-maser/+2.950000e-07
2026.069.09:20:00/gps-fmout/+3.538820e-07
2026.069.09:20:00/gps-maser/+2.947836e-07
2026.069.09:21:00/gps-fmout/+3.529769e-07
2026.069.09:21:00/gps-maser/+2.904583e-07
2026.069.09:22:00/gps-fmout/+3.507016e-07
2026.069.09:22:00/gps-maser/+2.904091e-07
2026.069.09:23:00/gps-fmout/+3.490229e-07
2026.069.09:23:00/gps-maser/+2.913527e-07
2026.069.09:24:00/gps-fmout/+3.498323e-07
2026.069.09:24:00/gps-maser/+2.920679e-07
2026.069.09:25:00/gps-fmout/+3.491433e-07
2026.069.09:25:00/gps-maser/+2.920000e-07
2026.069.09:26:00/gps-fmout/+3.509204e-07
2026.069.09:26:00/gps-maser/+2.920000e-07
2026.069.09:27:00/gps-fmout/+3.495429e-07
2026.069.09:27:00/gps-maser/+2.904410e-07
2026.069.09:28:00/gps-fmout/+3.482507e-07
2026.069.09:28:00/gps-maser/+2.882059e-07
2026.069.09:29:00/gps-fmout/+3.468934e-07
2026.069.09:29:00/gps-maser/+2.883055e-07
2026.069.09:30:00/gps-fmout/+3.468350e-07
2026.069.09:30:00/gps-maser/+2.858029e-07
2026.069.09:31:00/gps-fmout/+3.459334e-07
2026.069.09:31:00/gps-maser/+2.861769e-07
2026.069.09:32:00/gps-fmout/+3.460158e-07
2026.069.09:32:00/gps-maser/+2.890000e-07
2026.069.09:33:00/gps-fmout/+3.483060e-07
2026.069.09:33:00/gps-maser/+2.893025e-07
2026.069.09:34:00/gps-fmout/+3.504519e-07
2026.069.09:34:00/gps-maser/+2.908707e-07
2026.069.09:35:00/gps-fmout/+3.514682e-07
2026.069.09:35:00/gps-maser/+2.931207e-07
2026.069.09:36:00/gps-fmout/+3.530205e-07
2026.069.09:36:00/gps-maser/+2.930929e-07
2026.069.09:37:00/gps-fmout/+3.518991e-07
2026.069.09:37:00/gps-maser/+2.939528e-07
2026.069.09:38:00/gps-fmout/+3.518239e-07
2026.069.09:38:00/gps-maser/+2.911719e-07
2026.069.09:39:00/gps-fmout/+3.526198e-07
2026.069.09:39:00/gps-maser/+2.919787e-07
2026.069.09:40:00/gps-fmout/+3.520000e-07
2026.069.09:40:00/gps-maser/+2.939590e-07
2026.069.09:41:00/gps-fmout/+3.520000e-07
2026.069.09:41:00/gps-maser/+2.925779e-07
2026.069.09:42:00/gps-fmout/+3.520000e-07
2026.069.09:42:00/gps-maser/+2.899658e-07
2026.069.09:43:00/gps-fmout/+3.520000e-07
2026.069.09:43:00/gps-maser/+2.940000e-07
2026.069.09:44:00/gps-fmout/+3.523354e-07
2026.069.09:44:00/gps-maser/+2.905394e-07
2026.069.09:45:00/gps-fmout/+3.530988e-07
2026.069.09:45:00/gps-maser/+2.922799e-07
2026.069.09:46:00/gps-fmout/+3.528058e-07
2026.069.09:46:00/gps-maser/+2.948863e-07
2026.069.09:47:00/gps-fmout/+3.520359e-07
2026.069.09:47:00/gps-maser/+2.939655e-07
2026.069.09:48:00/gps-fmout/+3.530986e-07
2026.069.09:48:00/gps-maser/+2.939246e-07
2026.069.09:49:00/gps-fmout/+3.531789e-07
2026.069.09:49:00/gps-maser/+2.924545e-07
2026.069.09:50:00/gps-fmout/+3.520000e-07
2026.069.09:50:00/gps-maser/+2.933636e-07
2026.069.09:51:00/gps-fmout/+3.520000e-07
2026.069.09:51:00/gps-maser/+2.938152e-07
2026.069.09:52:00/gps-fmout/+3.521711e-07
2026.069.09:52:00/gps-maser/+2.920981e-07
2026.069.09:53:00/gps-fmout/+3.540153e-07
2026.069.09:53:00/gps-maser/+2.938119e-07
2026.069.09:54:00/gps-fmout/+3.520148e-07
2026.069.09:54:00/gps-maser/+2.935389e-07
2026.069.09:55:00/gps-fmout/+3.535788e-07
2026.069.09:55:00/gps-maser/+2.945597e-07
2026.069.09:56:00/gps-fmout/+3.533136e-07
2026.069.09:56:00/gps-maser/+2.943050e-07
2026.069.09:57:00/gps-fmout/+3.540501e-07
2026.069.09:57:00/gps-maser/+2.950552e-07
2026.069.09:58:00/gps-fmout/+3.542529e-07
2026.069.09:58:00/gps-maser/+2.949239e-07
2026.069.09:59:00/gps-fmout/+3.570390e-07
2026.069.09:59:00/gps-maser/+2.940214e-07
2026.069.10:00:00/gps-fmout/+3.568171e-07
2026.069.10:00:00/gps-maser/+2.951240e-07
2026.069.10:01:00/gps-fmout/+3.548636e-07
2026.069.10:01:00/gps-maser/+2.947521e-07
2026.069.10:02:00/gps-fmout/+3.521364e-07
2026.069.10:02:00/gps-maser/+2.933171e-07
2026.069.10:03:00/gps-fmout/+3.496563e-07
2026.069.10:03:00/gps-maser/+2.908499e-07
2026.069.10:04:00/gps-fmout/+3.498356e-07
2026.069.10:04:00/gps-maser/+2.908488e-07
2026.069.10:05:00/gps-fmout/+3.480000e-07
2026.069.10:05:00/gps-maser/+2.899792e-07
2026.069.10:06:00/gps-fmout/+3.480000e-07
2026.069.10:06:00/gps-maser/+2.897283e-07
2026.069.10:07:00/gps-fmout/+3.477901e-07
2026.069.10:07:00/gps-maser/+2.881736e-07
2026.069.10:08:00/gps-fmout/+3.468894e-07
2026.069.10:08:00/gps-maser/+2.856051e-07
2026.069.10:09:00/gps-fmout/+3.471675e-07
2026.069.10:09:00/gps-maser/+2.849950e-07
2026.069.10:10:00/gps-fmout/+3.489638e-07
2026.069.10:10:00/gps-maser/+2.861210e-07
2026.069.10:11:00/gps-fmout/+3.477949e-07
2026.069.10:11:00/gps-maser/+2.887521e-07
2026.069.10:12:00/gps-fmout/+3.487005e-07
2026.069.10:12:00/gps-maser/+2.886700e-07
2026.069.10:13:00/gps-fmout/+3.500988e-07
2026.069.10:13:00/gps-maser/+2.880976e-07
2026.069.10:14:00/gps-fmout/+3.502789e-07
2026.069.10:14:00/gps-maser/+2.894054e-07
2026.069.10:15:00/gps-fmout/+3.520547e-07
2026.069.10:15:00/gps-maser/+2.920718e-07
2026.069.10:16:00/gps-fmout/+3.509691e-07
2026.069.10:16:00/gps-maser/+2.900000e-07
2026.069.10:17:00/gps-fmout/+3.503126e-07
2026.069.10:17:00/gps-maser/+2.925296e-07
2026.069.10:18:00/gps-fmout/+3.527832e-07
2026.069.10:18:00/gps-maser/+2.930247e-07
2026.069.10:19:00/gps-fmout/+3.527811e-07
2026.069.10:19:00/gps-maser/+2.932989e-07
2026.069.10:20:00/gps-fmout/+3.558580e-07
2026.069.10:20:00/gps-maser/+2.950674e-07
2026.069.10:21:00/gps-fmout/+3.539785e-07
2026.069.10:21:00/gps-maser/+2.938713e-07
2026.069.10:22:00/gps-fmout/+3.526888e-07
2026.069.10:22:00/gps-maser/+2.919292e-07
2026.069.10:23:00/gps-fmout/+3.503115e-07
2026.069.10:23:00/gps-maser/+2.916153e-07
2026.069.10:24:00/gps-fmout/+3.506903e-07
2026.069.10:24:00/gps-maser/+2.913381e-07
2026.069.10:25:00/gps-fmout/+3.530000e-07
2026.069.10:25:00/gps-maser/+2.930686e-07
2026.069.10:26:00/gps-fmout/+3.530000e-07
2026.069.10:26:00/gps-maser/+2.929574e-07
2026.069.10:27:00/gps-fmout/+3.530025e-07
2026.069.10:27:00/gps-maser/+2.920000e-07
2026.069.10:28:00/gps-fmout/+3.525214e-07
2026.069.10:28:00/gps-maser/+2.931818e-07
2026.069.10:29:00/gps-fmout/+3.505608e-07
2026.069.10:29:00/gps-maser/+2.913636e-07
2026.069.10:30:00/gps-fmout/+3.517727e-07
2026.069.10:30:00/gps-maser/+2.897102e-07
2026.069.10:31:00/gps-fmout/+3.510000e-07
2026.069.10:31:00/gps-maser/+2.902039e-07
2026.069.10:32:00/gps-fmout/+3.510000e-07
2026.069.10:32:00/gps-maser/+2.929015e-07
2026.069.10:33:00/gps-fmout/+3.490880e-07
2026.069.10:33:00/gps-maser/+2.883789e-07
2026.069.10:34:00/gps-fmout/+3.476713e-07
2026.069.10:34:00/gps-maser/+2.879252e-07
2026.069.10:35:00/gps-fmout/+3.492879e-07
2026.069.10:35:00/gps-maser/+2.884914e-07
2026.069.10:36:00/gps-fmout/+3.501970e-07
2026.069.10:36:00/gps-maser/+2.898182e-07
2026.069.10:37:00/gps-fmout/+3.509493e-07
2026.069.10:37:00/gps-maser/+2.889091e-07
2026.069.10:38:00/gps-fmout/+3.470164e-07
2026.069.10:38:00/gps-maser/+2.880000e-07
2026.069.10:39:00/gps-fmout/+3.485112e-07
2026.069.10:39:00/gps-maser/+2.906799e-07
2026.069.10:40:00/gps-fmout/+3.487407e-07
2026.069.10:40:00/gps-maser/+2.907098e-07
2026.069.10:41:00/gps-fmout/+3.483624e-07
2026.069.10:41:00/gps-maser/+2.899647e-07
2026.069.10:42:00/gps-fmout/+3.502440e-07
2026.069.10:42:00/gps-maser/+2.899303e-07
2026.069.10:43:00/gps-fmout/+3.509170e-07
2026.069.10:43:00/gps-maser/+2.890072e-07
2026.069.10:44:00/gps-fmout/+3.483473e-07
2026.069.10:44:00/gps-maser/+2.892197e-07
2026.069.10:45:00/gps-fmout/+3.480000e-07
2026.069.10:45:00/gps-maser/+2.886263e-07
2026.069.10:46:00/gps-fmout/+3.480000e-07
2026.069.10:46:00/gps-maser/+2.891255e-07
2026.069.10:47:00/gps-fmout/+3.480000e-07
2026.069.10:47:00/gps-maser/+2.860000e-07
2026.069.10:48:00/gps-fmout/+3.480000e-07
2026.069.10:48:00/gps-maser/+2.860000e-07
2026.069.10:49:00/gps-fmout/+3.479979e-07
2026.069.10:49:00/gps-maser/+2.860000e-07
2026.069.10:50:00/gps-fmout/+3.465634e-07
2026.069.10:50:00/gps-maser/+2.878755e-07
2026.069.10:51:00/gps-fmout/+3.453580e-07
2026.069.10:51:00/gps-maser/+2.853022e-07
2026.069.10:52:00/gps-fmout/+3.438787e-07
2026.069.10:52:00/gps-maser/+2.838230e-07
2026.069.10:53:00/gps-fmout/+3.439204e-07
2026.069.10:53:00/gps-maser/+2.837720e-07
2026.069.10:54:00/gps-fmout/+3.428630e-07
2026.069.10:54:00/gps-maser/+2.810602e-07
2026.069.10:55:00/gps-fmout/+3.427383e-07
2026.069.10:55:00/gps-maser/+2.834376e-07
2026.069.10:56:00/gps-fmout/+3.446388e-07
2026.069.10:56:00/gps-maser/+2.847245e-07
2026.069.10:57:00/gps-fmout/+3.439288e-07
2026.069.10:57:00/gps-maser/+2.862232e-07
2026.069.10:58:00/gps-fmout/+3.442242e-07
2026.069.10:58:00/gps-maser/+2.857561e-07
2026.069.10:59:00/gps-fmout/+3.460706e-07
2026.069.10:59:00/gps-maser/+2.840661e-07
2026.069.11:00:00/gps-fmout/+3.450238e-07
2026.069.11:00:00/gps-maser/+2.870000e-07
2026.069.11:01:00/gps-fmout/+3.475952e-07
2026.069.11:01:00/gps-maser/+2.865634e-07
2026.069.11:02:00/gps-fmout/+3.470000e-07
2026.069.11:02:00/gps-maser/+2.864441e-07
2026.069.11:03:00/gps-fmout/+3.470000e-07
2026.069.11:03:00/gps-maser/+2.880838e-07
2026.069.11:04:00/gps-fmout/+3.469381e-07
2026.069.11:04:00/gps-maser/+2.879315e-07
2026.069.11:05:00/gps-fmout/+3.460000e-07
2026.069.11:05:00/gps-maser/+2.869051e-07
2026.069.11:06:00/gps-fmout/+3.460000e-07
2026.069.11:06:00/gps-maser/+2.858962e-07
2026.069.11:07:00/gps-fmout/+3.451685e-07
2026.069.11:07:00/gps-maser/+2.862727e-07
2026.069.11:08:00/gps-fmout/+3.426588e-07
2026.069.11:08:00/gps-maser/+2.844545e-07
2026.069.11:09:00/gps-fmout/+3.415661e-07
2026.069.11:09:00/gps-maser/+2.826829e-07
2026.069.11:10:00/gps-fmout/+3.402121e-07
2026.069.11:10:00/gps-maser/+2.819838e-07
2026.069.11:11:00/gps-fmout/+3.420303e-07
2026.069.11:11:00/gps-maser/+2.830000e-07
2026.069.11:12:00/gps-fmout/+3.438485e-07
2026.069.11:12:00/gps-maser/+2.834103e-07
2026.069.11:13:00/gps-fmout/+3.456667e-07
2026.069.11:13:00/gps-maser/+2.860789e-07
2026.069.11:14:00/gps-fmout/+3.473964e-07
2026.069.11:14:00/gps-maser/+2.865587e-07
2026.069.11:15:00/gps-fmout/+3.480086e-07
2026.069.11:15:00/gps-maser/+2.892019e-07
2026.069.11:16:00/gps-fmout/+3.470855e-07
2026.069.11:16:00/gps-maser/+2.888940e-07
2026.069.11:17:00/gps-fmout/+3.475924e-07
2026.069.11:17:00/gps-maser/+2.865943e-07
2026.069.11:18:00/gps-fmout/+3.462166e-07
2026.069.11:18:00/gps-maser/+2.877273e-07
2026.069.11:19:00/gps-fmout/+3.475758e-07
2026.069.11:19:00/gps-maser/+2.895455e-07
2026.069.11:20:00/gps-fmout/+3.493939e-07
2026.069.11:20:00/gps-maser/+2.911427e-07
2026.069.11:21:00/gps-fmout/+3.512059e-07
2026.069.11:21:00/gps-maser/+2.901099e-07
2026.069.11:22:00/gps-fmout/+3.519908e-07
2026.069.11:22:00/gps-maser/+2.930000e-07
2026.069.11:23:00/gps-fmout/+3.505610e-07
2026.069.11:23:00/gps-maser/+2.920115e-07
2026.069.11:24:00/gps-fmout/+3.491185e-07
2026.069.11:24:00/gps-maser/+2.912082e-07
2026.069.11:25:00/gps-fmout/+3.469753e-07
2026.069.11:25:00/gps-maser/+2.888862e-07
2026.069.11:26:00/gps-fmout/+3.478866e-07
2026.069.11:26:00/gps-maser/+2.886576e-07
2026.069.11:27:00/gps-fmout/+3.457302e-07
2026.069.11:27:00/gps-maser/+2.858903e-07
2026.069.11:28:00/gps-fmout/+3.427412e-07
2026.069.11:28:00/gps-maser/+2.849098e-07
2026.069.11:29:00/gps-fmout/+3.433133e-07
2026.069.11:29:00/gps-maser/+2.846406e-07
2026.069.11:30:00/gps-fmout/+3.445323e-07
2026.069.11:30:00/gps-maser/+2.843381e-07
2026.069.11:31:00/gps-fmout/+3.462667e-07
2026.069.11:31:00/gps-maser/+2.860428e-07
2026.069.11:32:00/gps-fmout/+3.470758e-07
2026.069.11:32:00/gps-maser/+2.860696e-07
2026.069.11:33:00/gps-fmout/+3.469832e-07
2026.069.11:33:00/gps-maser/+2.870000e-07
2026.069.11:34:00/gps-fmout/+3.450000e-07
2026.069.11:34:00/gps-maser/+2.866387e-07
2026.069.11:35:00/gps-fmout/+3.450000e-07
2026.069.11:35:00/gps-maser/+2.864470e-07
2026.069.11:36:00/gps-fmout/+3.452956e-07
2026.069.11:36:00/gps-maser/+2.877094e-07
2026.069.11:37:00/gps-fmout/+3.470000e-07
2026.069.11:37:00/gps-maser/+2.859450e-07
2026.069.11:38:00/gps-fmout/+3.470000e-07
2026.069.11:38:00/gps-maser/+2.859497e-07
2026.069.11:39:00/gps-fmout/+3.452856e-07
2026.069.11:39:00/gps-maser/+2.853802e-07
2026.069.11:40:00/gps-fmout/+3.440136e-07
2026.069.11:40:00/gps-maser/+2.853421e-07
2026.069.11:41:00/gps-fmout/+3.454242e-07
2026.069.11:41:00/gps-maser/+2.841808e-07
2026.069.11:42:00/gps-fmout/+3.436061e-07
2026.069.11:42:00/gps-maser/+2.848520e-07
2026.069.11:43:00/gps-fmout/+3.418961e-07
2026.069.11:43:00/gps-maser/+2.840000e-07
2026.069.11:44:00/gps-fmout/+3.439935e-07
2026.069.11:44:00/gps-maser/+2.840000e-07
2026.069.11:45:00/gps-fmout/+3.433515e-07
2026.069.11:45:00/gps-maser/+2.836349e-07
2026.069.11:46:00/gps-fmout/+3.431728e-07
2026.069.11:46:00/gps-maser/+2.830000e-07
2026.069.11:47:00/gps-fmout/+3.414286e-07
2026.069.11:47:00/gps-maser/+2.830000e-07
2026.069.11:48:00/gps-fmout/+3.439680e-07
2026.069.11:48:00/gps-maser/+2.830907e-07
2026.069.11:49:00/gps-fmout/+3.430553e-07
2026.069.11:49:00/gps-maser/+2.850265e-07
2026.069.11:50:00/gps-fmout/+3.425859e-07
2026.069.11:50:00/gps-maser/+2.845421e-07
2026.069.11:51:00/gps-fmout/+3.416761e-07
2026.069.11:51:00/gps-maser/+2.845853e-07
2026.069.11:52:00/gps-fmout/+3.430441e-07
2026.069.11:52:00/gps-maser/+2.858625e-07
2026.069.11:53:00/gps-fmout/+3.432869e-07
2026.069.11:53:00/gps-maser/+2.846871e-07
2026.069.11:54:00/gps-fmout/+3.449413e-07
2026.069.11:54:00/gps-maser/+2.829112e-07
2026.069.11:55:00/gps-fmout/+3.429946e-07
2026.069.11:55:00/gps-maser/+2.840000e-07
2026.069.11:56:00/gps-fmout/+3.425881e-07
2026.069.11:56:00/gps-maser/+2.805649e-07
2026.069.11:57:00/gps-fmout/+3.418801e-07
2026.069.11:57:00/gps-maser/+2.819841e-07
2026.069.11:58:00/gps-fmout/+3.422845e-07
2026.069.11:58:00/gps-maser/+2.838818e-07
2026.069.11:59:00/gps-fmout/+3.438724e-07
2026.069.11:59:00/gps-maser/+2.829741e-07
2026.069.12:00:00/gps-fmout/+3.401870e-07
2026.069.12:00:00/gps-maser/+2.829598e-07
2026.069.12:01:00/gps-fmout/+3.426222e-07
2026.069.12:01:00/gps-maser/+2.824771e-07
2026.069.12:02:00/gps-fmout/+3.400853e-07
2026.069.12:02:00/gps-maser/+2.826364e-07
2026.069.12:03:00/gps-fmout/+3.394932e-07
2026.069.12:03:00/gps-maser/+2.817002e-07
2026.069.12:04:00/gps-fmout/+3.420000e-07
2026.069.12:04:00/gps-maser/+2.809391e-07
2026.069.12:05:00/gps-fmout/+3.420000e-07
2026.069.12:05:00/gps-maser/+2.810000e-07
2026.069.12:06:00/gps-fmout/+3.419922e-07
2026.069.12:06:00/gps-maser/+2.810000e-07
2026.069.12:07:00/gps-fmout/+3.397498e-07
2026.069.12:07:00/gps-maser/+2.810000e-07
2026.069.12:08:00/gps-fmout/+3.407438e-07
2026.069.12:08:00/gps-maser/+2.805490e-07
2026.069.12:09:00/gps-fmout/+3.395650e-07
2026.069.12:09:00/gps-maser/+2.791821e-07
2026.069.12:10:00/gps-fmout/+3.380542e-07
2026.069.12:10:00/gps-maser/+2.809930e-07
2026.069.12:11:00/gps-fmout/+3.409667e-07
2026.069.12:11:00/gps-maser/+2.800973e-07
2026.069.12:12:00/gps-fmout/+3.409418e-07
2026.069.12:12:00/gps-maser/+2.826067e-07
2026.069.12:13:00/gps-fmout/+3.417089e-07
2026.069.12:13:00/gps-maser/+2.830789e-07
2026.069.12:14:00/gps-fmout/+3.414285e-07
2026.069.12:14:00/gps-maser/+2.827724e-07
2026.069.12:15:00/gps-fmout/+3.427201e-07
2026.069.12:15:00/gps-maser/+2.819256e-07
2026.069.12:16:00/gps-fmout/+3.398866e-07
2026.069.12:16:00/gps-maser/+2.820609e-07
2026.069.12:17:00/gps-fmout/+3.410557e-07
2026.069.12:17:00/gps-maser/+2.830000e-07
2026.069.12:18:00/gps-fmout/+3.446407e-07
2026.069.12:18:00/gps-maser/+2.830000e-07
2026.069.12:19:00/gps-fmout/+3.439481e-07
2026.069.12:19:00/gps-maser/+2.834786e-07
2026.069.12:20:00/gps-fmout/+3.441818e-07
2026.069.12:20:00/gps-maser/+2.848913e-07
2026.069.12:21:00/gps-fmout/+3.451028e-07
2026.069.12:21:00/gps-maser/+2.839347e-07
2026.069.12:22:00/gps-fmout/+3.448901e-07
2026.069.12:22:00/gps-maser/+2.840616e-07
2026.069.12:23:00/gps-fmout/+3.426367e-07
2026.069.12:23:00/gps-maser/+2.843731e-07
2026.069.12:24:00/gps-fmout/+3.437288e-07
2026.069.12:24:00/gps-maser/+2.820366e-07
2026.069.12:25:00/gps-fmout/+3.454639e-07
2026.069.12:25:00/gps-maser/+2.840098e-07
2026.069.12:26:00/gps-fmout/+3.456980e-07
2026.069.12:26:00/gps-maser/+2.871901e-07
2026.069.12:27:00/gps-fmout/+3.428560e-07
2026.069.12:27:00/gps-maser/+2.856726e-07
2026.069.12:28:00/gps-fmout/+3.419928e-07
2026.069.12:28:00/gps-maser/+2.814048e-07
2026.069.12:29:00/gps-fmout/+3.407273e-07
2026.069.12:29:00/gps-maser/+2.780518e-07
2026.069.12:30:00/gps-fmout/+3.380000e-07
2026.069.12:30:00/gps-maser/+2.783050e-07
2026.069.12:31:00/gps-fmout/+3.358170e-07
2026.069.12:31:00/gps-maser/+2.790353e-07
2026.069.12:32:00/gps-fmout/+3.381807e-07
2026.069.12:32:00/gps-maser/+2.790721e-07
2026.069.12:33:00/gps-fmout/+3.391456e-07
2026.069.12:33:00/gps-maser/+2.799880e-07
2026.069.12:34:00/gps-fmout/+3.410242e-07
2026.069.12:34:00/gps-maser/+2.791249e-07
2026.069.12:35:00/gps-fmout/+3.417348e-07
2026.069.12:35:00/gps-maser/+2.814309e-07
2026.069.12:36:00/gps-fmout/+3.434197e-07
2026.069.12:36:00/gps-maser/+2.839482e-07
2026.069.12:37:00/gps-fmout/+3.438218e-07
2026.069.12:37:00/gps-maser/+2.831446e-07
2026.069.12:38:00/gps-fmout/+3.420500e-07
2026.069.12:38:00/gps-maser/+2.838709e-07
2026.069.12:39:00/gps-fmout/+3.430035e-07
2026.069.12:39:00/gps-maser/+2.823250e-07
2026.069.12:40:00/gps-fmout/+3.434224e-07
2026.069.12:40:00/gps-maser/+2.822333e-07
2026.069.12:41:00/gps-fmout/+3.435407e-07
2026.069.12:41:00/gps-maser/+2.838139e-07
2026.069.12:42:00/gps-fmout/+3.419332e-07
2026.069.12:42:00/gps-maser/+2.845455e-07
2026.069.12:43:00/gps-fmout/+3.417801e-07
2026.069.12:43:00/gps-maser/+2.827273e-07
2026.069.12:44:00/gps-fmout/+3.399731e-07
2026.069.12:44:00/gps-maser/+2.809514e-07
2026.069.12:45:00/gps-fmout/+3.394573e-07
2026.069.12:45:00/gps-maser/+2.806444e-07
2026.069.12:46:00/gps-fmout/+3.390000e-07
2026.069.12:46:00/gps-maser/+2.788759e-07
2026.069.12:47:00/gps-fmout/+3.390000e-07
2026.069.12:47:00/gps-maser/+2.793232e-07
2026.069.12:48:00/gps-fmout/+3.387278e-07
2026.069.12:48:00/gps-maser/+2.798182e-07
2026.069.12:49:00/gps-fmout/+3.359231e-07
2026.069.12:49:00/gps-maser/+2.789091e-07
2026.069.12:50:00/gps-fmout/+3.370382e-07
2026.069.12:50:00/gps-maser/+2.780000e-07
2026.069.12:51:00/gps-fmout/+3.390051e-07
2026.069.12:51:00/gps-maser/+2.785909e-07
2026.069.12:52:00/gps-fmout/+3.370476e-07
2026.069.12:52:00/gps-maser/+2.776818e-07
2026.069.12:53:00/gps-fmout/+3.345003e-07
2026.069.12:53:00/gps-maser/+2.768443e-07
2026.069.12:54:00/gps-fmout/+3.343177e-07
2026.069.12:54:00/gps-maser/+2.770909e-07
2026.069.12:55:00/gps-fmout/+3.389226e-07
2026.069.12:55:00/gps-maser/+2.780263e-07
2026.069.12:56:00/gps-fmout/+3.374796e-07
2026.069.12:56:00/gps-maser/+2.767528e-07
2026.069.12:57:00/gps-fmout/+3.375729e-07
2026.069.12:57:00/gps-maser/+2.770909e-07
2026.069.12:58:00/gps-fmout/+3.376503e-07
2026.069.12:58:00/gps-maser/+2.798182e-07
2026.069.12:59:00/gps-fmout/+3.403232e-07
2026.069.12:59:00/gps-maser/+2.821712e-07
2026.069.13:00:00/gps-fmout/+3.409555e-07
2026.069.13:00:00/gps-maser/+2.802186e-07
2026.069.13:01:00/gps-fmout/+3.399764e-07
2026.069.13:01:00/gps-maser/+2.810000e-07
2026.069.13:02:00/gps-fmout/+3.387557e-07
2026.069.13:02:00/gps-maser/+2.803775e-07
2026.069.13:03:00/gps-fmout/+3.393333e-07
2026.069.13:03:00/gps-maser/+2.802958e-07
2026.069.13:04:00/gps-fmout/+3.402424e-07
2026.069.13:04:00/gps-maser/+2.796818e-07
2026.069.13:05:00/gps-fmout/+3.412948e-07
2026.069.13:05:00/gps-maser/+2.824091e-07
2026.069.13:06:00/gps-fmout/+3.440000e-07
2026.069.13:06:00/gps-maser/+2.851150e-07
2026.069.13:07:00/gps-fmout/+3.440000e-07
2026.069.13:07:00/gps-maser/+2.844869e-07
2026.069.13:08:00/gps-fmout/+3.440000e-07
2026.069.13:08:00/gps-maser/+2.842725e-07
2026.069.13:09:00/gps-fmout/+3.438244e-07
2026.069.13:09:00/gps-maser/+2.850616e-07
2026.069.13:10:00/gps-fmout/+3.432385e-07
2026.069.13:10:00/gps-maser/+2.849005e-07
2026.069.13:11:00/gps-fmout/+3.459342e-07
2026.069.13:11:00/gps-maser/+2.840015e-07
2026.069.13:12:00/gps-fmout/+3.430036e-07
2026.069.13:12:00/gps-maser/+2.860000e-07
2026.069.13:13:00/gps-fmout/+3.431515e-07
2026.069.13:13:00/gps-maser/+2.830000e-07
2026.069.13:14:00/gps-fmout/+3.413333e-07
2026.069.13:14:00/gps-maser/+2.830000e-07
2026.069.13:15:00/gps-fmout/+3.402833e-07
2026.069.13:15:00/gps-maser/+2.828685e-07
2026.069.13:16:00/gps-fmout/+3.440595e-07
2026.069.13:16:00/gps-maser/+2.820934e-07
2026.069.13:17:00/gps-fmout/+3.428084e-07
2026.069.13:17:00/gps-maser/+2.840225e-07
2026.069.13:18:00/gps-fmout/+3.413727e-07
2026.069.13:18:00/gps-maser/+2.835455e-07
2026.069.13:19:00/gps-fmout/+3.416453e-07
2026.069.13:19:00/gps-maser/+2.826364e-07
2026.069.13:20:00/gps-fmout/+3.412506e-07
2026.069.13:20:00/gps-maser/+2.820654e-07
2026.069.13:21:00/gps-fmout/+3.415660e-07
2026.069.13:21:00/gps-maser/+2.828460e-07
2026.069.13:22:00/gps-fmout/+3.387250e-07
2026.069.13:22:00/gps-maser/+2.806837e-07
2026.069.13:23:00/gps-fmout/+3.369933e-07
2026.069.13:23:00/gps-maser/+2.780357e-07
2026.069.13:24:00/gps-fmout/+3.394323e-07
2026.069.13:24:00/gps-maser/+2.787030e-07
