2026.127.23:41:00;APEX Database Weather Data for Timerange of e26y08
2026.127.23:41:00;The format is wx/temp[C],press[mbar],humid[%],speed[m/s],direction[deg],pwv[mm]
2026.127.23:42:00/wx/-6.00,553.5,37.3,7.35,280,1.13
2026.127.23:43:00/wx/-6.05,553.6,37.7,9.34,274,1.13
2026.127.23:44:00/wx/-5.90,553.6,37.9,7.68,283,1.13
2026.127.23:45:00/wx/-5.98,553.6,38.2,7.72,278,1.13
2026.127.23:46:00/wx/-6.03,553.5,38.4,6.98,274,1.12
2026.127.23:47:00/wx/-6.00,553.5,38.5,6.78,276,1.10
2026.127.23:48:00/wx/-6.20,553.5,38.8,8.23,279,1.09
2026.127.23:49:00/wx/-6.20,553.5,39.0,9.46,281,1.10
2026.127.23:50:00/wx/-6.30,553.4,39.2,10.09,283,1.07
2026.127.23:51:00/wx/-6.30,553.3,39.4,9.38,284,1.05
2026.127.23:52:00/wx/-6.40,553.4,39.9,9.74,282,1.08
2026.127.23:53:00/wx/-6.40,553.5,40.5,9.63,284,1.08
2026.127.23:54:00/wx/-6.40,553.6,40.9,8.62,283,1.09
2026.127.23:55:00/wx/-6.30,553.8,41.0,6.94,279,1.13
2026.127.23:56:00/wx/-6.38,553.9,41.4,5.92,274,1.16
2026.127.23:57:00/wx/-6.30,554.0,41.4,6.48,275,1.19
2026.127.23:58:00/wx/-6.10,554.0,41.1,5.14,273,1.23
2026.127.23:59:00/wx/-5.61,554.1,40.6,5.60,261,1.25
2026.128.00:00:00/wx/-5.72,554.2,40.1,4.72,266,1.33
2026.128.00:01:00/wx/-5.52,554.2,40.2,5.52,266,1.35
2026.128.00:02:00/wx/-5.60,554.2,40.0,3.87,259,1.34
2026.128.00:03:00/wx/-5.50,554.2,39.9,5.82,271,1.31
2026.128.00:04:00/wx/-5.60,554.2,40.0,5.17,271,1.35
2026.128.00:05:00/wx/-5.57,554.2,40.2,6.33,272,1.35
2026.128.00:06:00/wx/-5.60,554.2,40.1,6.08,273,1.33
2026.128.00:07:00/wx/-5.80,554.1,40.5,6.52,283,1.29
2026.128.00:08:00/wx/-6.15,554.1,40.6,6.28,289,1.25
2026.128.00:09:00/wx/-6.69,554.1,41.1,7.48,289,1.23
2026.128.00:10:00/wx/-6.70,554.1,41.8,7.44,289,1.22
2026.128.00:11:00/wx/-6.80,554.1,42.4,6.89,287,1.24
2026.128.00:12:00/wx/-6.90,554.1,42.9,7.20,286,1.22
2026.128.00:13:00/wx/-6.90,554.0,43.1,7.74,284,1.23
2026.128.00:14:00/wx/-6.90,554.0,43.2,7.93,281,1.23
2026.128.00:15:00/wx/-6.83,554.0,43.3,8.29,284,1.22
2026.128.00:16:00/wx/-6.98,553.9,43.3,7.42,281,1.22
2026.128.00:17:00/wx/-7.00,553.9,43.6,7.48,283,1.21
2026.128.00:18:00/wx/-7.00,553.9,43.7,7.48,282,1.21
2026.128.00:19:00/wx/-7.00,553.9,43.9,7.43,280,1.23
2026.128.00:20:00/wx/-7.00,553.8,44.1,7.48,281,1.24
2026.128.00:21:00/wx/-7.09,553.9,44.1,7.02,283,1.24
2026.128.00:22:00/wx/-7.10,553.9,44.2,6.99,280,1.24
2026.128.00:23:00/wx/-7.10,553.8,44.3,6.93,281,1.23
2026.128.00:24:00/wx/-7.10,553.8,44.4,6.23,279,1.22
2026.128.00:25:00/wx/-7.20,553.8,44.6,7.74,286,1.23
2026.128.00:26:00/wx/-7.30,553.8,44.8,7.00,282,1.23
2026.128.00:27:00/wx/-7.40,553.8,45.1,7.00,283,1.25
2026.128.00:28:00/wx/-7.39,553.9,45.5,6.45,285,1.27
2026.128.00:29:00/wx/-7.40,553.9,46.0,7.23,285,1.28
2026.128.00:30:00/wx/-7.40,553.9,46.3,6.66,285,1.29
2026.128.00:31:00/wx/-7.40,553.9,46.6,6.00,289,1.32
2026.128.00:32:00/wx/-7.40,554.0,47.0,5.87,288,1.32
2026.128.00:33:00/wx/-7.40,554.0,47.4,5.22,291,1.31
2026.128.00:34:00/wx/-7.40,554.0,47.5,5.13,288,1.32
2026.128.00:35:00/wx/-7.44,554.1,47.5,4.71,291,1.33
2026.128.00:36:00/wx/-7.40,554.1,47.6,4.73,296,1.34
2026.128.00:37:00/wx/-7.40,554.0,47.6,4.88,295,1.34
2026.128.00:38:00/wx/-7.40,554.0,47.7,4.73,297,1.33
2026.128.00:39:00/wx/-7.40,554.0,47.8,4.54,300,1.34
2026.128.00:40:00/wx/-7.56,554.1,47.8,4.59,297,1.36
2026.128.00:41:00/wx/-7.60,554.1,48.2,4.44,297,1.37
2026.128.00:42:00/wx/-7.50,554.2,48.1,4.37,298,1.36
2026.128.00:43:00/wx/-7.60,554.2,48.4,4.55,301,1.37
2026.128.00:44:00/wx/-7.60,554.1,48.5,4.46,302,1.36
2026.128.00:45:00/wx/-7.70,554.1,48.6,4.48,298,1.36
2026.128.00:46:00/wx/-7.70,554.1,48.7,4.63,295,1.35
2026.128.00:47:00/wx/-7.80,554.1,48.8,4.68,295,1.33
2026.128.00:48:00/wx/-7.89,554.1,49.0,4.91,297,1.29
2026.128.00:49:00/wx/-8.00,554.1,49.2,5.22,287,1.28
2026.128.00:50:00/wx/-7.95,554.1,48.8,5.17,285,1.26
2026.128.00:51:00/wx/-7.80,554.1,48.5,5.63,282,1.25
2026.128.00:52:00/wx/-7.40,554.1,48.7,5.45,272,1.23
2026.128.00:53:00/wx/-7.32,554.0,48.8,4.96,278,1.20
2026.128.00:54:00/wx/-6.79,554.0,48.2,5.65,271,1.17
2026.128.00:55:00/wx/-6.50,554.0,47.2,6.91,279,1.14
2026.128.00:56:00/wx/-6.30,554.0,46.5,6.63,279,1.13
2026.128.00:57:00/wx/-6.64,553.9,46.3,6.62,278,1.12
2026.128.00:58:00/wx/-6.98,553.9,46.6,6.39,280,1.12
2026.128.00:59:00/wx/-7.62,553.9,47.3,6.44,280,1.13
2026.128.01:00:00/wx/-7.72,553.9,48.3,6.04,281,1.14
2026.128.01:01:00/wx/-7.80,553.9,49.1,5.53,279,1.15
2026.128.01:02:00/wx/-7.80,553.9,49.3,5.75,281,1.17
2026.128.01:03:00/wx/-7.70,553.9,49.5,5.90,279,1.18
2026.128.01:04:00/wx/-7.70,554.0,49.5,6.40,282,1.17
2026.128.01:05:00/wx/-7.70,554.0,49.6,6.09,282,1.17
2026.128.01:06:00/wx/-7.70,553.9,49.6,6.02,285,1.17
2026.128.01:07:00/wx/-7.70,553.9,49.2,6.13,285,1.17
2026.128.01:08:00/wx/-7.70,553.9,49.1,6.14,287,1.16
2026.128.01:09:00/wx/-7.68,553.9,49.3,6.14,288,1.17
2026.128.01:10:00/wx/-7.70,554.0,49.6,5.96,289,1.16
2026.128.01:11:00/wx/-7.70,554.0,49.8,5.51,289,1.15
2026.128.01:12:00/wx/-7.50,554.0,49.8,5.94,288,1.16
2026.128.01:13:00/wx/-7.40,554.0,49.3,5.72,292,1.11
2026.128.01:14:00/wx/-7.50,554.0,49.2,5.39,293,1.16
2026.128.01:15:00/wx/-7.70,554.0,49.5,5.31,297,1.13
2026.128.01:16:00/wx/-7.90,554.0,51.0,5.33,301,1.12
2026.128.01:17:00/wx/-8.15,554.1,51.7,4.68,304,1.12
2026.128.01:18:00/wx/-8.49,554.1,51.9,4.33,308,1.11
2026.128.01:19:00/wx/-8.70,554.1,53.0,4.18,312,1.10
2026.128.01:20:00/wx/-8.60,554.2,53.2,4.18,312,1.09
2026.128.01:21:00/wx/-8.40,554.2,53.0,4.13,306,1.10
2026.128.01:22:00/wx/-8.10,554.2,52.7,4.55,312,1.11
2026.128.01:23:00/wx/-7.71,554.2,51.7,4.22,304,1.11
2026.128.01:24:00/wx/-7.50,554.2,51.0,4.91,310,1.12
2026.128.01:25:00/wx/-7.50,554.2,50.5,4.87,311,1.12
2026.128.01:26:00/wx/-7.39,554.2,50.1,4.48,313,1.10
2026.128.01:27:00/wx/-7.40,554.2,49.8,4.88,312,1.11
2026.128.01:28:00/wx/-7.40,554.2,49.6,4.71,307,1.11
2026.128.01:29:00/wx/-7.50,554.2,49.4,4.84,312,1.06
2026.128.01:30:00/wx/-7.80,554.2,49.9,4.76,321,1.07
2026.128.01:31:00/wx/-8.10,554.1,50.4,4.02,321,1.08
2026.128.01:32:00/wx/-7.90,554.2,51.2,4.37,315,1.08
2026.128.01:33:00/wx/-8.10,554.2,51.0,4.53,307,1.10
2026.128.01:34:00/wx/-8.34,554.2,51.4,3.10,299,1.13
2026.128.01:35:00/wx/-8.80,554.2,52.1,2.74,285,1.10
2026.128.01:36:00/wx/-9.00,554.2,53.1,2.83,308,1.09
2026.128.01:37:00/wx/-9.20,554.2,53.6,2.99,314,1.10
2026.128.01:38:00/wx/-9.00,554.2,54.2,4.13,323,1.11
2026.128.01:39:00/wx/-7.96,554.2,51.8,4.53,326,1.10
2026.128.01:40:00/wx/-7.51,554.3,49.6,4.42,327,1.15
2026.128.01:41:00/wx/-7.29,554.2,49.0,4.76,324,1.11
2026.128.01:42:00/wx/-6.92,554.2,47.6,4.40,330,1.13
2026.128.01:43:00/wx/-7.30,554.2,47.0,4.53,331,1.16
2026.128.01:44:00/wx/-7.00,554.2,46.5,5.43,317,1.12
2026.128.01:45:00/wx/-6.80,554.2,45.2,4.34,324,1.14
2026.128.01:46:00/wx/-7.01,554.1,45.1,4.17,320,1.13
2026.128.01:47:00/wx/-6.93,554.1,45.1,4.29,327,1.13
2026.128.01:48:00/wx/-6.70,554.1,44.5,4.93,327,1.12
2026.128.01:49:00/wx/-6.70,554.1,43.8,5.48,326,1.11
2026.128.01:50:00/wx/-6.58,554.0,43.2,5.54,322,1.10
2026.128.01:51:00/wx/-6.70,554.0,43.1,5.60,323,1.08
2026.128.01:52:00/wx/-6.90,554.0,43.6,5.13,316,1.02
2026.128.01:53:00/wx/-6.81,554.0,43.6,5.23,321,1.02
2026.128.01:54:00/wx/-6.95,554.0,43.8,5.59,321,1.02
2026.128.01:55:00/wx/-7.01,554.0,44.1,5.35,319,1.01
2026.128.01:56:00/wx/-7.13,554.0,44.0,5.61,316,1.00
2026.128.01:57:00/wx/-7.56,554.0,44.7,5.97,315,1.01
2026.128.01:58:00/wx/-7.70,554.0,45.2,5.91,314,1.02
2026.128.01:59:00/wx/-7.80,554.0,45.3,5.86,307,1.04
2026.128.02:00:00/wx/-8.28,554.0,45.6,4.54,300,1.03
2026.128.02:01:00/wx/-9.03,554.0,47.7,4.75,301,1.01
2026.128.02:02:00/wx/-9.02,554.0,48.9,5.01,301,0.95
2026.128.02:03:00/wx/-8.89,554.1,48.6,5.53,299,0.95
2026.128.02:04:00/wx/-8.50,554.1,47.6,5.22,295,0.97
2026.128.02:05:00/wx/-8.30,554.0,46.6,5.23,296,0.94
2026.128.02:06:00/wx/-8.20,554.1,46.2,5.68,295,0.92
2026.128.02:07:00/wx/-8.20,554.1,45.6,5.79,290,0.90
2026.128.02:08:00/wx/-8.30,554.1,45.1,5.43,295,0.95
2026.128.02:09:00/wx/-8.14,554.1,45.4,5.36,299,0.98
2026.128.02:10:00/wx/-8.00,554.1,44.9,5.91,299,0.91
2026.128.02:11:00/wx/-7.90,554.1,44.4,5.13,302,0.91
2026.128.02:12:00/wx/-8.10,554.1,44.3,5.12,304,0.88
2026.128.02:13:00/wx/-8.21,554.1,44.5,4.84,308,0.94
2026.128.02:14:00/wx/-8.75,554.1,45.5,4.11,311,0.93
2026.128.02:15:00/wx/-9.00,554.1,47.1,4.74,309,0.92
2026.128.02:16:00/wx/-8.87,554.1,47.0,4.88,309,0.93
2026.128.02:17:00/wx/-8.87,554.2,46.7,4.36,312,0.91
2026.128.02:18:00/wx/-9.10,554.1,47.1,4.74,311,0.92
2026.128.02:19:00/wx/-9.04,554.1,47.1,5.02,312,0.94
2026.128.02:20:00/wx/-8.70,554.1,46.5,5.23,312,0.93
2026.128.02:21:00/wx/-8.57,554.1,45.6,5.31,307,0.91
2026.128.02:22:00/wx/-8.80,554.1,45.6,5.05,309,0.90
2026.128.02:23:00/wx/-8.80,554.2,46.1,5.23,309,0.91
2026.128.02:24:00/wx/-8.66,554.1,45.8,5.55,307,0.91
2026.128.02:25:00/wx/-8.90,554.1,45.8,5.73,309,0.91
2026.128.02:26:00/wx/-9.00,554.1,46.0,5.80,307,0.91
2026.128.02:27:00/wx/-9.19,554.1,46.4,5.54,306,0.91
2026.128.02:28:00/wx/-9.63,554.0,47.5,4.86,311,0.89
2026.128.02:29:00/wx/-10.38,554.1,49.2,4.68,307,0.91
2026.128.02:30:00/wx/-10.50,554.0,50.5,4.63,306,0.90
2026.128.02:31:00/wx/-10.45,554.1,51.1,4.43,304,0.92
2026.128.02:32:00/wx/-10.40,554.0,51.2,4.57,306,0.91
2026.128.02:33:00/wx/-10.40,554.0,51.4,5.27,307,0.90
2026.128.02:34:00/wx/-10.23,554.0,51.0,5.10,304,0.89
2026.128.02:35:00/wx/-10.00,554.0,50.6,6.23,306,0.89
2026.128.02:36:00/wx/-9.45,554.0,49.0,6.69,307,0.89
2026.128.02:37:00/wx/-9.30,554.0,47.6,6.09,311,0.89
2026.128.02:38:00/wx/-9.18,554.0,47.3,6.83,308,0.88
2026.128.02:39:00/wx/-8.91,554.0,46.3,6.82,309,0.88
2026.128.02:40:00/wx/-8.70,554.0,45.0,8.50,304,0.88
2026.128.02:41:00/wx/-8.60,554.0,44.3,7.13,307,0.88
2026.128.02:42:00/wx/-8.60,554.0,43.9,6.92,309,0.88
2026.128.02:43:00/wx/-8.48,554.0,43.2,7.09,307,0.86
2026.128.02:44:00/wx/-8.40,554.0,42.9,7.01,309,0.87
2026.128.02:45:00/wx/-8.59,554.0,43.1,6.53,311,0.89
2026.128.02:46:00/wx/-8.60,554.0,43.1,6.65,311,0.88
2026.128.02:47:00/wx/-8.80,554.0,43.5,6.92,313,0.87
2026.128.02:48:00/wx/-9.00,554.0,44.3,6.62,313,0.87
2026.128.02:49:00/wx/-9.01,553.9,44.4,6.65,318,0.88
2026.128.02:50:00/wx/-8.69,554.0,43.8,7.52,313,0.87
2026.128.02:51:00/wx/-8.24,554.0,42.8,7.32,310,0.88
2026.128.02:52:00/wx/-8.30,553.9,42.2,7.45,313,0.89
2026.128.02:53:00/wx/-8.37,554.0,42.3,7.81,314,0.87
2026.128.02:54:00/wx/-8.34,553.9,41.9,7.57,316,0.87
2026.128.02:55:00/wx/-8.00,553.9,41.1,7.61,316,0.88
2026.128.02:56:00/wx/-8.24,553.9,41.0,7.56,312,0.88
2026.128.02:57:00/wx/-8.40,553.9,41.3,7.55,313,0.88
2026.128.02:58:00/wx/-8.30,553.9,41.1,7.84,312,0.86
2026.128.02:59:00/wx/-8.57,553.9,41.1,7.19,309,0.89
2026.128.03:00:00/wx/-8.40,553.9,41.1,7.32,313,0.85
2026.128.03:01:00/wx/-8.30,553.9,40.7,7.44,310,0.89
2026.128.03:02:00/wx/-8.40,553.9,41.1,6.58,312,0.86
2026.128.03:03:00/wx/-9.03,553.9,42.3,6.56,317,0.91
2026.128.03:04:00/wx/-9.18,554.0,42.5,6.36,314,0.89
2026.128.03:05:00/wx/-9.29,553.9,42.6,6.63,322,0.91
2026.128.03:06:00/wx/-8.91,554.0,41.9,6.24,325,0.88
2026.128.03:07:00/wx/-8.51,554.0,40.9,6.53,324,0.88
2026.128.03:08:00/wx/-8.40,554.0,40.3,6.77,319,0.89
2026.128.03:09:00/wx/-8.32,554.0,40.2,6.25,317,0.88
2026.128.03:10:00/wx/-8.40,554.0,39.8,6.45,317,0.88
2026.128.03:11:00/wx/-8.66,554.1,40.1,6.22,325,0.90
2026.128.03:12:00/wx/-8.70,554.0,39.9,6.83,321,0.89
2026.128.03:13:00/wx/-8.60,554.1,39.7,6.54,319,0.91
2026.128.03:14:00/wx/-8.50,554.1,39.2,6.35,316,0.93
2026.128.03:15:00/wx/-8.31,554.1,39.0,6.68,316,0.92
2026.128.03:16:00/wx/-8.30,554.0,38.9,6.76,316,0.91
2026.128.03:17:00/wx/-8.30,554.0,39.0,7.13,311,0.93
2026.128.03:18:00/wx/-8.23,554.0,38.7,7.17,316,0.92
2026.128.03:19:00/wx/-8.30,554.0,38.9,7.58,318,0.91
2026.128.03:20:00/wx/-8.50,554.0,39.2,7.89,316,0.89
2026.128.03:21:00/wx/-8.27,554.0,38.9,7.16,316,0.92
2026.128.03:22:00/wx/-8.40,554.0,39.3,8.73,306,0.91
2026.128.03:23:00/wx/-8.30,553.9,39.0,7.46,313,0.84
2026.128.03:24:00/wx/-8.30,554.0,39.2,7.34,306,0.91
2026.128.03:25:00/wx/-8.40,554.0,39.5,7.06,309,0.85
2026.128.03:26:00/wx/-8.30,554.0,39.3,6.09,310,0.93
2026.128.03:27:00/wx/-8.40,553.9,39.5,7.23,314,0.84
2026.128.03:28:00/wx/-8.30,554.0,39.3,6.87,314,0.89
2026.128.03:29:00/wx/-8.40,553.9,39.7,6.64,311,0.89
2026.128.03:30:00/wx/-8.20,553.9,39.6,6.04,312,0.86
2026.128.03:31:00/wx/-8.20,553.9,39.5,6.26,311,0.88
2026.128.03:32:00/wx/-8.10,553.9,39.5,6.53,305,0.86
2026.128.03:33:00/wx/-8.10,553.9,39.4,6.01,308,0.86
2026.128.03:34:00/wx/-8.00,554.0,39.2,5.29,313,0.91
2026.128.03:35:00/wx/-8.02,554.0,39.2,5.78,309,0.91
2026.128.03:36:00/wx/-8.20,554.0,39.7,6.05,311,0.90
2026.128.03:37:00/wx/-8.00,554.0,39.4,6.36,309,0.92
2026.128.03:38:00/wx/-7.94,554.0,38.9,5.90,306,0.91
2026.128.03:39:00/wx/-7.90,554.0,38.7,5.36,306,0.93
2026.128.03:40:00/wx/-8.00,554.0,38.9,6.00,309,0.93
2026.128.03:41:00/wx/-8.00,554.0,38.8,6.19,307,0.95
2026.128.03:42:00/wx/-7.90,554.0,38.5,6.55,305,0.95
2026.128.03:43:00/wx/-7.90,554.0,38.5,6.58,302,0.93
2026.128.03:44:00/wx/-7.99,554.0,38.5,5.54,307,0.94
2026.128.03:45:00/wx/-7.99,554.0,38.7,5.76,305,0.94
2026.128.03:46:00/wx/-8.11,554.0,38.9,6.20,307,0.94
2026.128.03:47:00/wx/-8.10,554.0,38.9,5.81,307,0.94
2026.128.03:48:00/wx/-8.20,554.0,39.2,5.80,307,0.91
2026.128.03:49:00/wx/-8.30,554.0,39.6,4.97,305,0.96
2026.128.03:50:00/wx/-8.93,554.0,40.5,4.55,292,0.92
2026.128.03:51:00/wx/-9.10,554.0,41.9,5.01,296,0.97
2026.128.03:52:00/wx/-9.20,554.1,42.4,4.74,290,0.94
2026.128.03:53:00/wx/-9.15,554.1,42.9,4.37,283,0.99
2026.128.03:54:00/wx/-8.90,554.1,42.2,4.63,290,0.93
2026.128.03:55:00/wx/-8.80,554.1,41.6,4.43,290,0.99
2026.128.03:56:00/wx/-8.71,554.1,41.3,4.66,287,0.93
2026.128.03:57:00/wx/-8.40,554.1,40.7,4.63,290,0.99
2026.128.03:58:00/wx/-8.34,554.1,40.1,4.72,288,0.91
2026.128.03:59:00/wx/-8.30,554.1,39.9,4.64,286,0.94
2026.128.04:00:00/wx/-8.30,554.1,40.0,4.46,288,0.96
2026.128.04:01:00/wx/-8.30,554.1,39.9,5.19,294,0.94
2026.128.04:02:00/wx/-8.20,554.1,39.6,4.69,293,0.94
2026.128.04:03:00/wx/-8.20,554.1,39.5,4.75,293,0.96
2026.128.04:04:00/wx/-8.10,554.0,39.4,4.64,297,0.92
2026.128.04:05:00/wx/-8.54,554.0,39.9,3.98,293,0.90
2026.128.04:06:00/wx/-8.60,554.1,40.8,3.90,283,0.95
2026.128.04:07:00/wx/-8.39,554.1,40.6,4.00,291,0.98
2026.128.04:08:00/wx/-8.10,554.1,39.7,4.07,293,0.96
2026.128.04:09:00/wx/-8.10,554.1,39.3,3.73,307,0.89
2026.128.04:10:00/wx/-8.30,554.1,39.6,3.92,308,0.99
2026.128.04:11:00/wx/-8.40,554.1,39.9,4.39,317,0.95
2026.128.04:12:00/wx/-8.40,554.1,39.8,3.29,293,0.91
2026.128.04:13:00/wx/-8.55,554.1,40.2,3.77,295,0.97
2026.128.04:14:00/wx/-8.50,554.1,40.1,3.33,304,0.95
2026.128.04:15:00/wx/-8.91,554.1,40.8,3.81,292,0.90
2026.128.04:16:00/wx/-9.09,554.1,41.5,3.38,296,0.92
2026.128.04:17:00/wx/-9.30,554.1,42.0,3.43,316,0.92
2026.128.04:18:00/wx/-9.36,554.1,42.7,4.91,325,0.90
2026.128.04:19:00/wx/-8.40,554.1,41.2,5.23,326,0.90
2026.128.04:20:00/wx/-7.65,554.0,39.5,5.46,321,0.93
2026.128.04:21:00/wx/-7.51,554.1,38.6,5.17,324,0.92
2026.128.04:22:00/wx/-7.22,554.1,37.9,5.57,327,0.90
2026.128.04:23:00/wx/-7.30,554.1,37.7,5.90,320,0.95
2026.128.04:24:00/wx/-7.20,554.0,37.3,5.83,325,0.95
2026.128.04:25:00/wx/-7.15,554.0,37.1,6.17,328,0.90
2026.128.04:26:00/wx/-6.91,554.0,36.6,5.48,324,0.93
2026.128.04:27:00/wx/-6.90,554.0,36.4,6.41,328,0.87
2026.128.04:28:00/wx/-7.06,554.0,36.4,5.82,330,0.94
2026.128.04:29:00/wx/-7.19,554.1,36.8,6.01,323,0.96
2026.128.04:30:00/wx/-7.06,554.0,36.7,6.16,329,0.90
2026.128.04:31:00/wx/-7.00,554.0,36.1,5.97,328,0.91
2026.128.04:32:00/wx/-7.12,554.0,35.8,6.48,330,0.90
2026.128.04:33:00/wx/-6.90,554.0,35.4,6.61,324,0.92
2026.128.04:34:00/wx/-6.80,554.0,35.1,6.84,331,0.97
2026.128.04:35:00/wx/-6.96,554.0,35.1,6.30,331,0.88
2026.128.04:36:00/wx/-6.90,554.0,35.1,6.26,325,0.90
2026.128.04:37:00/wx/-6.93,554.0,35.1,6.02,323,0.92
2026.128.04:38:00/wx/-6.98,554.0,35.0,6.40,329,0.90
2026.128.04:39:00/wx/-7.00,554.0,35.1,6.65,328,0.92
2026.128.04:40:00/wx/-6.90,554.0,35.0,6.38,328,0.92
2026.128.04:41:00/wx/-6.80,554.0,34.7,6.91,328,0.92
2026.128.04:42:00/wx/-6.80,554.0,34.5,6.52,329,0.90
2026.128.04:43:00/wx/-7.17,553.9,35.0,7.05,324,0.91
2026.128.04:44:00/wx/-7.20,553.9,35.3,6.64,324,0.89
2026.128.04:45:00/wx/-7.00,553.9,35.2,6.80,327,0.88
2026.128.04:46:00/wx/-7.10,553.9,35.1,7.06,325,0.88
2026.128.04:47:00/wx/-6.93,553.9,35.0,7.24,331,0.87
2026.128.04:48:00/wx/-7.30,553.9,35.6,6.80,325,0.86
2026.128.04:49:00/wx/-7.40,553.9,36.0,6.62,326,0.87
2026.128.04:50:00/wx/-7.24,553.9,35.9,6.48,327,0.89
2026.128.04:51:00/wx/-7.20,553.9,35.7,7.24,327,0.87
2026.128.04:52:00/wx/-7.40,553.8,36.0,5.92,328,0.89
2026.128.04:53:00/wx/-7.42,553.9,36.2,6.88,324,0.90
2026.128.04:54:00/wx/-7.40,553.9,36.0,6.46,326,0.90
2026.128.04:55:00/wx/-7.51,553.8,36.2,6.61,330,0.89
2026.128.04:56:00/wx/-7.40,553.9,36.2,7.23,324,0.90
2026.128.04:57:00/wx/-7.23,553.9,35.7,6.75,327,0.89
2026.128.04:58:00/wx/-7.18,553.9,35.4,6.85,327,0.90
2026.128.04:59:00/wx/-7.49,553.9,35.9,7.28,325,0.89
2026.128.05:00:00/wx/-7.34,553.8,35.8,6.88,332,0.88
2026.128.05:01:00/wx/-7.40,553.8,35.8,6.53,328,0.88
2026.128.05:02:00/wx/-7.40,553.8,35.7,6.37,326,0.87
2026.128.05:03:00/wx/-7.39,553.8,35.8,6.87,323,0.88
2026.128.05:04:00/wx/-7.42,553.8,35.6,6.32,326,0.88
2026.128.05:05:00/wx/-7.70,553.8,36.2,6.75,324,0.88
2026.128.05:06:00/wx/-7.50,553.7,36.0,6.73,331,0.86
2026.128.05:07:00/wx/-7.36,553.7,35.7,7.32,329,0.87
2026.128.05:08:00/wx/-7.19,553.7,34.9,6.69,327,0.88
2026.128.05:09:00/wx/-7.10,553.7,34.8,7.60,326,0.88
2026.128.05:10:00/wx/-7.16,553.7,34.6,6.06,329,0.88
2026.128.05:11:00/wx/-7.10,553.7,34.5,7.53,319,0.87
2026.128.05:12:00/wx/-7.20,553.7,34.6,7.01,324,0.87
2026.128.05:13:00/wx/-7.31,553.7,34.8,7.23,321,0.86
2026.128.05:14:00/wx/-7.10,553.7,34.4,6.97,327,0.87
2026.128.05:15:00/wx/-7.10,553.7,34.4,7.31,331,0.87
2026.128.05:16:00/wx/-7.10,553.7,34.3,6.95,325,0.86
2026.128.05:17:00/wx/-7.13,553.7,34.5,5.96,325,0.86
2026.128.05:18:00/wx/-7.40,553.7,35.1,6.16,326,0.87
2026.128.05:19:00/wx/-7.48,553.7,35.2,6.39,323,0.87
2026.128.05:20:00/wx/-7.43,553.7,35.2,6.86,325,0.87
2026.128.05:21:00/wx/-7.50,553.7,35.1,6.91,325,0.88
2026.128.05:22:00/wx/-7.50,553.7,35.6,7.07,325,0.88
2026.128.05:23:00/wx/-7.60,553.7,35.9,6.64,322,0.87
2026.128.05:24:00/wx/-7.52,553.7,35.8,6.61,322,0.86
2026.128.05:25:00/wx/-7.70,553.7,36.0,6.79,320,0.87
2026.128.05:26:00/wx/-7.90,553.7,36.3,6.84,318,0.87
2026.128.05:27:00/wx/-7.65,553.7,36.1,6.37,318,0.88
2026.128.05:28:00/wx/-7.70,553.7,36.4,6.82,319,0.87
2026.128.05:29:00/wx/-7.88,553.7,36.6,6.82,316,0.87
2026.128.05:30:00/wx/-7.88,553.7,36.8,6.89,320,0.85
2026.128.05:31:00/wx/-7.91,553.7,36.8,6.63,320,0.86
2026.128.05:32:00/wx/-8.15,553.7,37.4,6.44,315,0.86
2026.128.05:33:00/wx/-8.30,553.7,37.8,6.33,319,0.87
2026.128.05:34:00/wx/-8.10,553.7,37.6,6.06,317,0.86
2026.128.05:35:00/wx/-8.20,553.7,37.5,6.04,320,0.87
2026.128.05:36:00/wx/-8.10,553.7,37.6,6.22,320,0.87
2026.128.05:37:00/wx/-8.10,553.7,37.4,6.23,315,0.87
2026.128.05:38:00/wx/-8.00,553.7,37.1,6.22,321,0.87
2026.128.05:39:00/wx/-7.97,553.7,37.0,6.23,320,0.87
2026.128.05:40:00/wx/-7.90,553.7,36.6,6.31,322,0.86
2026.128.05:41:00/wx/-7.99,553.7,36.8,6.13,318,0.86
2026.128.05:42:00/wx/-7.80,553.7,36.2,6.20,322,0.86
2026.128.05:43:00/wx/-7.70,553.7,35.9,6.43,320,0.85
2026.128.05:44:00/wx/-7.70,553.7,35.8,6.40,322,0.85
2026.128.05:45:00/wx/-7.80,553.7,35.7,6.22,322,0.84
2026.128.05:46:00/wx/-7.69,553.7,35.6,6.43,321,0.86
2026.128.05:47:00/wx/-7.64,553.7,35.2,6.17,319,0.87
2026.128.05:48:00/wx/-7.70,553.7,35.3,6.23,322,0.87
2026.128.05:49:00/wx/-7.70,553.7,35.2,6.13,325,0.87
2026.128.05:50:00/wx/-7.70,553.7,35.1,6.23,327,0.87
2026.128.05:51:00/wx/-7.70,553.7,35.0,6.11,320,0.88
2026.128.05:52:00/wx/-7.92,553.7,35.3,6.24,320,0.89
2026.128.05:53:00/wx/-7.80,553.7,35.2,5.93,325,0.89
2026.128.05:54:00/wx/-7.90,553.7,35.1,6.06,325,0.88
2026.128.05:55:00/wx/-7.90,553.7,35.3,5.92,321,0.87
2026.128.05:56:00/wx/-8.12,553.6,35.4,6.59,321,0.88
2026.128.05:57:00/wx/-8.00,553.6,35.5,5.34,322,0.86
2026.128.05:58:00/wx/-7.70,553.6,34.9,6.03,318,0.85
2026.128.05:59:00/wx/-7.86,553.6,34.8,6.12,322,0.88
2026.128.06:00:00/wx/-7.60,553.6,34.3,6.09,322,0.88
2026.128.06:01:00/wx/-7.82,553.7,34.5,5.95,316,0.88
2026.128.06:02:00/wx/-8.00,553.6,34.8,6.25,321,0.90
2026.128.06:03:00/wx/-8.00,553.6,34.9,6.13,324,0.90
2026.128.06:04:00/wx/-8.00,553.6,35.0,6.56,320,0.90
2026.128.06:05:00/wx/-8.20,553.6,35.3,6.21,323,0.90
2026.128.06:06:00/wx/-7.89,553.6,35.2,6.23,322,0.89
2026.128.06:07:00/wx/-8.00,553.5,35.1,6.06,321,0.88
2026.128.06:08:00/wx/-7.90,553.6,34.9,5.83,316,0.90
2026.128.06:09:00/wx/-8.10,553.6,35.1,6.19,319,0.88
2026.128.06:10:00/wx/-8.49,553.5,35.8,5.77,317,0.87
2026.128.06:11:00/wx/-8.40,553.5,35.9,6.07,323,0.87
2026.128.06:12:00/wx/-8.50,553.5,36.1,6.36,323,0.88
2026.128.06:13:00/wx/-8.70,553.5,36.4,6.43,322,0.87
2026.128.06:14:00/wx/-8.80,553.5,36.9,6.33,313,0.87
2026.128.06:15:00/wx/-8.70,553.5,36.9,6.16,325,0.88
2026.128.06:16:00/wx/-8.40,553.5,36.3,6.21,319,0.88
2026.128.06:17:00/wx/-8.82,553.5,36.7,5.72,320,0.87
2026.128.06:18:00/wx/-8.80,553.4,36.9,5.94,320,0.87
2026.128.06:19:00/wx/-8.70,553.5,36.6,6.03,323,0.86
2026.128.06:20:00/wx/-8.60,553.4,36.3,6.03,319,0.86
2026.128.06:21:00/wx/-8.80,553.5,36.4,6.06,323,0.86
2026.128.06:22:00/wx/-8.90,553.5,36.4,5.84,317,0.86
2026.128.06:23:00/wx/-9.11,553.5,36.8,6.13,320,0.87
2026.128.06:24:00/wx/-9.35,553.5,37.3,5.86,320,0.86
2026.128.06:25:00/wx/-9.60,553.5,37.8,6.32,317,0.87
2026.128.06:26:00/wx/-9.50,553.5,37.6,5.45,314,0.86
2026.128.06:27:00/wx/-9.67,553.5,37.9,5.87,313,0.87
2026.128.06:28:00/wx/-10.01,553.5,38.4,5.49,311,0.87
2026.128.06:29:00/wx/-10.15,553.4,39.0,5.05,311,0.88
2026.128.06:30:00/wx/-10.50,553.4,39.8,4.93,310,0.89
2026.128.06:31:00/wx/-10.70,553.4,40.5,5.05,304,0.88
2026.128.06:32:00/wx/-11.00,553.4,41.2,4.94,298,0.89
2026.128.06:33:00/wx/-10.48,553.4,40.8,4.95,291,0.90
2026.128.06:34:00/wx/-9.85,553.5,39.2,5.32,293,0.90
2026.128.06:35:00/wx/-9.40,553.5,37.7,5.23,292,0.89
2026.128.06:36:00/wx/-9.00,553.4,36.4,5.63,293,0.90
2026.128.06:37:00/wx/-9.00,553.4,35.7,5.59,294,0.87
2026.128.06:38:00/wx/-9.00,553.4,35.3,5.66,290,0.88
2026.128.06:39:00/wx/-9.00,553.4,34.9,5.69,294,0.88
2026.128.06:40:00/wx/-9.00,553.4,34.9,6.23,294,0.87
2026.128.06:41:00/wx/-9.04,553.4,34.8,5.57,294,0.86
2026.128.06:42:00/wx/-9.20,553.4,35.2,5.71,298,0.87
2026.128.06:43:00/wx/-9.41,553.4,35.2,5.53,297,0.86
2026.128.06:44:00/wx/-9.50,553.4,35.5,5.50,296,0.87
2026.128.06:45:00/wx/-9.70,553.4,35.7,5.33,296,0.87
2026.128.06:46:00/wx/-9.70,553.3,36.0,5.67,299,0.87
2026.128.06:47:00/wx/-9.98,553.4,36.4,5.31,299,0.87
2026.128.06:48:00/wx/-10.53,553.4,37.6,4.07,303,0.87
2026.128.06:49:00/wx/-11.00,553.4,39.1,4.85,302,0.88
2026.128.06:50:00/wx/-11.10,553.3,39.9,4.44,304,0.89
2026.128.06:51:00/wx/-11.30,553.4,40.5,4.49,308,0.88
2026.128.06:52:00/wx/-11.40,553.3,40.8,4.31,307,0.90
2026.128.06:53:00/wx/-11.52,553.4,41.2,4.26,308,0.89
2026.128.06:54:00/wx/-11.77,553.3,41.7,4.39,316,0.89
2026.128.06:55:00/wx/-11.50,553.3,41.5,4.62,315,0.90
2026.128.06:56:00/wx/-11.40,553.3,40.9,3.82,311,0.90
2026.128.06:57:00/wx/-11.70,553.3,41.0,3.96,309,0.90
2026.128.06:58:00/wx/-11.05,553.3,40.4,5.41,317,0.90
2026.128.06:59:00/wx/-10.38,553.3,37.7,5.17,319,0.90
2026.128.07:00:00/wx/-10.40,553.3,37.0,4.74,321,0.90
2026.128.07:01:00/wx/-9.85,553.3,35.8,5.03,321,0.90
2026.128.07:02:00/wx/-9.41,553.3,34.3,6.03,320,0.90
2026.128.07:03:00/wx/-9.02,553.3,32.9,5.29,318,0.91
2026.128.07:04:00/wx/-9.01,553.3,32.2,6.31,323,0.92
2026.128.07:05:00/wx/-8.80,553.3,31.5,5.95,319,0.93
2026.128.07:06:00/wx/-8.70,553.3,31.0,6.12,318,0.93
2026.128.07:07:00/wx/-9.00,553.3,31.3,5.75,321,0.94
2026.128.07:08:00/wx/-9.07,553.3,31.5,6.46,316,0.94
2026.128.07:09:00/wx/-9.10,553.2,31.6,6.19,316,0.94
2026.128.07:10:00/wx/-9.20,553.3,31.9,6.29,315,0.93
2026.128.07:11:00/wx/-9.40,553.2,32.3,5.81,316,0.94
2026.128.07:12:00/wx/-9.30,553.2,32.2,5.92,317,0.95
2026.128.07:13:00/wx/-9.40,553.2,32.5,5.74,316,0.95
2026.128.07:14:00/wx/-9.40,553.2,32.5,6.18,316,0.94
2026.128.07:15:00/wx/-9.31,553.2,32.5,6.08,317,0.97
2026.128.07:16:00/wx/-9.40,553.2,32.4,6.47,315,0.96
2026.128.07:17:00/wx/-9.40,553.2,32.5,6.43,311,0.97
2026.128.07:18:00/wx/-9.37,553.2,32.5,6.55,314,0.97
2026.128.07:19:00/wx/-9.21,553.2,32.2,6.10,314,0.97
2026.128.07:20:00/wx/-9.10,553.2,31.9,6.56,314,0.96
2026.128.07:21:00/wx/-9.36,553.2,32.0,6.08,317,0.96
2026.128.07:22:00/wx/-9.60,553.2,32.7,6.23,317,1.01
2026.128.07:23:00/wx/-9.50,553.2,32.7,6.52,316,0.96
2026.128.07:24:00/wx/-9.40,553.2,32.3,6.31,319,0.96
2026.128.07:25:00/wx/-9.40,553.2,32.3,6.15,313,0.95
2026.128.07:26:00/wx/-9.67,553.2,32.8,5.73,317,0.96
2026.128.07:27:00/wx/-9.80,553.2,33.2,5.83,319,0.96
2026.128.07:28:00/wx/-9.90,553.2,33.4,5.84,315,0.95
2026.128.07:29:00/wx/-9.91,553.1,33.8,6.09,313,0.96
2026.128.07:30:00/wx/-10.12,553.2,34.2,5.01,314,0.96
2026.128.07:31:00/wx/-10.40,553.1,35.0,5.78,318,0.95
2026.128.07:32:00/wx/-10.30,553.1,35.2,5.73,317,0.95
2026.128.07:33:00/wx/-10.30,553.1,35.0,5.62,316,0.95
2026.128.07:34:00/wx/-10.21,553.1,35.1,5.95,316,0.95
2026.128.07:35:00/wx/-10.10,553.1,34.9,6.04,314,0.97
2026.128.07:36:00/wx/-9.80,553.1,34.3,6.11,314,0.96
2026.128.07:37:00/wx/-9.80,553.1,34.0,5.82,317,0.97
2026.128.07:38:00/wx/-9.89,553.1,34.1,5.87,312,0.97
2026.128.07:39:00/wx/-10.20,553.1,34.7,5.61,316,0.97
2026.128.07:40:00/wx/-10.40,553.1,35.0,5.45,311,0.97
2026.128.07:41:00/wx/-10.70,553.1,35.8,5.33,311,0.97
2026.128.07:42:00/wx/-10.80,553.1,36.5,5.49,310,0.97
2026.128.07:43:00/wx/-11.00,553.1,37.0,4.97,308,0.95
2026.128.07:44:00/wx/-11.30,553.1,37.8,4.34,308,0.95
2026.128.07:45:00/wx/-11.43,553.1,38.3,4.52,301,0.97
2026.128.07:46:00/wx/-11.60,553.1,39.1,4.36,302,0.97
2026.128.07:47:00/wx/-11.49,553.1,39.2,4.93,295,0.97
2026.128.07:48:00/wx/-10.90,553.2,38.1,5.22,292,0.98
2026.128.07:49:00/wx/-9.81,553.2,35.3,5.70,293,0.97
2026.128.07:50:00/wx/-9.20,553.2,33.0,6.05,292,0.98
2026.128.07:51:00/wx/-9.17,553.2,31.8,5.34,292,0.98
2026.128.07:52:00/wx/-9.60,553.1,32.0,6.03,289,0.98
2026.128.07:53:00/wx/-9.44,553.2,31.6,5.85,288,0.99
2026.128.07:54:00/wx/-9.40,553.2,31.2,6.74,295,0.99
2026.128.07:55:00/wx/-9.30,553.2,31.0,6.21,291,0.99
2026.128.07:56:00/wx/-9.10,553.2,30.7,6.04,291,0.99
2026.128.07:57:00/wx/-8.91,553.2,30.2,6.03,292,1.00
2026.128.07:58:00/wx/-9.00,553.2,30.2,6.54,294,0.99
2026.128.07:59:00/wx/-8.90,553.2,29.9,5.82,291,1.00
2026.128.08:00:00/wx/-8.83,553.2,29.8,5.61,292,0.99
2026.128.08:01:00/wx/-9.07,553.2,30.0,5.62,295,0.99
2026.128.08:02:00/wx/-9.92,553.1,31.6,4.88,295,0.99
2026.128.08:03:00/wx/-10.46,553.2,33.4,5.73,300,0.99
2026.128.08:04:00/wx/-10.40,553.1,34.1,5.83,301,1.00
2026.128.08:05:00/wx/-10.27,553.1,34.1,6.09,307,1.00
2026.128.08:06:00/wx/-9.82,553.1,33.4,6.65,306,1.00
2026.128.08:07:00/wx/-9.60,553.1,32.6,6.66,304,1.01
2026.128.08:08:00/wx/-9.76,553.1,32.3,6.53,306,1.01
2026.128.08:09:00/wx/-10.00,553.1,32.9,6.73,305,1.01
2026.128.08:10:00/wx/-10.00,553.1,32.9,6.56,305,1.01
2026.128.08:11:00/wx/-10.02,553.1,32.6,7.09,307,1.02
2026.128.08:12:00/wx/-9.99,553.1,32.4,6.52,303,1.02
2026.128.08:13:00/wx/-9.89,553.1,32.3,6.19,306,1.01
2026.128.08:14:00/wx/-10.30,553.1,33.0,6.83,308,1.00
2026.128.08:15:00/wx/-10.61,553.1,33.6,6.14,315,1.00
2026.128.08:16:00/wx/-10.59,553.1,33.9,6.54,313,1.00
2026.128.08:17:00/wx/-10.49,553.1,33.7,6.48,314,1.00
2026.128.08:18:00/wx/-10.13,553.1,33.1,6.61,315,1.00
2026.128.08:19:00/wx/-10.00,553.0,32.7,6.53,316,1.01
2026.128.08:20:00/wx/-9.85,553.1,32.4,6.75,320,1.00
2026.128.08:21:00/wx/-9.31,553.0,31.2,6.26,316,0.99
2026.128.08:22:00/wx/-9.32,553.0,30.7,6.68,320,0.99
2026.128.08:23:00/wx/-9.30,553.0,30.5,6.81,320,0.99
2026.128.08:24:00/wx/-9.40,553.0,30.3,6.52,320,0.99
2026.128.08:25:00/wx/-9.50,553.0,30.5,6.88,319,0.99
2026.128.08:26:00/wx/-9.30,553.0,30.4,6.93,321,0.98
2026.128.08:27:00/wx/-9.08,553.0,29.9,6.82,322,0.99
2026.128.08:28:00/wx/-9.10,553.0,29.8,6.79,324,0.99
2026.128.08:29:00/wx/-9.20,553.0,29.9,6.45,317,0.99
2026.128.08:30:00/wx/-9.34,553.0,30.2,7.07,320,0.98
2026.128.08:31:00/wx/-9.50,552.9,30.4,6.73,318,0.98
2026.128.08:32:00/wx/-9.40,553.0,30.4,6.81,321,0.98
2026.128.08:33:00/wx/-9.67,553.0,30.8,6.55,318,0.98
2026.128.08:34:00/wx/-9.90,553.0,31.5,6.53,316,0.98
2026.128.08:35:00/wx/-10.16,553.0,32.0,6.59,311,0.99
2026.128.08:36:00/wx/-10.29,553.0,32.4,6.44,310,1.00
2026.128.08:37:00/wx/-10.70,553.0,33.4,6.46,309,0.99
2026.128.08:38:00/wx/-10.90,553.0,34.3,6.08,308,0.99
2026.128.08:39:00/wx/-10.90,553.0,34.7,6.32,308,1.00
2026.128.08:40:00/wx/-10.90,553.0,34.7,6.51,307,0.99
2026.128.08:41:00/wx/-10.70,553.0,34.7,6.61,308,1.00
2026.128.08:42:00/wx/-10.60,553.0,34.3,6.53,309,0.98
2026.128.08:43:00/wx/-10.50,553.0,34.0,6.58,309,0.99
2026.128.08:44:00/wx/-10.51,553.0,33.8,7.10,310,1.00
2026.128.08:45:00/wx/-10.28,553.0,33.3,7.43,310,0.98
2026.128.08:46:00/wx/-10.20,553.0,32.9,7.23,311,0.98
2026.128.08:47:00/wx/-10.30,553.0,33.0,6.93,315,0.95
2026.128.08:48:00/wx/-10.53,553.0,33.4,6.95,315,0.95
2026.128.08:49:00/wx/-10.90,553.0,34.1,6.71,313,0.94
2026.128.08:50:00/wx/-10.91,552.9,34.5,6.80,317,0.94
2026.128.08:51:00/wx/-11.00,553.0,34.8,6.93,318,0.95
2026.128.08:52:00/wx/-10.90,553.0,34.8,6.93,320,0.92
2026.128.08:53:00/wx/-10.56,552.9,34.4,7.32,317,0.93
2026.128.08:54:00/wx/-10.21,553.0,33.5,7.27,316,0.92
2026.128.08:55:00/wx/-10.20,552.9,33.2,7.33,317,0.91
2026.128.08:56:00/wx/-10.20,552.9,33.1,7.03,316,0.96
2026.128.08:57:00/wx/-10.20,552.9,32.9,7.43,318,0.94
2026.128.08:58:00/wx/-10.20,553.0,32.7,7.21,316,0.93
2026.128.08:59:00/wx/-10.30,552.9,32.8,7.20,316,0.93
2026.128.09:00:00/wx/-10.30,553.0,33.0,7.81,313,0.92
2026.128.09:01:00/wx/-10.30,552.9,33.1,7.46,316,0.91
2026.128.09:02:00/wx/-10.30,552.9,33.2,7.53,313,0.96
2026.128.09:03:00/wx/-10.50,552.9,33.5,7.20,317,0.91
2026.128.09:04:00/wx/-10.50,553.0,33.7,7.34,313,0.90
2026.128.09:05:00/wx/-10.52,552.9,33.8,7.61,317,0.90
2026.128.09:06:00/wx/-10.60,552.9,34.1,7.52,315,0.90
2026.128.09:07:00/wx/-10.60,552.9,34.2,7.42,314,0.92
2026.128.09:08:00/wx/-10.40,553.0,34.0,6.88,317,0.91
2026.128.09:09:00/wx/-10.40,553.0,33.8,7.53,315,0.93
2026.128.09:10:00/wx/-10.28,553.0,33.8,7.47,316,0.94
2026.128.09:11:00/wx/-10.28,553.0,33.5,7.09,320,0.90
2026.128.09:12:00/wx/-10.10,553.0,33.4,7.03,317,0.94
2026.128.09:13:00/wx/-10.10,553.0,33.1,7.22,316,0.91
2026.128.09:14:00/wx/-10.00,552.9,32.9,6.94,320,0.90
2026.128.09:15:00/wx/-9.79,553.0,32.6,7.17,319,0.94
2026.128.09:16:00/wx/-9.70,553.0,32.2,7.10,317,0.93
2026.128.09:17:00/wx/-9.70,552.9,32.1,7.04,317,0.92
2026.128.09:18:00/wx/-9.54,553.0,31.6,7.21,318,0.92
2026.128.09:19:00/wx/-9.60,552.9,31.7,7.33,319,0.91
2026.128.09:20:00/wx/-9.53,553.0,31.3,7.64,315,0.92
2026.128.09:21:00/wx/-9.50,552.9,31.1,7.11,318,0.91
2026.128.09:22:00/wx/-9.51,552.9,30.9,7.10,318,0.91
2026.128.09:23:00/wx/-9.40,552.9,30.5,7.37,318,0.91
2026.128.09:24:00/wx/-9.50,552.9,30.3,7.23,319,0.90
2026.128.09:25:00/wx/-9.40,552.9,30.0,6.95,321,0.92
2026.128.09:26:00/wx/-9.41,552.9,30.0,7.42,320,0.89
2026.128.09:27:00/wx/-9.50,552.9,30.0,7.34,320,0.90
2026.128.09:28:00/wx/-9.45,552.9,29.8,7.04,316,0.88
2026.128.09:29:00/wx/-9.60,552.9,30.0,7.33,318,0.90
2026.128.09:30:00/wx/-9.47,552.9,30.0,7.36,324,0.89
2026.128.09:31:00/wx/-9.30,552.9,29.7,7.24,322,0.89
