2026.120.23:46:46;"----------| START OF e26y01.apecs.obs |----------
2026.120.23:46:46;"Using TAI-UTC offset of +37 seconds
2026.120.23:46:46;"#
2026.120.23:46:46;"# APEX observing script for station Ax from file vexfiles/staging/e26y01.vex
2026.120.23:46:46;"# File created on 2026.120.23:10:57 UT
2026.120.23:46:46;"#
2026.120.23:46:46;"# Columns: 1) Start time 2) Duration in seconds 3) APECS command
2026.120.23:46:46;"# Details on the columns:
2026.120.23:46:46;"#    1) @always, or UT date-time in a 2015.016.06:42:40 format (yyyy.doy.hh:mm:ss)
2026.120.23:46:46;"#         modifiers: !2015.016.06:42:40 to not skip command even if start time already is past
2026.120.23:46:46;"#    2) estimated duration of the command in seconds
2026.120.23:46:46;"#    3) APECS command and parameters to execute. If the command includes whitespace.
2026.120.23:46:46;"#       Commands include, e.g.: tsys(), interactive("message"), tracksource("sourcename"), ...
2026.120.23:46:46;"#
2026.120.23:46:46;"# At time              Duration   Command
2026.120.23:46:46;"execfile('vlbi-NFLASH230_commands.py')
2026.120.23:46:46;"reply from APECS: OK
2026.120.23:46:47;"reply from APECS: (timeout)
2026.120.23:46:49;"vlbi_tone(enable=True)
2026.120.23:46:50;"reply from APECS: (timeout)
2026.120.23:46:52;"
2026.120.23:46:52;"# ### Block for 3C273 scan 1 '121-0009' at 2026.121.00:09:00 in 200s ############
2026.121.00:05:40;"source('3C273',cats='user'); go(); track()
2026.121.00:05:40;"reply from APECS: OK
2026.121.00:05:41;"reply from APECS: (timeout)
2026.121.00:06:05;"vlbi_tsys()
2026.121.00:06:05;"reply from APECS: OK
2026.121.00:06:06;"reply from APECS: (timeout)
2026.121.00:07:30;"vlbi_reference_scan()
2026.121.00:07:30;"reply from APECS: OK
2026.121.00:07:31;"reply from APECS: (timeout)
2026.121.00:07:31;"#                      gap        max ~0 min 55 sec
2026.121.00:09:00;"vlbi_scan(t_mins=2,targetSource='3C273')
2026.121.00:09:00;"reply from APECS: OK
2026.121.00:09:01;"reply from APECS: (timeout)
2026.121.00:09:01;"#     scan ends at 2026.121.00:11:00
2026.121.00:09:01;"
2026.121.00:09:01;"# ### Block for M87 scan 2 '121-0014' at 2026.121.00:14:00 in 180s ##############
2026.121.00:11:00;"source('M87',cats='user'); go(); track()
2026.121.00:11:00;"reply from APECS: OK
2026.121.00:11:01;"reply from APECS: (timeout)
2026.121.00:11:25;"vlbi_tsys()
2026.121.00:11:25;"reply from APECS: OK
2026.121.00:11:25;"reply from APECS: OK
2026.121.00:11:26;"reply from APECS: (timeout)
2026.121.00:12:50;"vlbi_reference_scan()
2026.121.00:12:51;"reply from APECS: (timeout)
2026.121.00:12:51;"#                      gap        max ~0 min 35 sec
2026.121.00:14:00;"vlbi_scan(t_mins=4,targetSource='M87')
2026.121.00:14:00;"reply from APECS: OK
2026.121.00:14:01;"reply from APECS: (timeout)
2026.121.00:14:01;"#     scan ends at 2026.121.00:18:00
2026.121.00:14:01;"
2026.121.00:14:01;"# ### Block for 3C279 scan 3 '121-0028' at 2026.121.00:28:00 in 600s ############
2026.121.00:14:01;"#
2026.121.00:14:01;"# OPERATOR free 7 min 35 sec until VLBI calibrations to start at 2026.121.00:25:25
2026.121.00:14:01;"#
2026.121.00:18:00;"print('You have 7 min 35 sec until the next VLBI calibration scan at 2026.121.00:25:25.')
2026.121.00:18:00;"reply from APECS: OK
2026.121.00:18:00;"reply from APECS: OK
2026.121.00:18:01;"reply from APECS: (timeout)
2026.121.00:25:25;"source('3C279',cats='user'); go(); track()
2026.121.00:25:26;"reply from APECS: (timeout)
2026.121.00:25:50;"vlbi_tsys()
2026.121.00:25:50;"reply from APECS: OK
2026.121.00:25:50;"reply from APECS: OK
2026.121.00:25:51;"reply from APECS: (timeout)
2026.121.00:27:15;"vlbi_reference_scan()
2026.121.00:27:16;"reply from APECS: (timeout)
2026.121.00:27:16;"#                      gap        max ~0 min 10 sec
2026.121.00:28:00;"vlbi_scan(t_mins=2,targetSource='3C279')
2026.121.00:28:00;"reply from APECS: OK
2026.121.00:28:01;"reply from APECS: (timeout)
2026.121.00:28:01;"#     scan ends at 2026.121.00:30:00
2026.121.00:28:01;"
2026.121.00:28:01;"# ### Block for M87 scan 4 '121-0033' at 2026.121.00:33:00 in 180s ##############
2026.121.00:30:00;"source('M87',cats='user'); go(); track()
2026.121.00:30:00;"reply from APECS: OK
2026.121.00:30:01;"reply from APECS: (timeout)
2026.121.00:30:25;"vlbi_tsys()
2026.121.00:30:25;"reply from APECS: OK
2026.121.00:30:25;"reply from APECS: OK
2026.121.00:30:26;"reply from APECS: (timeout)
2026.121.00:31:50;"vlbi_reference_scan()
2026.121.00:31:51;"reply from APECS: (timeout)
2026.121.00:31:51;"#                      gap        max ~0 min 35 sec
2026.121.00:33:00;"vlbi_scan(t_mins=4,targetSource='M87')
2026.121.00:33:00;"reply from APECS: OK
2026.121.00:33:01;"reply from APECS: (timeout)
2026.121.00:33:01;"#     scan ends at 2026.121.00:37:00
2026.121.00:33:01;"
2026.121.00:33:01;"# ### Block for 3C273 scan 5 '121-0047' at 2026.121.00:47:00 in 600s ############
2026.121.00:33:01;"#
2026.121.00:33:01;"# OPERATOR free 7 min 35 sec until VLBI calibrations to start at 2026.121.00:44:25
2026.121.00:33:01;"#
2026.121.00:37:00;"print('You have 7 min 35 sec until the next VLBI calibration scan at 2026.121.00:44:25.')
2026.121.00:37:00;"reply from APECS: OK
2026.121.00:37:00;"reply from APECS: OK
2026.121.00:37:01;"reply from APECS: (timeout)
2026.121.00:44:25;"source('3C273',cats='user'); go(); track()
2026.121.00:44:26;"reply from APECS: (timeout)
2026.121.00:44:50;"vlbi_tsys()
2026.121.00:44:50;"reply from APECS: OK
2026.121.00:44:50;"reply from APECS: OK
2026.121.00:44:51;"reply from APECS: (timeout)
2026.121.00:46:15;"vlbi_reference_scan()
2026.121.00:46:16;"reply from APECS: (timeout)
2026.121.00:46:16;"#                      gap        max ~0 min 10 sec
2026.121.00:47:00;"vlbi_scan(t_mins=2,targetSource='3C273')
2026.121.00:47:00;"reply from APECS: OK
2026.121.00:47:01;"reply from APECS: (timeout)
2026.121.00:47:01;"#     scan ends at 2026.121.00:49:00
2026.121.00:47:01;"
2026.121.00:47:01;"# ### Block for M87 scan 6 '121-0052' at 2026.121.00:52:00 in 180s ##############
2026.121.00:49:00;"source('M87',cats='user'); go(); track()
2026.121.00:49:00;"reply from APECS: OK
2026.121.00:49:01;"reply from APECS: (timeout)
2026.121.00:49:25;"vlbi_tsys()
2026.121.00:49:25;"reply from APECS: OK
2026.121.00:49:25;"reply from APECS: OK
2026.121.00:49:26;"reply from APECS: (timeout)
2026.121.00:50:50;"vlbi_reference_scan()
2026.121.00:50:51;"reply from APECS: (timeout)
2026.121.00:50:51;"#                      gap        max ~0 min 35 sec
2026.121.00:52:00;"vlbi_scan(t_mins=4,targetSource='M87')
2026.121.00:52:00;"reply from APECS: OK
2026.121.00:52:01;"reply from APECS: (timeout)
2026.121.00:52:01;"#     scan ends at 2026.121.00:56:00
2026.121.00:52:01;"
2026.121.00:52:01;"# ### Block for 3C279 scan 7 '121-0106' at 2026.121.01:06:00 in 600s ############
2026.121.00:52:01;"#
2026.121.00:52:01;"# OPERATOR free 7 min 35 sec until VLBI calibrations to start at 2026.121.01:03:25
2026.121.00:52:01;"#
2026.121.00:56:00;"print('You have 7 min 35 sec until the next VLBI calibration scan at 2026.121.01:03:25.')
2026.121.00:56:00;"reply from APECS: OK
2026.121.00:56:00;"reply from APECS: OK
2026.121.00:56:01;"reply from APECS: (timeout)
2026.121.01:03:25;"source('3C279',cats='user'); go(); track()
2026.121.01:03:26;"reply from APECS: (timeout)
2026.121.01:03:50;"vlbi_tsys()
2026.121.01:03:50;"reply from APECS: OK
2026.121.01:03:50;"reply from APECS: OK
2026.121.01:03:51;"reply from APECS: (timeout)
2026.121.01:05:15;"vlbi_reference_scan()
2026.121.01:05:16;"reply from APECS: (timeout)
2026.121.01:05:16;"#                      gap        max ~0 min 10 sec
2026.121.01:06:00;"vlbi_scan(t_mins=2,targetSource='3C279')
2026.121.01:06:00;"reply from APECS: OK
2026.121.01:06:01;"reply from APECS: (timeout)
2026.121.01:06:01;"#     scan ends at 2026.121.01:08:00
2026.121.01:06:01;"
2026.121.01:06:01;"# ### Block for M87 scan 8 '121-0111' at 2026.121.01:11:00 in 180s ##############
2026.121.01:08:00;"source('M87',cats='user'); go(); track()
2026.121.01:08:00;"reply from APECS: OK
2026.121.01:08:01;"reply from APECS: (timeout)
2026.121.01:08:25;"vlbi_tsys()
2026.121.01:08:25;"reply from APECS: OK
2026.121.01:08:25;"reply from APECS: OK
2026.121.01:08:26;"reply from APECS: (timeout)
2026.121.01:09:50;"vlbi_reference_scan()
2026.121.01:09:51;"reply from APECS: (timeout)
2026.121.01:09:51;"#                      gap        max ~0 min 35 sec
2026.121.01:11:00;"vlbi_scan(t_mins=4,targetSource='M87')
2026.121.01:11:00;"reply from APECS: OK
2026.121.01:11:01;"reply from APECS: (timeout)
2026.121.01:11:01;"#     scan ends at 2026.121.01:15:00
2026.121.01:11:01;"
2026.121.01:11:01;"# ### Block for J1337-1257 scan 9 '121-0117' at 2026.121.01:17:00 in 120s #######
2026.121.01:15:00;"source('J1337-1257',cats='user'); go(); track()
2026.121.01:15:00;"reply from APECS: OK
2026.121.01:15:01;"reply from APECS: (timeout)
2026.121.01:15:25;"vlbi_tsys()
2026.121.01:15:25;"reply from APECS: OK
2026.121.01:15:25;"reply from APECS: OK
2026.121.01:15:26;"reply from APECS: (timeout)
2026.121.01:15:26;"#                      gap        max ~0 min 10 sec
2026.121.01:17:00;"vlbi_scan(t_mins=2,targetSource='J1337-1257')
2026.121.01:17:01;"reply from APECS: (timeout)
2026.121.01:17:01;"#     scan ends at 2026.121.01:19:00
2026.121.01:17:01;"
2026.121.01:17:01;"# ### Block for 3C279 scan 10 '121-0130' at 2026.121.01:30:00 in 660s ###########
2026.121.01:17:01;"#
2026.121.01:17:01;"# OPERATOR free 8 min 35 sec until VLBI calibrations to start at 2026.121.01:27:25
2026.121.01:17:01;"#
2026.121.01:19:00;"print('You have 8 min 35 sec until the next VLBI calibration scan at 2026.121.01:27:25.')
2026.121.01:19:00;"reply from APECS: OK
2026.121.01:19:00;"reply from APECS: OK
2026.121.01:19:01;"reply from APECS: (timeout)
2026.121.01:27:25;"source('3C279',cats='user'); go(); track()
2026.121.01:27:26;"reply from APECS: (timeout)
2026.121.01:27:50;"vlbi_tsys()
2026.121.01:27:50;"reply from APECS: OK
2026.121.01:27:50;"reply from APECS: OK
2026.121.01:27:51;"reply from APECS: (timeout)
2026.121.01:29:15;"vlbi_reference_scan()
2026.121.01:29:16;"reply from APECS: (timeout)
2026.121.01:29:16;"#                      gap        max ~0 min 10 sec
2026.121.01:30:00;"vlbi_scan(t_mins=2,targetSource='3C279')
2026.121.01:30:00;"reply from APECS: OK
2026.121.01:30:01;"reply from APECS: (timeout)
2026.121.01:30:01;"#     scan ends at 2026.121.01:32:00
2026.121.01:30:01;"
2026.121.01:30:01;"# ### Block for M87 scan 11 '121-0135' at 2026.121.01:35:00 in 180s #############
2026.121.01:32:00;"source('M87',cats='user'); go(); track()
2026.121.01:32:00;"reply from APECS: OK
2026.121.01:32:01;"reply from APECS: (timeout)
2026.121.01:32:25;"vlbi_tsys()
2026.121.01:32:25;"reply from APECS: OK
2026.121.01:32:25;"reply from APECS: OK
2026.121.01:32:26;"reply from APECS: (timeout)
2026.121.01:33:50;"vlbi_reference_scan()
2026.121.01:33:51;"reply from APECS: (timeout)
2026.121.01:33:51;"#                      gap        max ~0 min 35 sec
2026.121.01:35:00;"vlbi_scan(t_mins=4,targetSource='M87')
2026.121.01:35:00;"reply from APECS: OK
2026.121.01:35:01;"reply from APECS: (timeout)
2026.121.01:35:01;"#     scan ends at 2026.121.01:39:00
2026.121.01:35:01;"
2026.121.01:35:01;"# ### Block for J1337-1257 scan 12 '121-0144' at 2026.121.01:44:00 in 300s ######
2026.121.01:41:25;"source('J1337-1257',cats='user'); go(); track()
2026.121.01:41:25;"reply from APECS: OK
2026.121.01:41:26;"reply from APECS: (timeout)
2026.121.01:41:50;"vlbi_tsys()
2026.121.01:41:50;"reply from APECS: OK
2026.121.01:41:50;"reply from APECS: OK
2026.121.01:41:51;"reply from APECS: (timeout)
2026.121.01:43:15;"vlbi_reference_scan()
2026.121.01:43:16;"reply from APECS: (timeout)
2026.121.01:43:16;"#                      gap        max ~0 min 10 sec
2026.121.01:44:00;"vlbi_scan(t_mins=2,targetSource='J1337-1257')
2026.121.01:44:00;"reply from APECS: OK
2026.121.01:44:01;"reply from APECS: (timeout)
2026.121.01:44:01;"#     scan ends at 2026.121.01:46:00
2026.121.01:44:01;"
2026.121.01:44:01;"# ### Block for 3C279 scan 13 '121-0151' at 2026.121.01:51:00 in 300s ###########
2026.121.01:48:25;"source('3C279',cats='user'); go(); track()
2026.121.01:48:25;"reply from APECS: OK
2026.121.01:48:26;"reply from APECS: (timeout)
2026.121.01:48:50;"vlbi_tsys()
2026.121.01:48:50;"reply from APECS: OK
2026.121.01:48:50;"reply from APECS: OK
2026.121.01:48:51;"reply from APECS: (timeout)
2026.121.01:50:15;"vlbi_reference_scan()
2026.121.01:50:16;"reply from APECS: (timeout)
2026.121.01:50:16;"#                      gap        max ~0 min 10 sec
2026.121.01:51:00;"vlbi_scan(t_mins=2,targetSource='3C279')
2026.121.01:51:00;"reply from APECS: OK
2026.121.01:51:01;"reply from APECS: (timeout)
2026.121.01:51:01;"#     scan ends at 2026.121.01:53:00
2026.121.01:51:01;"
2026.121.01:51:01;"# ### Block for M87 scan 14 '121-0156' at 2026.121.01:56:00 in 180s #############
2026.121.01:53:00;"source('M87',cats='user'); go(); track()
2026.121.01:53:00;"reply from APECS: OK
2026.121.01:53:01;"reply from APECS: (timeout)
2026.121.01:53:25;"vlbi_tsys()
2026.121.01:53:25;"reply from APECS: OK
2026.121.01:53:25;"reply from APECS: OK
2026.121.01:53:26;"reply from APECS: (timeout)
2026.121.01:54:50;"vlbi_reference_scan()
2026.121.01:54:51;"reply from APECS: (timeout)
2026.121.01:54:51;"#                      gap        max ~0 min 35 sec
2026.121.01:56:00;"vlbi_scan(t_mins=4,targetSource='M87')
2026.121.01:56:00;"reply from APECS: OK
2026.121.01:56:01;"reply from APECS: (timeout)
2026.121.01:56:01;"#     scan ends at 2026.121.02:00:00
2026.121.01:56:01;"
2026.121.01:56:01;"# ### Block for 3C273 scan 15 '121-0209' at 2026.121.02:09:00 in 540s ###########
2026.121.01:56:01;"#
2026.121.01:56:01;"# OPERATOR free 6 min 35 sec until VLBI calibrations to start at 2026.121.02:06:25
2026.121.01:56:01;"#
2026.121.02:00:00;"print('You have 6 min 35 sec until the next VLBI calibration scan at 2026.121.02:06:25.')
2026.121.02:00:00;"reply from APECS: OK
2026.121.02:00:00;"reply from APECS: OK
2026.121.02:00:01;"reply from APECS: (timeout)
2026.121.02:06:25;"source('3C273',cats='user'); go(); track()
2026.121.02:06:26;"reply from APECS: (timeout)
2026.121.02:06:50;"vlbi_tsys()
2026.121.02:06:50;"reply from APECS: OK
2026.121.02:06:50;"reply from APECS: OK
2026.121.02:06:51;"reply from APECS: (timeout)
2026.121.02:08:15;"vlbi_reference_scan()
2026.121.02:08:16;"reply from APECS: (timeout)
2026.121.02:08:16;"#                      gap        max ~0 min 10 sec
2026.121.02:09:00;"vlbi_scan(t_mins=2,targetSource='3C273')
2026.121.02:09:00;"reply from APECS: OK
2026.121.02:09:01;"reply from APECS: (timeout)
2026.121.02:09:01;"#     scan ends at 2026.121.02:11:00
2026.121.02:09:01;"
2026.121.02:09:01;"# ### Block for M87 scan 16 '121-0214' at 2026.121.02:14:00 in 180s #############
2026.121.02:11:00;"source('M87',cats='user'); go(); track()
2026.121.02:11:00;"reply from APECS: OK
2026.121.02:11:01;"reply from APECS: (timeout)
2026.121.02:11:25;"vlbi_tsys()
2026.121.02:11:25;"reply from APECS: OK
2026.121.02:11:25;"reply from APECS: OK
2026.121.02:11:26;"reply from APECS: (timeout)
2026.121.02:12:50;"vlbi_reference_scan()
2026.121.02:12:51;"reply from APECS: (timeout)
2026.121.02:12:51;"#                      gap        max ~0 min 35 sec
2026.121.02:14:00;"vlbi_scan(t_mins=4,targetSource='M87')
2026.121.02:14:00;"reply from APECS: OK
2026.121.02:14:01;"reply from APECS: (timeout)
2026.121.02:14:01;"#     scan ends at 2026.121.02:18:00
2026.121.02:14:01;"
2026.121.02:14:01;"# ### Block for 3C279 scan 17 '121-0227' at 2026.121.02:27:00 in 540s ###########
2026.121.02:14:01;"#
2026.121.02:14:01;"# OPERATOR free 6 min 35 sec until VLBI calibrations to start at 2026.121.02:24:25
2026.121.02:14:01;"#
2026.121.02:18:00;"print('You have 6 min 35 sec until the next VLBI calibration scan at 2026.121.02:24:25.')
2026.121.02:18:00;"reply from APECS: OK
2026.121.02:18:00;"reply from APECS: OK
2026.121.02:18:01;"reply from APECS: (timeout)
2026.121.02:24:25;"source('3C279',cats='user'); go(); track()
2026.121.02:24:26;"reply from APECS: (timeout)
2026.121.02:24:50;"vlbi_tsys()
2026.121.02:24:50;"reply from APECS: OK
2026.121.02:24:50;"reply from APECS: OK
2026.121.02:24:51;"reply from APECS: (timeout)
2026.121.02:26:15;"vlbi_reference_scan()
2026.121.02:26:16;"reply from APECS: (timeout)
2026.121.02:26:16;"#                      gap        max ~0 min 10 sec
2026.121.02:27:00;"vlbi_scan(t_mins=2,targetSource='3C279')
2026.121.02:27:00;"reply from APECS: OK
2026.121.02:27:01;"reply from APECS: (timeout)
2026.121.02:27:01;"#     scan ends at 2026.121.02:29:00
2026.121.02:27:01;"
2026.121.02:27:01;"# ### Block for M87 scan 18 '121-0232' at 2026.121.02:32:00 in 180s #############
2026.121.02:29:00;"source('M87',cats='user'); go(); track()
2026.121.02:29:00;"reply from APECS: OK
2026.121.02:29:01;"reply from APECS: (timeout)
2026.121.02:29:25;"vlbi_tsys()
2026.121.02:29:25;"reply from APECS: OK
2026.121.02:29:25;"reply from APECS: OK
2026.121.02:29:26;"reply from APECS: (timeout)
2026.121.02:30:50;"vlbi_reference_scan()
2026.121.02:30:51;"reply from APECS: (timeout)
2026.121.02:30:51;"#                      gap        max ~0 min 35 sec
2026.121.02:32:00;"vlbi_scan(t_mins=4,targetSource='M87')
2026.121.02:32:00;"reply from APECS: OK
2026.121.02:32:01;"reply from APECS: (timeout)
2026.121.02:32:01;"#     scan ends at 2026.121.02:36:00
2026.121.02:32:01;"
2026.121.02:32:01;"# ### Block for 3C279 scan 19 '121-0246' at 2026.121.02:46:00 in 600s ###########
2026.121.02:32:01;"#
2026.121.02:32:01;"# OPERATOR free 7 min 35 sec until VLBI calibrations to start at 2026.121.02:43:25
2026.121.02:32:01;"#
2026.121.02:36:00;"print('You have 7 min 35 sec until the next VLBI calibration scan at 2026.121.02:43:25.')
2026.121.02:36:00;"reply from APECS: OK
2026.121.02:36:00;"reply from APECS: OK
2026.121.02:36:01;"reply from APECS: (timeout)
2026.121.02:43:25;"source('3C279',cats='user'); go(); track()
2026.121.02:43:26;"reply from APECS: (timeout)
2026.121.02:43:50;"vlbi_tsys()
2026.121.02:43:50;"reply from APECS: OK
2026.121.02:43:50;"reply from APECS: OK
2026.121.02:43:51;"reply from APECS: (timeout)
2026.121.02:45:15;"vlbi_reference_scan()
2026.121.02:45:16;"reply from APECS: (timeout)
2026.121.02:45:16;"#                      gap        max ~0 min 10 sec
2026.121.02:46:00;"vlbi_scan(t_mins=2,targetSource='3C279')
2026.121.02:46:00;"reply from APECS: OK
2026.121.02:46:01;"reply from APECS: (timeout)
2026.121.02:46:01;"#     scan ends at 2026.121.02:48:00
2026.121.02:46:01;"
2026.121.02:46:01;"# ### Block for M87 scan 20 '121-0251' at 2026.121.02:51:00 in 180s #############
2026.121.02:48:00;"source('M87',cats='user'); go(); track()
2026.121.02:48:00;"reply from APECS: OK
2026.121.02:48:01;"reply from APECS: (timeout)
2026.121.02:48:25;"vlbi_tsys()
2026.121.02:48:25;"reply from APECS: OK
2026.121.02:48:25;"reply from APECS: OK
2026.121.02:48:26;"reply from APECS: (timeout)
2026.121.02:49:50;"vlbi_reference_scan()
2026.121.02:49:51;"reply from APECS: (timeout)
2026.121.02:49:51;"#                      gap        max ~0 min 35 sec
2026.121.02:51:00;"vlbi_scan(t_mins=4,targetSource='M87')
2026.121.02:51:00;"reply from APECS: OK
2026.121.02:51:01;"reply from APECS: (timeout)
2026.121.02:51:01;"#     scan ends at 2026.121.02:55:00
2026.121.02:51:01;"
2026.121.02:51:01;"# ### Block for J1337-1257 scan 21 '121-0258' at 2026.121.02:58:00 in 180s ######
2026.121.02:55:00;"source('J1337-1257',cats='user'); go(); track()
2026.121.02:55:00;"reply from APECS: OK
2026.121.02:55:01;"reply from APECS: (timeout)
2026.121.02:55:25;"vlbi_tsys()
2026.121.02:55:25;"reply from APECS: OK
2026.121.02:55:25;"reply from APECS: OK
2026.121.02:55:26;"reply from APECS: (timeout)
2026.121.02:56:50;"vlbi_reference_scan()
2026.121.02:56:51;"reply from APECS: (timeout)
2026.121.02:56:51;"#                      gap        max ~0 min 35 sec
2026.121.02:58:00;"vlbi_scan(t_mins=2,targetSource='J1337-1257')
2026.121.02:58:00;"reply from APECS: OK
2026.121.02:58:01;"reply from APECS: (timeout)
2026.121.02:58:01;"#     scan ends at 2026.121.03:00:00
2026.121.02:58:01;"
2026.121.02:58:01;"# ### Block for 3C273 scan 22 '121-0307' at 2026.121.03:07:00 in 420s ###########
2026.121.03:04:25;"source('3C273',cats='user'); go(); track()
2026.121.03:04:25;"reply from APECS: OK
2026.121.03:04:26;"reply from APECS: (timeout)
2026.121.03:04:50;"vlbi_tsys()
2026.121.03:04:50;"reply from APECS: OK
2026.121.03:04:50;"reply from APECS: OK
2026.121.03:04:51;"reply from APECS: (timeout)
2026.121.03:06:15;"vlbi_reference_scan()
2026.121.03:06:16;"reply from APECS: (timeout)
2026.121.03:06:16;"#                      gap        max ~0 min 10 sec
2026.121.03:07:00;"vlbi_scan(t_mins=2,targetSource='3C273')
2026.121.03:07:00;"reply from APECS: OK
2026.121.03:07:01;"reply from APECS: (timeout)
2026.121.03:07:01;"#     scan ends at 2026.121.03:09:00
2026.121.03:07:01;"
2026.121.03:07:01;"# ### Block for M87 scan 23 '121-0312' at 2026.121.03:12:00 in 180s #############
2026.121.03:09:00;"source('M87',cats='user'); go(); track()
2026.121.03:09:00;"reply from APECS: OK
2026.121.03:09:01;"reply from APECS: (timeout)
2026.121.03:09:25;"vlbi_tsys()
2026.121.03:09:25;"reply from APECS: OK
2026.121.03:09:25;"reply from APECS: OK
2026.121.03:09:26;"reply from APECS: (timeout)
2026.121.03:10:50;"vlbi_reference_scan()
2026.121.03:10:51;"reply from APECS: (timeout)
2026.121.03:10:51;"#                      gap        max ~0 min 35 sec
2026.121.03:12:00;"vlbi_scan(t_mins=4,targetSource='M87')
2026.121.03:12:00;"reply from APECS: OK
2026.121.03:12:01;"reply from APECS: (timeout)
2026.121.03:12:01;"#     scan ends at 2026.121.03:16:00
2026.121.03:12:01;"
2026.121.03:12:01;"# ### Block for M87 scan 24 '121-0319' at 2026.121.03:19:00 in 180s #############
2026.121.03:16:00;"source('M87',cats='user'); go(); track()
2026.121.03:16:00;"reply from APECS: OK
2026.121.03:16:01;"reply from APECS: (timeout)
2026.121.03:16:25;"vlbi_tsys()
2026.121.03:16:25;"reply from APECS: OK
2026.121.03:16:25;"reply from APECS: OK
2026.121.03:16:26;"reply from APECS: (timeout)
2026.121.03:17:50;"vlbi_reference_scan()
2026.121.03:17:51;"reply from APECS: (timeout)
2026.121.03:17:51;"#                      gap        max ~0 min 35 sec
2026.121.03:19:00;"vlbi_scan(t_mins=4,targetSource='M87')
2026.121.03:19:00;"reply from APECS: OK
2026.121.03:19:01;"reply from APECS: (timeout)
2026.121.03:19:01;"#     scan ends at 2026.121.03:23:00
2026.121.03:19:01;"
2026.121.03:19:01;"# ### Block for 3C279 scan 25 '121-0331' at 2026.121.03:31:00 in 480s ###########
2026.121.03:28:25;"source('3C279',cats='user'); go(); track()
2026.121.03:28:25;"reply from APECS: OK
2026.121.03:28:26;"reply from APECS: (timeout)
2026.121.03:28:50;"vlbi_tsys()
2026.121.03:28:50;"reply from APECS: OK
2026.121.03:28:50;"reply from APECS: OK
2026.121.03:28:51;"reply from APECS: (timeout)
2026.121.03:30:15;"vlbi_reference_scan()
2026.121.03:30:16;"reply from APECS: (timeout)
2026.121.03:30:16;"#                      gap        max ~0 min 10 sec
2026.121.03:31:00;"vlbi_scan(t_mins=2,targetSource='3C279')
2026.121.03:31:00;"reply from APECS: OK
2026.121.03:31:01;"reply from APECS: (timeout)
2026.121.03:31:01;"#     scan ends at 2026.121.03:33:00
2026.121.03:31:01;"
2026.121.03:31:01;"# ### Block for M87 scan 26 '121-0336' at 2026.121.03:36:00 in 180s #############
2026.121.03:33:00;"source('M87',cats='user'); go(); track()
2026.121.03:33:00;"reply from APECS: OK
2026.121.03:33:01;"reply from APECS: (timeout)
2026.121.03:33:25;"vlbi_tsys()
2026.121.03:33:25;"reply from APECS: OK
2026.121.03:33:25;"reply from APECS: OK
2026.121.03:33:26;"reply from APECS: (timeout)
2026.121.03:34:50;"vlbi_reference_scan()
2026.121.03:34:51;"reply from APECS: (timeout)
2026.121.03:34:51;"#                      gap        max ~0 min 35 sec
2026.121.03:36:00;"vlbi_scan(t_mins=4,targetSource='M87')
2026.121.03:36:00;"reply from APECS: OK
2026.121.03:36:01;"reply from APECS: (timeout)
2026.121.03:36:01;"#     scan ends at 2026.121.03:40:00
2026.121.03:36:01;"
2026.121.03:36:01;"# ### Block for M87 scan 27 '121-0343' at 2026.121.03:43:00 in 180s #############
2026.121.03:40:00;"source('M87',cats='user'); go(); track()
2026.121.03:40:00;"reply from APECS: OK
2026.121.03:40:01;"reply from APECS: (timeout)
2026.121.03:40:25;"vlbi_tsys()
2026.121.03:40:25;"reply from APECS: OK
2026.121.03:40:25;"reply from APECS: OK
2026.121.03:40:26;"reply from APECS: (timeout)
2026.121.03:41:50;"vlbi_reference_scan()
2026.121.03:41:51;"reply from APECS: (timeout)
2026.121.03:41:51;"#                      gap        max ~0 min 35 sec
2026.121.03:43:00;"vlbi_scan(t_mins=4,targetSource='M87')
2026.121.03:43:00;"reply from APECS: OK
2026.121.03:43:01;"reply from APECS: (timeout)
2026.121.03:43:01;"#     scan ends at 2026.121.03:47:00
2026.121.03:43:01;"
2026.121.03:43:01;"# ### Block for J1337-1257 scan 28 '121-0357' at 2026.121.03:57:00 in 600s ######
2026.121.03:43:01;"#
2026.121.03:43:01;"# OPERATOR free 7 min 35 sec until VLBI calibrations to start at 2026.121.03:54:25
2026.121.03:43:01;"#
2026.121.03:47:00;"print('You have 7 min 35 sec until the next VLBI calibration scan at 2026.121.03:54:25.')
2026.121.03:47:00;"reply from APECS: OK
2026.121.03:47:00;"reply from APECS: OK
2026.121.03:47:01;"reply from APECS: (timeout)
2026.121.03:54:25;"source('J1337-1257',cats='user'); go(); track()
2026.121.03:54:26;"reply from APECS: (timeout)
2026.121.03:54:50;"vlbi_tsys()
2026.121.03:54:50;"reply from APECS: OK
2026.121.03:54:50;"reply from APECS: OK
2026.121.03:54:51;"reply from APECS: (timeout)
2026.121.03:56:15;"vlbi_reference_scan()
2026.121.03:56:16;"reply from APECS: (timeout)
2026.121.03:56:16;"#                      gap        max ~0 min 10 sec
2026.121.03:57:00;"vlbi_scan(t_mins=2,targetSource='J1337-1257')
2026.121.03:57:00;"reply from APECS: OK
2026.121.03:57:01;"reply from APECS: (timeout)
2026.121.03:57:01;"#     scan ends at 2026.121.03:59:00
2026.121.03:57:01;"
2026.121.03:57:01;"# ### Block for 3C273 scan 29 '121-0404' at 2026.121.04:04:00 in 300s ###########
2026.121.04:01:25;"source('3C273',cats='user'); go(); track()
2026.121.04:01:25;"reply from APECS: OK
2026.121.04:01:26;"reply from APECS: (timeout)
2026.121.04:01:50;"vlbi_tsys()
2026.121.04:01:50;"reply from APECS: OK
2026.121.04:01:50;"reply from APECS: OK
2026.121.04:01:51;"reply from APECS: (timeout)
2026.121.04:03:15;"vlbi_reference_scan()
2026.121.04:03:16;"reply from APECS: (timeout)
2026.121.04:03:16;"#                      gap        max ~0 min 10 sec
2026.121.04:04:00;"vlbi_scan(t_mins=2,targetSource='3C273')
2026.121.04:04:00;"reply from APECS: OK
2026.121.04:04:01;"reply from APECS: (timeout)
2026.121.04:04:01;"#     scan ends at 2026.121.04:06:00
2026.121.04:04:01;"
2026.121.04:04:01;"# ### Block for M87 scan 30 '121-0409' at 2026.121.04:09:00 in 180s #############
2026.121.04:06:00;"source('M87',cats='user'); go(); track()
2026.121.04:06:00;"reply from APECS: OK
2026.121.04:06:01;"reply from APECS: (timeout)
2026.121.04:06:25;"vlbi_tsys()
2026.121.04:06:25;"reply from APECS: OK
2026.121.04:06:25;"reply from APECS: OK
2026.121.04:06:26;"reply from APECS: (timeout)
2026.121.04:07:50;"vlbi_reference_scan()
2026.121.04:07:51;"reply from APECS: (timeout)
2026.121.04:07:51;"#                      gap        max ~0 min 35 sec
2026.121.04:09:00;"vlbi_scan(t_mins=4,targetSource='M87')
2026.121.04:09:00;"reply from APECS: OK
2026.121.04:09:01;"reply from APECS: (timeout)
2026.121.04:09:01;"#     scan ends at 2026.121.04:13:00
2026.121.04:09:01;"
2026.121.04:09:01;"# ### Block for 3C279 scan 31 '121-0419' at 2026.121.04:19:00 in 360s ###########
2026.121.04:16:25;"source('3C279',cats='user'); go(); track()
2026.121.04:16:25;"reply from APECS: OK
2026.121.04:16:26;"reply from APECS: (timeout)
2026.121.04:16:50;"vlbi_tsys()
2026.121.04:16:50;"reply from APECS: OK
2026.121.04:16:50;"reply from APECS: OK
2026.121.04:16:51;"reply from APECS: (timeout)
2026.121.04:18:15;"vlbi_reference_scan()
2026.121.04:18:16;"reply from APECS: (timeout)
2026.121.04:18:16;"#                      gap        max ~0 min 10 sec
2026.121.04:19:00;"vlbi_scan(t_mins=2,targetSource='3C279')
2026.121.04:19:00;"reply from APECS: OK
2026.121.04:19:01;"reply from APECS: (timeout)
2026.121.04:19:01;"#     scan ends at 2026.121.04:21:00
2026.121.04:19:01;"
2026.121.04:19:01;"# ### Block for M87 scan 32 '121-0426' at 2026.121.04:26:00 in 300s #############
2026.121.04:23:25;"source('M87',cats='user'); go(); track()
2026.121.04:23:25;"reply from APECS: OK
2026.121.04:23:26;"reply from APECS: (timeout)
2026.121.04:23:50;"vlbi_tsys()
2026.121.04:23:50;"reply from APECS: OK
2026.121.04:23:50;"reply from APECS: OK
2026.121.04:23:51;"reply from APECS: (timeout)
2026.121.04:25:15;"vlbi_reference_scan()
2026.121.04:25:16;"reply from APECS: (timeout)
2026.121.04:25:16;"#                      gap        max ~0 min 10 sec
2026.121.04:26:00;"vlbi_scan(t_mins=4,targetSource='M87')
2026.121.04:26:00;"reply from APECS: OK
2026.121.04:26:01;"reply from APECS: (timeout)
2026.121.04:26:01;"#     scan ends at 2026.121.04:30:00
2026.121.04:26:01;"
2026.121.04:26:01;"# ### Block for 3C279 scan 33 '121-0439' at 2026.121.04:39:00 in 540s ###########
2026.121.04:26:01;"#
2026.121.04:26:01;"# OPERATOR free 6 min 35 sec until VLBI calibrations to start at 2026.121.04:36:25
2026.121.04:26:01;"#
2026.121.04:30:00;"print('You have 6 min 35 sec until the next VLBI calibration scan at 2026.121.04:36:25.')
2026.121.04:30:00;"reply from APECS: OK
2026.121.04:30:00;"reply from APECS: OK
2026.121.04:30:01;"reply from APECS: (timeout)
2026.121.04:36:25;"source('3C279',cats='user'); go(); track()
2026.121.04:36:26;"reply from APECS: (timeout)
2026.121.04:36:50;"vlbi_tsys()
2026.121.04:36:50;"reply from APECS: OK
2026.121.04:36:50;"reply from APECS: OK
2026.121.04:36:51;"reply from APECS: (timeout)
2026.121.04:38:15;"vlbi_reference_scan()
2026.121.04:38:16;"reply from APECS: (timeout)
2026.121.04:38:16;"#                      gap        max ~0 min 10 sec
2026.121.04:39:00;"vlbi_scan(t_mins=2,targetSource='3C279')
2026.121.04:39:00;"reply from APECS: OK
2026.121.04:39:01;"reply from APECS: (timeout)
2026.121.04:39:01;"#     scan ends at 2026.121.04:41:00
2026.121.04:39:01;"
2026.121.04:39:01;"# ### Block for M87 scan 34 '121-0444' at 2026.121.04:44:00 in 180s #############
2026.121.04:41:00;"source('M87',cats='user'); go(); track()
2026.121.04:41:00;"reply from APECS: OK
2026.121.04:41:01;"reply from APECS: (timeout)
2026.121.04:41:25;"vlbi_tsys()
2026.121.04:41:25;"reply from APECS: OK
2026.121.04:41:25;"reply from APECS: OK
2026.121.04:41:26;"reply from APECS: (timeout)
2026.121.04:42:50;"vlbi_reference_scan()
2026.121.04:42:51;"reply from APECS: (timeout)
2026.121.04:42:51;"#                      gap        max ~0 min 35 sec
2026.121.04:44:00;"vlbi_scan(t_mins=4,targetSource='M87')
2026.121.04:44:00;"reply from APECS: OK
2026.121.04:44:01;"reply from APECS: (timeout)
2026.121.04:44:01;"#     scan ends at 2026.121.04:48:00
2026.121.04:44:01;"
2026.121.04:44:01;"# ### Block for 3C279 scan 35 '121-0456' at 2026.121.04:56:00 in 480s ###########
2026.121.04:53:25;"source('3C279',cats='user'); go(); track()
2026.121.04:53:25;"reply from APECS: OK
2026.121.04:53:26;"reply from APECS: (timeout)
2026.121.04:53:50;"vlbi_tsys()
2026.121.04:53:50;"reply from APECS: OK
2026.121.04:53:50;"reply from APECS: OK
2026.121.04:53:51;"reply from APECS: (timeout)
2026.121.04:55:15;"vlbi_reference_scan()
2026.121.04:55:16;"reply from APECS: (timeout)
2026.121.04:55:16;"#                      gap        max ~0 min 10 sec
2026.121.04:56:00;"vlbi_scan(t_mins=2,targetSource='3C279')
2026.121.04:56:00;"reply from APECS: OK
2026.121.04:56:01;"reply from APECS: (timeout)
2026.121.04:56:01;"#     scan ends at 2026.121.04:58:00
2026.121.04:56:01;"
2026.121.04:56:01;"# ### Block for J1337-1257 scan 36 '121-0500' at 2026.121.05:00:00 in 120s ######
2026.121.04:58:00;"source('J1337-1257',cats='user'); go(); track()
2026.121.04:58:00;"reply from APECS: OK
2026.121.04:58:01;"reply from APECS: (timeout)
2026.121.04:58:25;"vlbi_tsys()
2026.121.04:58:25;"reply from APECS: OK
2026.121.04:58:25;"reply from APECS: OK
2026.121.04:58:26;"reply from APECS: (timeout)
2026.121.04:58:26;"#                      gap        max ~0 min 10 sec
2026.121.05:00:00;"vlbi_scan(t_mins=2,targetSource='J1337-1257')
2026.121.05:00:01;"reply from APECS: (timeout)
2026.121.05:00:01;"#     scan ends at 2026.121.05:02:00
2026.121.05:00:01;"
2026.121.05:00:01;"# ### Block for M87 scan 37 '121-0506' at 2026.121.05:06:00 in 240s #############
2026.121.05:03:25;"source('M87',cats='user'); go(); track()
2026.121.05:03:25;"reply from APECS: OK
2026.121.05:03:26;"reply from APECS: (timeout)
2026.121.05:03:50;"vlbi_tsys()
2026.121.05:03:50;"reply from APECS: OK
2026.121.05:03:50;"reply from APECS: OK
2026.121.05:03:51;"reply from APECS: (timeout)
2026.121.05:05:15;"vlbi_reference_scan()
2026.121.05:05:16;"reply from APECS: (timeout)
2026.121.05:05:16;"#                      gap        max ~0 min 10 sec
2026.121.05:06:00;"vlbi_scan(t_mins=4,targetSource='M87')
2026.121.05:06:00;"reply from APECS: OK
2026.121.05:06:01;"reply from APECS: (timeout)
2026.121.05:06:01;"#     scan ends at 2026.121.05:10:00
2026.121.05:06:01;"
2026.121.05:06:01;"# ### Block for 3C273 scan 38 '121-0518' at 2026.121.05:18:00 in 480s ###########
2026.121.05:15:25;"source('3C273',cats='user'); go(); track()
2026.121.05:15:25;"reply from APECS: OK
2026.121.05:15:26;"reply from APECS: (timeout)
2026.121.05:15:50;"vlbi_tsys()
2026.121.05:15:50;"reply from APECS: OK
2026.121.05:15:50;"reply from APECS: OK
2026.121.05:15:51;"reply from APECS: (timeout)
2026.121.05:17:15;"vlbi_reference_scan()
2026.121.05:17:16;"reply from APECS: (timeout)
2026.121.05:17:16;"#                      gap        max ~0 min 10 sec
2026.121.05:18:00;"vlbi_scan(t_mins=2,targetSource='3C273')
2026.121.05:18:00;"reply from APECS: OK
2026.121.05:18:01;"reply from APECS: (timeout)
2026.121.05:18:01;"#     scan ends at 2026.121.05:20:00
2026.121.05:18:01;"
2026.121.05:18:01;"# ### Block for M87 scan 39 '121-0523' at 2026.121.05:23:00 in 180s #############
2026.121.05:20:00;"source('M87',cats='user'); go(); track()
2026.121.05:20:00;"reply from APECS: OK
2026.121.05:20:01;"reply from APECS: (timeout)
2026.121.05:20:25;"vlbi_tsys()
2026.121.05:20:25;"reply from APECS: OK
2026.121.05:20:25;"reply from APECS: OK
2026.121.05:20:26;"reply from APECS: (timeout)
2026.121.05:21:50;"vlbi_reference_scan()
2026.121.05:21:51;"reply from APECS: (timeout)
2026.121.05:21:51;"#                      gap        max ~0 min 35 sec
2026.121.05:23:00;"vlbi_scan(t_mins=4,targetSource='M87')
2026.121.05:23:00;"reply from APECS: OK
2026.121.05:23:01;"reply from APECS: (timeout)
2026.121.05:23:01;"#     scan ends at 2026.121.05:27:00
2026.121.05:23:01;"
2026.121.05:23:01;"# ### Block for 3C279 scan 40 '121-0535' at 2026.121.05:35:00 in 480s ###########
2026.121.05:32:25;"source('3C279',cats='user'); go(); track()
2026.121.05:32:25;"reply from APECS: OK
2026.121.05:32:26;"reply from APECS: (timeout)
2026.121.05:32:50;"vlbi_tsys()
2026.121.05:32:50;"reply from APECS: OK
2026.121.05:32:50;"reply from APECS: OK
2026.121.05:32:51;"reply from APECS: (timeout)
2026.121.05:34:15;"vlbi_reference_scan()
2026.121.05:34:16;"reply from APECS: (timeout)
2026.121.05:34:16;"#                      gap        max ~0 min 10 sec
2026.121.05:35:00;"vlbi_scan(t_mins=2,targetSource='3C279')
2026.121.05:35:00;"reply from APECS: OK
2026.121.05:35:01;"reply from APECS: (timeout)
2026.121.05:35:01;"#     scan ends at 2026.121.05:37:00
2026.121.05:35:01;"
2026.121.05:35:01;"# ### Block for M87 scan 41 '121-0540' at 2026.121.05:40:00 in 180s #############
2026.121.05:37:00;"source('M87',cats='user'); go(); track()
2026.121.05:37:00;"reply from APECS: OK
2026.121.05:37:01;"reply from APECS: (timeout)
2026.121.05:37:25;"vlbi_tsys()
2026.121.05:37:25;"reply from APECS: OK
2026.121.05:37:25;"reply from APECS: OK
2026.121.05:37:26;"reply from APECS: (timeout)
2026.121.05:38:50;"vlbi_reference_scan()
2026.121.05:38:51;"reply from APECS: (timeout)
2026.121.05:38:51;"#                      gap        max ~0 min 35 sec
2026.121.05:40:00;"vlbi_scan(t_mins=4,targetSource='M87')
2026.121.05:40:00;"reply from APECS: OK
2026.121.05:40:01;"reply from APECS: (timeout)
2026.121.05:40:01;"#     scan ends at 2026.121.05:44:00
2026.121.05:40:01;"
2026.121.05:40:01;"# ### Block for J1337-1257 scan 42 '121-0547' at 2026.121.05:47:00 in 200s ######
2026.121.05:44:00;"source('J1337-1257',cats='user'); go(); track()
2026.121.05:44:00;"reply from APECS: OK
2026.121.05:44:01;"reply from APECS: (timeout)
2026.121.05:44:25;"vlbi_tsys()
2026.121.05:44:25;"reply from APECS: OK
2026.121.05:44:25;"reply from APECS: OK
2026.121.05:44:26;"reply from APECS: (timeout)
2026.121.05:45:50;"vlbi_reference_scan()
2026.121.05:45:51;"reply from APECS: (timeout)
2026.121.05:45:51;"#                      gap        max ~0 min 35 sec
2026.121.05:47:00;"vlbi_scan(t_mins=2,targetSource='J1337-1257')
2026.121.05:47:00;"reply from APECS: OK
2026.121.05:47:01;"reply from APECS: (timeout)
2026.121.05:47:01;"#     scan ends at 2026.121.05:49:00
2026.121.05:47:01;"
2026.121.05:47:01;"
2026.121.05:47:01;"# Finished VLBI schedule
2026.121.05:49:15;"vlbi_tone(enable=False)
2026.121.05:49:15;"reply from APECS: OK
2026.121.05:49:15;"reply from APECS: OK
2026.121.05:49:16;"reply from APECS: (timeout)
2026.121.05:49:30;"remote_control('off')
2026.121.05:49:30;"reply from APECS: OK
2026.121.05:49:31;"reply from APECS: (timeout)
2026.121.05:49:31;"################################################################################
2026.121.05:49:31;"### end of schedule
2026.121.05:49:31;"################################################################################
