2026.124.23:34:12;"----------| START OF e26y05.apecs.obs |----------
2026.124.23:34:12;"Using TAI-UTC offset of +37 seconds
2026.124.23:34:12;"#
2026.124.23:34:12;"# APEX observing script for station Ax from file vexfiles/staging/e26y05.vex
2026.124.23:34:12;"# File created on 2026.120.23:11:00 UT
2026.124.23:34:12;"#
2026.124.23:34:12;"# Columns: 1) Start time 2) Duration in seconds 3) APECS command
2026.124.23:34:12;"# Details on the columns:
2026.124.23:34:12;"#    1) @always, or UT date-time in a 2015.016.06:42:40 format (yyyy.doy.hh:mm:ss)
2026.124.23:34:12;"#         modifiers: !2015.016.06:42:40 to not skip command even if start time already is past
2026.124.23:34:12;"#    2) estimated duration of the command in seconds
2026.124.23:34:12;"#    3) APECS command and parameters to execute. If the command includes whitespace.
2026.124.23:34:12;"#       Commands include, e.g.: tsys(), interactive("message"), tracksource("sourcename"), ...
2026.124.23:34:12;"#
2026.124.23:34:12;"# At time              Duration   Command
2026.124.23:34:12;"execfile('vlbi-NFLASH230_commands.py')
2026.124.23:34:12;"reply from APECS: OK
2026.124.23:34:13;"reply from APECS: (timeout)
2026.124.23:34:15;"vlbi_tone(enable=True)
2026.124.23:34:16;"reply from APECS: (timeout)
2026.124.23:34:18;"
2026.124.23:34:18;"# ### Block for 3C273 scan 1 '124-2353' at 2026.124.23:53:00 in 200s ############
2026.124.23:49:40;"source('3C273',cats='user'); go(); track()
2026.124.23:49:40;"reply from APECS: OK
2026.124.23:49:41;"reply from APECS: (timeout)
2026.124.23:50:05;"vlbi_tsys()
2026.124.23:50:05;"reply from APECS: OK
2026.124.23:50:05;"reply from APECS: OK
2026.124.23:50:06;"reply from APECS: (timeout)
2026.124.23:51:30;"vlbi_reference_scan()
2026.124.23:51:31;"reply from APECS: (timeout)
2026.124.23:51:31;"#                      gap        max ~0 min 55 sec
2026.124.23:53:00;"vlbi_scan(t_mins=2,targetSource='3C273')
2026.124.23:53:00;"reply from APECS: OK
2026.124.23:53:01;"reply from APECS: (timeout)
2026.124.23:53:01;"#     scan ends at 2026.124.23:55:00
2026.124.23:53:01;"
2026.124.23:53:01;"# ### Block for M87 scan 2 '124-2358' at 2026.124.23:58:00 in 180s ##############
2026.124.23:55:00;"source('M87',cats='user'); go(); track()
2026.124.23:55:00;"reply from APECS: OK
2026.124.23:55:01;"reply from APECS: (timeout)
2026.124.23:55:25;"vlbi_tsys()
2026.124.23:55:25;"reply from APECS: OK
2026.124.23:55:25;"reply from APECS: OK
2026.124.23:55:26;"reply from APECS: (timeout)
2026.124.23:56:50;"vlbi_reference_scan()
2026.124.23:56:51;"reply from APECS: (timeout)
2026.124.23:56:51;"#                      gap        max ~0 min 35 sec
2026.124.23:58:00;"vlbi_scan(t_mins=4,targetSource='M87')
2026.124.23:58:00;"reply from APECS: OK
2026.124.23:58:01;"reply from APECS: (timeout)
2026.124.23:58:01;"#     scan ends at 2026.125.00:02:00
2026.124.23:58:01;"
2026.124.23:58:01;"# ### Block for 3C279 scan 3 '125-0012' at 2026.125.00:12:00 in 600s ############
2026.124.23:58:01;"#
2026.124.23:58:01;"# OPERATOR free 7 min 35 sec until VLBI calibrations to start at 2026.125.00:09:25
2026.124.23:58:01;"#
2026.125.00:02:00;"print('You have 7 min 35 sec until the next VLBI calibration scan at 2026.125.00:09:25.')
2026.125.00:02:00;"reply from APECS: OK
2026.125.00:02:00;"reply from APECS: OK
2026.125.00:02:01;"reply from APECS: (timeout)
2026.125.00:09:25;"source('3C279',cats='user'); go(); track()
2026.125.00:09:26;"reply from APECS: (timeout)
2026.125.00:09:50;"vlbi_tsys()
2026.125.00:09:50;"reply from APECS: OK
2026.125.00:09:50;"reply from APECS: OK
2026.125.00:09:51;"reply from APECS: (timeout)
2026.125.00:11:15;"vlbi_reference_scan()
2026.125.00:11:16;"reply from APECS: (timeout)
2026.125.00:11:16;"#                      gap        max ~0 min 10 sec
2026.125.00:12:00;"vlbi_scan(t_mins=2,targetSource='3C279')
2026.125.00:12:00;"reply from APECS: OK
2026.125.00:12:01;"reply from APECS: (timeout)
2026.125.00:12:01;"#     scan ends at 2026.125.00:14:00
2026.125.00:12:01;"
2026.125.00:12:01;"# ### Block for M87 scan 4 '125-0017' at 2026.125.00:17:00 in 180s ##############
2026.125.00:14:00;"source('M87',cats='user'); go(); track()
2026.125.00:14:00;"reply from APECS: OK
2026.125.00:14:01;"reply from APECS: (timeout)
2026.125.00:14:25;"vlbi_tsys()
2026.125.00:14:25;"reply from APECS: OK
2026.125.00:14:25;"reply from APECS: OK
2026.125.00:14:26;"reply from APECS: (timeout)
2026.125.00:15:50;"vlbi_reference_scan()
2026.125.00:15:51;"reply from APECS: (timeout)
2026.125.00:15:51;"#                      gap        max ~0 min 35 sec
2026.125.00:17:00;"vlbi_scan(t_mins=4,targetSource='M87')
2026.125.00:17:00;"reply from APECS: OK
2026.125.00:17:01;"reply from APECS: (timeout)
2026.125.00:17:01;"#     scan ends at 2026.125.00:21:00
2026.125.00:17:01;"
2026.125.00:17:01;"# ### Block for 3C273 scan 5 '125-0031' at 2026.125.00:31:00 in 600s ############
2026.125.00:17:01;"#
2026.125.00:17:01;"# OPERATOR free 7 min 35 sec until VLBI calibrations to start at 2026.125.00:28:25
2026.125.00:17:01;"#
2026.125.00:21:00;"print('You have 7 min 35 sec until the next VLBI calibration scan at 2026.125.00:28:25.')
2026.125.00:21:00;"reply from APECS: OK
2026.125.00:21:00;"reply from APECS: OK
2026.125.00:21:01;"reply from APECS: (timeout)
2026.125.00:28:25;"source('3C273',cats='user'); go(); track()
2026.125.00:28:26;"reply from APECS: (timeout)
2026.125.00:28:50;"vlbi_tsys()
2026.125.00:28:50;"reply from APECS: OK
2026.125.00:28:50;"reply from APECS: OK
2026.125.00:28:51;"reply from APECS: (timeout)
2026.125.00:30:15;"vlbi_reference_scan()
2026.125.00:30:16;"reply from APECS: (timeout)
2026.125.00:30:16;"#                      gap        max ~0 min 10 sec
2026.125.00:31:00;"vlbi_scan(t_mins=2,targetSource='3C273')
2026.125.00:31:00;"reply from APECS: OK
2026.125.00:31:01;"reply from APECS: (timeout)
2026.125.00:31:01;"#     scan ends at 2026.125.00:33:00
2026.125.00:31:01;"
2026.125.00:31:01;"# ### Block for M87 scan 6 '125-0036' at 2026.125.00:36:00 in 180s ##############
2026.125.00:33:00;"source('M87',cats='user'); go(); track()
2026.125.00:33:00;"reply from APECS: OK
2026.125.00:33:01;"reply from APECS: (timeout)
2026.125.00:33:25;"vlbi_tsys()
2026.125.00:33:25;"reply from APECS: OK
2026.125.00:33:25;"reply from APECS: OK
2026.125.00:33:26;"reply from APECS: (timeout)
2026.125.00:34:50;"vlbi_reference_scan()
2026.125.00:34:51;"reply from APECS: (timeout)
2026.125.00:34:51;"#                      gap        max ~0 min 35 sec
2026.125.00:36:00;"vlbi_scan(t_mins=4,targetSource='M87')
2026.125.00:36:00;"reply from APECS: OK
2026.125.00:36:01;"reply from APECS: (timeout)
2026.125.00:36:01;"#     scan ends at 2026.125.00:40:00
2026.125.00:36:01;"
2026.125.00:36:01;"# ### Block for 3C279 scan 7 '125-0050' at 2026.125.00:50:00 in 600s ############
2026.125.00:36:01;"#
2026.125.00:36:01;"# OPERATOR free 7 min 35 sec until VLBI calibrations to start at 2026.125.00:47:25
2026.125.00:36:01;"#
2026.125.00:40:00;"print('You have 7 min 35 sec until the next VLBI calibration scan at 2026.125.00:47:25.')
2026.125.00:40:00;"reply from APECS: OK
2026.125.00:40:00;"reply from APECS: OK
2026.125.00:40:01;"reply from APECS: (timeout)
2026.125.00:47:25;"source('3C279',cats='user'); go(); track()
2026.125.00:47:26;"reply from APECS: (timeout)
2026.125.00:47:50;"vlbi_tsys()
2026.125.00:47:50;"reply from APECS: OK
2026.125.00:47:50;"reply from APECS: OK
2026.125.00:47:51;"reply from APECS: (timeout)
2026.125.00:49:15;"vlbi_reference_scan()
2026.125.00:49:16;"reply from APECS: (timeout)
2026.125.00:49:16;"#                      gap        max ~0 min 10 sec
2026.125.00:50:00;"vlbi_scan(t_mins=2,targetSource='3C279')
2026.125.00:50:00;"reply from APECS: OK
2026.125.00:50:01;"reply from APECS: (timeout)
2026.125.00:50:01;"#     scan ends at 2026.125.00:52:00
2026.125.00:50:01;"
2026.125.00:50:01;"# ### Block for M87 scan 8 '125-0055' at 2026.125.00:55:00 in 180s ##############
2026.125.00:52:00;"source('M87',cats='user'); go(); track()
2026.125.00:52:00;"reply from APECS: OK
2026.125.00:52:01;"reply from APECS: (timeout)
2026.125.00:52:25;"vlbi_tsys()
2026.125.00:52:25;"reply from APECS: OK
2026.125.00:52:25;"reply from APECS: OK
2026.125.00:52:26;"reply from APECS: (timeout)
2026.125.00:53:50;"vlbi_reference_scan()
2026.125.00:53:51;"reply from APECS: (timeout)
2026.125.00:53:51;"#                      gap        max ~0 min 35 sec
2026.125.00:55:00;"vlbi_scan(t_mins=4,targetSource='M87')
2026.125.00:55:00;"reply from APECS: OK
2026.125.00:55:01;"reply from APECS: (timeout)
2026.125.00:55:01;"#     scan ends at 2026.125.00:59:00
2026.125.00:55:01;"
2026.125.00:55:01;"# ### Block for J1337-1257 scan 9 '125-0101' at 2026.125.01:01:00 in 120s #######
2026.125.00:59:00;"source('J1337-1257',cats='user'); go(); track()
2026.125.00:59:00;"reply from APECS: OK
2026.125.00:59:01;"reply from APECS: (timeout)
2026.125.00:59:25;"vlbi_tsys()
2026.125.00:59:25;"reply from APECS: OK
2026.125.00:59:25;"reply from APECS: OK
2026.125.00:59:26;"reply from APECS: (timeout)
2026.125.00:59:26;"#                      gap        max ~0 min 10 sec
2026.125.01:01:00;"vlbi_scan(t_mins=2,targetSource='J1337-1257')
2026.125.01:01:01;"reply from APECS: (timeout)
2026.125.01:01:01;"#     scan ends at 2026.125.01:03:00
2026.125.01:01:01;"
2026.125.01:01:01;"# ### Block for 3C279 scan 10 '125-0114' at 2026.125.01:14:00 in 660s ###########
2026.125.01:01:01;"#
2026.125.01:01:01;"# OPERATOR free 8 min 35 sec until VLBI calibrations to start at 2026.125.01:11:25
2026.125.01:01:01;"#
2026.125.01:03:00;"print('You have 8 min 35 sec until the next VLBI calibration scan at 2026.125.01:11:25.')
2026.125.01:03:00;"reply from APECS: OK
2026.125.01:03:00;"reply from APECS: OK
2026.125.01:03:01;"reply from APECS: (timeout)
2026.125.01:11:25;"source('3C279',cats='user'); go(); track()
2026.125.01:11:26;"reply from APECS: (timeout)
2026.125.01:11:50;"vlbi_tsys()
2026.125.01:11:50;"reply from APECS: OK
2026.125.01:11:50;"reply from APECS: OK
2026.125.01:11:51;"reply from APECS: (timeout)
2026.125.01:13:15;"vlbi_reference_scan()
2026.125.01:13:16;"reply from APECS: (timeout)
2026.125.01:13:16;"#                      gap        max ~0 min 10 sec
2026.125.01:14:00;"vlbi_scan(t_mins=2,targetSource='3C279')
2026.125.01:14:00;"reply from APECS: OK
2026.125.01:14:01;"reply from APECS: (timeout)
2026.125.01:14:01;"#     scan ends at 2026.125.01:16:00
2026.125.01:14:01;"
2026.125.01:14:01;"# ### Block for M87 scan 11 '125-0119' at 2026.125.01:19:00 in 180s #############
2026.125.01:16:00;"source('M87',cats='user'); go(); track()
2026.125.01:16:00;"reply from APECS: OK
2026.125.01:16:01;"reply from APECS: (timeout)
2026.125.01:16:25;"vlbi_tsys()
2026.125.01:16:25;"reply from APECS: OK
2026.125.01:16:25;"reply from APECS: OK
2026.125.01:16:26;"reply from APECS: (timeout)
2026.125.01:17:50;"vlbi_reference_scan()
2026.125.01:17:51;"reply from APECS: (timeout)
2026.125.01:17:51;"#                      gap        max ~0 min 35 sec
2026.125.01:19:00;"vlbi_scan(t_mins=4,targetSource='M87')
2026.125.01:19:00;"reply from APECS: OK
2026.125.01:19:01;"reply from APECS: (timeout)
2026.125.01:19:01;"#     scan ends at 2026.125.01:23:00
2026.125.01:19:01;"
2026.125.01:19:01;"# ### Block for J1337-1257 scan 12 '125-0128' at 2026.125.01:28:00 in 300s ######
2026.125.01:25:25;"source('J1337-1257',cats='user'); go(); track()
2026.125.01:25:25;"reply from APECS: OK
2026.125.01:25:26;"reply from APECS: (timeout)
2026.125.01:25:50;"vlbi_tsys()
2026.125.01:25:50;"reply from APECS: OK
2026.125.01:25:50;"reply from APECS: OK
2026.125.01:25:51;"reply from APECS: (timeout)
2026.125.01:27:15;"vlbi_reference_scan()
2026.125.01:27:16;"reply from APECS: (timeout)
2026.125.01:27:16;"#                      gap        max ~0 min 10 sec
2026.125.01:28:00;"vlbi_scan(t_mins=2,targetSource='J1337-1257')
2026.125.01:28:00;"reply from APECS: OK
2026.125.01:28:01;"reply from APECS: (timeout)
2026.125.01:28:01;"#     scan ends at 2026.125.01:30:00
2026.125.01:28:01;"
2026.125.01:28:01;"# ### Block for 3C279 scan 13 '125-0135' at 2026.125.01:35:00 in 300s ###########
2026.125.01:32:25;"source('3C279',cats='user'); go(); track()
2026.125.01:32:25;"reply from APECS: OK
2026.125.01:32:26;"reply from APECS: (timeout)
2026.125.01:32:50;"vlbi_tsys()
2026.125.01:32:50;"reply from APECS: OK
2026.125.01:32:50;"reply from APECS: OK
2026.125.01:32:51;"reply from APECS: (timeout)
2026.125.01:34:15;"vlbi_reference_scan()
2026.125.01:34:16;"reply from APECS: (timeout)
2026.125.01:34:16;"#                      gap        max ~0 min 10 sec
2026.125.01:35:00;"vlbi_scan(t_mins=2,targetSource='3C279')
2026.125.01:35:00;"reply from APECS: OK
2026.125.01:35:01;"reply from APECS: (timeout)
2026.125.01:35:01;"#     scan ends at 2026.125.01:37:00
2026.125.01:35:01;"
2026.125.01:35:01;"# ### Block for M87 scan 14 '125-0140' at 2026.125.01:40:00 in 180s #############
2026.125.01:37:00;"source('M87',cats='user'); go(); track()
2026.125.01:37:00;"reply from APECS: OK
2026.125.01:37:01;"reply from APECS: (timeout)
2026.125.01:37:25;"vlbi_tsys()
2026.125.01:37:25;"reply from APECS: OK
2026.125.01:37:25;"reply from APECS: OK
2026.125.01:37:26;"reply from APECS: (timeout)
2026.125.01:38:50;"vlbi_reference_scan()
2026.125.01:38:51;"reply from APECS: (timeout)
2026.125.01:38:51;"#                      gap        max ~0 min 35 sec
2026.125.01:40:00;"vlbi_scan(t_mins=4,targetSource='M87')
2026.125.01:40:00;"reply from APECS: OK
2026.125.01:40:01;"reply from APECS: (timeout)
2026.125.01:40:01;"#     scan ends at 2026.125.01:44:00
2026.125.01:40:01;"
2026.125.01:40:01;"# ### Block for 3C273 scan 15 '125-0153' at 2026.125.01:53:00 in 540s ###########
2026.125.01:40:01;"#
2026.125.01:40:01;"# OPERATOR free 6 min 35 sec until VLBI calibrations to start at 2026.125.01:50:25
2026.125.01:40:01;"#
2026.125.01:44:00;"print('You have 6 min 35 sec until the next VLBI calibration scan at 2026.125.01:50:25.')
2026.125.01:44:00;"reply from APECS: OK
2026.125.01:44:00;"reply from APECS: OK
2026.125.01:44:01;"reply from APECS: (timeout)
2026.125.01:50:25;"source('3C273',cats='user'); go(); track()
2026.125.01:50:26;"reply from APECS: (timeout)
2026.125.01:50:50;"vlbi_tsys()
2026.125.01:50:50;"reply from APECS: OK
2026.125.01:50:50;"reply from APECS: OK
2026.125.01:50:51;"reply from APECS: (timeout)
2026.125.01:52:15;"vlbi_reference_scan()
2026.125.01:52:16;"reply from APECS: (timeout)
2026.125.01:52:16;"#                      gap        max ~0 min 10 sec
2026.125.01:53:00;"vlbi_scan(t_mins=2,targetSource='3C273')
2026.125.01:53:00;"reply from APECS: OK
2026.125.01:53:01;"reply from APECS: (timeout)
2026.125.01:53:01;"#     scan ends at 2026.125.01:55:00
2026.125.01:53:01;"
2026.125.01:53:01;"# ### Block for M87 scan 16 '125-0158' at 2026.125.01:58:00 in 180s #############
2026.125.01:55:00;"source('M87',cats='user'); go(); track()
2026.125.01:55:00;"reply from APECS: OK
2026.125.01:55:01;"reply from APECS: (timeout)
2026.125.01:55:25;"vlbi_tsys()
2026.125.01:55:25;"reply from APECS: OK
2026.125.01:55:25;"reply from APECS: OK
2026.125.01:55:26;"reply from APECS: (timeout)
2026.125.01:56:50;"vlbi_reference_scan()
2026.125.01:56:51;"reply from APECS: (timeout)
2026.125.01:56:51;"#                      gap        max ~0 min 35 sec
2026.125.01:58:00;"vlbi_scan(t_mins=4,targetSource='M87')
2026.125.01:58:00;"reply from APECS: OK
2026.125.01:58:01;"reply from APECS: (timeout)
2026.125.01:58:01;"#     scan ends at 2026.125.02:02:00
2026.125.01:58:01;"
2026.125.01:58:01;"# ### Block for 3C279 scan 17 '125-0211' at 2026.125.02:11:00 in 540s ###########
2026.125.01:58:01;"#
2026.125.01:58:01;"# OPERATOR free 6 min 35 sec until VLBI calibrations to start at 2026.125.02:08:25
2026.125.01:58:01;"#
2026.125.02:02:00;"print('You have 6 min 35 sec until the next VLBI calibration scan at 2026.125.02:08:25.')
2026.125.02:02:00;"reply from APECS: OK
2026.125.02:02:00;"reply from APECS: OK
2026.125.02:02:01;"reply from APECS: (timeout)
2026.125.02:08:25;"source('3C279',cats='user'); go(); track()
2026.125.02:08:26;"reply from APECS: (timeout)
2026.125.02:08:50;"vlbi_tsys()
2026.125.02:08:50;"reply from APECS: OK
2026.125.02:08:50;"reply from APECS: OK
2026.125.02:08:51;"reply from APECS: (timeout)
2026.125.02:10:15;"vlbi_reference_scan()
2026.125.02:10:16;"reply from APECS: (timeout)
2026.125.02:10:16;"#                      gap        max ~0 min 10 sec
2026.125.02:11:00;"vlbi_scan(t_mins=2,targetSource='3C279')
2026.125.02:11:00;"reply from APECS: OK
2026.125.02:11:01;"reply from APECS: (timeout)
2026.125.02:11:01;"#     scan ends at 2026.125.02:13:00
2026.125.02:11:01;"
2026.125.02:11:01;"# ### Block for M87 scan 18 '125-0216' at 2026.125.02:16:00 in 180s #############
2026.125.02:13:00;"source('M87',cats='user'); go(); track()
2026.125.02:13:00;"reply from APECS: OK
2026.125.02:13:01;"reply from APECS: (timeout)
2026.125.02:13:25;"vlbi_tsys()
2026.125.02:13:25;"reply from APECS: OK
2026.125.02:13:25;"reply from APECS: OK
2026.125.02:13:26;"reply from APECS: (timeout)
2026.125.02:14:50;"vlbi_reference_scan()
2026.125.02:14:51;"reply from APECS: (timeout)
2026.125.02:14:51;"#                      gap        max ~0 min 35 sec
2026.125.02:16:00;"vlbi_scan(t_mins=4,targetSource='M87')
2026.125.02:16:00;"reply from APECS: OK
2026.125.02:16:01;"reply from APECS: (timeout)
2026.125.02:16:01;"#     scan ends at 2026.125.02:20:00
2026.125.02:16:01;"
2026.125.02:16:01;"# ### Block for 3C279 scan 19 '125-0230' at 2026.125.02:30:00 in 600s ###########
2026.125.02:16:01;"#
2026.125.02:16:01;"# OPERATOR free 7 min 35 sec until VLBI calibrations to start at 2026.125.02:27:25
2026.125.02:16:01;"#
2026.125.02:20:00;"print('You have 7 min 35 sec until the next VLBI calibration scan at 2026.125.02:27:25.')
2026.125.02:20:00;"reply from APECS: OK
2026.125.02:20:00;"reply from APECS: OK
2026.125.02:20:01;"reply from APECS: (timeout)
2026.125.02:27:25;"source('3C279',cats='user'); go(); track()
2026.125.02:27:26;"reply from APECS: (timeout)
2026.125.02:27:50;"vlbi_tsys()
2026.125.02:27:50;"reply from APECS: OK
2026.125.02:27:50;"reply from APECS: OK
2026.125.02:27:51;"reply from APECS: (timeout)
2026.125.02:29:15;"vlbi_reference_scan()
2026.125.02:29:16;"reply from APECS: (timeout)
2026.125.02:29:16;"#                      gap        max ~0 min 10 sec
2026.125.02:30:00;"vlbi_scan(t_mins=2,targetSource='3C279')
2026.125.02:30:00;"reply from APECS: OK
2026.125.02:30:01;"reply from APECS: (timeout)
2026.125.02:30:01;"#     scan ends at 2026.125.02:32:00
2026.125.02:30:01;"
2026.125.02:30:01;"# ### Block for M87 scan 20 '125-0235' at 2026.125.02:35:00 in 180s #############
2026.125.02:32:00;"source('M87',cats='user'); go(); track()
2026.125.02:32:00;"reply from APECS: OK
2026.125.02:32:01;"reply from APECS: (timeout)
2026.125.02:32:25;"vlbi_tsys()
2026.125.02:32:25;"reply from APECS: OK
2026.125.02:32:25;"reply from APECS: OK
2026.125.02:32:26;"reply from APECS: (timeout)
2026.125.02:33:50;"vlbi_reference_scan()
2026.125.02:33:51;"reply from APECS: (timeout)
2026.125.02:33:51;"#                      gap        max ~0 min 35 sec
2026.125.02:35:00;"vlbi_scan(t_mins=4,targetSource='M87')
2026.125.02:35:00;"reply from APECS: OK
2026.125.02:35:01;"reply from APECS: (timeout)
2026.125.02:35:01;"#     scan ends at 2026.125.02:39:00
2026.125.02:35:01;"
2026.125.02:35:01;"# ### Block for J1337-1257 scan 21 '125-0242' at 2026.125.02:42:00 in 180s ######
2026.125.02:39:00;"source('J1337-1257',cats='user'); go(); track()
2026.125.02:39:00;"reply from APECS: OK
2026.125.02:39:01;"reply from APECS: (timeout)
2026.125.02:39:25;"vlbi_tsys()
2026.125.02:39:25;"reply from APECS: OK
2026.125.02:39:25;"reply from APECS: OK
2026.125.02:39:26;"reply from APECS: (timeout)
2026.125.02:40:50;"vlbi_reference_scan()
2026.125.02:40:51;"reply from APECS: (timeout)
2026.125.02:40:51;"#                      gap        max ~0 min 35 sec
2026.125.02:42:00;"vlbi_scan(t_mins=2,targetSource='J1337-1257')
2026.125.02:42:00;"reply from APECS: OK
2026.125.02:42:01;"reply from APECS: (timeout)
2026.125.02:42:01;"#     scan ends at 2026.125.02:44:00
2026.125.02:42:01;"
2026.125.02:42:01;"# ### Block for 3C273 scan 22 '125-0251' at 2026.125.02:51:00 in 420s ###########
2026.125.02:48:25;"source('3C273',cats='user'); go(); track()
2026.125.02:48:25;"reply from APECS: OK
2026.125.02:48:26;"reply from APECS: (timeout)
2026.125.02:48:50;"vlbi_tsys()
2026.125.02:48:50;"reply from APECS: OK
2026.125.02:48:50;"reply from APECS: OK
2026.125.02:48:51;"reply from APECS: (timeout)
2026.125.02:50:15;"vlbi_reference_scan()
2026.125.02:50:16;"reply from APECS: (timeout)
2026.125.02:50:16;"#                      gap        max ~0 min 10 sec
2026.125.02:51:00;"vlbi_scan(t_mins=2,targetSource='3C273')
2026.125.02:51:00;"reply from APECS: OK
2026.125.02:51:01;"reply from APECS: (timeout)
2026.125.02:51:01;"#     scan ends at 2026.125.02:53:00
2026.125.02:51:01;"
2026.125.02:51:01;"# ### Block for M87 scan 23 '125-0256' at 2026.125.02:56:00 in 180s #############
2026.125.02:53:00;"source('M87',cats='user'); go(); track()
2026.125.02:53:00;"reply from APECS: OK
2026.125.02:53:01;"reply from APECS: (timeout)
2026.125.02:53:25;"vlbi_tsys()
2026.125.02:53:25;"reply from APECS: OK
2026.125.02:53:25;"reply from APECS: OK
2026.125.02:53:26;"reply from APECS: (timeout)
2026.125.02:54:50;"vlbi_reference_scan()
2026.125.02:54:51;"reply from APECS: (timeout)
2026.125.02:54:51;"#                      gap        max ~0 min 35 sec
2026.125.02:56:00;"vlbi_scan(t_mins=4,targetSource='M87')
2026.125.02:56:00;"reply from APECS: OK
2026.125.02:56:01;"reply from APECS: (timeout)
2026.125.02:56:01;"#     scan ends at 2026.125.03:00:00
2026.125.02:56:01;"
2026.125.02:56:01;"# ### Block for M87 scan 24 '125-0303' at 2026.125.03:03:00 in 180s #############
2026.125.03:00:00;"source('M87',cats='user'); go(); track()
2026.125.03:00:00;"reply from APECS: OK
2026.125.03:00:01;"reply from APECS: (timeout)
2026.125.03:00:25;"vlbi_tsys()
2026.125.03:00:25;"reply from APECS: OK
2026.125.03:00:25;"reply from APECS: OK
2026.125.03:00:26;"reply from APECS: (timeout)
2026.125.03:01:50;"vlbi_reference_scan()
2026.125.03:01:51;"reply from APECS: (timeout)
2026.125.03:01:51;"#                      gap        max ~0 min 35 sec
2026.125.03:03:00;"vlbi_scan(t_mins=4,targetSource='M87')
2026.125.03:03:00;"reply from APECS: OK
2026.125.03:03:01;"reply from APECS: (timeout)
2026.125.03:03:01;"#     scan ends at 2026.125.03:07:00
2026.125.03:03:01;"
2026.125.03:03:01;"# ### Block for 3C279 scan 25 '125-0315' at 2026.125.03:15:00 in 480s ###########
2026.125.03:12:25;"source('3C279',cats='user'); go(); track()
2026.125.03:12:25;"reply from APECS: OK
2026.125.03:12:26;"reply from APECS: (timeout)
2026.125.03:12:50;"vlbi_tsys()
2026.125.03:12:50;"reply from APECS: OK
2026.125.03:12:50;"reply from APECS: OK
2026.125.03:12:51;"reply from APECS: (timeout)
2026.125.03:14:15;"vlbi_reference_scan()
2026.125.03:14:16;"reply from APECS: (timeout)
2026.125.03:14:16;"#                      gap        max ~0 min 10 sec
2026.125.03:15:00;"vlbi_scan(t_mins=2,targetSource='3C279')
2026.125.03:15:00;"reply from APECS: OK
2026.125.03:15:01;"reply from APECS: (timeout)
2026.125.03:15:01;"#     scan ends at 2026.125.03:17:00
2026.125.03:15:01;"
2026.125.03:15:01;"# ### Block for M87 scan 26 '125-0320' at 2026.125.03:20:00 in 180s #############
2026.125.03:17:00;"source('M87',cats='user'); go(); track()
2026.125.03:17:00;"reply from APECS: OK
2026.125.03:17:01;"reply from APECS: (timeout)
2026.125.03:17:25;"vlbi_tsys()
2026.125.03:17:25;"reply from APECS: OK
2026.125.03:17:25;"reply from APECS: OK
2026.125.03:17:26;"reply from APECS: (timeout)
2026.125.03:18:50;"vlbi_reference_scan()
2026.125.03:18:51;"reply from APECS: (timeout)
2026.125.03:18:51;"#                      gap        max ~0 min 35 sec
2026.125.03:20:00;"vlbi_scan(t_mins=4,targetSource='M87')
2026.125.03:20:00;"reply from APECS: OK
2026.125.03:20:01;"reply from APECS: (timeout)
2026.125.03:20:01;"#     scan ends at 2026.125.03:24:00
2026.125.03:20:01;"
2026.125.03:20:01;"# ### Block for M87 scan 27 '125-0327' at 2026.125.03:27:00 in 180s #############
2026.125.03:24:00;"source('M87',cats='user'); go(); track()
2026.125.03:24:00;"reply from APECS: OK
2026.125.03:24:01;"reply from APECS: (timeout)
2026.125.03:24:25;"vlbi_tsys()
2026.125.03:24:25;"reply from APECS: OK
2026.125.03:24:25;"reply from APECS: OK
2026.125.03:24:26;"reply from APECS: (timeout)
2026.125.03:25:50;"vlbi_reference_scan()
2026.125.03:25:51;"reply from APECS: (timeout)
2026.125.03:25:51;"#                      gap        max ~0 min 35 sec
2026.125.03:27:00;"vlbi_scan(t_mins=4,targetSource='M87')
2026.125.03:27:00;"reply from APECS: OK
2026.125.03:27:01;"reply from APECS: (timeout)
2026.125.03:27:01;"#     scan ends at 2026.125.03:31:00
2026.125.03:27:01;"
2026.125.03:27:01;"# ### Block for J1337-1257 scan 28 '125-0341' at 2026.125.03:41:00 in 600s ######
2026.125.03:27:01;"#
2026.125.03:27:01;"# OPERATOR free 7 min 35 sec until VLBI calibrations to start at 2026.125.03:38:25
2026.125.03:27:01;"#
2026.125.03:31:00;"print('You have 7 min 35 sec until the next VLBI calibration scan at 2026.125.03:38:25.')
2026.125.03:31:00;"reply from APECS: OK
2026.125.03:31:00;"reply from APECS: OK
2026.125.03:31:01;"reply from APECS: (timeout)
2026.125.03:38:25;"source('J1337-1257',cats='user'); go(); track()
2026.125.03:38:26;"reply from APECS: (timeout)
2026.125.03:38:50;"vlbi_tsys()
2026.125.03:38:50;"reply from APECS: OK
2026.125.03:38:50;"reply from APECS: OK
2026.125.03:38:51;"reply from APECS: (timeout)
2026.125.03:40:15;"vlbi_reference_scan()
2026.125.03:40:16;"reply from APECS: (timeout)
2026.125.03:40:16;"#                      gap        max ~0 min 10 sec
2026.125.03:41:00;"vlbi_scan(t_mins=2,targetSource='J1337-1257')
2026.125.03:41:00;"reply from APECS: OK
2026.125.03:41:01;"reply from APECS: (timeout)
2026.125.03:41:01;"#     scan ends at 2026.125.03:43:00
2026.125.03:41:01;"
2026.125.03:41:01;"# ### Block for 3C273 scan 29 '125-0348' at 2026.125.03:48:00 in 300s ###########
2026.125.03:45:25;"source('3C273',cats='user'); go(); track()
2026.125.03:45:25;"reply from APECS: OK
2026.125.03:45:26;"reply from APECS: (timeout)
2026.125.03:45:50;"vlbi_tsys()
2026.125.03:45:50;"reply from APECS: OK
2026.125.03:45:50;"reply from APECS: OK
2026.125.03:45:51;"reply from APECS: (timeout)
2026.125.03:47:15;"vlbi_reference_scan()
2026.125.03:47:16;"reply from APECS: (timeout)
2026.125.03:47:16;"#                      gap        max ~0 min 10 sec
2026.125.03:48:00;"vlbi_scan(t_mins=2,targetSource='3C273')
2026.125.03:48:00;"reply from APECS: OK
2026.125.03:48:01;"reply from APECS: (timeout)
2026.125.03:48:01;"#     scan ends at 2026.125.03:50:00
2026.125.03:48:01;"
2026.125.03:48:01;"# ### Block for M87 scan 30 '125-0353' at 2026.125.03:53:00 in 180s #############
2026.125.03:50:00;"source('M87',cats='user'); go(); track()
2026.125.03:50:00;"reply from APECS: OK
2026.125.03:50:01;"reply from APECS: (timeout)
2026.125.03:50:25;"vlbi_tsys()
2026.125.03:50:25;"reply from APECS: OK
2026.125.03:50:25;"reply from APECS: OK
2026.125.03:50:26;"reply from APECS: (timeout)
2026.125.03:51:50;"vlbi_reference_scan()
2026.125.03:51:51;"reply from APECS: (timeout)
2026.125.03:51:51;"#                      gap        max ~0 min 35 sec
2026.125.03:53:00;"vlbi_scan(t_mins=4,targetSource='M87')
2026.125.03:53:00;"reply from APECS: OK
2026.125.03:53:01;"reply from APECS: (timeout)
2026.125.03:53:01;"#     scan ends at 2026.125.03:57:00
2026.125.03:53:01;"
2026.125.03:53:01;"# ### Block for 3C279 scan 31 '125-0403' at 2026.125.04:03:00 in 360s ###########
2026.125.04:00:25;"source('3C279',cats='user'); go(); track()
2026.125.04:00:25;"reply from APECS: OK
2026.125.04:00:26;"reply from APECS: (timeout)
2026.125.04:00:50;"vlbi_tsys()
2026.125.04:00:50;"reply from APECS: OK
2026.125.04:00:50;"reply from APECS: OK
2026.125.04:00:51;"reply from APECS: (timeout)
2026.125.04:02:15;"vlbi_reference_scan()
2026.125.04:02:16;"reply from APECS: (timeout)
2026.125.04:02:16;"#                      gap        max ~0 min 10 sec
2026.125.04:03:00;"vlbi_scan(t_mins=2,targetSource='3C279')
2026.125.04:03:00;"reply from APECS: OK
2026.125.04:03:01;"reply from APECS: (timeout)
2026.125.04:03:01;"#     scan ends at 2026.125.04:05:00
2026.125.04:03:01;"
2026.125.04:03:01;"# ### Block for M87 scan 32 '125-0410' at 2026.125.04:10:00 in 300s #############
2026.125.04:07:25;"source('M87',cats='user'); go(); track()
2026.125.04:07:25;"reply from APECS: OK
2026.125.04:07:26;"reply from APECS: (timeout)
2026.125.04:07:50;"vlbi_tsys()
2026.125.04:07:50;"reply from APECS: OK
2026.125.04:07:50;"reply from APECS: OK
2026.125.04:07:51;"reply from APECS: (timeout)
2026.125.04:09:15;"vlbi_reference_scan()
2026.125.04:09:16;"reply from APECS: (timeout)
2026.125.04:09:16;"#                      gap        max ~0 min 10 sec
2026.125.04:10:00;"vlbi_scan(t_mins=4,targetSource='M87')
2026.125.04:10:00;"reply from APECS: OK
2026.125.04:10:01;"reply from APECS: (timeout)
2026.125.04:10:01;"#     scan ends at 2026.125.04:14:00
2026.125.04:10:01;"
2026.125.04:10:01;"# ### Block for 3C279 scan 33 '125-0423' at 2026.125.04:23:00 in 540s ###########
2026.125.04:10:01;"#
2026.125.04:10:01;"# OPERATOR free 6 min 35 sec until VLBI calibrations to start at 2026.125.04:20:25
2026.125.04:10:01;"#
2026.125.04:14:00;"print('You have 6 min 35 sec until the next VLBI calibration scan at 2026.125.04:20:25.')
2026.125.04:14:00;"reply from APECS: OK
2026.125.04:14:00;"reply from APECS: OK
2026.125.04:14:01;"reply from APECS: (timeout)
2026.125.04:20:25;"source('3C279',cats='user'); go(); track()
2026.125.04:20:26;"reply from APECS: (timeout)
2026.125.04:20:50;"vlbi_tsys()
2026.125.04:20:50;"reply from APECS: OK
2026.125.04:20:50;"reply from APECS: OK
2026.125.04:20:51;"reply from APECS: (timeout)
2026.125.04:22:15;"vlbi_reference_scan()
2026.125.04:22:16;"reply from APECS: (timeout)
2026.125.04:22:16;"#                      gap        max ~0 min 10 sec
2026.125.04:23:00;"vlbi_scan(t_mins=2,targetSource='3C279')
2026.125.04:23:00;"reply from APECS: OK
2026.125.04:23:01;"reply from APECS: (timeout)
2026.125.04:23:01;"#     scan ends at 2026.125.04:25:00
2026.125.04:23:01;"
2026.125.04:23:01;"# ### Block for M87 scan 34 '125-0428' at 2026.125.04:28:00 in 180s #############
2026.125.04:25:00;"source('M87',cats='user'); go(); track()
2026.125.04:25:00;"reply from APECS: OK
2026.125.04:25:01;"reply from APECS: (timeout)
2026.125.04:25:25;"vlbi_tsys()
2026.125.04:25:25;"reply from APECS: OK
2026.125.04:25:25;"reply from APECS: OK
2026.125.04:25:26;"reply from APECS: (timeout)
2026.125.04:26:50;"vlbi_reference_scan()
2026.125.04:26:51;"reply from APECS: (timeout)
2026.125.04:26:51;"#                      gap        max ~0 min 35 sec
2026.125.04:28:00;"vlbi_scan(t_mins=4,targetSource='M87')
2026.125.04:28:00;"reply from APECS: OK
2026.125.04:28:01;"reply from APECS: (timeout)
2026.125.04:28:01;"#     scan ends at 2026.125.04:32:00
2026.125.04:28:01;"
2026.125.04:28:01;"# ### Block for 3C279 scan 35 '125-0440' at 2026.125.04:40:00 in 480s ###########
2026.125.04:37:25;"source('3C279',cats='user'); go(); track()
2026.125.04:37:25;"reply from APECS: OK
2026.125.04:37:26;"reply from APECS: (timeout)
2026.125.04:37:50;"vlbi_tsys()
2026.125.04:37:50;"reply from APECS: OK
2026.125.04:37:50;"reply from APECS: OK
2026.125.04:37:51;"reply from APECS: (timeout)
2026.125.04:39:15;"vlbi_reference_scan()
2026.125.04:39:16;"reply from APECS: (timeout)
2026.125.04:39:16;"#                      gap        max ~0 min 10 sec
2026.125.04:40:00;"vlbi_scan(t_mins=2,targetSource='3C279')
2026.125.04:40:00;"reply from APECS: OK
2026.125.04:40:01;"reply from APECS: (timeout)
2026.125.04:40:01;"#     scan ends at 2026.125.04:42:00
2026.125.04:40:01;"
2026.125.04:40:01;"# ### Block for J1337-1257 scan 36 '125-0444' at 2026.125.04:44:00 in 120s ######
2026.125.04:42:00;"source('J1337-1257',cats='user'); go(); track()
2026.125.04:42:00;"reply from APECS: OK
2026.125.04:42:01;"reply from APECS: (timeout)
2026.125.04:42:25;"vlbi_tsys()
2026.125.04:42:25;"reply from APECS: OK
2026.125.04:42:25;"reply from APECS: OK
2026.125.04:42:26;"reply from APECS: (timeout)
2026.125.04:42:26;"#                      gap        max ~0 min 10 sec
2026.125.04:44:00;"vlbi_scan(t_mins=2,targetSource='J1337-1257')
2026.125.04:44:01;"reply from APECS: (timeout)
2026.125.04:44:01;"#     scan ends at 2026.125.04:46:00
2026.125.04:44:01;"
2026.125.04:44:01;"# ### Block for M87 scan 37 '125-0450' at 2026.125.04:50:00 in 240s #############
2026.125.04:47:25;"source('M87',cats='user'); go(); track()
2026.125.04:47:25;"reply from APECS: OK
2026.125.04:47:26;"reply from APECS: (timeout)
2026.125.04:47:50;"vlbi_tsys()
2026.125.04:47:50;"reply from APECS: OK
2026.125.04:47:50;"reply from APECS: OK
2026.125.04:47:51;"reply from APECS: (timeout)
2026.125.04:49:15;"vlbi_reference_scan()
2026.125.04:49:16;"reply from APECS: (timeout)
2026.125.04:49:16;"#                      gap        max ~0 min 10 sec
2026.125.04:50:00;"vlbi_scan(t_mins=4,targetSource='M87')
2026.125.04:50:00;"reply from APECS: OK
2026.125.04:50:01;"reply from APECS: (timeout)
2026.125.04:50:01;"#     scan ends at 2026.125.04:54:00
2026.125.04:50:01;"
2026.125.04:50:01;"# ### Block for 3C273 scan 38 '125-0502' at 2026.125.05:02:00 in 480s ###########
2026.125.04:59:25;"source('3C273',cats='user'); go(); track()
2026.125.04:59:25;"reply from APECS: OK
2026.125.04:59:26;"reply from APECS: (timeout)
2026.125.04:59:50;"vlbi_tsys()
2026.125.04:59:50;"reply from APECS: OK
2026.125.04:59:50;"reply from APECS: OK
2026.125.04:59:51;"reply from APECS: (timeout)
2026.125.05:01:15;"vlbi_reference_scan()
2026.125.05:01:16;"reply from APECS: (timeout)
2026.125.05:01:16;"#                      gap        max ~0 min 10 sec
2026.125.05:02:00;"vlbi_scan(t_mins=2,targetSource='3C273')
2026.125.05:02:00;"reply from APECS: OK
2026.125.05:02:01;"reply from APECS: (timeout)
2026.125.05:02:01;"#     scan ends at 2026.125.05:04:00
2026.125.05:02:01;"
2026.125.05:02:01;"# ### Block for M87 scan 39 '125-0507' at 2026.125.05:07:00 in 180s #############
2026.125.05:04:00;"source('M87',cats='user'); go(); track()
2026.125.05:04:00;"reply from APECS: OK
2026.125.05:04:01;"reply from APECS: (timeout)
2026.125.05:04:25;"vlbi_tsys()
2026.125.05:04:25;"reply from APECS: OK
2026.125.05:04:25;"reply from APECS: OK
2026.125.05:04:26;"reply from APECS: (timeout)
2026.125.05:05:50;"vlbi_reference_scan()
2026.125.05:05:51;"reply from APECS: (timeout)
2026.125.05:05:51;"#                      gap        max ~0 min 35 sec
2026.125.05:07:00;"vlbi_scan(t_mins=4,targetSource='M87')
2026.125.05:07:00;"reply from APECS: OK
2026.125.05:07:01;"reply from APECS: (timeout)
2026.125.05:07:01;"#     scan ends at 2026.125.05:11:00
2026.125.05:07:01;"
2026.125.05:07:01;"# ### Block for 3C279 scan 40 '125-0519' at 2026.125.05:19:00 in 480s ###########
2026.125.05:16:25;"source('3C279',cats='user'); go(); track()
2026.125.05:16:25;"reply from APECS: OK
2026.125.05:16:26;"reply from APECS: (timeout)
2026.125.05:16:50;"vlbi_tsys()
2026.125.05:16:50;"reply from APECS: OK
2026.125.05:16:50;"reply from APECS: OK
2026.125.05:16:51;"reply from APECS: (timeout)
2026.125.05:18:15;"vlbi_reference_scan()
2026.125.05:18:16;"reply from APECS: (timeout)
2026.125.05:18:16;"#                      gap        max ~0 min 10 sec
2026.125.05:19:00;"vlbi_scan(t_mins=2,targetSource='3C279')
2026.125.05:19:00;"reply from APECS: OK
2026.125.05:19:01;"reply from APECS: (timeout)
2026.125.05:19:01;"#     scan ends at 2026.125.05:21:00
2026.125.05:19:01;"
2026.125.05:19:01;"# ### Block for M87 scan 41 '125-0524' at 2026.125.05:24:00 in 180s #############
2026.125.05:21:00;"source('M87',cats='user'); go(); track()
2026.125.05:21:00;"reply from APECS: OK
2026.125.05:21:01;"reply from APECS: (timeout)
2026.125.05:21:25;"vlbi_tsys()
2026.125.05:21:25;"reply from APECS: OK
2026.125.05:21:25;"reply from APECS: OK
2026.125.05:21:26;"reply from APECS: (timeout)
2026.125.05:22:50;"vlbi_reference_scan()
2026.125.05:22:51;"reply from APECS: (timeout)
2026.125.05:22:51;"#                      gap        max ~0 min 35 sec
2026.125.05:24:00;"vlbi_scan(t_mins=4,targetSource='M87')
2026.125.05:24:00;"reply from APECS: OK
2026.125.05:24:01;"reply from APECS: (timeout)
2026.125.05:24:01;"#     scan ends at 2026.125.05:28:00
2026.125.05:24:01;"
2026.125.05:24:01;"# ### Block for J1337-1257 scan 42 '125-0531' at 2026.125.05:31:00 in 200s ######
2026.125.05:28:00;"source('J1337-1257',cats='user'); go(); track()
2026.125.05:28:00;"reply from APECS: OK
2026.125.05:28:01;"reply from APECS: (timeout)
2026.125.05:28:25;"vlbi_tsys()
2026.125.05:28:25;"reply from APECS: OK
2026.125.05:28:25;"reply from APECS: OK
2026.125.05:28:26;"reply from APECS: (timeout)
2026.125.05:29:50;"vlbi_reference_scan()
2026.125.05:29:51;"reply from APECS: (timeout)
2026.125.05:29:51;"#                      gap        max ~0 min 35 sec
2026.125.05:31:00;"vlbi_scan(t_mins=2,targetSource='J1337-1257')
2026.125.05:31:00;"reply from APECS: OK
2026.125.05:31:01;"reply from APECS: (timeout)
2026.125.05:31:01;"#     scan ends at 2026.125.05:33:00
2026.125.05:31:01;"
2026.125.05:31:01;"
2026.125.05:31:01;"# Finished VLBI schedule
2026.125.05:33:15;"vlbi_tone(enable=False)
2026.125.05:33:15;"reply from APECS: OK
2026.125.05:33:15;"reply from APECS: OK
2026.125.05:33:16;"reply from APECS: (timeout)
2026.125.05:33:30;"remote_control('off')
2026.125.05:33:30;"reply from APECS: OK
2026.125.05:33:31;"reply from APECS: (timeout)
2026.125.05:33:31;"################################################################################
2026.125.05:33:31;"### end of schedule
2026.125.05:33:31;"################################################################################
