2026.272.07:00:00;APEX Database GPS vs Devices offset for mn006b
2026.272.07:00:00;The format is gps-fmout/[seconds] and gps-maser/[seconds]
2026.272.07:01:00/gps-fmout/+1.705785e-07
2026.272.07:01:00/gps-maser/+1.101051e-07
2026.272.07:02:00/gps-fmout/+1.710316e-07
2026.272.07:02:00/gps-maser/+1.096974e-07
2026.272.07:03:00/gps-fmout/+1.712547e-07
2026.272.07:03:00/gps-maser/+1.090862e-07
2026.272.07:04:00/gps-fmout/+1.720000e-07
2026.272.07:04:00/gps-maser/+1.099907e-07
2026.272.07:05:00/gps-fmout/+1.720000e-07
2026.272.07:05:00/gps-maser/+1.092711e-07
2026.272.07:06:00/gps-fmout/+1.720000e-07
2026.272.07:06:00/gps-maser/+1.115360e-07
2026.272.07:07:00/gps-fmout/+1.710037e-07
2026.272.07:07:00/gps-maser/+1.100000e-07
2026.272.07:08:00/gps-fmout/+1.706818e-07
2026.272.07:08:00/gps-maser/+1.100640e-07
2026.272.07:09:00/gps-fmout/+1.697727e-07
2026.272.07:09:00/gps-maser/+1.097074e-07
2026.272.07:10:00/gps-fmout/+1.688636e-07
2026.272.07:10:00/gps-maser/+1.077576e-07
2026.272.07:11:00/gps-fmout/+1.679083e-07
2026.272.07:11:00/gps-maser/+1.059578e-07
2026.272.07:12:00/gps-fmout/+1.634953e-07
2026.272.07:12:00/gps-maser/+1.065352e-07
2026.272.07:13:00/gps-fmout/+1.642792e-07
2026.272.07:13:00/gps-maser/+1.060000e-07
2026.272.07:14:00/gps-fmout/+1.668535e-07
2026.272.07:14:00/gps-maser/+1.060000e-07
2026.272.07:15:00/gps-fmout/+1.660355e-07
2026.272.07:15:00/gps-maser/+1.062068e-07
2026.272.07:16:00/gps-fmout/+1.673472e-07
2026.272.07:16:00/gps-maser/+1.089004e-07
2026.272.07:17:00/gps-fmout/+1.685938e-07
2026.272.07:17:00/gps-maser/+1.079640e-07
2026.272.07:18:00/gps-fmout/+1.687119e-07
2026.272.07:18:00/gps-maser/+1.095242e-07
2026.272.07:19:00/gps-fmout/+1.707167e-07
2026.272.07:19:00/gps-maser/+1.098122e-07
2026.272.07:20:00/gps-fmout/+1.699574e-07
2026.272.07:20:00/gps-maser/+1.089240e-07
2026.272.07:21:00/gps-fmout/+1.700909e-07
2026.272.07:21:00/gps-maser/+1.091207e-07
2026.272.07:22:00/gps-fmout/+1.710326e-07
2026.272.07:22:00/gps-maser/+1.109564e-07
2026.272.07:23:00/gps-fmout/+1.700909e-07
2026.272.07:23:00/gps-maser/+1.078357e-07
2026.272.07:24:00/gps-fmout/+1.682727e-07
2026.272.07:24:00/gps-maser/+1.070000e-07
2026.272.07:25:00/gps-fmout/+1.670550e-07
2026.272.07:25:00/gps-maser/+1.070000e-07
2026.272.07:26:00/gps-fmout/+1.690307e-07
2026.272.07:26:00/gps-maser/+1.071944e-07
2026.272.07:27:00/gps-fmout/+1.690734e-07
2026.272.07:27:00/gps-maser/+1.100752e-07
2026.272.07:28:00/gps-fmout/+1.700000e-07
2026.272.07:28:00/gps-maser/+1.089773e-07
2026.272.07:29:00/gps-fmout/+1.700000e-07
2026.272.07:29:00/gps-maser/+1.082474e-07
2026.272.07:30:00/gps-fmout/+1.696227e-07
2026.272.07:30:00/gps-maser/+1.087895e-07
2026.272.07:31:00/gps-fmout/+1.694545e-07
2026.272.07:31:00/gps-maser/+1.084890e-07
2026.272.07:32:00/gps-fmout/+1.712727e-07
2026.272.07:32:00/gps-maser/+1.120156e-07
2026.272.07:33:00/gps-fmout/+1.730909e-07
2026.272.07:33:00/gps-maser/+1.110606e-07
2026.272.07:34:00/gps-fmout/+1.733099e-07
2026.272.07:34:00/gps-maser/+1.128788e-07
2026.272.07:35:00/gps-fmout/+1.730278e-07
2026.272.07:35:00/gps-maser/+1.145439e-07
2026.272.07:36:00/gps-fmout/+1.750000e-07
2026.272.07:36:00/gps-maser/+1.147411e-07
2026.272.07:37:00/gps-fmout/+1.750000e-07
2026.272.07:37:00/gps-maser/+1.131429e-07
2026.272.07:38:00/gps-fmout/+1.750000e-07
2026.272.07:38:00/gps-maser/+1.148843e-07
2026.272.07:39:00/gps-fmout/+1.750000e-07
2026.272.07:39:00/gps-maser/+1.134591e-07
2026.272.07:40:00/gps-fmout/+1.729414e-07
2026.272.07:40:00/gps-maser/+1.129620e-07
2026.272.07:41:00/gps-fmout/+1.723702e-07
2026.272.07:41:00/gps-maser/+1.123069e-07
2026.272.07:42:00/gps-fmout/+1.708829e-07
2026.272.07:42:00/gps-maser/+1.097994e-07
2026.272.07:43:00/gps-fmout/+1.710984e-07
2026.272.07:43:00/gps-maser/+1.101934e-07
2026.272.07:44:00/gps-fmout/+1.720646e-07
2026.272.07:44:00/gps-maser/+1.120000e-07
2026.272.07:45:00/gps-fmout/+1.726957e-07
2026.272.07:45:00/gps-maser/+1.120000e-07
2026.272.07:46:00/gps-fmout/+1.734686e-07
2026.272.07:46:00/gps-maser/+1.127995e-07
2026.272.07:47:00/gps-fmout/+1.754545e-07
2026.272.07:47:00/gps-maser/+1.147659e-07
2026.272.07:48:00/gps-fmout/+1.736364e-07
2026.272.07:48:00/gps-maser/+1.130427e-07
2026.272.07:49:00/gps-fmout/+1.718768e-07
2026.272.07:49:00/gps-maser/+1.138138e-07
2026.272.07:50:00/gps-fmout/+1.730000e-07
2026.272.07:50:00/gps-maser/+1.120000e-07
2026.272.07:51:00/gps-fmout/+1.722961e-07
2026.272.07:51:00/gps-maser/+1.120000e-07
2026.272.07:52:00/gps-fmout/+1.721638e-07
2026.272.07:52:00/gps-maser/+1.117908e-07
2026.272.07:53:00/gps-fmout/+1.704636e-07
2026.272.07:53:00/gps-maser/+1.114106e-07
2026.272.07:54:00/gps-fmout/+1.732234e-07
2026.272.07:54:00/gps-maser/+1.150719e-07
2026.272.07:55:00/gps-fmout/+1.739719e-07
2026.272.07:55:00/gps-maser/+1.139163e-07
2026.272.07:56:00/gps-fmout/+1.730537e-07
2026.272.07:56:00/gps-maser/+1.124175e-07
2026.272.07:57:00/gps-fmout/+1.757305e-07
2026.272.07:57:00/gps-maser/+1.155921e-07
2026.272.07:58:00/gps-fmout/+1.793005e-07
2026.272.07:58:00/gps-maser/+1.180000e-07
2026.272.07:59:00/gps-fmout/+1.787013e-07
2026.272.07:59:00/gps-maser/+1.180231e-07
2026.272.08:00:00/gps-fmout/+1.770628e-07
2026.272.08:00:00/gps-maser/+1.179030e-07
2026.272.08:01:00/gps-fmout/+1.775179e-07
2026.272.08:01:00/gps-maser/+1.160303e-07
2026.272.08:02:00/gps-fmout/+1.773589e-07
2026.272.08:02:00/gps-maser/+1.154348e-07
2026.272.08:03:00/gps-fmout/+1.771229e-07
2026.272.08:03:00/gps-maser/+1.167469e-07
2026.272.08:04:00/gps-fmout/+1.754545e-07
2026.272.08:04:00/gps-maser/+1.159237e-07
2026.272.08:05:00/gps-fmout/+1.772727e-07
2026.272.08:05:00/gps-maser/+1.161348e-07
2026.272.08:06:00/gps-fmout/+1.790568e-07
2026.272.08:06:00/gps-maser/+1.180170e-07
2026.272.08:07:00/gps-fmout/+1.774252e-07
2026.272.08:07:00/gps-maser/+1.184786e-07
2026.272.08:08:00/gps-fmout/+1.772514e-07
2026.272.08:08:00/gps-maser/+1.187467e-07
2026.272.08:09:00/gps-fmout/+1.777994e-07
2026.272.08:09:00/gps-maser/+1.179650e-07
2026.272.08:10:00/gps-fmout/+1.771052e-07
2026.272.08:10:00/gps-maser/+1.178970e-07
2026.272.08:11:00/gps-fmout/+1.780563e-07
2026.272.08:11:00/gps-maser/+1.170307e-07
2026.272.08:12:00/gps-fmout/+1.780000e-07
2026.272.08:12:00/gps-maser/+1.199172e-07
2026.272.08:13:00/gps-fmout/+1.826974e-07
2026.272.08:13:00/gps-maser/+1.231313e-07
2026.272.08:14:00/gps-fmout/+1.823238e-07
2026.272.08:14:00/gps-maser/+1.235552e-07
2026.272.08:15:00/gps-fmout/+1.827211e-07
2026.272.08:15:00/gps-maser/+1.222121e-07
2026.272.08:16:00/gps-fmout/+1.811357e-07
2026.272.08:16:00/gps-maser/+1.231212e-07
2026.272.08:17:00/gps-fmout/+1.830131e-07
2026.272.08:17:00/gps-maser/+1.240285e-07
2026.272.08:18:00/gps-fmout/+1.834996e-07
2026.272.08:18:00/gps-maser/+1.235606e-07
2026.272.08:19:00/gps-fmout/+1.838173e-07
2026.272.08:19:00/gps-maser/+1.226120e-07
2026.272.08:20:00/gps-fmout/+1.825005e-07
2026.272.08:20:00/gps-maser/+1.219290e-07
2026.272.08:21:00/gps-fmout/+1.809566e-07
2026.272.08:21:00/gps-maser/+1.220000e-07
2026.272.08:22:00/gps-fmout/+1.818642e-07
2026.272.08:22:00/gps-maser/+1.218840e-07
2026.272.08:23:00/gps-fmout/+1.810000e-07
2026.272.08:23:00/gps-maser/+1.198163e-07
2026.272.08:24:00/gps-fmout/+1.810000e-07
2026.272.08:24:00/gps-maser/+1.204084e-07
2026.272.08:25:00/gps-fmout/+1.810000e-07
2026.272.08:25:00/gps-maser/+1.209298e-07
2026.272.08:26:00/gps-fmout/+1.807370e-07
2026.272.08:26:00/gps-maser/+1.193745e-07
2026.272.08:27:00/gps-fmout/+1.790427e-07
2026.272.08:27:00/gps-maser/+1.172424e-07
2026.272.08:28:00/gps-fmout/+1.800210e-07
2026.272.08:28:00/gps-maser/+1.190606e-07
2026.272.08:29:00/gps-fmout/+1.786228e-07
2026.272.08:29:00/gps-maser/+1.186999e-07
2026.272.08:30:00/gps-fmout/+1.772725e-07
2026.272.08:30:00/gps-maser/+1.159550e-07
2026.272.08:31:00/gps-fmout/+1.780635e-07
2026.272.08:31:00/gps-maser/+1.157149e-07
2026.272.08:32:00/gps-fmout/+1.777909e-07
2026.272.08:32:00/gps-maser/+1.152817e-07
2026.272.08:33:00/gps-fmout/+1.761666e-07
2026.272.08:33:00/gps-maser/+1.181895e-07
2026.272.08:34:00/gps-fmout/+1.779714e-07
2026.272.08:34:00/gps-maser/+1.186355e-07
2026.272.08:35:00/gps-fmout/+1.783607e-07
2026.272.08:35:00/gps-maser/+1.179045e-07
2026.272.08:36:00/gps-fmout/+1.796101e-07
2026.272.08:36:00/gps-maser/+1.185412e-07
2026.272.08:37:00/gps-fmout/+1.808754e-07
2026.272.08:37:00/gps-maser/+1.197230e-07
2026.272.08:38:00/gps-fmout/+1.788972e-07
2026.272.08:38:00/gps-maser/+1.178536e-07
2026.272.08:39:00/gps-fmout/+1.788818e-07
2026.272.08:39:00/gps-maser/+1.169872e-07
2026.272.08:40:00/gps-fmout/+1.768447e-07
2026.272.08:40:00/gps-maser/+1.164362e-07
2026.272.08:41:00/gps-fmout/+1.784772e-07
2026.272.08:41:00/gps-maser/+1.163485e-07
2026.272.08:42:00/gps-fmout/+1.788445e-07
2026.272.08:42:00/gps-maser/+1.172576e-07
2026.272.08:43:00/gps-fmout/+1.779469e-07
2026.272.08:43:00/gps-maser/+1.181273e-07
2026.272.08:44:00/gps-fmout/+1.779341e-07
2026.272.08:44:00/gps-maser/+1.179108e-07
2026.272.08:45:00/gps-fmout/+1.760000e-07
2026.272.08:45:00/gps-maser/+1.174288e-07
2026.272.08:46:00/gps-fmout/+1.776436e-07
2026.272.08:46:00/gps-maser/+1.180109e-07
2026.272.08:47:00/gps-fmout/+1.776253e-07
2026.272.08:47:00/gps-maser/+1.185133e-07
2026.272.08:48:00/gps-fmout/+1.788574e-07
2026.272.08:48:00/gps-maser/+1.199347e-07
2026.272.08:49:00/gps-fmout/+1.779740e-07
2026.272.08:49:00/gps-maser/+1.188240e-07
2026.272.08:50:00/gps-fmout/+1.778896e-07
2026.272.08:50:00/gps-maser/+1.168932e-07
2026.272.08:51:00/gps-fmout/+1.746364e-07
2026.272.08:51:00/gps-maser/+1.126818e-07
2026.272.08:52:00/gps-fmout/+1.719091e-07
2026.272.08:52:00/gps-maser/+1.099545e-07
2026.272.08:53:00/gps-fmout/+1.693026e-07
2026.272.08:53:00/gps-maser/+1.073271e-07
2026.272.08:54:00/gps-fmout/+1.676327e-07
2026.272.08:54:00/gps-maser/+1.073611e-07
2026.272.08:55:00/gps-fmout/+1.672337e-07
2026.272.08:55:00/gps-maser/+1.101746e-07
2026.272.08:56:00/gps-fmout/+1.720000e-07
2026.272.08:56:00/gps-maser/+1.108297e-07
2026.272.08:57:00/gps-fmout/+1.742967e-07
2026.272.08:57:00/gps-maser/+1.121818e-07
2026.272.08:58:00/gps-fmout/+1.748559e-07
2026.272.08:58:00/gps-maser/+1.149091e-07
2026.272.08:59:00/gps-fmout/+1.768445e-07
2026.272.08:59:00/gps-maser/+1.169698e-07
2026.272.09:00:00/gps-fmout/+1.751347e-07
2026.272.09:00:00/gps-maser/+1.129555e-07
2026.272.09:01:00/gps-fmout/+1.769635e-07
2026.272.09:01:00/gps-maser/+1.139460e-07
2026.272.09:02:00/gps-fmout/+1.741287e-07
2026.272.09:02:00/gps-maser/+1.129435e-07
2026.272.09:03:00/gps-fmout/+1.713313e-07
2026.272.09:03:00/gps-maser/+1.133030e-07
2026.272.09:04:00/gps-fmout/+1.712367e-07
2026.272.09:04:00/gps-maser/+1.114848e-07
2026.272.09:05:00/gps-fmout/+1.717682e-07
2026.272.09:05:00/gps-maser/+1.096667e-07
2026.272.09:06:00/gps-fmout/+1.697617e-07
2026.272.09:06:00/gps-maser/+1.080269e-07
2026.272.09:07:00/gps-fmout/+1.670000e-07
2026.272.09:07:00/gps-maser/+1.085284e-07
2026.272.09:08:00/gps-fmout/+1.681607e-07
2026.272.09:08:00/gps-maser/+1.066061e-07
2026.272.09:09:00/gps-fmout/+1.674721e-07
2026.272.09:09:00/gps-maser/+1.056970e-07
2026.272.09:10:00/gps-fmout/+1.660157e-07
2026.272.09:10:00/gps-maser/+1.048506e-07
2026.272.09:11:00/gps-fmout/+1.667809e-07
2026.272.09:11:00/gps-maser/+1.050723e-07
2026.272.09:12:00/gps-fmout/+1.640557e-07
2026.272.09:12:00/gps-maser/+1.060405e-07
2026.272.09:13:00/gps-fmout/+1.656180e-07
2026.272.09:13:00/gps-maser/+1.058750e-07
2026.272.09:14:00/gps-fmout/+1.653989e-07
2026.272.09:14:00/gps-maser/+1.040000e-07
2026.272.09:15:00/gps-fmout/+1.640000e-07
2026.272.09:15:00/gps-maser/+1.040000e-07
2026.272.09:16:00/gps-fmout/+1.640000e-07
2026.272.09:16:00/gps-maser/+1.039375e-07
2026.272.09:17:00/gps-fmout/+1.640000e-07
2026.272.09:17:00/gps-maser/+1.029776e-07
2026.272.09:18:00/gps-fmout/+1.640000e-07
2026.272.09:18:00/gps-maser/+1.025391e-07
2026.272.09:19:00/gps-fmout/+1.626487e-07
2026.272.09:19:00/gps-maser/+1.018095e-07
2026.272.09:20:00/gps-fmout/+1.637055e-07
2026.272.09:20:00/gps-maser/+1.024845e-07
2026.272.09:21:00/gps-fmout/+1.633183e-07
2026.272.09:21:00/gps-maser/+1.043124e-07
2026.272.09:22:00/gps-fmout/+1.651631e-07
2026.272.09:22:00/gps-maser/+1.049667e-07
2026.272.09:23:00/gps-fmout/+1.648757e-07
2026.272.09:23:00/gps-maser/+1.029918e-07
2026.272.09:24:00/gps-fmout/+1.614891e-07
2026.272.09:24:00/gps-maser/+1.019075e-07
2026.272.09:25:00/gps-fmout/+1.595139e-07
2026.272.09:25:00/gps-maser/+9.861711e-08
2026.272.09:26:00/gps-fmout/+1.570615e-07
2026.272.09:26:00/gps-maser/+9.749016e-08
2026.272.09:27:00/gps-fmout/+1.578661e-07
2026.272.09:27:00/gps-maser/+9.607099e-08
2026.272.09:28:00/gps-fmout/+1.570083e-07
2026.272.09:28:00/gps-maser/+9.800000e-08
2026.272.09:29:00/gps-fmout/+1.580000e-07
2026.272.09:29:00/gps-maser/+9.800000e-08
2026.272.09:30:00/gps-fmout/+1.576499e-07
2026.272.09:30:00/gps-maser/+9.829627e-08
2026.272.09:31:00/gps-fmout/+1.584820e-07
2026.272.09:31:00/gps-maser/+9.908427e-08
2026.272.09:32:00/gps-fmout/+1.576400e-07
2026.272.09:32:00/gps-maser/+9.883852e-08
2026.272.09:33:00/gps-fmout/+1.612561e-07
2026.272.09:33:00/gps-maser/+9.819127e-08
2026.272.09:34:00/gps-fmout/+1.619701e-07
2026.272.09:34:00/gps-maser/+1.020776e-07
2026.272.09:35:00/gps-fmout/+1.623073e-07
2026.272.09:35:00/gps-maser/+1.030762e-07
2026.272.09:36:00/gps-fmout/+1.640316e-07
2026.272.09:36:00/gps-maser/+1.035987e-07
2026.272.09:37:00/gps-fmout/+1.642412e-07
2026.272.09:37:00/gps-maser/+1.045584e-07
2026.272.09:38:00/gps-fmout/+1.648696e-07
2026.272.09:38:00/gps-maser/+1.022143e-07
2026.272.09:39:00/gps-fmout/+1.629951e-07
2026.272.09:39:00/gps-maser/+1.040000e-07
2026.272.09:40:00/gps-fmout/+1.640000e-07
2026.272.09:40:00/gps-maser/+1.040000e-07
2026.272.09:41:00/gps-fmout/+1.624563e-07
2026.272.09:41:00/gps-maser/+1.036567e-07
2026.272.09:42:00/gps-fmout/+1.620000e-07
2026.272.09:42:00/gps-maser/+1.030000e-07
2026.272.09:43:00/gps-fmout/+1.620000e-07
2026.272.09:43:00/gps-maser/+1.030000e-07
2026.272.09:44:00/gps-fmout/+1.620907e-07
2026.272.09:44:00/gps-maser/+1.029681e-07
2026.272.09:45:00/gps-fmout/+1.640288e-07
2026.272.09:45:00/gps-maser/+1.019817e-07
2026.272.09:46:00/gps-fmout/+1.635455e-07
2026.272.09:46:00/gps-maser/+1.028044e-07
2026.272.09:47:00/gps-fmout/+1.626364e-07
2026.272.09:47:00/gps-maser/+1.029552e-07
2026.272.09:48:00/gps-fmout/+1.618449e-07
2026.272.09:48:00/gps-maser/+1.003297e-07
2026.272.09:49:00/gps-fmout/+1.621025e-07
2026.272.09:49:00/gps-maser/+1.019193e-07
2026.272.09:50:00/gps-fmout/+1.629477e-07
2026.272.09:50:00/gps-maser/+1.010775e-07
2026.272.09:51:00/gps-fmout/+1.600000e-07
2026.272.09:51:00/gps-maser/+1.009243e-07
2026.272.09:52:00/gps-fmout/+1.614993e-07
2026.272.09:52:00/gps-maser/+1.003939e-07
2026.272.09:53:00/gps-fmout/+1.618209e-07
2026.272.09:53:00/gps-maser/+1.013030e-07
2026.272.09:54:00/gps-fmout/+1.612701e-07
2026.272.09:54:00/gps-maser/+1.019176e-07
2026.272.09:55:00/gps-fmout/+1.629981e-07
2026.272.09:55:00/gps-maser/+1.000195e-07
2026.272.09:56:00/gps-fmout/+1.620317e-07
2026.272.09:56:00/gps-maser/+1.009394e-07
2026.272.09:57:00/gps-fmout/+1.617190e-07
2026.272.09:57:00/gps-maser/+9.912121e-08
2026.272.09:58:00/gps-fmout/+1.595312e-07
2026.272.09:58:00/gps-maser/+9.798384e-08
2026.272.09:59:00/gps-fmout/+1.589699e-07
2026.272.09:59:00/gps-maser/+9.900000e-08
2026.272.10:00:00/gps-fmout/+1.588723e-07
2026.272.10:00:00/gps-maser/+9.900000e-08
2026.272.10:01:00/gps-fmout/+1.580233e-07
2026.272.10:01:00/gps-maser/+9.893809e-08
2026.272.10:02:00/gps-fmout/+1.590000e-07
2026.272.10:02:00/gps-maser/+9.895456e-08
2026.272.10:03:00/gps-fmout/+1.590000e-07
2026.272.10:03:00/gps-maser/+1.000000e-07
2026.272.10:04:00/gps-fmout/+1.598651e-07
2026.272.10:04:00/gps-maser/+1.000000e-07
2026.272.10:05:00/gps-fmout/+1.631490e-07
2026.272.10:05:00/gps-maser/+1.000686e-07
2026.272.10:06:00/gps-fmout/+1.631782e-07
2026.272.10:06:00/gps-maser/+1.011929e-07
2026.272.10:07:00/gps-fmout/+1.649631e-07
2026.272.10:07:00/gps-maser/+1.030279e-07
2026.272.10:08:00/gps-fmout/+1.634519e-07
2026.272.10:08:00/gps-maser/+1.025525e-07
2026.272.10:09:00/gps-fmout/+1.640666e-07
2026.272.10:09:00/gps-maser/+1.018997e-07
2026.272.10:10:00/gps-fmout/+1.638174e-07
2026.272.10:10:00/gps-maser/+1.022122e-07
2026.272.10:11:00/gps-fmout/+1.627067e-07
2026.272.10:11:00/gps-maser/+1.029645e-07
2026.272.10:12:00/gps-fmout/+1.608743e-07
2026.272.10:12:00/gps-maser/+1.018634e-07
2026.272.10:13:00/gps-fmout/+1.610000e-07
2026.272.10:13:00/gps-maser/+1.003486e-07
2026.272.10:14:00/gps-fmout/+1.612404e-07
2026.272.10:14:00/gps-maser/+1.003264e-07
2026.272.10:15:00/gps-fmout/+1.580878e-07
2026.272.10:15:00/gps-maser/+1.007311e-07
2026.272.10:16:00/gps-fmout/+1.595993e-07
2026.272.10:16:00/gps-maser/+1.000000e-07
2026.272.10:17:00/gps-fmout/+1.620137e-07
2026.272.10:17:00/gps-maser/+1.000000e-07
2026.272.10:18:00/gps-fmout/+1.590570e-07
2026.272.10:18:00/gps-maser/+9.998943e-08
2026.272.10:19:00/gps-fmout/+1.595862e-07
2026.272.10:19:00/gps-maser/+9.900000e-08
2026.272.10:20:00/gps-fmout/+1.582419e-07
2026.272.10:20:00/gps-maser/+9.900000e-08
2026.272.10:21:00/gps-fmout/+1.596459e-07
2026.272.10:21:00/gps-maser/+9.916486e-08
2026.272.10:22:00/gps-fmout/+1.608182e-07
2026.272.10:22:00/gps-maser/+9.987500e-08
2026.272.10:23:00/gps-fmout/+1.599128e-07
2026.272.10:23:00/gps-maser/+9.795381e-08
2026.272.10:24:00/gps-fmout/+1.590000e-07
2026.272.10:24:00/gps-maser/+9.645787e-08
2026.272.10:25:00/gps-fmout/+1.571818e-07
2026.272.10:25:00/gps-maser/+9.565524e-08
2026.272.10:26:00/gps-fmout/+1.563208e-07
2026.272.10:26:00/gps-maser/+9.709173e-08
2026.272.10:27:00/gps-fmout/+1.575455e-07
2026.272.10:27:00/gps-maser/+9.683886e-08
2026.272.10:28:00/gps-fmout/+1.557273e-07
2026.272.10:28:00/gps-maser/+9.581955e-08
2026.272.10:29:00/gps-fmout/+1.539482e-07
2026.272.10:29:00/gps-maser/+9.398383e-08
2026.272.10:30:00/gps-fmout/+1.550000e-07
2026.272.10:30:00/gps-maser/+9.456882e-08
2026.272.10:31:00/gps-fmout/+1.550000e-07
2026.272.10:31:00/gps-maser/+9.433564e-08
2026.272.10:32:00/gps-fmout/+1.551826e-07
2026.272.10:32:00/gps-maser/+9.482065e-08
2026.272.10:33:00/gps-fmout/+1.559489e-07
2026.272.10:33:00/gps-maser/+9.394136e-08
2026.272.10:34:00/gps-fmout/+1.548608e-07
2026.272.10:34:00/gps-maser/+9.384553e-08
2026.272.10:35:00/gps-fmout/+1.530000e-07
2026.272.10:35:00/gps-maser/+9.169004e-08
2026.272.10:36:00/gps-fmout/+1.536024e-07
2026.272.10:36:00/gps-maser/+9.285196e-08
2026.272.10:37:00/gps-fmout/+1.529285e-07
2026.272.10:37:00/gps-maser/+9.378017e-08
2026.272.10:38:00/gps-fmout/+1.531674e-07
2026.272.10:38:00/gps-maser/+9.300000e-08
2026.272.10:39:00/gps-fmout/+1.540942e-07
2026.272.10:39:00/gps-maser/+9.300000e-08
2026.272.10:40:00/gps-fmout/+1.539264e-07
2026.272.10:40:00/gps-maser/+9.300173e-08
2026.272.10:41:00/gps-fmout/+1.519669e-07
2026.272.10:41:00/gps-maser/+9.225930e-08
2026.272.10:42:00/gps-fmout/+1.516294e-07
2026.272.10:42:00/gps-maser/+9.030303e-08
2026.272.10:43:00/gps-fmout/+1.511886e-07
2026.272.10:43:00/gps-maser/+8.880210e-08
2026.272.10:44:00/gps-fmout/+1.518182e-07
2026.272.10:44:00/gps-maser/+9.033333e-08
2026.272.10:45:00/gps-fmout/+1.509091e-07
2026.272.10:45:00/gps-maser/+9.200000e-08
2026.272.10:46:00/gps-fmout/+1.500000e-07
2026.272.10:46:00/gps-maser/+9.200000e-08
2026.272.10:47:00/gps-fmout/+1.515157e-07
2026.272.10:47:00/gps-maser/+9.200000e-08
2026.272.10:48:00/gps-fmout/+1.517656e-07
2026.272.10:48:00/gps-maser/+9.200000e-08
2026.272.10:49:00/gps-fmout/+1.513488e-07
2026.272.10:49:00/gps-maser/+9.190183e-08
2026.272.10:50:00/gps-fmout/+1.531671e-07
2026.272.10:50:00/gps-maser/+9.096789e-08
2026.272.10:51:00/gps-fmout/+1.540225e-07
2026.272.10:51:00/gps-maser/+9.207291e-08
2026.272.10:52:00/gps-fmout/+1.548415e-07
2026.272.10:52:00/gps-maser/+9.419994e-08
2026.272.10:53:00/gps-fmout/+1.562146e-07
2026.272.10:53:00/gps-maser/+9.365557e-08
2026.272.10:54:00/gps-fmout/+1.554654e-07
2026.272.10:54:00/gps-maser/+9.330654e-08
2026.272.10:55:00/gps-fmout/+1.541818e-07
2026.272.10:55:00/gps-maser/+9.493006e-08
2026.272.10:56:00/gps-fmout/+1.550909e-07
2026.272.10:56:00/gps-maser/+9.387186e-08
2026.272.10:57:00/gps-fmout/+1.560000e-07
2026.272.10:57:00/gps-maser/+9.404236e-08
2026.272.10:58:00/gps-fmout/+1.526330e-07
2026.272.10:58:00/gps-maser/+9.421212e-08
2026.272.10:59:00/gps-fmout/+1.504649e-07
2026.272.10:59:00/gps-maser/+9.232994e-08
2026.272.11:00:00/gps-fmout/+1.500000e-07
2026.272.11:00:00/gps-maser/+9.086833e-08
2026.272.11:01:00/gps-fmout/+1.500000e-07
2026.272.11:01:00/gps-maser/+9.100000e-08
2026.272.11:02:00/gps-fmout/+1.500000e-07
2026.272.11:02:00/gps-maser/+9.100000e-08
2026.272.11:03:00/gps-fmout/+1.512115e-07
2026.272.11:03:00/gps-maser/+9.100000e-08
2026.272.11:04:00/gps-fmout/+1.531946e-07
2026.272.11:04:00/gps-maser/+9.183905e-08
2026.272.11:05:00/gps-fmout/+1.527273e-07
2026.272.11:05:00/gps-maser/+9.383514e-08
2026.272.11:06:00/gps-fmout/+1.518182e-07
2026.272.11:06:00/gps-maser/+9.300000e-08
2026.272.11:07:00/gps-fmout/+1.509910e-07
2026.272.11:07:00/gps-maser/+9.300000e-08
2026.272.11:08:00/gps-fmout/+1.540000e-07
2026.272.11:08:00/gps-maser/+9.300000e-08
2026.272.11:09:00/gps-fmout/+1.538021e-07
2026.272.11:09:00/gps-maser/+9.395935e-08
2026.272.11:10:00/gps-fmout/+1.553133e-07
2026.272.11:10:00/gps-maser/+9.606240e-08
2026.272.11:11:00/gps-fmout/+1.563800e-07
2026.272.11:11:00/gps-maser/+9.616739e-08
2026.272.11:12:00/gps-fmout/+1.583404e-07
2026.272.11:12:00/gps-maser/+9.717356e-08
2026.272.11:13:00/gps-fmout/+1.610500e-07
2026.272.11:13:00/gps-maser/+9.908283e-08
2026.272.11:14:00/gps-fmout/+1.609316e-07
2026.272.11:14:00/gps-maser/+1.019011e-07
2026.272.11:15:00/gps-fmout/+1.616826e-07
2026.272.11:15:00/gps-maser/+1.010395e-07
2026.272.11:16:00/gps-fmout/+1.612295e-07
2026.272.11:16:00/gps-maser/+9.912429e-08
2026.272.11:17:00/gps-fmout/+1.619264e-07
2026.272.11:17:00/gps-maser/+1.002870e-07
2026.272.11:18:00/gps-fmout/+1.608182e-07
2026.272.11:18:00/gps-maser/+1.019279e-07
2026.272.11:19:00/gps-fmout/+1.590000e-07
2026.272.11:19:00/gps-maser/+1.004686e-07
2026.272.11:20:00/gps-fmout/+1.583259e-07
2026.272.11:20:00/gps-maser/+1.010895e-07
2026.272.11:21:00/gps-fmout/+1.604168e-07
2026.272.11:21:00/gps-maser/+1.003093e-07
2026.272.11:22:00/gps-fmout/+1.610000e-07
2026.272.11:22:00/gps-maser/+9.836103e-08
2026.272.11:23:00/gps-fmout/+1.609839e-07
2026.272.11:23:00/gps-maser/+1.020676e-07
2026.272.11:24:00/gps-fmout/+1.610533e-07
2026.272.11:24:00/gps-maser/+1.010949e-07
2026.272.11:25:00/gps-fmout/+1.629091e-07
2026.272.11:25:00/gps-maser/+1.047131e-07
2026.272.11:26:00/gps-fmout/+1.644628e-07
2026.272.11:26:00/gps-maser/+1.048885e-07
2026.272.11:27:00/gps-fmout/+1.631255e-07
2026.272.11:27:00/gps-maser/+1.029331e-07
2026.272.11:28:00/gps-fmout/+1.595913e-07
2026.272.11:28:00/gps-maser/+9.875926e-08
2026.272.11:29:00/gps-fmout/+1.576702e-07
2026.272.11:29:00/gps-maser/+9.786426e-08
2026.272.11:30:00/gps-fmout/+1.543125e-07
2026.272.11:30:00/gps-maser/+9.565016e-08
2026.272.11:31:00/gps-fmout/+1.524975e-07
2026.272.11:31:00/gps-maser/+9.247368e-08
2026.272.11:32:00/gps-fmout/+1.513686e-07
2026.272.11:32:00/gps-maser/+8.898113e-08
2026.272.11:33:00/gps-fmout/+1.498483e-07
2026.272.11:33:00/gps-maser/+8.821212e-08
2026.272.11:34:00/gps-fmout/+1.500994e-07
2026.272.11:34:00/gps-maser/+8.912121e-08
2026.272.11:35:00/gps-fmout/+1.509626e-07
2026.272.11:35:00/gps-maser/+9.001858e-08
2026.272.11:36:00/gps-fmout/+1.495680e-07
2026.272.11:36:00/gps-maser/+8.843321e-08
2026.272.11:37:00/gps-fmout/+1.483295e-07
2026.272.11:37:00/gps-maser/+8.830950e-08
2026.272.11:38:00/gps-fmout/+1.465758e-07
2026.272.11:38:00/gps-maser/+8.874242e-08
2026.272.11:39:00/gps-fmout/+1.462299e-07
2026.272.11:39:00/gps-maser/+8.783333e-08
2026.272.11:40:00/gps-fmout/+1.489309e-07
2026.272.11:40:00/gps-maser/+8.683137e-08
2026.272.11:41:00/gps-fmout/+1.470000e-07
2026.272.11:41:00/gps-maser/+8.479060e-08
2026.272.11:42:00/gps-fmout/+1.474091e-07
2026.272.11:42:00/gps-maser/+8.529868e-08
2026.272.11:43:00/gps-fmout/+1.483182e-07
2026.272.11:43:00/gps-maser/+8.688029e-08
2026.272.11:44:00/gps-fmout/+1.492472e-07
2026.272.11:44:00/gps-maser/+8.900000e-08
2026.272.11:45:00/gps-fmout/+1.500509e-07
2026.272.11:45:00/gps-maser/+8.900000e-08
2026.272.11:46:00/gps-fmout/+1.499981e-07
2026.272.11:46:00/gps-maser/+8.900827e-08
2026.272.11:47:00/gps-fmout/+1.503869e-07
2026.272.11:47:00/gps-maser/+9.059366e-08
2026.272.11:48:00/gps-fmout/+1.513636e-07
2026.272.11:48:00/gps-maser/+9.100000e-08
2026.272.11:49:00/gps-fmout/+1.521659e-07
2026.272.11:49:00/gps-maser/+9.100000e-08
2026.272.11:50:00/gps-fmout/+1.517770e-07
2026.272.11:50:00/gps-maser/+9.100000e-08
2026.272.11:51:00/gps-fmout/+1.500817e-07
2026.272.11:51:00/gps-maser/+9.100000e-08
2026.272.11:52:00/gps-fmout/+1.510857e-07
2026.272.11:52:00/gps-maser/+9.100000e-08
2026.272.11:53:00/gps-fmout/+1.504457e-07
2026.272.11:53:00/gps-maser/+9.115519e-08
2026.272.11:54:00/gps-fmout/+1.508454e-07
2026.272.11:54:00/gps-maser/+9.280456e-08
2026.272.11:55:00/gps-fmout/+1.550938e-07
2026.272.11:55:00/gps-maser/+9.548586e-08
2026.272.11:56:00/gps-fmout/+nan
2026.272.11:56:00/gps-maser/+nan
2026.272.11:57:00/gps-fmout/+nan
2026.272.11:57:00/gps-maser/+nan
2026.272.11:58:00/gps-fmout/+nan
2026.272.11:58:00/gps-maser/+nan
2026.272.11:59:00/gps-fmout/+nan
2026.272.11:59:00/gps-maser/+nan
2026.272.12:00:00/gps-fmout/+nan
2026.272.12:00:00/gps-maser/+nan
2026.272.12:01:00/gps-fmout/+nan
2026.272.12:01:00/gps-maser/+nan
2026.272.12:02:00/gps-fmout/+nan
2026.272.12:02:00/gps-maser/+nan
2026.272.12:03:00/gps-fmout/+nan
2026.272.12:03:00/gps-maser/+nan
2026.272.12:04:00/gps-fmout/+nan
2026.272.12:04:00/gps-maser/+nan
2026.272.12:05:00/gps-fmout/+nan
2026.272.12:05:00/gps-maser/+nan
2026.272.12:06:00/gps-fmout/+nan
2026.272.12:06:00/gps-maser/+nan
2026.272.12:07:00/gps-fmout/+nan
2026.272.12:07:00/gps-maser/+nan
2026.272.12:08:00/gps-fmout/+nan
2026.272.12:08:00/gps-maser/+nan
2026.272.12:09:00/gps-fmout/+nan
2026.272.12:09:00/gps-maser/+nan
2026.272.12:10:00/gps-fmout/+nan
2026.272.12:10:00/gps-maser/+nan
2026.272.12:11:00/gps-fmout/+nan
2026.272.12:11:00/gps-maser/+nan
2026.272.12:12:00/gps-fmout/+nan
2026.272.12:12:00/gps-maser/+nan
2026.272.12:13:00/gps-fmout/+nan
2026.272.12:13:00/gps-maser/+nan
2026.272.12:14:00/gps-fmout/+nan
2026.272.12:14:00/gps-maser/+nan
2026.272.12:15:00/gps-fmout/+nan
2026.272.12:15:00/gps-maser/+nan
2026.272.12:16:00/gps-fmout/+nan
2026.272.12:16:00/gps-maser/+nan
2026.272.12:17:00/gps-fmout/+nan
2026.272.12:17:00/gps-maser/+nan
2026.272.12:18:00/gps-fmout/+nan
2026.272.12:18:00/gps-maser/+nan
2026.272.12:19:00/gps-fmout/+nan
2026.272.12:19:00/gps-maser/+nan
2026.272.12:20:00/gps-fmout/+nan
2026.272.12:20:00/gps-maser/+nan
2026.272.12:21:00/gps-fmout/+nan
2026.272.12:21:00/gps-maser/+nan
2026.272.12:22:00/gps-fmout/+nan
2026.272.12:22:00/gps-maser/+nan
2026.272.12:23:00/gps-fmout/+nan
2026.272.12:23:00/gps-maser/+nan
2026.272.12:24:00/gps-fmout/+nan
2026.272.12:24:00/gps-maser/+nan
2026.272.12:25:00/gps-fmout/+nan
2026.272.12:25:00/gps-maser/+nan
2026.272.12:26:00/gps-fmout/+nan
2026.272.12:26:00/gps-maser/+nan
2026.272.12:27:00/gps-fmout/+nan
2026.272.12:27:00/gps-maser/+nan
2026.272.12:28:00/gps-fmout/+nan
2026.272.12:28:00/gps-maser/+nan
2026.272.12:29:00/gps-fmout/+nan
2026.272.12:29:00/gps-maser/+nan
2026.272.12:30:00/gps-fmout/+nan
2026.272.12:30:00/gps-maser/+nan
2026.272.12:31:00/gps-fmout/+nan
2026.272.12:31:00/gps-maser/+nan
2026.272.12:32:00/gps-fmout/+nan
2026.272.12:32:00/gps-maser/+nan
2026.272.12:33:00/gps-fmout/+nan
2026.272.12:33:00/gps-maser/+nan
2026.272.12:34:00/gps-fmout/+nan
2026.272.12:34:00/gps-maser/+nan
2026.272.12:35:00/gps-fmout/+nan
2026.272.12:35:00/gps-maser/+nan
2026.272.12:36:00/gps-fmout/+nan
2026.272.12:36:00/gps-maser/+nan
2026.272.12:37:00/gps-fmout/+nan
2026.272.12:37:00/gps-maser/+nan
2026.272.12:38:00/gps-fmout/+nan
2026.272.12:38:00/gps-maser/+nan
2026.272.12:39:00/gps-fmout/+nan
2026.272.12:39:00/gps-maser/+nan
2026.272.12:40:00/gps-fmout/+nan
2026.272.12:40:00/gps-maser/+nan
2026.272.12:41:00/gps-fmout/+nan
2026.272.12:41:00/gps-maser/+nan
2026.272.12:42:00/gps-fmout/+nan
2026.272.12:42:00/gps-maser/+nan
2026.272.12:43:00/gps-fmout/+nan
2026.272.12:43:00/gps-maser/+nan
2026.272.12:44:00/gps-fmout/+nan
2026.272.12:44:00/gps-maser/+nan
2026.272.12:45:00/gps-fmout/+nan
2026.272.12:45:00/gps-maser/+nan
2026.272.12:46:00/gps-fmout/+nan
2026.272.12:46:00/gps-maser/+nan
2026.272.12:47:00/gps-fmout/+nan
2026.272.12:47:00/gps-maser/+nan
2026.272.12:48:00/gps-fmout/+nan
2026.272.12:48:00/gps-maser/+nan
2026.272.12:49:00/gps-fmout/+nan
2026.272.12:49:00/gps-maser/+nan
2026.272.12:50:00/gps-fmout/+nan
2026.272.12:50:00/gps-maser/+nan
2026.272.12:51:00/gps-fmout/+nan
2026.272.12:51:00/gps-maser/+nan
2026.272.12:52:00/gps-fmout/+nan
2026.272.12:52:00/gps-maser/+nan
2026.272.12:53:00/gps-fmout/+nan
2026.272.12:53:00/gps-maser/+nan
2026.272.12:54:00/gps-fmout/+nan
2026.272.12:54:00/gps-maser/+nan
2026.272.12:55:00/gps-fmout/+nan
2026.272.12:55:00/gps-maser/+nan
2026.272.12:56:00/gps-fmout/+nan
2026.272.12:56:00/gps-maser/+nan
2026.272.12:57:00/gps-fmout/+nan
2026.272.12:57:00/gps-maser/+nan
2026.272.12:58:00/gps-fmout/+nan
2026.272.12:58:00/gps-maser/+nan
2026.272.12:59:00/gps-fmout/+nan
2026.272.12:59:00/gps-maser/+nan
2026.272.13:00:00/gps-fmout/+nan
2026.272.13:00:00/gps-maser/+nan
2026.272.13:01:00/gps-fmout/+nan
2026.272.13:01:00/gps-maser/+nan
2026.272.13:02:00/gps-fmout/+nan
2026.272.13:02:00/gps-maser/+nan
2026.272.13:03:00/gps-fmout/+nan
2026.272.13:03:00/gps-maser/+nan
2026.272.13:04:00/gps-fmout/+nan
2026.272.13:04:00/gps-maser/+nan
2026.272.13:05:00/gps-fmout/+nan
2026.272.13:05:00/gps-maser/+nan
2026.272.13:06:00/gps-fmout/+nan
2026.272.13:06:00/gps-maser/+nan
2026.272.13:07:00/gps-fmout/+nan
2026.272.13:07:00/gps-maser/+nan
2026.272.13:08:00/gps-fmout/+nan
2026.272.13:08:00/gps-maser/+nan
2026.272.13:09:00/gps-fmout/+nan
2026.272.13:09:00/gps-maser/+nan
2026.272.13:10:00/gps-fmout/+nan
2026.272.13:10:00/gps-maser/+nan
2026.272.13:11:00/gps-fmout/+nan
2026.272.13:11:00/gps-maser/+nan
2026.272.13:12:00/gps-fmout/+nan
2026.272.13:12:00/gps-maser/+nan
2026.272.13:13:00/gps-fmout/+nan
2026.272.13:13:00/gps-maser/+nan
2026.272.13:14:00/gps-fmout/+nan
2026.272.13:14:00/gps-maser/+nan
2026.272.13:15:00/gps-fmout/+nan
2026.272.13:15:00/gps-maser/+nan
2026.272.13:16:00/gps-fmout/+nan
2026.272.13:16:00/gps-maser/+nan
2026.272.13:17:00/gps-fmout/+nan
2026.272.13:17:00/gps-maser/+nan
2026.272.13:18:00/gps-fmout/+nan
2026.272.13:18:00/gps-maser/+nan
2026.272.13:19:00/gps-fmout/+nan
2026.272.13:19:00/gps-maser/+nan
2026.272.13:20:00/gps-fmout/+nan
2026.272.13:20:00/gps-maser/+nan
2026.272.13:21:00/gps-fmout/+nan
2026.272.13:21:00/gps-maser/+nan
2026.272.13:22:00/gps-fmout/+nan
2026.272.13:22:00/gps-maser/+nan
2026.272.13:23:00/gps-fmout/+nan
2026.272.13:23:00/gps-maser/+nan
2026.272.13:24:00/gps-fmout/+nan
2026.272.13:24:00/gps-maser/+nan
2026.272.13:25:00/gps-fmout/+nan
2026.272.13:25:00/gps-maser/+nan
2026.272.13:26:00/gps-fmout/+nan
2026.272.13:26:00/gps-maser/+nan
2026.272.13:27:00/gps-fmout/+nan
2026.272.13:27:00/gps-maser/+nan
2026.272.13:28:00/gps-fmout/+nan
2026.272.13:28:00/gps-maser/+nan
2026.272.13:29:00/gps-fmout/+nan
2026.272.13:29:00/gps-maser/+nan
2026.272.13:30:00/gps-fmout/+nan
2026.272.13:30:00/gps-maser/+nan
2026.272.13:31:00/gps-fmout/+nan
2026.272.13:31:00/gps-maser/+nan
2026.272.13:32:00/gps-fmout/+nan
2026.272.13:32:00/gps-maser/+nan
2026.272.13:33:00/gps-fmout/+nan
2026.272.13:33:00/gps-maser/+nan
2026.272.13:34:00/gps-fmout/+nan
2026.272.13:34:00/gps-maser/+nan
2026.272.13:35:00/gps-fmout/+nan
2026.272.13:35:00/gps-maser/+nan
2026.272.13:36:00/gps-fmout/+nan
2026.272.13:36:00/gps-maser/+nan
2026.272.13:37:00/gps-fmout/+nan
2026.272.13:37:00/gps-maser/+nan
2026.272.13:38:00/gps-fmout/+nan
2026.272.13:38:00/gps-maser/+nan
2026.272.13:39:00/gps-fmout/+nan
2026.272.13:39:00/gps-maser/+nan
2026.272.13:40:00/gps-fmout/+nan
2026.272.13:40:00/gps-maser/+nan
2026.272.13:41:00/gps-fmout/+nan
2026.272.13:41:00/gps-maser/+nan
2026.272.13:42:00/gps-fmout/+nan
2026.272.13:42:00/gps-maser/+nan
2026.272.13:43:00/gps-fmout/+nan
2026.272.13:43:00/gps-maser/+nan
2026.272.13:44:00/gps-fmout/+nan
2026.272.13:44:00/gps-maser/+nan
2026.272.13:45:00/gps-fmout/+nan
2026.272.13:45:00/gps-maser/+nan
2026.272.13:46:00/gps-fmout/+nan
2026.272.13:46:00/gps-maser/+nan
2026.272.13:47:00/gps-fmout/+nan
2026.272.13:47:00/gps-maser/+nan
2026.272.13:48:00/gps-fmout/+nan
2026.272.13:48:00/gps-maser/+nan
2026.272.13:49:00/gps-fmout/+nan
2026.272.13:49:00/gps-maser/+nan
2026.272.13:50:00/gps-fmout/+nan
2026.272.13:50:00/gps-maser/+nan
2026.272.13:51:00/gps-fmout/+nan
2026.272.13:51:00/gps-maser/+nan
2026.272.13:52:00/gps-fmout/+nan
2026.272.13:52:00/gps-maser/+nan
2026.272.13:53:00/gps-fmout/+nan
2026.272.13:53:00/gps-maser/+nan
2026.272.13:54:00/gps-fmout/+nan
2026.272.13:54:00/gps-maser/+nan
2026.272.13:55:00/gps-fmout/+nan
2026.272.13:55:00/gps-maser/+nan
2026.272.13:56:00/gps-fmout/+nan
2026.272.13:56:00/gps-maser/+nan
2026.272.13:57:00/gps-fmout/+nan
2026.272.13:57:00/gps-maser/+nan
2026.272.13:58:00/gps-fmout/+nan
2026.272.13:58:00/gps-maser/+nan
2026.272.13:59:00/gps-fmout/+nan
2026.272.13:59:00/gps-maser/+nan
2026.272.14:00:00/gps-fmout/+nan
2026.272.14:00:00/gps-maser/+nan
2026.272.14:01:00/gps-fmout/+nan
2026.272.14:01:00/gps-maser/+nan
2026.272.14:02:00/gps-fmout/+nan
2026.272.14:02:00/gps-maser/+nan
2026.272.14:03:00/gps-fmout/+nan
2026.272.14:03:00/gps-maser/+nan
2026.272.14:04:00/gps-fmout/+nan
2026.272.14:04:00/gps-maser/+nan
2026.272.14:05:00/gps-fmout/+nan
2026.272.14:05:00/gps-maser/+nan
2026.272.14:06:00/gps-fmout/+nan
2026.272.14:06:00/gps-maser/+nan
2026.272.14:07:00/gps-fmout/+nan
2026.272.14:07:00/gps-maser/+nan
2026.272.14:08:00/gps-fmout/+nan
2026.272.14:08:00/gps-maser/+nan
2026.272.14:09:00/gps-fmout/+nan
2026.272.14:09:00/gps-maser/+nan
2026.272.14:10:00/gps-fmout/+nan
2026.272.14:10:00/gps-maser/+nan
2026.272.14:11:00/gps-fmout/+nan
2026.272.14:11:00/gps-maser/+nan
2026.272.14:12:00/gps-fmout/+nan
2026.272.14:12:00/gps-maser/+nan
2026.272.14:13:00/gps-fmout/+nan
2026.272.14:13:00/gps-maser/+nan
2026.272.14:14:00/gps-fmout/+nan
2026.272.14:14:00/gps-maser/+nan
2026.272.14:15:00/gps-fmout/+nan
2026.272.14:15:00/gps-maser/+nan
2026.272.14:16:00/gps-fmout/+nan
2026.272.14:16:00/gps-maser/+nan
2026.272.14:17:00/gps-fmout/+nan
2026.272.14:17:00/gps-maser/+nan
2026.272.14:18:00/gps-fmout/+nan
2026.272.14:18:00/gps-maser/+nan
2026.272.14:19:00/gps-fmout/+nan
2026.272.14:19:00/gps-maser/+nan
2026.272.14:20:00/gps-fmout/+nan
2026.272.14:20:00/gps-maser/+nan
2026.272.14:21:00/gps-fmout/+nan
2026.272.14:21:00/gps-maser/+nan
2026.272.14:22:00/gps-fmout/+nan
2026.272.14:22:00/gps-maser/+nan
2026.272.14:23:00/gps-fmout/+nan
2026.272.14:23:00/gps-maser/+nan
2026.272.14:24:00/gps-fmout/+nan
2026.272.14:24:00/gps-maser/+nan
2026.272.14:25:00/gps-fmout/+nan
2026.272.14:25:00/gps-maser/+nan
2026.272.14:26:00/gps-fmout/+nan
2026.272.14:26:00/gps-maser/+nan
2026.272.14:27:00/gps-fmout/+nan
2026.272.14:27:00/gps-maser/+nan
2026.272.14:28:00/gps-fmout/+nan
2026.272.14:28:00/gps-maser/+nan
2026.272.14:29:00/gps-fmout/+nan
2026.272.14:29:00/gps-maser/+nan
2026.272.14:30:00/gps-fmout/+nan
2026.272.14:30:00/gps-maser/+nan
2026.272.14:31:00/gps-fmout/+nan
2026.272.14:31:00/gps-maser/+nan
2026.272.14:32:00/gps-fmout/+nan
2026.272.14:32:00/gps-maser/+nan
2026.272.14:33:00/gps-fmout/+nan
2026.272.14:33:00/gps-maser/+nan
2026.272.14:34:00/gps-fmout/+nan
2026.272.14:34:00/gps-maser/+nan
2026.272.14:35:00/gps-fmout/+nan
2026.272.14:35:00/gps-maser/+nan
2026.272.14:36:00/gps-fmout/+nan
2026.272.14:36:00/gps-maser/+nan
2026.272.14:37:00/gps-fmout/+nan
2026.272.14:37:00/gps-maser/+nan
2026.272.14:38:00/gps-fmout/+nan
2026.272.14:38:00/gps-maser/+nan
2026.272.14:39:00/gps-fmout/+nan
2026.272.14:39:00/gps-maser/+nan
2026.272.14:40:00/gps-fmout/+nan
2026.272.14:40:00/gps-maser/+nan
2026.272.14:41:00/gps-fmout/+nan
2026.272.14:41:00/gps-maser/+nan
2026.272.14:42:00/gps-fmout/+nan
2026.272.14:42:00/gps-maser/+nan
2026.272.14:43:00/gps-fmout/+nan
2026.272.14:43:00/gps-maser/+nan
2026.272.14:44:00/gps-fmout/+nan
2026.272.14:44:00/gps-maser/+nan
2026.272.14:45:00/gps-fmout/+nan
2026.272.14:45:00/gps-maser/+nan
2026.272.14:46:00/gps-fmout/+nan
2026.272.14:46:00/gps-maser/+nan
2026.272.14:47:00/gps-fmout/+nan
2026.272.14:47:00/gps-maser/+nan
2026.272.14:48:00/gps-fmout/+nan
2026.272.14:48:00/gps-maser/+nan
2026.272.14:49:00/gps-fmout/+nan
2026.272.14:49:00/gps-maser/+nan
2026.272.14:50:00/gps-fmout/+nan
2026.272.14:50:00/gps-maser/+nan
2026.272.14:51:00/gps-fmout/+nan
2026.272.14:51:00/gps-maser/+nan
2026.272.14:52:00/gps-fmout/+nan
2026.272.14:52:00/gps-maser/+nan
2026.272.14:53:00/gps-fmout/+nan
2026.272.14:53:00/gps-maser/+nan
2026.272.14:54:00/gps-fmout/+nan
2026.272.14:54:00/gps-maser/+nan
2026.272.14:55:00/gps-fmout/+nan
2026.272.14:55:00/gps-maser/+nan
2026.272.14:56:00/gps-fmout/+nan
2026.272.14:56:00/gps-maser/+nan
2026.272.14:57:00/gps-fmout/+nan
2026.272.14:57:00/gps-maser/+nan
2026.272.14:58:00/gps-fmout/+nan
2026.272.14:58:00/gps-maser/+nan
2026.272.14:59:00/gps-fmout/+nan
2026.272.14:59:00/gps-maser/+nan
