2026.270.22:00:00;APEX Database GPS vs Devices offset for mn006a
2026.270.22:00:00;The format is gps-fmout/[seconds] and gps-maser/[seconds]
2026.270.22:01:00/gps-fmout/+2.504500e-07
2026.270.22:01:00/gps-maser/+1.896167e-07
2026.270.22:02:00/gps-fmout/+2.506364e-07
2026.270.22:02:00/gps-maser/+1.900000e-07
2026.270.22:03:00/gps-fmout/+2.497273e-07
2026.270.22:03:00/gps-maser/+1.900000e-07
2026.270.22:04:00/gps-fmout/+2.490391e-07
2026.270.22:04:00/gps-maser/+1.901204e-07
2026.270.22:05:00/gps-fmout/+2.509700e-07
2026.270.22:05:00/gps-maser/+1.908485e-07
2026.270.22:06:00/gps-fmout/+2.480000e-07
2026.270.22:06:00/gps-maser/+1.889092e-07
2026.270.22:07:00/gps-fmout/+2.483812e-07
2026.270.22:07:00/gps-maser/+1.878553e-07
2026.270.22:08:00/gps-fmout/+2.468683e-07
2026.270.22:08:00/gps-maser/+1.880000e-07
2026.270.22:09:00/gps-fmout/+2.492812e-07
2026.270.22:09:00/gps-maser/+1.881159e-07
2026.270.22:10:00/gps-fmout/+2.500187e-07
2026.270.22:10:00/gps-maser/+1.890000e-07
2026.270.22:11:00/gps-fmout/+2.500909e-07
2026.270.22:11:00/gps-maser/+1.890000e-07
2026.270.22:12:00/gps-fmout/+2.519091e-07
2026.270.22:12:00/gps-maser/+1.902533e-07
2026.270.22:13:00/gps-fmout/+2.540558e-07
2026.270.22:13:00/gps-maser/+1.945232e-07
2026.270.22:14:00/gps-fmout/+2.561513e-07
2026.270.22:14:00/gps-maser/+1.954848e-07
2026.270.22:15:00/gps-fmout/+2.545554e-07
2026.270.22:15:00/gps-maser/+1.936667e-07
2026.270.22:16:00/gps-fmout/+2.521185e-07
2026.270.22:16:00/gps-maser/+1.919389e-07
2026.270.22:17:00/gps-fmout/+2.534740e-07
2026.270.22:17:00/gps-maser/+1.939033e-07
2026.270.22:18:00/gps-fmout/+2.530092e-07
2026.270.22:18:00/gps-maser/+1.932121e-07
2026.270.22:19:00/gps-fmout/+2.528149e-07
2026.270.22:19:00/gps-maser/+1.913939e-07
2026.270.22:20:00/gps-fmout/+2.514818e-07
2026.270.22:20:00/gps-maser/+1.897508e-07
2026.270.22:21:00/gps-fmout/+2.487752e-07
2026.270.22:21:00/gps-maser/+1.899220e-07
2026.270.22:22:00/gps-fmout/+2.490967e-07
2026.270.22:22:00/gps-maser/+1.890092e-07
2026.270.22:23:00/gps-fmout/+2.501682e-07
2026.270.22:23:00/gps-maser/+1.901826e-07
2026.270.22:24:00/gps-fmout/+2.488738e-07
2026.270.22:24:00/gps-maser/+1.892893e-07
2026.270.22:25:00/gps-fmout/+2.492727e-07
2026.270.22:25:00/gps-maser/+1.883540e-07
2026.270.22:26:00/gps-fmout/+2.501818e-07
2026.270.22:26:00/gps-maser/+1.902857e-07
2026.270.22:27:00/gps-fmout/+2.510654e-07
2026.270.22:27:00/gps-maser/+1.908485e-07
2026.270.22:28:00/gps-fmout/+2.504583e-07
2026.270.22:28:00/gps-maser/+1.890303e-07
2026.270.22:29:00/gps-fmout/+2.502003e-07
2026.270.22:29:00/gps-maser/+1.878658e-07
2026.270.22:30:00/gps-fmout/+2.516009e-07
2026.270.22:30:00/gps-maser/+1.899539e-07
2026.270.22:31:00/gps-fmout/+2.533558e-07
2026.270.22:31:00/gps-maser/+1.920000e-07
2026.270.22:32:00/gps-fmout/+2.539019e-07
2026.270.22:32:00/gps-maser/+1.920000e-07
2026.270.22:33:00/gps-fmout/+2.510372e-07
2026.270.22:33:00/gps-maser/+1.920000e-07
2026.270.22:34:00/gps-fmout/+2.520533e-07
2026.270.22:34:00/gps-maser/+1.920000e-07
2026.270.22:35:00/gps-fmout/+2.520258e-07
2026.270.22:35:00/gps-maser/+1.922401e-07
2026.270.22:36:00/gps-fmout/+2.541700e-07
2026.270.22:36:00/gps-maser/+1.930956e-07
2026.270.22:37:00/gps-fmout/+2.537538e-07
2026.270.22:37:00/gps-maser/+1.928796e-07
2026.270.22:38:00/gps-fmout/+2.519599e-07
2026.270.22:38:00/gps-maser/+1.919695e-07
2026.270.22:39:00/gps-fmout/+2.540000e-07
2026.270.22:39:00/gps-maser/+1.925202e-07
2026.270.22:40:00/gps-fmout/+2.521733e-07
2026.270.22:40:00/gps-maser/+1.926567e-07
2026.270.22:41:00/gps-fmout/+2.540000e-07
2026.270.22:41:00/gps-maser/+1.920000e-07
2026.270.22:42:00/gps-fmout/+2.540000e-07
2026.270.22:42:00/gps-maser/+1.920000e-07
2026.270.22:43:00/gps-fmout/+2.539600e-07
2026.270.22:43:00/gps-maser/+1.920000e-07
2026.270.22:44:00/gps-fmout/+2.529775e-07
2026.270.22:44:00/gps-maser/+1.920000e-07
2026.270.22:45:00/gps-fmout/+2.520458e-07
2026.270.22:45:00/gps-maser/+1.912242e-07
2026.270.22:46:00/gps-fmout/+2.510000e-07
2026.270.22:46:00/gps-maser/+1.905318e-07
2026.270.22:47:00/gps-fmout/+2.509730e-07
2026.270.22:47:00/gps-maser/+1.917981e-07
2026.270.22:48:00/gps-fmout/+2.511210e-07
2026.270.22:48:00/gps-maser/+1.909306e-07
2026.270.22:49:00/gps-fmout/+2.520909e-07
2026.270.22:49:00/gps-maser/+1.911067e-07
2026.270.22:50:00/gps-fmout/+2.530000e-07
2026.270.22:50:00/gps-maser/+1.924848e-07
2026.270.22:51:00/gps-fmout/+2.527303e-07
2026.270.22:51:00/gps-maser/+1.933939e-07
2026.270.22:52:00/gps-fmout/+2.537262e-07
2026.270.22:52:00/gps-maser/+1.941685e-07
2026.270.22:53:00/gps-fmout/+2.531794e-07
2026.270.22:53:00/gps-maser/+1.938579e-07
2026.270.22:54:00/gps-fmout/+2.540830e-07
2026.270.22:54:00/gps-maser/+1.930066e-07
2026.270.22:55:00/gps-fmout/+2.539091e-07
2026.270.22:55:00/gps-maser/+1.939668e-07
2026.270.22:56:00/gps-fmout/+2.519219e-07
2026.270.22:56:00/gps-maser/+1.915877e-07
2026.270.22:57:00/gps-fmout/+2.511427e-07
2026.270.22:57:00/gps-maser/+1.903621e-07
2026.270.22:58:00/gps-fmout/+2.522727e-07
2026.270.22:58:00/gps-maser/+1.920000e-07
2026.270.22:59:00/gps-fmout/+2.531818e-07
2026.270.22:59:00/gps-maser/+1.920000e-07
2026.270.23:00:00/gps-fmout/+2.540323e-07
2026.270.23:00:00/gps-maser/+1.920000e-07
2026.270.23:01:00/gps-fmout/+2.520000e-07
2026.270.23:01:00/gps-maser/+1.916196e-07
2026.270.23:02:00/gps-fmout/+2.516321e-07
2026.270.23:02:00/gps-maser/+1.908090e-07
2026.270.23:03:00/gps-fmout/+2.521334e-07
2026.270.23:03:00/gps-maser/+1.919117e-07
2026.270.23:04:00/gps-fmout/+2.556542e-07
2026.270.23:04:00/gps-maser/+1.952228e-07
2026.270.23:05:00/gps-fmout/+2.530258e-07
2026.270.23:05:00/gps-maser/+1.948329e-07
2026.270.23:06:00/gps-fmout/+2.538906e-07
2026.270.23:06:00/gps-maser/+1.929044e-07
2026.270.23:07:00/gps-fmout/+2.515141e-07
2026.270.23:07:00/gps-maser/+1.897928e-07
2026.270.23:08:00/gps-fmout/+2.496724e-07
2026.270.23:08:00/gps-maser/+1.894432e-07
2026.270.23:09:00/gps-fmout/+2.485455e-07
2026.270.23:09:00/gps-maser/+1.906596e-07
2026.270.23:10:00/gps-fmout/+2.503636e-07
2026.270.23:10:00/gps-maser/+1.893016e-07
2026.270.23:11:00/gps-fmout/+2.521402e-07
2026.270.23:11:00/gps-maser/+1.920370e-07
2026.270.23:12:00/gps-fmout/+2.520000e-07
2026.270.23:12:00/gps-maser/+1.932043e-07
2026.270.23:13:00/gps-fmout/+2.545909e-07
2026.270.23:13:00/gps-maser/+1.936061e-07
2026.270.23:14:00/gps-fmout/+2.536818e-07
2026.270.23:14:00/gps-maser/+1.926970e-07
2026.270.23:15:00/gps-fmout/+2.526279e-07
2026.270.23:15:00/gps-maser/+1.917879e-07
2026.270.23:16:00/gps-fmout/+2.509831e-07
2026.270.23:16:00/gps-maser/+1.910652e-07
2026.270.23:17:00/gps-fmout/+2.531571e-07
2026.270.23:17:00/gps-maser/+1.949944e-07
2026.270.23:18:00/gps-fmout/+2.556574e-07
2026.270.23:18:00/gps-maser/+1.944394e-07
2026.270.23:19:00/gps-fmout/+2.560028e-07
2026.270.23:19:00/gps-maser/+1.953485e-07
2026.270.23:20:00/gps-fmout/+2.564072e-07
2026.270.23:20:00/gps-maser/+1.965380e-07
2026.270.23:21:00/gps-fmout/+2.580947e-07
2026.270.23:21:00/gps-maser/+1.990455e-07
2026.270.23:22:00/gps-fmout/+2.581142e-07
2026.270.23:22:00/gps-maser/+1.972633e-07
2026.270.23:23:00/gps-fmout/+2.600000e-07
2026.270.23:23:00/gps-maser/+2.003620e-07
2026.270.23:24:00/gps-fmout/+2.591818e-07
2026.270.23:24:00/gps-maser/+1.991908e-07
2026.270.23:25:00/gps-fmout/+2.573636e-07
2026.270.23:25:00/gps-maser/+1.976266e-07
2026.270.23:26:00/gps-fmout/+2.558920e-07
2026.270.23:26:00/gps-maser/+1.969264e-07
2026.270.23:27:00/gps-fmout/+2.568614e-07
2026.270.23:27:00/gps-maser/+1.968867e-07
2026.270.23:28:00/gps-fmout/+2.548557e-07
2026.270.23:28:00/gps-maser/+1.949999e-07
2026.270.23:29:00/gps-fmout/+2.533043e-07
2026.270.23:29:00/gps-maser/+1.957915e-07
2026.270.23:30:00/gps-fmout/+2.536294e-07
2026.270.23:30:00/gps-maser/+1.938071e-07
2026.270.23:31:00/gps-fmout/+2.529429e-07
2026.270.23:31:00/gps-maser/+1.922576e-07
2026.270.23:32:00/gps-fmout/+2.530579e-07
2026.270.23:32:00/gps-maser/+1.931667e-07
2026.270.23:33:00/gps-fmout/+2.543402e-07
2026.270.23:33:00/gps-maser/+1.941569e-07
2026.270.23:34:00/gps-fmout/+2.578571e-07
2026.270.23:34:00/gps-maser/+1.967846e-07
2026.270.23:35:00/gps-fmout/+2.576066e-07
2026.270.23:35:00/gps-maser/+1.966591e-07
2026.270.23:36:00/gps-fmout/+2.572314e-07
2026.270.23:36:00/gps-maser/+1.962348e-07
2026.270.23:37:00/gps-fmout/+2.575640e-07
2026.270.23:37:00/gps-maser/+1.965703e-07
2026.270.23:38:00/gps-fmout/+2.549176e-07
2026.270.23:38:00/gps-maser/+1.938465e-07
2026.270.23:39:00/gps-fmout/+2.549354e-07
2026.270.23:39:00/gps-maser/+1.929537e-07
2026.270.23:40:00/gps-fmout/+2.537145e-07
2026.270.23:40:00/gps-maser/+1.920333e-07
2026.270.23:41:00/gps-fmout/+2.546852e-07
2026.270.23:41:00/gps-maser/+1.940326e-07
2026.270.23:42:00/gps-fmout/+2.563749e-07
2026.270.23:42:00/gps-maser/+1.963769e-07
2026.270.23:43:00/gps-fmout/+2.570000e-07
2026.270.23:43:00/gps-maser/+1.970424e-07
2026.270.23:44:00/gps-fmout/+2.570000e-07
2026.270.23:44:00/gps-maser/+1.970918e-07
2026.270.23:45:00/gps-fmout/+2.570000e-07
2026.270.23:45:00/gps-maser/+1.981342e-07
2026.270.23:46:00/gps-fmout/+2.586312e-07
2026.270.23:46:00/gps-maser/+1.975988e-07
2026.270.23:47:00/gps-fmout/+2.583182e-07
2026.270.23:47:00/gps-maser/+1.973885e-07
2026.270.23:48:00/gps-fmout/+2.592273e-07
2026.270.23:48:00/gps-maser/+1.991290e-07
2026.270.23:49:00/gps-fmout/+2.599656e-07
2026.270.23:49:00/gps-maser/+1.988566e-07
2026.270.23:50:00/gps-fmout/+2.569568e-07
2026.270.23:50:00/gps-maser/+1.970094e-07
2026.270.23:51:00/gps-fmout/+2.578039e-07
2026.270.23:51:00/gps-maser/+1.979477e-07
2026.270.23:52:00/gps-fmout/+2.601610e-07
2026.270.23:52:00/gps-maser/+1.986300e-07
2026.270.23:53:00/gps-fmout/+2.620699e-07
2026.270.23:53:00/gps-maser/+2.003920e-07
2026.270.23:54:00/gps-fmout/+2.606364e-07
2026.270.23:54:00/gps-maser/+2.009155e-07
2026.270.23:55:00/gps-fmout/+2.588182e-07
2026.270.23:55:00/gps-maser/+1.987457e-07
2026.270.23:56:00/gps-fmout/+2.570000e-07
2026.270.23:56:00/gps-maser/+1.973259e-07
2026.270.23:57:00/gps-fmout/+2.585909e-07
2026.270.23:57:00/gps-maser/+1.972056e-07
2026.270.23:58:00/gps-fmout/+2.576818e-07
2026.270.23:58:00/gps-maser/+1.962224e-07
2026.270.23:59:00/gps-fmout/+2.567727e-07
2026.270.23:59:00/gps-maser/+1.968360e-07
2026.271.00:00:00/gps-fmout/+2.559047e-07
2026.271.00:00:00/gps-maser/+1.959597e-07
2026.271.00:01:00/gps-fmout/+2.559592e-07
2026.271.00:01:00/gps-maser/+1.959761e-07
2026.271.00:02:00/gps-fmout/+2.558189e-07
2026.271.00:02:00/gps-maser/+1.952472e-07
2026.271.00:03:00/gps-fmout/+2.574099e-07
2026.271.00:03:00/gps-maser/+1.968604e-07
2026.271.00:04:00/gps-fmout/+2.581587e-07
2026.271.00:04:00/gps-maser/+1.977424e-07
2026.271.00:05:00/gps-fmout/+2.575901e-07
2026.271.00:05:00/gps-maser/+1.968333e-07
2026.271.00:06:00/gps-fmout/+2.539084e-07
2026.271.00:06:00/gps-maser/+1.957834e-07
2026.271.00:07:00/gps-fmout/+2.540000e-07
2026.271.00:07:00/gps-maser/+1.920891e-07
2026.271.00:08:00/gps-fmout/+2.533404e-07
2026.271.00:08:00/gps-maser/+1.923939e-07
2026.271.00:09:00/gps-fmout/+2.540715e-07
2026.271.00:09:00/gps-maser/+1.933030e-07
2026.271.00:10:00/gps-fmout/+2.538539e-07
2026.271.00:10:00/gps-maser/+1.940690e-07
2026.271.00:11:00/gps-fmout/+2.527790e-07
2026.271.00:11:00/gps-maser/+1.927786e-07
2026.271.00:12:00/gps-fmout/+2.509637e-07
2026.271.00:12:00/gps-maser/+1.910000e-07
2026.271.00:13:00/gps-fmout/+2.504102e-07
2026.271.00:13:00/gps-maser/+1.910000e-07
2026.271.00:14:00/gps-fmout/+2.508637e-07
2026.271.00:14:00/gps-maser/+1.908813e-07
2026.271.00:15:00/gps-fmout/+2.535608e-07
2026.271.00:15:00/gps-maser/+1.915598e-07
2026.271.00:16:00/gps-fmout/+2.554812e-07
2026.271.00:16:00/gps-maser/+1.945000e-07
2026.271.00:17:00/gps-fmout/+2.581578e-07
2026.271.00:17:00/gps-maser/+1.971151e-07
2026.271.00:18:00/gps-fmout/+2.580000e-07
2026.271.00:18:00/gps-maser/+1.953458e-07
2026.271.00:19:00/gps-fmout/+2.573926e-07
2026.271.00:19:00/gps-maser/+1.956113e-07
2026.271.00:20:00/gps-fmout/+2.576818e-07
2026.271.00:20:00/gps-maser/+1.971498e-07
2026.271.00:21:00/gps-fmout/+2.567727e-07
2026.271.00:21:00/gps-maser/+1.967024e-07
2026.271.00:22:00/gps-fmout/+2.561172e-07
2026.271.00:22:00/gps-maser/+1.951491e-07
2026.271.00:23:00/gps-fmout/+2.599444e-07
2026.271.00:23:00/gps-maser/+1.990290e-07
2026.271.00:24:00/gps-fmout/+2.585665e-07
2026.271.00:24:00/gps-maser/+1.982999e-07
2026.271.00:25:00/gps-fmout/+2.563361e-07
2026.271.00:25:00/gps-maser/+1.956649e-07
2026.271.00:26:00/gps-fmout/+2.529008e-07
2026.271.00:26:00/gps-maser/+1.925787e-07
2026.271.00:27:00/gps-fmout/+2.528655e-07
2026.271.00:27:00/gps-maser/+1.915810e-07
2026.271.00:28:00/gps-fmout/+2.518182e-07
2026.271.00:28:00/gps-maser/+1.889299e-07
2026.271.00:29:00/gps-fmout/+2.500000e-07
2026.271.00:29:00/gps-maser/+1.882140e-07
2026.271.00:30:00/gps-fmout/+2.475080e-07
2026.271.00:30:00/gps-maser/+1.854291e-07
2026.271.00:31:00/gps-fmout/+2.449468e-07
2026.271.00:31:00/gps-maser/+1.827787e-07
2026.271.00:32:00/gps-fmout/+2.453280e-07
2026.271.00:32:00/gps-maser/+1.826461e-07
2026.271.00:33:00/gps-fmout/+2.420497e-07
2026.271.00:33:00/gps-maser/+1.809760e-07
2026.271.00:34:00/gps-fmout/+2.439406e-07
2026.271.00:34:00/gps-maser/+1.819698e-07
2026.271.00:35:00/gps-fmout/+2.429835e-07
2026.271.00:35:00/gps-maser/+1.807537e-07
2026.271.00:36:00/gps-fmout/+2.426865e-07
2026.271.00:36:00/gps-maser/+1.819870e-07
2026.271.00:37:00/gps-fmout/+2.425400e-07
2026.271.00:37:00/gps-maser/+1.838516e-07
2026.271.00:38:00/gps-fmout/+2.446730e-07
2026.271.00:38:00/gps-maser/+1.829846e-07
2026.271.00:39:00/gps-fmout/+2.418106e-07
2026.271.00:39:00/gps-maser/+1.829002e-07
2026.271.00:40:00/gps-fmout/+2.410000e-07
2026.271.00:40:00/gps-maser/+1.813223e-07
2026.271.00:41:00/gps-fmout/+2.451034e-07
2026.271.00:41:00/gps-maser/+1.824431e-07
2026.271.00:42:00/gps-fmout/+2.460868e-07
2026.271.00:42:00/gps-maser/+1.846970e-07
2026.271.00:43:00/gps-fmout/+2.458370e-07
2026.271.00:43:00/gps-maser/+1.837879e-07
2026.271.00:44:00/gps-fmout/+2.450594e-07
2026.271.00:44:00/gps-maser/+1.830132e-07
2026.271.00:45:00/gps-fmout/+2.469212e-07
2026.271.00:45:00/gps-maser/+1.849394e-07
2026.271.00:46:00/gps-fmout/+2.443748e-07
2026.271.00:46:00/gps-maser/+1.830130e-07
2026.271.00:47:00/gps-fmout/+2.440000e-07
2026.271.00:47:00/gps-maser/+1.818521e-07
2026.271.00:48:00/gps-fmout/+2.440000e-07
2026.271.00:48:00/gps-maser/+1.820000e-07
2026.271.00:49:00/gps-fmout/+2.436514e-07
2026.271.00:49:00/gps-maser/+1.819433e-07
2026.271.00:50:00/gps-fmout/+2.400444e-07
2026.271.00:50:00/gps-maser/+1.809533e-07
2026.271.00:51:00/gps-fmout/+2.420000e-07
2026.271.00:51:00/gps-maser/+1.825090e-07
2026.271.00:52:00/gps-fmout/+2.424223e-07
2026.271.00:52:00/gps-maser/+1.837037e-07
2026.271.00:53:00/gps-fmout/+2.425766e-07
2026.271.00:53:00/gps-maser/+1.829630e-07
2026.271.00:54:00/gps-fmout/+2.409074e-07
2026.271.00:54:00/gps-maser/+1.824966e-07
2026.271.00:55:00/gps-fmout/+2.408643e-07
2026.271.00:55:00/gps-maser/+1.790003e-07
2026.271.00:56:00/gps-fmout/+2.390563e-07
2026.271.00:56:00/gps-maser/+1.809627e-07
2026.271.00:57:00/gps-fmout/+2.411270e-07
2026.271.00:57:00/gps-maser/+1.800000e-07
2026.271.00:58:00/gps-fmout/+2.397728e-07
2026.271.00:58:00/gps-maser/+1.799604e-07
2026.271.00:59:00/gps-fmout/+2.405455e-07
2026.271.00:59:00/gps-maser/+1.801866e-07
2026.271.01:00:00/gps-fmout/+2.423636e-07
2026.271.01:00:00/gps-maser/+1.811667e-07
2026.271.01:01:00/gps-fmout/+2.441685e-07
2026.271.01:01:00/gps-maser/+1.821491e-07
2026.271.01:02:00/gps-fmout/+2.450000e-07
2026.271.01:02:00/gps-maser/+1.854617e-07
2026.271.01:03:00/gps-fmout/+2.441983e-07
2026.271.01:03:00/gps-maser/+1.856061e-07
2026.271.01:04:00/gps-fmout/+2.432117e-07
2026.271.01:04:00/gps-maser/+1.846970e-07
2026.271.01:05:00/gps-fmout/+2.440809e-07
2026.271.01:05:00/gps-maser/+1.837702e-07
2026.271.01:06:00/gps-fmout/+2.438468e-07
2026.271.01:06:00/gps-maser/+1.829532e-07
2026.271.01:07:00/gps-fmout/+2.419674e-07
2026.271.01:07:00/gps-maser/+1.830009e-07
2026.271.01:08:00/gps-fmout/+2.410684e-07
2026.271.01:08:00/gps-maser/+1.826297e-07
2026.271.01:09:00/gps-fmout/+2.396364e-07
2026.271.01:09:00/gps-maser/+1.816515e-07
2026.271.01:10:00/gps-fmout/+2.387273e-07
2026.271.01:10:00/gps-maser/+1.804455e-07
2026.271.01:11:00/gps-fmout/+2.378182e-07
2026.271.01:11:00/gps-maser/+1.777654e-07
2026.271.01:12:00/gps-fmout/+2.370297e-07
2026.271.01:12:00/gps-maser/+1.768666e-07
2026.271.01:13:00/gps-fmout/+2.375187e-07
2026.271.01:13:00/gps-maser/+1.764129e-07
2026.271.01:14:00/gps-fmout/+2.369923e-07
2026.271.01:14:00/gps-maser/+1.770000e-07
2026.271.01:15:00/gps-fmout/+2.365027e-07
2026.271.01:15:00/gps-maser/+1.770000e-07
2026.271.01:16:00/gps-fmout/+2.350157e-07
2026.271.01:16:00/gps-maser/+1.768087e-07
2026.271.01:17:00/gps-fmout/+2.359141e-07
2026.271.01:17:00/gps-maser/+1.749448e-07
2026.271.01:18:00/gps-fmout/+2.340760e-07
2026.271.01:18:00/gps-maser/+1.759552e-07
2026.271.01:19:00/gps-fmout/+2.360479e-07
2026.271.01:19:00/gps-maser/+1.744016e-07
2026.271.01:20:00/gps-fmout/+2.353636e-07
2026.271.01:20:00/gps-maser/+1.750027e-07
2026.271.01:21:00/gps-fmout/+2.362727e-07
2026.271.01:21:00/gps-maser/+1.753613e-07
2026.271.01:22:00/gps-fmout/+2.371818e-07
2026.271.01:22:00/gps-maser/+1.770069e-07
2026.271.01:23:00/gps-fmout/+2.380500e-07
2026.271.01:23:00/gps-maser/+1.760822e-07
2026.271.01:24:00/gps-fmout/+2.370000e-07
2026.271.01:24:00/gps-maser/+1.765281e-07
2026.271.01:25:00/gps-fmout/+2.381159e-07
2026.271.01:25:00/gps-maser/+1.770392e-07
2026.271.01:26:00/gps-fmout/+2.379545e-07
2026.271.01:26:00/gps-maser/+1.787866e-07
2026.271.01:27:00/gps-fmout/+2.406818e-07
2026.271.01:27:00/gps-maser/+1.785665e-07
2026.271.01:28:00/gps-fmout/+2.432384e-07
2026.271.01:28:00/gps-maser/+1.812424e-07
2026.271.01:29:00/gps-fmout/+2.421068e-07
2026.271.01:29:00/gps-maser/+1.830606e-07
2026.271.01:30:00/gps-fmout/+2.432757e-07
2026.271.01:30:00/gps-maser/+1.840398e-07
2026.271.01:31:00/gps-fmout/+2.413251e-07
2026.271.01:31:00/gps-maser/+1.819770e-07
2026.271.01:32:00/gps-fmout/+2.418039e-07
2026.271.01:32:00/gps-maser/+1.805648e-07
2026.271.01:33:00/gps-fmout/+2.414061e-07
2026.271.01:33:00/gps-maser/+1.840000e-07
2026.271.01:34:00/gps-fmout/+2.448674e-07
2026.271.01:34:00/gps-maser/+1.840049e-07
2026.271.01:35:00/gps-fmout/+2.434405e-07
2026.271.01:35:00/gps-maser/+1.835795e-07
2026.271.01:36:00/gps-fmout/+2.429443e-07
2026.271.01:36:00/gps-maser/+1.826061e-07
2026.271.01:37:00/gps-fmout/+2.425083e-07
2026.271.01:37:00/gps-maser/+1.814878e-07
2026.271.01:38:00/gps-fmout/+2.411991e-07
2026.271.01:38:00/gps-maser/+1.802650e-07
2026.271.01:39:00/gps-fmout/+2.428445e-07
2026.271.01:39:00/gps-maser/+1.827576e-07
2026.271.01:40:00/gps-fmout/+2.409703e-07
2026.271.01:40:00/gps-maser/+1.809394e-07
2026.271.01:41:00/gps-fmout/+2.396890e-07
2026.271.01:41:00/gps-maser/+1.783021e-07
2026.271.01:42:00/gps-fmout/+2.391600e-07
2026.271.01:42:00/gps-maser/+1.768862e-07
2026.271.01:43:00/gps-fmout/+2.415387e-07
2026.271.01:43:00/gps-maser/+1.795961e-07
2026.271.01:44:00/gps-fmout/+2.400000e-07
2026.271.01:44:00/gps-maser/+1.778843e-07
2026.271.01:45:00/gps-fmout/+2.400000e-07
2026.271.01:45:00/gps-maser/+1.781862e-07
2026.271.01:46:00/gps-fmout/+2.400000e-07
2026.271.01:46:00/gps-maser/+1.791040e-07
2026.271.01:47:00/gps-fmout/+2.385927e-07
2026.271.01:47:00/gps-maser/+1.776143e-07
2026.271.01:48:00/gps-fmout/+2.374031e-07
2026.271.01:48:00/gps-maser/+1.759492e-07
2026.271.01:49:00/gps-fmout/+2.357129e-07
2026.271.01:49:00/gps-maser/+1.728400e-07
2026.271.01:50:00/gps-fmout/+2.347872e-07
2026.271.01:50:00/gps-maser/+1.731068e-07
2026.271.01:51:00/gps-fmout/+2.329967e-07
2026.271.01:51:00/gps-maser/+1.740185e-07
2026.271.01:52:00/gps-fmout/+2.339790e-07
2026.271.01:52:00/gps-maser/+1.731690e-07
2026.271.01:53:00/gps-fmout/+2.343987e-07
2026.271.01:53:00/gps-maser/+1.724776e-07
2026.271.01:54:00/gps-fmout/+2.350000e-07
2026.271.01:54:00/gps-maser/+1.737772e-07
2026.271.01:55:00/gps-fmout/+2.350000e-07
2026.271.01:55:00/gps-maser/+1.733333e-07
2026.271.01:56:00/gps-fmout/+2.352434e-07
2026.271.01:56:00/gps-maser/+1.751515e-07
2026.271.01:57:00/gps-fmout/+2.375292e-07
2026.271.01:57:00/gps-maser/+1.760959e-07
2026.271.01:58:00/gps-fmout/+2.379121e-07
2026.271.01:58:00/gps-maser/+1.767384e-07
2026.271.01:59:00/gps-fmout/+2.387237e-07
2026.271.01:59:00/gps-maser/+1.784406e-07
2026.271.02:00:00/gps-fmout/+2.380000e-07
2026.271.02:00:00/gps-maser/+1.789284e-07
2026.271.02:01:00/gps-fmout/+2.380000e-07
2026.271.02:01:00/gps-maser/+1.778084e-07
2026.271.02:02:00/gps-fmout/+2.380183e-07
2026.271.02:02:00/gps-maser/+1.760053e-07
2026.271.02:03:00/gps-fmout/+2.395278e-07
2026.271.02:03:00/gps-maser/+1.784336e-07
2026.271.02:04:00/gps-fmout/+2.399842e-07
2026.271.02:04:00/gps-maser/+1.797169e-07
2026.271.02:05:00/gps-fmout/+2.406250e-07
2026.271.02:05:00/gps-maser/+1.811091e-07
2026.271.02:06:00/gps-fmout/+2.434548e-07
2026.271.02:06:00/gps-maser/+1.811397e-07
2026.271.02:07:00/gps-fmout/+2.450414e-07
2026.271.02:07:00/gps-maser/+1.820224e-07
2026.271.02:08:00/gps-fmout/+2.430000e-07
2026.271.02:08:00/gps-maser/+1.823963e-07
2026.271.02:09:00/gps-fmout/+2.435854e-07
2026.271.02:09:00/gps-maser/+1.837662e-07
2026.271.02:10:00/gps-fmout/+2.432902e-07
2026.271.02:10:00/gps-maser/+1.847075e-07
2026.271.02:11:00/gps-fmout/+2.440386e-07
2026.271.02:11:00/gps-maser/+1.831159e-07
2026.271.02:12:00/gps-fmout/+2.441319e-07
2026.271.02:12:00/gps-maser/+1.839853e-07
2026.271.02:13:00/gps-fmout/+2.448182e-07
2026.271.02:13:00/gps-maser/+1.829254e-07
2026.271.02:14:00/gps-fmout/+2.411818e-07
2026.271.02:14:00/gps-maser/+1.810000e-07
2026.271.02:15:00/gps-fmout/+2.391256e-07
2026.271.02:15:00/gps-maser/+1.810000e-07
2026.271.02:16:00/gps-fmout/+2.426316e-07
2026.271.02:16:00/gps-maser/+1.811255e-07
2026.271.02:17:00/gps-fmout/+2.441325e-07
2026.271.02:17:00/gps-maser/+1.820810e-07
2026.271.02:18:00/gps-fmout/+2.439467e-07
2026.271.02:18:00/gps-maser/+1.821462e-07
2026.271.02:19:00/gps-fmout/+2.430000e-07
2026.271.02:19:00/gps-maser/+1.826567e-07
2026.271.02:20:00/gps-fmout/+2.441934e-07
2026.271.02:20:00/gps-maser/+1.813614e-07
2026.271.02:21:00/gps-fmout/+2.433341e-07
2026.271.02:21:00/gps-maser/+1.814227e-07
2026.271.02:22:00/gps-fmout/+2.422273e-07
2026.271.02:22:00/gps-maser/+1.803209e-07
2026.271.02:23:00/gps-fmout/+2.431364e-07
2026.271.02:23:00/gps-maser/+1.821356e-07
2026.271.02:24:00/gps-fmout/+2.440199e-07
2026.271.02:24:00/gps-maser/+1.830445e-07
2026.271.02:25:00/gps-fmout/+2.423933e-07
2026.271.02:25:00/gps-maser/+1.840840e-07
2026.271.02:26:00/gps-fmout/+2.425853e-07
2026.271.02:26:00/gps-maser/+1.843141e-07
2026.271.02:27:00/gps-fmout/+2.438030e-07
2026.271.02:27:00/gps-maser/+1.849800e-07
2026.271.02:28:00/gps-fmout/+2.429621e-07
2026.271.02:28:00/gps-maser/+1.835455e-07
2026.271.02:29:00/gps-fmout/+2.428795e-07
2026.271.02:29:00/gps-maser/+1.801441e-07
2026.271.02:30:00/gps-fmout/+2.429583e-07
2026.271.02:30:00/gps-maser/+1.829491e-07
2026.271.02:31:00/gps-fmout/+2.444091e-07
2026.271.02:31:00/gps-maser/+1.833939e-07
2026.271.02:32:00/gps-fmout/+2.453182e-07
2026.271.02:32:00/gps-maser/+1.843030e-07
2026.271.02:33:00/gps-fmout/+2.457929e-07
2026.271.02:33:00/gps-maser/+1.848857e-07
2026.271.02:34:00/gps-fmout/+2.442727e-07
2026.271.02:34:00/gps-maser/+1.830779e-07
2026.271.02:35:00/gps-fmout/+2.460909e-07
2026.271.02:35:00/gps-maser/+1.851035e-07
2026.271.02:36:00/gps-fmout/+2.479091e-07
2026.271.02:36:00/gps-maser/+1.874394e-07
2026.271.02:37:00/gps-fmout/+2.492104e-07
2026.271.02:37:00/gps-maser/+1.883485e-07
2026.271.02:38:00/gps-fmout/+2.494553e-07
2026.271.02:38:00/gps-maser/+1.892576e-07
2026.271.02:39:00/gps-fmout/+2.510856e-07
2026.271.02:39:00/gps-maser/+1.902407e-07
2026.271.02:40:00/gps-fmout/+2.511480e-07
2026.271.02:40:00/gps-maser/+1.919279e-07
2026.271.02:41:00/gps-fmout/+2.526875e-07
2026.271.02:41:00/gps-maser/+1.905140e-07
2026.271.02:42:00/gps-fmout/+2.526942e-07
2026.271.02:42:00/gps-maser/+1.910000e-07
2026.271.02:43:00/gps-fmout/+2.519630e-07
2026.271.02:43:00/gps-maser/+1.910640e-07
2026.271.02:44:00/gps-fmout/+2.515038e-07
2026.271.02:44:00/gps-maser/+1.907074e-07
2026.271.02:45:00/gps-fmout/+2.490000e-07
2026.271.02:45:00/gps-maser/+1.887576e-07
2026.271.02:46:00/gps-fmout/+2.490000e-07
2026.271.02:46:00/gps-maser/+1.869448e-07
2026.271.02:47:00/gps-fmout/+2.492630e-07
2026.271.02:47:00/gps-maser/+1.878273e-07
2026.271.02:48:00/gps-fmout/+2.506957e-07
2026.271.02:48:00/gps-maser/+1.890588e-07
2026.271.02:49:00/gps-fmout/+2.523268e-07
2026.271.02:49:00/gps-maser/+1.896337e-07
2026.271.02:50:00/gps-fmout/+2.533095e-07
2026.271.02:50:00/gps-maser/+1.922338e-07
2026.271.02:51:00/gps-fmout/+2.550541e-07
2026.271.02:51:00/gps-maser/+1.930279e-07
2026.271.02:52:00/gps-fmout/+2.555625e-07
2026.271.02:52:00/gps-maser/+1.944962e-07
2026.271.02:53:00/gps-fmout/+2.556678e-07
2026.271.02:53:00/gps-maser/+1.953672e-07
2026.271.02:54:00/gps-fmout/+2.549162e-07
2026.271.02:54:00/gps-maser/+1.938519e-07
2026.271.02:55:00/gps-fmout/+2.551550e-07
2026.271.02:55:00/gps-maser/+1.943280e-07
2026.271.02:56:00/gps-fmout/+2.562080e-07
2026.271.02:56:00/gps-maser/+1.960879e-07
2026.271.02:57:00/gps-fmout/+2.579527e-07
2026.271.02:57:00/gps-maser/+1.960225e-07
2026.271.02:58:00/gps-fmout/+2.540909e-07
2026.271.02:58:00/gps-maser/+1.950726e-07
2026.271.02:59:00/gps-fmout/+2.522727e-07
2026.271.02:59:00/gps-maser/+1.919675e-07
2026.271.03:00:00/gps-fmout/+2.509373e-07
2026.271.03:00:00/gps-maser/+1.915462e-07
2026.271.03:01:00/gps-fmout/+2.518056e-07
2026.271.03:01:00/gps-maser/+1.895634e-07
2026.271.03:02:00/gps-fmout/+2.497022e-07
2026.271.03:02:00/gps-maser/+1.869547e-07
2026.271.03:03:00/gps-fmout/+2.460000e-07
2026.271.03:03:00/gps-maser/+1.864234e-07
2026.271.03:04:00/gps-fmout/+2.455909e-07
2026.271.03:04:00/gps-maser/+1.850000e-07
2026.271.03:05:00/gps-fmout/+2.446818e-07
2026.271.03:05:00/gps-maser/+1.850000e-07
2026.271.03:06:00/gps-fmout/+2.439159e-07
2026.271.03:06:00/gps-maser/+1.846098e-07
2026.271.03:07:00/gps-fmout/+2.452727e-07
2026.271.03:07:00/gps-maser/+1.822428e-07
2026.271.03:08:00/gps-fmout/+2.470909e-07
2026.271.03:08:00/gps-maser/+1.860759e-07
2026.271.03:09:00/gps-fmout/+2.478159e-07
2026.271.03:09:00/gps-maser/+1.870000e-07
2026.271.03:10:00/gps-fmout/+2.473580e-07
2026.271.03:10:00/gps-maser/+1.870000e-07
2026.271.03:11:00/gps-fmout/+2.477693e-07
2026.271.03:11:00/gps-maser/+1.870000e-07
2026.271.03:12:00/gps-fmout/+2.470000e-07
2026.271.03:12:00/gps-maser/+1.869568e-07
2026.271.03:13:00/gps-fmout/+2.470000e-07
2026.271.03:13:00/gps-maser/+1.858190e-07
2026.271.03:14:00/gps-fmout/+2.470000e-07
2026.271.03:14:00/gps-maser/+1.857840e-07
2026.271.03:15:00/gps-fmout/+2.473869e-07
2026.271.03:15:00/gps-maser/+1.868266e-07
2026.271.03:16:00/gps-fmout/+2.464457e-07
2026.271.03:16:00/gps-maser/+1.852806e-07
2026.271.03:17:00/gps-fmout/+2.476255e-07
2026.271.03:17:00/gps-maser/+1.860308e-07
2026.271.03:18:00/gps-fmout/+2.451206e-07
2026.271.03:18:00/gps-maser/+1.859494e-07
2026.271.03:19:00/gps-fmout/+2.479102e-07
2026.271.03:19:00/gps-maser/+1.850286e-07
2026.271.03:20:00/gps-fmout/+2.460225e-07
2026.271.03:20:00/gps-maser/+1.877503e-07
2026.271.03:21:00/gps-fmout/+2.456378e-07
2026.271.03:21:00/gps-maser/+1.862935e-07
2026.271.03:22:00/gps-fmout/+2.448678e-07
2026.271.03:22:00/gps-maser/+1.851922e-07
2026.271.03:23:00/gps-fmout/+2.452194e-07
2026.271.03:23:00/gps-maser/+1.867840e-07
2026.271.03:24:00/gps-fmout/+2.471102e-07
2026.271.03:24:00/gps-maser/+1.849821e-07
2026.271.03:25:00/gps-fmout/+2.470000e-07
2026.271.03:25:00/gps-maser/+1.845015e-07
2026.271.03:26:00/gps-fmout/+2.445705e-07
2026.271.03:26:00/gps-maser/+1.845832e-07
2026.271.03:27:00/gps-fmout/+2.461378e-07
2026.271.03:27:00/gps-maser/+1.858533e-07
2026.271.03:28:00/gps-fmout/+2.486814e-07
2026.271.03:28:00/gps-maser/+1.854844e-07
2026.271.03:29:00/gps-fmout/+2.460418e-07
2026.271.03:29:00/gps-maser/+1.877576e-07
2026.271.03:30:00/gps-fmout/+2.469506e-07
2026.271.03:30:00/gps-maser/+1.859394e-07
2026.271.03:31:00/gps-fmout/+2.464050e-07
2026.271.03:31:00/gps-maser/+1.859524e-07
2026.271.03:32:00/gps-fmout/+2.466826e-07
2026.271.03:32:00/gps-maser/+1.880000e-07
2026.271.03:33:00/gps-fmout/+2.464075e-07
2026.271.03:33:00/gps-maser/+1.880000e-07
2026.271.03:34:00/gps-fmout/+2.478932e-07
2026.271.03:34:00/gps-maser/+1.878585e-07
2026.271.03:35:00/gps-fmout/+2.469662e-07
2026.271.03:35:00/gps-maser/+1.861018e-07
2026.271.03:36:00/gps-fmout/+2.470000e-07
2026.271.03:36:00/gps-maser/+1.875278e-07
2026.271.03:37:00/gps-fmout/+2.476255e-07
2026.271.03:37:00/gps-maser/+1.877831e-07
2026.271.03:38:00/gps-fmout/+2.475945e-07
2026.271.03:38:00/gps-maser/+1.885347e-07
2026.271.03:39:00/gps-fmout/+2.492273e-07
2026.271.03:39:00/gps-maser/+1.871213e-07
2026.271.03:40:00/gps-fmout/+2.501364e-07
2026.271.03:40:00/gps-maser/+1.881955e-07
2026.271.03:41:00/gps-fmout/+2.509474e-07
2026.271.03:41:00/gps-maser/+1.900002e-07
2026.271.03:42:00/gps-fmout/+2.467916e-07
2026.271.03:42:00/gps-maser/+1.880000e-07
2026.271.03:43:00/gps-fmout/+2.473753e-07
2026.271.03:43:00/gps-maser/+1.880000e-07
2026.271.03:44:00/gps-fmout/+2.480691e-07
2026.271.03:44:00/gps-maser/+1.876703e-07
2026.271.03:45:00/gps-fmout/+2.482352e-07
2026.271.03:45:00/gps-maser/+1.862106e-07
2026.271.03:46:00/gps-fmout/+2.499887e-07
2026.271.03:46:00/gps-maser/+1.890346e-07
2026.271.03:47:00/gps-fmout/+2.490000e-07
2026.271.03:47:00/gps-maser/+1.885877e-07
2026.271.03:48:00/gps-fmout/+2.478901e-07
2026.271.03:48:00/gps-maser/+1.872145e-07
2026.271.03:49:00/gps-fmout/+2.477344e-07
2026.271.03:49:00/gps-maser/+1.858101e-07
2026.271.03:50:00/gps-fmout/+2.473625e-07
2026.271.03:50:00/gps-maser/+1.861643e-07
2026.271.03:51:00/gps-fmout/+2.498700e-07
2026.271.03:51:00/gps-maser/+1.871740e-07
2026.271.03:52:00/gps-fmout/+2.479894e-07
2026.271.03:52:00/gps-maser/+1.889923e-07
2026.271.03:53:00/gps-fmout/+2.473877e-07
2026.271.03:53:00/gps-maser/+1.858152e-07
2026.271.03:54:00/gps-fmout/+2.473636e-07
2026.271.03:54:00/gps-maser/+1.863115e-07
2026.271.03:55:00/gps-fmout/+2.482727e-07
2026.271.03:55:00/gps-maser/+1.874672e-07
2026.271.03:56:00/gps-fmout/+2.490526e-07
2026.271.03:56:00/gps-maser/+1.889383e-07
2026.271.03:57:00/gps-fmout/+2.479559e-07
2026.271.03:57:00/gps-maser/+1.869879e-07
2026.271.03:58:00/gps-fmout/+2.480000e-07
2026.271.03:58:00/gps-maser/+1.865152e-07
2026.271.03:59:00/gps-fmout/+2.459023e-07
2026.271.03:59:00/gps-maser/+1.856061e-07
2026.271.04:00:00/gps-fmout/+2.444748e-07
2026.271.04:00:00/gps-maser/+1.843085e-07
2026.271.04:01:00/gps-fmout/+2.410000e-07
2026.271.04:01:00/gps-maser/+1.817896e-07
2026.271.04:02:00/gps-fmout/+2.410000e-07
2026.271.04:02:00/gps-maser/+1.818153e-07
2026.271.04:03:00/gps-fmout/+2.409730e-07
2026.271.04:03:00/gps-maser/+1.790181e-07
2026.271.04:04:00/gps-fmout/+2.404545e-07
2026.271.04:04:00/gps-maser/+1.811056e-07
2026.271.04:05:00/gps-fmout/+2.413636e-07
2026.271.04:05:00/gps-maser/+1.800000e-07
2026.271.04:06:00/gps-fmout/+2.415695e-07
2026.271.04:06:00/gps-maser/+1.800000e-07
2026.271.04:07:00/gps-fmout/+2.393959e-07
2026.271.04:07:00/gps-maser/+1.800586e-07
2026.271.04:08:00/gps-fmout/+2.430169e-07
2026.271.04:08:00/gps-maser/+1.810299e-07
2026.271.04:09:00/gps-fmout/+2.435000e-07
2026.271.04:09:00/gps-maser/+1.819596e-07
2026.271.04:10:00/gps-fmout/+2.444091e-07
2026.271.04:10:00/gps-maser/+1.830024e-07
2026.271.04:11:00/gps-fmout/+2.446831e-07
2026.271.04:11:00/gps-maser/+1.833030e-07
2026.271.04:12:00/gps-fmout/+2.431243e-07
2026.271.04:12:00/gps-maser/+1.842121e-07
2026.271.04:13:00/gps-fmout/+2.439065e-07
2026.271.04:13:00/gps-maser/+1.850549e-07
2026.271.04:14:00/gps-fmout/+2.429800e-07
2026.271.04:14:00/gps-maser/+1.840065e-07
2026.271.04:15:00/gps-fmout/+2.438246e-07
2026.271.04:15:00/gps-maser/+1.837268e-07
2026.271.04:16:00/gps-fmout/+2.441808e-07
2026.271.04:16:00/gps-maser/+1.826175e-07
2026.271.04:17:00/gps-fmout/+2.425958e-07
2026.271.04:17:00/gps-maser/+1.840802e-07
2026.271.04:18:00/gps-fmout/+2.449202e-07
2026.271.04:18:00/gps-maser/+1.838777e-07
2026.271.04:19:00/gps-fmout/+2.440041e-07
2026.271.04:19:00/gps-maser/+1.828602e-07
2026.271.04:20:00/gps-fmout/+2.450000e-07
2026.271.04:20:00/gps-maser/+1.824848e-07
2026.271.04:21:00/gps-fmout/+2.435125e-07
2026.271.04:21:00/gps-maser/+1.833939e-07
2026.271.04:22:00/gps-fmout/+2.460000e-07
2026.271.04:22:00/gps-maser/+1.841152e-07
2026.271.04:23:00/gps-fmout/+2.460000e-07
2026.271.04:23:00/gps-maser/+1.843663e-07
2026.271.04:24:00/gps-fmout/+2.460000e-07
2026.271.04:24:00/gps-maser/+1.870398e-07
2026.271.04:25:00/gps-fmout/+2.459792e-07
2026.271.04:25:00/gps-maser/+1.850288e-07
2026.271.04:26:00/gps-fmout/+2.449420e-07
2026.271.04:26:00/gps-maser/+1.852863e-07
2026.271.04:27:00/gps-fmout/+2.446814e-07
2026.271.04:27:00/gps-maser/+1.839708e-07
2026.271.04:28:00/gps-fmout/+2.446530e-07
2026.271.04:28:00/gps-maser/+1.860163e-07
2026.271.04:29:00/gps-fmout/+2.478798e-07
2026.271.04:29:00/gps-maser/+1.861493e-07
2026.271.04:30:00/gps-fmout/+2.461364e-07
2026.271.04:30:00/gps-maser/+1.870370e-07
2026.271.04:31:00/gps-fmout/+2.472143e-07
2026.271.04:31:00/gps-maser/+1.865152e-07
2026.271.04:32:00/gps-fmout/+2.458669e-07
2026.271.04:32:00/gps-maser/+1.856061e-07
2026.271.04:33:00/gps-fmout/+2.443863e-07
2026.271.04:33:00/gps-maser/+1.848741e-07
2026.271.04:34:00/gps-fmout/+2.456532e-07
2026.271.04:34:00/gps-maser/+1.848579e-07
2026.271.04:35:00/gps-fmout/+2.440834e-07
2026.271.04:35:00/gps-maser/+1.840195e-07
2026.271.04:36:00/gps-fmout/+2.450207e-07
2026.271.04:36:00/gps-maser/+1.849394e-07
2026.271.04:37:00/gps-fmout/+2.435518e-07
2026.271.04:37:00/gps-maser/+1.831212e-07
2026.271.04:38:00/gps-fmout/+2.426273e-07
2026.271.04:38:00/gps-maser/+1.816514e-07
2026.271.04:39:00/gps-fmout/+2.442727e-07
2026.271.04:39:00/gps-maser/+1.821610e-07
2026.271.04:40:00/gps-fmout/+2.451818e-07
2026.271.04:40:00/gps-maser/+1.833333e-07
2026.271.04:41:00/gps-fmout/+2.460909e-07
2026.271.04:41:00/gps-maser/+1.851515e-07
2026.271.04:42:00/gps-fmout/+2.470000e-07
2026.271.04:42:00/gps-maser/+1.869697e-07
2026.271.04:43:00/gps-fmout/+2.479778e-07
2026.271.04:43:00/gps-maser/+1.883364e-07
2026.271.04:44:00/gps-fmout/+2.468609e-07
2026.271.04:44:00/gps-maser/+1.877450e-07
2026.271.04:45:00/gps-fmout/+2.492632e-07
2026.271.04:45:00/gps-maser/+1.869699e-07
2026.271.04:46:00/gps-fmout/+2.503352e-07
2026.271.04:46:00/gps-maser/+1.883600e-07
2026.271.04:47:00/gps-fmout/+2.530000e-07
2026.271.04:47:00/gps-maser/+1.930282e-07
2026.271.04:48:00/gps-fmout/+2.530000e-07
2026.271.04:48:00/gps-maser/+1.929728e-07
2026.271.04:49:00/gps-fmout/+2.524470e-07
2026.271.04:49:00/gps-maser/+1.937007e-07
2026.271.04:50:00/gps-fmout/+2.515735e-07
2026.271.04:50:00/gps-maser/+1.930029e-07
2026.271.04:51:00/gps-fmout/+2.536364e-07
2026.271.04:51:00/gps-maser/+1.926637e-07
2026.271.04:52:00/gps-fmout/+2.518182e-07
2026.271.04:52:00/gps-maser/+1.898043e-07
2026.271.04:53:00/gps-fmout/+2.500000e-07
2026.271.04:53:00/gps-maser/+1.898203e-07
2026.271.04:54:00/gps-fmout/+2.484176e-07
2026.271.04:54:00/gps-maser/+1.909952e-07
2026.271.04:55:00/gps-fmout/+2.499545e-07
2026.271.04:55:00/gps-maser/+1.912412e-07
2026.271.04:56:00/gps-fmout/+2.526818e-07
2026.271.04:56:00/gps-maser/+1.923662e-07
2026.271.04:57:00/gps-fmout/+2.551905e-07
2026.271.04:57:00/gps-maser/+1.940187e-07
2026.271.04:58:00/gps-fmout/+2.518909e-07
2026.271.04:58:00/gps-maser/+1.919042e-07
2026.271.04:59:00/gps-fmout/+2.513644e-07
2026.271.04:59:00/gps-maser/+1.902746e-07
2026.271.05:00:00/gps-fmout/+2.520000e-07
2026.271.05:00:00/gps-maser/+1.906481e-07
2026.271.05:01:00/gps-fmout/+2.520000e-07
2026.271.05:01:00/gps-maser/+1.899404e-07
2026.271.05:02:00/gps-fmout/+2.520655e-07
2026.271.05:02:00/gps-maser/+1.900625e-07
2026.271.05:03:00/gps-fmout/+2.530541e-07
2026.271.05:03:00/gps-maser/+1.911978e-07
2026.271.05:04:00/gps-fmout/+2.530000e-07
2026.271.05:04:00/gps-maser/+1.938209e-07
2026.271.05:05:00/gps-fmout/+2.551934e-07
2026.271.05:05:00/gps-maser/+1.936157e-07
2026.271.05:06:00/gps-fmout/+2.547459e-07
2026.271.05:06:00/gps-maser/+1.929723e-07
2026.271.05:07:00/gps-fmout/+2.536033e-07
2026.271.05:07:00/gps-maser/+1.928934e-07
2026.271.05:08:00/gps-fmout/+2.518034e-07
2026.271.05:08:00/gps-maser/+1.917574e-07
2026.271.05:09:00/gps-fmout/+2.508877e-07
2026.271.05:09:00/gps-maser/+1.889633e-07
2026.271.05:10:00/gps-fmout/+2.479482e-07
2026.271.05:10:00/gps-maser/+1.881212e-07
2026.271.05:11:00/gps-fmout/+2.466083e-07
2026.271.05:11:00/gps-maser/+1.863030e-07
2026.271.05:12:00/gps-fmout/+2.455222e-07
2026.271.05:12:00/gps-maser/+1.846963e-07
2026.271.05:13:00/gps-fmout/+2.438809e-07
2026.271.05:13:00/gps-maser/+1.851667e-07
2026.271.05:14:00/gps-fmout/+2.452906e-07
2026.271.05:14:00/gps-maser/+1.858485e-07
2026.271.05:15:00/gps-fmout/+2.460500e-07
2026.271.05:15:00/gps-maser/+1.840303e-07
2026.271.05:16:00/gps-fmout/+2.450000e-07
2026.271.05:16:00/gps-maser/+1.839584e-07
2026.271.05:17:00/gps-fmout/+2.450000e-07
2026.271.05:17:00/gps-maser/+1.872923e-07
2026.271.05:18:00/gps-fmout/+2.451115e-07
2026.271.05:18:00/gps-maser/+1.864548e-07
2026.271.05:19:00/gps-fmout/+2.459921e-07
2026.271.05:19:00/gps-maser/+1.840379e-07
2026.271.05:20:00/gps-fmout/+2.450402e-07
2026.271.05:20:00/gps-maser/+1.850057e-07
2026.271.05:21:00/gps-fmout/+2.461052e-07
2026.271.05:21:00/gps-maser/+1.844546e-07
2026.271.05:22:00/gps-fmout/+2.453979e-07
2026.271.05:22:00/gps-maser/+1.848129e-07
2026.271.05:23:00/gps-fmout/+2.458182e-07
2026.271.05:23:00/gps-maser/+1.875559e-07
2026.271.05:24:00/gps-fmout/+2.485455e-07
2026.271.05:24:00/gps-maser/+1.892448e-07
2026.271.05:25:00/gps-fmout/+2.510924e-07
2026.271.05:25:00/gps-maser/+1.901940e-07
2026.271.05:26:00/gps-fmout/+2.510635e-07
2026.271.05:26:00/gps-maser/+1.906325e-07
2026.271.05:27:00/gps-fmout/+2.511300e-07
2026.271.05:27:00/gps-maser/+1.890000e-07
2026.271.05:28:00/gps-fmout/+2.503182e-07
2026.271.05:28:00/gps-maser/+1.890000e-07
2026.271.05:29:00/gps-fmout/+2.512273e-07
2026.271.05:29:00/gps-maser/+1.890855e-07
2026.271.05:30:00/gps-fmout/+2.520778e-07
2026.271.05:30:00/gps-maser/+1.900880e-07
2026.271.05:31:00/gps-fmout/+2.509207e-07
2026.271.05:31:00/gps-maser/+1.899533e-07
2026.271.05:32:00/gps-fmout/+2.493595e-07
2026.271.05:32:00/gps-maser/+1.882540e-07
2026.271.05:33:00/gps-fmout/+2.495222e-07
2026.271.05:33:00/gps-maser/+1.896515e-07
2026.271.05:34:00/gps-fmout/+2.508828e-07
2026.271.05:34:00/gps-maser/+1.887424e-07
2026.271.05:35:00/gps-fmout/+2.502369e-07
2026.271.05:35:00/gps-maser/+1.880655e-07
2026.271.05:36:00/gps-fmout/+2.518165e-07
2026.271.05:36:00/gps-maser/+1.897688e-07
2026.271.05:37:00/gps-fmout/+2.490000e-07
2026.271.05:37:00/gps-maser/+1.855819e-07
2026.271.05:38:00/gps-fmout/+2.482639e-07
2026.271.05:38:00/gps-maser/+1.857011e-07
2026.271.05:39:00/gps-fmout/+2.479773e-07
2026.271.05:39:00/gps-maser/+1.869582e-07
2026.271.05:40:00/gps-fmout/+2.448497e-07
2026.271.05:40:00/gps-maser/+1.852655e-07
2026.271.05:41:00/gps-fmout/+2.447203e-07
2026.271.05:41:00/gps-maser/+1.820150e-07
2026.271.05:42:00/gps-fmout/+2.420050e-07
2026.271.05:42:00/gps-maser/+1.830062e-07
2026.271.05:43:00/gps-fmout/+2.425261e-07
2026.271.05:43:00/gps-maser/+1.825606e-07
2026.271.05:44:00/gps-fmout/+2.423300e-07
2026.271.05:44:00/gps-maser/+1.816515e-07
2026.271.05:45:00/gps-fmout/+2.427994e-07
2026.271.05:45:00/gps-maser/+1.807424e-07
2026.271.05:46:00/gps-fmout/+2.420872e-07
2026.271.05:46:00/gps-maser/+1.799468e-07
2026.271.05:47:00/gps-fmout/+2.431649e-07
2026.271.05:47:00/gps-maser/+1.810234e-07
2026.271.05:48:00/gps-fmout/+2.441875e-07
2026.271.05:48:00/gps-maser/+1.820060e-07
2026.271.05:49:00/gps-fmout/+2.436129e-07
2026.271.05:49:00/gps-maser/+1.823761e-07
2026.271.05:50:00/gps-fmout/+2.431555e-07
2026.271.05:50:00/gps-maser/+1.808379e-07
2026.271.05:51:00/gps-fmout/+2.437864e-07
2026.271.05:51:00/gps-maser/+1.813280e-07
2026.271.05:52:00/gps-fmout/+2.420934e-07
2026.271.05:52:00/gps-maser/+1.831022e-07
2026.271.05:53:00/gps-fmout/+2.448932e-07
2026.271.05:53:00/gps-maser/+1.829727e-07
2026.271.05:54:00/gps-fmout/+2.416834e-07
2026.271.05:54:00/gps-maser/+1.827992e-07
2026.271.05:55:00/gps-fmout/+2.427378e-07
2026.271.05:55:00/gps-maser/+1.833420e-07
2026.271.05:56:00/gps-fmout/+2.441875e-07
2026.271.05:56:00/gps-maser/+1.820000e-07
2026.271.05:57:00/gps-fmout/+2.437500e-07
2026.271.05:57:00/gps-maser/+1.820000e-07
2026.271.05:58:00/gps-fmout/+2.419482e-07
2026.271.05:58:00/gps-maser/+1.818827e-07
2026.271.05:59:00/gps-fmout/+2.430000e-07
2026.271.05:59:00/gps-maser/+1.801190e-07
2026.271.06:00:00/gps-fmout/+2.444060e-07
2026.271.06:00:00/gps-maser/+1.822614e-07
2026.271.06:01:00/gps-fmout/+2.427712e-07
2026.271.06:01:00/gps-maser/+1.840992e-07
2026.271.06:02:00/gps-fmout/+2.436792e-07
2026.271.06:02:00/gps-maser/+1.841721e-07
2026.271.06:03:00/gps-fmout/+2.472134e-07
2026.271.06:03:00/gps-maser/+1.851761e-07
2026.271.06:04:00/gps-fmout/+2.480000e-07
2026.271.06:04:00/gps-maser/+1.870228e-07
2026.271.06:05:00/gps-fmout/+2.479437e-07
2026.271.06:05:00/gps-maser/+1.872233e-07
2026.271.06:06:00/gps-fmout/+2.482900e-07
2026.271.06:06:00/gps-maser/+1.895781e-07
2026.271.06:07:00/gps-fmout/+2.492727e-07
2026.271.06:07:00/gps-maser/+1.895993e-07
2026.271.06:08:00/gps-fmout/+2.501037e-07
2026.271.06:08:00/gps-maser/+1.880000e-07
2026.271.06:09:00/gps-fmout/+2.502059e-07
2026.271.06:09:00/gps-maser/+1.880000e-07
2026.271.06:10:00/gps-fmout/+2.518333e-07
2026.271.06:10:00/gps-maser/+1.880000e-07
2026.271.06:11:00/gps-fmout/+2.497508e-07
2026.271.06:11:00/gps-maser/+1.887493e-07
2026.271.06:12:00/gps-fmout/+2.483159e-07
2026.271.06:12:00/gps-maser/+1.895475e-07
2026.271.06:13:00/gps-fmout/+2.496806e-07
2026.271.06:13:00/gps-maser/+1.877085e-07
2026.271.06:14:00/gps-fmout/+2.480297e-07
2026.271.06:14:00/gps-maser/+1.870362e-07
2026.271.06:15:00/gps-fmout/+2.489542e-07
2026.271.06:15:00/gps-maser/+1.880092e-07
2026.271.06:16:00/gps-fmout/+2.484545e-07
2026.271.06:16:00/gps-maser/+1.875855e-07
2026.271.06:17:00/gps-fmout/+2.493636e-07
2026.271.06:17:00/gps-maser/+1.881073e-07
2026.271.06:18:00/gps-fmout/+2.506379e-07
2026.271.06:18:00/gps-maser/+1.908256e-07
2026.271.06:19:00/gps-fmout/+2.528693e-07
2026.271.06:19:00/gps-maser/+1.899901e-07
2026.271.06:20:00/gps-fmout/+2.500133e-07
2026.271.06:20:00/gps-maser/+1.898965e-07
2026.271.06:21:00/gps-fmout/+2.510000e-07
2026.271.06:21:00/gps-maser/+1.885025e-07
2026.271.06:22:00/gps-fmout/+2.491818e-07
2026.271.06:22:00/gps-maser/+1.872501e-07
2026.271.06:23:00/gps-fmout/+2.471071e-07
2026.271.06:23:00/gps-maser/+1.861158e-07
2026.271.06:24:00/gps-fmout/+2.450454e-07
2026.271.06:24:00/gps-maser/+1.866479e-07
2026.271.06:25:00/gps-fmout/+2.468984e-07
2026.271.06:25:00/gps-maser/+1.848511e-07
2026.271.06:26:00/gps-fmout/+2.460000e-07
2026.271.06:26:00/gps-maser/+1.839815e-07
2026.271.06:27:00/gps-fmout/+2.460000e-07
2026.271.06:27:00/gps-maser/+1.847815e-07
2026.271.06:28:00/gps-fmout/+2.462725e-07
2026.271.06:28:00/gps-maser/+1.854619e-07
2026.271.06:29:00/gps-fmout/+2.468114e-07
2026.271.06:29:00/gps-maser/+1.845977e-07
2026.271.06:30:00/gps-fmout/+2.461818e-07
2026.271.06:30:00/gps-maser/+1.872998e-07
2026.271.06:31:00/gps-fmout/+2.470909e-07
2026.271.06:31:00/gps-maser/+1.878957e-07
2026.271.06:32:00/gps-fmout/+2.480000e-07
2026.271.06:32:00/gps-maser/+1.864224e-07
2026.271.06:33:00/gps-fmout/+2.472521e-07
2026.271.06:33:00/gps-maser/+1.858806e-07
2026.271.06:34:00/gps-fmout/+2.463997e-07
2026.271.06:34:00/gps-maser/+1.862188e-07
2026.271.06:35:00/gps-fmout/+2.478754e-07
2026.271.06:35:00/gps-maser/+1.873322e-07
2026.271.06:36:00/gps-fmout/+2.471699e-07
2026.271.06:36:00/gps-maser/+1.889995e-07
2026.271.06:37:00/gps-fmout/+2.490263e-07
2026.271.06:37:00/gps-maser/+1.860701e-07
2026.271.06:38:00/gps-fmout/+2.499241e-07
2026.271.06:38:00/gps-maser/+1.894394e-07
2026.271.06:39:00/gps-fmout/+2.511402e-07
2026.271.06:39:00/gps-maser/+1.903485e-07
2026.271.06:40:00/gps-fmout/+2.507724e-07
2026.271.06:40:00/gps-maser/+1.912576e-07
2026.271.06:41:00/gps-fmout/+2.500398e-07
2026.271.06:41:00/gps-maser/+1.919527e-07
2026.271.06:42:00/gps-fmout/+2.508892e-07
2026.271.06:42:00/gps-maser/+1.888084e-07
2026.271.06:43:00/gps-fmout/+2.500000e-07
2026.271.06:43:00/gps-maser/+1.894243e-07
2026.271.06:44:00/gps-fmout/+2.495634e-07
2026.271.06:44:00/gps-maser/+1.906061e-07
2026.271.06:45:00/gps-fmout/+2.492163e-07
2026.271.06:45:00/gps-maser/+1.896970e-07
2026.271.06:46:00/gps-fmout/+2.500386e-07
2026.271.06:46:00/gps-maser/+1.887879e-07
2026.271.06:47:00/gps-fmout/+2.500677e-07
2026.271.06:47:00/gps-maser/+1.879874e-07
2026.271.06:48:00/gps-fmout/+2.509577e-07
2026.271.06:48:00/gps-maser/+1.900000e-07
2026.271.06:49:00/gps-fmout/+2.486952e-07
2026.271.06:49:00/gps-maser/+1.900000e-07
2026.271.06:50:00/gps-fmout/+2.497132e-07
2026.271.06:50:00/gps-maser/+1.897655e-07
2026.271.06:51:00/gps-fmout/+2.511983e-07
2026.271.06:51:00/gps-maser/+1.892767e-07
2026.271.06:52:00/gps-fmout/+2.507400e-07
2026.271.06:52:00/gps-maser/+1.906508e-07
2026.271.06:53:00/gps-fmout/+2.489118e-07
2026.271.06:53:00/gps-maser/+1.869766e-07
2026.271.06:54:00/gps-fmout/+2.490000e-07
2026.271.06:54:00/gps-maser/+1.864803e-07
2026.271.06:55:00/gps-fmout/+2.465794e-07
2026.271.06:55:00/gps-maser/+1.859747e-07
2026.271.06:56:00/gps-fmout/+2.453316e-07
2026.271.06:56:00/gps-maser/+1.857492e-07
2026.271.06:57:00/gps-fmout/+2.437727e-07
2026.271.06:57:00/gps-maser/+1.849264e-07
2026.271.06:58:00/gps-fmout/+2.428636e-07
2026.271.06:58:00/gps-maser/+1.848867e-07
2026.271.06:59:00/gps-fmout/+2.420020e-07
2026.271.06:59:00/gps-maser/+1.830016e-07
2026.271.07:00:00/gps-fmout/+2.447959e-07
2026.271.07:00:00/gps-maser/+1.835606e-07
2026.271.07:01:00/gps-fmout/+2.446364e-07
2026.271.07:01:00/gps-maser/+1.826515e-07
2026.271.07:02:00/gps-fmout/+2.437273e-07
2026.271.07:02:00/gps-maser/+1.814620e-07
2026.271.07:03:00/gps-fmout/+2.425730e-07
2026.271.07:03:00/gps-maser/+1.789545e-07
2026.271.07:04:00/gps-fmout/+2.388678e-07
2026.271.07:04:00/gps-maser/+1.807445e-07
2026.271.07:05:00/gps-fmout/+2.390000e-07
2026.271.07:05:00/gps-maser/+1.774784e-07
2026.271.07:06:00/gps-fmout/+2.412547e-07
2026.271.07:06:00/gps-maser/+1.796262e-07
2026.271.07:07:00/gps-fmout/+2.435351e-07
2026.271.07:07:00/gps-maser/+1.818356e-07
2026.271.07:08:00/gps-fmout/+2.440000e-07
2026.271.07:08:00/gps-maser/+1.811860e-07
2026.271.07:09:00/gps-fmout/+2.440000e-07
2026.271.07:09:00/gps-maser/+1.820533e-07
2026.271.07:10:00/gps-fmout/+2.440038e-07
2026.271.07:10:00/gps-maser/+1.819774e-07
2026.271.07:11:00/gps-fmout/+2.432261e-07
2026.271.07:11:00/gps-maser/+1.814344e-07
2026.271.07:12:00/gps-fmout/+2.412727e-07
2026.271.07:12:00/gps-maser/+1.813546e-07
2026.271.07:13:00/gps-fmout/+2.400550e-07
2026.271.07:13:00/gps-maser/+1.796971e-07
2026.271.07:14:00/gps-fmout/+2.420595e-07
2026.271.07:14:00/gps-maser/+1.788942e-07
2026.271.07:15:00/gps-fmout/+2.419485e-07
2026.271.07:15:00/gps-maser/+1.791745e-07
2026.271.07:16:00/gps-fmout/+2.410000e-07
2026.271.07:16:00/gps-maser/+1.800303e-07
2026.271.07:17:00/gps-fmout/+2.416239e-07
2026.271.07:17:00/gps-maser/+1.782121e-07
2026.271.07:18:00/gps-fmout/+2.408940e-07
2026.271.07:18:00/gps-maser/+1.767974e-07
2026.271.07:19:00/gps-fmout/+2.412273e-07
2026.271.07:19:00/gps-maser/+1.786560e-07
2026.271.07:20:00/gps-fmout/+2.421364e-07
2026.271.07:20:00/gps-maser/+1.820898e-07
2026.271.07:21:00/gps-fmout/+2.429899e-07
2026.271.07:21:00/gps-maser/+1.800535e-07
2026.271.07:22:00/gps-fmout/+2.418705e-07
2026.271.07:22:00/gps-maser/+1.816203e-07
2026.271.07:23:00/gps-fmout/+2.429579e-07
2026.271.07:23:00/gps-maser/+1.819079e-07
2026.271.07:24:00/gps-fmout/+2.432727e-07
2026.271.07:24:00/gps-maser/+1.837764e-07
2026.271.07:25:00/gps-fmout/+2.441818e-07
2026.271.07:25:00/gps-maser/+1.824268e-07
2026.271.07:26:00/gps-fmout/+2.450811e-07
2026.271.07:26:00/gps-maser/+1.858485e-07
2026.271.07:27:00/gps-fmout/+2.436339e-07
2026.271.07:27:00/gps-maser/+1.840303e-07
2026.271.07:28:00/gps-fmout/+2.409024e-07
2026.271.07:28:00/gps-maser/+1.823673e-07
2026.271.07:29:00/gps-fmout/+2.403060e-07
2026.271.07:29:00/gps-maser/+1.821985e-07
2026.271.07:30:00/gps-fmout/+2.426539e-07
2026.271.07:30:00/gps-maser/+1.830528e-07
2026.271.07:31:00/gps-fmout/+2.451880e-07
2026.271.07:31:00/gps-maser/+1.829393e-07
2026.271.07:32:00/gps-fmout/+2.438689e-07
2026.271.07:32:00/gps-maser/+1.820027e-07
2026.271.07:33:00/gps-fmout/+2.428028e-07
2026.271.07:33:00/gps-maser/+1.825809e-07
2026.271.07:34:00/gps-fmout/+2.443636e-07
2026.271.07:34:00/gps-maser/+1.829079e-07
2026.271.07:35:00/gps-fmout/+2.455995e-07
2026.271.07:35:00/gps-maser/+1.852011e-07
2026.271.07:36:00/gps-fmout/+2.468182e-07
2026.271.07:36:00/gps-maser/+1.847361e-07
2026.271.07:37:00/gps-fmout/+2.459091e-07
2026.271.07:37:00/gps-maser/+1.829325e-07
2026.271.07:38:00/gps-fmout/+2.450000e-07
2026.271.07:38:00/gps-maser/+1.839324e-07
2026.271.07:39:00/gps-fmout/+2.436777e-07
2026.271.07:39:00/gps-maser/+1.855748e-07
2026.271.07:40:00/gps-fmout/+2.445723e-07
2026.271.07:40:00/gps-maser/+1.855923e-07
2026.271.07:41:00/gps-fmout/+2.463151e-07
2026.271.07:41:00/gps-maser/+1.839578e-07
2026.271.07:42:00/gps-fmout/+2.469969e-07
2026.271.07:42:00/gps-maser/+1.839057e-07
2026.271.07:43:00/gps-fmout/+2.460317e-07
2026.271.07:43:00/gps-maser/+1.829815e-07
2026.271.07:44:00/gps-fmout/+2.465624e-07
2026.271.07:44:00/gps-maser/+1.838743e-07
2026.271.07:45:00/gps-fmout/+2.460053e-07
2026.271.07:45:00/gps-maser/+1.844934e-07
2026.271.07:46:00/gps-fmout/+2.458054e-07
2026.271.07:46:00/gps-maser/+1.828561e-07
2026.271.07:47:00/gps-fmout/+2.447085e-07
2026.271.07:47:00/gps-maser/+1.832485e-07
2026.271.07:48:00/gps-fmout/+2.432074e-07
2026.271.07:48:00/gps-maser/+1.850412e-07
2026.271.07:49:00/gps-fmout/+2.465000e-07
2026.271.07:49:00/gps-maser/+1.844584e-07
2026.271.07:50:00/gps-fmout/+2.474091e-07
2026.271.07:50:00/gps-maser/+1.843433e-07
2026.271.07:51:00/gps-fmout/+2.479431e-07
2026.271.07:51:00/gps-maser/+1.850000e-07
2026.271.07:52:00/gps-fmout/+2.468523e-07
2026.271.07:52:00/gps-maser/+1.850000e-07
2026.271.07:53:00/gps-fmout/+2.472727e-07
2026.271.07:53:00/gps-maser/+1.850883e-07
2026.271.07:54:00/gps-fmout/+2.490909e-07
2026.271.07:54:00/gps-maser/+1.880782e-07
2026.271.07:55:00/gps-fmout/+2.503456e-07
2026.271.07:55:00/gps-maser/+1.883451e-07
2026.271.07:56:00/gps-fmout/+2.497023e-07
2026.271.07:56:00/gps-maser/+1.868223e-07
2026.271.07:57:00/gps-fmout/+2.484618e-07
2026.271.07:57:00/gps-maser/+1.874717e-07
2026.271.07:58:00/gps-fmout/+2.471418e-07
2026.271.07:58:00/gps-maser/+1.890000e-07
2026.271.07:59:00/gps-fmout/+2.491022e-07
2026.271.07:59:00/gps-maser/+1.890000e-07
2026.271.08:00:00/gps-fmout/+2.500000e-07
2026.271.08:00:00/gps-maser/+1.902761e-07
2026.271.08:01:00/gps-fmout/+2.522119e-07
2026.271.08:01:00/gps-maser/+1.917487e-07
2026.271.08:02:00/gps-fmout/+2.539875e-07
2026.271.08:02:00/gps-maser/+1.917610e-07
2026.271.08:03:00/gps-fmout/+2.533987e-07
2026.271.08:03:00/gps-maser/+1.939427e-07
2026.271.08:04:00/gps-fmout/+2.550000e-07
2026.271.08:04:00/gps-maser/+1.931643e-07
2026.271.08:05:00/gps-fmout/+2.550000e-07
2026.271.08:05:00/gps-maser/+1.950200e-07
2026.271.08:06:00/gps-fmout/+2.557513e-07
2026.271.08:06:00/gps-maser/+1.959295e-07
2026.271.08:07:00/gps-fmout/+2.572146e-07
2026.271.08:07:00/gps-maser/+1.968390e-07
2026.271.08:08:00/gps-fmout/+2.565195e-07
2026.271.08:08:00/gps-maser/+1.954820e-07
2026.271.08:09:00/gps-fmout/+2.550717e-07
2026.271.08:09:00/gps-maser/+1.939815e-07
2026.271.08:10:00/gps-fmout/+2.560479e-07
2026.271.08:10:00/gps-maser/+1.951389e-07
2026.271.08:11:00/gps-fmout/+2.560000e-07
2026.271.08:11:00/gps-maser/+1.956173e-07
2026.271.08:12:00/gps-fmout/+2.543487e-07
2026.271.08:12:00/gps-maser/+1.949168e-07
2026.271.08:13:00/gps-fmout/+2.549901e-07
2026.271.08:13:00/gps-maser/+1.952188e-07
2026.271.08:14:00/gps-fmout/+2.551993e-07
2026.271.08:14:00/gps-maser/+1.964031e-07
2026.271.08:15:00/gps-fmout/+2.560000e-07
2026.271.08:15:00/gps-maser/+1.978768e-07
2026.271.08:16:00/gps-fmout/+2.560000e-07
2026.271.08:16:00/gps-maser/+1.948878e-07
2026.271.08:17:00/gps-fmout/+2.563757e-07
2026.271.08:17:00/gps-maser/+1.930340e-07
2026.271.08:18:00/gps-fmout/+2.570456e-07
2026.271.08:18:00/gps-maser/+1.946764e-07
2026.271.08:19:00/gps-fmout/+2.572126e-07
2026.271.08:19:00/gps-maser/+1.958731e-07
2026.271.08:20:00/gps-fmout/+2.579444e-07
2026.271.08:20:00/gps-maser/+1.943047e-07
2026.271.08:21:00/gps-fmout/+2.570483e-07
2026.271.08:21:00/gps-maser/+1.978599e-07
2026.271.08:22:00/gps-fmout/+2.580000e-07
2026.271.08:22:00/gps-maser/+1.965365e-07
2026.271.08:23:00/gps-fmout/+2.580000e-07
2026.271.08:23:00/gps-maser/+1.961633e-07
2026.271.08:24:00/gps-fmout/+2.582393e-07
2026.271.08:24:00/gps-maser/+1.952406e-07
2026.271.08:25:00/gps-fmout/+2.588685e-07
2026.271.08:25:00/gps-maser/+1.960152e-07
2026.271.08:26:00/gps-fmout/+2.580000e-07
2026.271.08:26:00/gps-maser/+1.960809e-07
2026.271.08:27:00/gps-fmout/+2.580000e-07
2026.271.08:27:00/gps-maser/+1.970138e-07
2026.271.08:28:00/gps-fmout/+2.580000e-07
2026.271.08:28:00/gps-maser/+1.965830e-07
2026.271.08:29:00/gps-fmout/+2.577415e-07
2026.271.08:29:00/gps-maser/+1.965422e-07
2026.271.08:30:00/gps-fmout/+2.569189e-07
2026.271.08:30:00/gps-maser/+1.978653e-07
2026.271.08:31:00/gps-fmout/+2.571029e-07
2026.271.08:31:00/gps-maser/+1.966975e-07
2026.271.08:32:00/gps-fmout/+2.578223e-07
2026.271.08:32:00/gps-maser/+1.951016e-07
2026.271.08:33:00/gps-fmout/+2.565000e-07
2026.271.08:33:00/gps-maser/+1.980670e-07
2026.271.08:34:00/gps-fmout/+2.574091e-07
2026.271.08:34:00/gps-maser/+1.995133e-07
2026.271.08:35:00/gps-fmout/+2.587968e-07
2026.271.08:35:00/gps-maser/+1.998410e-07
2026.271.08:36:00/gps-fmout/+2.612273e-07
2026.271.08:36:00/gps-maser/+1.992271e-07
2026.271.08:37:00/gps-fmout/+2.621364e-07
2026.271.08:37:00/gps-maser/+2.010328e-07
2026.271.08:38:00/gps-fmout/+2.629926e-07
2026.271.08:38:00/gps-maser/+2.000407e-07
2026.271.08:39:00/gps-fmout/+2.614867e-07
2026.271.08:39:00/gps-maser/+2.011511e-07
2026.271.08:40:00/gps-fmout/+2.616364e-07
2026.271.08:40:00/gps-maser/+1.996515e-07
2026.271.08:41:00/gps-fmout/+2.607273e-07
2026.271.08:41:00/gps-maser/+1.987424e-07
2026.271.08:42:00/gps-fmout/+2.598182e-07
2026.271.08:42:00/gps-maser/+1.979641e-07
2026.271.08:43:00/gps-fmout/+2.589091e-07
2026.271.08:43:00/gps-maser/+1.988650e-07
2026.271.08:44:00/gps-fmout/+2.580000e-07
2026.271.08:44:00/gps-maser/+1.979916e-07
2026.271.08:45:00/gps-fmout/+2.566439e-07
2026.271.08:45:00/gps-maser/+1.985975e-07
2026.271.08:46:00/gps-fmout/+2.576934e-07
2026.271.08:46:00/gps-maser/+1.979952e-07
2026.271.08:47:00/gps-fmout/+2.569761e-07
2026.271.08:47:00/gps-maser/+1.978183e-07
2026.271.08:48:00/gps-fmout/+2.569279e-07
2026.271.08:48:00/gps-maser/+1.970000e-07
2026.271.08:49:00/gps-fmout/+2.560120e-07
2026.271.08:49:00/gps-maser/+1.970000e-07
2026.271.08:50:00/gps-fmout/+2.565455e-07
2026.271.08:50:00/gps-maser/+1.973554e-07
2026.271.08:51:00/gps-fmout/+2.566515e-07
2026.271.08:51:00/gps-maser/+1.981531e-07
2026.271.08:52:00/gps-fmout/+2.581695e-07
2026.271.08:52:00/gps-maser/+1.977424e-07
2026.271.08:53:00/gps-fmout/+2.577400e-07
2026.271.08:53:00/gps-maser/+1.968681e-07
2026.271.08:54:00/gps-fmout/+2.559369e-07
2026.271.08:54:00/gps-maser/+1.957788e-07
2026.271.08:55:00/gps-fmout/+2.540000e-07
2026.271.08:55:00/gps-maser/+1.920606e-07
2026.271.08:56:00/gps-fmout/+2.519226e-07
2026.271.08:56:00/gps-maser/+1.890309e-07
2026.271.08:57:00/gps-fmout/+2.514214e-07
2026.271.08:57:00/gps-maser/+1.892934e-07
2026.271.08:58:00/gps-fmout/+2.499958e-07
2026.271.08:58:00/gps-maser/+1.900000e-07
2026.271.08:59:00/gps-fmout/+2.508547e-07
2026.271.08:59:00/gps-maser/+1.900000e-07
2026.271.09:00:00/gps-fmout/+2.480554e-07
2026.271.09:00:00/gps-maser/+1.900000e-07
2026.271.09:01:00/gps-fmout/+2.491525e-07
2026.271.09:01:00/gps-maser/+1.896338e-07
2026.271.09:02:00/gps-fmout/+2.473808e-07
2026.271.09:02:00/gps-maser/+1.895002e-07
2026.271.09:03:00/gps-fmout/+2.480000e-07
2026.271.09:03:00/gps-maser/+1.907031e-07
2026.271.09:04:00/gps-fmout/+2.480000e-07
2026.271.09:04:00/gps-maser/+1.890432e-07
2026.271.09:05:00/gps-fmout/+2.480516e-07
2026.271.09:05:00/gps-maser/+1.897963e-07
2026.271.09:06:00/gps-fmout/+2.500000e-07
2026.271.09:06:00/gps-maser/+1.867503e-07
2026.271.09:07:00/gps-fmout/+2.485953e-07
2026.271.09:07:00/gps-maser/+1.870423e-07
2026.271.09:08:00/gps-fmout/+2.473932e-07
2026.271.09:08:00/gps-maser/+1.882153e-07
2026.271.09:09:00/gps-fmout/+2.458757e-07
2026.271.09:09:00/gps-maser/+1.857879e-07
2026.271.09:10:00/gps-fmout/+2.459162e-07
2026.271.09:10:00/gps-maser/+1.848788e-07
2026.271.09:11:00/gps-fmout/+2.450480e-07
2026.271.09:11:00/gps-maser/+1.839821e-07
2026.271.09:12:00/gps-fmout/+2.477757e-07
2026.271.09:12:00/gps-maser/+1.854394e-07
2026.271.09:13:00/gps-fmout/+2.472412e-07
2026.271.09:13:00/gps-maser/+1.863880e-07
2026.271.09:14:00/gps-fmout/+2.462727e-07
2026.271.09:14:00/gps-maser/+1.870710e-07
2026.271.09:15:00/gps-fmout/+2.471818e-07
2026.271.09:15:00/gps-maser/+1.870000e-07
2026.271.09:16:00/gps-fmout/+2.480518e-07
2026.271.09:16:00/gps-maser/+1.870000e-07
2026.271.09:17:00/gps-fmout/+2.470000e-07
2026.271.09:17:00/gps-maser/+1.874531e-07
2026.271.09:18:00/gps-fmout/+2.472521e-07
2026.271.09:18:00/gps-maser/+1.870931e-07
2026.271.09:19:00/gps-fmout/+2.459178e-07
2026.271.09:19:00/gps-maser/+1.851224e-07
2026.271.09:20:00/gps-fmout/+2.461634e-07
2026.271.09:20:00/gps-maser/+1.854790e-07
2026.271.09:21:00/gps-fmout/+2.468496e-07
2026.271.09:21:00/gps-maser/+1.832424e-07
2026.271.09:22:00/gps-fmout/+2.440909e-07
2026.271.09:22:00/gps-maser/+1.850606e-07
2026.271.09:23:00/gps-fmout/+2.459091e-07
2026.271.09:23:00/gps-maser/+1.863123e-07
2026.271.09:24:00/gps-fmout/+2.469699e-07
2026.271.09:24:00/gps-maser/+1.857106e-07
2026.271.09:25:00/gps-fmout/+2.463909e-07
2026.271.09:25:00/gps-maser/+1.854137e-07
2026.271.09:26:00/gps-fmout/+2.478665e-07
2026.271.09:26:00/gps-maser/+1.877311e-07
2026.271.09:27:00/gps-fmout/+2.461142e-07
2026.271.09:27:00/gps-maser/+1.840659e-07
2026.271.09:28:00/gps-fmout/+2.455000e-07
2026.271.09:28:00/gps-maser/+1.840231e-07
2026.271.09:29:00/gps-fmout/+2.427727e-07
2026.271.09:29:00/gps-maser/+1.825954e-07
2026.271.09:30:00/gps-fmout/+2.406339e-07
2026.271.09:30:00/gps-maser/+1.812411e-07
2026.271.09:31:00/gps-fmout/+2.404871e-07
2026.271.09:31:00/gps-maser/+1.789126e-07
2026.271.09:32:00/gps-fmout/+2.380223e-07
2026.271.09:32:00/gps-maser/+1.798345e-07
2026.271.09:33:00/gps-fmout/+2.399564e-07
2026.271.09:33:00/gps-maser/+1.770227e-07
2026.271.09:34:00/gps-fmout/+2.392889e-07
2026.271.09:34:00/gps-maser/+1.785411e-07
2026.271.09:35:00/gps-fmout/+2.407746e-07
2026.271.09:35:00/gps-maser/+1.790609e-07
2026.271.09:36:00/gps-fmout/+2.422727e-07
2026.271.09:36:00/gps-maser/+1.810000e-07
2026.271.09:37:00/gps-fmout/+2.431818e-07
2026.271.09:37:00/gps-maser/+1.810000e-07
2026.271.09:38:00/gps-fmout/+2.440518e-07
2026.271.09:38:00/gps-maser/+1.811711e-07
2026.271.09:39:00/gps-fmout/+2.430000e-07
2026.271.09:39:00/gps-maser/+1.844006e-07
2026.271.09:40:00/gps-fmout/+2.430000e-07
2026.271.09:40:00/gps-maser/+1.831594e-07
2026.271.09:41:00/gps-fmout/+2.422407e-07
2026.271.09:41:00/gps-maser/+1.816970e-07
2026.271.09:42:00/gps-fmout/+2.404245e-07
2026.271.09:42:00/gps-maser/+1.807879e-07
2026.271.09:43:00/gps-fmout/+2.431590e-07
2026.271.09:43:00/gps-maser/+1.799810e-07
2026.271.09:44:00/gps-fmout/+2.440796e-07
2026.271.09:44:00/gps-maser/+1.820122e-07
2026.271.09:45:00/gps-fmout/+2.445455e-07
2026.271.09:45:00/gps-maser/+1.824294e-07
2026.271.09:46:00/gps-fmout/+2.436364e-07
2026.271.09:46:00/gps-maser/+1.831382e-07
2026.271.09:47:00/gps-fmout/+2.427273e-07
2026.271.09:47:00/gps-maser/+1.825993e-07
2026.271.09:48:00/gps-fmout/+2.420066e-07
2026.271.09:48:00/gps-maser/+1.810370e-07
2026.271.09:49:00/gps-fmout/+2.441493e-07
2026.271.09:49:00/gps-maser/+1.821394e-07
2026.271.09:50:00/gps-fmout/+2.450000e-07
2026.271.09:50:00/gps-maser/+1.832498e-07
2026.271.09:51:00/gps-fmout/+2.427400e-07
2026.271.09:51:00/gps-maser/+1.826061e-07
2026.271.09:52:00/gps-fmout/+2.440605e-07
2026.271.09:52:00/gps-maser/+1.816970e-07
2026.271.09:53:00/gps-fmout/+2.438370e-07
2026.271.09:53:00/gps-maser/+1.809133e-07
2026.271.09:54:00/gps-fmout/+2.430433e-07
2026.271.09:54:00/gps-maser/+1.822424e-07
2026.271.09:55:00/gps-fmout/+2.449515e-07
2026.271.09:55:00/gps-maser/+1.840606e-07
2026.271.09:56:00/gps-fmout/+2.438994e-07
2026.271.09:56:00/gps-maser/+1.848937e-07
2026.271.09:57:00/gps-fmout/+2.451262e-07
2026.271.09:57:00/gps-maser/+1.840026e-07
2026.271.09:58:00/gps-fmout/+2.447273e-07
2026.271.09:58:00/gps-maser/+1.837970e-07
2026.271.09:59:00/gps-fmout/+2.438182e-07
2026.271.09:59:00/gps-maser/+1.829344e-07
2026.271.10:00:00/gps-fmout/+2.429091e-07
2026.271.10:00:00/gps-maser/+1.829108e-07
2026.271.10:01:00/gps-fmout/+2.420000e-07
2026.271.10:01:00/gps-maser/+1.824773e-07
2026.271.10:02:00/gps-fmout/+2.421968e-07
2026.271.10:02:00/gps-maser/+1.830000e-07
2026.271.10:03:00/gps-fmout/+2.458385e-07
2026.271.10:03:00/gps-maser/+1.830000e-07
2026.271.10:04:00/gps-fmout/+2.470062e-07
2026.271.10:04:00/gps-maser/+1.830875e-07
2026.271.10:05:00/gps-fmout/+2.456913e-07
2026.271.10:05:00/gps-maser/+1.840813e-07
2026.271.10:06:00/gps-fmout/+2.429751e-07
2026.271.10:06:00/gps-maser/+1.839663e-07
2026.271.10:07:00/gps-fmout/+2.430684e-07
2026.271.10:07:00/gps-maser/+1.832678e-07
2026.271.10:08:00/gps-fmout/+2.421322e-07
2026.271.10:08:00/gps-maser/+1.846515e-07
2026.271.10:09:00/gps-fmout/+2.437551e-07
2026.271.10:09:00/gps-maser/+1.837424e-07
2026.271.10:10:00/gps-fmout/+2.462231e-07
2026.271.10:10:00/gps-maser/+1.829153e-07
2026.271.10:11:00/gps-fmout/+2.458396e-07
2026.271.10:11:00/gps-maser/+1.842070e-07
2026.271.10:12:00/gps-fmout/+2.444896e-07
2026.271.10:12:00/gps-maser/+1.861030e-07
2026.271.10:13:00/gps-fmout/+2.431406e-07
2026.271.10:13:00/gps-maser/+1.828946e-07
2026.271.10:14:00/gps-fmout/+2.421481e-07
2026.271.10:14:00/gps-maser/+1.801744e-07
2026.271.10:15:00/gps-fmout/+2.430539e-07
2026.271.10:15:00/gps-maser/+1.810187e-07
2026.271.10:16:00/gps-fmout/+2.429225e-07
2026.271.10:16:00/gps-maser/+1.811185e-07
2026.271.10:17:00/gps-fmout/+2.419266e-07
2026.271.10:17:00/gps-maser/+1.829946e-07
2026.271.10:18:00/gps-fmout/+2.405004e-07
2026.271.10:18:00/gps-maser/+1.799476e-07
2026.271.10:19:00/gps-fmout/+2.389203e-07
2026.271.10:19:00/gps-maser/+1.780000e-07
2026.271.10:20:00/gps-fmout/+2.371345e-07
2026.271.10:20:00/gps-maser/+1.780000e-07
2026.271.10:21:00/gps-fmout/+2.380000e-07
2026.271.10:21:00/gps-maser/+1.778519e-07
2026.271.10:22:00/gps-fmout/+2.380000e-07
2026.271.10:22:00/gps-maser/+1.760580e-07
2026.271.10:23:00/gps-fmout/+2.380000e-07
2026.271.10:23:00/gps-maser/+1.770999e-07
2026.271.10:24:00/gps-fmout/+2.366487e-07
2026.271.10:24:00/gps-maser/+1.766223e-07
2026.271.10:25:00/gps-fmout/+2.377055e-07
2026.271.10:25:00/gps-maser/+1.763901e-07
2026.271.10:26:00/gps-fmout/+2.373396e-07
2026.271.10:26:00/gps-maser/+1.779104e-07
2026.271.10:27:00/gps-fmout/+2.390974e-07
2026.271.10:27:00/gps-maser/+1.770534e-07
2026.271.10:28:00/gps-fmout/+2.389416e-07
2026.271.10:28:00/gps-maser/+1.779651e-07
2026.271.10:29:00/gps-fmout/+2.378723e-07
2026.271.10:29:00/gps-maser/+1.764513e-07
2026.271.10:30:00/gps-fmout/+2.383328e-07
2026.271.10:30:00/gps-maser/+1.762453e-07
2026.271.10:31:00/gps-fmout/+2.384703e-07
2026.271.10:31:00/gps-maser/+1.766387e-07
2026.271.10:32:00/gps-fmout/+2.360999e-07
2026.271.10:32:00/gps-maser/+1.749259e-07
2026.271.10:33:00/gps-fmout/+2.370342e-07
2026.271.10:33:00/gps-maser/+1.748993e-07
2026.271.10:34:00/gps-fmout/+2.355000e-07
2026.271.10:34:00/gps-maser/+1.744129e-07
2026.271.10:35:00/gps-fmout/+2.343388e-07
2026.271.10:35:00/gps-maser/+1.746097e-07
2026.271.10:36:00/gps-fmout/+2.347134e-07
2026.271.10:36:00/gps-maser/+1.744621e-07
2026.271.10:37:00/gps-fmout/+2.338886e-07
2026.271.10:37:00/gps-maser/+1.761290e-07
2026.271.10:38:00/gps-fmout/+2.342164e-07
2026.271.10:38:00/gps-maser/+1.758307e-07
2026.271.10:39:00/gps-fmout/+2.370263e-07
2026.271.10:39:00/gps-maser/+1.740606e-07
2026.271.10:40:00/gps-fmout/+2.374715e-07
2026.271.10:40:00/gps-maser/+1.758788e-07
2026.271.10:41:00/gps-fmout/+2.374526e-07
2026.271.10:41:00/gps-maser/+1.764681e-07
2026.271.10:42:00/gps-fmout/+2.362078e-07
2026.271.10:42:00/gps-maser/+1.741516e-07
2026.271.10:43:00/gps-fmout/+2.368182e-07
2026.271.10:43:00/gps-maser/+1.749499e-07
2026.271.10:44:00/gps-fmout/+2.359091e-07
2026.271.10:44:00/gps-maser/+1.737946e-07
2026.271.10:45:00/gps-fmout/+2.350000e-07
2026.271.10:45:00/gps-maser/+1.730129e-07
2026.271.10:46:00/gps-fmout/+2.330026e-07
2026.271.10:46:00/gps-maser/+1.732121e-07
2026.271.10:47:00/gps-fmout/+2.305175e-07
2026.271.10:47:00/gps-maser/+1.713299e-07
2026.271.10:48:00/gps-fmout/+2.322973e-07
2026.271.10:48:00/gps-maser/+1.698683e-07
2026.271.10:49:00/gps-fmout/+2.329734e-07
2026.271.10:49:00/gps-maser/+1.700000e-07
2026.271.10:50:00/gps-fmout/+2.319254e-07
2026.271.10:50:00/gps-maser/+1.700097e-07
2026.271.10:51:00/gps-fmout/+2.307295e-07
2026.271.10:51:00/gps-maser/+1.705513e-07
2026.271.10:52:00/gps-fmout/+2.318030e-07
2026.271.10:52:00/gps-maser/+1.703485e-07
2026.271.10:53:00/gps-fmout/+2.327273e-07
2026.271.10:53:00/gps-maser/+1.712576e-07
2026.271.10:54:00/gps-fmout/+2.318182e-07
2026.271.10:54:00/gps-maser/+1.721667e-07
2026.271.10:55:00/gps-fmout/+2.310847e-07
2026.271.10:55:00/gps-maser/+1.729210e-07
2026.271.10:56:00/gps-fmout/+2.339219e-07
2026.271.10:56:00/gps-maser/+1.714848e-07
2026.271.10:57:00/gps-fmout/+2.332296e-07
2026.271.10:57:00/gps-maser/+1.723939e-07
2026.271.10:58:00/gps-fmout/+2.315766e-07
2026.271.10:58:00/gps-maser/+1.731728e-07
2026.271.10:59:00/gps-fmout/+2.310783e-07
2026.271.10:59:00/gps-maser/+1.727392e-07
2026.271.11:00:00/gps-fmout/+2.319375e-07
2026.271.11:00:00/gps-maser/+1.710272e-07
2026.271.11:01:00/gps-fmout/+2.310909e-07
2026.271.11:01:00/gps-maser/+1.729731e-07
2026.271.11:02:00/gps-fmout/+2.329091e-07
2026.271.11:02:00/gps-maser/+1.716652e-07
2026.271.11:03:00/gps-fmout/+2.347273e-07
2026.271.11:03:00/gps-maser/+1.729371e-07
2026.271.11:04:00/gps-fmout/+2.362452e-07
2026.271.11:04:00/gps-maser/+1.756231e-07
2026.271.11:05:00/gps-fmout/+2.362500e-07
2026.271.11:05:00/gps-maser/+1.771169e-07
2026.271.11:06:00/gps-fmout/+2.380347e-07
2026.271.11:06:00/gps-maser/+1.757622e-07
2026.271.11:07:00/gps-fmout/+2.370000e-07
2026.271.11:07:00/gps-maser/+1.748805e-07
2026.271.11:08:00/gps-fmout/+2.372564e-07
2026.271.11:08:00/gps-maser/+1.764616e-07
2026.271.11:09:00/gps-fmout/+2.367855e-07
2026.271.11:09:00/gps-maser/+1.770416e-07
2026.271.11:10:00/gps-fmout/+2.391505e-07
2026.271.11:10:00/gps-maser/+1.771534e-07
2026.271.11:11:00/gps-fmout/+2.388252e-07
2026.271.11:11:00/gps-maser/+1.780852e-07
2026.271.11:12:00/gps-fmout/+2.369961e-07
2026.271.11:12:00/gps-maser/+1.779575e-07
2026.271.11:13:00/gps-fmout/+2.367209e-07
2026.271.11:13:00/gps-maser/+1.760000e-07
2026.271.11:14:00/gps-fmout/+2.343997e-07
2026.271.11:14:00/gps-maser/+1.760000e-07
2026.271.11:15:00/gps-fmout/+2.343940e-07
2026.271.11:15:00/gps-maser/+1.758914e-07
2026.271.11:16:00/gps-fmout/+2.361244e-07
2026.271.11:16:00/gps-maser/+1.747427e-07
2026.271.11:17:00/gps-fmout/+2.358833e-07
2026.271.11:17:00/gps-maser/+1.730628e-07
2026.271.11:18:00/gps-fmout/+2.340000e-07
2026.271.11:18:00/gps-maser/+1.744701e-07
2026.271.11:19:00/gps-fmout/+2.344091e-07
2026.271.11:19:00/gps-maser/+1.748049e-07
2026.271.11:20:00/gps-fmout/+2.353182e-07
2026.271.11:20:00/gps-maser/+1.761376e-07
2026.271.11:21:00/gps-fmout/+2.362273e-07
2026.271.11:21:00/gps-maser/+1.757879e-07
2026.271.11:22:00/gps-fmout/+2.370735e-07
2026.271.11:22:00/gps-maser/+1.748723e-07
2026.271.11:23:00/gps-fmout/+2.359294e-07
2026.271.11:23:00/gps-maser/+1.739866e-07
2026.271.11:24:00/gps-fmout/+2.353232e-07
2026.271.11:24:00/gps-maser/+1.740000e-07
2026.271.11:25:00/gps-fmout/+2.349091e-07
2026.271.11:25:00/gps-maser/+1.735198e-07
2026.271.11:26:00/gps-fmout/+2.332727e-07
2026.271.11:26:00/gps-maser/+1.718088e-07
2026.271.11:27:00/gps-fmout/+2.341818e-07
2026.271.11:27:00/gps-maser/+1.722361e-07
2026.271.11:28:00/gps-fmout/+2.350090e-07
2026.271.11:28:00/gps-maser/+1.740738e-07
2026.271.11:29:00/gps-fmout/+2.320000e-07
2026.271.11:29:00/gps-maser/+1.725184e-07
2026.271.11:30:00/gps-fmout/+2.321473e-07
2026.271.11:30:00/gps-maser/+1.716613e-07
2026.271.11:31:00/gps-fmout/+2.310000e-07
2026.271.11:31:00/gps-maser/+1.727980e-07
2026.271.11:32:00/gps-fmout/+2.310000e-07
2026.271.11:32:00/gps-maser/+1.716352e-07
2026.271.11:33:00/gps-fmout/+2.310000e-07
2026.271.11:33:00/gps-maser/+1.699414e-07
2026.271.11:34:00/gps-fmout/+2.310233e-07
2026.271.11:34:00/gps-maser/+1.719574e-07
2026.271.11:35:00/gps-fmout/+2.315962e-07
2026.271.11:35:00/gps-maser/+1.703700e-07
2026.271.11:36:00/gps-fmout/+2.309912e-07
2026.271.11:36:00/gps-maser/+1.710001e-07
2026.271.11:37:00/gps-fmout/+2.307693e-07
2026.271.11:37:00/gps-maser/+1.683793e-07
2026.271.11:38:00/gps-fmout/+2.300736e-07
2026.271.11:38:00/gps-maser/+1.671142e-07
2026.271.11:39:00/gps-fmout/+2.310440e-07
2026.271.11:39:00/gps-maser/+1.698870e-07
2026.271.11:40:00/gps-fmout/+2.300417e-07
2026.271.11:40:00/gps-maser/+1.683977e-07
2026.271.11:41:00/gps-fmout/+2.285680e-07
2026.271.11:41:00/gps-maser/+1.683891e-07
2026.271.11:42:00/gps-fmout/+2.274055e-07
2026.271.11:42:00/gps-maser/+1.686970e-07
2026.271.11:43:00/gps-fmout/+2.259858e-07
2026.271.11:43:00/gps-maser/+1.677879e-07
2026.271.11:44:00/gps-fmout/+2.270068e-07
2026.271.11:44:00/gps-maser/+1.667978e-07
2026.271.11:45:00/gps-fmout/+2.258525e-07
2026.271.11:45:00/gps-maser/+1.639720e-07
2026.271.11:46:00/gps-fmout/+2.238415e-07
2026.271.11:46:00/gps-maser/+1.645131e-07
2026.271.11:47:00/gps-fmout/+2.253636e-07
2026.271.11:47:00/gps-maser/+1.650000e-07
2026.271.11:48:00/gps-fmout/+2.262727e-07
2026.271.11:48:00/gps-maser/+1.650000e-07
2026.271.11:49:00/gps-fmout/+2.271818e-07
2026.271.11:49:00/gps-maser/+1.651481e-07
2026.271.11:50:00/gps-fmout/+2.280624e-07
2026.271.11:50:00/gps-maser/+1.670000e-07
2026.271.11:51:00/gps-fmout/+2.270000e-07
2026.271.11:51:00/gps-maser/+1.670000e-07
2026.271.11:52:00/gps-fmout/+2.261207e-07
2026.271.11:52:00/gps-maser/+1.664686e-07
2026.271.11:53:00/gps-fmout/+2.275649e-07
2026.271.11:53:00/gps-maser/+1.666061e-07
2026.271.11:54:00/gps-fmout/+2.296273e-07
2026.271.11:54:00/gps-maser/+1.684242e-07
2026.271.11:55:00/gps-fmout/+2.323325e-07
2026.271.11:55:00/gps-maser/+1.703898e-07
2026.271.11:56:00/gps-fmout/+2.341330e-07
2026.271.11:56:00/gps-maser/+1.750000e-07
2026.271.11:57:00/gps-fmout/+2.366743e-07
2026.271.11:57:00/gps-maser/+1.750000e-07
2026.271.11:58:00/gps-fmout/+2.370789e-07
2026.271.11:58:00/gps-maser/+1.750000e-07
2026.271.11:59:00/gps-fmout/+2.367859e-07
2026.271.11:59:00/gps-maser/+1.746703e-07
2026.271.12:00:00/gps-fmout/+2.359493e-07
2026.271.12:00:00/gps-maser/+1.730000e-07
2026.271.12:01:00/gps-fmout/+2.358355e-07
2026.271.12:01:00/gps-maser/+1.730000e-07
2026.271.12:02:00/gps-fmout/+2.330000e-07
2026.271.12:02:00/gps-maser/+1.726135e-07
2026.271.12:03:00/gps-fmout/+2.318887e-07
2026.271.12:03:00/gps-maser/+1.719620e-07
2026.271.12:04:00/gps-fmout/+2.314031e-07
2026.271.12:04:00/gps-maser/+1.713261e-07
2026.271.12:05:00/gps-fmout/+2.301315e-07
2026.271.12:05:00/gps-maser/+1.687227e-07
2026.271.12:06:00/gps-fmout/+2.310000e-07
2026.271.12:06:00/gps-maser/+1.693012e-07
2026.271.12:07:00/gps-fmout/+2.310000e-07
2026.271.12:07:00/gps-maser/+1.720722e-07
2026.271.12:08:00/gps-fmout/+2.323926e-07
2026.271.12:08:00/gps-maser/+1.733695e-07
2026.271.12:09:00/gps-fmout/+2.322726e-07
2026.271.12:09:00/gps-maser/+1.722442e-07
2026.271.12:10:00/gps-fmout/+2.273427e-07
2026.271.12:10:00/gps-maser/+1.687956e-07
2026.271.12:11:00/gps-fmout/+2.258182e-07
2026.271.12:11:00/gps-maser/+1.645159e-07
2026.271.12:12:00/gps-fmout/+2.249091e-07
2026.271.12:12:00/gps-maser/+1.640960e-07
2026.271.12:13:00/gps-fmout/+2.240000e-07
2026.271.12:13:00/gps-maser/+1.648898e-07
2026.271.12:14:00/gps-fmout/+nan
2026.271.12:14:00/gps-maser/+nan
2026.271.12:15:00/gps-fmout/+nan
2026.271.12:15:00/gps-maser/+nan
2026.271.12:16:00/gps-fmout/+nan
2026.271.12:16:00/gps-maser/+nan
2026.271.12:17:00/gps-fmout/+nan
2026.271.12:17:00/gps-maser/+nan
2026.271.12:18:00/gps-fmout/+nan
2026.271.12:18:00/gps-maser/+nan
2026.271.12:19:00/gps-fmout/+nan
2026.271.12:19:00/gps-maser/+nan
2026.271.12:20:00/gps-fmout/+nan
2026.271.12:20:00/gps-maser/+nan
2026.271.12:21:00/gps-fmout/+nan
2026.271.12:21:00/gps-maser/+nan
2026.271.12:22:00/gps-fmout/+nan
2026.271.12:22:00/gps-maser/+nan
2026.271.12:23:00/gps-fmout/+nan
2026.271.12:23:00/gps-maser/+nan
2026.271.12:24:00/gps-fmout/+nan
2026.271.12:24:00/gps-maser/+nan
2026.271.12:25:00/gps-fmout/+nan
2026.271.12:25:00/gps-maser/+nan
2026.271.12:26:00/gps-fmout/+nan
2026.271.12:26:00/gps-maser/+nan
2026.271.12:27:00/gps-fmout/+nan
2026.271.12:27:00/gps-maser/+nan
2026.271.12:28:00/gps-fmout/+nan
2026.271.12:28:00/gps-maser/+nan
2026.271.12:29:00/gps-fmout/+nan
2026.271.12:29:00/gps-maser/+nan
2026.271.12:30:00/gps-fmout/+nan
2026.271.12:30:00/gps-maser/+nan
2026.271.12:31:00/gps-fmout/+nan
2026.271.12:31:00/gps-maser/+nan
2026.271.12:32:00/gps-fmout/+nan
2026.271.12:32:00/gps-maser/+nan
2026.271.12:33:00/gps-fmout/+nan
2026.271.12:33:00/gps-maser/+nan
2026.271.12:34:00/gps-fmout/+nan
2026.271.12:34:00/gps-maser/+nan
2026.271.12:35:00/gps-fmout/+nan
2026.271.12:35:00/gps-maser/+nan
2026.271.12:36:00/gps-fmout/+nan
2026.271.12:36:00/gps-maser/+nan
2026.271.12:37:00/gps-fmout/+nan
2026.271.12:37:00/gps-maser/+nan
2026.271.12:38:00/gps-fmout/+nan
2026.271.12:38:00/gps-maser/+nan
2026.271.12:39:00/gps-fmout/+nan
2026.271.12:39:00/gps-maser/+nan
2026.271.12:40:00/gps-fmout/+nan
2026.271.12:40:00/gps-maser/+nan
2026.271.12:41:00/gps-fmout/+nan
2026.271.12:41:00/gps-maser/+nan
2026.271.12:42:00/gps-fmout/+nan
2026.271.12:42:00/gps-maser/+nan
2026.271.12:43:00/gps-fmout/+nan
2026.271.12:43:00/gps-maser/+nan
2026.271.12:44:00/gps-fmout/+nan
2026.271.12:44:00/gps-maser/+nan
2026.271.12:45:00/gps-fmout/+nan
2026.271.12:45:00/gps-maser/+nan
2026.271.12:46:00/gps-fmout/+nan
2026.271.12:46:00/gps-maser/+nan
2026.271.12:47:00/gps-fmout/+nan
2026.271.12:47:00/gps-maser/+nan
2026.271.12:48:00/gps-fmout/+nan
2026.271.12:48:00/gps-maser/+nan
2026.271.12:49:00/gps-fmout/+nan
2026.271.12:49:00/gps-maser/+nan
2026.271.12:50:00/gps-fmout/+nan
2026.271.12:50:00/gps-maser/+nan
2026.271.12:51:00/gps-fmout/+nan
2026.271.12:51:00/gps-maser/+nan
2026.271.12:52:00/gps-fmout/+nan
2026.271.12:52:00/gps-maser/+nan
2026.271.12:53:00/gps-fmout/+nan
2026.271.12:53:00/gps-maser/+nan
2026.271.12:54:00/gps-fmout/+nan
2026.271.12:54:00/gps-maser/+nan
2026.271.12:55:00/gps-fmout/+nan
2026.271.12:55:00/gps-maser/+nan
2026.271.12:56:00/gps-fmout/+nan
2026.271.12:56:00/gps-maser/+nan
2026.271.12:57:00/gps-fmout/+nan
2026.271.12:57:00/gps-maser/+nan
2026.271.12:58:00/gps-fmout/+nan
2026.271.12:58:00/gps-maser/+nan
2026.271.12:59:00/gps-fmout/+nan
2026.271.12:59:00/gps-maser/+nan
2026.271.13:00:00/gps-fmout/+nan
2026.271.13:00:00/gps-maser/+nan
2026.271.13:01:00/gps-fmout/+nan
2026.271.13:01:00/gps-maser/+nan
2026.271.13:02:00/gps-fmout/+nan
2026.271.13:02:00/gps-maser/+nan
2026.271.13:03:00/gps-fmout/+nan
2026.271.13:03:00/gps-maser/+nan
2026.271.13:04:00/gps-fmout/+nan
2026.271.13:04:00/gps-maser/+nan
2026.271.13:05:00/gps-fmout/+nan
2026.271.13:05:00/gps-maser/+nan
2026.271.13:06:00/gps-fmout/+nan
2026.271.13:06:00/gps-maser/+nan
2026.271.13:07:00/gps-fmout/+nan
2026.271.13:07:00/gps-maser/+nan
2026.271.13:08:00/gps-fmout/+nan
2026.271.13:08:00/gps-maser/+nan
2026.271.13:09:00/gps-fmout/+nan
2026.271.13:09:00/gps-maser/+nan
2026.271.13:10:00/gps-fmout/+nan
2026.271.13:10:00/gps-maser/+nan
2026.271.13:11:00/gps-fmout/+nan
2026.271.13:11:00/gps-maser/+nan
2026.271.13:12:00/gps-fmout/+nan
2026.271.13:12:00/gps-maser/+nan
2026.271.13:13:00/gps-fmout/+nan
2026.271.13:13:00/gps-maser/+nan
2026.271.13:14:00/gps-fmout/+nan
2026.271.13:14:00/gps-maser/+nan
2026.271.13:15:00/gps-fmout/+nan
2026.271.13:15:00/gps-maser/+nan
2026.271.13:16:00/gps-fmout/+nan
2026.271.13:16:00/gps-maser/+nan
2026.271.13:17:00/gps-fmout/+nan
2026.271.13:17:00/gps-maser/+nan
2026.271.13:18:00/gps-fmout/+nan
2026.271.13:18:00/gps-maser/+nan
2026.271.13:19:00/gps-fmout/+nan
2026.271.13:19:00/gps-maser/+nan
2026.271.13:20:00/gps-fmout/+nan
2026.271.13:20:00/gps-maser/+nan
2026.271.13:21:00/gps-fmout/+nan
2026.271.13:21:00/gps-maser/+nan
2026.271.13:22:00/gps-fmout/+nan
2026.271.13:22:00/gps-maser/+nan
2026.271.13:23:00/gps-fmout/+nan
2026.271.13:23:00/gps-maser/+nan
2026.271.13:24:00/gps-fmout/+nan
2026.271.13:24:00/gps-maser/+nan
2026.271.13:25:00/gps-fmout/+nan
2026.271.13:25:00/gps-maser/+nan
2026.271.13:26:00/gps-fmout/+nan
2026.271.13:26:00/gps-maser/+nan
2026.271.13:27:00/gps-fmout/+nan
2026.271.13:27:00/gps-maser/+nan
2026.271.13:28:00/gps-fmout/+nan
2026.271.13:28:00/gps-maser/+nan
2026.271.13:29:00/gps-fmout/+nan
2026.271.13:29:00/gps-maser/+nan
2026.271.13:30:00/gps-fmout/+nan
2026.271.13:30:00/gps-maser/+nan
2026.271.13:31:00/gps-fmout/+nan
2026.271.13:31:00/gps-maser/+nan
2026.271.13:32:00/gps-fmout/+nan
2026.271.13:32:00/gps-maser/+nan
2026.271.13:33:00/gps-fmout/+nan
2026.271.13:33:00/gps-maser/+nan
2026.271.13:34:00/gps-fmout/+nan
2026.271.13:34:00/gps-maser/+nan
2026.271.13:35:00/gps-fmout/+nan
2026.271.13:35:00/gps-maser/+nan
2026.271.13:36:00/gps-fmout/+nan
2026.271.13:36:00/gps-maser/+nan
2026.271.13:37:00/gps-fmout/+nan
2026.271.13:37:00/gps-maser/+nan
2026.271.13:38:00/gps-fmout/+nan
2026.271.13:38:00/gps-maser/+nan
2026.271.13:39:00/gps-fmout/+nan
2026.271.13:39:00/gps-maser/+nan
2026.271.13:40:00/gps-fmout/+nan
2026.271.13:40:00/gps-maser/+nan
2026.271.13:41:00/gps-fmout/+nan
2026.271.13:41:00/gps-maser/+nan
2026.271.13:42:00/gps-fmout/+nan
2026.271.13:42:00/gps-maser/+nan
2026.271.13:43:00/gps-fmout/+nan
2026.271.13:43:00/gps-maser/+nan
2026.271.13:44:00/gps-fmout/+nan
2026.271.13:44:00/gps-maser/+nan
2026.271.13:45:00/gps-fmout/+nan
2026.271.13:45:00/gps-maser/+nan
2026.271.13:46:00/gps-fmout/+nan
2026.271.13:46:00/gps-maser/+nan
2026.271.13:47:00/gps-fmout/+nan
2026.271.13:47:00/gps-maser/+nan
2026.271.13:48:00/gps-fmout/+nan
2026.271.13:48:00/gps-maser/+nan
2026.271.13:49:00/gps-fmout/+nan
2026.271.13:49:00/gps-maser/+nan
2026.271.13:50:00/gps-fmout/+nan
2026.271.13:50:00/gps-maser/+nan
2026.271.13:51:00/gps-fmout/+nan
2026.271.13:51:00/gps-maser/+nan
2026.271.13:52:00/gps-fmout/+nan
2026.271.13:52:00/gps-maser/+nan
2026.271.13:53:00/gps-fmout/+nan
2026.271.13:53:00/gps-maser/+nan
2026.271.13:54:00/gps-fmout/+nan
2026.271.13:54:00/gps-maser/+nan
2026.271.13:55:00/gps-fmout/+nan
2026.271.13:55:00/gps-maser/+nan
2026.271.13:56:00/gps-fmout/+nan
2026.271.13:56:00/gps-maser/+nan
2026.271.13:57:00/gps-fmout/+nan
2026.271.13:57:00/gps-maser/+nan
2026.271.13:58:00/gps-fmout/+nan
2026.271.13:58:00/gps-maser/+nan
2026.271.13:59:00/gps-fmout/+nan
2026.271.13:59:00/gps-maser/+nan
2026.271.14:00:00/gps-fmout/+nan
2026.271.14:00:00/gps-maser/+nan
2026.271.14:01:00/gps-fmout/+nan
2026.271.14:01:00/gps-maser/+nan
2026.271.14:02:00/gps-fmout/+nan
2026.271.14:02:00/gps-maser/+nan
2026.271.14:03:00/gps-fmout/+nan
2026.271.14:03:00/gps-maser/+nan
2026.271.14:04:00/gps-fmout/+nan
2026.271.14:04:00/gps-maser/+nan
2026.271.14:05:00/gps-fmout/+nan
2026.271.14:05:00/gps-maser/+nan
2026.271.14:06:00/gps-fmout/+nan
2026.271.14:06:00/gps-maser/+nan
2026.271.14:07:00/gps-fmout/+nan
2026.271.14:07:00/gps-maser/+nan
2026.271.14:08:00/gps-fmout/+nan
2026.271.14:08:00/gps-maser/+nan
2026.271.14:09:00/gps-fmout/+nan
2026.271.14:09:00/gps-maser/+nan
2026.271.14:10:00/gps-fmout/+nan
2026.271.14:10:00/gps-maser/+nan
2026.271.14:11:00/gps-fmout/+nan
2026.271.14:11:00/gps-maser/+nan
2026.271.14:12:00/gps-fmout/+nan
2026.271.14:12:00/gps-maser/+nan
2026.271.14:13:00/gps-fmout/+nan
2026.271.14:13:00/gps-maser/+nan
2026.271.14:14:00/gps-fmout/+nan
2026.271.14:14:00/gps-maser/+nan
2026.271.14:15:00/gps-fmout/+nan
2026.271.14:15:00/gps-maser/+nan
2026.271.14:16:00/gps-fmout/+nan
2026.271.14:16:00/gps-maser/+nan
2026.271.14:17:00/gps-fmout/+nan
2026.271.14:17:00/gps-maser/+nan
2026.271.14:18:00/gps-fmout/+nan
2026.271.14:18:00/gps-maser/+nan
2026.271.14:19:00/gps-fmout/+nan
2026.271.14:19:00/gps-maser/+nan
2026.271.14:20:00/gps-fmout/+nan
2026.271.14:20:00/gps-maser/+nan
2026.271.14:21:00/gps-fmout/+nan
2026.271.14:21:00/gps-maser/+nan
2026.271.14:22:00/gps-fmout/+nan
2026.271.14:22:00/gps-maser/+nan
2026.271.14:23:00/gps-fmout/+nan
2026.271.14:23:00/gps-maser/+nan
2026.271.14:24:00/gps-fmout/+nan
2026.271.14:24:00/gps-maser/+nan
2026.271.14:25:00/gps-fmout/+nan
2026.271.14:25:00/gps-maser/+nan
2026.271.14:26:00/gps-fmout/+nan
2026.271.14:26:00/gps-maser/+nan
2026.271.14:27:00/gps-fmout/+nan
2026.271.14:27:00/gps-maser/+nan
2026.271.14:28:00/gps-fmout/+nan
2026.271.14:28:00/gps-maser/+nan
2026.271.14:29:00/gps-fmout/+nan
2026.271.14:29:00/gps-maser/+nan
2026.271.14:30:00/gps-fmout/+nan
2026.271.14:30:00/gps-maser/+nan
2026.271.14:31:00/gps-fmout/+nan
2026.271.14:31:00/gps-maser/+nan
2026.271.14:32:00/gps-fmout/+nan
2026.271.14:32:00/gps-maser/+nan
2026.271.14:33:00/gps-fmout/+nan
2026.271.14:33:00/gps-maser/+nan
2026.271.14:34:00/gps-fmout/+nan
2026.271.14:34:00/gps-maser/+nan
2026.271.14:35:00/gps-fmout/+nan
2026.271.14:35:00/gps-maser/+nan
2026.271.14:36:00/gps-fmout/+nan
2026.271.14:36:00/gps-maser/+nan
2026.271.14:37:00/gps-fmout/+nan
2026.271.14:37:00/gps-maser/+nan
2026.271.14:38:00/gps-fmout/+nan
2026.271.14:38:00/gps-maser/+nan
2026.271.14:39:00/gps-fmout/+nan
2026.271.14:39:00/gps-maser/+nan
2026.271.14:40:00/gps-fmout/+nan
2026.271.14:40:00/gps-maser/+nan
2026.271.14:41:00/gps-fmout/+nan
2026.271.14:41:00/gps-maser/+nan
2026.271.14:42:00/gps-fmout/+nan
2026.271.14:42:00/gps-maser/+nan
2026.271.14:43:00/gps-fmout/+nan
2026.271.14:43:00/gps-maser/+nan
2026.271.14:44:00/gps-fmout/+nan
2026.271.14:44:00/gps-maser/+nan
2026.271.14:45:00/gps-fmout/+nan
2026.271.14:45:00/gps-maser/+nan
2026.271.14:46:00/gps-fmout/+nan
2026.271.14:46:00/gps-maser/+nan
2026.271.14:47:00/gps-fmout/+nan
2026.271.14:47:00/gps-maser/+nan
2026.271.14:48:00/gps-fmout/+nan
2026.271.14:48:00/gps-maser/+nan
2026.271.14:49:00/gps-fmout/+nan
2026.271.14:49:00/gps-maser/+nan
2026.271.14:50:00/gps-fmout/+nan
2026.271.14:50:00/gps-maser/+nan
2026.271.14:51:00/gps-fmout/+nan
2026.271.14:51:00/gps-maser/+nan
