2026.270.22:00:00;APEX Database Weather Data for Timerange of mn006a
2026.270.22:00:00;The format is wx/temp[C],press[mbar],humid[%],speed[m/s],direction[deg],pwv[mm]
2026.270.22:01:00/wx/1.90,557.6,35.7,8.72,252,3.13
2026.270.22:02:00/wx/1.78,557.7,35.9,7.79,256,3.12
2026.270.22:03:00/wx/1.90,557.6,35.1,10.16,250,3.09
2026.270.22:04:00/wx/1.70,557.7,38.1,6.35,272,3.16
2026.270.22:05:00/wx/1.90,557.7,38.0,6.53,280,3.25
2026.270.22:06:00/wx/1.80,557.7,39.2,5.82,275,3.26
2026.270.22:07:00/wx/1.62,557.7,42.1,6.05,274,3.21
2026.270.22:08:00/wx/1.60,557.7,40.5,4.95,266,3.16
2026.270.22:09:00/wx/1.60,557.7,39.3,5.89,271,3.15
2026.270.22:10:00/wx/1.80,557.7,37.5,5.53,260,3.13
2026.270.22:11:00/wx/1.70,557.7,38.7,8.06,280,3.14
2026.270.22:12:00/wx/1.70,557.7,37.9,8.09,263,3.17
2026.270.22:13:00/wx/1.80,557.7,34.7,7.53,256,3.15
2026.270.22:14:00/wx/1.64,557.7,35.7,7.74,253,3.15
2026.270.22:15:00/wx/1.30,557.7,38.4,8.06,255,3.22
2026.270.22:16:00/wx/1.35,557.7,37.5,7.94,252,3.24
2026.270.22:17:00/wx/1.40,557.7,36.6,7.84,255,3.23
2026.270.22:18:00/wx/1.72,557.7,35.7,9.64,247,3.19
2026.270.22:19:00/wx/1.30,557.7,39.8,5.08,271,3.11
2026.270.22:20:00/wx/1.31,557.7,39.1,4.86,272,3.10
2026.270.22:21:00/wx/1.40,557.7,39.0,6.07,270,3.09
2026.270.22:22:00/wx/1.29,557.7,39.3,6.02,269,3.12
2026.270.22:23:00/wx/1.68,557.7,34.7,5.55,262,3.12
2026.270.22:24:00/wx/1.38,557.8,38.3,5.63,274,3.17
2026.270.22:25:00/wx/1.30,557.8,39.4,6.83,274,3.18
2026.270.22:26:00/wx/1.37,557.8,38.0,4.99,273,3.19
2026.270.22:27:00/wx/1.49,557.8,36.5,5.93,271,3.16
2026.270.22:28:00/wx/1.29,557.8,38.2,5.78,273,3.22
2026.270.22:29:00/wx/1.20,557.8,39.8,5.49,255,3.21
2026.270.22:30:00/wx/1.21,557.8,37.9,7.07,268,3.23
2026.270.22:31:00/wx/1.30,557.9,37.0,5.48,271,3.19
2026.270.22:32:00/wx/1.39,557.9,36.8,5.31,261,3.25
2026.270.22:33:00/wx/1.40,557.9,36.0,5.68,268,3.30
2026.270.22:34:00/wx/1.50,557.8,35.2,4.72,273,3.23
2026.270.22:35:00/wx/1.19,557.8,38.7,3.85,264,3.19
2026.270.22:36:00/wx/0.70,557.9,43.4,5.33,277,3.17
2026.270.22:37:00/wx/0.78,557.9,41.5,5.60,254,3.15
2026.270.22:38:00/wx/0.90,557.9,40.1,4.40,272,3.13
2026.270.22:39:00/wx/1.36,557.9,35.9,4.53,265,3.16
2026.270.22:40:00/wx/1.50,557.9,34.7,5.80,256,3.23
2026.270.22:41:00/wx/1.40,557.9,35.4,4.72,267,3.20
2026.270.22:42:00/wx/1.10,557.9,37.4,3.86,273,3.21
2026.270.22:43:00/wx/1.02,557.9,38.4,5.78,266,3.23
2026.270.22:44:00/wx/1.42,557.9,35.0,5.21,266,3.21
2026.270.22:45:00/wx/1.00,557.9,37.6,4.81,260,3.17
2026.270.22:46:00/wx/1.05,557.9,38.2,4.97,264,3.15
2026.270.22:47:00/wx/1.30,557.9,36.0,4.71,265,3.18
2026.270.22:48:00/wx/1.33,557.9,36.1,6.33,254,3.22
2026.270.22:49:00/wx/1.23,557.9,36.7,6.28,249,3.23
2026.270.22:50:00/wx/0.99,557.9,39.2,5.71,252,3.20
2026.270.22:51:00/wx/0.80,557.9,41.0,4.97,259,3.27
2026.270.22:52:00/wx/0.70,557.9,41.0,5.79,253,3.29
2026.270.22:53:00/wx/0.70,557.9,40.1,5.42,257,3.27
2026.270.22:54:00/wx/0.70,557.9,40.0,5.85,255,3.32
2026.270.22:55:00/wx/0.79,557.9,39.6,4.97,256,3.24
2026.270.22:56:00/wx/0.60,557.9,40.6,5.39,251,3.25
2026.270.22:57:00/wx/0.50,557.9,41.5,4.93,253,3.22
2026.270.22:58:00/wx/0.40,557.9,41.6,6.05,249,3.25
2026.270.22:59:00/wx/0.40,557.9,41.8,5.82,248,3.15
2026.270.23:00:00/wx/0.30,557.9,42.3,4.94,251,3.19
2026.270.23:01:00/wx/0.30,557.9,42.2,6.06,248,3.21
2026.270.23:02:00/wx/0.20,557.9,42.7,6.12,246,3.23
2026.270.23:03:00/wx/0.10,557.9,43.6,6.02,247,3.28
2026.270.23:04:00/wx/-0.09,557.8,44.5,5.80,246,3.30
2026.270.23:05:00/wx/-0.30,557.9,45.7,6.13,248,3.24
2026.270.23:06:00/wx/-0.14,557.8,44.1,7.12,247,3.31
2026.270.23:07:00/wx/0.30,557.9,40.8,6.52,240,3.34
2026.270.23:08:00/wx/-0.10,557.8,43.4,6.74,244,3.32
2026.270.23:09:00/wx/-0.40,557.9,45.9,6.69,244,3.29
2026.270.23:10:00/wx/-0.52,557.8,47.3,5.43,244,3.17
2026.270.23:11:00/wx/-0.70,557.8,47.7,5.85,244,3.14
2026.270.23:12:00/wx/-0.90,557.8,49.2,5.59,250,3.18
2026.270.23:13:00/wx/-0.60,557.8,47.1,5.45,244,3.22
2026.270.23:14:00/wx/-0.78,557.8,47.7,4.35,253,3.21
2026.270.23:15:00/wx/-0.57,557.8,46.7,4.73,265,3.62
2026.270.23:16:00/wx/-0.23,557.8,42.9,4.49,269,3.51
2026.270.23:17:00/wx/-0.10,557.8,38.9,4.51,271,3.47
2026.270.23:18:00/wx/-0.10,557.8,38.0,4.33,275,3.45
2026.270.23:19:00/wx/0.00,557.8,36.6,5.11,277,3.49
2026.270.23:20:00/wx/-0.10,557.8,37.3,4.21,274,3.50
2026.270.23:21:00/wx/0.10,557.8,35.1,3.87,273,3.43
2026.270.23:22:00/wx/-0.00,557.8,36.6,4.32,272,3.42
2026.270.23:23:00/wx/-0.10,557.7,36.8,4.57,278,3.38
2026.270.23:24:00/wx/-0.10,557.7,37.4,5.04,278,3.40
2026.270.23:25:00/wx/-0.10,557.7,36.9,4.62,278,3.45
2026.270.23:26:00/wx/-0.20,557.8,39.0,3.91,275,3.37
2026.270.23:27:00/wx/-0.30,557.7,39.2,3.76,276,3.36
2026.270.23:28:00/wx/-0.20,557.8,38.0,3.92,263,3.30
2026.270.23:29:00/wx/0.00,557.8,36.7,4.02,247,3.23
2026.270.23:30:00/wx/-0.40,557.8,38.7,5.52,241,3.40
2026.270.23:31:00/wx/-0.28,557.8,36.9,3.70,230,3.21
2026.270.23:32:00/wx/-0.81,557.8,40.9,3.73,240,3.32
2026.270.23:33:00/wx/-1.10,557.8,42.8,4.10,242,3.23
2026.270.23:34:00/wx/-1.30,557.8,43.7,3.43,239,3.24
2026.270.23:35:00/wx/-1.40,557.8,45.1,3.74,223,3.26
2026.270.23:36:00/wx/-1.38,557.9,41.7,3.29,245,3.29
2026.270.23:37:00/wx/-1.50,557.8,43.8,3.34,224,3.34
2026.270.23:38:00/wx/-1.40,557.9,42.1,4.25,218,3.40
2026.270.23:39:00/wx/-1.50,557.8,42.0,5.02,223,3.43
2026.270.23:40:00/wx/-1.33,557.9,40.2,4.82,224,3.48
2026.270.23:41:00/wx/-1.39,557.9,40.4,3.60,228,3.39
2026.270.23:42:00/wx/-1.40,557.9,41.3,3.20,223,3.46
2026.270.23:43:00/wx/-1.50,557.9,41.7,2.79,219,3.44
2026.270.23:44:00/wx/-1.50,557.9,42.0,3.12,226,3.35
2026.270.23:45:00/wx/-1.70,557.9,42.8,2.48,233,3.35
2026.270.23:46:00/wx/-1.90,557.9,45.7,0.70,332,3.40
2026.270.23:47:00/wx/-2.00,557.9,46.5,1.68,28,3.44
2026.270.23:48:00/wx/-2.10,557.9,45.9,1.33,20,3.31
2026.270.23:49:00/wx/-2.00,557.9,45.5,2.00,62,3.31
2026.270.23:50:00/wx/-1.90,558.0,44.5,1.23,80,3.32
2026.270.23:51:00/wx/-1.90,557.9,44.3,0.53,10,3.29
2026.270.23:52:00/wx/-1.80,557.9,43.5,1.45,100,3.33
2026.270.23:53:00/wx/-1.80,557.9,43.0,0.90,47,3.38
2026.270.23:54:00/wx/-1.70,557.9,43.0,0.81,75,3.41
2026.270.23:55:00/wx/-1.80,557.9,43.2,0.35,76,3.35
2026.270.23:56:00/wx/-1.89,557.9,43.8,0.63,329,3.40
2026.270.23:57:00/wx/-1.90,557.9,44.1,0.34,276,3.38
2026.270.23:58:00/wx/-1.90,557.9,42.8,0.67,233,3.38
2026.270.23:59:00/wx/-1.80,557.9,43.4,0.63,354,3.28
2026.271.00:00:00/wx/-1.80,557.9,42.7,0.81,114,3.21
2026.271.00:01:00/wx/-1.81,557.9,42.9,0.83,71,3.31
2026.271.00:02:00/wx/-1.99,557.9,43.1,1.11,47,3.21
2026.271.00:03:00/wx/-1.90,557.9,42.1,1.14,237,3.14
2026.271.00:04:00/wx/-1.90,557.9,42.3,1.03,326,3.24
2026.271.00:05:00/wx/-1.80,557.8,41.8,1.48,353,3.27
2026.271.00:06:00/wx/-1.61,557.8,41.1,2.32,354,3.15
2026.271.00:07:00/wx/-1.50,557.8,40.0,2.84,359,3.18
2026.271.00:08:00/wx/-1.50,557.8,40.3,2.92,360,3.17
2026.271.00:09:00/wx/-1.50,557.8,40.4,3.40,2,3.11
2026.271.00:10:00/wx/-1.30,557.8,39.3,2.45,207,3.15
2026.271.00:11:00/wx/-1.30,557.7,39.1,2.87,33,3.17
2026.271.00:12:00/wx/-1.10,557.7,38.5,3.09,73,3.14
2026.271.00:13:00/wx/-1.18,557.8,38.8,3.47,239,3.12
2026.271.00:14:00/wx/-1.00,557.8,38.1,3.14,358,3.18
2026.271.00:15:00/wx/-0.95,557.8,37.5,3.04,342,3.23
2026.271.00:16:00/wx/-0.70,557.8,36.2,2.76,347,3.13
2026.271.00:17:00/wx/-0.60,557.8,36.3,2.72,337,3.09
2026.271.00:18:00/wx/-0.50,557.7,35.4,2.23,339,3.08
2026.271.00:19:00/wx/-0.40,557.8,35.1,2.32,338,3.09
2026.271.00:20:00/wx/-0.40,557.8,35.4,1.94,330,3.13
2026.271.00:21:00/wx/-0.40,557.8,35.5,1.65,319,3.19
2026.271.00:22:00/wx/-0.40,557.8,35.1,1.75,315,3.27
2026.271.00:23:00/wx/-0.40,557.8,34.7,1.93,307,3.20
2026.271.00:24:00/wx/-0.40,557.8,34.6,2.14,298,3.22
2026.271.00:25:00/wx/-0.40,557.8,34.5,2.33,291,3.24
2026.271.00:26:00/wx/-0.40,557.8,34.0,2.14,287,3.21
2026.271.00:27:00/wx/-0.30,557.8,33.8,2.34,294,3.18
2026.271.00:28:00/wx/-0.20,557.8,33.4,2.57,306,3.16
2026.271.00:29:00/wx/-0.10,557.8,33.1,2.02,318,3.06
2026.271.00:30:00/wx/-0.10,557.8,33.2,1.99,316,3.08
2026.271.00:31:00/wx/-0.10,557.8,33.2,2.23,316,3.10
2026.271.00:32:00/wx/-0.10,557.8,33.2,2.20,317,3.11
2026.271.00:33:00/wx/-0.10,557.8,33.1,2.53,308,3.14
2026.271.00:34:00/wx/-0.10,557.8,33.0,1.94,295,3.16
2026.271.00:35:00/wx/0.10,557.8,33.2,2.06,295,3.17
2026.271.00:36:00/wx/0.10,557.8,32.8,1.02,272,3.17
2026.271.00:37:00/wx/0.13,557.8,33.3,1.49,291,3.14
2026.271.00:38:00/wx/0.10,557.8,33.1,1.39,311,3.13
2026.271.00:39:00/wx/-0.01,557.8,33.8,1.37,329,3.10
2026.271.00:40:00/wx/0.00,557.8,33.8,1.26,314,3.06
2026.271.00:41:00/wx/0.00,557.8,33.7,2.93,318,3.04
2026.271.00:42:00/wx/0.20,557.8,33.3,0.87,306,3.07
2026.271.00:43:00/wx/0.20,557.8,33.2,1.78,320,3.11
2026.271.00:44:00/wx/0.10,557.8,33.0,1.31,306,3.11
2026.271.00:45:00/wx/0.20,557.8,33.1,1.39,284,3.15
2026.271.00:46:00/wx/0.20,557.9,33.1,2.32,234,3.16
2026.271.00:47:00/wx/0.31,557.9,32.6,2.01,224,3.12
2026.271.00:48:00/wx/0.20,557.9,32.7,2.40,230,3.12
2026.271.00:49:00/wx/0.30,557.9,32.5,3.00,224,3.13
2026.271.00:50:00/wx/0.30,557.9,32.3,2.33,207,3.13
2026.271.00:51:00/wx/0.30,557.9,32.4,2.12,212,3.07
2026.271.00:52:00/wx/0.20,557.9,33.0,2.22,226,3.07
2026.271.00:53:00/wx/-0.08,557.9,34.1,2.14,243,3.02
2026.271.00:54:00/wx/-0.30,558.0,34.7,1.59,238,2.97
2026.271.00:55:00/wx/-0.37,557.9,35.0,1.49,231,2.88
2026.271.00:56:00/wx/-0.20,557.9,34.2,1.52,233,2.94
2026.271.00:57:00/wx/-0.06,557.9,33.4,1.23,236,2.96
2026.271.00:58:00/wx/0.00,557.9,33.0,1.51,226,2.95
2026.271.00:59:00/wx/0.10,557.9,32.8,1.62,221,2.94
2026.271.01:00:00/wx/0.17,557.9,32.6,1.71,222,2.91
2026.271.01:01:00/wx/0.20,557.9,32.5,1.42,218,2.88
2026.271.01:02:00/wx/0.20,557.9,32.6,1.52,215,2.86
2026.271.01:03:00/wx/0.20,557.9,32.6,1.52,206,2.88
2026.271.01:04:00/wx/0.10,557.9,32.6,1.42,204,2.85
2026.271.01:05:00/wx/0.10,557.9,32.7,1.26,205,2.86
2026.271.01:06:00/wx/0.10,557.9,32.8,0.92,210,2.84
2026.271.01:07:00/wx/0.08,557.9,33.7,0.78,142,2.83
2026.271.01:08:00/wx/-0.60,557.9,36.1,2.09,13,2.87
2026.271.01:09:00/wx/-0.80,557.9,36.6,1.80,25,2.86
2026.271.01:10:00/wx/-0.80,557.9,36.9,1.44,44,2.89
2026.271.01:11:00/wx/-0.70,557.9,36.3,1.11,32,2.84
2026.271.01:12:00/wx/-0.60,557.9,35.9,0.73,38,2.81
2026.271.01:13:00/wx/-0.60,557.9,35.8,0.91,63,2.80
2026.271.01:14:00/wx/-0.50,557.9,35.6,0.71,56,2.75
2026.271.01:15:00/wx/-0.50,557.9,35.4,0.66,56,2.73
2026.271.01:16:00/wx/-0.50,557.9,35.3,0.50,40,2.70
2026.271.01:17:00/wx/-0.50,557.9,35.4,0.45,28,2.71
2026.271.01:18:00/wx/-0.60,558.0,35.2,0.31,27,2.65
2026.271.01:19:00/wx/-0.57,558.0,35.0,0.30,52,2.59
2026.271.01:20:00/wx/-0.50,558.0,35.1,0.38,61,2.56
2026.271.01:21:00/wx/-0.50,557.9,35.2,1.51,91,2.56
2026.271.01:22:00/wx/-0.60,557.9,35.6,1.11,71,2.55
2026.271.01:23:00/wx/-0.60,557.9,36.3,1.11,73,2.49
2026.271.01:24:00/wx/-0.80,557.9,37.1,1.14,67,2.44
2026.271.01:25:00/wx/-0.90,557.9,37.2,1.20,39,2.39
2026.271.01:26:00/wx/-0.69,557.9,36.1,1.20,32,2.64
2026.271.01:27:00/wx/-0.54,557.9,35.4,0.91,156,2.42
2026.271.01:28:00/wx/-0.50,557.9,35.2,0.60,5,2.43
2026.271.01:29:00/wx/-0.50,557.9,35.5,0.84,226,2.40
2026.271.01:30:00/wx/-0.50,557.9,35.1,0.89,357,2.35
2026.271.01:31:00/wx/-0.50,557.9,35.0,0.83,343,2.37
2026.271.01:32:00/wx/-0.56,558.0,35.0,0.92,334,2.34
2026.271.01:33:00/wx/-0.70,557.9,35.3,0.93,327,2.51
2026.271.01:34:00/wx/-0.80,558.0,36.1,1.64,333,2.53
2026.271.01:35:00/wx/-0.60,557.9,35.2,1.63,338,2.51
2026.271.01:36:00/wx/-0.49,558.0,34.7,1.72,336,2.44
2026.271.01:37:00/wx/-0.30,558.0,34.2,1.52,327,2.34
2026.271.01:38:00/wx/-0.10,558.0,33.6,1.83,327,2.29
2026.271.01:39:00/wx/0.00,557.9,32.6,1.93,320,2.33
2026.271.01:40:00/wx/-0.10,557.9,33.1,1.93,312,2.23
2026.271.01:41:00/wx/0.01,558.0,32.0,2.46,322,2.24
2026.271.01:42:00/wx/0.26,558.0,29.6,2.63,330,2.41
2026.271.01:43:00/wx/0.60,558.0,27.2,2.63,325,2.41
2026.271.01:44:00/wx/0.70,558.0,26.8,2.66,332,2.39
2026.271.01:45:00/wx/0.70,557.9,26.6,3.02,340,2.28
2026.271.01:46:00/wx/0.92,558.0,24.6,3.14,321,2.32
2026.271.01:47:00/wx/0.51,558.0,26.4,2.96,324,2.30
2026.271.01:48:00/wx/0.60,558.0,26.1,3.03,335,2.39
2026.271.01:49:00/wx/0.91,558.0,23.5,2.93,333,2.37
2026.271.01:50:00/wx/1.09,557.9,22.7,2.83,343,2.31
2026.271.01:51:00/wx/1.34,558.0,21.1,3.62,341,2.30
2026.271.01:52:00/wx/1.07,557.9,22.2,3.40,337,2.29
2026.271.01:53:00/wx/0.90,557.9,22.6,3.63,343,2.30
2026.271.01:54:00/wx/0.60,557.9,24.5,3.34,328,2.34
2026.271.01:55:00/wx/0.70,557.9,23.9,3.44,334,2.34
2026.271.01:56:00/wx/0.92,557.9,22.8,3.63,341,2.34
2026.271.01:57:00/wx/1.10,557.9,21.7,3.89,343,2.35
2026.271.01:58:00/wx/1.09,557.9,21.7,3.63,347,2.38
2026.271.01:59:00/wx/0.79,557.9,23.1,4.10,347,2.37
2026.271.02:00:00/wx/0.42,557.9,24.4,3.73,349,2.38
2026.271.02:01:00/wx/0.25,557.9,24.4,4.74,350,2.38
2026.271.02:02:00/wx/0.84,557.9,22.2,4.29,350,2.42
2026.271.02:03:00/wx/-0.12,557.9,26.3,3.57,346,2.41
2026.271.02:04:00/wx/0.60,557.9,23.3,4.01,343,2.39
2026.271.02:05:00/wx/0.90,557.9,21.6,4.04,344,2.37
2026.271.02:06:00/wx/0.77,557.9,22.6,4.09,340,2.44
2026.271.02:07:00/wx/0.99,557.9,21.5,4.03,337,2.43
2026.271.02:08:00/wx/0.70,557.9,22.7,4.15,335,2.42
2026.271.02:09:00/wx/0.50,558.0,23.7,4.06,332,2.41
2026.271.02:10:00/wx/0.31,558.0,24.3,4.23,337,2.46
2026.271.02:11:00/wx/0.10,558.0,24.6,3.84,337,2.45
2026.271.02:12:00/wx/-0.22,557.9,25.3,4.32,335,2.42
2026.271.02:13:00/wx/0.00,558.0,23.8,4.43,335,2.46
2026.271.02:14:00/wx/0.17,558.0,22.7,4.51,336,2.42
2026.271.02:15:00/wx/-0.50,557.9,26.4,4.51,335,2.42
2026.271.02:16:00/wx/-0.03,557.9,23.0,4.81,338,2.45
2026.271.02:17:00/wx/0.20,558.0,21.9,4.74,335,2.49
2026.271.02:18:00/wx/0.32,558.0,21.3,4.93,337,2.46
2026.271.02:19:00/wx/0.97,557.9,18.9,4.89,334,2.43
2026.271.02:20:00/wx/0.50,558.0,20.7,5.32,343,2.44
2026.271.02:21:00/wx/0.63,557.9,20.3,5.08,338,2.43
2026.271.02:22:00/wx/0.60,558.0,20.6,4.53,334,2.47
2026.271.02:23:00/wx/0.59,557.9,20.8,4.24,342,2.47
2026.271.02:24:00/wx/-0.06,557.9,23.6,4.67,338,2.44
2026.271.02:25:00/wx/0.00,557.9,23.5,4.63,335,2.45
2026.271.02:26:00/wx/0.34,557.9,22.0,4.06,334,2.42
2026.271.02:27:00/wx/0.31,557.9,22.5,4.07,333,2.44
2026.271.02:28:00/wx/0.40,557.9,22.5,4.42,341,2.42
2026.271.02:29:00/wx/0.30,557.9,22.9,4.48,340,2.40
2026.271.02:30:00/wx/0.40,557.9,22.8,4.53,343,2.41
2026.271.02:31:00/wx/0.10,557.9,24.3,4.64,340,2.39
2026.271.02:32:00/wx/0.38,557.9,23.0,4.46,342,2.40
2026.271.02:33:00/wx/0.70,557.9,21.3,4.19,341,2.39
2026.271.02:34:00/wx/0.74,557.9,21.2,4.53,343,2.38
2026.271.02:35:00/wx/0.60,557.9,22.2,4.23,342,2.39
2026.271.02:36:00/wx/0.39,557.9,23.1,4.48,340,2.40
2026.271.02:37:00/wx/0.79,557.9,21.2,4.55,343,2.41
2026.271.02:38:00/wx/0.72,557.9,21.4,4.60,341,2.45
2026.271.02:39:00/wx/1.00,557.9,20.1,4.58,344,2.42
2026.271.02:40:00/wx/1.10,557.8,19.6,4.53,337,2.43
2026.271.02:41:00/wx/1.10,557.9,19.9,4.69,344,2.41
2026.271.02:42:00/wx/1.01,557.8,20.2,4.86,341,2.38
2026.271.02:43:00/wx/1.01,557.9,20.4,4.65,339,2.38
2026.271.02:44:00/wx/0.42,557.8,23.0,4.64,341,2.36
2026.271.02:45:00/wx/0.60,557.8,21.8,5.23,344,2.35
2026.271.02:46:00/wx/0.44,557.8,22.4,5.03,342,2.33
2026.271.02:47:00/wx/0.50,557.8,22.0,5.32,343,2.33
2026.271.02:48:00/wx/0.42,557.8,22.3,5.27,340,2.33
2026.271.02:49:00/wx/0.80,557.8,20.6,5.05,339,2.30
2026.271.02:50:00/wx/0.69,557.8,21.1,5.33,343,2.27
2026.271.02:51:00/wx/0.20,557.8,23.3,5.13,344,2.27
2026.271.02:52:00/wx/0.19,557.8,23.0,5.33,340,2.24
2026.271.02:53:00/wx/0.40,557.8,22.1,5.34,342,2.25
2026.271.02:54:00/wx/0.22,557.8,22.9,5.45,341,2.24
2026.271.02:55:00/wx/0.50,557.8,22.2,5.31,340,2.23
2026.271.02:56:00/wx/0.30,557.8,22.9,5.10,339,2.21
2026.271.02:57:00/wx/0.61,557.8,21.9,4.84,339,2.24
2026.271.02:58:00/wx/0.17,557.8,24.0,4.84,342,2.22
2026.271.02:59:00/wx/0.12,557.8,24.0,5.19,342,2.24
2026.271.03:00:00/wx/0.10,557.8,24.0,5.24,347,2.23
2026.271.03:01:00/wx/0.60,557.8,21.9,4.73,342,2.24
2026.271.03:02:00/wx/0.31,557.8,23.5,4.84,341,2.24
2026.271.03:03:00/wx/0.30,557.8,23.8,4.84,340,2.25
2026.271.03:04:00/wx/0.40,557.8,23.2,4.59,341,2.24
2026.271.03:05:00/wx/0.40,557.8,23.2,5.14,340,2.22
2026.271.03:06:00/wx/0.35,557.8,23.7,5.18,342,2.21
2026.271.03:07:00/wx/0.20,557.8,23.8,5.33,341,2.17
2026.271.03:08:00/wx/0.54,557.8,22.5,5.34,340,2.15
2026.271.03:09:00/wx/0.59,557.8,22.2,5.25,346,2.16
2026.271.03:10:00/wx/0.50,557.8,22.9,5.18,340,2.17
2026.271.03:11:00/wx/0.30,557.8,23.7,5.04,340,2.17
2026.271.03:12:00/wx/0.20,557.8,24.3,4.93,339,2.19
2026.271.03:13:00/wx/-0.00,557.8,25.2,4.97,338,2.19
2026.271.03:14:00/wx/0.07,557.8,24.8,4.75,335,2.18
2026.271.03:15:00/wx/0.50,557.8,22.7,5.38,338,2.19
2026.271.03:16:00/wx/0.40,557.8,23.5,4.46,333,2.19
2026.271.03:17:00/wx/0.40,557.8,23.3,4.33,336,2.20
2026.271.03:18:00/wx/-0.24,557.8,25.8,4.94,334,2.20
2026.271.03:19:00/wx/-0.12,557.8,25.3,4.82,338,2.19
2026.271.03:20:00/wx/0.42,557.8,22.8,5.03,341,2.18
2026.271.03:21:00/wx/0.24,557.8,23.6,4.97,336,2.16
2026.271.03:22:00/wx/0.00,557.7,24.8,4.63,339,2.15
2026.271.03:23:00/wx/-0.14,557.7,25.6,4.87,336,2.13
2026.271.03:24:00/wx/0.00,557.7,25.1,4.86,339,2.12
2026.271.03:25:00/wx/0.20,557.7,24.1,4.62,332,2.10
2026.271.03:26:00/wx/0.30,557.6,23.6,4.81,337,2.10
2026.271.03:27:00/wx/0.30,557.7,23.6,4.63,337,2.11
2026.271.03:28:00/wx/0.35,557.6,23.0,4.39,338,2.12
2026.271.03:29:00/wx/-0.17,557.7,25.5,4.82,336,2.13
2026.271.03:30:00/wx/-0.51,557.7,26.6,4.84,336,2.14
2026.271.03:31:00/wx/-0.20,557.6,25.4,4.65,337,2.12
2026.271.03:32:00/wx/-0.10,557.6,25.1,4.25,334,2.12
2026.271.03:33:00/wx/-0.30,557.6,26.0,4.70,338,2.16
2026.271.03:34:00/wx/-0.20,557.7,25.8,4.83,338,2.19
2026.271.03:35:00/wx/-0.30,557.7,26.3,4.76,337,2.17
2026.271.03:36:00/wx/-0.56,557.6,27.3,4.87,338,2.15
2026.271.03:37:00/wx/-0.49,557.7,27.0,4.84,335,2.16
2026.271.03:38:00/wx/-0.30,557.6,25.9,4.53,336,2.16
2026.271.03:39:00/wx/-0.00,557.6,24.8,4.45,334,2.16
2026.271.03:40:00/wx/-0.12,557.6,25.2,4.34,337,2.16
2026.271.03:41:00/wx/-0.20,557.6,25.4,4.33,335,2.16
2026.271.03:42:00/wx/-0.10,557.6,25.1,3.84,324,2.17
2026.271.03:43:00/wx/-0.24,557.6,25.4,3.98,322,2.15
2026.271.03:44:00/wx/-0.30,557.6,25.8,3.84,330,2.15
2026.271.03:45:00/wx/-0.60,557.6,27.0,3.95,333,2.14
2026.271.03:46:00/wx/-0.40,557.6,25.8,3.94,330,2.10
2026.271.03:47:00/wx/-0.30,557.6,25.5,4.05,337,2.12
2026.271.03:48:00/wx/-0.50,557.6,26.8,3.72,336,2.16
2026.271.03:49:00/wx/-0.69,557.6,27.4,3.82,336,2.15
2026.271.03:50:00/wx/-0.70,557.6,26.9,3.94,334,2.14
2026.271.03:51:00/wx/-0.72,557.6,27.0,4.09,337,2.15
2026.271.03:52:00/wx/-0.60,557.6,26.5,4.41,335,2.13
2026.271.03:53:00/wx/-0.44,557.6,26.0,4.37,334,2.16
2026.271.03:54:00/wx/-0.50,557.6,26.2,4.24,336,2.14
2026.271.03:55:00/wx/-0.81,557.6,27.7,4.33,337,2.17
2026.271.03:56:00/wx/-0.90,557.5,28.1,4.04,336,2.17
2026.271.03:57:00/wx/-1.11,557.5,29.0,4.60,331,2.18
2026.271.03:58:00/wx/-0.84,557.6,27.6,3.77,326,2.18
2026.271.03:59:00/wx/-0.90,557.6,28.0,3.83,319,2.17
2026.271.04:00:00/wx/-1.37,557.5,30.3,3.26,321,2.16
2026.271.04:01:00/wx/-2.19,557.5,33.5,3.06,316,2.20
2026.271.04:02:00/wx/-1.88,557.5,32.7,3.78,329,2.23
2026.271.04:03:00/wx/-1.25,557.5,29.3,3.83,331,2.23
2026.271.04:04:00/wx/-0.70,557.5,27.2,3.73,330,2.23
2026.271.04:05:00/wx/-0.50,557.5,26.5,3.72,331,2.25
2026.271.04:06:00/wx/-0.60,557.5,27.1,3.77,331,2.26
2026.271.04:07:00/wx/-0.60,557.5,27.0,3.83,338,2.22
2026.271.04:08:00/wx/-0.50,557.5,26.1,3.99,340,2.25
2026.271.04:09:00/wx/-0.30,557.5,25.4,3.83,342,2.26
2026.271.04:10:00/wx/-0.30,557.5,25.4,4.03,334,2.26
2026.271.04:11:00/wx/-0.20,557.4,24.9,3.90,338,2.27
2026.271.04:12:00/wx/-0.40,557.4,26.1,3.49,335,2.28
2026.271.04:13:00/wx/-0.39,557.4,26.2,3.54,338,2.29
2026.271.04:14:00/wx/-0.60,557.4,26.9,3.33,328,2.27
2026.271.04:15:00/wx/-1.19,557.4,29.6,3.46,328,2.27
2026.271.04:16:00/wx/-1.00,557.4,28.4,3.49,334,2.30
2026.271.04:17:00/wx/-0.71,557.3,27.2,4.02,332,2.28
2026.271.04:18:00/wx/-0.80,557.3,27.5,3.28,335,2.27
2026.271.04:19:00/wx/-1.50,557.3,30.6,3.63,335,2.27
2026.271.04:20:00/wx/-1.67,557.3,31.1,3.50,331,2.29
2026.271.04:21:00/wx/-1.21,557.3,29.4,3.62,337,2.27
2026.271.04:22:00/wx/-0.78,557.3,27.5,3.44,330,2.27
2026.271.04:23:00/wx/-0.60,557.3,26.7,3.57,336,2.26
2026.271.04:24:00/wx/-0.50,557.2,26.1,3.53,340,2.25
2026.271.04:25:00/wx/-0.30,557.2,25.5,3.71,338,2.28
2026.271.04:26:00/wx/-0.10,557.2,24.7,3.83,342,2.32
2026.271.04:27:00/wx/0.01,557.2,24.6,3.63,344,2.34
2026.271.04:28:00/wx/-0.27,557.2,25.5,3.94,345,2.35
2026.271.04:29:00/wx/-0.30,557.1,25.9,4.03,344,2.34
2026.271.04:30:00/wx/-0.34,557.2,25.8,4.43,346,2.37
2026.271.04:31:00/wx/-0.32,557.2,25.7,3.89,345,2.38
2026.271.04:32:00/wx/-0.32,557.2,25.4,3.82,349,2.37
2026.271.04:33:00/wx/-0.20,557.1,25.1,3.50,338,2.38
2026.271.04:34:00/wx/-0.20,557.1,25.2,4.13,341,2.37
2026.271.04:35:00/wx/-0.10,557.1,24.9,3.36,338,2.39
2026.271.04:36:00/wx/-0.01,557.1,24.7,3.52,339,2.41
2026.271.04:37:00/wx/0.01,557.1,24.4,2.87,329,2.50
2026.271.04:38:00/wx/0.00,557.1,24.5,3.26,337,2.42
2026.271.04:39:00/wx/-0.20,557.1,25.5,3.23,339,2.42
2026.271.04:40:00/wx/-0.20,557.1,25.4,3.26,343,2.45
2026.271.04:41:00/wx/-0.19,557.1,25.1,3.97,343,2.46
2026.271.04:42:00/wx/0.00,557.0,24.3,2.99,334,2.50
2026.271.04:43:00/wx/-0.10,557.1,24.6,3.36,333,2.51
2026.271.04:44:00/wx/0.00,557.1,24.4,3.43,336,2.52
2026.271.04:45:00/wx/-0.10,557.1,24.7,3.07,333,2.52
2026.271.04:46:00/wx/0.00,557.0,24.5,2.65,326,2.50
2026.271.04:47:00/wx/-0.10,557.0,24.9,3.22,331,2.54
2026.271.04:48:00/wx/-0.20,557.0,25.2,3.00,306,2.41
2026.271.04:49:00/wx/-0.40,557.0,25.7,2.73,318,2.46
2026.271.04:50:00/wx/-0.40,557.0,25.6,2.66,310,2.48
2026.271.04:51:00/wx/-0.60,556.9,26.4,2.75,316,2.51
2026.271.04:52:00/wx/-0.60,557.0,26.4,2.65,325,2.55
2026.271.04:53:00/wx/-0.69,557.0,27.0,2.17,325,2.49
2026.271.04:54:00/wx/-0.80,557.0,27.4,2.73,324,2.49
2026.271.04:55:00/wx/-1.34,556.9,29.3,2.94,332,2.53
2026.271.04:56:00/wx/-1.23,556.9,29.0,2.77,334,2.53
2026.271.04:57:00/wx/-1.00,556.9,27.9,2.53,332,2.51
2026.271.04:58:00/wx/-0.85,556.9,27.4,2.79,334,2.47
2026.271.04:59:00/wx/-0.60,556.9,26.6,2.64,330,2.48
2026.271.05:00:00/wx/-0.46,556.9,26.1,2.57,320,2.47
2026.271.05:01:00/wx/-0.50,556.9,26.2,3.27,321,2.49
2026.271.05:02:00/wx/-0.52,556.9,26.1,3.43,313,2.53
2026.271.05:03:00/wx/-0.60,556.9,26.5,2.48,315,2.58
2026.271.05:04:00/wx/-0.60,556.9,26.5,2.55,316,2.61
2026.271.05:05:00/wx/-0.70,556.9,26.8,3.13,310,2.62
2026.271.05:06:00/wx/-0.80,556.9,26.9,2.99,300,2.63
2026.271.05:07:00/wx/-0.70,556.9,26.6,2.95,314,2.66
2026.271.05:08:00/wx/-0.70,556.9,26.7,3.53,303,2.66
2026.271.05:09:00/wx/-0.80,556.9,26.9,3.62,306,2.66
2026.271.05:10:00/wx/-0.80,556.9,26.9,3.53,297,2.65
2026.271.05:11:00/wx/-0.90,556.9,27.1,3.43,296,2.67
2026.271.05:12:00/wx/-0.79,556.9,27.5,4.42,283,2.66
2026.271.05:13:00/wx/-0.60,556.9,27.2,4.37,287,2.68
2026.271.05:14:00/wx/-0.49,556.9,27.5,4.83,285,2.68
2026.271.05:15:00/wx/-0.70,556.8,28.6,3.99,281,2.70
2026.271.05:16:00/wx/-1.10,556.8,30.2,4.63,291,2.69
2026.271.05:17:00/wx/-1.20,556.8,30.0,3.63,303,2.72
2026.271.05:18:00/wx/-1.46,556.8,30.2,3.19,318,2.72
2026.271.05:19:00/wx/-1.60,556.8,30.1,3.15,316,2.71
2026.271.05:20:00/wx/-1.73,556.8,30.9,2.93,312,2.73
2026.271.05:21:00/wx/-1.70,556.8,30.8,2.64,306,2.77
2026.271.05:22:00/wx/-1.90,556.8,31.2,2.89,303,2.78
2026.271.05:23:00/wx/-1.95,556.8,31.8,3.16,304,2.80
2026.271.05:24:00/wx/-2.00,556.9,32.0,3.33,306,2.82
2026.271.05:25:00/wx/-2.00,556.8,32.2,3.73,315,2.82
2026.271.05:26:00/wx/-1.90,556.9,31.9,4.40,313,2.80
2026.271.05:27:00/wx/-1.80,556.9,31.6,3.41,317,2.82
2026.271.05:28:00/wx/-1.80,556.9,31.6,4.20,319,2.80
2026.271.05:29:00/wx/-1.70,556.9,31.4,4.13,301,2.80
2026.271.05:30:00/wx/-1.94,556.9,31.9,4.02,320,2.80
2026.271.05:31:00/wx/-2.21,556.9,33.3,3.36,318,2.77
2026.271.05:32:00/wx/-2.40,556.8,33.6,3.66,307,2.77
2026.271.05:33:00/wx/-2.47,556.9,34.5,3.45,291,2.81
2026.271.05:34:00/wx/-2.70,556.8,36.5,3.23,274,2.86
2026.271.05:35:00/wx/-2.26,556.9,36.5,4.02,273,2.89
2026.271.05:36:00/wx/-1.62,556.9,34.1,3.85,277,2.90
2026.271.05:37:00/wx/-1.39,556.9,33.5,4.11,273,2.90
2026.271.05:38:00/wx/-1.20,556.9,32.8,4.29,277,2.91
2026.271.05:39:00/wx/-1.10,556.8,32.6,4.13,278,2.88
2026.271.05:40:00/wx/-1.00,556.8,32.3,3.93,276,2.91
2026.271.05:41:00/wx/-1.10,556.8,32.8,3.49,276,2.92
2026.271.05:42:00/wx/-1.20,556.8,32.9,3.72,277,2.95
2026.271.05:43:00/wx/-1.62,556.8,35.4,3.96,285,2.90
2026.271.05:44:00/wx/-2.20,556.8,38.0,4.23,284,2.88
2026.271.05:45:00/wx/-2.10,556.8,36.8,4.28,289,2.84
2026.271.05:46:00/wx/-2.39,556.8,37.5,4.21,288,2.85
2026.271.05:47:00/wx/-2.40,556.8,37.7,3.85,290,2.86
2026.271.05:48:00/wx/-2.23,556.7,36.5,3.83,289,2.85
2026.271.05:49:00/wx/-2.20,556.7,36.0,3.82,290,2.87
2026.271.05:50:00/wx/-2.10,556.7,35.7,3.83,290,2.86
2026.271.05:51:00/wx/-2.10,556.7,35.3,3.62,295,2.87
2026.271.05:52:00/wx/-2.00,556.7,35.2,3.63,295,2.89
2026.271.05:53:00/wx/-2.00,556.7,35.7,3.90,289,2.92
2026.271.05:54:00/wx/-2.10,556.7,37.3,4.13,283,2.93
2026.271.05:55:00/wx/-2.20,556.7,38.7,4.32,284,2.90
2026.271.05:56:00/wx/-2.20,556.7,38.5,4.24,286,2.95
2026.271.05:57:00/wx/-2.30,556.7,39.0,3.92,291,2.98
2026.271.05:58:00/wx/-2.50,556.6,40.0,3.93,297,3.02
2026.271.05:59:00/wx/-2.60,556.6,39.3,4.02,302,2.99
2026.271.06:00:00/wx/-2.70,556.6,38.8,3.69,300,2.96
2026.271.06:01:00/wx/-2.70,556.6,38.7,3.23,301,3.02
2026.271.06:02:00/wx/-2.80,556.6,38.6,3.43,297,2.99
2026.271.06:03:00/wx/-2.81,556.6,38.6,3.72,296,3.02
2026.271.06:04:00/wx/-2.40,556.6,38.0,3.83,298,3.00
2026.271.06:05:00/wx/-2.09,556.6,37.1,3.67,299,2.99
2026.271.06:06:00/wx/-2.39,556.6,37.6,3.53,304,3.00
2026.271.06:07:00/wx/-2.81,556.6,38.8,3.28,311,3.04
2026.271.06:08:00/wx/-2.90,556.5,39.3,3.27,316,3.01
2026.271.06:09:00/wx/-2.80,556.6,38.7,3.24,319,3.03
2026.271.06:10:00/wx/-2.70,556.5,37.9,3.61,318,3.01
2026.271.06:11:00/wx/-2.40,556.6,37.0,3.63,322,3.03
2026.271.06:12:00/wx/-2.20,556.6,36.2,3.69,322,3.01
2026.271.06:13:00/wx/-2.20,556.6,35.8,3.61,319,2.97
2026.271.06:14:00/wx/-2.20,556.5,35.9,4.05,313,2.97
2026.271.06:15:00/wx/-2.20,556.6,35.8,3.75,310,2.99
2026.271.06:16:00/wx/-2.10,556.5,35.8,3.63,308,3.01
2026.271.06:17:00/wx/-2.10,556.5,35.4,3.49,310,3.02
2026.271.06:18:00/wx/-2.20,556.5,35.7,4.03,305,3.02
2026.271.06:19:00/wx/-2.20,556.5,35.6,3.61,306,3.00
2026.271.06:20:00/wx/-2.30,556.5,36.1,3.46,307,3.04
2026.271.06:21:00/wx/-2.40,556.5,36.4,3.23,309,3.06
2026.271.06:22:00/wx/-2.54,556.5,36.8,3.23,311,3.07
2026.271.06:23:00/wx/-2.60,556.5,37.1,3.70,316,3.05
2026.271.06:24:00/wx/-2.61,556.5,37.3,3.22,313,3.05
2026.271.06:25:00/wx/-2.87,556.4,37.9,3.20,316,3.05
2026.271.06:26:00/wx/-3.00,556.4,38.4,3.13,312,2.99
2026.271.06:27:00/wx/-3.06,556.4,38.8,3.23,316,2.98
2026.271.06:28:00/wx/-2.91,556.4,38.4,3.23,316,2.97
2026.271.06:29:00/wx/-2.80,556.4,38.0,3.21,321,2.98
2026.271.06:30:00/wx/-2.80,556.4,37.9,3.57,322,3.00
2026.271.06:31:00/wx/-2.70,556.3,37.7,3.84,326,3.03
2026.271.06:32:00/wx/-2.50,556.4,37.4,4.13,328,3.04
2026.271.06:33:00/wx/-2.20,556.3,36.8,4.12,330,3.01
2026.271.06:34:00/wx/-2.00,556.3,36.3,3.53,327,3.02
2026.271.06:35:00/wx/-2.20,556.3,36.7,3.56,328,3.01
2026.271.06:36:00/wx/-2.20,556.3,36.8,4.02,324,2.98
2026.271.06:37:00/wx/-2.30,556.3,37.1,3.88,323,2.99
2026.271.06:38:00/wx/-2.10,556.3,36.7,3.81,323,2.98
2026.271.06:39:00/wx/-2.00,556.3,36.2,3.51,321,2.97
2026.271.06:40:00/wx/-2.00,556.3,36.2,3.86,325,2.98
2026.271.06:41:00/wx/-2.89,556.3,38.4,3.44,319,2.97
2026.271.06:42:00/wx/-2.73,556.2,38.8,3.60,322,3.00
2026.271.06:43:00/wx/-3.11,556.2,40.2,3.73,322,3.01
2026.271.06:44:00/wx/-2.80,556.2,39.2,4.08,322,3.02
2026.271.06:45:00/wx/-2.52,556.2,38.4,4.13,325,3.02
2026.271.06:46:00/wx/-2.70,556.3,38.4,3.64,318,2.99
2026.271.06:47:00/wx/-2.50,556.3,38.3,3.63,317,2.96
2026.271.06:48:00/wx/-2.59,556.2,38.3,3.44,307,3.03
2026.271.06:49:00/wx/-2.90,556.2,39.6,3.76,307,3.02
2026.271.06:50:00/wx/-2.60,556.2,38.5,4.17,315,3.05
2026.271.06:51:00/wx/-2.60,556.2,38.1,3.95,312,3.05
2026.271.06:52:00/wx/-2.75,556.2,38.5,3.68,310,3.05
2026.271.06:53:00/wx/-3.00,556.2,39.7,3.75,318,3.00
2026.271.06:54:00/wx/-3.04,556.2,39.6,3.36,302,2.98
2026.271.06:55:00/wx/-3.30,556.2,40.8,3.60,291,2.98
2026.271.06:56:00/wx/-3.00,556.2,40.1,3.46,297,2.99
2026.271.06:57:00/wx/-2.90,556.2,39.8,3.80,304,3.00
2026.271.06:58:00/wx/-2.90,556.2,39.4,3.73,293,2.99
2026.271.06:59:00/wx/-2.97,556.2,39.8,3.77,296,2.96
2026.271.07:00:00/wx/-2.70,556.2,39.0,3.66,298,2.99
2026.271.07:01:00/wx/-2.50,556.2,38.4,4.28,303,3.00
2026.271.07:02:00/wx/-2.60,556.1,38.4,3.74,308,2.99
2026.271.07:03:00/wx/-2.60,556.1,38.5,3.53,304,2.97
2026.271.07:04:00/wx/-2.60,556.1,38.5,3.42,302,2.99
2026.271.07:05:00/wx/-2.69,556.1,38.5,3.70,303,3.02
2026.271.07:06:00/wx/-2.80,556.1,38.7,3.59,310,3.05
2026.271.07:07:00/wx/-3.06,556.1,39.6,3.52,312,3.06
2026.271.07:08:00/wx/-3.40,556.1,40.7,3.63,317,3.06
2026.271.07:09:00/wx/-3.93,556.1,42.4,3.59,321,3.05
2026.271.07:10:00/wx/-3.41,556.1,41.7,3.51,313,3.07
2026.271.07:11:00/wx/-3.30,556.1,40.8,3.41,313,3.08
2026.271.07:12:00/wx/-3.40,556.1,41.2,3.51,314,3.08
2026.271.07:13:00/wx/-3.30,556.0,41.0,3.43,314,3.09
2026.271.07:14:00/wx/-3.51,556.0,41.2,3.51,314,3.10
2026.271.07:15:00/wx/-3.68,556.0,41.8,3.24,310,3.11
2026.271.07:16:00/wx/-3.71,556.0,42.0,3.23,305,3.13
2026.271.07:17:00/wx/-3.73,556.0,42.2,3.34,309,3.14
2026.271.07:18:00/wx/-3.60,556.0,41.8,2.94,300,3.15
2026.271.07:19:00/wx/-3.55,556.0,41.8,3.24,306,3.16
2026.271.07:20:00/wx/-3.40,556.0,41.1,3.02,307,3.13
2026.271.07:21:00/wx/-3.50,556.0,41.1,3.41,313,3.10
2026.271.07:22:00/wx/-3.60,556.0,41.4,3.19,313,3.08
2026.271.07:23:00/wx/-3.70,556.0,41.8,3.42,318,3.12
2026.271.07:24:00/wx/-3.70,556.0,42.1,3.30,319,3.10
2026.271.07:25:00/wx/-3.70,556.0,42.0,3.53,320,3.11
2026.271.07:26:00/wx/-3.48,556.0,41.2,3.65,322,3.11
2026.271.07:27:00/wx/-3.30,556.0,40.6,4.01,326,3.13
2026.271.07:28:00/wx/-3.20,556.0,40.4,3.83,325,3.09
2026.271.07:29:00/wx/-3.20,556.0,40.4,3.96,320,3.13
2026.271.07:30:00/wx/-3.10,556.0,40.0,3.93,319,3.17
2026.271.07:31:00/wx/-3.00,556.0,39.7,3.86,320,3.19
2026.271.07:32:00/wx/-3.00,556.0,39.5,4.26,318,3.16
2026.271.07:33:00/wx/-2.90,556.0,39.2,4.42,312,3.13
2026.271.07:34:00/wx/-2.90,555.9,39.1,3.65,306,3.11
2026.271.07:35:00/wx/-3.00,556.0,39.3,3.63,298,3.10
2026.271.07:36:00/wx/-3.10,555.9,39.4,3.42,296,3.14
2026.271.07:37:00/wx/-3.07,556.0,39.6,3.66,297,3.15
2026.271.07:38:00/wx/-3.20,556.0,40.0,4.10,301,3.15
2026.271.07:39:00/wx/-3.30,556.0,40.4,3.68,296,3.15
2026.271.07:40:00/wx/-3.30,556.0,40.6,3.53,292,3.12
2026.271.07:41:00/wx/-3.40,555.9,40.9,3.45,295,3.15
2026.271.07:42:00/wx/-3.40,555.9,41.3,3.47,299,3.16
2026.271.07:43:00/wx/-3.40,555.9,41.6,3.34,305,3.17
2026.271.07:44:00/wx/-3.54,556.0,41.7,3.43,310,3.14
2026.271.07:45:00/wx/-3.80,555.9,41.8,3.53,319,3.15
2026.271.07:46:00/wx/-4.01,555.9,42.5,3.18,315,3.14
2026.271.07:47:00/wx/-4.10,555.9,43.1,3.53,322,3.16
2026.271.07:48:00/wx/-3.90,555.9,42.7,3.74,329,3.17
2026.271.07:49:00/wx/-3.70,555.9,42.5,4.00,327,3.17
2026.271.07:50:00/wx/-3.31,555.9,41.4,3.93,325,3.14
2026.271.07:51:00/wx/-3.77,555.9,42.5,4.02,320,3.13
2026.271.07:52:00/wx/-3.50,555.9,42.0,3.70,319,3.13
2026.271.07:53:00/wx/-3.31,555.8,41.0,3.83,320,3.12
2026.271.07:54:00/wx/-3.40,555.9,41.2,3.98,321,3.11
2026.271.07:55:00/wx/-3.31,555.9,41.2,3.65,316,3.13
2026.271.07:56:00/wx/-3.20,555.8,40.8,3.55,307,3.13
2026.271.07:57:00/wx/-3.10,555.8,40.5,3.20,301,3.14
2026.271.07:58:00/wx/-3.10,555.8,40.4,3.13,312,3.19
2026.271.07:59:00/wx/-3.40,555.8,41.0,4.21,326,3.18
2026.271.08:00:00/wx/-3.70,555.8,42.2,3.49,312,3.17
2026.271.08:01:00/wx/-3.95,555.8,43.4,4.90,341,3.24
2026.271.08:02:00/wx/-4.08,555.8,44.7,4.77,337,3.22
2026.271.08:03:00/wx/-3.70,555.8,44.2,3.93,334,3.17
2026.271.08:04:00/wx/-2.95,555.8,41.6,3.84,316,3.15
2026.271.08:05:00/wx/-2.71,555.8,40.2,4.01,308,3.09
2026.271.08:06:00/wx/-2.60,555.8,39.6,3.73,298,3.11
2026.271.08:07:00/wx/-2.60,555.8,39.2,3.80,298,3.16
2026.271.08:08:00/wx/-2.60,555.8,39.2,3.83,313,3.21
2026.271.08:09:00/wx/-2.90,555.8,39.7,4.07,327,3.16
2026.271.08:10:00/wx/-3.37,555.8,41.2,3.65,314,3.18
2026.271.08:11:00/wx/-3.79,555.8,43.1,3.67,286,3.18
2026.271.08:12:00/wx/-3.43,555.7,42.7,4.29,283,3.17
2026.271.08:13:00/wx/-3.70,555.7,43.0,4.33,327,3.19
2026.271.08:14:00/wx/-3.26,555.8,43.0,5.03,337,3.21
2026.271.08:15:00/wx/-2.23,555.8,39.7,5.27,322,3.16
2026.271.08:16:00/wx/-2.11,555.8,38.6,4.24,295,3.12
2026.271.08:17:00/wx/-2.00,555.8,38.3,4.39,285,3.09
2026.271.08:18:00/wx/-2.20,555.7,38.5,4.13,289,3.14
2026.271.08:19:00/wx/-2.34,555.7,39.1,4.09,289,3.18
2026.271.08:20:00/wx/-2.50,555.8,39.3,4.32,306,3.22
2026.271.08:21:00/wx/-2.92,555.8,40.3,3.76,318,3.20
2026.271.08:22:00/wx/-3.13,555.8,41.3,4.07,322,3.18
2026.271.08:23:00/wx/-3.30,555.8,41.8,3.53,322,3.17
2026.271.08:24:00/wx/-3.59,555.8,43.1,3.45,305,3.16
2026.271.08:25:00/wx/-4.09,555.8,44.4,3.29,292,3.17
2026.271.08:26:00/wx/-3.60,555.7,43.9,3.59,282,3.17
2026.271.08:27:00/wx/-3.34,555.8,42.7,3.53,282,3.18
2026.271.08:28:00/wx/-3.00,555.8,41.4,3.33,290,3.20
2026.271.08:29:00/wx/-3.09,555.8,41.4,2.99,308,3.20
2026.271.08:30:00/wx/-3.69,555.8,43.7,3.54,327,3.21
2026.271.08:31:00/wx/-3.37,555.8,42.9,3.63,319,3.21
2026.271.08:32:00/wx/-3.20,555.8,42.3,4.00,306,3.20
2026.271.08:33:00/wx/-3.50,555.8,42.9,3.43,303,3.19
2026.271.08:34:00/wx/-4.15,555.8,45.0,2.97,338,3.20
2026.271.08:35:00/wx/-4.43,555.7,47.1,4.57,343,3.25
2026.271.08:36:00/wx/-3.05,555.8,43.2,4.62,321,3.23
2026.271.08:37:00/wx/-2.40,555.7,40.1,3.53,317,3.21
2026.271.08:38:00/wx/-2.40,555.8,39.6,3.62,318,3.21
2026.271.08:39:00/wx/-2.30,555.8,39.7,3.48,319,3.23
2026.271.08:40:00/wx/-2.59,555.8,40.1,3.74,325,3.24
2026.271.08:41:00/wx/-3.13,555.8,41.5,4.16,340,3.28
2026.271.08:42:00/wx/-3.34,555.8,42.8,4.10,343,3.27
2026.271.08:43:00/wx/-3.10,555.8,42.3,4.32,343,3.25
2026.271.08:44:00/wx/-3.10,555.8,42.5,3.89,342,3.25
2026.271.08:45:00/wx/-2.91,555.8,42.4,4.25,342,3.28
2026.271.08:46:00/wx/-2.67,555.8,41.2,4.08,339,3.30
2026.271.08:47:00/wx/-2.88,555.8,41.1,3.86,341,3.28
2026.271.08:48:00/wx/-2.99,555.8,41.7,3.81,340,3.26
2026.271.08:49:00/wx/-2.71,555.8,40.9,3.68,331,3.24
2026.271.08:50:00/wx/-2.31,555.7,39.7,3.34,327,3.30
2026.271.08:51:00/wx/-2.50,555.7,40.0,3.21,325,3.31
2026.271.08:52:00/wx/-2.30,555.7,39.8,3.35,334,3.32
2026.271.08:53:00/wx/-2.40,555.7,40.1,3.56,336,3.30
2026.271.08:54:00/wx/-2.60,555.7,40.6,4.06,338,3.32
2026.271.08:55:00/wx/-2.70,555.7,40.7,4.23,340,3.30
2026.271.08:56:00/wx/-2.66,555.7,40.9,3.85,341,3.32
2026.271.08:57:00/wx/-2.32,555.7,39.9,3.66,338,3.30
2026.271.08:58:00/wx/-2.51,555.7,40.0,4.00,341,3.28
2026.271.08:59:00/wx/-2.20,555.7,39.4,3.32,339,3.29
2026.271.09:00:00/wx/-2.20,555.7,39.2,3.53,340,3.29
2026.271.09:01:00/wx/-2.30,555.7,39.7,3.87,343,3.29
2026.271.09:02:00/wx/-2.20,555.7,39.3,3.55,342,3.28
2026.271.09:03:00/wx/-2.44,555.6,39.7,3.05,328,3.29
2026.271.09:04:00/wx/-3.25,555.7,42.7,3.51,341,3.29
2026.271.09:05:00/wx/-2.60,555.7,41.2,3.43,338,3.27
2026.271.09:06:00/wx/-2.53,555.7,40.2,3.30,334,3.26
2026.271.09:07:00/wx/-2.59,555.7,40.2,3.05,325,3.25
2026.271.09:08:00/wx/-2.51,555.7,40.5,2.93,328,3.27
2026.271.09:09:00/wx/-2.43,555.7,40.2,3.23,330,3.28
2026.271.09:10:00/wx/-2.30,555.7,39.3,2.93,329,3.27
2026.271.09:11:00/wx/-2.24,555.7,39.0,2.93,323,3.28
2026.271.09:12:00/wx/-2.21,555.7,39.1,2.82,329,3.28
2026.271.09:13:00/wx/-2.39,555.7,39.5,3.16,322,3.30
2026.271.09:14:00/wx/-2.30,555.7,39.2,2.56,326,3.36
2026.271.09:15:00/wx/-2.50,555.7,39.4,2.93,330,3.38
2026.271.09:16:00/wx/-2.60,555.7,40.0,2.83,326,3.41
2026.271.09:17:00/wx/-2.40,555.8,39.6,2.91,325,3.39
2026.271.09:18:00/wx/-2.30,555.7,39.2,3.01,333,3.37
2026.271.09:19:00/wx/-2.30,555.7,39.0,2.58,329,3.36
2026.271.09:20:00/wx/-2.30,555.7,39.4,2.94,328,3.37
2026.271.09:21:00/wx/-2.20,555.7,39.0,2.61,322,3.38
2026.271.09:22:00/wx/-2.20,555.7,38.8,2.73,319,3.37
2026.271.09:23:00/wx/-2.20,555.7,38.9,2.82,324,3.39
2026.271.09:24:00/wx/-2.20,555.7,38.9,2.87,327,3.37
2026.271.09:25:00/wx/-2.29,555.7,39.0,3.04,335,3.38
2026.271.09:26:00/wx/-2.20,555.7,38.7,3.08,335,3.37
2026.271.09:27:00/wx/-2.20,555.7,38.8,3.04,335,3.35
2026.271.09:28:00/wx/-2.28,555.7,38.9,3.02,335,3.35
2026.271.09:29:00/wx/-2.20,555.7,38.9,2.86,326,3.36
2026.271.09:30:00/wx/-2.10,555.7,38.6,2.41,315,3.35
2026.271.09:31:00/wx/-2.06,555.7,38.5,2.45,312,3.35
2026.271.09:32:00/wx/-2.10,555.7,38.5,2.34,306,3.35
2026.271.09:33:00/wx/-2.10,555.7,38.5,2.53,307,3.36
2026.271.09:34:00/wx/-2.10,555.7,38.5,2.60,315,3.32
2026.271.09:35:00/wx/-2.20,555.7,38.7,2.74,318,3.31
2026.271.09:36:00/wx/-2.20,555.7,38.8,3.00,318,3.33
2026.271.09:37:00/wx/-2.20,555.7,38.9,3.03,314,3.36
2026.271.09:38:00/wx/-2.20,555.7,38.9,2.93,312,3.35
2026.271.09:39:00/wx/-2.20,555.7,39.0,2.93,305,3.35
2026.271.09:40:00/wx/-2.20,555.7,39.1,3.03,302,3.31
2026.271.09:41:00/wx/-2.30,555.7,39.1,3.03,298,3.33
2026.271.09:42:00/wx/-2.30,555.8,39.0,3.03,300,3.35
2026.271.09:43:00/wx/-2.54,555.8,39.5,2.96,293,3.36
2026.271.09:44:00/wx/-2.70,555.8,40.4,2.70,296,3.35
2026.271.09:45:00/wx/-2.70,555.8,40.7,3.12,301,3.35
2026.271.09:46:00/wx/-2.60,555.8,40.4,3.18,302,3.36
2026.271.09:47:00/wx/-2.60,555.8,40.1,2.85,300,3.37
2026.271.09:48:00/wx/-2.60,555.8,40.3,2.93,300,3.39
2026.271.09:49:00/wx/-2.60,555.8,40.4,2.97,298,3.37
2026.271.09:50:00/wx/-2.70,555.8,40.5,2.90,305,3.36
2026.271.09:51:00/wx/-2.76,555.8,40.7,2.83,309,3.37
2026.271.09:52:00/wx/-2.80,555.8,40.8,2.73,308,3.38
2026.271.09:53:00/wx/-2.86,555.8,41.0,2.83,311,3.39
2026.271.09:54:00/wx/-3.00,555.8,41.7,2.75,304,3.44
2026.271.09:55:00/wx/-2.80,555.9,41.2,2.83,306,3.45
2026.271.09:56:00/wx/-2.70,555.8,40.8,2.83,302,3.43
2026.271.09:57:00/wx/-2.60,555.8,40.3,2.83,300,3.44
2026.271.09:58:00/wx/-2.50,555.8,39.8,2.84,299,3.45
2026.271.09:59:00/wx/-2.40,555.9,39.5,2.73,298,3.42
2026.271.10:00:00/wx/-2.31,555.8,39.5,2.73,300,3.43
2026.271.10:01:00/wx/-2.30,555.8,39.5,2.73,305,3.30
2026.271.10:02:00/wx/-2.40,555.9,39.3,2.53,304,3.29
2026.271.10:03:00/wx/-2.56,555.8,40.0,2.68,301,3.31
2026.271.10:04:00/wx/-2.59,555.8,40.0,2.71,294,3.30
2026.271.10:05:00/wx/-2.50,555.9,39.9,2.36,303,3.30
2026.271.10:06:00/wx/-2.60,555.9,40.0,2.15,300,3.29
2026.271.10:07:00/wx/-2.70,555.8,40.2,2.23,308,3.28
2026.271.10:08:00/wx/-2.90,555.9,40.8,2.13,304,3.28
2026.271.10:09:00/wx/-3.19,555.9,41.6,2.03,305,3.27
2026.271.10:10:00/wx/-3.40,555.9,42.3,2.11,316,3.28
2026.271.10:11:00/wx/-3.50,555.9,42.5,2.13,311,3.29
2026.271.10:12:00/wx/-3.50,555.9,42.6,2.13,313,3.28
2026.271.10:13:00/wx/-3.46,555.9,42.5,2.17,317,3.29
2026.271.10:14:00/wx/-3.30,555.9,42.2,2.13,320,3.31
2026.271.10:15:00/wx/-3.18,555.9,41.8,2.32,325,3.31
2026.271.10:16:00/wx/-3.00,556.0,41.4,2.09,321,3.32
2026.271.10:17:00/wx/-2.90,555.9,41.1,2.03,316,3.33
2026.271.10:18:00/wx/-2.80,555.9,40.7,2.02,317,3.31
2026.271.10:19:00/wx/-2.70,555.9,40.5,2.24,315,3.28
2026.271.10:20:00/wx/-2.70,555.9,40.4,2.21,312,3.28
2026.271.10:21:00/wx/-2.70,555.9,40.2,2.33,316,3.29
2026.271.10:22:00/wx/-2.69,555.9,40.2,2.33,320,3.30
2026.271.10:23:00/wx/-2.60,555.9,40.2,2.31,315,3.34
2026.271.10:24:00/wx/-2.60,555.9,40.1,2.34,315,3.32
2026.271.10:25:00/wx/-2.50,555.9,40.1,2.40,314,3.33
2026.271.10:26:00/wx/-2.50,555.9,40.0,2.22,312,3.28
2026.271.10:27:00/wx/-2.50,555.9,40.0,2.33,306,3.27
2026.271.10:28:00/wx/-2.50,555.9,40.0,2.31,297,3.27
2026.271.10:29:00/wx/-2.50,555.9,39.9,2.33,292,3.28
2026.271.10:30:00/wx/-2.50,555.9,39.9,2.33,286,3.29
2026.271.10:31:00/wx/-2.42,555.9,39.8,2.43,283,3.30
2026.271.10:32:00/wx/-2.40,555.9,39.8,2.22,281,3.32
2026.271.10:33:00/wx/-2.40,555.9,39.8,2.33,282,3.31
2026.271.10:34:00/wx/-2.40,556.0,39.6,2.43,283,3.30
2026.271.10:35:00/wx/-2.40,555.9,40.3,2.43,282,3.32
2026.271.10:36:00/wx/-2.30,556.0,40.9,2.35,282,3.35
2026.271.10:37:00/wx/-2.30,556.0,39.9,2.43,283,3.38
2026.271.10:38:00/wx/-2.20,556.0,39.2,2.33,282,3.37
2026.271.10:39:00/wx/-2.20,556.0,38.7,2.33,284,3.36
2026.271.10:40:00/wx/-2.20,555.9,38.3,2.33,287,3.32
2026.271.10:41:00/wx/-2.20,555.9,39.2,2.33,293,3.32
2026.271.10:42:00/wx/-2.31,555.9,39.2,2.33,298,3.31
2026.271.10:43:00/wx/-2.56,555.9,39.5,2.22,303,3.31
2026.271.10:44:00/wx/-2.80,555.9,40.4,2.33,297,3.31
2026.271.10:45:00/wx/-2.93,555.9,41.2,2.43,296,3.30
2026.271.10:46:00/wx/-3.08,555.9,41.1,2.69,309,3.29
2026.271.10:47:00/wx/-3.10,555.9,41.2,2.53,309,3.31
2026.271.10:48:00/wx/-3.14,555.9,41.8,2.63,307,3.33
2026.271.10:49:00/wx/-3.10,556.0,41.6,2.53,303,3.32
2026.271.10:50:00/wx/-3.00,556.0,41.5,2.63,301,3.33
2026.271.10:51:00/wx/-2.90,556.0,41.3,2.52,298,3.36
2026.271.10:52:00/wx/-2.80,556.0,41.3,2.52,298,3.37
2026.271.10:53:00/wx/-2.80,556.0,41.1,2.43,295,3.37
2026.271.10:54:00/wx/-2.70,556.0,40.7,2.53,296,3.38
2026.271.10:55:00/wx/-2.60,556.0,40.3,2.56,301,3.38
2026.271.10:56:00/wx/-2.60,556.0,39.8,2.53,303,3.41
2026.271.10:57:00/wx/-2.50,556.0,40.1,2.24,298,3.38
2026.271.10:58:00/wx/-2.50,556.0,39.9,2.39,309,3.27
2026.271.10:59:00/wx/-2.40,556.0,39.8,2.23,308,3.28
2026.271.11:00:00/wx/-2.30,556.0,39.6,2.32,312,3.27
2026.271.11:01:00/wx/-2.30,556.0,39.4,2.35,305,3.30
2026.271.11:02:00/wx/-2.30,556.0,39.4,2.23,302,3.30
2026.271.11:03:00/wx/-2.30,556.0,39.2,2.31,304,3.32
2026.271.11:04:00/wx/-2.20,556.0,39.2,2.44,308,3.34
2026.271.11:05:00/wx/-2.20,556.0,39.1,2.63,312,3.34
2026.271.11:06:00/wx/-2.12,556.0,38.9,2.56,310,3.37
2026.271.11:07:00/wx/-2.10,556.1,38.7,2.54,308,3.39
2026.271.11:08:00/wx/-2.10,556.1,38.5,2.98,318,3.41
2026.271.11:09:00/wx/-2.20,556.1,38.5,3.04,315,3.42
2026.271.11:10:00/wx/-2.10,556.1,38.6,2.65,315,3.45
2026.271.11:11:00/wx/-2.20,556.1,38.7,2.83,315,3.50
2026.271.11:12:00/wx/-2.20,556.1,38.6,2.93,315,3.50
2026.271.11:13:00/wx/-2.30,556.2,38.5,3.03,311,3.75
2026.271.11:14:00/wx/-2.40,556.2,38.6,2.83,309,3.55
2026.271.11:15:00/wx/-2.30,556.2,38.4,3.05,307,3.56
2026.271.11:16:00/wx/-2.18,556.2,37.9,2.96,309,3.56
2026.271.11:17:00/wx/-2.30,556.2,38.4,3.20,306,3.58
2026.271.11:18:00/wx/-2.45,556.2,39.4,3.08,311,3.57
2026.271.11:19:00/wx/-2.60,556.2,39.9,3.53,314,3.56
2026.271.11:20:00/wx/-2.60,556.2,40.6,3.33,314,3.54
2026.271.11:21:00/wx/-2.60,556.2,40.3,3.33,323,3.56
2026.271.11:22:00/wx/-2.40,556.2,39.4,3.44,322,3.54
2026.271.11:23:00/wx/-2.44,556.2,39.9,3.30,315,3.54
2026.271.11:24:00/wx/-2.40,556.2,39.9,3.34,319,3.53
2026.271.11:25:00/wx/-2.25,556.2,38.6,3.41,328,3.53
2026.271.11:26:00/wx/-2.18,556.2,39.0,3.24,323,3.50
2026.271.11:27:00/wx/-2.40,556.2,41.0,3.23,322,3.47
2026.271.11:28:00/wx/-2.60,556.2,42.9,3.38,324,3.45
2026.271.11:29:00/wx/-2.80,556.2,43.8,3.46,323,3.48
2026.271.11:30:00/wx/-2.82,556.3,45.4,3.09,323,3.50
2026.271.11:31:00/wx/-2.80,556.2,45.8,3.06,322,3.51
2026.271.11:32:00/wx/-2.50,556.3,43.4,3.44,318,3.55
2026.271.11:33:00/wx/-2.36,556.2,43.7,3.27,324,3.47
2026.271.11:34:00/wx/-2.00,556.3,40.7,3.83,306,3.46
2026.271.11:35:00/wx/-2.10,556.3,43.4,2.81,312,3.47
2026.271.11:36:00/wx/-2.20,556.3,44.7,3.38,329,3.45
2026.271.11:37:00/wx/-1.89,556.3,43.5,3.72,326,3.47
2026.271.11:38:00/wx/-1.58,556.3,39.4,3.58,334,3.49
2026.271.11:39:00/wx/-1.80,556.3,40.7,3.82,334,3.47
2026.271.11:40:00/wx/-1.90,556.3,42.0,3.88,335,3.48
2026.271.11:41:00/wx/-1.82,556.3,40.2,3.66,331,3.45
2026.271.11:42:00/wx/-1.70,556.3,40.3,3.28,328,3.42
2026.271.11:43:00/wx/-1.80,556.3,43.4,3.44,334,3.38
2026.271.11:44:00/wx/-1.70,556.3,40.2,3.43,335,3.38
2026.271.11:45:00/wx/-1.50,556.3,40.2,3.12,323,3.43
2026.271.11:46:00/wx/-1.40,556.3,40.4,2.58,327,3.41
2026.271.11:47:00/wx/-1.40,556.3,43.0,3.20,330,3.32
2026.271.11:48:00/wx/-1.30,556.3,40.6,3.31,326,3.33
2026.271.11:49:00/wx/-1.30,556.3,41.4,3.23,329,3.28
2026.271.11:50:00/wx/-1.20,556.3,41.6,3.47,326,3.29
2026.271.11:51:00/wx/-1.10,556.3,40.6,2.93,316,3.30
2026.271.11:52:00/wx/-1.10,556.3,44.1,2.68,323,3.33
2026.271.11:53:00/wx/-1.20,556.3,43.9,3.48,332,3.33
2026.271.11:54:00/wx/-1.30,556.4,40.7,3.03,330,3.47
2026.271.11:55:00/wx/-1.30,556.3,42.9,2.83,326,3.43
2026.271.11:56:00/wx/-1.20,556.3,42.8,2.69,319,3.50
2026.271.11:57:00/wx/-1.10,556.3,43.3,3.13,332,3.60
2026.271.11:58:00/wx/-1.10,556.4,41.6,3.40,332,3.57
2026.271.11:59:00/wx/-1.10,556.4,43.9,3.55,329,3.33
2026.271.12:00:00/wx/-0.96,556.3,43.1,4.18,326,3.30
2026.271.12:01:00/wx/-0.80,556.3,38.2,3.09,321,3.25
2026.271.12:02:00/wx/-0.80,556.3,42.1,3.42,328,3.28
2026.271.12:03:00/wx/-0.70,556.3,42.1,3.98,328,3.27
2026.271.12:04:00/wx/-0.60,556.3,37.0,3.94,327,3.24
2026.271.12:05:00/wx/-0.60,556.3,36.6,3.95,330,3.22
2026.271.12:06:00/wx/-0.50,556.3,38.5,3.92,312,3.25
2026.271.12:07:00/wx/-0.52,556.3,39.5,3.50,323,3.25
2026.271.12:08:00/wx/-0.50,556.3,42.4,4.11,324,3.24
2026.271.12:09:00/wx/-0.60,556.3,42.1,3.83,328,3.29
2026.271.12:10:00/wx/-0.70,556.3,41.8,3.65,328,3.24
2026.271.12:11:00/wx/-0.80,556.3,40.3,4.03,337,3.26
2026.271.12:12:00/wx/-0.80,556.4,40.3,3.66,335,3.26
2026.271.12:13:00/wx/-0.80,556.4,40.6,3.43,334,3.27
2026.271.12:14:00/wx/nan,nan,nan,nan,nan,3.25
2026.271.12:15:00/wx/nan,nan,nan,nan,nan,nan
2026.271.12:16:00/wx/nan,nan,nan,nan,nan,nan
2026.271.12:17:00/wx/nan,nan,nan,nan,nan,nan
2026.271.12:18:00/wx/nan,nan,nan,nan,nan,nan
2026.271.12:19:00/wx/nan,nan,nan,nan,nan,nan
2026.271.12:20:00/wx/nan,nan,nan,nan,nan,nan
2026.271.12:21:00/wx/nan,nan,nan,nan,nan,nan
2026.271.12:22:00/wx/nan,nan,nan,nan,nan,nan
2026.271.12:23:00/wx/nan,nan,nan,nan,nan,nan
2026.271.12:24:00/wx/nan,nan,nan,nan,nan,nan
2026.271.12:25:00/wx/nan,nan,nan,nan,nan,nan
2026.271.12:26:00/wx/nan,nan,nan,nan,nan,nan
2026.271.12:27:00/wx/nan,nan,nan,nan,nan,nan
2026.271.12:28:00/wx/nan,nan,nan,nan,nan,nan
2026.271.12:29:00/wx/nan,nan,nan,nan,nan,nan
2026.271.12:30:00/wx/nan,nan,nan,nan,nan,nan
2026.271.12:31:00/wx/nan,nan,nan,nan,nan,nan
2026.271.12:32:00/wx/nan,nan,nan,nan,nan,nan
2026.271.12:33:00/wx/nan,nan,nan,nan,nan,nan
2026.271.12:34:00/wx/nan,nan,nan,nan,nan,nan
2026.271.12:35:00/wx/nan,nan,nan,nan,nan,nan
2026.271.12:36:00/wx/nan,nan,nan,nan,nan,nan
2026.271.12:37:00/wx/nan,nan,nan,nan,nan,nan
2026.271.12:38:00/wx/nan,nan,nan,nan,nan,nan
2026.271.12:39:00/wx/nan,nan,nan,nan,nan,nan
2026.271.12:40:00/wx/nan,nan,nan,nan,nan,nan
2026.271.12:41:00/wx/nan,nan,nan,nan,nan,nan
2026.271.12:42:00/wx/nan,nan,nan,nan,nan,nan
2026.271.12:43:00/wx/nan,nan,nan,nan,nan,nan
2026.271.12:44:00/wx/nan,nan,nan,nan,nan,nan
2026.271.12:45:00/wx/nan,nan,nan,nan,nan,nan
2026.271.12:46:00/wx/nan,nan,nan,nan,nan,nan
2026.271.12:47:00/wx/nan,nan,nan,nan,nan,nan
2026.271.12:48:00/wx/nan,nan,nan,nan,nan,nan
2026.271.12:49:00/wx/nan,nan,nan,nan,nan,nan
2026.271.12:50:00/wx/nan,nan,nan,nan,nan,nan
2026.271.12:51:00/wx/nan,nan,nan,nan,nan,nan
2026.271.12:52:00/wx/nan,nan,nan,nan,nan,nan
2026.271.12:53:00/wx/nan,nan,nan,nan,nan,nan
2026.271.12:54:00/wx/nan,nan,nan,nan,nan,nan
2026.271.12:55:00/wx/nan,nan,nan,nan,nan,nan
2026.271.12:56:00/wx/nan,nan,nan,nan,nan,nan
2026.271.12:57:00/wx/nan,nan,nan,nan,nan,nan
2026.271.12:58:00/wx/nan,nan,nan,nan,nan,nan
2026.271.12:59:00/wx/nan,nan,nan,nan,nan,nan
2026.271.13:00:00/wx/nan,nan,nan,nan,nan,nan
2026.271.13:01:00/wx/nan,nan,nan,nan,nan,nan
2026.271.13:02:00/wx/nan,nan,nan,nan,nan,nan
2026.271.13:03:00/wx/nan,nan,nan,nan,nan,nan
2026.271.13:04:00/wx/nan,nan,nan,nan,nan,nan
2026.271.13:05:00/wx/nan,nan,nan,nan,nan,nan
2026.271.13:06:00/wx/nan,nan,nan,nan,nan,nan
2026.271.13:07:00/wx/nan,nan,nan,nan,nan,nan
2026.271.13:08:00/wx/nan,nan,nan,nan,nan,nan
2026.271.13:09:00/wx/nan,nan,nan,nan,nan,nan
2026.271.13:10:00/wx/nan,nan,nan,nan,nan,nan
2026.271.13:11:00/wx/nan,nan,nan,nan,nan,nan
2026.271.13:12:00/wx/nan,nan,nan,nan,nan,nan
2026.271.13:13:00/wx/nan,nan,nan,nan,nan,nan
2026.271.13:14:00/wx/nan,nan,nan,nan,nan,nan
2026.271.13:15:00/wx/nan,nan,nan,nan,nan,nan
2026.271.13:16:00/wx/nan,nan,nan,nan,nan,nan
2026.271.13:17:00/wx/nan,nan,nan,nan,nan,nan
2026.271.13:18:00/wx/nan,nan,nan,nan,nan,nan
2026.271.13:19:00/wx/nan,nan,nan,nan,nan,nan
2026.271.13:20:00/wx/nan,nan,nan,nan,nan,nan
2026.271.13:21:00/wx/nan,nan,nan,nan,nan,nan
2026.271.13:22:00/wx/nan,nan,nan,nan,nan,nan
2026.271.13:23:00/wx/nan,nan,nan,nan,nan,nan
2026.271.13:24:00/wx/nan,nan,nan,nan,nan,nan
2026.271.13:25:00/wx/nan,nan,nan,nan,nan,nan
2026.271.13:26:00/wx/nan,nan,nan,nan,nan,nan
2026.271.13:27:00/wx/nan,nan,nan,nan,nan,nan
2026.271.13:28:00/wx/nan,nan,nan,nan,nan,nan
2026.271.13:29:00/wx/nan,nan,nan,nan,nan,nan
2026.271.13:30:00/wx/nan,nan,nan,nan,nan,nan
2026.271.13:31:00/wx/nan,nan,nan,nan,nan,nan
2026.271.13:32:00/wx/nan,nan,nan,nan,nan,nan
2026.271.13:33:00/wx/nan,nan,nan,nan,nan,nan
2026.271.13:34:00/wx/nan,nan,nan,nan,nan,nan
2026.271.13:35:00/wx/nan,nan,nan,nan,nan,nan
2026.271.13:36:00/wx/nan,nan,nan,nan,nan,nan
2026.271.13:37:00/wx/nan,nan,nan,nan,nan,nan
2026.271.13:38:00/wx/nan,nan,nan,nan,nan,nan
2026.271.13:39:00/wx/nan,nan,nan,nan,nan,nan
2026.271.13:40:00/wx/nan,nan,nan,nan,nan,nan
2026.271.13:41:00/wx/nan,nan,nan,nan,nan,nan
2026.271.13:42:00/wx/nan,nan,nan,nan,nan,nan
2026.271.13:43:00/wx/nan,nan,nan,nan,nan,nan
2026.271.13:44:00/wx/nan,nan,nan,nan,nan,nan
2026.271.13:45:00/wx/nan,nan,nan,nan,nan,nan
2026.271.13:46:00/wx/nan,nan,nan,nan,nan,nan
2026.271.13:47:00/wx/nan,nan,nan,nan,nan,nan
2026.271.13:48:00/wx/nan,nan,nan,nan,nan,nan
2026.271.13:49:00/wx/nan,nan,nan,nan,nan,nan
2026.271.13:50:00/wx/nan,nan,nan,nan,nan,nan
2026.271.13:51:00/wx/nan,nan,nan,nan,nan,nan
2026.271.13:52:00/wx/nan,nan,nan,nan,nan,nan
2026.271.13:53:00/wx/nan,nan,nan,nan,nan,nan
2026.271.13:54:00/wx/nan,nan,nan,nan,nan,nan
2026.271.13:55:00/wx/nan,nan,nan,nan,nan,nan
2026.271.13:56:00/wx/nan,nan,nan,nan,nan,nan
2026.271.13:57:00/wx/nan,nan,nan,nan,nan,nan
2026.271.13:58:00/wx/nan,nan,nan,nan,nan,nan
2026.271.13:59:00/wx/nan,nan,nan,nan,nan,nan
2026.271.14:00:00/wx/nan,nan,nan,nan,nan,nan
2026.271.14:01:00/wx/nan,nan,nan,nan,nan,nan
2026.271.14:02:00/wx/nan,nan,nan,nan,nan,nan
2026.271.14:03:00/wx/nan,nan,nan,nan,nan,nan
2026.271.14:04:00/wx/nan,nan,nan,nan,nan,nan
2026.271.14:05:00/wx/nan,nan,nan,nan,nan,nan
2026.271.14:06:00/wx/nan,nan,nan,nan,nan,nan
2026.271.14:07:00/wx/nan,nan,nan,nan,nan,nan
2026.271.14:08:00/wx/nan,nan,nan,nan,nan,nan
2026.271.14:09:00/wx/nan,nan,nan,nan,nan,nan
2026.271.14:10:00/wx/nan,nan,nan,nan,nan,nan
2026.271.14:11:00/wx/nan,nan,nan,nan,nan,nan
2026.271.14:12:00/wx/nan,nan,nan,nan,nan,nan
2026.271.14:13:00/wx/nan,nan,nan,nan,nan,nan
2026.271.14:14:00/wx/nan,nan,nan,nan,nan,nan
2026.271.14:15:00/wx/nan,nan,nan,nan,nan,nan
2026.271.14:16:00/wx/nan,nan,nan,nan,nan,nan
2026.271.14:17:00/wx/nan,nan,nan,nan,nan,nan
2026.271.14:18:00/wx/nan,nan,nan,nan,nan,nan
2026.271.14:19:00/wx/nan,nan,nan,nan,nan,nan
2026.271.14:20:00/wx/nan,nan,nan,nan,nan,nan
2026.271.14:21:00/wx/nan,nan,nan,nan,nan,nan
2026.271.14:22:00/wx/nan,nan,nan,nan,nan,nan
2026.271.14:23:00/wx/nan,nan,nan,nan,nan,nan
2026.271.14:24:00/wx/nan,nan,nan,nan,nan,nan
2026.271.14:25:00/wx/nan,nan,nan,nan,nan,nan
2026.271.14:26:00/wx/nan,nan,nan,nan,nan,nan
2026.271.14:27:00/wx/nan,nan,nan,nan,nan,nan
2026.271.14:28:00/wx/nan,nan,nan,nan,nan,nan
2026.271.14:29:00/wx/nan,nan,nan,nan,nan,nan
2026.271.14:30:00/wx/nan,nan,nan,nan,nan,nan
2026.271.14:31:00/wx/nan,nan,nan,nan,nan,nan
2026.271.14:32:00/wx/nan,nan,nan,nan,nan,nan
2026.271.14:33:00/wx/nan,nan,nan,nan,nan,nan
2026.271.14:34:00/wx/nan,nan,nan,nan,nan,nan
2026.271.14:35:00/wx/nan,nan,nan,nan,nan,nan
2026.271.14:36:00/wx/nan,nan,nan,nan,nan,nan
2026.271.14:37:00/wx/nan,nan,nan,nan,nan,nan
2026.271.14:38:00/wx/nan,nan,nan,nan,nan,nan
2026.271.14:39:00/wx/nan,nan,nan,nan,nan,nan
2026.271.14:40:00/wx/nan,nan,nan,nan,nan,nan
2026.271.14:41:00/wx/nan,nan,nan,nan,nan,nan
2026.271.14:42:00/wx/nan,nan,nan,nan,nan,nan
2026.271.14:43:00/wx/nan,nan,nan,nan,nan,nan
2026.271.14:44:00/wx/nan,nan,nan,nan,nan,nan
2026.271.14:45:00/wx/nan,nan,nan,nan,nan,nan
2026.271.14:46:00/wx/nan,nan,nan,nan,nan,nan
2026.271.14:47:00/wx/nan,nan,nan,nan,nan,nan
2026.271.14:48:00/wx/nan,nan,nan,nan,nan,nan
2026.271.14:49:00/wx/nan,nan,nan,nan,nan,nan
2026.271.14:50:00/wx/nan,nan,nan,nan,nan,nan
2026.271.14:51:00/wx/nan,nan,nan,nan,nan,nan
