2026.272.07:00:00;APEX Database Weather Data for Timerange of mn006b
2026.272.07:00:00;The format is wx/temp[C],press[mbar],humid[%],speed[m/s],direction[deg],pwv[mm]
2026.272.07:01:00/wx/-6.40,553.6,71.2,4.53,319,5.38
2026.272.07:02:00/wx/-6.35,553.6,71.7,5.12,306,5.35
2026.272.07:03:00/wx/-6.30,553.6,71.5,4.30,306,5.27
2026.272.07:04:00/wx/-6.40,553.6,71.3,5.29,305,5.25
2026.272.07:05:00/wx/-6.40,553.6,71.5,5.09,303,5.20
2026.272.07:06:00/wx/-6.30,553.5,72.0,4.82,311,5.16
2026.272.07:07:00/wx/-6.30,553.5,72.2,4.51,295,5.09
2026.272.07:08:00/wx/-6.30,553.5,72.7,4.54,284,5.22
2026.272.07:09:00/wx/-6.20,553.5,72.5,4.23,293,5.22
2026.272.07:10:00/wx/-6.30,553.5,72.7,3.87,297,5.24
2026.272.07:11:00/wx/-6.40,553.5,73.3,4.65,301,5.30
2026.272.07:12:00/wx/-6.34,553.5,73.0,3.98,305,5.12
2026.272.07:13:00/wx/-6.30,553.5,73.2,4.36,305,5.00
2026.272.07:14:00/wx/-6.39,553.5,73.5,4.91,301,4.90
2026.272.07:15:00/wx/-6.30,553.5,73.1,4.82,310,4.94
2026.272.07:16:00/wx/-6.30,553.5,73.2,4.53,301,4.88
2026.272.07:17:00/wx/-6.20,553.5,73.1,4.69,307,4.90
2026.272.07:18:00/wx/-6.20,553.5,73.0,4.36,304,4.86
2026.272.07:19:00/wx/-6.18,553.5,73.0,4.61,301,4.87
2026.272.07:20:00/wx/-6.10,553.4,72.0,4.28,300,4.84
2026.272.07:21:00/wx/-6.10,553.4,72.0,4.23,306,4.91
2026.272.07:22:00/wx/-6.20,553.4,72.1,4.24,304,4.75
2026.272.07:23:00/wx/-6.20,553.4,72.8,4.31,307,4.78
2026.272.07:24:00/wx/-6.20,553.4,72.9,4.40,304,4.75
2026.272.07:25:00/wx/-6.20,553.4,73.1,4.15,310,4.82
2026.272.07:26:00/wx/-6.20,553.4,74.3,4.33,313,4.82
2026.272.07:27:00/wx/-6.20,553.4,74.4,4.60,313,4.74
2026.272.07:28:00/wx/-6.20,553.4,74.0,4.24,322,4.79
2026.272.07:29:00/wx/-6.20,553.4,74.0,4.37,318,4.83
2026.272.07:30:00/wx/-6.20,553.3,74.2,4.32,317,4.82
2026.272.07:31:00/wx/-6.10,553.3,73.9,4.53,321,4.82
2026.272.07:32:00/wx/-6.10,553.3,73.8,4.65,318,4.77
2026.272.07:33:00/wx/-6.10,553.3,73.8,3.83,313,4.78
2026.272.07:34:00/wx/-6.10,553.3,74.4,4.28,311,4.78
2026.272.07:35:00/wx/-6.10,553.3,73.9,4.26,315,4.75
2026.272.07:36:00/wx/-6.20,553.2,74.1,4.43,319,4.67
2026.272.07:37:00/wx/-6.10,553.3,73.8,4.34,316,4.75
2026.272.07:38:00/wx/-6.10,553.2,73.6,4.26,315,4.73
2026.272.07:39:00/wx/-6.09,553.3,73.3,4.24,321,4.70
2026.272.07:40:00/wx/-6.07,553.3,73.3,3.86,314,4.65
2026.272.07:41:00/wx/-6.00,553.2,73.3,4.43,311,4.73
2026.272.07:42:00/wx/-6.10,553.3,73.8,4.83,316,4.65
2026.272.07:43:00/wx/-6.00,553.2,73.8,4.67,322,4.68
2026.272.07:44:00/wx/-6.00,553.2,74.1,4.24,321,4.60
2026.272.07:45:00/wx/-6.03,553.2,74.4,4.81,316,4.66
2026.272.07:46:00/wx/-6.00,553.2,74.2,4.23,317,4.64
2026.272.07:47:00/wx/-6.00,553.2,74.5,4.42,313,4.53
2026.272.07:48:00/wx/-6.00,553.2,74.7,4.13,309,4.54
2026.272.07:49:00/wx/-6.10,553.2,75.3,3.79,312,4.51
2026.272.07:50:00/wx/-6.10,553.2,75.6,4.46,308,4.45
2026.272.07:51:00/wx/-6.00,553.1,75.4,5.03,300,4.43
2026.272.07:52:00/wx/-5.90,553.1,75.1,4.80,305,4.38
2026.272.07:53:00/wx/-5.90,553.1,75.0,4.48,292,4.42
2026.272.07:54:00/wx/-5.80,553.1,75.3,4.96,291,4.55
2026.272.07:55:00/wx/-5.60,553.1,74.6,5.14,293,4.52
2026.272.07:56:00/wx/-5.60,553.1,74.5,5.43,300,4.44
2026.272.07:57:00/wx/-5.50,553.1,74.2,5.22,293,4.36
2026.272.07:58:00/wx/-5.40,553.1,73.4,6.00,284,4.35
2026.272.07:59:00/wx/-5.18,553.1,71.1,6.10,280,4.32
2026.272.08:00:00/wx/-5.04,553.1,67.8,6.06,283,4.27
2026.272.08:01:00/wx/-5.00,553.1,67.3,5.83,285,4.22
2026.272.08:02:00/wx/-4.90,553.1,65.2,5.39,281,4.32
2026.272.08:03:00/wx/-5.00,553.1,66.0,6.59,283,4.41
2026.272.08:04:00/wx/-4.99,553.1,66.8,6.65,284,4.33
2026.272.08:05:00/wx/-4.90,553.1,65.7,5.19,274,4.33
2026.272.08:06:00/wx/-4.80,553.1,63.3,4.33,269,4.32
2026.272.08:07:00/wx/-4.70,553.1,61.1,5.63,281,4.36
2026.272.08:08:00/wx/-4.60,553.1,59.2,7.99,279,4.24
2026.272.08:09:00/wx/-4.69,553.1,60.2,5.99,269,4.32
2026.272.08:10:00/wx/-4.60,553.1,59.8,6.07,271,4.38
2026.272.08:11:00/wx/-4.60,553.1,60.5,5.98,275,4.34
2026.272.08:12:00/wx/-4.63,553.1,60.3,5.25,277,4.36
2026.272.08:13:00/wx/-4.60,553.1,60.8,6.68,276,4.36
2026.272.08:14:00/wx/-4.60,553.1,60.8,7.11,277,4.37
2026.272.08:15:00/wx/-4.66,553.0,61.7,5.90,277,4.42
2026.272.08:16:00/wx/-4.70,553.1,62.8,5.31,268,4.37
2026.272.08:17:00/wx/-4.60,553.1,61.5,4.89,272,4.36
2026.272.08:18:00/wx/-4.68,553.1,61.7,6.61,285,4.35
2026.272.08:19:00/wx/-4.70,553.1,62.3,7.07,276,4.37
2026.272.08:20:00/wx/-4.76,553.1,62.0,6.10,279,4.36
2026.272.08:21:00/wx/-4.80,553.1,64.4,5.08,279,4.34
2026.272.08:22:00/wx/-4.80,553.1,64.8,5.57,275,4.43
2026.272.08:23:00/wx/-4.80,553.1,65.2,6.06,281,4.39
2026.272.08:24:00/wx/-4.90,553.1,67.1,5.53,270,4.39
2026.272.08:25:00/wx/-4.90,553.1,66.9,5.23,275,4.40
2026.272.08:26:00/wx/-4.80,553.1,67.3,6.04,275,4.41
2026.272.08:27:00/wx/-4.80,553.1,66.9,6.57,271,4.41
2026.272.08:28:00/wx/-4.80,553.1,67.0,5.25,280,4.38
2026.272.08:29:00/wx/-4.80,553.1,67.3,6.67,272,4.38
2026.272.08:30:00/wx/-4.90,553.1,68.3,5.78,278,4.38
2026.272.08:31:00/wx/-4.90,553.1,69.0,6.13,269,4.34
2026.272.08:32:00/wx/-4.96,553.1,68.5,6.61,281,4.31
2026.272.08:33:00/wx/-4.90,553.1,68.3,5.08,268,4.36
2026.272.08:34:00/wx/-4.90,553.0,67.3,4.75,277,4.28
2026.272.08:35:00/wx/-4.96,553.0,68.3,4.96,275,4.29
2026.272.08:36:00/wx/-4.90,553.0,68.3,4.96,263,4.30
2026.272.08:37:00/wx/-4.90,553.0,67.7,6.86,263,4.29
2026.272.08:38:00/wx/-4.80,553.1,67.0,7.29,264,4.25
2026.272.08:39:00/wx/-4.80,553.0,66.6,6.76,267,4.29
2026.272.08:40:00/wx/-4.80,553.0,66.9,6.54,277,4.28
2026.272.08:41:00/wx/-4.80,553.0,67.2,6.73,266,4.26
2026.272.08:42:00/wx/-4.80,553.0,67.0,5.44,267,4.29
2026.272.08:43:00/wx/-4.80,553.0,66.5,6.58,260,4.31
2026.272.08:44:00/wx/-4.80,553.0,66.3,6.67,269,4.33
2026.272.08:45:00/wx/-4.90,553.0,67.5,5.41,267,4.31
2026.272.08:46:00/wx/-4.80,553.0,67.1,5.83,269,4.31
2026.272.08:47:00/wx/-4.83,553.1,66.9,6.11,275,4.26
2026.272.08:48:00/wx/-4.90,553.0,67.2,6.11,262,4.26
2026.272.08:49:00/wx/-4.90,553.0,67.0,5.53,265,4.30
2026.272.08:50:00/wx/-4.84,553.0,67.1,6.45,265,4.28
2026.272.08:51:00/wx/-4.80,553.1,67.1,5.88,277,4.29
2026.272.08:52:00/wx/-4.93,553.0,67.9,5.46,273,4.32
2026.272.08:53:00/wx/-5.00,553.1,68.1,6.50,275,4.28
2026.272.08:54:00/wx/-5.00,553.1,68.1,7.10,270,4.41
2026.272.08:55:00/wx/-5.00,553.0,67.9,6.13,269,4.44
2026.272.08:56:00/wx/-5.00,553.0,68.9,5.45,262,4.39
2026.272.08:57:00/wx/-5.00,553.0,68.9,5.73,278,4.37
2026.272.08:58:00/wx/-5.00,553.0,68.8,6.82,264,4.35
2026.272.08:59:00/wx/-5.20,553.0,69.3,5.54,261,4.29
2026.272.09:00:00/wx/-5.10,553.0,69.4,5.97,272,4.29
2026.272.09:01:00/wx/-5.00,553.0,68.8,6.12,274,4.30
2026.272.09:02:00/wx/-5.02,552.9,68.5,5.12,265,4.24
2026.272.09:03:00/wx/-5.10,552.9,68.9,7.10,276,4.21
2026.272.09:04:00/wx/-5.10,552.9,68.9,5.69,258,4.17
2026.272.09:05:00/wx/-5.10,552.9,69.1,5.88,266,4.17
2026.272.09:06:00/wx/-5.10,552.9,69.1,6.98,271,4.25
2026.272.09:07:00/wx/-5.10,552.9,68.6,5.58,266,4.24
2026.272.09:08:00/wx/-5.00,552.8,68.2,5.96,272,4.22
2026.272.09:09:00/wx/-5.10,552.9,68.8,6.50,265,4.21
2026.272.09:10:00/wx/-5.00,552.9,68.3,6.24,265,4.21
2026.272.09:11:00/wx/-5.10,552.9,68.3,7.31,264,4.19
2026.272.09:12:00/wx/-5.10,552.9,68.5,6.36,266,4.20
2026.272.09:13:00/wx/-5.10,552.9,68.6,6.82,269,4.24
2026.272.09:14:00/wx/-5.10,552.9,68.7,6.51,260,4.14
2026.272.09:15:00/wx/-5.20,552.9,69.0,6.04,268,4.14
2026.272.09:16:00/wx/-5.20,552.9,69.4,6.35,271,4.10
2026.272.09:17:00/wx/-5.28,552.9,69.3,6.28,270,4.08
2026.272.09:18:00/wx/-5.20,552.9,69.4,5.33,271,4.14
2026.272.09:19:00/wx/-5.30,552.9,69.8,5.73,259,4.08
2026.272.09:20:00/wx/-5.30,552.9,69.7,6.96,264,4.12
2026.272.09:21:00/wx/-5.20,552.9,69.3,6.76,264,4.15
2026.272.09:22:00/wx/-5.30,552.9,69.4,5.46,271,4.15
2026.272.09:23:00/wx/-5.30,552.9,69.7,6.39,267,4.16
2026.272.09:24:00/wx/-5.40,552.9,70.1,6.93,272,3.93
2026.272.09:25:00/wx/-5.30,552.9,69.8,6.14,269,3.96
2026.272.09:26:00/wx/-5.30,553.0,69.5,5.32,270,4.18
2026.272.09:27:00/wx/-5.30,553.0,69.9,7.26,272,4.19
2026.272.09:28:00/wx/-5.30,553.0,69.7,7.75,269,4.16
2026.272.09:29:00/wx/-5.30,553.0,69.7,6.83,273,4.14
2026.272.09:30:00/wx/-5.30,553.0,69.7,7.05,267,4.19
2026.272.09:31:00/wx/-5.30,553.0,69.9,5.76,264,4.23
2026.272.09:32:00/wx/-5.30,553.0,69.8,6.72,277,4.25
2026.272.09:33:00/wx/-5.30,553.1,69.7,6.49,272,4.17
2026.272.09:34:00/wx/-5.30,553.1,69.6,6.53,267,4.21
2026.272.09:35:00/wx/-5.30,553.1,69.5,6.03,267,4.23
2026.272.09:36:00/wx/-5.20,553.1,69.2,6.98,255,4.21
2026.272.09:37:00/wx/-5.21,553.1,69.2,6.34,274,4.23
2026.272.09:38:00/wx/-5.30,553.1,69.6,6.46,266,4.24
2026.272.09:39:00/wx/-5.30,553.1,69.8,6.13,275,4.24
2026.272.09:40:00/wx/-5.30,553.1,70.1,6.14,271,4.19
2026.272.09:41:00/wx/-5.30,553.1,70.1,5.91,281,4.19
2026.272.09:42:00/wx/-5.30,553.2,70.3,8.19,281,4.22
2026.272.09:43:00/wx/-5.40,553.2,70.2,6.08,276,4.25
2026.272.09:44:00/wx/-5.40,553.1,70.3,6.50,269,4.24
2026.272.09:45:00/wx/-5.37,553.2,70.4,6.77,274,4.26
2026.272.09:46:00/wx/-5.40,553.2,70.5,5.73,273,4.26
2026.272.09:47:00/wx/-5.50,553.2,71.0,5.85,269,4.28
2026.272.09:48:00/wx/-5.50,553.2,71.5,5.18,273,4.26
2026.272.09:49:00/wx/-5.60,553.2,71.8,5.00,274,4.29
2026.272.09:50:00/wx/-5.57,553.2,71.9,5.84,276,4.33
2026.272.09:51:00/wx/-5.58,553.3,71.8,4.80,267,4.33
2026.272.09:52:00/wx/-5.60,553.2,71.9,5.49,275,4.25
2026.272.09:53:00/wx/-5.60,553.2,72.2,5.46,272,4.28
2026.272.09:54:00/wx/-5.60,553.3,72.1,4.62,279,4.29
2026.272.09:55:00/wx/-5.60,553.3,72.3,5.63,273,4.36
2026.272.09:56:00/wx/-5.60,553.2,72.1,6.82,287,4.34
2026.272.09:57:00/wx/-5.60,553.2,72.2,5.24,273,4.33
2026.272.09:58:00/wx/-5.70,553.3,72.7,5.38,279,4.40
2026.272.09:59:00/wx/-5.70,553.3,73.1,6.25,277,4.22
2026.272.10:00:00/wx/-5.60,553.3,72.2,4.27,277,4.21
2026.272.10:01:00/wx/-5.70,553.3,72.8,5.42,274,4.12
2026.272.10:02:00/wx/-5.60,553.3,72.5,6.07,280,4.12
2026.272.10:03:00/wx/-5.70,553.3,72.7,5.90,279,4.10
2026.272.10:04:00/wx/-5.70,553.3,72.9,5.59,283,4.08
2026.272.10:05:00/wx/-5.70,553.3,72.8,4.10,277,4.06
2026.272.10:06:00/wx/-5.80,553.3,73.7,6.08,281,4.07
2026.272.10:07:00/wx/-5.80,553.3,73.7,5.30,279,4.06
2026.272.10:08:00/wx/-5.75,553.4,73.6,4.47,283,4.07
2026.272.10:09:00/wx/-5.80,553.4,73.8,5.31,283,4.06
2026.272.10:10:00/wx/-5.80,553.4,74.1,5.02,286,4.02
2026.272.10:11:00/wx/-5.87,553.4,74.4,5.40,282,4.06
2026.272.10:12:00/wx/-5.90,553.4,74.6,4.79,287,4.06
2026.272.10:13:00/wx/-5.90,553.4,75.0,4.85,285,4.06
2026.272.10:14:00/wx/-5.99,553.4,75.2,5.19,282,4.22
2026.272.10:15:00/wx/-6.10,553.4,75.4,4.67,289,4.21
2026.272.10:16:00/wx/-6.17,553.4,75.9,4.51,288,4.24
2026.272.10:17:00/wx/-6.10,553.4,76.5,4.93,286,4.28
2026.272.10:18:00/wx/-6.10,553.4,76.5,4.55,283,4.29
2026.272.10:19:00/wx/-6.20,553.4,76.8,4.61,286,4.27
2026.272.10:20:00/wx/-6.10,553.4,76.8,4.93,287,4.28
2026.272.10:21:00/wx/-6.10,553.4,76.5,4.23,284,4.28
2026.272.10:22:00/wx/-6.20,553.4,76.8,4.53,282,4.22
2026.272.10:23:00/wx/-6.20,553.4,77.4,4.39,283,4.26
2026.272.10:24:00/wx/-6.10,553.4,76.9,4.76,280,4.25
2026.272.10:25:00/wx/-6.00,553.4,76.2,3.90,279,4.23
2026.272.10:26:00/wx/-6.00,553.4,76.0,4.16,278,4.25
2026.272.10:27:00/wx/-6.00,553.4,75.7,4.23,278,4.23
2026.272.10:28:00/wx/-5.96,553.4,75.2,5.54,279,4.23
2026.272.10:29:00/wx/-5.90,553.4,74.1,4.89,278,4.22
2026.272.10:30:00/wx/-5.81,553.4,73.7,4.44,272,4.25
2026.272.10:31:00/wx/-5.80,553.4,73.4,4.94,278,4.24
2026.272.10:32:00/wx/-5.80,553.4,73.2,4.33,280,4.25
2026.272.10:33:00/wx/-5.80,553.4,73.0,4.76,278,4.23
2026.272.10:34:00/wx/-5.80,553.4,73.0,4.65,277,4.23
2026.272.10:35:00/wx/-5.79,553.4,72.9,4.46,278,4.21
2026.272.10:36:00/wx/-5.80,553.4,73.0,4.56,280,4.19
2026.272.10:37:00/wx/-5.70,553.4,72.9,5.33,279,4.16
2026.272.10:38:00/wx/-5.70,553.5,73.0,4.41,278,4.18
2026.272.10:39:00/wx/-5.80,553.5,73.8,4.82,279,4.16
2026.272.10:40:00/wx/-5.90,553.5,74.2,4.36,277,4.14
2026.272.10:41:00/wx/-5.90,553.4,75.0,4.01,281,4.14
2026.272.10:42:00/wx/-6.00,553.4,75.4,3.53,281,4.11
2026.272.10:43:00/wx/-6.10,553.4,75.7,3.66,277,4.13
2026.272.10:44:00/wx/-6.00,553.4,76.5,4.06,277,4.10
2026.272.10:45:00/wx/-6.00,553.4,75.3,4.24,280,4.06
2026.272.10:46:00/wx/-6.00,553.4,75.2,5.05,283,4.05
2026.272.10:47:00/wx/-6.00,553.4,75.7,4.53,283,4.04
2026.272.10:48:00/wx/-6.20,553.4,76.2,5.04,283,4.06
2026.272.10:49:00/wx/-6.20,553.4,77.3,3.77,281,4.09
2026.272.10:50:00/wx/-6.10,553.4,77.4,4.51,281,4.07
2026.272.10:51:00/wx/-6.10,553.4,76.3,4.52,278,4.10
2026.272.10:52:00/wx/-6.10,553.5,75.9,4.83,281,4.10
2026.272.10:53:00/wx/-6.00,553.5,75.9,4.36,281,4.10
2026.272.10:54:00/wx/-6.08,553.4,76.2,4.18,281,4.08
2026.272.10:55:00/wx/-6.20,553.5,76.9,4.07,281,4.09
2026.272.10:56:00/wx/-6.20,553.5,78.3,4.98,282,4.10
2026.272.10:57:00/wx/-6.20,553.5,78.0,4.63,279,4.11
2026.272.10:58:00/wx/-6.10,553.5,77.1,5.36,283,4.12
2026.272.10:59:00/wx/-6.10,553.5,76.8,4.65,279,4.10
2026.272.11:00:00/wx/-6.00,553.5,76.8,4.53,282,4.09
2026.272.11:01:00/wx/-6.00,553.5,76.2,5.00,283,4.12
2026.272.11:02:00/wx/-6.00,553.5,75.7,5.60,287,4.10
2026.272.11:03:00/wx/-5.90,553.6,74.5,5.34,284,4.10
2026.272.11:04:00/wx/-5.90,553.6,76.4,5.50,287,4.11
2026.272.11:05:00/wx/-5.80,553.6,76.2,5.67,286,4.13
2026.272.11:06:00/wx/-5.70,553.6,76.2,5.37,286,4.16
2026.272.11:07:00/wx/-5.60,553.5,74.7,6.01,283,4.22
2026.272.11:08:00/wx/-5.57,553.6,74.4,6.12,286,4.19
2026.272.11:09:00/wx/-5.42,553.6,74.7,5.30,287,4.17
2026.272.11:10:00/wx/-5.40,553.6,74.3,5.08,286,4.16
2026.272.11:11:00/wx/-5.34,553.6,74.0,4.87,287,4.14
2026.272.11:12:00/wx/-5.30,553.6,73.8,5.34,295,4.19
2026.272.11:13:00/wx/-5.27,553.6,73.0,6.05,289,4.19
2026.272.11:14:00/wx/-5.20,553.6,71.7,6.35,294,4.14
2026.272.11:15:00/wx/-5.10,553.6,72.2,5.45,294,4.03
2026.272.11:16:00/wx/-5.10,553.6,72.0,6.20,293,4.09
2026.272.11:17:00/wx/-5.10,553.6,71.8,5.14,291,4.09
2026.272.11:18:00/wx/-5.00,553.6,71.1,6.25,292,3.99
2026.272.11:19:00/wx/-4.90,553.6,71.6,5.86,294,4.05
2026.272.11:20:00/wx/-5.00,553.6,70.6,5.56,289,4.01
2026.272.11:21:00/wx/-5.00,553.6,69.7,6.03,293,4.05
2026.272.11:22:00/wx/-5.00,553.7,70.7,6.53,294,4.11
2026.272.11:23:00/wx/-5.00,553.6,71.9,5.63,293,4.19
2026.272.11:24:00/wx/-5.00,553.6,72.0,6.61,298,4.16
2026.272.11:25:00/wx/-5.01,553.7,71.9,5.32,285,4.23
2026.272.11:26:00/wx/-5.00,553.7,72.0,5.31,294,4.08
2026.272.11:27:00/wx/-5.00,553.6,72.2,5.53,295,4.00
2026.272.11:28:00/wx/-5.00,553.7,72.5,5.73,291,4.04
2026.272.11:29:00/wx/-5.00,553.7,73.2,5.85,289,4.07
2026.272.11:30:00/wx/-4.90,553.7,72.9,6.45,288,4.08
2026.272.11:31:00/wx/-4.80,553.8,71.4,5.55,294,4.13
2026.272.11:32:00/wx/-4.80,553.8,71.7,5.53,295,4.14
2026.272.11:33:00/wx/-4.70,553.8,71.0,6.42,295,4.18
2026.272.11:34:00/wx/-4.70,553.8,70.7,6.40,289,4.16
2026.272.11:35:00/wx/-4.70,553.7,69.9,6.57,291,4.20
2026.272.11:36:00/wx/-4.70,553.7,70.5,5.12,294,4.18
2026.272.11:37:00/wx/-4.70,553.7,70.7,5.53,295,4.12
2026.272.11:38:00/wx/-4.70,553.7,70.5,5.08,300,4.03
2026.272.11:39:00/wx/-4.70,553.7,72.6,5.72,297,4.00
2026.272.11:40:00/wx/-4.70,553.6,71.8,5.42,296,3.97
2026.272.11:41:00/wx/-4.70,553.7,70.0,5.58,289,3.99
2026.272.11:42:00/wx/-4.70,553.7,70.5,5.82,295,4.03
2026.272.11:43:00/wx/-4.70,553.7,70.7,5.38,294,4.00
2026.272.11:44:00/wx/-4.60,553.7,71.5,6.35,289,3.93
2026.272.11:45:00/wx/-4.60,553.7,70.6,6.49,292,3.90
2026.272.11:46:00/wx/-4.60,553.7,70.5,5.98,287,4.04
2026.272.11:47:00/wx/-4.50,553.7,72.0,5.20,281,4.09
2026.272.11:48:00/wx/-4.50,553.7,70.8,6.69,281,4.06
2026.272.11:49:00/wx/-4.50,553.7,69.6,6.40,280,4.18
2026.272.11:50:00/wx/-4.52,553.7,68.9,6.78,287,4.18
2026.272.11:51:00/wx/-4.50,553.7,69.1,6.10,292,4.24
2026.272.11:52:00/wx/-4.40,553.7,69.4,6.70,292,4.15
2026.272.11:53:00/wx/-4.26,553.7,70.5,5.95,283,4.04
2026.272.11:54:00/wx/-4.20,553.6,69.3,5.17,300,4.37
2026.272.11:55:00/wx/nan,nan,nan,nan,nan,nan
2026.272.11:56:00/wx/nan,nan,nan,nan,nan,nan
2026.272.11:57:00/wx/nan,nan,nan,nan,nan,nan
2026.272.11:58:00/wx/nan,nan,nan,nan,nan,nan
2026.272.11:59:00/wx/nan,nan,nan,nan,nan,nan
2026.272.12:00:00/wx/nan,nan,nan,nan,nan,nan
2026.272.12:01:00/wx/nan,nan,nan,nan,nan,nan
2026.272.12:02:00/wx/nan,nan,nan,nan,nan,nan
2026.272.12:03:00/wx/nan,nan,nan,nan,nan,nan
2026.272.12:04:00/wx/nan,nan,nan,nan,nan,nan
2026.272.12:05:00/wx/nan,nan,nan,nan,nan,nan
2026.272.12:06:00/wx/nan,nan,nan,nan,nan,nan
2026.272.12:07:00/wx/nan,nan,nan,nan,nan,nan
2026.272.12:08:00/wx/nan,nan,nan,nan,nan,nan
2026.272.12:09:00/wx/nan,nan,nan,nan,nan,nan
2026.272.12:10:00/wx/nan,nan,nan,nan,nan,nan
2026.272.12:11:00/wx/nan,nan,nan,nan,nan,nan
2026.272.12:12:00/wx/nan,nan,nan,nan,nan,nan
2026.272.12:13:00/wx/nan,nan,nan,nan,nan,nan
2026.272.12:14:00/wx/nan,nan,nan,nan,nan,nan
2026.272.12:15:00/wx/nan,nan,nan,nan,nan,nan
2026.272.12:16:00/wx/nan,nan,nan,nan,nan,nan
2026.272.12:17:00/wx/nan,nan,nan,nan,nan,nan
2026.272.12:18:00/wx/nan,nan,nan,nan,nan,nan
2026.272.12:19:00/wx/nan,nan,nan,nan,nan,nan
2026.272.12:20:00/wx/nan,nan,nan,nan,nan,nan
2026.272.12:21:00/wx/nan,nan,nan,nan,nan,nan
2026.272.12:22:00/wx/nan,nan,nan,nan,nan,nan
2026.272.12:23:00/wx/nan,nan,nan,nan,nan,nan
2026.272.12:24:00/wx/nan,nan,nan,nan,nan,nan
2026.272.12:25:00/wx/nan,nan,nan,nan,nan,nan
2026.272.12:26:00/wx/nan,nan,nan,nan,nan,nan
2026.272.12:27:00/wx/nan,nan,nan,nan,nan,nan
2026.272.12:28:00/wx/nan,nan,nan,nan,nan,nan
2026.272.12:29:00/wx/nan,nan,nan,nan,nan,nan
2026.272.12:30:00/wx/nan,nan,nan,nan,nan,nan
2026.272.12:31:00/wx/nan,nan,nan,nan,nan,nan
2026.272.12:32:00/wx/nan,nan,nan,nan,nan,nan
2026.272.12:33:00/wx/nan,nan,nan,nan,nan,nan
2026.272.12:34:00/wx/nan,nan,nan,nan,nan,nan
2026.272.12:35:00/wx/nan,nan,nan,nan,nan,nan
2026.272.12:36:00/wx/nan,nan,nan,nan,nan,nan
2026.272.12:37:00/wx/nan,nan,nan,nan,nan,nan
2026.272.12:38:00/wx/nan,nan,nan,nan,nan,nan
2026.272.12:39:00/wx/nan,nan,nan,nan,nan,nan
2026.272.12:40:00/wx/nan,nan,nan,nan,nan,nan
2026.272.12:41:00/wx/nan,nan,nan,nan,nan,nan
2026.272.12:42:00/wx/nan,nan,nan,nan,nan,nan
2026.272.12:43:00/wx/nan,nan,nan,nan,nan,nan
2026.272.12:44:00/wx/nan,nan,nan,nan,nan,nan
2026.272.12:45:00/wx/nan,nan,nan,nan,nan,nan
2026.272.12:46:00/wx/nan,nan,nan,nan,nan,nan
2026.272.12:47:00/wx/nan,nan,nan,nan,nan,nan
2026.272.12:48:00/wx/nan,nan,nan,nan,nan,nan
2026.272.12:49:00/wx/nan,nan,nan,nan,nan,nan
2026.272.12:50:00/wx/nan,nan,nan,nan,nan,nan
2026.272.12:51:00/wx/nan,nan,nan,nan,nan,nan
2026.272.12:52:00/wx/nan,nan,nan,nan,nan,nan
2026.272.12:53:00/wx/nan,nan,nan,nan,nan,nan
2026.272.12:54:00/wx/nan,nan,nan,nan,nan,nan
2026.272.12:55:00/wx/nan,nan,nan,nan,nan,nan
2026.272.12:56:00/wx/nan,nan,nan,nan,nan,nan
2026.272.12:57:00/wx/nan,nan,nan,nan,nan,nan
2026.272.12:58:00/wx/nan,nan,nan,nan,nan,nan
2026.272.12:59:00/wx/nan,nan,nan,nan,nan,nan
2026.272.13:00:00/wx/nan,nan,nan,nan,nan,nan
2026.272.13:01:00/wx/nan,nan,nan,nan,nan,nan
2026.272.13:02:00/wx/nan,nan,nan,nan,nan,nan
2026.272.13:03:00/wx/nan,nan,nan,nan,nan,nan
2026.272.13:04:00/wx/nan,nan,nan,nan,nan,nan
2026.272.13:05:00/wx/nan,nan,nan,nan,nan,nan
2026.272.13:06:00/wx/nan,nan,nan,nan,nan,nan
2026.272.13:07:00/wx/nan,nan,nan,nan,nan,nan
2026.272.13:08:00/wx/nan,nan,nan,nan,nan,nan
2026.272.13:09:00/wx/nan,nan,nan,nan,nan,nan
2026.272.13:10:00/wx/nan,nan,nan,nan,nan,nan
2026.272.13:11:00/wx/nan,nan,nan,nan,nan,nan
2026.272.13:12:00/wx/nan,nan,nan,nan,nan,nan
2026.272.13:13:00/wx/nan,nan,nan,nan,nan,nan
2026.272.13:14:00/wx/nan,nan,nan,nan,nan,nan
2026.272.13:15:00/wx/nan,nan,nan,nan,nan,nan
2026.272.13:16:00/wx/nan,nan,nan,nan,nan,nan
2026.272.13:17:00/wx/nan,nan,nan,nan,nan,nan
2026.272.13:18:00/wx/nan,nan,nan,nan,nan,nan
2026.272.13:19:00/wx/nan,nan,nan,nan,nan,nan
2026.272.13:20:00/wx/nan,nan,nan,nan,nan,nan
2026.272.13:21:00/wx/nan,nan,nan,nan,nan,nan
2026.272.13:22:00/wx/nan,nan,nan,nan,nan,nan
2026.272.13:23:00/wx/nan,nan,nan,nan,nan,nan
2026.272.13:24:00/wx/nan,nan,nan,nan,nan,nan
2026.272.13:25:00/wx/nan,nan,nan,nan,nan,nan
2026.272.13:26:00/wx/nan,nan,nan,nan,nan,nan
2026.272.13:27:00/wx/nan,nan,nan,nan,nan,nan
2026.272.13:28:00/wx/nan,nan,nan,nan,nan,nan
2026.272.13:29:00/wx/nan,nan,nan,nan,nan,nan
2026.272.13:30:00/wx/nan,nan,nan,nan,nan,nan
2026.272.13:31:00/wx/nan,nan,nan,nan,nan,nan
2026.272.13:32:00/wx/nan,nan,nan,nan,nan,nan
2026.272.13:33:00/wx/nan,nan,nan,nan,nan,nan
2026.272.13:34:00/wx/nan,nan,nan,nan,nan,nan
2026.272.13:35:00/wx/nan,nan,nan,nan,nan,nan
2026.272.13:36:00/wx/nan,nan,nan,nan,nan,nan
2026.272.13:37:00/wx/nan,nan,nan,nan,nan,nan
2026.272.13:38:00/wx/nan,nan,nan,nan,nan,nan
2026.272.13:39:00/wx/nan,nan,nan,nan,nan,nan
2026.272.13:40:00/wx/nan,nan,nan,nan,nan,nan
2026.272.13:41:00/wx/nan,nan,nan,nan,nan,nan
2026.272.13:42:00/wx/nan,nan,nan,nan,nan,nan
2026.272.13:43:00/wx/nan,nan,nan,nan,nan,nan
2026.272.13:44:00/wx/nan,nan,nan,nan,nan,nan
2026.272.13:45:00/wx/nan,nan,nan,nan,nan,nan
2026.272.13:46:00/wx/nan,nan,nan,nan,nan,nan
2026.272.13:47:00/wx/nan,nan,nan,nan,nan,nan
2026.272.13:48:00/wx/nan,nan,nan,nan,nan,nan
2026.272.13:49:00/wx/nan,nan,nan,nan,nan,nan
2026.272.13:50:00/wx/nan,nan,nan,nan,nan,nan
2026.272.13:51:00/wx/nan,nan,nan,nan,nan,nan
2026.272.13:52:00/wx/nan,nan,nan,nan,nan,nan
2026.272.13:53:00/wx/nan,nan,nan,nan,nan,nan
2026.272.13:54:00/wx/nan,nan,nan,nan,nan,nan
2026.272.13:55:00/wx/nan,nan,nan,nan,nan,nan
2026.272.13:56:00/wx/nan,nan,nan,nan,nan,nan
2026.272.13:57:00/wx/nan,nan,nan,nan,nan,nan
2026.272.13:58:00/wx/nan,nan,nan,nan,nan,nan
2026.272.13:59:00/wx/nan,nan,nan,nan,nan,nan
2026.272.14:00:00/wx/nan,nan,nan,nan,nan,nan
2026.272.14:01:00/wx/nan,nan,nan,nan,nan,nan
2026.272.14:02:00/wx/nan,nan,nan,nan,nan,nan
2026.272.14:03:00/wx/nan,nan,nan,nan,nan,nan
2026.272.14:04:00/wx/nan,nan,nan,nan,nan,nan
2026.272.14:05:00/wx/nan,nan,nan,nan,nan,nan
2026.272.14:06:00/wx/nan,nan,nan,nan,nan,nan
2026.272.14:07:00/wx/nan,nan,nan,nan,nan,nan
2026.272.14:08:00/wx/nan,nan,nan,nan,nan,nan
2026.272.14:09:00/wx/nan,nan,nan,nan,nan,nan
2026.272.14:10:00/wx/nan,nan,nan,nan,nan,nan
2026.272.14:11:00/wx/nan,nan,nan,nan,nan,nan
2026.272.14:12:00/wx/nan,nan,nan,nan,nan,nan
2026.272.14:13:00/wx/nan,nan,nan,nan,nan,nan
2026.272.14:14:00/wx/nan,nan,nan,nan,nan,nan
2026.272.14:15:00/wx/nan,nan,nan,nan,nan,nan
2026.272.14:16:00/wx/nan,nan,nan,nan,nan,nan
2026.272.14:17:00/wx/nan,nan,nan,nan,nan,nan
2026.272.14:18:00/wx/nan,nan,nan,nan,nan,nan
2026.272.14:19:00/wx/nan,nan,nan,nan,nan,nan
2026.272.14:20:00/wx/nan,nan,nan,nan,nan,nan
2026.272.14:21:00/wx/nan,nan,nan,nan,nan,nan
2026.272.14:22:00/wx/nan,nan,nan,nan,nan,nan
2026.272.14:23:00/wx/nan,nan,nan,nan,nan,nan
2026.272.14:24:00/wx/nan,nan,nan,nan,nan,nan
2026.272.14:25:00/wx/nan,nan,nan,nan,nan,nan
2026.272.14:26:00/wx/nan,nan,nan,nan,nan,nan
2026.272.14:27:00/wx/nan,nan,nan,nan,nan,nan
2026.272.14:28:00/wx/nan,nan,nan,nan,nan,nan
2026.272.14:29:00/wx/nan,nan,nan,nan,nan,nan
2026.272.14:30:00/wx/nan,nan,nan,nan,nan,nan
2026.272.14:31:00/wx/nan,nan,nan,nan,nan,nan
2026.272.14:32:00/wx/nan,nan,nan,nan,nan,nan
2026.272.14:33:00/wx/nan,nan,nan,nan,nan,nan
2026.272.14:34:00/wx/nan,nan,nan,nan,nan,nan
2026.272.14:35:00/wx/nan,nan,nan,nan,nan,nan
2026.272.14:36:00/wx/nan,nan,nan,nan,nan,nan
2026.272.14:37:00/wx/nan,nan,nan,nan,nan,nan
2026.272.14:38:00/wx/nan,nan,nan,nan,nan,nan
2026.272.14:39:00/wx/nan,nan,nan,nan,nan,nan
2026.272.14:40:00/wx/nan,nan,nan,nan,nan,nan
2026.272.14:41:00/wx/nan,nan,nan,nan,nan,nan
2026.272.14:42:00/wx/nan,nan,nan,nan,nan,nan
2026.272.14:43:00/wx/nan,nan,nan,nan,nan,nan
2026.272.14:44:00/wx/nan,nan,nan,nan,nan,nan
2026.272.14:45:00/wx/nan,nan,nan,nan,nan,nan
2026.272.14:46:00/wx/nan,nan,nan,nan,nan,nan
2026.272.14:47:00/wx/nan,nan,nan,nan,nan,nan
2026.272.14:48:00/wx/nan,nan,nan,nan,nan,nan
2026.272.14:49:00/wx/nan,nan,nan,nan,nan,nan
2026.272.14:50:00/wx/nan,nan,nan,nan,nan,nan
2026.272.14:51:00/wx/nan,nan,nan,nan,nan,nan
2026.272.14:52:00/wx/nan,nan,nan,nan,nan,nan
2026.272.14:53:00/wx/nan,nan,nan,nan,nan,nan
2026.272.14:54:00/wx/nan,nan,nan,nan,nan,nan
2026.272.14:55:00/wx/nan,nan,nan,nan,nan,nan
2026.272.14:56:00/wx/nan,nan,nan,nan,nan,nan
2026.272.14:57:00/wx/nan,nan,nan,nan,nan,nan
2026.272.14:58:00/wx/nan,nan,nan,nan,nan,nan
2026.272.14:59:00/wx/nan,nan,nan,nan,nan,nan
