2025.117.05:00:00;APEX Database Weather Data for Timerange of c251d
2025.117.05:00:00;The format is wx/temp[C],press[mbar],humid[%],speed[m/s],direction[deg],pwv[mm]
2025.117.05:01:00/wx/-2.50,554.4,8.0,4.32,341,0.57
2025.117.05:02:00/wx/-2.40,554.4,8.0,3.91,340,0.57
2025.117.05:03:00/wx/-2.30,554.4,7.6,4.43,340,0.57
2025.117.05:04:00/wx/-2.30,554.4,7.4,3.72,342,0.57
2025.117.05:05:00/wx/-2.25,554.4,7.3,3.46,334,0.57
2025.117.05:06:00/wx/-2.60,554.5,8.0,3.54,333,0.57
2025.117.05:07:00/wx/-2.53,554.4,8.2,4.10,342,0.57
2025.117.05:08:00/wx/-2.60,554.4,8.5,3.76,338,0.58
2025.117.05:09:00/wx/-2.61,554.4,8.4,3.85,335,0.57
2025.117.05:10:00/wx/-2.65,554.4,8.2,4.00,342,0.57
2025.117.05:11:00/wx/-3.50,554.4,9.4,3.72,331,0.57
2025.117.05:12:00/wx/-3.27,554.5,9.2,3.95,330,0.57
2025.117.05:13:00/wx/-3.11,554.4,9.2,4.45,340,0.57
2025.117.05:14:00/wx/-2.90,554.4,8.9,4.33,343,0.57
2025.117.05:15:00/wx/-2.70,554.4,8.5,4.13,339,0.58
2025.117.05:16:00/wx/-2.70,554.4,8.4,3.63,336,0.58
2025.117.05:17:00/wx/-2.90,554.3,8.5,3.85,331,0.58
2025.117.05:18:00/wx/-3.10,554.3,8.8,3.25,326,0.58
2025.117.05:19:00/wx/-3.58,554.3,9.7,4.41,346,0.57
2025.117.05:20:00/wx/-3.20,554.3,8.9,3.52,337,0.57
2025.117.05:21:00/wx/-3.20,554.3,8.8,4.53,344,0.57
2025.117.05:22:00/wx/-2.80,554.3,8.1,4.60,344,0.58
2025.117.05:23:00/wx/-2.81,554.3,8.5,4.00,353,0.58
2025.117.05:24:00/wx/-3.00,554.3,9.1,4.55,341,0.58
2025.117.05:25:00/wx/-3.10,554.3,9.2,4.52,341,0.58
2025.117.05:26:00/wx/-2.90,554.3,8.7,4.33,340,0.58
2025.117.05:27:00/wx/-2.80,554.3,8.4,4.18,347,0.59
2025.117.05:28:00/wx/-2.60,554.3,7.8,3.75,340,0.59
2025.117.05:29:00/wx/-3.25,554.3,8.5,4.37,344,0.59
2025.117.05:30:00/wx/-3.22,554.3,8.9,3.70,332,0.59
2025.117.05:31:00/wx/-4.50,554.3,10.6,3.53,319,0.60
2025.117.05:32:00/wx/-3.80,554.3,10.1,3.72,335,0.61
2025.117.05:33:00/wx/-3.30,554.3,9.1,3.82,334,0.61
2025.117.05:34:00/wx/-3.62,554.3,9.3,4.17,334,0.61
2025.117.05:35:00/wx/-3.20,554.3,8.9,3.85,338,0.60
2025.117.05:36:00/wx/-3.20,554.2,8.9,3.93,338,0.61
2025.117.05:37:00/wx/-3.20,554.3,9.0,3.99,336,0.60
2025.117.05:38:00/wx/-3.20,554.3,8.9,4.27,336,0.60
2025.117.05:39:00/wx/-2.93,554.2,8.6,4.10,335,0.61
2025.117.05:40:00/wx/-3.00,554.2,8.5,4.14,342,0.61
2025.117.05:41:00/wx/-3.10,554.2,8.9,4.23,340,0.62
2025.117.05:42:00/wx/-2.80,554.2,8.5,4.60,348,0.62
2025.117.05:43:00/wx/-2.80,554.2,8.3,4.51,338,0.63
2025.117.05:44:00/wx/-2.80,554.3,8.3,4.23,334,0.63
2025.117.05:45:00/wx/-2.60,554.3,7.9,4.18,345,0.63
2025.117.05:46:00/wx/-2.91,554.3,8.1,4.62,346,0.63
2025.117.05:47:00/wx/-2.70,554.2,8.0,4.14,346,0.64
2025.117.05:48:00/wx/-2.60,554.3,7.8,2.86,331,0.64
2025.117.05:49:00/wx/-2.72,554.3,8.1,4.16,335,0.65
2025.117.05:50:00/wx/-2.78,554.3,8.0,4.43,344,0.65
2025.117.05:51:00/wx/-2.90,554.2,8.4,4.73,341,0.65
2025.117.05:52:00/wx/-2.84,554.3,8.4,4.36,342,0.66
2025.117.05:53:00/wx/-2.80,554.2,8.2,4.23,343,0.66
2025.117.05:54:00/wx/-2.70,554.3,8.1,4.60,346,0.66
2025.117.05:55:00/wx/-2.98,554.3,8.9,4.63,340,0.65
2025.117.05:56:00/wx/-2.80,554.3,8.4,4.23,344,0.65
2025.117.05:57:00/wx/-2.80,554.3,8.2,4.18,347,0.64
2025.117.05:58:00/wx/-3.00,554.2,8.7,4.13,339,0.63
2025.117.05:59:00/wx/-2.80,554.2,8.0,3.78,340,0.64
2025.117.06:00:00/wx/-2.90,554.2,8.5,4.23,343,0.64
2025.117.06:01:00/wx/-3.00,554.2,9.0,4.42,343,0.64
2025.117.06:02:00/wx/-2.90,554.2,8.6,4.34,344,0.66
2025.117.06:03:00/wx/-2.90,554.2,8.6,4.13,343,0.65
2025.117.06:04:00/wx/-2.90,554.2,8.5,3.98,336,0.65
2025.117.06:05:00/wx/-2.90,554.2,8.4,3.75,334,0.64
2025.117.06:06:00/wx/-3.10,554.2,9.1,4.05,344,0.65
2025.117.06:07:00/wx/-3.10,554.2,9.3,4.10,340,0.64
2025.117.06:08:00/wx/-3.20,554.2,9.6,3.95,340,0.64
2025.117.06:09:00/wx/-3.30,554.2,9.7,4.07,339,0.64
2025.117.06:10:00/wx/-3.20,554.2,9.4,4.23,345,0.65
2025.117.06:11:00/wx/-3.10,554.2,9.2,4.07,340,0.65
2025.117.06:12:00/wx/-3.17,554.2,9.3,4.50,341,0.64
2025.117.06:13:00/wx/-3.10,554.2,9.2,4.34,342,0.63
2025.117.06:14:00/wx/-3.10,554.2,9.2,4.66,342,0.64
2025.117.06:15:00/wx/-3.00,554.2,8.8,4.63,344,0.63
2025.117.06:16:00/wx/-3.00,554.2,8.6,4.21,346,0.64
2025.117.06:17:00/wx/-3.00,554.2,8.9,4.63,344,0.64
2025.117.06:18:00/wx/-3.20,554.2,9.3,4.44,342,0.64
2025.117.06:19:00/wx/-3.10,554.2,9.1,4.47,339,0.64
2025.117.06:20:00/wx/-3.20,554.2,9.6,4.43,341,0.64
2025.117.06:21:00/wx/-3.30,554.2,9.7,4.72,340,0.64
2025.117.06:22:00/wx/-3.20,554.1,9.3,4.34,337,0.63
2025.117.06:23:00/wx/-3.01,554.1,8.9,4.03,339,0.63
2025.117.06:24:00/wx/-3.20,554.1,9.0,4.18,342,0.63
2025.117.06:25:00/wx/-3.61,554.1,9.9,4.34,338,0.63
2025.117.06:26:00/wx/-3.40,554.1,9.8,4.23,341,0.64
2025.117.06:27:00/wx/-3.32,554.1,9.5,4.23,347,0.63
2025.117.06:28:00/wx/-3.19,554.2,9.4,4.25,336,0.63
2025.117.06:29:00/wx/-3.00,554.1,8.8,4.40,336,0.63
2025.117.06:30:00/wx/-3.10,554.1,8.9,4.43,334,0.63
2025.117.06:31:00/wx/-3.14,554.1,8.9,4.43,339,0.63
2025.117.06:32:00/wx/-3.20,554.1,9.1,4.42,336,0.63
2025.117.06:33:00/wx/-3.30,554.1,9.2,4.55,336,0.64
2025.117.06:34:00/wx/-3.10,554.1,8.9,4.53,340,0.63
2025.117.06:35:00/wx/-3.00,554.1,8.7,4.13,329,0.64
2025.117.06:36:00/wx/-3.14,554.1,9.1,4.81,329,0.63
2025.117.06:37:00/wx/-3.30,554.1,9.2,4.41,341,0.64
2025.117.06:38:00/wx/-4.31,554.1,10.6,4.79,332,0.63
2025.117.06:39:00/wx/-4.30,554.1,11.1,4.59,333,0.63
2025.117.06:40:00/wx/-3.80,554.1,10.2,4.43,350,0.63
2025.117.06:41:00/wx/-3.46,554.1,9.5,3.67,337,0.63
2025.117.06:42:00/wx/-3.82,554.1,10.4,4.20,332,0.63
2025.117.06:43:00/wx/-3.42,554.1,9.7,4.62,341,0.63
2025.117.06:44:00/wx/-3.95,554.1,10.7,4.46,337,0.63
2025.117.06:45:00/wx/-3.70,554.0,10.3,4.63,342,0.63
2025.117.06:46:00/wx/-3.25,554.1,9.2,3.71,339,0.63
2025.117.06:47:00/wx/-3.20,554.1,9.0,4.77,340,0.63
2025.117.06:48:00/wx/-3.10,554.0,8.8,4.69,340,0.63
2025.117.06:49:00/wx/-3.03,554.1,8.8,4.41,339,0.63
2025.117.06:50:00/wx/-3.10,554.0,8.8,4.33,343,0.62
2025.117.06:51:00/wx/-3.00,554.0,8.5,3.95,339,0.63
2025.117.06:52:00/wx/-3.18,554.1,9.0,4.44,327,0.62
2025.117.06:53:00/wx/-3.20,554.0,8.7,4.77,343,0.62
2025.117.06:54:00/wx/-3.10,554.1,8.4,4.31,339,0.62
2025.117.06:55:00/wx/-3.00,554.1,8.2,5.04,339,0.62
2025.117.06:56:00/wx/-2.90,554.0,8.2,4.74,343,0.65
2025.117.06:57:00/wx/-2.90,554.0,8.0,4.83,338,0.66
2025.117.06:58:00/wx/-3.20,554.0,8.1,4.68,337,0.65
2025.117.06:59:00/wx/-3.00,554.0,8.2,4.73,342,0.65
2025.117.07:00:00/wx/-2.90,554.0,8.0,4.63,337,0.65
2025.117.07:01:00/wx/-2.89,554.0,8.0,4.36,340,0.65
2025.117.07:02:00/wx/-3.00,554.0,8.1,4.95,336,0.65
2025.117.07:03:00/wx/-3.05,554.0,8.0,3.86,322,0.65
2025.117.07:04:00/wx/-3.02,554.0,7.7,4.45,338,0.64
2025.117.07:05:00/wx/-3.10,554.0,8.0,4.13,339,0.64
2025.117.07:06:00/wx/-2.90,554.1,7.6,4.16,339,0.64
2025.117.07:07:00/wx/-3.00,554.0,7.8,5.04,340,0.64
2025.117.07:08:00/wx/-2.90,554.0,7.6,4.23,340,0.65
2025.117.07:09:00/wx/-3.28,554.0,8.2,4.53,337,0.65
2025.117.07:10:00/wx/-3.20,554.0,8.2,4.22,332,0.65
2025.117.07:11:00/wx/-3.60,554.0,8.8,4.18,329,0.65
2025.117.07:12:00/wx/-3.61,554.0,9.3,4.84,337,0.66
2025.117.07:13:00/wx/-3.74,554.0,8.9,5.02,334,0.66
2025.117.07:14:00/wx/-3.53,554.0,8.5,4.28,346,0.64
2025.117.07:15:00/wx/-3.50,554.0,8.5,4.73,339,0.64
2025.117.07:16:00/wx/-3.30,554.0,8.0,4.37,334,0.64
2025.117.07:17:00/wx/-3.30,554.0,7.8,4.02,343,0.65
2025.117.07:18:00/wx/-3.40,554.0,8.1,4.69,337,0.64
2025.117.07:19:00/wx/-3.30,554.0,7.8,4.71,335,0.65
2025.117.07:20:00/wx/-3.20,554.0,7.6,4.54,344,0.65
2025.117.07:21:00/wx/-3.20,554.0,7.6,4.81,330,0.65
2025.117.07:22:00/wx/-3.39,554.0,7.8,4.35,328,0.64
2025.117.07:23:00/wx/-3.57,554.0,8.2,4.10,331,0.64
2025.117.07:24:00/wx/-3.40,554.0,7.9,4.69,343,0.63
2025.117.07:25:00/wx/-3.20,554.0,7.6,4.55,337,0.63
2025.117.07:26:00/wx/-3.36,554.0,7.7,4.15,338,0.63
2025.117.07:27:00/wx/-3.40,554.0,7.7,3.93,337,0.63
2025.117.07:28:00/wx/-3.40,554.0,7.7,4.23,328,0.63
2025.117.07:29:00/wx/-3.37,554.0,7.9,3.72,335,0.68
2025.117.07:30:00/wx/-3.50,554.0,8.0,4.32,325,0.69
2025.117.07:31:00/wx/-3.40,554.0,7.9,4.02,336,0.69
2025.117.07:32:00/wx/-3.40,554.0,8.0,4.13,341,0.69
2025.117.07:33:00/wx/-3.37,554.0,7.9,4.20,342,0.69
2025.117.07:34:00/wx/-3.48,554.0,8.1,4.36,339,0.69
2025.117.07:35:00/wx/-3.39,554.0,8.0,4.43,341,0.69
2025.117.07:36:00/wx/-3.40,554.0,8.2,4.38,340,0.70
2025.117.07:37:00/wx/-3.30,554.0,8.0,4.43,336,0.69
2025.117.07:38:00/wx/-3.20,554.0,7.7,3.86,336,0.69
2025.117.07:39:00/wx/-3.30,554.0,8.0,3.85,343,0.69
2025.117.07:40:00/wx/-3.40,553.9,8.3,3.72,337,0.69
2025.117.07:41:00/wx/-3.61,553.9,8.7,4.17,335,0.69
2025.117.07:42:00/wx/-3.60,553.9,8.5,4.33,334,0.69
2025.117.07:43:00/wx/-3.40,553.9,8.0,3.67,338,0.69
2025.117.07:44:00/wx/-3.95,553.9,8.8,4.38,333,0.63
2025.117.07:45:00/wx/-3.80,553.9,9.0,4.54,333,0.63
2025.117.07:46:00/wx/-3.48,553.9,8.4,4.14,338,0.63
2025.117.07:47:00/wx/-3.50,553.9,8.5,3.73,343,0.63
2025.117.07:48:00/wx/-3.80,553.9,9.2,4.08,337,0.63
2025.117.07:49:00/wx/-3.60,553.9,8.8,3.95,338,0.63
2025.117.07:50:00/wx/-3.50,553.9,8.8,4.01,338,0.63
2025.117.07:51:00/wx/-3.77,553.8,9.3,3.99,338,0.62
2025.117.07:52:00/wx/-3.80,553.8,9.4,4.14,335,0.62
2025.117.07:53:00/wx/-3.59,553.8,9.0,4.49,338,0.63
2025.117.07:54:00/wx/-3.30,553.8,8.3,4.34,339,0.63
2025.117.07:55:00/wx/-3.40,553.8,8.6,4.14,338,0.64
2025.117.07:56:00/wx/-3.60,553.8,9.0,4.39,332,0.64
2025.117.07:57:00/wx/-3.40,553.8,8.5,4.31,335,0.65
2025.117.07:58:00/wx/-3.30,553.8,8.0,4.73,337,0.65
2025.117.07:59:00/wx/-3.20,553.8,7.8,4.54,338,0.67
2025.117.08:00:00/wx/-3.30,553.8,7.9,3.98,336,0.67
2025.117.08:01:00/wx/-3.40,553.8,8.2,4.36,335,0.68
2025.117.08:02:00/wx/-3.50,553.8,8.3,4.11,334,0.69
2025.117.08:03:00/wx/-3.60,553.8,8.4,4.03,339,0.71
2025.117.08:04:00/wx/-3.51,553.7,8.3,4.44,332,0.70
2025.117.08:05:00/wx/-3.40,553.8,8.2,4.36,341,0.71
2025.117.08:06:00/wx/-3.40,553.7,8.4,3.95,342,0.69
2025.117.08:07:00/wx/-3.69,553.7,8.6,3.94,330,0.70
2025.117.08:08:00/wx/-3.60,553.7,8.5,4.11,329,0.71
2025.117.08:09:00/wx/-3.69,553.7,8.7,4.13,338,0.71
2025.117.08:10:00/wx/-3.78,553.7,9.0,4.30,339,0.71
2025.117.08:11:00/wx/-3.50,553.7,8.4,4.17,335,0.70
2025.117.08:12:00/wx/-3.50,553.7,8.3,4.54,332,0.70
2025.117.08:13:00/wx/-3.40,553.7,8.2,3.98,339,0.67
2025.117.08:14:00/wx/-3.50,553.7,8.5,4.19,336,0.63
2025.117.08:15:00/wx/-3.50,553.6,8.3,4.19,335,0.63
2025.117.08:16:00/wx/-3.50,553.6,8.3,4.57,337,0.64
2025.117.08:17:00/wx/-3.51,553.6,8.4,3.99,328,0.65
2025.117.08:18:00/wx/-3.60,553.6,8.6,4.52,333,0.66
2025.117.08:19:00/wx/-3.50,553.6,8.4,4.33,325,0.65
2025.117.08:20:00/wx/-3.60,553.6,8.5,4.51,334,0.64
2025.117.08:21:00/wx/-3.50,553.6,8.5,4.87,333,0.64
2025.117.08:22:00/wx/-3.50,553.7,8.3,3.95,336,0.64
2025.117.08:23:00/wx/-3.72,553.6,8.7,4.93,338,0.64
2025.117.08:24:00/wx/-3.60,553.6,8.6,4.63,342,0.63
2025.117.08:25:00/wx/-4.10,553.6,9.4,4.39,337,0.63
2025.117.08:26:00/wx/-4.45,553.6,10.0,3.97,338,0.62
2025.117.08:27:00/wx/-4.48,553.6,10.7,4.18,330,0.62
2025.117.08:28:00/wx/-4.04,553.6,9.8,4.67,332,0.62
2025.117.08:29:00/wx/-3.90,553.6,9.2,4.83,342,0.74
2025.117.08:30:00/wx/-3.60,553.6,8.8,4.73,339,0.74
2025.117.08:31:00/wx/-3.60,553.6,8.8,4.73,342,0.75
2025.117.08:32:00/wx/-3.50,553.6,8.5,4.05,344,0.74
2025.117.08:33:00/wx/-3.70,553.6,9.0,5.23,342,0.74
2025.117.08:34:00/wx/-3.60,553.6,8.7,4.93,343,0.74
2025.117.08:35:00/wx/-3.46,553.6,8.3,4.35,338,0.75
2025.117.08:36:00/wx/-3.40,553.6,8.2,4.86,341,0.75
2025.117.08:37:00/wx/-3.40,553.6,8.2,4.66,341,0.73
2025.117.08:38:00/wx/-3.50,553.5,8.3,3.78,336,0.73
2025.117.08:39:00/wx/-3.60,553.6,8.4,4.73,337,0.73
2025.117.08:40:00/wx/-3.60,553.6,8.3,4.72,332,0.72
2025.117.08:41:00/wx/-3.70,553.6,8.4,4.63,335,0.72
2025.117.08:42:00/wx/-3.90,553.6,8.7,4.75,331,0.73
2025.117.08:43:00/wx/-3.80,553.6,8.6,3.89,334,0.73
2025.117.08:44:00/wx/-4.00,553.6,8.9,4.64,338,0.73
2025.117.08:45:00/wx/-4.17,553.6,9.2,4.89,341,0.71
2025.117.08:46:00/wx/-3.71,553.6,8.8,5.15,349,0.71
2025.117.08:47:00/wx/-3.90,553.6,8.9,5.06,341,0.70
2025.117.08:48:00/wx/-3.93,553.6,9.3,5.01,337,0.70
2025.117.08:49:00/wx/-4.31,553.6,9.6,5.04,349,0.70
2025.117.08:50:00/wx/-3.99,553.6,9.4,5.02,338,0.70
2025.117.08:51:00/wx/-4.49,553.6,9.9,4.91,344,0.69
2025.117.08:52:00/wx/-3.97,553.6,9.3,5.62,343,0.69
2025.117.08:53:00/wx/-3.63,553.6,8.7,4.84,340,0.69
2025.117.08:54:00/wx/-3.81,553.6,9.1,5.02,337,0.68
2025.117.08:55:00/wx/-3.70,553.6,8.9,5.08,342,0.67
2025.117.08:56:00/wx/-3.90,553.6,9.4,5.13,337,0.68
2025.117.08:57:00/wx/-3.87,553.6,9.3,5.36,344,0.66
2025.117.08:58:00/wx/-3.71,553.6,8.9,4.89,340,0.67
2025.117.08:59:00/wx/-3.70,553.5,8.8,5.22,336,0.68
2025.117.09:00:00/wx/-3.70,553.6,9.0,4.72,339,0.69
2025.117.09:01:00/wx/-3.70,553.5,9.0,5.14,340,0.70
2025.117.09:02:00/wx/-3.70,553.6,9.0,4.42,330,0.69
2025.117.09:03:00/wx/-3.93,553.6,9.6,5.21,336,0.68
2025.117.09:04:00/wx/-3.80,553.6,9.4,4.90,337,0.69
2025.117.09:05:00/wx/-3.86,553.5,9.5,4.66,339,0.68
2025.117.09:06:00/wx/-3.70,553.5,9.1,5.03,335,0.68
2025.117.09:07:00/wx/-3.60,553.5,8.6,4.69,343,0.68
2025.117.09:08:00/wx/-3.90,553.5,9.2,4.75,339,0.67
2025.117.09:09:00/wx/-3.94,553.5,8.8,4.34,324,0.68
2025.117.09:10:00/wx/-3.95,553.5,9.0,4.75,334,0.67
2025.117.09:11:00/wx/-3.70,553.5,8.7,4.23,338,0.68
2025.117.09:12:00/wx/-3.77,553.5,8.8,4.63,338,0.68
2025.117.09:13:00/wx/-3.60,553.5,8.5,4.87,337,0.67
2025.117.09:14:00/wx/-3.60,553.5,8.4,5.16,342,0.60
2025.117.09:15:00/wx/-3.70,553.5,8.5,4.44,344,0.60
2025.117.09:16:00/wx/-3.80,553.5,8.7,4.73,332,0.61
2025.117.09:17:00/wx/-3.70,553.5,8.5,4.68,339,0.61
2025.117.09:18:00/wx/-3.60,553.5,8.4,4.61,340,0.61
2025.117.09:19:00/wx/-3.80,553.5,8.7,4.80,335,0.61
2025.117.09:20:00/wx/-3.90,553.5,8.9,3.82,328,0.61
2025.117.09:21:00/wx/-4.80,553.5,9.9,4.13,343,0.61
2025.117.09:22:00/wx/-4.35,553.5,9.9,4.47,337,0.65
2025.117.09:23:00/wx/-3.92,553.5,9.1,3.78,338,0.64
2025.117.09:24:00/wx/-3.99,553.5,9.5,4.42,331,0.64
2025.117.09:25:00/wx/-3.80,553.5,9.0,4.90,342,0.64
2025.117.09:26:00/wx/-3.90,553.5,8.9,4.33,339,0.63
2025.117.09:27:00/wx/-3.80,553.5,8.8,4.72,333,0.63
2025.117.09:28:00/wx/-3.79,553.5,8.6,4.34,336,0.66
2025.117.09:29:00/wx/-3.79,553.5,8.9,4.84,332,0.67
2025.117.09:30:00/wx/-3.69,553.5,8.9,4.13,335,0.66
2025.117.09:31:00/wx/-3.90,553.5,9.2,4.23,335,0.66
2025.117.09:32:00/wx/-3.65,553.5,8.8,4.93,336,0.66
2025.117.09:33:00/wx/-3.60,553.5,8.5,4.79,333,0.66
2025.117.09:34:00/wx/-3.60,553.5,8.6,5.07,333,0.66
2025.117.09:35:00/wx/-3.50,553.5,8.3,4.61,333,0.66
2025.117.09:36:00/wx/-3.60,553.5,8.4,5.33,341,0.65
2025.117.09:37:00/wx/-3.80,553.5,8.9,5.27,337,0.66
2025.117.09:38:00/wx/-3.70,553.5,8.5,5.24,337,0.66
2025.117.09:39:00/wx/-3.70,553.5,8.5,4.68,338,0.65
2025.117.09:40:00/wx/-3.63,553.5,8.3,4.75,335,0.65
2025.117.09:41:00/wx/-3.60,553.6,8.2,4.83,333,0.66
2025.117.09:42:00/wx/-3.70,553.5,8.3,4.88,333,0.66
2025.117.09:43:00/wx/-3.60,553.5,8.2,4.44,339,0.65
2025.117.09:44:00/wx/-3.70,553.6,8.3,4.67,338,0.59
2025.117.09:45:00/wx/-3.80,553.5,8.7,4.68,326,0.60
2025.117.09:46:00/wx/-3.80,553.6,8.5,4.92,328,0.59
2025.117.09:47:00/wx/-3.80,553.6,8.5,4.73,336,0.59
2025.117.09:48:00/wx/-3.70,553.6,8.4,4.24,340,0.59
2025.117.09:49:00/wx/-3.90,553.6,8.6,5.35,332,0.60
2025.117.09:50:00/wx/-3.80,553.6,8.6,4.41,333,0.60
2025.117.09:51:00/wx/-4.00,553.6,8.8,4.14,334,0.59
2025.117.09:52:00/wx/-4.00,553.6,8.8,4.23,331,0.60
2025.117.09:53:00/wx/-4.00,553.6,8.8,4.62,334,0.60
2025.117.09:54:00/wx/-4.00,553.6,8.8,4.90,340,0.60
2025.117.09:55:00/wx/-4.11,553.5,9.0,4.33,333,0.59
2025.117.09:56:00/wx/-4.00,553.6,8.8,4.34,340,0.59
2025.117.09:57:00/wx/-3.84,553.6,8.5,4.29,334,0.60
2025.117.09:58:00/wx/-4.10,553.6,9.0,4.46,335,0.60
2025.117.09:59:00/wx/-4.30,553.6,9.3,4.74,337,0.63
2025.117.10:00:00/wx/-4.10,553.6,8.8,4.27,342,0.62
2025.117.10:01:00/wx/-4.64,553.6,9.4,4.78,334,0.63
2025.117.10:02:00/wx/-4.40,553.6,9.4,4.32,330,0.64
2025.117.10:03:00/wx/-4.40,553.6,9.8,4.43,337,0.64
2025.117.10:04:00/wx/-4.37,553.6,9.4,4.22,331,0.64
2025.117.10:05:00/wx/-4.18,553.6,8.9,4.21,332,0.64
2025.117.10:06:00/wx/-4.29,553.6,9.1,4.69,332,0.63
2025.117.10:07:00/wx/-4.00,553.6,8.7,4.53,331,0.63
2025.117.10:08:00/wx/-4.00,553.6,8.5,4.83,327,0.62
2025.117.10:09:00/wx/-3.90,553.6,8.5,4.18,336,0.63
2025.117.10:10:00/wx/-3.90,553.6,8.4,4.34,334,0.62
2025.117.10:11:00/wx/-3.90,553.6,8.4,4.67,337,0.62
2025.117.10:12:00/wx/-3.90,553.6,8.3,4.61,336,0.62
2025.117.10:13:00/wx/-3.90,553.6,8.3,4.33,340,0.62
2025.117.10:14:00/wx/-4.00,553.6,8.5,4.59,338,0.60
2025.117.10:15:00/wx/-4.00,553.6,8.4,4.15,333,0.60
2025.117.10:16:00/wx/-3.90,553.6,8.3,4.61,330,0.59
2025.117.10:17:00/wx/-4.00,553.6,8.4,4.59,337,0.60
2025.117.10:18:00/wx/-3.90,553.7,8.4,4.83,335,0.59
2025.117.10:19:00/wx/-4.00,553.7,8.5,4.62,335,0.59
2025.117.10:20:00/wx/-4.00,553.7,8.4,4.58,336,0.60
2025.117.10:21:00/wx/-3.88,553.7,8.3,4.42,339,0.59
2025.117.10:22:00/wx/-3.95,553.7,8.6,4.13,340,0.59
2025.117.10:23:00/wx/-4.19,553.7,8.8,4.43,341,0.60
2025.117.10:24:00/wx/-4.10,553.7,8.8,4.30,331,0.60
2025.117.10:25:00/wx/-4.10,553.7,8.8,4.72,334,0.60
2025.117.10:26:00/wx/-4.00,553.7,8.7,5.02,333,0.59
2025.117.10:27:00/wx/-3.83,553.7,8.2,4.77,341,0.59
2025.117.10:28:00/wx/-3.70,553.7,8.2,4.62,333,0.60
2025.117.10:29:00/wx/-3.80,553.7,8.4,5.05,335,0.62
2025.117.10:30:00/wx/-3.80,553.7,8.3,4.74,335,0.61
2025.117.10:31:00/wx/-3.78,553.7,8.2,5.08,342,0.61
2025.117.10:32:00/wx/-3.80,553.7,8.2,5.42,340,0.62
2025.117.10:33:00/wx/-3.80,553.8,8.2,5.13,334,0.61
2025.117.10:34:00/wx/-3.90,553.8,8.4,5.42,331,0.61
2025.117.10:35:00/wx/-4.10,553.8,8.8,5.26,338,0.61
2025.117.10:36:00/wx/-4.22,553.8,9.1,4.59,341,0.60
2025.117.10:37:00/wx/-4.10,553.8,8.9,4.96,339,0.60
2025.117.10:38:00/wx/-3.89,553.8,8.5,5.23,344,0.60
2025.117.10:39:00/wx/-3.70,553.8,8.0,5.21,339,0.60
2025.117.10:40:00/wx/-3.80,553.8,8.1,5.23,344,0.61
2025.117.10:41:00/wx/-3.93,553.8,8.4,5.43,336,0.60
2025.117.10:42:00/wx/-3.97,553.8,8.4,5.39,334,0.60
2025.117.10:43:00/wx/-3.79,553.8,8.3,5.09,337,0.60
2025.117.10:44:00/wx/-3.60,553.8,7.8,4.64,336,0.57
2025.117.10:45:00/wx/-3.70,553.8,8.0,5.05,342,0.57
2025.117.10:46:00/wx/-3.70,553.9,8.0,5.33,337,0.57
2025.117.10:47:00/wx/-4.36,553.9,9.0,5.21,337,0.58
2025.117.10:48:00/wx/-3.98,553.9,8.6,5.11,335,0.57
2025.117.10:49:00/wx/-4.11,553.9,8.5,5.42,340,0.57
2025.117.10:50:00/wx/-3.90,553.9,8.3,4.83,332,0.57
2025.117.10:51:00/wx/-3.80,553.9,8.1,5.01,336,0.58
2025.117.10:52:00/wx/-3.72,553.9,8.0,4.53,340,0.58
2025.117.10:53:00/wx/-3.69,553.9,7.8,4.56,338,0.58
2025.117.10:54:00/wx/-3.76,554.0,8.2,4.85,328,0.57
2025.117.10:55:00/wx/-3.90,554.0,8.4,5.03,333,0.57
2025.117.10:56:00/wx/-3.89,553.9,8.3,5.45,347,0.57
2025.117.10:57:00/wx/-4.03,554.0,8.6,5.08,337,0.57
2025.117.10:58:00/wx/-3.90,554.0,8.2,5.43,332,0.57
2025.117.10:59:00/wx/-3.80,554.0,8.1,5.09,343,0.58
2025.117.11:00:00/wx/-3.99,554.0,8.4,5.25,342,0.58
2025.117.11:01:00/wx/-3.90,554.0,8.3,4.86,336,0.58
2025.117.11:02:00/wx/-3.90,554.0,8.3,4.88,335,0.58
2025.117.11:03:00/wx/-4.10,554.0,8.6,4.87,331,0.57
2025.117.11:04:00/wx/-4.51,554.0,8.9,4.81,336,0.57
2025.117.11:05:00/wx/-4.00,554.0,8.3,4.83,341,0.57
2025.117.11:06:00/wx/-3.90,554.0,8.1,5.01,340,0.57
2025.117.11:07:00/wx/-3.80,554.1,8.0,5.42,339,0.57
2025.117.11:08:00/wx/-3.80,554.1,8.0,5.46,339,0.57
2025.117.11:09:00/wx/-3.74,554.1,7.9,5.59,337,0.57
2025.117.11:10:00/wx/-3.80,554.1,8.1,5.23,340,0.57
2025.117.11:11:00/wx/-3.83,554.2,8.0,5.06,333,0.57
2025.117.11:12:00/wx/-3.70,554.1,7.7,4.99,337,0.57
2025.117.11:13:00/wx/-3.60,554.1,7.5,5.40,334,0.57
2025.117.11:14:00/wx/-3.67,554.2,7.4,5.39,338,0.57
2025.117.11:15:00/wx/-3.60,554.2,7.7,5.13,335,0.57
2025.117.11:16:00/wx/-3.86,554.2,8.3,5.75,340,0.57
2025.117.11:17:00/wx/-3.51,554.2,7.7,5.48,340,0.57
2025.117.11:18:00/wx/-3.70,554.2,7.8,5.66,341,0.57
2025.117.11:19:00/wx/-3.50,554.3,7.6,4.73,337,0.57
2025.117.11:20:00/wx/-3.50,554.2,7.7,4.73,341,0.57
2025.117.11:21:00/wx/-3.60,554.3,8.0,5.07,335,0.57
2025.117.11:22:00/wx/-3.78,554.3,8.3,5.18,337,0.57
2025.117.11:23:00/wx/-3.91,554.3,8.7,5.14,331,0.57
2025.117.11:24:00/wx/-3.80,554.3,8.3,5.33,325,0.56
2025.117.11:25:00/wx/-3.70,554.3,7.9,5.03,335,0.57
2025.117.11:26:00/wx/-3.85,554.3,8.3,5.24,336,0.59
2025.117.11:27:00/wx/-3.80,554.3,8.3,4.52,336,0.59
2025.117.11:28:00/wx/-4.00,554.3,8.5,5.00,343,0.59
2025.117.11:29:00/wx/-3.90,554.3,8.3,5.57,340,0.58
2025.117.11:30:00/wx/-3.70,554.3,8.0,5.55,334,0.58
2025.117.11:31:00/wx/-3.66,554.3,7.9,5.73,335,0.58
2025.117.11:32:00/wx/-3.60,554.3,7.8,4.84,329,0.58
2025.117.11:33:00/wx/-3.62,554.4,8.0,4.63,338,0.58
2025.117.11:34:00/wx/-3.83,554.4,8.4,5.19,337,0.58
2025.117.11:35:00/wx/-3.81,554.4,8.3,4.65,335,0.58
2025.117.11:36:00/wx/-3.80,554.4,8.3,5.09,331,0.57
2025.117.11:37:00/wx/-4.19,554.4,8.9,5.45,339,0.57
2025.117.11:38:00/wx/-4.06,554.4,8.6,5.27,342,0.57
2025.117.11:39:00/wx/-3.95,554.4,8.5,5.06,344,0.58
2025.117.11:40:00/wx/-4.19,554.4,9.1,5.78,341,0.57
2025.117.11:41:00/wx/-3.90,554.4,8.8,5.73,337,0.57
2025.117.11:42:00/wx/-3.91,554.4,8.8,4.78,339,0.57
2025.117.11:43:00/wx/-3.60,554.4,8.1,5.37,339,0.56
2025.117.11:44:00/wx/-3.69,554.4,8.2,5.50,343,0.55
2025.117.11:45:00/wx/-3.69,554.4,8.2,5.35,349,0.55
2025.117.11:46:00/wx/-3.64,554.4,8.3,6.11,345,0.55
2025.117.11:47:00/wx/-3.30,554.4,7.8,5.62,341,0.55
2025.117.11:48:00/wx/-3.61,554.4,8.2,5.79,334,0.55
2025.117.11:49:00/wx/-3.60,554.4,8.2,5.06,338,0.55
2025.117.11:50:00/wx/-3.80,554.5,8.4,5.83,341,0.56
2025.117.11:51:00/wx/-3.95,554.5,8.5,5.71,343,0.56
2025.117.11:52:00/wx/-3.50,554.5,8.0,5.13,338,0.56
2025.117.11:53:00/wx/-3.36,554.5,7.9,4.91,339,0.56
2025.117.11:54:00/wx/-3.89,554.5,8.5,5.41,327,0.56
2025.117.11:55:00/wx/-3.59,554.5,8.1,5.40,338,0.56
2025.117.11:56:00/wx/-3.55,554.5,8.2,5.13,332,0.55
2025.117.11:57:00/wx/-3.50,554.5,8.0,5.63,343,0.55
2025.117.11:58:00/wx/-2.99,554.4,7.1,5.97,339,0.55
2025.117.11:59:00/wx/-3.27,554.4,7.4,4.83,341,0.53
2025.117.12:00:00/wx/-4.26,554.5,9.3,5.33,336,0.53
2025.117.12:01:00/wx/-3.22,554.5,7.6,5.74,348,0.53
2025.117.12:02:00/wx/-3.00,554.5,7.1,6.03,346,0.52
2025.117.12:03:00/wx/-2.77,554.5,6.8,4.95,334,0.52
2025.117.12:04:00/wx/-2.90,554.5,7.1,4.27,341,0.52
2025.117.12:05:00/wx/-3.02,554.5,7.0,5.01,328,0.53
2025.117.12:06:00/wx/-3.00,554.5,7.0,4.57,336,0.53
2025.117.12:07:00/wx/-3.00,554.5,6.9,4.83,341,0.53
2025.117.12:08:00/wx/-3.00,554.5,7.1,4.28,332,0.53
2025.117.12:09:00/wx/-2.96,554.6,7.1,4.78,334,0.52
2025.117.12:10:00/wx/-3.35,554.6,7.8,4.00,330,0.53
2025.117.12:11:00/wx/-3.00,554.6,7.2,4.10,331,0.53
2025.117.12:12:00/wx/-3.29,554.6,7.5,4.84,342,0.53
2025.117.12:13:00/wx/-3.41,554.6,8.1,5.27,338,0.53
2025.117.12:14:00/wx/-3.29,554.6,8.1,4.08,328,0.55
2025.117.12:15:00/wx/-3.71,554.6,9.1,5.17,344,0.55
2025.117.12:16:00/wx/-3.03,554.6,7.5,5.97,336,0.55
2025.117.12:17:00/wx/-3.00,554.6,7.3,5.20,346,0.55
2025.117.12:18:00/wx/-3.04,554.6,7.4,5.11,338,0.55
2025.117.12:19:00/wx/-3.40,554.6,8.6,4.45,336,0.55
2025.117.12:20:00/wx/-3.41,554.6,8.6,5.35,336,0.55
2025.117.12:21:00/wx/-3.22,554.6,7.9,5.22,348,0.55
2025.117.12:22:00/wx/-3.30,554.7,7.8,4.84,331,0.55
2025.117.12:23:00/wx/-3.40,554.7,8.7,5.35,334,0.55
2025.117.12:24:00/wx/-2.71,554.7,7.2,4.41,337,0.54
2025.117.12:25:00/wx/-2.70,554.7,6.9,3.98,332,0.54
2025.117.12:26:00/wx/-2.80,554.7,7.1,4.47,339,0.54
2025.117.12:27:00/wx/-2.90,554.7,7.3,6.03,337,0.54
2025.117.12:28:00/wx/-2.90,554.7,7.3,5.47,339,0.54
2025.117.12:29:00/wx/-2.80,554.7,7.1,4.93,337,0.55
2025.117.12:30:00/wx/-2.70,554.7,7.1,4.79,336,0.55
2025.117.12:31:00/wx/-2.92,554.7,7.8,5.75,344,0.55
2025.117.12:32:00/wx/-2.49,554.8,6.8,4.98,334,0.55
2025.117.12:33:00/wx/-2.50,554.7,6.5,4.83,349,0.55
2025.117.12:34:00/wx/-2.60,554.8,6.8,4.53,341,0.55
2025.117.12:35:00/wx/-3.55,554.8,10.1,5.47,334,0.54
2025.117.12:36:00/wx/-3.32,554.8,9.3,5.39,339,0.54
2025.117.12:37:00/wx/-2.78,554.8,7.6,4.60,337,0.54
2025.117.12:38:00/wx/-2.89,554.8,7.7,5.46,341,0.54
2025.117.12:39:00/wx/-2.80,554.8,7.5,5.33,337,0.54
2025.117.12:40:00/wx/-2.66,554.8,7.2,4.54,339,0.53
2025.117.12:41:00/wx/-2.80,554.8,7.8,5.04,338,0.53
2025.117.12:42:00/wx/-2.90,554.8,8.0,5.60,343,0.52
2025.117.12:43:00/wx/-2.58,554.8,7.3,5.26,344,0.52
2025.117.12:44:00/wx/-2.60,554.8,7.0,5.33,345,0.53
2025.117.12:45:00/wx/-2.60,554.8,7.1,5.13,341,0.53
2025.117.12:46:00/wx/-2.69,554.8,7.4,5.14,342,0.53
2025.117.12:47:00/wx/-2.99,554.8,8.5,5.88,351,0.53
2025.117.12:48:00/wx/-2.90,554.8,8.2,5.65,339,0.53
2025.117.12:49:00/wx/-3.20,554.8,9.6,5.03,342,0.52
2025.117.12:50:00/wx/-3.27,554.8,9.8,5.37,337,0.52
2025.117.12:51:00/wx/-3.10,554.8,9.3,5.29,338,0.52
2025.117.12:52:00/wx/-3.22,554.8,10.2,5.47,341,0.52
2025.117.12:53:00/wx/-3.20,554.8,9.8,5.32,337,0.52
2025.117.12:54:00/wx/-3.20,554.8,9.7,5.33,338,0.52
2025.117.12:55:00/wx/-3.20,554.8,9.8,5.27,341,0.51
2025.117.12:56:00/wx/-3.40,554.8,11.0,5.67,340,0.51
2025.117.12:57:00/wx/-3.20,554.8,10.0,5.89,341,0.51
2025.117.12:58:00/wx/-3.36,554.9,11.0,5.25,346,0.51
2025.117.12:59:00/wx/-2.90,554.9,9.5,5.23,341,0.51
2025.117.13:00:00/wx/-2.94,554.9,10.0,5.01,340,0.51
2025.117.13:01:00/wx/-2.91,554.9,9.8,5.03,338,0.52
2025.117.13:02:00/wx/-3.00,554.9,9.6,5.14,337,0.51
2025.117.13:03:00/wx/-2.90,554.9,9.2,5.11,339,0.51
2025.117.13:04:00/wx/-3.11,554.9,10.6,4.54,337,0.51
2025.117.13:05:00/wx/-3.15,554.9,11.6,5.22,344,0.51
2025.117.13:06:00/wx/-3.00,555.0,10.0,5.03,337,0.51
2025.117.13:07:00/wx/-3.10,555.0,11.3,5.22,338,0.51
2025.117.13:08:00/wx/-3.00,555.0,10.9,4.40,344,0.51
2025.117.13:09:00/wx/-2.89,555.0,10.1,5.14,338,0.51
2025.117.13:10:00/wx/-3.28,555.0,13.2,5.04,340,0.51
2025.117.13:11:00/wx/-3.01,555.0,11.3,4.97,333,0.52
2025.117.13:12:00/wx/-2.90,555.0,11.8,4.68,335,0.51
2025.117.13:13:00/wx/-3.01,555.0,12.0,5.56,342,0.53
2025.117.13:14:00/wx/-2.91,555.0,11.1,4.92,351,0.53
2025.117.13:15:00/wx/-2.60,555.0,9.2,5.25,346,0.53
2025.117.13:16:00/wx/-2.40,555.0,8.2,4.73,340,0.53
2025.117.13:17:00/wx/-2.53,555.1,10.1,5.08,341,0.54
2025.117.13:18:00/wx/-2.40,555.1,9.3,4.76,340,0.53
2025.117.13:19:00/wx/-2.50,555.1,10.2,5.12,337,0.53
2025.117.13:20:00/wx/-2.51,555.1,10.5,4.62,342,0.53
2025.117.13:21:00/wx/-2.40,555.1,9.7,4.93,340,0.53
2025.117.13:22:00/wx/-2.50,555.1,10.5,5.23,335,0.53
2025.117.13:23:00/wx/-2.30,555.1,9.6,4.76,335,0.53
2025.117.13:24:00/wx/-2.29,555.1,8.9,5.36,344,0.53
2025.117.13:25:00/wx/-2.16,555.1,8.2,4.93,341,0.52
2025.117.13:26:00/wx/-2.20,555.1,8.6,4.83,340,0.52
2025.117.13:27:00/wx/-2.23,555.1,9.0,4.91,338,0.53
2025.117.13:28:00/wx/-2.30,555.1,9.9,5.27,343,0.52
2025.117.13:29:00/wx/-2.20,555.1,9.1,4.97,339,0.53
2025.117.13:30:00/wx/-2.20,555.1,10.2,4.48,341,0.53
2025.117.13:31:00/wx/-2.50,555.1,12.9,4.73,337,0.53
2025.117.13:32:00/wx/-2.40,555.1,12.0,4.79,329,0.53
2025.117.13:33:00/wx/-2.20,555.1,10.7,4.65,333,0.54
2025.117.13:34:00/wx/-2.28,555.2,9.6,5.01,331,0.53
2025.117.13:35:00/wx/-2.20,555.2,9.0,5.16,342,0.53
2025.117.13:36:00/wx/-2.10,555.2,8.4,4.97,339,0.52
2025.117.13:37:00/wx/-2.10,555.2,8.0,5.00,339,0.52
2025.117.13:38:00/wx/-2.11,555.2,8.8,4.59,342,0.52
2025.117.13:39:00/wx/-2.00,555.2,10.6,5.06,341,0.53
2025.117.13:40:00/wx/-2.10,555.2,10.1,4.91,338,0.52
2025.117.13:41:00/wx/-2.00,555.2,7.8,4.64,333,0.52
2025.117.13:42:00/wx/-1.90,555.2,7.0,3.95,334,0.52
2025.117.13:43:00/wx/-1.90,555.2,9.9,4.83,332,0.52
2025.117.13:44:00/wx/-1.93,555.2,9.3,5.07,334,0.52
2025.117.13:45:00/wx/-2.00,555.2,11.4,4.64,330,0.52
2025.117.13:46:00/wx/-2.00,555.2,10.6,4.82,333,0.52
2025.117.13:47:00/wx/-1.94,555.2,12.2,4.24,332,0.52
2025.117.13:48:00/wx/-1.90,555.2,13.6,4.51,328,0.53
2025.117.13:49:00/wx/-1.93,555.3,12.3,4.44,330,0.53
2025.117.13:50:00/wx/-1.90,555.3,12.5,4.46,327,0.53
2025.117.13:51:00/wx/-2.00,555.3,14.3,4.49,325,0.54
2025.117.13:52:00/wx/-2.04,555.3,13.6,5.08,335,0.53
2025.117.13:53:00/wx/-2.00,555.3,14.0,4.32,335,0.53
2025.117.13:54:00/wx/-1.93,555.3,11.8,4.29,328,0.53
2025.117.13:55:00/wx/-1.90,555.3,13.0,5.06,337,0.53
2025.117.13:56:00/wx/-1.90,555.3,9.8,5.06,330,0.54
2025.117.13:57:00/wx/-1.80,555.3,10.1,4.87,332,0.54
2025.117.13:58:00/wx/-1.80,555.3,11.2,4.33,335,0.54
2025.117.13:59:00/wx/-1.70,555.3,15.4,5.06,328,0.54
2025.117.14:00:00/wx/-1.80,555.3,13.6,5.04,332,0.54
2025.117.14:01:00/wx/-1.80,555.3,13.8,4.56,334,0.54
2025.117.14:02:00/wx/-1.80,555.3,16.4,4.76,331,0.54
2025.117.14:03:00/wx/-1.80,555.4,15.0,4.43,331,0.55
2025.117.14:04:00/wx/-1.76,555.4,13.6,4.85,332,0.56
2025.117.14:05:00/wx/-1.61,555.4,13.1,4.63,330,0.56
2025.117.14:06:00/wx/-1.70,555.4,13.5,4.53,329,0.55
2025.117.14:07:00/wx/-1.70,555.4,13.6,4.85,333,0.56
2025.117.14:08:00/wx/-1.70,555.4,14.2,4.53,330,0.55
2025.117.14:09:00/wx/-1.60,555.4,13.5,4.43,332,0.56
2025.117.14:10:00/wx/-1.60,555.4,14.3,3.98,335,0.56
2025.117.14:11:00/wx/-1.60,555.4,11.4,4.11,342,0.57
2025.117.14:12:00/wx/-1.60,555.4,12.0,4.98,335,0.59
2025.117.14:13:00/wx/-1.60,555.4,13.2,4.15,327,0.59
2025.117.14:14:00/wx/-1.56,555.5,15.8,4.21,329,0.59
2025.117.14:15:00/wx/-1.60,555.5,15.1,4.14,327,0.58
2025.117.14:16:00/wx/-1.58,555.5,16.1,3.68,324,0.60
2025.117.14:17:00/wx/-1.50,555.5,20.3,5.22,329,0.59
2025.117.14:18:00/wx/-1.50,555.5,20.6,3.97,329,0.59
2025.117.14:19:00/wx/-1.50,555.5,18.3,3.69,323,0.61
2025.117.14:20:00/wx/-1.50,555.5,14.9,4.43,323,0.60
2025.117.14:21:00/wx/-1.40,555.5,19.3,4.34,339,0.57
2025.117.14:22:00/wx/-1.40,555.5,17.1,3.89,319,0.59
2025.117.14:23:00/wx/-1.30,555.6,18.6,4.11,327,0.57
2025.117.14:24:00/wx/-1.20,555.6,17.0,5.08,327,0.56
2025.117.14:25:00/wx/-1.20,555.6,13.1,4.14,318,0.59
2025.117.14:26:00/wx/-1.10,555.6,19.1,3.48,318,0.57
2025.117.14:27:00/wx/-0.90,555.6,17.5,4.38,309,0.60
2025.117.14:28:00/wx/-1.00,555.5,14.9,4.69,322,0.60
2025.117.14:29:00/wx/-0.84,555.6,17.2,4.78,313,0.59
2025.117.14:30:00/wx/-0.90,555.6,14.1,4.59,316,0.60
2025.117.14:31:00/wx/-0.90,555.6,14.6,4.02,321,0.58
2025.117.14:32:00/wx/-0.90,555.6,17.4,3.89,324,0.57
2025.117.14:33:00/wx/-1.02,555.6,18.1,4.06,336,0.58
2025.117.14:34:00/wx/-1.20,555.6,18.5,3.94,328,0.58
2025.117.14:35:00/wx/-1.10,555.6,18.2,4.43,336,0.58
2025.117.14:36:00/wx/-1.23,555.5,14.2,4.30,339,0.58
2025.117.14:37:00/wx/-1.30,555.5,13.3,4.16,341,0.59
2025.117.14:38:00/wx/-1.30,555.6,14.0,3.70,338,0.58
2025.117.14:39:00/wx/-1.03,555.5,18.8,4.83,319,0.58
2025.117.14:40:00/wx/-0.90,555.5,12.0,5.13,316,0.59
2025.117.14:41:00/wx/-0.90,555.5,12.4,4.25,314,0.59
2025.117.14:42:00/wx/-0.80,555.5,14.0,4.70,313,0.59
2025.117.14:43:00/wx/-0.71,555.6,13.7,5.64,304,0.62
2025.117.14:44:00/wx/-0.90,555.6,10.8,5.09,303,0.62
2025.117.14:45:00/wx/-0.90,555.6,10.9,4.43,310,0.61
2025.117.14:46:00/wx/-0.86,555.6,12.7,3.84,315,0.60
2025.117.14:47:00/wx/-0.70,555.5,12.9,4.30,305,0.62
2025.117.14:48:00/wx/-0.70,555.5,11.5,4.17,307,0.59
2025.117.14:49:00/wx/-0.60,555.6,16.5,3.37,304,0.60
2025.117.14:50:00/wx/-0.60,555.5,18.9,3.73,334,0.62
2025.117.14:51:00/wx/-0.70,555.5,15.8,4.57,301,0.62
2025.117.14:52:00/wx/-0.80,555.5,10.9,3.91,305,0.63
2025.117.14:53:00/wx/-0.70,555.5,12.5,4.50,313,0.61
2025.117.14:54:00/wx/-0.60,555.5,13.0,4.17,314,0.63
2025.117.14:55:00/wx/-0.70,555.5,12.9,3.98,306,0.64
2025.117.14:56:00/wx/-0.70,555.5,14.3,4.26,294,0.65
2025.117.14:57:00/wx/-0.70,555.5,14.4,3.94,294,0.64
2025.117.14:58:00/wx/-0.70,555.5,13.8,3.77,294,0.64
2025.117.14:59:00/wx/-0.70,555.5,15.2,4.40,296,0.62
2025.117.15:00:00/wx/-0.70,555.5,17.1,4.62,284,0.60
2025.117.15:01:00/wx/-0.70,555.5,14.1,4.28,299,0.62
2025.117.15:02:00/wx/-0.50,555.5,15.9,3.63,299,0.64
2025.117.15:03:00/wx/-0.60,555.5,13.9,4.27,309,0.63
2025.117.15:04:00/wx/-0.50,555.5,14.4,4.68,312,0.63
2025.117.15:05:00/wx/-0.60,555.5,12.9,3.85,298,0.63
2025.117.15:06:00/wx/-0.50,555.5,14.8,4.03,314,0.65
2025.117.15:07:00/wx/-0.41,555.5,15.9,3.66,327,0.63
2025.117.15:08:00/wx/-0.44,555.5,15.4,5.89,316,0.59
2025.117.15:09:00/wx/-0.50,555.5,14.8,5.85,318,0.63
2025.117.15:10:00/wx/-0.40,555.5,16.5,6.38,311,0.64
2025.117.15:11:00/wx/-0.40,555.4,16.6,5.19,314,0.64
2025.117.15:12:00/wx/-0.30,555.5,16.1,4.43,319,0.63
2025.117.15:13:00/wx/-0.30,555.5,15.9,5.60,303,0.60
2025.117.15:14:00/wx/-0.59,555.4,13.8,6.30,296,0.62
2025.117.15:15:00/wx/-0.60,555.4,11.4,4.97,309,0.63
2025.117.15:16:00/wx/-0.60,555.4,14.0,4.73,294,0.64
2025.117.15:17:00/wx/-0.60,555.4,14.3,4.63,311,0.62
2025.117.15:18:00/wx/-0.30,555.4,17.2,4.89,319,0.64
2025.117.15:19:00/wx/-0.39,555.4,13.9,5.06,320,0.64
2025.117.15:20:00/wx/-0.40,555.4,13.7,4.56,316,0.65
2025.117.15:21:00/wx/-0.40,555.4,13.5,4.56,318,0.64
2025.117.15:22:00/wx/-0.30,555.4,15.5,4.73,305,0.63
2025.117.15:23:00/wx/-0.40,555.4,11.6,4.29,294,0.64
2025.117.15:24:00/wx/-0.30,555.4,13.0,5.18,286,0.62
2025.117.15:25:00/wx/-0.30,555.4,16.2,5.61,312,0.61
2025.117.15:26:00/wx/-0.30,555.4,17.3,6.64,316,0.61
2025.117.15:27:00/wx/-0.40,555.4,14.8,7.28,317,0.61
2025.117.15:28:00/wx/-0.44,555.4,13.5,6.04,316,0.65
2025.117.15:29:00/wx/-0.30,555.4,14.7,5.45,311,0.65
2025.117.15:30:00/wx/-0.30,555.4,13.8,5.47,311,0.64
2025.117.15:31:00/wx/-0.30,555.4,15.6,4.99,293,0.65
2025.117.15:32:00/wx/-0.50,555.4,16.4,5.49,286,0.64
2025.117.15:33:00/wx/-0.40,555.4,15.1,5.44,289,0.64
2025.117.15:34:00/wx/-0.40,555.4,14.8,6.06,308,0.65
2025.117.15:35:00/wx/-0.50,555.4,12.5,4.99,289,0.64
2025.117.15:36:00/wx/-0.42,555.3,13.5,5.20,290,0.63
2025.117.15:37:00/wx/-0.40,555.4,16.4,5.19,304,0.63
2025.117.15:38:00/wx/-0.40,555.4,12.5,5.42,301,0.65
2025.117.15:39:00/wx/-0.50,555.4,11.3,6.16,300,0.61
2025.117.15:40:00/wx/-0.40,555.4,11.8,4.25,295,0.61
2025.117.15:41:00/wx/-0.30,555.4,12.7,3.54,298,0.59
2025.117.15:42:00/wx/-0.19,555.4,17.1,5.51,301,0.63
2025.117.15:43:00/wx/-0.16,555.4,17.1,5.97,294,0.64
2025.117.15:44:00/wx/-0.40,555.4,16.6,5.93,283,0.64
2025.117.15:45:00/wx/-0.40,555.4,16.7,5.91,290,0.63
2025.117.15:46:00/wx/-0.42,555.4,17.0,5.90,310,0.64
2025.117.15:47:00/wx/-0.40,555.4,13.0,7.75,303,0.64
2025.117.15:48:00/wx/-0.40,555.4,13.4,5.82,305,0.62
2025.117.15:49:00/wx/-0.20,555.3,13.2,6.03,305,0.64
2025.117.15:50:00/wx/-0.20,555.4,11.9,5.23,315,0.64
2025.117.15:51:00/wx/-0.19,555.3,12.9,5.62,294,0.61
2025.117.15:52:00/wx/-0.30,555.3,13.4,5.87,295,0.61
2025.117.15:53:00/wx/-0.23,555.4,15.6,6.49,302,0.61
2025.117.15:54:00/wx/-0.30,555.3,15.4,5.73,293,0.57
2025.117.15:55:00/wx/-0.40,555.3,12.7,5.98,289,0.57
2025.117.15:56:00/wx/-0.31,555.3,12.0,6.01,287,0.60
2025.117.15:57:00/wx/-0.30,555.3,15.3,6.05,296,0.60
2025.117.15:58:00/wx/-0.20,555.3,15.8,6.71,302,0.64
2025.117.15:59:00/wx/-0.20,555.3,13.2,5.33,299,0.68
2025.117.16:00:00/wx/-0.10,555.3,13.1,6.56,298,0.70
2025.117.16:01:00/wx/-0.01,555.3,18.2,5.46,296,0.70
2025.117.16:02:00/wx/-0.10,555.3,15.3,6.43,282,0.64
2025.117.16:03:00/wx/-0.20,555.3,12.2,5.80,278,0.66
2025.117.16:04:00/wx/-0.20,555.3,15.0,6.60,285,0.68
2025.117.16:05:00/wx/-0.20,555.3,16.4,5.52,284,0.69
2025.117.16:06:00/wx/-0.19,555.3,16.0,6.52,284,0.65
2025.117.16:07:00/wx/-0.20,555.2,14.2,5.06,280,0.62
2025.117.16:08:00/wx/-0.10,555.3,14.6,6.19,301,0.66
2025.117.16:09:00/wx/0.00,555.2,15.1,5.04,283,0.72
2025.117.16:10:00/wx/-0.10,555.2,21.2,5.51,290,0.69
2025.117.16:11:00/wx/-0.10,555.3,20.1,5.22,288,0.70
2025.117.16:12:00/wx/0.00,555.2,18.8,5.15,298,0.74
2025.117.16:13:00/wx/0.00,555.3,17.7,8.13,301,0.62
2025.117.16:14:00/wx/-0.10,555.2,14.2,7.01,303,0.62
2025.117.16:15:00/wx/-0.10,555.3,16.0,5.38,296,0.68
2025.117.16:16:00/wx/-0.10,555.3,16.1,6.36,299,0.66
2025.117.16:17:00/wx/-0.10,555.3,15.3,7.41,303,0.67
2025.117.16:18:00/wx/-0.10,555.3,16.5,6.90,306,0.66
2025.117.16:19:00/wx/-0.10,555.2,14.8,5.95,302,0.72
2025.117.16:20:00/wx/-0.10,555.2,17.5,6.20,303,0.73
2025.117.16:21:00/wx/0.10,555.3,17.1,7.86,301,0.57
2025.117.16:22:00/wx/0.00,555.2,16.3,7.59,307,0.61
2025.117.16:23:00/wx/0.00,555.2,14.9,7.10,300,0.66
2025.117.16:24:00/wx/-0.10,555.2,14.1,6.16,296,0.65
2025.117.16:25:00/wx/0.00,555.2,15.4,5.35,307,0.64
2025.117.16:26:00/wx/0.10,555.2,17.4,6.73,295,0.67
2025.117.16:27:00/wx/0.00,555.2,16.8,6.70,295,0.62
2025.117.16:28:00/wx/0.00,555.2,15.2,6.38,295,0.60
2025.117.16:29:00/wx/-0.10,555.2,15.0,7.53,301,0.65
2025.117.16:30:00/wx/-0.10,555.2,15.9,6.51,297,0.69
2025.117.16:31:00/wx/0.00,555.2,20.4,6.43,297,0.72
2025.117.16:32:00/wx/0.10,555.2,19.2,7.08,293,0.74
2025.117.16:33:00/wx/0.10,555.2,17.8,8.23,300,0.73
2025.117.16:34:00/wx/-0.10,555.2,16.6,7.43,298,0.70
2025.117.16:35:00/wx/-0.10,555.2,15.9,6.36,299,0.67
2025.117.16:36:00/wx/0.00,555.1,16.3,7.23,295,0.67
2025.117.16:37:00/wx/0.00,555.1,13.3,6.75,297,0.65
2025.117.16:38:00/wx/0.00,555.2,15.3,7.51,301,0.61
2025.117.16:39:00/wx/0.00,555.1,12.7,5.50,296,0.67
2025.117.16:40:00/wx/0.00,555.1,16.7,6.20,285,0.65
2025.117.16:41:00/wx/-0.10,555.1,17.3,7.23,289,0.59
2025.117.16:42:00/wx/-0.10,555.1,13.6,7.04,292,0.64
2025.117.16:43:00/wx/-0.10,555.1,15.2,7.37,294,0.71
2025.117.16:44:00/wx/0.00,555.1,16.2,5.96,280,0.74
2025.117.16:45:00/wx/0.10,555.1,17.4,6.03,280,0.69
2025.117.16:46:00/wx/0.00,555.1,16.8,6.93,294,0.66
2025.117.16:47:00/wx/-0.10,555.1,16.4,7.64,294,0.73
2025.117.16:48:00/wx/0.00,555.1,16.5,8.31,302,0.73
2025.117.16:49:00/wx/0.02,555.1,15.6,7.11,283,0.69
2025.117.16:50:00/wx/0.00,555.1,13.2,7.82,287,0.64
2025.117.16:51:00/wx/-0.10,555.1,13.8,7.64,302,0.56
2025.117.16:52:00/wx/0.00,555.1,13.9,5.42,301,0.62
2025.117.16:53:00/wx/0.20,555.1,18.6,6.69,286,0.78
2025.117.16:54:00/wx/0.10,555.1,20.8,7.65,287,0.76
2025.117.16:55:00/wx/0.00,555.1,15.6,8.23,283,0.72
2025.117.16:56:00/wx/-0.10,555.1,11.3,5.88,259,0.75
2025.117.16:57:00/wx/-0.14,555.1,13.5,8.60,288,0.75
2025.117.16:58:00/wx/-0.20,555.2,12.8,8.63,292,0.63
2025.117.16:59:00/wx/-0.10,555.1,12.7,6.46,281,0.73
2025.117.17:00:00/wx/0.00,555.1,14.9,6.29,291,0.68
2025.117.17:01:00/wx/0.00,555.1,15.8,6.12,289,0.65
2025.117.17:02:00/wx/-0.05,555.1,19.9,5.37,275,0.66
2025.117.17:03:00/wx/-0.20,555.1,16.1,7.25,290,0.70
2025.117.17:04:00/wx/-0.10,555.1,16.1,6.84,293,0.73
2025.117.17:05:00/wx/-0.10,555.1,15.6,6.01,299,0.69
2025.117.17:06:00/wx/0.00,555.1,16.3,5.33,300,0.78
2025.117.17:07:00/wx/0.20,555.1,18.4,6.22,293,0.81
2025.117.17:08:00/wx/0.11,555.1,17.4,7.81,279,0.75
2025.117.17:09:00/wx/-0.10,555.1,15.7,8.03,296,0.74
2025.117.17:10:00/wx/-0.10,555.0,15.0,6.64,282,0.67
2025.117.17:11:00/wx/-0.11,555.1,14.8,9.14,289,0.60
2025.117.17:12:00/wx/-0.26,555.1,15.4,8.78,292,0.76
2025.117.17:13:00/wx/-0.20,555.1,14.2,6.93,289,0.73
2025.117.17:14:00/wx/-0.10,555.1,14.5,8.12,295,0.67
2025.117.17:15:00/wx/-0.10,555.0,12.2,6.75,291,0.71
2025.117.17:16:00/wx/0.00,555.0,14.8,6.77,305,0.71
2025.117.17:17:00/wx/0.10,555.0,16.2,5.91,282,0.61
2025.117.17:18:00/wx/-0.20,555.0,16.9,7.73,289,0.63
2025.117.17:19:00/wx/-0.20,555.0,15.1,6.92,278,0.67
2025.117.17:20:00/wx/-0.20,555.0,12.4,6.86,292,0.68
2025.117.17:21:00/wx/-0.10,555.0,14.1,6.92,282,0.73
2025.117.17:22:00/wx/-0.30,555.0,12.8,5.68,277,0.67
2025.117.17:23:00/wx/-0.30,555.0,17.5,9.33,282,0.64
2025.117.17:24:00/wx/-0.30,555.0,13.6,7.18,297,0.69
2025.117.17:25:00/wx/-0.20,555.0,16.1,7.76,284,0.69
2025.117.17:26:00/wx/-0.30,555.0,12.4,7.13,290,0.73
2025.117.17:27:00/wx/-0.20,555.0,14.3,7.21,290,0.72
2025.117.17:28:00/wx/-0.20,555.0,16.8,8.38,292,0.66
2025.117.17:29:00/wx/-0.30,555.0,15.0,8.17,293,0.77
2025.117.17:30:00/wx/-0.30,555.0,14.2,7.21,299,0.73
2025.117.17:31:00/wx/-0.10,555.0,18.8,7.71,298,0.75
2025.117.17:32:00/wx/-0.10,555.0,18.2,7.63,290,0.76
2025.117.17:33:00/wx/-0.10,555.0,20.0,8.69,298,0.62
2025.117.17:34:00/wx/-0.30,555.0,12.8,7.29,291,0.64
2025.117.17:35:00/wx/-0.30,554.9,15.7,8.39,298,0.71
2025.117.17:36:00/wx/-0.30,555.0,17.4,8.33,289,0.82
2025.117.17:37:00/wx/-0.40,555.0,19.4,8.78,277,0.81
2025.117.17:38:00/wx/-0.40,555.0,18.2,6.32,271,0.89
2025.117.17:39:00/wx/-0.50,554.9,18.7,5.68,276,0.85
2025.117.17:40:00/wx/-0.50,555.0,20.2,7.06,273,0.85
2025.117.17:41:00/wx/-0.47,555.0,19.9,7.37,281,0.69
2025.117.17:42:00/wx/-0.40,554.9,20.5,5.73,275,0.69
2025.117.17:43:00/wx/-0.50,555.0,15.6,5.86,268,0.75
2025.117.17:44:00/wx/-0.40,554.9,17.8,7.27,292,0.79
2025.117.17:45:00/wx/-0.30,554.9,22.1,8.56,286,0.82
2025.117.17:46:00/wx/-0.30,554.9,19.5,7.52,287,0.79
2025.117.17:47:00/wx/-0.30,554.9,19.4,8.19,275,0.80
2025.117.17:48:00/wx/-0.31,554.9,18.6,6.45,268,0.88
2025.117.17:49:00/wx/-0.56,554.9,19.9,5.82,271,0.81
2025.117.17:50:00/wx/-0.50,554.9,20.4,7.43,287,0.65
2025.117.17:51:00/wx/-0.50,554.9,20.1,8.28,294,0.72
2025.117.17:52:00/wx/-0.49,554.9,22.8,9.35,282,0.77
2025.117.17:53:00/wx/-0.60,554.9,18.5,6.25,277,0.97
2025.117.17:54:00/wx/-0.54,554.9,18.4,7.40,275,0.87
2025.117.17:55:00/wx/-0.50,554.9,19.0,5.93,283,0.84
2025.117.17:56:00/wx/-0.40,554.9,18.3,7.00,281,0.74
2025.117.17:57:00/wx/-0.50,554.9,17.5,7.97,293,0.76
2025.117.17:58:00/wx/-0.40,554.9,19.6,9.13,291,0.82
2025.117.17:59:00/wx/-0.60,554.9,20.0,6.33,280,0.88
2025.117.18:00:00/wx/-0.50,554.9,18.0,7.23,271,0.88
2025.117.18:01:00/wx/-0.65,554.9,17.4,6.09,277,0.85
2025.117.18:02:00/wx/-0.50,554.9,21.0,7.36,278,0.80
2025.117.18:03:00/wx/-0.51,554.9,18.8,7.34,277,0.76
2025.117.18:04:00/wx/-0.40,554.9,18.0,9.01,292,0.73
2025.117.18:05:00/wx/-0.60,554.9,15.9,8.46,288,0.73
2025.117.18:06:00/wx/-0.74,555.0,19.8,8.85,275,0.71
2025.117.18:07:00/wx/-0.80,554.9,19.4,6.12,276,0.75
2025.117.18:08:00/wx/-0.80,554.9,20.2,7.64,277,0.68
2025.117.18:09:00/wx/-0.80,554.9,20.3,5.55,281,0.64
2025.117.18:10:00/wx/-0.60,554.9,18.6,9.29,296,0.72
2025.117.18:11:00/wx/-0.60,554.9,17.9,7.86,289,0.75
2025.117.18:12:00/wx/-0.50,554.9,18.6,6.36,278,0.80
2025.117.18:13:00/wx/-0.62,554.9,19.6,9.34,288,0.76
2025.117.18:14:00/wx/-0.80,554.9,19.0,8.60,295,0.75
2025.117.18:15:00/wx/-0.80,554.9,17.3,7.67,294,0.91
2025.117.18:16:00/wx/-0.70,554.9,19.5,6.53,295,0.88
2025.117.18:17:00/wx/-0.60,554.9,22.4,6.22,271,0.90
2025.117.18:18:00/wx/-0.60,554.9,18.7,7.50,275,0.73
2025.117.18:19:00/wx/-0.67,554.9,20.8,6.19,269,0.69
2025.117.18:20:00/wx/-0.80,554.9,21.6,9.32,280,0.67
2025.117.18:21:00/wx/-1.00,554.9,22.6,7.62,282,0.73
2025.117.18:22:00/wx/-1.29,554.9,24.7,6.19,285,0.84
2025.117.18:23:00/wx/-1.10,554.9,23.8,8.52,300,0.69
2025.117.18:24:00/wx/-0.90,554.9,19.3,7.94,294,0.70
2025.117.18:25:00/wx/-0.90,554.9,16.6,10.99,292,0.66
2025.117.18:26:00/wx/-0.90,554.9,15.5,7.99,293,0.75
2025.117.18:27:00/wx/-0.80,554.9,17.2,7.59,296,0.82
2025.117.18:28:00/wx/-0.80,554.9,18.5,7.58,291,0.89
2025.117.18:29:00/wx/-0.80,554.9,18.8,7.06,303,0.85
2025.117.18:30:00/wx/-0.71,554.9,18.6,8.93,289,0.72
2025.117.18:31:00/wx/-0.90,554.9,16.9,7.67,289,0.74
2025.117.18:32:00/wx/-0.90,554.9,20.0,6.33,277,0.79
2025.117.18:33:00/wx/-0.90,554.9,17.5,8.19,290,0.84
2025.117.18:34:00/wx/-0.82,554.8,18.7,7.31,306,0.82
2025.117.18:35:00/wx/-0.80,554.8,19.5,9.06,298,0.87
2025.117.18:36:00/wx/-0.90,554.8,24.0,7.03,279,0.91
2025.117.18:37:00/wx/-0.90,554.9,20.4,7.63,283,0.75
2025.117.18:38:00/wx/-1.00,554.9,19.0,8.97,291,0.70
2025.117.18:39:00/wx/-1.09,554.9,18.1,8.64,295,0.78
2025.117.18:40:00/wx/-1.10,554.9,21.6,9.64,286,0.79
2025.117.18:41:00/wx/-1.10,554.9,20.8,8.22,289,0.91
2025.117.18:42:00/wx/-1.10,554.8,20.1,7.03,299,0.94
2025.117.18:43:00/wx/-1.00,554.9,20.5,8.12,290,0.80
2025.117.18:44:00/wx/-1.00,554.8,19.1,8.83,281,0.87
2025.117.18:45:00/wx/-0.90,554.8,17.3,8.38,288,0.86
2025.117.18:46:00/wx/-0.90,554.8,17.8,8.06,285,0.87
2025.117.18:47:00/wx/-0.80,554.8,20.9,10.73,284,0.86
2025.117.18:48:00/wx/-1.15,554.8,19.2,8.88,289,0.85
2025.117.18:49:00/wx/-1.20,554.8,20.2,8.27,281,0.87
2025.117.18:50:00/wx/-1.10,554.8,16.5,6.55,280,0.84
2025.117.18:51:00/wx/-1.10,554.8,17.0,8.81,294,0.73
2025.117.18:52:00/wx/-1.10,554.8,18.2,9.43,281,0.68
2025.117.18:53:00/wx/-1.10,554.8,19.6,9.08,296,0.84
2025.117.18:54:00/wx/-1.10,554.8,17.3,7.35,288,0.82
2025.117.18:55:00/wx/-1.10,554.8,16.4,7.58,298,0.89
2025.117.18:56:00/wx/-1.00,554.8,17.1,6.86,303,0.81
2025.117.18:57:00/wx/-1.00,554.8,20.1,7.66,291,0.89
2025.117.18:58:00/wx/-1.04,554.8,23.0,9.15,285,0.86
2025.117.18:59:00/wx/-1.10,554.8,22.5,9.34,288,0.84
2025.117.19:00:00/wx/-1.30,554.8,23.9,8.95,287,0.80
2025.117.19:01:00/wx/-1.22,554.8,24.2,7.68,284,1.01
2025.117.19:02:00/wx/-1.20,554.8,25.5,9.47,293,0.99
2025.117.19:03:00/wx/-1.20,554.8,23.1,8.05,277,0.97
2025.117.19:04:00/wx/-1.10,554.8,25.4,8.93,284,0.89
2025.117.19:05:00/wx/-1.20,554.8,25.8,8.89,288,0.93
2025.117.19:06:00/wx/-1.10,554.8,24.2,7.09,291,1.00
2025.117.19:07:00/wx/-1.01,554.8,27.0,8.18,296,1.01
2025.117.19:08:00/wx/-1.10,554.8,26.0,7.42,294,0.92
2025.117.19:09:00/wx/-0.90,554.8,27.7,7.43,290,0.82
2025.117.19:10:00/wx/-1.14,554.8,22.8,9.87,286,0.77
2025.117.19:11:00/wx/-1.30,554.8,22.4,8.20,293,0.73
2025.117.19:12:00/wx/-1.40,554.8,22.3,9.32,285,0.70
2025.117.19:13:00/wx/-1.34,554.8,20.8,9.86,293,0.77
2025.117.19:14:00/wx/-1.30,554.8,20.1,8.03,289,0.75
2025.117.19:15:00/wx/-1.30,554.8,23.0,8.83,291,0.81
2025.117.19:16:00/wx/-1.20,554.8,25.5,7.02,306,0.92
2025.117.19:17:00/wx/-1.10,554.8,23.8,8.76,300,0.98
2025.117.19:18:00/wx/-1.09,554.8,24.6,9.39,288,0.96
2025.117.19:19:00/wx/-1.20,554.8,21.5,7.13,286,0.94
2025.117.19:20:00/wx/-1.10,554.8,22.3,8.17,296,0.88
2025.117.19:21:00/wx/-1.09,554.8,27.1,9.72,290,0.88
2025.117.19:22:00/wx/-1.21,554.8,26.1,8.57,290,1.00
2025.117.19:23:00/wx/-1.40,554.8,26.4,8.12,293,0.94
2025.117.19:24:00/wx/-1.20,554.8,27.1,8.63,296,0.95
2025.117.19:25:00/wx/-1.35,554.8,28.2,9.60,291,0.88
2025.117.19:26:00/wx/-1.40,554.8,24.9,9.74,292,0.80
2025.117.19:27:00/wx/-1.40,554.8,26.0,9.45,283,0.92
2025.117.19:28:00/wx/-1.30,554.8,25.4,7.55,294,0.99
2025.117.19:29:00/wx/-1.40,554.8,25.2,7.77,286,0.94
2025.117.19:30:00/wx/-1.30,554.8,23.9,7.84,293,1.00
2025.117.19:31:00/wx/-1.30,554.8,27.1,8.78,284,1.11
2025.117.19:32:00/wx/-1.30,554.8,23.1,7.55,287,0.97
2025.117.19:33:00/wx/-1.30,554.9,25.5,9.30,292,1.09
2025.117.19:34:00/wx/-1.30,554.8,22.8,6.59,290,1.07
2025.117.19:35:00/wx/-1.20,554.8,23.9,7.70,298,1.03
2025.117.19:36:00/wx/-1.10,554.8,25.9,6.82,285,1.16
2025.117.19:37:00/wx/-1.22,554.8,25.5,7.76,292,1.06
2025.117.19:38:00/wx/-1.40,554.9,28.9,7.77,283,0.95
2025.117.19:39:00/wx/-1.50,554.9,26.2,8.67,282,0.93
2025.117.19:40:00/wx/-1.66,554.9,27.8,9.18,282,0.95
2025.117.19:41:00/wx/-1.60,554.9,27.7,9.93,284,1.01
2025.117.19:42:00/wx/-1.50,554.9,29.8,7.00,278,0.99
2025.117.19:43:00/wx/-1.58,554.9,27.0,10.01,288,0.96
2025.117.19:44:00/wx/-1.70,554.9,29.0,9.44,286,0.93
2025.117.19:45:00/wx/-1.60,554.8,27.1,9.32,286,1.01
2025.117.19:46:00/wx/-1.70,554.8,27.0,7.43,287,1.09
2025.117.19:47:00/wx/-1.49,554.9,24.3,7.79,294,1.02
2025.117.19:48:00/wx/-1.50,554.9,25.0,8.76,286,1.04
2025.117.19:49:00/wx/-1.51,554.8,27.7,8.45,288,0.97
2025.117.19:50:00/wx/-1.70,554.9,26.4,6.90,278,0.88
2025.117.19:51:00/wx/-1.70,554.9,27.2,9.23,290,1.03
2025.117.19:52:00/wx/-1.70,554.9,25.5,8.15,291,1.05
2025.117.19:53:00/wx/-1.60,554.8,25.8,9.14,291,1.10
2025.117.19:54:00/wx/-1.50,554.8,25.3,5.67,288,1.13
2025.117.19:55:00/wx/-1.50,554.8,26.0,6.75,295,1.03
2025.117.19:56:00/wx/-1.40,554.8,27.8,9.03,280,1.01
2025.117.19:57:00/wx/-1.76,554.8,29.9,8.94,286,1.11
2025.117.19:58:00/wx/-1.81,554.8,28.1,7.29,275,1.11
2025.117.19:59:00/wx/-1.68,554.8,26.1,7.53,278,1.13
2025.117.20:00:00/wx/-1.63,554.8,27.4,6.66,267,1.04
2025.117.20:01:00/wx/-1.70,554.8,27.2,5.84,271,0.93
2025.117.20:02:00/wx/-1.70,554.9,27.5,8.70,288,1.02
2025.117.20:03:00/wx/-1.50,554.8,23.3,7.06,286,1.05
2025.117.20:04:00/wx/-1.52,554.8,26.9,6.43,292,1.01
2025.117.20:05:00/wx/-1.60,554.8,26.3,5.89,273,0.97
2025.117.20:06:00/wx/-1.60,554.8,26.4,7.01,278,0.95
2025.117.20:07:00/wx/-1.60,554.9,26.2,7.93,280,1.05
2025.117.20:08:00/wx/-1.90,554.9,29.3,8.93,282,1.09
2025.117.20:09:00/wx/-1.90,554.9,27.3,8.68,280,1.04
2025.117.20:10:00/wx/-1.72,554.9,24.2,6.79,280,0.92
2025.117.20:11:00/wx/-1.70,554.8,24.6,7.72,283,1.02
2025.117.20:12:00/wx/-1.90,554.8,26.2,7.74,293,1.11
2025.117.20:13:00/wx/-1.80,554.8,25.4,8.60,290,1.08
2025.117.20:14:00/wx/-1.70,554.8,25.7,7.12,280,0.99
2025.117.20:15:00/wx/-1.50,554.8,24.8,6.27,277,0.95
2025.117.20:16:00/wx/-1.71,554.8,28.3,7.52,272,1.13
2025.117.20:17:00/wx/-1.86,554.8,26.9,6.54,273,0.98
2025.117.20:18:00/wx/-1.90,554.8,27.1,7.65,285,0.98
2025.117.20:19:00/wx/-1.87,554.9,26.8,7.78,280,1.10
2025.117.20:20:00/wx/-1.79,554.8,28.2,6.10,259,1.07
2025.117.20:21:00/wx/-2.00,554.9,25.4,6.83,276,0.98
2025.117.20:22:00/wx/-1.90,554.8,24.0,6.70,270,0.95
2025.117.20:23:00/wx/-1.90,554.8,25.1,9.93,278,1.07
2025.117.20:24:00/wx/-2.28,554.9,27.0,7.23,269,0.99
2025.117.20:25:00/wx/-1.90,554.8,22.6,6.37,255,1.02
2025.117.20:26:00/wx/-1.90,554.9,22.0,5.67,275,1.04
2025.117.20:27:00/wx/-1.95,554.9,23.5,8.41,278,1.10
2025.117.20:28:00/wx/-1.70,554.9,21.7,7.93,275,1.07
2025.117.20:29:00/wx/-2.00,554.9,23.8,8.22,292,1.08
2025.117.20:30:00/wx/-2.01,554.9,24.4,7.93,284,1.08
2025.117.20:31:00/wx/-1.81,554.8,22.5,9.19,285,1.04
2025.117.20:32:00/wx/-1.80,554.9,21.2,8.60,286,0.85
2025.117.20:33:00/wx/-1.70,554.9,21.3,7.23,282,1.02
2025.117.20:34:00/wx/-1.90,554.9,23.6,6.99,274,1.08
2025.117.20:35:00/wx/-1.90,554.9,22.1,6.05,277,1.11
2025.117.20:36:00/wx/-2.04,554.8,23.3,5.52,252,1.04
2025.117.20:37:00/wx/-2.30,554.9,23.9,5.48,260,1.08
2025.117.20:38:00/wx/-2.61,554.9,25.5,4.98,256,1.05
2025.117.20:39:00/wx/-2.31,554.8,24.8,5.59,275,0.96
2025.117.20:40:00/wx/-2.00,554.8,23.6,6.99,274,1.00
2025.117.20:41:00/wx/-2.02,554.8,23.9,6.45,270,0.91
2025.117.20:42:00/wx/-2.34,554.9,26.7,7.28,265,0.88
2025.117.20:43:00/wx/-2.29,554.9,25.9,6.85,270,0.89
2025.117.20:44:00/wx/-1.99,554.9,23.1,7.84,279,0.96
2025.117.20:45:00/wx/-2.11,554.9,25.3,9.09,285,1.00
2025.117.20:46:00/wx/-2.17,554.8,24.8,6.20,274,1.09
2025.117.20:47:00/wx/-2.00,554.9,22.9,7.80,254,1.00
2025.117.20:48:00/wx/-2.01,554.9,24.5,8.64,284,0.94
2025.117.20:49:00/wx/-2.16,554.9,24.1,6.49,269,0.92
2025.117.20:50:00/wx/-2.10,554.9,23.4,6.71,273,0.99
2025.117.20:51:00/wx/-2.03,554.9,22.6,6.88,257,1.06
2025.117.20:52:00/wx/-2.34,554.9,23.1,5.16,258,1.14
2025.117.20:53:00/wx/-2.80,554.9,25.9,7.34,277,1.02
2025.117.20:54:00/wx/-2.19,554.9,26.0,6.44,257,0.95
2025.117.20:55:00/wx/-2.10,554.9,25.4,7.96,269,1.05
2025.117.20:56:00/wx/-2.10,554.9,24.7,6.71,271,1.02
2025.117.20:57:00/wx/-2.17,554.9,25.9,5.60,270,1.00
2025.117.20:58:00/wx/-2.40,554.9,27.4,5.04,261,0.97
2025.117.20:59:00/wx/-2.30,554.9,26.5,8.56,275,0.89
2025.117.21:00:00/wx/-2.50,554.9,27.1,7.27,271,0.90
2025.117.21:01:00/wx/-2.27,555.0,23.4,9.42,274,0.95
2025.117.21:02:00/wx/-2.10,554.9,21.9,6.55,269,0.88
2025.117.21:03:00/wx/-2.21,554.9,24.3,7.27,275,0.87
2025.117.21:04:00/wx/-2.20,554.9,23.2,5.70,280,0.92
2025.117.21:05:00/wx/-2.50,554.9,26.1,7.43,280,0.94
2025.117.21:06:00/wx/-2.40,554.9,26.2,6.52,273,1.03
2025.117.21:07:00/wx/-2.30,555.0,22.9,6.49,274,0.99
2025.117.21:08:00/wx/-2.38,554.9,23.6,7.61,279,0.92
2025.117.21:09:00/wx/-2.14,554.9,21.1,8.74,280,0.90
2025.117.21:10:00/wx/-2.00,554.9,21.6,6.43,279,0.93
2025.117.21:11:00/wx/-2.27,554.9,23.6,7.22,278,0.99
2025.117.21:12:00/wx/-2.40,554.9,24.8,7.71,276,1.02
2025.117.21:13:00/wx/-2.29,554.8,21.9,8.23,254,1.04
2025.117.21:14:00/wx/-2.20,554.9,22.2,6.58,273,1.00
2025.117.21:15:00/wx/-2.30,554.9,21.1,7.73,267,1.06
2025.117.21:16:00/wx/-2.40,554.9,21.3,8.21,255,1.05
2025.117.21:17:00/wx/-2.38,554.9,20.7,6.36,266,1.05
2025.117.21:18:00/wx/-2.42,554.9,21.5,6.45,271,0.99
2025.117.21:19:00/wx/-2.55,554.9,22.9,5.73,261,1.04
2025.117.21:20:00/wx/-2.41,554.9,22.1,7.28,277,1.02
2025.117.21:21:00/wx/-2.30,555.0,21.3,8.21,281,1.04
2025.117.21:22:00/wx/-2.29,554.9,21.6,7.75,279,1.03
2025.117.21:23:00/wx/-2.40,554.9,21.8,5.71,269,1.01
2025.117.21:24:00/wx/-2.40,554.9,23.1,5.86,276,1.01
2025.117.21:25:00/wx/-2.71,554.9,26.0,5.89,252,1.04
2025.117.21:26:00/wx/-3.08,554.9,24.6,6.28,270,1.03
2025.117.21:27:00/wx/-2.50,554.9,21.9,5.42,264,1.04
2025.117.21:28:00/wx/-2.70,554.9,23.3,4.52,268,1.04
2025.117.21:29:00/wx/-2.77,554.9,24.4,5.22,263,1.06
2025.117.21:30:00/wx/-2.60,554.9,22.7,5.38,269,1.07
2025.117.21:31:00/wx/-2.65,554.9,23.4,5.30,259,0.99
2025.117.21:32:00/wx/-2.60,554.9,23.2,6.11,269,0.97
2025.117.21:33:00/wx/-2.80,554.9,25.2,6.91,275,0.89
2025.117.21:34:00/wx/-2.90,554.9,25.4,7.78,278,0.95
2025.117.21:35:00/wx/-2.59,554.9,22.2,7.85,278,0.98
2025.117.21:36:00/wx/-2.70,554.9,22.6,6.95,281,1.00
2025.117.21:37:00/wx/-2.80,554.9,24.0,4.94,267,0.99
2025.117.21:38:00/wx/-3.01,554.9,24.0,4.55,265,0.94
2025.117.21:39:00/wx/-3.10,554.9,25.4,7.04,270,0.94
2025.117.21:40:00/wx/-2.60,554.9,24.8,7.23,263,0.98
2025.117.21:41:00/wx/-2.60,554.9,23.9,6.30,278,1.03
2025.117.21:42:00/wx/-2.70,554.9,24.2,6.73,264,0.97
2025.117.21:43:00/wx/-2.74,554.9,23.7,5.61,260,0.97
2025.117.21:44:00/wx/-3.09,554.9,25.3,5.72,267,1.02
2025.117.21:45:00/wx/-2.80,554.9,24.7,5.36,267,1.07
2025.117.21:46:00/wx/-2.80,554.9,25.0,5.09,271,1.01
2025.117.21:47:00/wx/-2.80,554.9,24.1,7.23,279,1.01
2025.117.21:48:00/wx/-2.60,554.9,21.9,6.12,270,0.99
2025.117.21:49:00/wx/-2.78,554.9,23.0,5.84,272,1.02
2025.117.21:50:00/wx/-2.80,554.9,24.6,5.18,267,1.05
2025.117.21:51:00/wx/-3.27,554.9,25.0,5.99,258,0.99
2025.117.21:52:00/wx/-3.20,554.9,25.2,5.53,265,1.01
2025.117.21:53:00/wx/-3.00,554.9,24.4,5.85,273,1.03
2025.117.21:54:00/wx/-2.90,554.9,23.2,7.50,260,1.00
2025.117.21:55:00/wx/-2.87,554.9,22.9,5.64,270,1.00
2025.117.21:56:00/wx/-2.80,554.9,22.5,6.29,270,0.99
2025.117.21:57:00/wx/-3.00,554.9,24.2,6.35,274,0.98
2025.117.21:58:00/wx/-3.36,554.9,25.1,6.21,270,0.97
2025.117.21:59:00/wx/-3.39,554.9,24.4,5.16,270,0.99
2025.117.22:00:00/wx/-3.48,554.9,25.1,7.13,276,0.97
2025.117.22:01:00/wx/-3.57,554.9,26.7,6.38,273,1.02
2025.117.22:02:00/wx/-3.50,554.9,25.6,6.11,275,1.03
2025.117.22:03:00/wx/-3.70,554.9,26.9,6.09,271,1.07
2025.117.22:04:00/wx/-3.60,555.0,26.6,7.14,279,1.07
2025.117.22:05:00/wx/-3.63,554.9,26.0,6.32,282,1.09
2025.117.22:06:00/wx/-3.88,554.9,25.8,6.54,279,1.08
2025.117.22:07:00/wx/-3.79,554.9,25.7,6.83,278,1.09
2025.117.22:08:00/wx/-3.60,554.9,26.5,4.94,277,1.06
2025.117.22:09:00/wx/-3.70,555.0,27.4,5.15,270,0.99
2025.117.22:10:00/wx/-3.80,555.0,27.4,4.93,268,0.99
2025.117.22:11:00/wx/-3.60,554.9,26.2,5.29,271,1.00
2025.117.22:12:00/wx/-3.50,554.9,24.9,5.56,269,1.00
2025.117.22:13:00/wx/-3.61,555.0,25.2,4.67,263,0.99
2025.117.22:14:00/wx/-3.40,555.0,24.2,4.54,273,1.05
2025.117.22:15:00/wx/-3.60,555.0,25.3,4.78,272,1.03
2025.117.22:16:00/wx/-3.63,555.0,25.7,5.71,262,0.99
2025.117.22:17:00/wx/-3.30,555.0,23.3,5.56,260,1.00
2025.117.22:18:00/wx/-3.30,555.0,22.9,4.94,262,1.00
2025.117.22:19:00/wx/-3.40,555.0,23.8,6.93,253,1.00
2025.117.22:20:00/wx/-3.50,555.0,24.8,4.95,261,1.02
2025.117.22:21:00/wx/-3.79,555.0,26.4,4.59,276,1.05
2025.117.22:22:00/wx/-3.80,555.0,28.0,5.06,273,1.07
2025.117.22:23:00/wx/-3.70,555.0,28.7,4.82,271,1.08
2025.117.22:24:00/wx/-3.60,555.0,27.1,5.33,277,1.03
2025.117.22:25:00/wx/-3.50,555.0,26.6,4.78,264,1.05
2025.117.22:26:00/wx/-3.88,555.0,28.4,5.39,270,1.07
2025.117.22:27:00/wx/-3.82,555.0,28.2,4.56,276,1.10
2025.117.22:28:00/wx/-4.00,555.0,29.9,4.90,276,1.09
2025.117.22:29:00/wx/-3.80,555.0,28.3,5.53,275,1.08
2025.117.22:30:00/wx/-3.94,555.0,28.4,5.11,272,1.11
2025.117.22:31:00/wx/-3.72,555.1,27.9,4.67,265,1.11
2025.117.22:32:00/wx/-3.80,555.0,28.0,4.77,267,1.11
2025.117.22:33:00/wx/-3.70,555.0,27.4,5.39,276,1.07
2025.117.22:34:00/wx/-3.70,555.0,28.0,6.23,271,1.07
2025.117.22:35:00/wx/-3.80,555.0,28.8,5.07,278,1.07
2025.117.22:36:00/wx/-3.89,555.0,29.3,4.57,276,1.06
2025.117.22:37:00/wx/-3.92,555.1,29.6,5.28,274,1.05
2025.117.22:38:00/wx/-4.04,555.0,29.1,4.40,262,1.05
2025.117.22:39:00/wx/-4.00,555.1,29.1,5.12,262,1.09
2025.117.22:40:00/wx/-3.90,555.1,27.7,4.38,269,1.09
2025.117.22:41:00/wx/-3.60,555.1,26.3,5.13,262,1.10
2025.117.22:42:00/wx/-3.70,555.1,26.9,4.76,262,1.09
2025.117.22:43:00/wx/-3.80,555.1,26.6,4.45,267,1.10
2025.117.22:44:00/wx/-3.90,555.1,26.9,4.06,271,1.12
2025.117.22:45:00/wx/-3.70,555.1,27.2,4.20,263,1.11
2025.117.22:46:00/wx/-3.79,555.1,27.4,4.31,255,1.13
2025.117.22:47:00/wx/-3.87,555.1,27.6,5.29,262,1.13
2025.117.22:48:00/wx/-3.70,555.1,26.5,4.83,257,1.15
2025.117.22:49:00/wx/-3.81,555.1,26.2,4.36,268,1.17
2025.117.22:50:00/wx/-3.90,555.1,26.5,4.51,266,1.17
2025.117.22:51:00/wx/-3.60,555.1,25.6,4.61,272,1.16
2025.117.22:52:00/wx/-3.60,555.0,25.8,4.82,262,1.16
2025.117.22:53:00/wx/-3.70,555.1,26.1,4.74,272,1.16
2025.117.22:54:00/wx/-3.50,555.1,26.4,4.98,268,1.13
2025.117.22:55:00/wx/-3.61,555.1,26.7,4.16,271,1.12
2025.117.22:56:00/wx/-4.58,555.1,29.1,3.62,274,1.14
2025.117.22:57:00/wx/-4.90,555.1,31.0,3.81,271,1.17
2025.117.22:58:00/wx/-4.26,555.1,28.5,4.46,259,1.15
2025.117.22:59:00/wx/-3.90,555.1,26.2,4.46,258,1.14
2025.117.23:00:00/wx/-3.90,555.1,25.0,5.37,252,1.14
2025.117.23:01:00/wx/-3.90,555.1,24.6,5.15,251,1.14
2025.117.23:02:00/wx/-3.90,555.1,24.0,5.55,252,1.12
2025.117.23:03:00/wx/-3.73,555.1,23.5,5.46,252,1.11
2025.117.23:04:00/wx/-3.80,555.1,23.9,5.33,253,1.12
2025.117.23:05:00/wx/-3.80,555.1,24.1,5.26,254,1.11
2025.117.23:06:00/wx/-3.80,555.1,23.4,4.68,256,1.11
2025.117.23:07:00/wx/-3.80,555.1,22.3,5.16,252,1.11
2025.117.23:08:00/wx/-3.70,555.1,22.3,5.10,252,1.08
2025.117.23:09:00/wx/-3.70,555.1,22.2,5.34,255,1.09
2025.117.23:10:00/wx/-3.70,555.2,22.3,4.49,255,1.08
2025.117.23:11:00/wx/-3.90,555.2,22.9,4.42,255,1.09
2025.117.23:12:00/wx/-3.70,555.1,23.0,4.13,258,1.10
2025.117.23:13:00/wx/-3.70,555.1,23.1,4.58,256,1.09
2025.117.23:14:00/wx/-3.80,555.1,23.2,4.41,262,1.07
2025.117.23:15:00/wx/-3.70,555.1,23.4,3.81,269,1.07
2025.117.23:16:00/wx/-3.70,555.1,23.7,4.43,270,1.07
2025.117.23:17:00/wx/-3.70,555.1,23.9,3.83,274,1.07
2025.117.23:18:00/wx/-3.97,555.1,24.4,4.50,287,1.07
2025.117.23:19:00/wx/-4.51,555.2,27.3,4.58,291,1.04
2025.117.23:20:00/wx/-4.50,555.1,27.5,4.59,283,1.05
2025.117.23:21:00/wx/-4.50,555.1,27.7,4.03,286,1.04
2025.117.23:22:00/wx/-4.50,555.1,27.4,4.14,286,1.03
2025.117.23:23:00/wx/-4.41,555.1,27.4,4.06,284,1.03
2025.117.23:24:00/wx/-4.49,555.1,27.5,4.24,284,1.04
2025.117.23:25:00/wx/-4.40,555.1,27.8,3.97,287,1.04
2025.117.23:26:00/wx/-4.50,555.1,28.6,4.43,286,1.01
2025.117.23:27:00/wx/-4.70,555.1,29.7,4.20,282,1.01
2025.117.23:28:00/wx/-4.51,555.1,29.5,4.08,290,1.01
2025.117.23:29:00/wx/-4.40,555.1,29.2,4.32,285,1.01
2025.117.23:30:00/wx/-4.50,555.1,29.3,3.97,289,1.00
2025.117.23:31:00/wx/-4.80,555.1,30.0,3.53,290,1.00
2025.117.23:32:00/wx/-5.00,555.1,30.6,3.48,296,1.00
2025.117.23:33:00/wx/-5.00,555.1,30.9,3.54,298,0.99
2025.117.23:34:00/wx/-5.10,555.1,30.8,3.56,306,0.98
2025.117.23:35:00/wx/-5.36,555.1,31.2,3.85,309,0.98
2025.117.23:36:00/wx/-5.80,555.1,33.9,4.03,316,0.99
2025.117.23:37:00/wx/-5.74,555.1,34.5,4.05,316,0.96
2025.117.23:38:00/wx/-5.98,555.1,35.3,4.38,322,0.96
2025.117.23:39:00/wx/-5.78,555.1,35.2,4.85,322,0.96
2025.117.23:40:00/wx/-5.93,555.1,35.7,4.68,323,0.95
2025.117.23:41:00/wx/-5.39,555.1,34.3,4.61,314,0.95
2025.117.23:42:00/wx/-5.05,555.1,33.0,4.63,329,0.93
2025.117.23:43:00/wx/-4.80,555.2,31.9,4.96,324,0.93
2025.117.23:44:00/wx/-4.60,555.2,31.5,3.73,308,0.93
2025.117.23:45:00/wx/-4.76,555.2,31.4,3.98,325,0.93
2025.117.23:46:00/wx/-5.20,555.2,32.6,4.33,328,0.94
2025.117.23:47:00/wx/-5.00,555.2,32.2,4.39,321,0.95
2025.117.23:48:00/wx/-5.38,555.2,32.8,3.64,330,0.94
2025.117.23:49:00/wx/-5.80,555.2,34.3,3.91,315,0.94
2025.117.23:50:00/wx/-6.10,555.2,34.9,3.74,310,0.93
2025.117.23:51:00/wx/-5.91,555.2,34.7,3.63,304,0.91
2025.117.23:52:00/wx/-6.00,555.2,34.9,3.73,309,0.92
2025.117.23:53:00/wx/-5.90,555.2,34.8,4.02,306,0.92
2025.117.23:54:00/wx/-5.90,555.2,34.6,4.23,317,0.93
2025.117.23:55:00/wx/-5.97,555.3,34.5,3.95,307,0.91
2025.117.23:56:00/wx/-6.20,555.2,35.4,3.92,313,0.90
2025.117.23:57:00/wx/-5.59,555.3,34.1,4.33,317,0.90
2025.117.23:58:00/wx/-5.11,555.3,32.7,4.73,319,0.88
2025.117.23:59:00/wx/-5.30,555.2,32.7,4.56,326,0.88
2025.118.00:00:00/wx/-5.36,555.2,33.4,4.20,326,0.87
2025.118.00:01:00/wx/-5.39,555.2,33.6,4.52,324,0.85
2025.118.00:02:00/wx/-4.95,555.2,32.4,5.16,324,0.82
2025.118.00:03:00/wx/-4.80,555.3,31.7,4.55,321,0.80
2025.118.00:04:00/wx/-4.63,555.2,31.5,4.84,329,0.81
2025.118.00:05:00/wx/-4.52,555.3,31.2,5.01,331,0.82
2025.118.00:06:00/wx/-4.50,555.2,31.0,5.29,330,0.82
2025.118.00:07:00/wx/-4.60,555.2,31.0,5.08,323,0.81
2025.118.00:08:00/wx/-4.50,555.2,30.9,4.63,324,0.81
2025.118.00:09:00/wx/-4.60,555.3,31.0,5.26,325,0.82
2025.118.00:10:00/wx/-4.60,555.3,31.0,4.91,314,0.83
2025.118.00:11:00/wx/-4.82,555.3,31.3,4.34,321,0.80
2025.118.00:12:00/wx/-5.46,555.3,33.2,4.34,321,0.78
2025.118.00:13:00/wx/-5.70,555.3,34.0,4.13,307,0.79
2025.118.00:14:00/wx/-5.80,555.3,34.3,4.76,322,0.79
2025.118.00:15:00/wx/-5.59,555.3,34.2,4.11,316,0.81
2025.118.00:16:00/wx/-5.72,555.3,34.6,4.51,322,0.78
2025.118.00:17:00/wx/-5.80,555.3,35.3,4.73,325,0.80
2025.118.00:18:00/wx/-5.20,555.3,33.8,4.93,328,0.78
2025.118.00:19:00/wx/-4.68,555.3,32.2,4.89,322,0.78
2025.118.00:20:00/wx/-4.61,555.3,31.8,5.10,325,0.80
2025.118.00:21:00/wx/-4.50,555.3,31.3,4.94,328,0.77
2025.118.00:22:00/wx/-4.50,555.4,31.1,4.93,328,0.79
2025.118.00:23:00/wx/-4.50,555.3,31.1,5.43,332,0.77
2025.118.00:24:00/wx/-4.60,555.3,31.4,5.22,329,0.77
2025.118.00:25:00/wx/-4.50,555.3,31.2,5.37,324,0.78
2025.118.00:26:00/wx/-4.60,555.3,31.2,5.23,330,0.77
2025.118.00:27:00/wx/-4.60,555.3,31.3,5.39,326,0.78
2025.118.00:28:00/wx/-4.50,555.4,31.1,5.51,326,0.77
2025.118.00:29:00/wx/-4.54,555.4,31.1,4.96,329,0.79
2025.118.00:30:00/wx/-4.69,555.4,31.5,5.22,324,0.78
2025.118.00:31:00/wx/-4.68,555.4,31.7,5.17,325,0.79
2025.118.00:32:00/wx/-4.68,555.4,31.6,4.58,322,0.79
2025.118.00:33:00/wx/-4.80,555.4,32.0,4.80,333,0.80
2025.118.00:34:00/wx/-4.70,555.4,31.8,5.11,328,0.83
2025.118.00:35:00/wx/-4.70,555.4,31.9,5.04,326,0.80
2025.118.00:36:00/wx/-4.80,555.4,32.2,5.13,329,0.79
2025.118.00:37:00/wx/-4.62,555.4,31.7,4.56,330,0.81
2025.118.00:38:00/wx/-4.60,555.4,31.6,4.65,328,0.80
2025.118.00:39:00/wx/-4.85,555.4,32.1,4.59,326,0.80
2025.118.00:40:00/wx/-5.00,555.4,32.8,4.91,323,0.78
2025.118.00:41:00/wx/-4.70,555.4,32.1,4.73,326,0.78
2025.118.00:42:00/wx/-4.60,555.4,31.6,4.57,329,0.78
2025.118.00:43:00/wx/-4.60,555.4,32.1,4.74,331,0.76
2025.118.00:44:00/wx/-4.50,555.4,31.9,5.29,335,0.77
2025.118.00:45:00/wx/-4.50,555.4,31.6,5.03,336,0.75
2025.118.00:46:00/wx/-4.60,555.4,31.8,5.54,334,0.76
2025.118.00:47:00/wx/-4.50,555.4,31.9,5.07,332,0.74
2025.118.00:48:00/wx/-4.50,555.5,32.0,4.32,335,0.76
2025.118.00:49:00/wx/-4.49,555.5,31.9,4.76,332,0.74
2025.118.00:50:00/wx/-4.60,555.5,32.3,5.25,333,0.72
2025.118.00:51:00/wx/-4.50,555.5,31.9,4.78,333,0.72
2025.118.00:52:00/wx/-4.60,555.5,32.0,4.39,330,0.74
2025.118.00:53:00/wx/-4.60,555.5,32.0,3.95,329,0.73
2025.118.00:54:00/wx/-4.56,555.5,32.0,4.03,319,0.75
2025.118.00:55:00/wx/-4.50,555.5,31.7,4.55,330,0.77
2025.118.00:56:00/wx/-4.40,555.5,31.5,5.06,339,0.71
2025.118.00:57:00/wx/-4.30,555.5,31.4,4.95,328,0.71
2025.118.00:58:00/wx/-4.50,555.5,31.9,5.28,332,0.71
2025.118.00:59:00/wx/-4.40,555.5,31.8,5.36,335,0.70
2025.118.01:00:00/wx/-4.40,555.5,31.7,4.98,314,0.73
2025.118.01:01:00/wx/-4.40,555.5,31.8,4.90,323,0.72
2025.118.01:02:00/wx/-4.42,555.5,32.0,4.46,334,0.72
2025.118.01:03:00/wx/-4.60,555.6,32.4,4.77,330,0.73
2025.118.01:04:00/wx/-4.50,555.6,32.6,4.51,324,0.74
2025.118.01:05:00/wx/-4.40,555.6,32.4,4.13,315,0.73
2025.118.01:06:00/wx/-4.40,555.6,32.3,4.46,323,0.73
2025.118.01:07:00/wx/-4.40,555.6,32.3,4.68,332,0.73
2025.118.01:08:00/wx/-4.40,555.6,32.3,4.93,328,0.73
2025.118.01:09:00/wx/-4.50,555.6,32.4,4.53,321,0.72
2025.118.01:10:00/wx/-4.60,555.6,32.5,4.81,326,0.72
2025.118.01:11:00/wx/-4.57,555.6,32.6,4.83,333,0.72
2025.118.01:12:00/wx/-4.42,555.6,32.5,4.87,334,0.72
2025.118.01:13:00/wx/-4.30,555.6,32.1,4.46,338,0.69
2025.118.01:14:00/wx/-4.20,555.6,31.9,4.63,330,0.70
2025.118.01:15:00/wx/-4.20,555.6,31.8,4.76,331,0.70
2025.118.01:16:00/wx/-4.40,555.6,32.0,5.23,338,0.70
2025.118.01:17:00/wx/-4.30,555.6,31.9,4.92,330,0.70
2025.118.01:18:00/wx/-4.30,555.6,31.7,4.60,332,0.68
2025.118.01:19:00/wx/-4.40,555.6,32.2,4.71,331,0.70
2025.118.01:20:00/wx/-4.30,555.6,31.9,4.43,337,0.69
2025.118.01:21:00/wx/-4.23,555.6,31.8,4.84,336,0.68
2025.118.01:22:00/wx/-4.40,555.6,32.3,4.79,331,0.68
2025.118.01:23:00/wx/-5.04,555.6,33.4,4.92,325,0.69
2025.118.01:24:00/wx/-4.74,555.6,33.6,4.46,337,0.68
2025.118.01:25:00/wx/-4.70,555.6,32.7,4.73,338,0.67
2025.118.01:26:00/wx/-4.76,555.6,33.0,5.02,338,0.67
2025.118.01:27:00/wx/-4.30,555.6,31.9,4.96,338,0.67
2025.118.01:28:00/wx/-4.20,555.6,31.2,5.03,337,0.68
2025.118.01:29:00/wx/-4.20,555.6,31.2,4.58,335,0.66
2025.118.01:30:00/wx/-4.30,555.6,31.6,4.83,337,0.68
2025.118.01:31:00/wx/-4.40,555.6,31.9,5.07,339,0.69
2025.118.01:32:00/wx/-4.40,555.6,31.7,5.28,338,0.69
2025.118.01:33:00/wx/-4.32,555.6,31.5,5.51,339,0.67
2025.118.01:34:00/wx/-4.13,555.6,31.0,5.38,343,0.68
2025.118.01:35:00/wx/-4.20,555.6,31.3,5.13,341,0.68
2025.118.01:36:00/wx/-4.08,555.6,31.2,4.75,339,0.66
2025.118.01:37:00/wx/-4.62,555.6,32.1,5.24,333,0.65
2025.118.01:38:00/wx/-4.50,555.6,32.1,5.35,333,0.65
2025.118.01:39:00/wx/-4.50,555.6,32.0,5.22,334,0.65
2025.118.01:40:00/wx/-4.60,555.6,32.1,4.52,329,0.65
2025.118.01:41:00/wx/-4.75,555.6,32.5,4.52,342,0.66
2025.118.01:42:00/wx/-5.11,555.6,32.8,5.31,343,0.67
2025.118.01:43:00/wx/-4.60,555.6,31.6,4.59,336,0.68
2025.118.01:44:00/wx/-4.54,555.6,31.6,4.51,341,0.66
2025.118.01:45:00/wx/-4.09,555.6,30.7,4.98,339,0.67
2025.118.01:46:00/wx/-4.33,555.6,30.4,4.33,336,0.65
2025.118.01:47:00/wx/-5.02,555.6,31.6,4.63,333,0.64
2025.118.01:48:00/wx/-4.27,555.5,30.4,5.25,326,0.64
2025.118.01:49:00/wx/-3.93,555.6,28.3,5.34,332,0.64
2025.118.01:50:00/wx/-3.89,555.6,27.3,5.85,328,0.60
2025.118.01:51:00/wx/-4.06,555.6,25.2,4.87,345,0.61
2025.118.01:52:00/wx/-4.09,555.6,24.2,5.45,336,0.61
2025.118.01:53:00/wx/-3.80,555.6,23.8,5.76,337,0.61
2025.118.01:54:00/wx/-4.05,555.6,24.0,5.86,336,0.60
2025.118.01:55:00/wx/-3.39,555.6,20.9,4.48,11,0.60
2025.118.01:56:00/wx/-3.55,555.6,21.7,5.07,346,0.60
2025.118.01:57:00/wx/-3.10,555.6,20.0,5.42,355,0.57
2025.118.01:58:00/wx/-3.13,555.5,19.8,4.53,339,0.56
2025.118.01:59:00/wx/-3.30,555.6,20.9,5.10,337,0.55
2025.118.02:00:00/wx/-3.51,555.5,21.8,5.06,349,0.58
2025.118.02:01:00/wx/-3.35,555.6,19.0,4.18,347,0.60
2025.118.02:02:00/wx/-3.92,555.6,18.2,5.04,351,0.62
2025.118.02:03:00/wx/-3.19,555.6,18.0,3.92,342,0.62
2025.118.02:04:00/wx/-3.02,555.6,17.4,4.50,337,0.57
2025.118.02:05:00/wx/-3.00,555.6,16.9,4.37,343,0.56
2025.118.02:06:00/wx/-3.20,555.6,16.6,4.70,332,0.57
2025.118.02:07:00/wx/-3.60,555.6,17.8,4.63,339,0.57
2025.118.02:08:00/wx/-3.23,555.6,16.2,5.14,324,0.57
2025.118.02:09:00/wx/-3.21,555.6,16.2,4.16,348,0.56
2025.118.02:10:00/wx/-2.98,555.6,14.7,3.87,335,0.56
2025.118.02:11:00/wx/-2.70,555.6,14.3,3.83,339,0.56
2025.118.02:12:00/wx/-2.70,555.6,14.2,3.63,340,0.57
2025.118.02:13:00/wx/-3.04,555.6,15.7,3.68,333,0.57
2025.118.02:14:00/wx/-3.10,555.6,15.0,3.74,323,0.57
2025.118.02:15:00/wx/-3.22,555.6,15.3,5.23,336,0.55
2025.118.02:16:00/wx/-3.10,555.6,14.0,4.52,339,0.57
2025.118.02:17:00/wx/-3.10,555.6,14.3,3.33,324,0.58
2025.118.02:18:00/wx/-3.41,555.6,14.5,4.28,334,0.56
2025.118.02:19:00/wx/-3.30,555.7,14.7,4.62,327,0.56
2025.118.02:20:00/wx/-3.21,555.7,15.3,5.11,342,0.56
2025.118.02:21:00/wx/-3.16,555.7,13.9,3.55,337,0.57
2025.118.02:22:00/wx/-3.20,555.7,14.3,3.23,330,0.57
2025.118.02:23:00/wx/-3.00,555.7,14.1,4.05,334,0.57
2025.118.02:24:00/wx/-3.10,555.7,14.8,3.84,334,0.56
2025.118.02:25:00/wx/-3.00,555.7,14.2,4.01,337,0.58
2025.118.02:26:00/wx/-3.10,555.7,13.9,4.18,331,0.57
2025.118.02:27:00/wx/-2.90,555.7,13.7,3.44,320,0.57
2025.118.02:28:00/wx/-2.80,555.7,13.1,4.15,327,0.56
2025.118.02:29:00/wx/-2.88,555.7,12.3,3.54,324,0.56
2025.118.02:30:00/wx/-3.00,555.6,12.3,3.43,329,0.55
2025.118.02:31:00/wx/-3.00,555.7,12.7,3.59,320,0.55
2025.118.02:32:00/wx/-3.01,555.6,12.5,3.81,322,0.57
2025.118.02:33:00/wx/-3.10,555.6,12.9,4.36,323,0.58
2025.118.02:34:00/wx/-3.10,555.6,13.2,3.73,320,0.57
2025.118.02:35:00/wx/-2.90,555.6,12.5,3.59,325,0.57
2025.118.02:36:00/wx/-3.28,555.6,13.3,3.65,323,0.56
2025.118.02:37:00/wx/-3.30,555.6,13.3,3.90,327,0.55
2025.118.02:38:00/wx/-3.20,555.6,12.8,3.96,324,0.57
2025.118.02:39:00/wx/-3.20,555.6,12.9,3.94,324,0.56
2025.118.02:40:00/wx/-3.20,555.6,13.2,3.84,329,0.57
2025.118.02:41:00/wx/-3.10,555.6,13.0,3.74,326,0.56
2025.118.02:42:00/wx/-3.10,555.6,12.9,3.60,320,0.56
2025.118.02:43:00/wx/-3.50,555.6,13.0,4.01,325,0.54
2025.118.02:44:00/wx/-3.70,555.6,13.1,3.94,326,0.55
2025.118.02:45:00/wx/-3.50,555.6,12.7,4.35,335,0.54
2025.118.02:46:00/wx/-3.32,555.6,12.5,3.99,328,0.54
2025.118.02:47:00/wx/-3.30,555.6,12.6,4.13,324,0.55
2025.118.02:48:00/wx/-3.20,555.6,12.7,4.30,330,0.54
2025.118.02:49:00/wx/-3.10,555.6,12.5,4.55,333,0.53
2025.118.02:50:00/wx/-3.00,555.6,12.1,3.62,332,0.54
2025.118.02:51:00/wx/-3.10,555.6,12.1,4.11,327,0.54
2025.118.02:52:00/wx/-3.30,555.6,12.5,4.18,330,0.53
2025.118.02:53:00/wx/-3.30,555.6,12.5,4.02,329,0.54
2025.118.02:54:00/wx/-3.30,555.6,12.5,4.43,326,0.54
2025.118.02:55:00/wx/-3.20,555.7,12.4,3.97,330,0.56
2025.118.02:56:00/wx/-3.19,555.6,12.3,3.71,333,0.55
2025.118.02:57:00/wx/-3.60,555.6,12.8,4.25,325,0.55
2025.118.02:58:00/wx/-3.40,555.6,12.6,3.57,329,0.55
2025.118.02:59:00/wx/-3.30,555.6,12.5,4.03,331,0.55
2025.118.03:00:00/wx/-3.37,555.6,12.7,3.89,328,0.55
2025.118.03:01:00/wx/-3.31,555.6,12.5,3.09,345,0.55
2025.118.03:02:00/wx/-3.20,555.6,12.4,3.99,332,0.55
2025.118.03:03:00/wx/-3.20,555.6,12.4,3.89,329,0.55
2025.118.03:04:00/wx/-3.50,555.6,12.8,4.03,312,0.56
2025.118.03:05:00/wx/-3.53,555.6,12.7,3.70,339,0.57
2025.118.03:06:00/wx/-3.67,555.6,12.9,3.89,320,0.57
2025.118.03:07:00/wx/-3.69,555.6,13.0,3.11,329,0.57
2025.118.03:08:00/wx/-3.60,555.6,12.6,4.09,333,0.56
2025.118.03:09:00/wx/-3.50,555.6,12.3,3.83,338,0.56
2025.118.03:10:00/wx/-3.30,555.6,12.0,3.23,330,0.57
2025.118.03:11:00/wx/-3.40,555.6,12.0,3.97,336,0.55
2025.118.03:12:00/wx/-3.40,555.6,11.8,4.40,330,0.56
2025.118.03:13:00/wx/-3.56,555.6,11.7,3.13,326,0.57
2025.118.03:14:00/wx/-3.80,555.6,12.4,3.93,327,0.56
2025.118.03:15:00/wx/-3.80,555.6,12.2,3.60,329,0.56
2025.118.03:16:00/wx/-3.99,555.6,12.3,3.77,333,0.57
2025.118.03:17:00/wx/-3.93,555.6,12.2,3.76,314,0.56
2025.118.03:18:00/wx/-3.74,555.6,11.9,3.15,332,0.57
2025.118.03:19:00/wx/-3.50,555.6,11.2,3.42,335,0.57
2025.118.03:20:00/wx/-3.50,555.6,11.1,3.82,328,0.57
2025.118.03:21:00/wx/-3.60,555.6,11.2,3.25,324,0.56
2025.118.03:22:00/wx/-3.70,555.6,11.4,3.43,325,0.56
2025.118.03:23:00/wx/-3.60,555.6,11.1,3.34,327,0.55
2025.118.03:24:00/wx/-3.50,555.6,10.9,3.32,327,0.55
2025.118.03:25:00/wx/-3.64,555.6,11.0,3.75,320,0.55
2025.118.03:26:00/wx/-3.60,555.6,11.0,3.92,327,0.55
2025.118.03:27:00/wx/-3.73,555.6,11.1,4.22,328,0.55
2025.118.03:28:00/wx/-3.60,555.6,11.0,4.32,339,0.55
2025.118.03:29:00/wx/-3.50,555.6,10.9,3.97,331,0.55
2025.118.03:30:00/wx/-3.46,555.6,10.8,4.68,334,0.54
2025.118.03:31:00/wx/-3.50,555.6,10.9,4.34,340,0.54
2025.118.03:32:00/wx/-3.38,555.6,10.8,3.72,342,0.54
2025.118.03:33:00/wx/-3.30,555.6,10.8,3.79,335,0.54
2025.118.03:34:00/wx/-3.49,555.5,10.9,3.30,332,0.54
2025.118.03:35:00/wx/-3.30,555.6,10.7,3.56,339,0.54
2025.118.03:36:00/wx/-3.40,555.6,11.0,3.73,336,0.54
2025.118.03:37:00/wx/-3.30,555.6,10.7,4.08,334,0.54
2025.118.03:38:00/wx/-3.50,555.6,10.7,3.77,337,0.54
2025.118.03:39:00/wx/-3.42,555.6,10.5,3.72,328,0.54
2025.118.03:40:00/wx/-3.85,555.6,10.9,3.82,334,0.54
2025.118.03:41:00/wx/-4.00,555.6,11.2,3.73,323,0.54
2025.118.03:42:00/wx/-3.87,555.6,11.2,4.02,331,0.55
2025.118.03:43:00/wx/-3.81,555.6,11.0,3.92,327,0.54
2025.118.03:44:00/wx/-3.49,555.5,10.6,4.30,339,0.54
2025.118.03:45:00/wx/-3.40,555.5,10.3,4.01,338,0.55
2025.118.03:46:00/wx/-3.30,555.5,10.2,4.23,337,0.54
2025.118.03:47:00/wx/-3.30,555.5,10.2,4.80,336,0.54
2025.118.03:48:00/wx/-3.38,555.5,10.1,4.95,343,0.54
2025.118.03:49:00/wx/-3.70,555.5,10.2,4.93,335,0.54
2025.118.03:50:00/wx/-3.90,555.5,10.4,4.13,335,0.54
2025.118.03:51:00/wx/-3.50,555.5,9.9,4.33,342,0.55
2025.118.03:52:00/wx/-3.30,555.5,9.7,4.34,341,0.55
2025.118.03:53:00/wx/-3.30,555.5,9.6,4.16,338,0.54
2025.118.03:54:00/wx/-3.30,555.4,9.6,3.89,337,0.54
2025.118.03:55:00/wx/-3.65,555.5,9.9,4.98,342,0.54
2025.118.03:56:00/wx/-3.20,555.5,9.2,3.73,344,0.54
2025.118.03:57:00/wx/-3.30,555.5,9.6,4.44,343,0.54
2025.118.03:58:00/wx/-3.20,555.4,9.3,4.50,338,0.54
2025.118.03:59:00/wx/-3.30,555.4,9.6,4.69,343,0.54
2025.118.04:00:00/wx/-3.34,555.4,9.5,5.22,336,0.53
2025.118.04:01:00/wx/-3.20,555.4,9.3,4.63,342,0.53
2025.118.04:02:00/wx/-3.10,555.4,8.9,4.86,341,0.53
2025.118.04:03:00/wx/-3.19,555.4,9.0,4.97,342,0.54
2025.118.04:04:00/wx/-3.23,555.4,9.0,4.60,344,0.54
2025.118.04:05:00/wx/-3.20,555.4,8.8,4.84,340,0.54
2025.118.04:06:00/wx/-3.20,555.4,8.6,5.53,353,0.53
2025.118.04:07:00/wx/-3.16,555.4,8.5,4.37,350,0.53
2025.118.04:08:00/wx/-3.20,555.4,8.8,4.81,338,0.54
2025.118.04:09:00/wx/-3.30,555.4,9.0,3.78,336,0.54
2025.118.04:10:00/wx/-3.50,555.4,9.3,4.64,339,0.54
2025.118.04:11:00/wx/-3.39,555.4,8.8,4.93,340,0.54
2025.118.04:12:00/wx/-3.40,555.4,8.9,4.38,341,0.54
2025.118.04:13:00/wx/-3.40,555.4,8.6,4.34,340,0.54
2025.118.04:14:00/wx/-3.17,555.4,8.3,4.03,338,0.54
2025.118.04:15:00/wx/-3.10,555.4,8.0,3.85,338,0.54
2025.118.04:16:00/wx/-3.11,555.4,7.9,4.33,340,0.54
2025.118.04:17:00/wx/-3.18,555.4,8.2,3.47,333,0.55
2025.118.04:18:00/wx/-3.71,555.4,8.7,4.35,339,0.54
2025.118.04:19:00/wx/-3.44,555.4,8.2,4.61,348,0.54
2025.118.04:20:00/wx/-3.42,555.4,8.2,4.01,336,0.54
2025.118.04:21:00/wx/-3.40,555.4,8.2,4.84,337,0.55
2025.118.04:22:00/wx/-3.34,555.4,8.0,4.21,341,0.54
2025.118.04:23:00/wx/-3.10,555.4,7.6,4.54,342,0.54
2025.118.04:24:00/wx/-3.10,555.4,7.6,4.12,341,0.55
2025.118.04:25:00/wx/-3.10,555.4,7.5,4.33,332,0.55
2025.118.04:26:00/wx/-3.02,555.4,7.2,4.34,330,0.55
2025.118.04:27:00/wx/-3.60,555.4,8.2,4.50,339,0.55
2025.118.04:28:00/wx/-3.50,555.4,8.2,4.36,344,0.54
2025.118.04:29:00/wx/-3.50,555.4,8.1,4.40,334,0.55
2025.118.04:30:00/wx/-3.40,555.4,8.2,4.41,339,0.55
2025.118.04:31:00/wx/-3.50,555.4,8.4,4.42,340,0.56
2025.118.04:32:00/wx/-3.44,555.4,8.4,4.32,343,0.55
2025.118.04:33:00/wx/-3.30,555.3,7.8,4.33,334,0.55
2025.118.04:34:00/wx/-3.20,555.4,7.5,4.15,338,0.55
2025.118.04:35:00/wx/-3.01,555.4,7.2,4.34,335,0.54
2025.118.04:36:00/wx/-3.12,555.3,7.2,4.44,345,0.54
2025.118.04:37:00/wx/-3.30,555.3,7.3,4.90,338,0.54
2025.118.04:38:00/wx/-3.20,555.3,7.3,4.13,333,0.55
2025.118.04:39:00/wx/-3.53,555.3,8.0,4.15,333,0.55
2025.118.04:40:00/wx/-3.31,555.3,7.7,4.13,338,0.54
2025.118.04:41:00/wx/-3.42,555.3,7.8,4.36,338,0.55
2025.118.04:42:00/wx/-3.44,555.3,7.7,4.79,340,0.55
2025.118.04:43:00/wx/-3.30,555.3,7.6,4.53,344,0.55
2025.118.04:44:00/wx/-3.10,555.3,7.1,4.23,336,0.56
2025.118.04:45:00/wx/-3.19,555.3,7.1,4.17,339,0.57
2025.118.04:46:00/wx/-3.52,555.3,7.7,4.21,339,0.57
2025.118.04:47:00/wx/-3.40,555.3,7.5,4.05,336,0.56
2025.118.04:48:00/wx/-3.30,555.3,7.4,4.53,345,0.55
2025.118.04:49:00/wx/-3.36,555.3,7.5,4.64,341,0.56
2025.118.04:50:00/wx/-3.20,555.3,7.3,4.57,341,0.57
2025.118.04:51:00/wx/-3.00,555.3,6.8,4.79,342,0.56
2025.118.04:52:00/wx/-3.10,555.3,6.6,4.01,339,0.55
2025.118.04:53:00/wx/-3.90,555.3,7.9,4.23,336,0.56
2025.118.04:54:00/wx/-3.49,555.2,7.5,3.82,331,0.56
2025.118.04:55:00/wx/-3.68,555.2,7.7,5.15,336,0.55
2025.118.04:56:00/wx/-3.16,555.2,6.9,4.07,345,0.55
2025.118.04:57:00/wx/-3.10,555.2,6.6,4.85,339,0.56
2025.118.04:58:00/wx/-3.10,555.2,6.5,4.23,344,0.55
2025.118.04:59:00/wx/-3.10,555.2,6.4,4.40,339,0.54
2025.118.05:00:00/wx/-3.10,555.2,6.5,4.11,342,0.54
2025.118.05:01:00/wx/-3.43,555.2,6.9,4.84,341,0.52
2025.118.05:02:00/wx/-3.40,555.2,7.0,4.54,345,0.54
2025.118.05:03:00/wx/-3.73,555.2,7.1,4.11,344,0.54
2025.118.05:04:00/wx/-3.96,555.2,7.8,4.62,337,0.55
2025.118.05:05:00/wx/-3.30,555.2,6.8,4.10,345,0.55
2025.118.05:06:00/wx/-3.30,555.2,6.7,4.21,338,0.55
2025.118.05:07:00/wx/-3.13,555.2,6.6,3.83,342,0.55
2025.118.05:08:00/wx/-3.10,555.2,6.2,4.13,329,0.55
2025.118.05:09:00/wx/-3.10,555.1,6.2,5.03,342,0.55
2025.118.05:10:00/wx/-3.00,555.1,6.0,3.44,334,0.54
2025.118.05:11:00/wx/-3.10,555.1,6.1,3.73,330,0.55
2025.118.05:12:00/wx/-3.20,555.1,6.3,3.78,338,0.55
2025.118.05:13:00/wx/-3.20,555.1,6.2,4.53,341,0.55
2025.118.05:14:00/wx/-3.10,555.1,5.9,4.34,344,0.55
2025.118.05:15:00/wx/-3.10,555.1,5.9,3.95,336,0.55
2025.118.05:16:00/wx/-3.29,555.1,6.1,4.12,327,0.55
2025.118.05:17:00/wx/-2.92,555.1,5.6,4.72,333,0.55
2025.118.05:18:00/wx/-2.80,555.1,5.2,3.72,340,0.55
2025.118.05:19:00/wx/-2.80,555.1,5.3,3.79,337,0.54
2025.118.05:20:00/wx/-2.80,555.1,5.3,3.62,343,0.55
2025.118.05:21:00/wx/-3.00,555.1,5.4,3.85,329,0.56
2025.118.05:22:00/wx/-3.02,555.1,5.4,4.08,344,0.56
2025.118.05:23:00/wx/-3.28,555.1,5.6,3.56,349,0.56
2025.118.05:24:00/wx/-2.93,555.1,5.3,3.25,343,0.56
2025.118.05:25:00/wx/-2.80,555.1,5.1,4.03,342,0.56
2025.118.05:26:00/wx/-3.04,555.1,5.3,4.21,324,0.56
2025.118.05:27:00/wx/-3.00,555.1,5.3,3.77,339,0.56
2025.118.05:28:00/wx/-3.02,555.1,5.3,4.47,329,0.56
2025.118.05:29:00/wx/-3.68,555.1,6.1,5.77,334,0.56
2025.118.05:30:00/wx/-3.10,555.1,5.6,2.93,338,0.56
2025.118.05:31:00/wx/-3.03,555.1,5.5,3.42,325,0.57
2025.118.05:32:00/wx/-3.18,555.1,5.6,3.22,350,0.57
2025.118.05:33:00/wx/-3.18,555.1,5.6,3.79,335,0.57
2025.118.05:34:00/wx/-2.90,555.0,5.0,3.52,349,0.58
2025.118.05:35:00/wx/-2.90,555.0,5.0,3.13,337,0.57
2025.118.05:36:00/wx/-2.90,555.1,5.1,3.38,326,0.57
2025.118.05:37:00/wx/-2.99,555.0,5.1,3.73,333,0.58
2025.118.05:38:00/wx/-2.90,555.1,5.0,4.09,336,0.57
2025.118.05:39:00/wx/-2.80,555.1,4.9,3.14,332,0.57
2025.118.05:40:00/wx/-3.20,555.0,5.4,3.83,333,0.56
2025.118.05:41:00/wx/-2.85,555.0,5.0,4.13,334,0.57
2025.118.05:42:00/wx/-2.80,555.0,4.8,3.79,335,0.56
2025.118.05:43:00/wx/-2.70,555.0,4.7,3.97,336,0.57
2025.118.05:44:00/wx/-2.75,555.0,4.7,5.27,340,0.56
2025.118.05:45:00/wx/-2.70,555.0,4.7,4.03,339,0.56
2025.118.05:46:00/wx/-2.70,555.0,4.6,4.16,334,0.56
2025.118.05:47:00/wx/-2.79,555.0,4.5,4.29,326,0.57
2025.118.05:48:00/wx/-2.90,555.0,4.7,4.05,331,0.56
2025.118.05:49:00/wx/-2.80,555.0,4.6,4.23,329,0.56
2025.118.05:50:00/wx/-2.90,555.0,4.7,4.32,334,0.56
