2025.115.15:00:00;APEX Database Weather Data for Timerange of c251b
2025.115.15:00:00;The format is wx/temp[C],press[mbar],humid[%],speed[m/s],direction[deg],pwv[mm]
2025.115.15:01:00/wx/-0.80,555.0,21.0,2.47,257,0.65
2025.115.15:02:00/wx/-0.80,555.0,21.8,2.75,257,0.65
2025.115.15:03:00/wx/-0.90,555.0,20.2,2.63,254,0.65
2025.115.15:04:00/wx/-0.86,554.9,18.4,2.42,255,0.65
2025.115.15:05:00/wx/-0.89,554.9,21.5,2.89,254,0.65
2025.115.15:06:00/wx/-0.90,554.9,21.5,3.81,249,0.65
2025.115.15:07:00/wx/-1.01,554.9,22.5,3.88,237,0.64
2025.115.15:08:00/wx/-0.90,555.0,21.8,2.73,250,0.64
2025.115.15:09:00/wx/-0.90,554.9,23.7,3.17,248,0.63
2025.115.15:10:00/wx/-0.99,554.9,24.5,3.00,239,0.63
2025.115.15:11:00/wx/-0.80,554.9,23.2,3.39,249,0.62
2025.115.15:12:00/wx/-0.97,554.9,25.2,3.72,240,0.62
2025.115.15:13:00/wx/-0.80,554.9,17.1,4.00,243,0.62
2025.115.15:14:00/wx/-0.85,554.9,20.6,3.90,239,0.62
2025.115.15:15:00/wx/-0.80,554.9,22.1,3.96,249,0.62
2025.115.15:16:00/wx/-0.73,554.9,17.9,3.76,251,0.63
2025.115.15:17:00/wx/-0.80,554.9,17.7,4.36,246,0.63
2025.115.15:18:00/wx/-0.90,554.9,19.5,4.00,249,0.63
2025.115.15:19:00/wx/-0.90,554.9,20.0,3.95,247,0.63
2025.115.15:20:00/wx/-0.90,554.9,18.3,4.41,244,0.64
2025.115.15:21:00/wx/-0.90,554.9,17.6,4.05,247,0.66
2025.115.15:22:00/wx/-1.00,554.9,20.8,3.86,250,0.63
2025.115.15:23:00/wx/-1.10,554.9,19.7,4.43,246,0.64
2025.115.15:24:00/wx/-1.05,554.9,19.7,4.28,247,0.64
2025.115.15:25:00/wx/-1.10,554.9,19.9,5.66,238,0.63
2025.115.15:26:00/wx/-1.00,554.9,22.2,4.59,243,0.63
2025.115.15:27:00/wx/-1.00,554.9,20.8,4.19,250,0.63
2025.115.15:28:00/wx/-1.10,554.9,20.7,4.84,241,0.61
2025.115.15:29:00/wx/-1.00,554.9,23.8,4.84,242,0.61
2025.115.15:30:00/wx/-1.00,554.9,22.7,4.42,233,0.61
2025.115.15:31:00/wx/-0.90,554.9,23.1,4.97,243,0.63
2025.115.15:32:00/wx/-0.80,554.9,19.6,4.86,237,0.62
2025.115.15:33:00/wx/-0.80,554.9,21.5,4.73,237,0.63
2025.115.15:34:00/wx/-0.70,554.9,20.5,4.27,239,0.66
2025.115.15:35:00/wx/-0.70,554.9,25.2,4.81,233,0.65
2025.115.15:36:00/wx/-0.80,554.9,18.3,5.67,235,0.63
2025.115.15:37:00/wx/-0.80,554.9,17.7,5.01,234,0.63
2025.115.15:38:00/wx/-0.80,554.8,17.7,4.93,235,0.63
2025.115.15:39:00/wx/-0.80,554.8,17.7,5.08,234,0.64
2025.115.15:40:00/wx/-0.80,554.9,21.4,5.55,238,0.67
2025.115.15:41:00/wx/-0.80,554.8,21.4,4.96,231,0.69
2025.115.15:42:00/wx/-0.80,554.8,21.6,5.27,236,0.71
2025.115.15:43:00/wx/-0.70,554.8,21.5,5.81,230,0.67
2025.115.15:44:00/wx/-0.70,554.8,19.4,5.37,231,0.69
2025.115.15:45:00/wx/-0.80,554.8,23.7,5.72,233,0.77
2025.115.15:46:00/wx/-0.80,554.8,21.1,5.74,238,0.73
2025.115.15:47:00/wx/-0.70,554.8,20.5,4.82,242,0.82
2025.115.15:48:00/wx/-0.70,554.8,23.2,5.65,228,0.78
2025.115.15:49:00/wx/-0.70,554.8,21.0,4.82,228,0.70
2025.115.15:50:00/wx/-0.80,554.8,19.1,5.22,226,0.68
2025.115.15:51:00/wx/-0.73,554.8,20.0,5.45,237,0.72
2025.115.15:52:00/wx/-0.70,554.8,21.4,4.91,243,0.77
2025.115.15:53:00/wx/-0.60,554.8,21.5,4.68,237,0.84
2025.115.15:54:00/wx/-0.60,554.8,29.8,4.28,234,0.84
2025.115.15:55:00/wx/-0.60,554.8,24.6,4.92,229,0.88
2025.115.15:56:00/wx/-0.70,554.7,23.3,4.26,229,0.98
2025.115.15:57:00/wx/-0.70,554.8,36.1,5.98,244,0.94
2025.115.15:58:00/wx/-0.82,554.7,39.1,5.43,251,0.90
2025.115.15:59:00/wx/-0.80,554.7,32.0,5.41,251,0.81
2025.115.16:00:00/wx/-0.70,554.8,30.2,4.10,245,0.76
2025.115.16:01:00/wx/-0.70,554.7,30.6,4.72,242,0.82
2025.115.16:02:00/wx/-0.70,554.7,33.8,3.68,238,0.84
2025.115.16:03:00/wx/-0.70,554.7,33.7,4.27,249,0.82
2025.115.16:04:00/wx/-0.60,554.8,32.0,4.66,239,0.80
2025.115.16:05:00/wx/-0.60,554.7,30.3,4.80,227,0.86
2025.115.16:06:00/wx/-0.60,554.7,30.2,4.18,230,0.87
2025.115.16:07:00/wx/-0.60,554.7,31.4,4.98,232,0.87
2025.115.16:08:00/wx/-0.60,554.7,30.0,4.42,231,0.85
2025.115.16:09:00/wx/-0.50,554.7,31.6,3.65,249,0.87
2025.115.16:10:00/wx/-0.60,554.7,40.8,4.12,253,1.00
2025.115.16:11:00/wx/-0.60,554.7,42.4,3.24,256,0.90
2025.115.16:12:00/wx/-0.50,554.7,38.3,3.39,253,1.08
2025.115.16:13:00/wx/-0.50,554.7,35.7,5.27,236,0.83
2025.115.16:14:00/wx/-0.50,554.7,33.9,4.61,232,0.86
2025.115.16:15:00/wx/-0.50,554.7,33.4,4.87,240,0.89
2025.115.16:16:00/wx/-0.50,554.7,36.8,4.72,241,0.88
2025.115.16:17:00/wx/-0.50,554.7,40.4,4.02,251,0.89
2025.115.16:18:00/wx/-0.60,554.7,41.3,3.39,261,0.89
2025.115.16:19:00/wx/-0.60,554.7,40.4,4.83,267,0.88
2025.115.16:20:00/wx/-0.40,554.7,37.1,4.08,271,0.88
2025.115.16:21:00/wx/-0.56,554.6,34.9,4.44,254,0.92
2025.115.16:22:00/wx/-0.60,554.6,34.5,4.03,257,0.90
2025.115.16:23:00/wx/-0.60,554.6,36.9,3.82,252,0.95
2025.115.16:24:00/wx/-0.50,554.6,36.7,2.51,260,0.91
2025.115.16:25:00/wx/-0.50,554.6,36.9,3.33,264,1.00
2025.115.16:26:00/wx/-0.50,554.6,37.3,5.18,246,0.95
2025.115.16:27:00/wx/-0.50,554.6,39.2,5.62,236,0.90
2025.115.16:28:00/wx/-0.46,554.6,39.7,3.85,262,0.84
2025.115.16:29:00/wx/-0.40,554.6,38.9,4.54,243,0.86
2025.115.16:30:00/wx/-0.40,554.6,32.2,4.86,233,0.86
2025.115.16:31:00/wx/-0.40,554.6,34.5,4.53,245,0.93
2025.115.16:32:00/wx/-0.30,554.6,35.8,4.39,236,0.94
2025.115.16:33:00/wx/-0.44,554.6,36.9,5.94,248,0.88
2025.115.16:34:00/wx/-0.50,554.6,36.2,3.58,262,0.84
2025.115.16:35:00/wx/-0.50,554.6,38.3,4.00,256,0.89
2025.115.16:36:00/wx/-0.47,554.6,43.4,3.43,265,0.88
2025.115.16:37:00/wx/-0.40,554.6,40.6,6.79,247,0.89
2025.115.16:38:00/wx/-0.50,554.6,32.5,6.32,240,0.75
2025.115.16:39:00/wx/-0.40,554.6,26.5,5.23,231,0.81
2025.115.16:40:00/wx/-0.42,554.6,25.7,6.15,230,0.72
2025.115.16:41:00/wx/-0.58,554.6,22.2,6.61,223,0.83
2025.115.16:42:00/wx/-0.60,554.6,24.3,5.95,230,0.91
2025.115.16:43:00/wx/-0.60,554.6,26.5,5.97,231,0.89
2025.115.16:44:00/wx/-0.50,554.6,35.1,5.74,246,0.86
2025.115.16:45:00/wx/-0.50,554.6,34.8,5.35,237,0.87
2025.115.16:46:00/wx/-0.60,554.6,25.3,6.76,232,0.90
2025.115.16:47:00/wx/-0.60,554.6,27.3,5.86,233,0.77
2025.115.16:48:00/wx/-0.60,554.6,26.3,5.43,233,0.85
2025.115.16:49:00/wx/-0.60,554.6,29.0,5.52,226,0.84
2025.115.16:50:00/wx/-0.64,554.6,26.8,6.24,231,0.74
2025.115.16:51:00/wx/-0.70,554.6,24.8,5.06,241,0.79
2025.115.16:52:00/wx/-0.70,554.6,25.6,6.08,239,0.76
2025.115.16:53:00/wx/-0.63,554.6,26.9,4.73,250,0.80
2025.115.16:54:00/wx/-0.50,554.6,31.0,4.96,233,0.78
2025.115.16:55:00/wx/-0.60,554.6,27.7,5.59,235,0.87
2025.115.16:56:00/wx/-0.60,554.6,23.8,5.20,237,0.90
2025.115.16:57:00/wx/-0.60,554.6,28.3,5.29,233,0.93
2025.115.16:58:00/wx/-0.50,554.6,36.8,4.96,249,0.92
2025.115.16:59:00/wx/-0.40,554.6,38.5,5.51,243,0.88
2025.115.17:00:00/wx/-0.50,554.6,34.6,6.63,233,0.83
2025.115.17:01:00/wx/-0.60,554.6,28.2,6.90,242,0.79
2025.115.17:02:00/wx/-0.62,554.6,25.8,6.45,229,0.84
2025.115.17:03:00/wx/-0.70,554.6,25.6,4.46,245,0.92
2025.115.17:04:00/wx/-0.60,554.6,31.7,5.37,244,0.89
2025.115.17:05:00/wx/-0.66,554.6,34.1,6.84,248,0.79
2025.115.17:06:00/wx/-0.60,554.6,32.2,5.45,235,0.81
2025.115.17:07:00/wx/-0.50,554.5,31.4,6.51,236,0.89
2025.115.17:08:00/wx/-0.60,554.5,30.0,6.18,235,0.97
2025.115.17:09:00/wx/-0.60,554.5,37.3,6.57,233,1.07
2025.115.17:10:00/wx/-0.70,554.5,31.2,6.27,234,1.15
2025.115.17:11:00/wx/-0.60,554.5,27.2,4.62,242,1.16
2025.115.17:12:00/wx/-0.50,554.5,33.2,4.34,240,1.24
2025.115.17:13:00/wx/-0.50,554.5,42.6,3.76,262,1.47
2025.115.17:14:00/wx/-0.60,554.5,47.5,4.89,273,1.53
2025.115.17:15:00/wx/-0.66,554.5,48.1,4.77,262,1.59
2025.115.17:16:00/wx/-0.60,554.5,49.1,5.53,277,1.55
2025.115.17:17:00/wx/-0.60,554.5,49.0,4.39,261,1.67
2025.115.17:18:00/wx/-0.70,554.5,47.1,4.62,254,1.65
2025.115.17:19:00/wx/-0.60,554.5,51.8,4.06,274,1.57
2025.115.17:20:00/wx/-0.60,554.5,46.6,4.78,273,1.42
2025.115.17:21:00/wx/-0.60,554.5,51.0,4.53,276,1.41
2025.115.17:22:00/wx/-0.60,554.5,50.3,4.47,276,1.41
2025.115.17:23:00/wx/-0.60,554.5,48.8,5.67,262,1.39
2025.115.17:24:00/wx/-0.60,554.5,40.8,5.14,254,1.47
2025.115.17:25:00/wx/-0.60,554.5,42.5,3.70,266,1.58
2025.115.17:26:00/wx/-0.60,554.4,50.0,2.99,272,1.50
2025.115.17:27:00/wx/-0.64,554.5,42.5,6.45,246,1.21
2025.115.17:28:00/wx/-0.80,554.4,39.8,6.55,243,1.10
2025.115.17:29:00/wx/-0.70,554.4,41.5,5.22,242,1.31
2025.115.17:30:00/wx/-0.60,554.4,40.8,4.88,243,1.46
2025.115.17:31:00/wx/-0.50,554.4,39.1,2.83,262,1.56
2025.115.17:32:00/wx/-0.60,554.4,40.6,6.98,247,1.06
2025.115.17:33:00/wx/-0.60,554.4,32.8,4.04,259,1.21
2025.115.17:34:00/wx/-0.80,554.4,40.2,5.93,248,1.27
2025.115.17:35:00/wx/-0.80,554.4,39.5,5.57,247,1.27
2025.115.17:36:00/wx/-0.80,554.4,41.2,5.02,249,1.38
2025.115.17:37:00/wx/-0.80,554.4,41.4,4.86,255,1.41
2025.115.17:38:00/wx/-0.90,554.4,41.7,4.55,257,1.15
2025.115.17:39:00/wx/-0.90,554.4,42.6,6.11,248,1.10
2025.115.17:40:00/wx/-0.80,554.4,35.6,5.20,250,1.09
2025.115.17:41:00/wx/-0.90,554.4,40.6,5.65,243,1.04
2025.115.17:42:00/wx/-0.90,554.3,42.7,5.42,248,1.02
2025.115.17:43:00/wx/-0.80,554.3,37.2,5.90,247,1.08
2025.115.17:44:00/wx/-0.80,554.3,40.0,4.53,250,1.19
2025.115.17:45:00/wx/-0.80,554.3,40.6,5.14,248,1.12
2025.115.17:46:00/wx/-0.90,554.4,41.9,5.82,252,1.00
2025.115.17:47:00/wx/-0.96,554.4,41.3,6.11,251,1.15
2025.115.17:48:00/wx/-1.00,554.4,40.6,6.33,253,1.13
2025.115.17:49:00/wx/-1.00,554.4,40.2,6.18,255,1.17
2025.115.17:50:00/wx/-1.00,554.3,40.7,5.51,252,1.09
2025.115.17:51:00/wx/-0.90,554.3,40.1,4.23,255,1.18
2025.115.17:52:00/wx/-1.00,554.3,40.6,5.82,247,1.11
2025.115.17:53:00/wx/-1.00,554.3,38.9,6.13,252,1.04
2025.115.17:54:00/wx/-1.00,554.3,36.0,6.48,250,1.01
2025.115.17:55:00/wx/-1.00,554.3,38.0,5.32,251,1.09
2025.115.17:56:00/wx/-0.90,554.3,37.3,6.36,242,1.12
2025.115.17:57:00/wx/-0.97,554.3,38.4,6.87,252,1.05
2025.115.17:58:00/wx/-1.20,554.3,39.7,6.00,248,1.00
2025.115.17:59:00/wx/-1.15,554.3,40.6,6.50,252,1.11
2025.115.18:00:00/wx/-1.00,554.3,39.3,4.33,257,1.02
2025.115.18:01:00/wx/-1.00,554.3,38.1,5.76,250,1.28
2025.115.18:02:00/wx/-1.00,554.3,41.9,6.53,246,1.24
2025.115.18:03:00/wx/-1.20,554.3,42.4,6.03,253,1.08
2025.115.18:04:00/wx/-1.20,554.3,40.8,7.43,250,1.13
2025.115.18:05:00/wx/-1.11,554.3,38.9,7.18,250,1.10
2025.115.18:06:00/wx/-1.10,554.3,39.7,6.94,244,1.14
2025.115.18:07:00/wx/-1.10,554.3,39.9,6.43,247,1.21
2025.115.18:08:00/wx/-0.99,554.3,40.4,6.17,255,1.24
2025.115.18:09:00/wx/-1.16,554.3,42.2,5.68,257,1.48
2025.115.18:10:00/wx/-1.10,554.2,44.3,5.03,259,1.45
2025.115.18:11:00/wx/-1.10,554.2,41.7,7.79,253,1.23
2025.115.18:12:00/wx/-1.20,554.2,40.1,6.87,243,1.01
2025.115.18:13:00/wx/-1.10,554.3,41.3,5.99,254,1.26
2025.115.18:14:00/wx/-1.14,554.2,41.4,6.96,253,1.00
2025.115.18:15:00/wx/-1.10,554.2,39.6,6.93,251,1.12
2025.115.18:16:00/wx/-1.20,554.2,42.6,6.74,254,1.46
2025.115.18:17:00/wx/-1.20,554.2,44.7,6.00,256,1.04
2025.115.18:18:00/wx/-1.29,554.3,38.9,7.56,253,1.03
2025.115.18:19:00/wx/-1.20,554.3,39.9,5.74,256,1.22
2025.115.18:20:00/wx/-1.20,554.3,42.6,6.23,251,1.32
2025.115.18:21:00/wx/-1.20,554.2,44.5,6.81,247,1.06
2025.115.18:22:00/wx/-1.20,554.3,41.6,6.39,250,1.22
2025.115.18:23:00/wx/-1.22,554.3,43.0,7.22,249,1.07
2025.115.18:24:00/wx/-1.34,554.3,41.9,7.49,249,1.10
2025.115.18:25:00/wx/-1.20,554.3,41.9,7.41,241,1.08
2025.115.18:26:00/wx/-1.20,554.3,43.1,6.49,245,1.20
2025.115.18:27:00/wx/-1.10,554.3,39.9,6.27,250,1.30
2025.115.18:28:00/wx/-1.12,554.3,39.9,6.24,251,1.25
2025.115.18:29:00/wx/-1.27,554.3,43.1,7.69,244,1.23
2025.115.18:30:00/wx/-1.31,554.3,45.4,7.72,249,1.27
2025.115.18:31:00/wx/-1.30,554.2,43.8,5.70,251,1.38
2025.115.18:32:00/wx/-1.20,554.3,42.3,5.45,254,1.27
2025.115.18:33:00/wx/-1.18,554.3,40.2,5.67,266,1.43
2025.115.18:34:00/wx/-1.20,554.3,41.0,5.78,261,1.38
2025.115.18:35:00/wx/-1.30,554.3,42.0,6.91,245,1.09
2025.115.18:36:00/wx/-1.24,554.2,40.8,6.86,239,1.19
2025.115.18:37:00/wx/-1.20,554.2,42.1,6.10,250,1.03
2025.115.18:38:00/wx/-1.27,554.2,42.6,6.17,250,1.18
2025.115.18:39:00/wx/-1.22,554.3,40.2,7.20,252,1.08
2025.115.18:40:00/wx/-1.30,554.3,40.4,6.78,246,1.07
2025.115.18:41:00/wx/-1.30,554.3,40.3,7.22,248,1.27
2025.115.18:42:00/wx/-1.39,554.3,41.4,7.77,248,1.23
2025.115.18:43:00/wx/-1.60,554.2,44.0,7.89,245,1.07
2025.115.18:44:00/wx/-1.40,554.3,42.0,7.94,245,1.09
2025.115.18:45:00/wx/-1.40,554.2,43.0,4.92,256,1.16
2025.115.18:46:00/wx/-1.30,554.3,39.8,6.96,253,1.20
2025.115.18:47:00/wx/-1.30,554.2,38.4,5.73,258,1.36
2025.115.18:48:00/wx/-1.20,554.3,39.0,5.97,256,1.33
2025.115.18:49:00/wx/-1.20,554.3,37.5,7.67,251,1.16
2025.115.18:50:00/wx/-1.31,554.3,37.2,7.36,247,1.07
2025.115.18:51:00/wx/-1.46,554.2,40.6,6.21,251,1.20
2025.115.18:52:00/wx/-1.40,554.2,39.7,7.02,250,1.07
2025.115.18:53:00/wx/-1.60,554.2,39.7,7.39,253,1.12
2025.115.18:54:00/wx/-1.70,554.2,40.8,7.82,250,1.02
2025.115.18:55:00/wx/-1.80,554.2,41.0,6.68,252,1.18
2025.115.18:56:00/wx/-1.63,554.2,39.2,6.39,255,1.17
2025.115.18:57:00/wx/-1.60,554.2,40.6,7.33,248,1.13
2025.115.18:58:00/wx/-1.66,554.2,41.6,6.59,255,1.20
2025.115.18:59:00/wx/-1.70,554.2,43.8,6.34,256,1.15
2025.115.19:00:00/wx/-1.60,554.2,40.2,7.02,255,1.16
2025.115.19:01:00/wx/-1.49,554.2,35.0,9.03,250,1.06
2025.115.19:02:00/wx/-1.80,554.2,38.0,8.01,250,1.03
2025.115.19:03:00/wx/-1.60,554.2,35.4,6.43,254,1.00
2025.115.19:04:00/wx/-1.60,554.2,35.1,7.54,250,1.04
2025.115.19:05:00/wx/-1.60,554.2,36.0,8.37,251,1.03
2025.115.19:06:00/wx/-1.59,554.2,34.0,6.76,251,1.08
2025.115.19:07:00/wx/-1.80,554.2,36.5,7.59,251,1.07
2025.115.19:08:00/wx/-1.70,554.2,37.3,8.39,247,1.18
2025.115.19:09:00/wx/-1.50,554.2,37.8,6.69,251,1.27
2025.115.19:10:00/wx/-1.83,554.2,41.3,7.88,247,1.21
2025.115.19:11:00/wx/-1.90,554.2,40.7,6.47,258,1.18
2025.115.19:12:00/wx/-1.49,554.2,34.8,6.15,257,1.13
2025.115.19:13:00/wx/-1.85,554.2,38.3,7.84,251,1.01
2025.115.19:14:00/wx/-2.00,554.2,37.7,7.16,252,1.03
2025.115.19:15:00/wx/-1.70,554.2,34.5,7.06,255,1.03
2025.115.19:16:00/wx/-1.70,554.2,30.7,8.64,248,0.98
2025.115.19:17:00/wx/-1.91,554.2,31.5,7.92,251,0.98
2025.115.19:18:00/wx/-2.05,554.2,32.6,5.93,253,1.04
2025.115.19:19:00/wx/-2.00,554.2,33.2,7.38,248,0.92
2025.115.19:20:00/wx/-1.86,554.2,25.5,7.05,253,0.96
2025.115.19:21:00/wx/-1.87,554.2,29.1,7.19,242,0.96
2025.115.19:22:00/wx/-1.90,554.2,33.2,9.09,249,1.06
2025.115.19:23:00/wx/-2.00,554.2,32.5,8.25,246,1.12
2025.115.19:24:00/wx/-2.10,554.2,34.6,8.22,247,1.06
2025.115.19:25:00/wx/-2.10,554.2,36.8,8.74,247,1.06
2025.115.19:26:00/wx/-1.81,554.2,37.3,7.86,251,1.09
2025.115.19:27:00/wx/-1.90,554.2,39.3,6.71,253,1.21
2025.115.19:28:00/wx/-2.00,554.2,39.2,8.53,244,1.06
2025.115.19:29:00/wx/-2.20,554.2,39.6,7.82,249,1.09
2025.115.19:30:00/wx/-2.30,554.2,36.6,8.39,248,1.08
2025.115.19:31:00/wx/-2.22,554.2,34.2,8.37,246,1.02
2025.115.19:32:00/wx/-2.21,554.2,36.3,8.28,246,1.06
2025.115.19:33:00/wx/-2.40,554.2,34.7,8.63,248,0.95
2025.115.19:34:00/wx/-2.30,554.2,31.6,7.92,246,1.01
2025.115.19:35:00/wx/-2.20,554.2,32.7,9.26,246,1.14
2025.115.19:36:00/wx/-2.29,554.2,39.2,7.85,243,1.08
2025.115.19:37:00/wx/-2.48,554.2,41.7,7.14,254,1.12
2025.115.19:38:00/wx/-2.30,554.2,40.3,7.19,244,1.19
2025.115.19:39:00/wx/-2.30,554.2,41.1,7.24,251,1.12
2025.115.19:40:00/wx/-2.05,554.2,38.4,7.43,252,1.05
2025.115.19:41:00/wx/-2.00,554.2,39.6,7.26,253,1.10
2025.115.19:42:00/wx/-2.00,554.2,38.7,7.66,252,1.16
2025.115.19:43:00/wx/-2.09,554.2,38.5,8.15,251,1.08
2025.115.19:44:00/wx/-2.30,554.2,38.4,9.60,245,1.13
2025.115.19:45:00/wx/-2.05,554.2,37.3,7.22,249,1.05
2025.115.19:46:00/wx/-2.40,554.2,40.8,8.87,246,1.07
2025.115.19:47:00/wx/-2.53,554.2,40.1,8.65,247,1.08
2025.115.19:48:00/wx/-2.38,554.2,36.4,8.12,250,1.06
2025.115.19:49:00/wx/-2.49,554.2,35.3,8.61,250,0.94
2025.115.19:50:00/wx/-2.30,554.2,32.8,8.14,251,1.13
2025.115.19:51:00/wx/-2.50,554.2,34.2,8.07,251,1.08
2025.115.19:52:00/wx/-2.42,554.2,36.1,7.41,251,1.18
2025.115.19:53:00/wx/-2.70,554.2,41.1,8.27,248,1.18
2025.115.19:54:00/wx/-2.80,554.2,43.5,9.34,249,1.14
2025.115.19:55:00/wx/-2.28,554.2,39.7,5.44,270,1.23
2025.115.19:56:00/wx/-2.19,554.2,38.8,7.63,252,1.18
2025.115.19:57:00/wx/-2.40,554.2,39.6,8.31,249,1.20
2025.115.19:58:00/wx/-2.73,554.2,41.1,8.61,249,1.02
2025.115.19:59:00/wx/-2.50,554.2,37.3,7.67,250,1.03
2025.115.20:00:00/wx/-2.55,554.2,36.7,8.59,250,0.94
2025.115.20:01:00/wx/-2.80,554.2,37.1,10.03,246,0.96
2025.115.20:02:00/wx/-2.70,554.2,38.1,7.93,252,1.10
2025.115.20:03:00/wx/-2.90,554.2,43.1,8.25,248,1.15
2025.115.20:04:00/wx/-2.68,554.2,40.6,9.91,240,1.10
2025.115.20:05:00/wx/-2.60,554.2,39.4,8.08,245,1.09
2025.115.20:06:00/wx/-2.80,554.2,41.6,7.43,254,1.07
2025.115.20:07:00/wx/-2.66,554.2,39.7,9.90,240,0.96
2025.115.20:08:00/wx/-2.52,554.2,38.9,9.47,239,0.91
2025.115.20:09:00/wx/-2.62,554.2,35.3,9.12,249,1.01
2025.115.20:10:00/wx/-2.70,554.2,36.7,7.15,254,1.13
2025.115.20:11:00/wx/-2.80,554.2,38.7,8.72,246,1.03
2025.115.20:12:00/wx/-2.50,554.2,36.3,8.76,249,1.02
2025.115.20:13:00/wx/-2.60,554.2,37.4,8.91,249,1.08
2025.115.20:14:00/wx/-2.57,554.2,33.7,9.62,247,0.94
2025.115.20:15:00/wx/-2.29,554.2,32.9,8.42,245,1.02
2025.115.20:16:00/wx/-2.81,554.2,36.4,8.38,252,1.11
2025.115.20:17:00/wx/-2.70,554.2,35.6,7.07,253,1.15
2025.115.20:18:00/wx/-2.99,554.2,37.7,9.19,246,1.04
2025.115.20:19:00/wx/-2.90,554.2,36.7,7.78,251,1.01
2025.115.20:20:00/wx/-2.90,554.2,35.5,8.33,245,0.95
2025.115.20:21:00/wx/-3.00,554.2,35.3,7.78,250,0.96
2025.115.20:22:00/wx/-2.94,554.2,35.1,9.24,248,0.91
2025.115.20:23:00/wx/-2.71,554.2,28.7,9.54,253,0.90
2025.115.20:24:00/wx/-2.59,554.2,26.5,10.16,248,0.91
2025.115.20:25:00/wx/-2.77,554.2,27.6,7.23,256,0.85
2025.115.20:26:00/wx/-2.60,554.2,27.7,6.65,248,0.89
2025.115.20:27:00/wx/-3.30,554.2,32.6,7.83,255,0.92
2025.115.20:28:00/wx/-2.41,554.2,26.6,8.88,250,0.84
2025.115.20:29:00/wx/-2.83,554.2,26.9,9.29,245,0.81
2025.115.20:30:00/wx/-3.30,554.2,30.0,9.92,249,0.81
2025.115.20:31:00/wx/-3.40,554.2,29.6,10.38,247,0.76
2025.115.20:32:00/wx/-3.48,554.2,28.8,8.35,255,0.83
2025.115.20:33:00/wx/-2.50,554.2,23.8,7.20,253,0.84
2025.115.20:34:00/wx/-2.74,554.2,27.7,10.30,250,0.90
2025.115.20:35:00/wx/-3.30,554.2,31.6,9.26,248,0.85
2025.115.20:36:00/wx/-3.30,554.2,31.2,7.73,249,0.90
2025.115.20:37:00/wx/-3.11,554.2,32.0,9.34,254,0.91
2025.115.20:38:00/wx/-2.70,554.2,27.3,10.22,254,0.90
2025.115.20:39:00/wx/-2.42,554.2,25.6,7.62,256,0.92
2025.115.20:40:00/wx/-2.39,554.3,26.0,8.23,258,0.97
2025.115.20:41:00/wx/-2.19,554.2,26.4,6.60,257,1.02
2025.115.20:42:00/wx/-2.65,554.2,30.3,9.10,254,1.02
2025.115.20:43:00/wx/-2.70,554.3,31.3,9.73,247,1.01
2025.115.20:44:00/wx/-3.13,554.2,34.5,8.31,251,1.13
2025.115.20:45:00/wx/-3.10,554.3,36.2,9.95,252,1.12
2025.115.20:46:00/wx/-2.89,554.2,35.3,8.59,250,1.09
2025.115.20:47:00/wx/-3.06,554.3,37.1,9.99,248,1.08
2025.115.20:48:00/wx/-3.40,554.2,39.2,9.12,246,1.19
2025.115.20:49:00/wx/-3.25,554.3,40.1,7.94,251,1.18
2025.115.20:50:00/wx/-3.20,554.3,40.4,11.03,243,1.16
2025.115.20:51:00/wx/-3.38,554.3,41.3,10.17,248,1.13
2025.115.20:52:00/wx/-3.44,554.3,40.8,10.88,240,1.07
2025.115.20:53:00/wx/-3.20,554.3,38.7,9.92,242,1.06
2025.115.20:54:00/wx/-3.40,554.3,40.5,9.43,248,1.18
2025.115.20:55:00/wx/-3.32,554.3,38.9,8.09,254,1.15
2025.115.20:56:00/wx/-2.90,554.3,36.4,6.81,266,1.15
2025.115.20:57:00/wx/-2.80,554.3,36.1,6.52,263,1.29
2025.115.20:58:00/wx/-2.60,554.3,35.5,8.61,254,1.23
2025.115.20:59:00/wx/-3.05,554.3,38.3,9.46,248,1.26
2025.115.21:00:00/wx/-3.40,554.3,40.2,8.95,249,1.20
2025.115.21:01:00/wx/-3.63,554.3,41.7,9.54,245,1.09
2025.115.21:02:00/wx/-4.00,554.3,45.0,9.60,249,1.10
2025.115.21:03:00/wx/-4.19,554.3,45.9,9.65,244,0.98
2025.115.21:04:00/wx/-4.00,554.4,45.5,7.92,252,1.09
2025.115.21:05:00/wx/-3.70,554.4,43.5,7.75,252,1.08
2025.115.21:06:00/wx/-3.30,554.4,39.9,9.28,250,1.16
2025.115.21:07:00/wx/-3.40,554.4,39.6,10.63,245,1.18
2025.115.21:08:00/wx/-3.11,554.4,39.1,11.42,247,1.17
2025.115.21:09:00/wx/-3.50,554.4,41.1,9.65,251,1.14
2025.115.21:10:00/wx/-3.50,554.4,41.5,10.35,252,1.20
2025.115.21:11:00/wx/-3.06,554.4,40.4,10.25,253,1.26
2025.115.21:12:00/wx/-2.98,554.4,40.6,8.94,253,1.31
2025.115.21:13:00/wx/-3.00,554.5,41.3,9.23,255,1.36
2025.115.21:14:00/wx/-2.85,554.5,40.1,8.39,257,1.29
2025.115.21:15:00/wx/-2.60,554.5,38.2,9.03,256,1.22
2025.115.21:16:00/wx/-2.64,554.4,38.3,7.08,257,1.30
2025.115.21:17:00/wx/-2.70,554.4,38.5,8.40,272,1.38
2025.115.21:18:00/wx/-2.70,554.5,37.8,7.06,260,1.31
2025.115.21:19:00/wx/-2.80,554.4,39.6,8.30,274,1.33
2025.115.21:20:00/wx/-2.70,554.4,38.7,6.73,276,1.34
2025.115.21:21:00/wx/-2.70,554.4,37.7,6.75,263,1.33
2025.115.21:22:00/wx/-2.70,554.4,38.8,6.15,266,1.33
2025.115.21:23:00/wx/-2.79,554.4,39.3,6.75,259,1.29
2025.115.21:24:00/wx/-3.00,554.5,40.5,9.09,251,1.32
2025.115.21:25:00/wx/-3.50,554.4,41.8,11.43,248,1.22
2025.115.21:26:00/wx/-3.54,554.5,41.4,10.34,249,1.23
2025.115.21:27:00/wx/-3.70,554.4,42.9,9.68,248,1.23
2025.115.21:28:00/wx/-3.91,554.5,43.6,8.50,254,1.22
2025.115.21:29:00/wx/-3.87,554.5,43.5,8.42,260,1.30
2025.115.21:30:00/wx/-3.10,554.5,40.1,8.63,262,1.24
2025.115.21:31:00/wx/-3.00,554.5,39.9,8.30,257,1.28
2025.115.21:32:00/wx/-3.17,554.5,40.9,8.31,256,1.23
2025.115.21:33:00/wx/-3.20,554.4,40.0,10.56,254,1.20
2025.115.21:34:00/wx/-3.10,554.5,38.9,10.31,251,1.15
2025.115.21:35:00/wx/-3.21,554.4,39.2,9.82,248,1.20
2025.115.21:36:00/wx/-3.55,554.4,40.9,9.38,252,1.13
2025.115.21:37:00/wx/-3.30,554.5,39.7,9.41,255,1.21
2025.115.21:38:00/wx/-3.19,554.5,40.2,9.09,256,1.20
2025.115.21:39:00/wx/-3.50,554.5,41.5,9.55,253,1.23
2025.115.21:40:00/wx/-2.99,554.5,38.9,6.81,261,1.31
2025.115.21:41:00/wx/-2.96,554.5,39.9,7.42,265,1.30
2025.115.21:42:00/wx/-2.90,554.5,41.7,7.20,275,1.29
2025.115.21:43:00/wx/-3.33,554.5,44.6,5.95,264,1.23
2025.115.21:44:00/wx/-3.03,554.5,40.6,7.66,260,1.25
2025.115.21:45:00/wx/-3.00,554.5,40.3,8.95,264,1.29
2025.115.21:46:00/wx/-3.15,554.5,39.5,10.03,252,1.29
2025.115.21:47:00/wx/-3.50,554.5,40.1,8.49,255,1.34
2025.115.21:48:00/wx/-3.57,554.5,40.7,7.56,260,1.30
2025.115.21:49:00/wx/-3.09,554.5,39.7,7.62,254,1.25
2025.115.21:50:00/wx/-3.40,554.5,41.2,8.22,255,1.19
2025.115.21:51:00/wx/-3.20,554.6,40.6,8.24,254,1.27
2025.115.21:52:00/wx/-3.20,554.5,40.9,7.63,257,1.38
2025.115.21:53:00/wx/-3.33,554.6,41.4,7.78,259,1.36
2025.115.21:54:00/wx/-3.40,554.6,42.8,8.31,257,1.36
2025.115.21:55:00/wx/-3.49,554.6,44.4,7.66,263,1.30
2025.115.21:56:00/wx/-3.50,554.5,44.8,9.58,252,1.35
2025.115.21:57:00/wx/-3.30,554.6,43.6,8.93,258,1.31
2025.115.21:58:00/wx/-3.41,554.6,43.4,8.64,254,1.32
2025.115.21:59:00/wx/-3.30,554.6,41.9,8.22,257,1.29
2025.115.22:00:00/wx/-3.32,554.6,42.1,10.03,251,1.36
2025.115.22:01:00/wx/-3.56,554.6,43.4,8.70,258,1.35
2025.115.22:02:00/wx/-3.30,554.6,41.5,10.23,255,1.32
2025.115.22:03:00/wx/-3.27,554.6,40.9,9.35,256,1.36
2025.115.22:04:00/wx/-3.18,554.6,40.3,8.22,257,1.35
2025.115.22:05:00/wx/-3.48,554.6,42.0,7.85,256,1.36
2025.115.22:06:00/wx/-3.30,554.6,42.2,9.31,256,1.40
2025.115.22:07:00/wx/-3.30,554.6,42.8,10.03,254,1.39
2025.115.22:08:00/wx/-3.50,554.6,44.0,7.04,262,1.36
2025.115.22:09:00/wx/-3.40,554.6,43.4,7.75,265,1.30
2025.115.22:10:00/wx/-3.63,554.6,44.4,8.29,257,1.33
2025.115.22:11:00/wx/-3.86,554.6,45.2,6.68,259,1.37
2025.115.22:12:00/wx/-4.30,554.6,46.2,8.35,255,1.34
2025.115.22:13:00/wx/-4.30,554.6,45.4,8.86,253,1.33
2025.115.22:14:00/wx/-4.10,554.6,45.1,8.39,261,1.31
2025.115.22:15:00/wx/-3.98,554.6,45.9,9.10,253,1.32
2025.115.22:16:00/wx/-3.84,554.7,45.9,7.75,258,1.32
2025.115.22:17:00/wx/-3.90,554.7,46.3,8.38,255,1.33
2025.115.22:18:00/wx/-4.01,554.6,46.4,8.17,256,1.52
2025.115.22:19:00/wx/-3.89,554.7,45.5,5.45,263,1.49
2025.115.22:20:00/wx/-3.59,554.7,44.9,8.31,265,1.50
2025.115.22:21:00/wx/-3.90,554.7,46.8,8.07,256,1.51
2025.115.22:22:00/wx/-4.31,554.7,47.7,8.62,253,1.52
2025.115.22:23:00/wx/-4.24,554.7,47.9,9.08,254,1.51
2025.115.22:24:00/wx/-3.91,554.7,46.4,9.38,255,1.38
2025.115.22:25:00/wx/-4.00,554.7,46.0,8.84,254,1.39
2025.115.22:26:00/wx/-4.10,554.7,45.8,9.18,251,1.41
2025.115.22:27:00/wx/-4.01,554.7,45.3,8.58,255,1.42
2025.115.22:28:00/wx/-4.00,554.8,44.6,8.37,256,1.43
2025.115.22:29:00/wx/-3.80,554.8,43.9,7.51,256,1.42
2025.115.22:30:00/wx/-3.80,554.8,44.2,7.64,257,1.42
2025.115.22:31:00/wx/-3.88,554.8,45.0,6.61,259,1.44
2025.115.22:32:00/wx/-3.89,554.8,45.6,7.93,254,1.43
2025.115.22:33:00/wx/-3.96,554.8,45.7,7.40,253,1.44
2025.115.22:34:00/wx/-4.20,554.8,46.4,7.47,254,1.46
2025.115.22:35:00/wx/-4.20,554.8,46.8,8.25,252,1.47
2025.115.22:36:00/wx/-4.20,554.8,46.5,8.27,251,1.48
2025.115.22:37:00/wx/-4.30,554.8,47.3,7.75,254,1.49
2025.115.22:38:00/wx/-4.20,554.8,46.6,7.98,253,1.48
2025.115.22:39:00/wx/-4.40,554.9,46.8,8.73,253,1.38
2025.115.22:40:00/wx/-4.43,554.8,46.9,7.92,252,1.38
2025.115.22:41:00/wx/-4.31,554.8,46.0,7.43,255,1.37
2025.115.22:42:00/wx/-4.20,554.9,45.0,8.60,253,1.36
2025.115.22:43:00/wx/-4.20,554.8,44.7,7.39,258,1.39
2025.115.22:44:00/wx/-4.00,554.9,44.5,9.53,252,1.46
2025.115.22:45:00/wx/-4.10,554.9,45.5,7.99,254,1.47
2025.115.22:46:00/wx/-4.30,554.9,46.4,6.74,258,1.48
2025.115.22:47:00/wx/-4.30,554.9,47.0,6.32,257,1.50
2025.115.22:48:00/wx/-4.30,554.9,47.4,7.63,253,1.53
2025.115.22:49:00/wx/-4.30,554.9,47.7,7.32,256,1.51
2025.115.22:50:00/wx/-4.30,554.9,47.6,6.65,257,1.51
2025.115.22:51:00/wx/-4.30,554.9,47.9,6.26,259,1.54
2025.115.22:52:00/wx/-4.20,554.9,47.8,7.04,257,1.52
2025.115.22:53:00/wx/-4.30,554.9,47.6,6.43,263,1.54
2025.115.22:54:00/wx/-4.30,554.9,47.9,6.52,260,1.54
2025.115.22:55:00/wx/-4.30,554.9,47.9,7.13,257,1.53
2025.115.22:56:00/wx/-4.40,555.0,48.3,5.80,270,1.51
2025.115.22:57:00/wx/-4.30,555.0,47.7,6.35,258,1.51
2025.115.22:58:00/wx/-4.40,555.0,47.9,6.80,259,1.48
2025.115.22:59:00/wx/-4.30,555.0,47.4,6.24,255,1.52
2025.115.23:00:00/wx/-4.13,555.0,46.8,5.97,258,1.53
2025.115.23:01:00/wx/-4.30,555.0,47.3,6.40,258,1.49
2025.115.23:02:00/wx/-4.36,555.0,47.3,6.23,255,1.51
2025.115.23:03:00/wx/-4.30,555.0,46.4,6.09,252,1.49
2025.115.23:04:00/wx/-4.31,555.0,45.9,6.09,258,1.54
2025.115.23:05:00/wx/-4.30,555.0,45.8,6.14,260,1.59
2025.115.23:06:00/wx/-4.30,555.1,45.8,6.61,255,1.55
2025.115.23:07:00/wx/-4.30,555.1,45.6,5.96,257,1.57
2025.115.23:08:00/wx/-4.30,555.1,46.2,6.02,258,1.54
2025.115.23:09:00/wx/-4.30,555.1,46.2,6.52,254,1.56
2025.115.23:10:00/wx/-4.20,555.1,45.4,5.83,255,1.53
2025.115.23:11:00/wx/-4.30,555.1,45.8,6.03,256,1.55
2025.115.23:12:00/wx/-4.40,555.1,46.2,7.07,252,1.56
2025.115.23:13:00/wx/-4.40,555.1,46.4,5.82,260,1.53
2025.115.23:14:00/wx/-4.39,555.1,46.4,5.84,256,1.54
2025.115.23:15:00/wx/-4.37,555.1,46.3,6.13,254,1.53
2025.115.23:16:00/wx/-4.40,555.1,46.5,6.03,256,1.53
2025.115.23:17:00/wx/-4.43,555.1,46.6,7.00,252,1.52
2025.115.23:18:00/wx/-4.41,555.1,46.6,6.48,255,1.50
2025.115.23:19:00/wx/-4.50,555.1,46.8,6.19,254,1.47
2025.115.23:20:00/wx/-4.50,555.1,46.5,5.80,256,1.45
2025.115.23:21:00/wx/-4.50,555.1,46.1,5.63,259,1.46
2025.115.23:22:00/wx/-4.50,555.1,46.1,6.27,254,1.48
2025.115.23:23:00/wx/-4.50,555.2,45.9,6.19,259,1.43
2025.115.23:24:00/wx/-4.40,555.2,45.2,5.40,258,1.48
2025.115.23:25:00/wx/-4.40,555.2,44.9,5.78,257,1.45
2025.115.23:26:00/wx/-4.50,555.1,45.2,5.03,261,1.47
2025.115.23:27:00/wx/-4.46,555.2,44.8,6.15,254,1.49
2025.115.23:28:00/wx/-4.30,555.2,44.5,5.72,254,1.45
2025.115.23:29:00/wx/-4.40,555.2,44.6,5.39,258,1.42
2025.115.23:30:00/wx/-4.50,555.2,45.1,5.22,256,1.42
2025.115.23:31:00/wx/-4.50,555.2,45.2,5.58,253,1.42
2025.115.23:32:00/wx/-4.46,555.2,45.2,4.39,256,1.41
2025.115.23:33:00/wx/-4.40,555.2,45.2,3.88,257,1.40
2025.115.23:34:00/wx/-4.42,555.2,45.3,4.38,254,1.41
2025.115.23:35:00/wx/-4.47,555.2,44.6,5.30,252,1.38
2025.115.23:36:00/wx/-4.40,555.2,44.4,4.94,253,1.37
2025.115.23:37:00/wx/-4.40,555.2,44.0,5.20,253,1.36
2025.115.23:38:00/wx/-4.40,555.2,43.6,5.71,253,1.38
2025.115.23:39:00/wx/-4.40,555.2,43.2,5.53,255,1.32
2025.115.23:40:00/wx/-4.38,555.2,43.2,5.60,253,1.31
2025.115.23:41:00/wx/-4.40,555.2,43.3,5.82,250,1.32
2025.115.23:42:00/wx/-4.50,555.2,43.8,5.42,250,1.32
2025.115.23:43:00/wx/-4.60,555.2,44.3,5.77,247,1.32
2025.115.23:44:00/wx/-5.96,555.3,46.0,3.38,244,1.35
2025.115.23:45:00/wx/-6.81,555.2,50.6,3.59,253,1.31
2025.115.23:46:00/wx/-6.81,555.3,52.0,2.54,240,1.29
2025.115.23:47:00/wx/-7.35,555.2,52.9,2.64,246,1.28
2025.115.23:48:00/wx/-7.51,555.2,54.7,3.39,237,1.25
2025.115.23:49:00/wx/-6.66,555.2,53.6,3.97,236,1.26
2025.115.23:50:00/wx/-5.93,555.2,51.2,5.06,247,1.27
2025.115.23:51:00/wx/-5.90,555.3,50.4,4.25,248,1.24
2025.115.23:52:00/wx/-5.80,555.2,50.2,3.39,257,1.22
2025.115.23:53:00/wx/-5.90,555.3,49.8,2.92,253,1.19
2025.115.23:54:00/wx/-6.27,555.3,49.3,2.86,254,1.19
2025.115.23:55:00/wx/-6.52,555.2,48.3,2.75,259,1.18
2025.115.23:56:00/wx/-5.46,555.2,47.5,4.00,258,1.13
2025.115.23:57:00/wx/-4.79,555.2,44.5,3.49,267,1.13
2025.115.23:58:00/wx/-4.61,555.2,42.6,3.93,263,1.13
2025.115.23:59:00/wx/-4.40,555.2,41.6,3.70,260,1.09
2025.116.00:00:00/wx/-4.40,555.2,40.4,4.51,253,1.09
2025.116.00:01:00/wx/-4.40,555.2,40.7,3.60,261,1.10
2025.116.00:02:00/wx/-4.50,555.2,40.9,3.48,260,1.10
2025.116.00:03:00/wx/-4.50,555.2,40.2,4.43,251,1.08
2025.116.00:04:00/wx/-4.40,555.2,39.9,4.35,255,1.08
2025.116.00:05:00/wx/-4.40,555.2,39.8,4.50,253,1.08
2025.116.00:06:00/wx/-4.62,555.2,40.0,3.92,251,1.07
2025.116.00:07:00/wx/-4.60,555.2,40.5,4.45,246,1.08
2025.116.00:08:00/wx/-5.90,555.2,42.0,2.43,248,1.07
2025.116.00:09:00/wx/-6.54,555.2,45.0,2.78,253,1.03
2025.116.00:10:00/wx/-6.69,555.2,46.1,2.89,245,1.03
2025.116.00:11:00/wx/-6.60,555.1,45.7,3.77,241,1.01
2025.116.00:12:00/wx/-6.53,555.2,45.3,3.16,251,0.99
2025.116.00:13:00/wx/-6.60,555.1,45.2,3.12,239,0.98
2025.116.00:14:00/wx/-6.85,555.2,45.4,2.85,255,0.96
2025.116.00:15:00/wx/-7.28,555.1,45.8,2.90,240,0.97
2025.116.00:16:00/wx/-7.18,555.1,46.2,3.92,249,0.93
2025.116.00:17:00/wx/-6.73,555.1,44.7,3.60,250,0.97
2025.116.00:18:00/wx/-6.70,555.1,43.9,3.93,247,0.89
2025.116.00:19:00/wx/-6.50,555.1,43.2,3.03,237,0.93
2025.116.00:20:00/wx/-6.68,555.1,43.3,3.11,238,0.93
2025.116.00:21:00/wx/-6.57,555.1,43.3,3.22,240,0.92
2025.116.00:22:00/wx/-6.50,555.1,42.4,3.29,242,0.92
2025.116.00:23:00/wx/-6.40,555.1,42.0,2.84,237,0.93
2025.116.00:24:00/wx/-6.50,555.1,41.7,2.74,241,0.90
2025.116.00:25:00/wx/-6.60,555.2,41.9,3.94,247,0.89
2025.116.00:26:00/wx/-6.40,555.1,41.4,3.37,254,0.91
2025.116.00:27:00/wx/-6.20,555.2,40.5,3.38,253,0.91
2025.116.00:28:00/wx/-6.30,555.2,40.2,2.93,253,0.88
2025.116.00:29:00/wx/-6.30,555.2,40.2,3.41,252,0.89
2025.116.00:30:00/wx/-6.30,555.2,39.8,3.61,248,0.87
2025.116.00:31:00/wx/-6.30,555.1,39.7,2.69,258,0.89
2025.116.00:32:00/wx/-6.21,555.1,39.4,3.59,251,0.85
2025.116.00:33:00/wx/-5.90,555.2,38.7,1.97,256,0.85
2025.116.00:34:00/wx/-6.05,555.1,38.8,2.71,247,0.86
2025.116.00:35:00/wx/-6.20,555.1,38.9,3.11,244,0.85
2025.116.00:36:00/wx/-6.08,555.1,39.1,2.59,245,0.82
2025.116.00:37:00/wx/-6.10,555.1,39.1,2.39,253,0.83
2025.116.00:38:00/wx/-6.10,555.1,38.8,2.93,257,0.82
2025.116.00:39:00/wx/-6.20,555.1,38.7,2.70,250,0.80
2025.116.00:40:00/wx/-6.20,555.2,38.7,2.33,252,0.79
2025.116.00:41:00/wx/-6.44,555.2,38.7,2.68,247,0.80
2025.116.00:42:00/wx/-6.30,555.2,39.4,2.55,245,0.80
2025.116.00:43:00/wx/-6.21,555.2,40.0,2.56,229,0.80
2025.116.00:44:00/wx/-6.30,555.2,40.9,3.17,246,0.81
2025.116.00:45:00/wx/-6.50,555.2,42.3,2.53,250,0.82
2025.116.00:46:00/wx/-6.60,555.2,43.7,2.88,241,0.84
2025.116.00:47:00/wx/-6.80,555.2,44.7,2.00,263,0.88
2025.116.00:48:00/wx/-6.69,555.2,45.6,2.66,252,0.88
2025.116.00:49:00/wx/-6.66,555.2,45.9,2.21,263,0.87
2025.116.00:50:00/wx/-6.80,555.2,47.3,2.23,246,0.86
2025.116.00:51:00/wx/-7.10,555.2,49.3,2.51,252,0.86
2025.116.00:52:00/wx/-7.12,555.2,50.9,2.23,246,0.84
2025.116.00:53:00/wx/-7.10,555.2,51.6,2.62,247,0.85
2025.116.00:54:00/wx/-7.00,555.2,51.7,2.41,253,0.84
2025.116.00:55:00/wx/-6.80,555.2,52.4,2.52,255,0.82
2025.116.00:56:00/wx/-6.67,555.2,52.0,2.70,243,0.80
2025.116.00:57:00/wx/-6.39,555.2,51.5,2.26,246,0.80
2025.116.00:58:00/wx/-6.60,555.2,51.1,3.12,251,0.79
2025.116.00:59:00/wx/-6.33,555.2,51.3,1.83,251,0.78
2025.116.01:00:00/wx/-6.40,555.1,51.2,2.43,244,0.76
2025.116.01:01:00/wx/-6.50,555.2,51.2,1.49,261,0.77
2025.116.01:02:00/wx/-6.40,555.1,51.5,2.28,243,0.76
2025.116.01:03:00/wx/-6.41,555.2,51.0,1.33,272,0.77
2025.116.01:04:00/wx/-6.44,555.2,51.7,1.43,263,0.76
2025.116.01:05:00/wx/-6.20,555.2,51.0,1.33,277,0.77
2025.116.01:06:00/wx/-6.20,555.1,51.0,1.46,280,0.76
2025.116.01:07:00/wx/-6.10,555.1,50.9,1.67,277,0.74
2025.116.01:08:00/wx/-6.00,555.1,50.6,1.33,278,0.74
2025.116.01:09:00/wx/-6.00,555.1,50.1,1.70,282,0.74
2025.116.01:10:00/wx/-5.90,555.2,49.8,1.83,295,0.73
2025.116.01:11:00/wx/-5.86,555.1,49.3,1.83,300,0.72
2025.116.01:12:00/wx/-5.80,555.1,48.6,1.71,303,0.72
2025.116.01:13:00/wx/-5.60,555.1,47.8,1.73,307,0.72
2025.116.01:14:00/wx/-5.60,555.1,47.3,1.83,311,0.74
2025.116.01:15:00/wx/-6.01,555.1,47.4,2.74,345,0.73
2025.116.01:16:00/wx/-5.90,555.1,47.5,2.17,329,0.73
2025.116.01:17:00/wx/-5.70,555.1,46.0,3.03,341,0.73
2025.116.01:18:00/wx/-5.48,555.1,44.2,2.31,334,0.73
2025.116.01:19:00/wx/-5.30,555.1,43.1,2.29,330,0.71
2025.116.01:20:00/wx/-5.00,555.1,40.8,2.13,332,0.71
2025.116.01:21:00/wx/-4.90,555.1,39.6,2.38,336,0.71
2025.116.01:22:00/wx/-4.70,555.1,37.9,2.44,329,0.72
2025.116.01:23:00/wx/-4.50,555.1,36.9,2.31,326,0.70
2025.116.01:24:00/wx/-4.50,555.2,36.5,2.28,327,0.70
2025.116.01:25:00/wx/-4.40,555.1,35.9,1.85,320,0.68
2025.116.01:26:00/wx/-4.40,555.2,35.7,2.27,307,0.68
2025.116.01:27:00/wx/-4.50,555.2,35.9,2.13,299,0.68
2025.116.01:28:00/wx/-4.48,555.2,35.6,2.04,318,0.66
2025.116.01:29:00/wx/-4.50,555.2,35.3,2.27,325,0.67
2025.116.01:30:00/wx/-4.40,555.2,34.6,2.33,319,0.67
2025.116.01:31:00/wx/-4.30,555.2,33.4,2.01,291,0.67
2025.116.01:32:00/wx/-4.30,555.2,33.6,2.64,311,0.66
2025.116.01:33:00/wx/-4.20,555.2,33.1,2.70,319,0.65
2025.116.01:34:00/wx/-4.22,555.2,32.9,2.89,326,0.65
2025.116.01:35:00/wx/-4.40,555.2,32.6,2.72,346,0.64
2025.116.01:36:00/wx/-4.19,555.2,30.4,2.71,342,0.64
2025.116.01:37:00/wx/-4.10,555.2,30.2,3.33,340,0.62
2025.116.01:38:00/wx/-3.89,555.2,30.5,3.47,339,0.62
2025.116.01:39:00/wx/-4.08,555.2,31.4,3.81,345,0.62
2025.116.01:40:00/wx/-3.90,555.2,30.3,3.46,22,0.62
2025.116.01:41:00/wx/-3.76,555.2,28.6,3.48,342,0.61
2025.116.01:42:00/wx/-3.60,555.2,27.8,3.04,348,0.61
2025.116.01:43:00/wx/-3.70,555.2,28.4,3.66,333,0.59
2025.116.01:44:00/wx/-3.80,555.2,29.0,3.61,351,0.59
2025.116.01:45:00/wx/-3.81,555.2,29.0,3.56,334,0.59
2025.116.01:46:00/wx/-3.90,555.1,27.7,4.69,354,0.59
2025.116.01:47:00/wx/-3.30,555.2,25.5,4.14,357,0.59
2025.116.01:48:00/wx/-3.30,555.2,24.2,3.39,152,0.59
2025.116.01:49:00/wx/-3.50,555.2,24.6,3.14,340,0.58
2025.116.01:50:00/wx/-3.49,555.2,24.3,3.69,-18,0.58
2025.116.01:51:00/wx/-3.30,555.2,23.0,2.79,314,0.58
2025.116.01:52:00/wx/-3.30,555.2,24.1,1.83,292,0.60
2025.116.01:53:00/wx/-3.40,555.2,24.4,2.74,335,0.58
2025.116.01:54:00/wx/-3.49,555.2,24.7,2.19,320,0.58
2025.116.01:55:00/wx/-3.80,555.2,25.7,2.00,311,0.58
2025.116.01:56:00/wx/-3.64,555.2,25.0,2.86,329,0.58
2025.116.01:57:00/wx/-4.00,555.2,24.4,2.83,342,0.57
2025.116.01:58:00/wx/-3.59,555.2,24.3,3.15,330,0.57
2025.116.01:59:00/wx/-3.40,555.2,23.6,2.83,326,0.57
2025.116.02:00:00/wx/-3.42,555.2,22.9,3.15,352,0.57
2025.116.02:01:00/wx/-3.70,555.2,22.6,2.43,320,0.56
2025.116.02:02:00/wx/-3.80,555.2,23.9,2.23,336,0.56
2025.116.02:03:00/wx/-3.80,555.2,24.5,2.70,294,0.55
2025.116.02:04:00/wx/-3.79,555.2,24.3,2.29,329,0.58
2025.116.02:05:00/wx/-3.90,555.2,24.2,2.31,318,0.57
2025.116.02:06:00/wx/-3.90,555.2,24.1,2.66,329,0.59
2025.116.02:07:00/wx/-3.69,555.2,22.7,2.71,342,0.58
2025.116.02:08:00/wx/-3.46,555.2,22.5,1.48,214,0.59
2025.116.02:09:00/wx/-3.40,555.2,23.2,2.00,283,0.59
2025.116.02:10:00/wx/-3.62,555.2,24.0,0.97,286,0.58
2025.116.02:11:00/wx/-3.80,555.2,24.8,1.57,312,0.58
2025.116.02:12:00/wx/-3.90,555.1,25.8,1.83,310,0.58
2025.116.02:13:00/wx/-3.80,555.1,25.9,2.40,321,0.58
2025.116.02:14:00/wx/-3.70,555.1,25.2,1.56,334,0.55
2025.116.02:15:00/wx/-3.60,555.1,25.2,1.85,331,0.59
2025.116.02:16:00/wx/-3.70,555.1,24.9,2.66,334,0.56
2025.116.02:17:00/wx/-3.60,555.1,25.1,2.04,339,0.55
2025.116.02:18:00/wx/-3.60,555.1,25.2,1.86,313,0.56
2025.116.02:19:00/wx/-3.60,555.1,25.6,1.46,265,0.58
2025.116.02:20:00/wx/-3.70,555.1,25.1,2.77,329,0.57
2025.116.02:21:00/wx/-3.87,555.1,23.1,2.69,347,0.55
2025.116.02:22:00/wx/-3.89,555.1,23.2,3.04,337,0.54
2025.116.02:23:00/wx/-3.44,555.1,23.2,2.35,345,0.56
2025.116.02:24:00/wx/-3.40,555.1,23.5,2.84,357,0.56
2025.116.02:25:00/wx/-3.50,555.1,23.5,2.93,353,0.56
2025.116.02:26:00/wx/-3.58,555.1,23.5,3.13,353,0.57
2025.116.02:27:00/wx/-3.50,555.1,23.4,3.08,352,0.58
2025.116.02:28:00/wx/-3.50,555.1,24.0,3.77,349,0.59
2025.116.02:29:00/wx/-3.30,555.1,22.7,2.94,358,0.58
2025.116.02:30:00/wx/-3.40,555.1,23.0,2.95,336,0.59
2025.116.02:31:00/wx/-3.40,555.1,22.1,2.30,348,0.56
2025.116.02:32:00/wx/-3.31,555.1,21.9,3.33,349,0.56
2025.116.02:33:00/wx/-3.30,555.1,20.8,3.02,355,0.56
2025.116.02:34:00/wx/-3.50,555.1,20.0,2.60,355,0.56
2025.116.02:35:00/wx/-3.48,555.1,20.2,2.77,258,0.57
2025.116.02:36:00/wx/-3.58,555.1,19.4,3.65,-12,0.59
2025.116.02:37:00/wx/-3.70,555.1,19.4,3.95,330,0.59
2025.116.02:38:00/wx/-3.50,555.1,19.2,2.57,334,0.58
2025.116.02:39:00/wx/-3.40,555.1,19.5,1.73,333,0.57
2025.116.02:40:00/wx/-3.50,555.1,19.7,2.04,324,0.57
2025.116.02:41:00/wx/-3.51,555.2,18.9,1.61,325,0.56
2025.116.02:42:00/wx/-3.40,555.1,18.2,1.53,337,0.56
2025.116.02:43:00/wx/-3.40,555.1,17.6,2.67,343,0.57
2025.116.02:44:00/wx/-3.20,555.1,17.2,2.23,344,0.58
2025.116.02:45:00/wx/-3.34,555.1,17.0,2.33,346,0.56
2025.116.02:46:00/wx/-3.39,555.1,16.9,3.96,20,0.57
2025.116.02:47:00/wx/-3.50,555.1,17.0,2.47,356,0.57
2025.116.02:48:00/wx/-3.82,555.2,17.4,1.36,307,0.57
2025.116.02:49:00/wx/-4.20,555.1,18.5,1.73,300,0.57
2025.116.02:50:00/wx/-3.96,555.2,19.6,1.90,299,0.57
2025.116.02:51:00/wx/-4.20,555.2,21.1,2.18,283,0.55
2025.116.02:52:00/wx/-4.20,555.1,20.2,2.49,302,0.57
2025.116.02:53:00/wx/-3.83,555.2,19.7,1.93,296,0.58
2025.116.02:54:00/wx/-3.70,555.1,18.9,1.88,350,0.58
2025.116.02:55:00/wx/-3.60,555.1,18.4,1.43,306,0.56
2025.116.02:56:00/wx/-3.50,555.1,18.6,1.09,345,0.55
2025.116.02:57:00/wx/-3.70,555.1,18.9,1.79,306,0.56
2025.116.02:58:00/wx/-3.70,555.1,19.0,1.86,329,0.55
2025.116.02:59:00/wx/-4.10,555.1,19.4,2.32,317,0.57
2025.116.03:00:00/wx/-4.10,555.1,19.6,2.16,328,0.56
2025.116.03:01:00/wx/-4.00,555.1,19.4,1.93,331,0.57
2025.116.03:02:00/wx/-3.70,555.1,19.2,0.87,329,0.58
2025.116.03:03:00/wx/-3.70,555.1,19.7,1.32,305,0.58
2025.116.03:04:00/wx/-3.61,555.1,19.6,1.60,292,0.56
2025.116.03:05:00/wx/-3.70,555.1,19.8,1.71,323,0.57
2025.116.03:06:00/wx/-3.70,555.1,19.8,2.33,305,0.56
2025.116.03:07:00/wx/-3.90,555.1,19.9,1.90,304,0.57
2025.116.03:08:00/wx/-3.99,555.1,19.2,2.97,312,0.57
2025.116.03:09:00/wx/-4.09,555.1,19.4,2.76,318,0.57
2025.116.03:10:00/wx/-3.80,555.1,19.4,2.50,324,0.58
2025.116.03:11:00/wx/-3.80,555.1,19.5,2.23,304,0.59
2025.116.03:12:00/wx/-3.60,555.1,19.5,1.30,313,0.58
2025.116.03:13:00/wx/-3.70,555.1,19.3,1.82,311,0.58
2025.116.03:14:00/wx/-3.70,555.1,19.1,1.66,317,0.58
2025.116.03:15:00/wx/-3.96,555.1,19.5,2.12,310,0.58
2025.116.03:16:00/wx/-4.10,555.1,19.7,2.43,320,0.58
2025.116.03:17:00/wx/-3.79,555.1,19.3,2.89,331,0.57
2025.116.03:18:00/wx/-3.49,555.1,19.0,2.20,333,0.58
2025.116.03:19:00/wx/-3.83,555.1,18.7,2.88,356,0.56
2025.116.03:20:00/wx/-3.91,555.1,19.1,4.55,339,0.57
2025.116.03:21:00/wx/-3.70,555.0,18.5,3.43,342,0.56
2025.116.03:22:00/wx/-3.74,555.0,18.3,3.20,211,0.55
2025.116.03:23:00/wx/-4.21,555.0,19.1,2.75,6,0.55
2025.116.03:24:00/wx/-3.80,555.0,19.2,2.63,339,0.55
2025.116.03:25:00/wx/-3.90,555.1,19.5,2.40,314,0.55
2025.116.03:26:00/wx/-3.80,555.1,19.6,2.43,318,0.55
2025.116.03:27:00/wx/-3.70,555.1,19.5,2.63,326,0.55
2025.116.03:28:00/wx/-3.80,555.0,19.4,2.73,340,0.56
2025.116.03:29:00/wx/-4.11,555.1,19.5,2.89,348,0.56
2025.116.03:30:00/wx/-4.00,555.1,19.4,2.17,350,0.56
2025.116.03:31:00/wx/-4.10,555.1,19.5,2.35,345,0.56
2025.116.03:32:00/wx/-3.79,555.1,19.7,2.22,318,0.56
2025.116.03:33:00/wx/-3.70,555.1,19.9,2.23,328,0.56
2025.116.03:34:00/wx/-3.72,555.1,19.6,2.58,355,0.57
2025.116.03:35:00/wx/-3.80,555.1,19.0,2.17,348,0.57
2025.116.03:36:00/wx/-4.09,555.1,19.4,2.83,342,0.57
2025.116.03:37:00/wx/-3.80,555.1,19.5,3.02,335,0.56
2025.116.03:38:00/wx/-3.70,555.1,19.7,2.53,340,0.58
2025.116.03:39:00/wx/-3.72,555.1,19.7,2.84,328,0.57
2025.116.03:40:00/wx/-3.70,555.1,19.7,2.45,342,0.57
2025.116.03:41:00/wx/-3.80,555.1,19.9,2.63,336,0.57
2025.116.03:42:00/wx/-3.70,555.1,19.7,1.79,345,0.57
2025.116.03:43:00/wx/-3.70,555.1,19.6,1.54,322,0.57
2025.116.03:44:00/wx/-3.80,555.1,20.0,2.00,331,0.57
2025.116.03:45:00/wx/-3.90,555.1,19.7,2.40,340,0.57
2025.116.03:46:00/wx/-4.00,555.1,19.6,2.12,329,0.57
2025.116.03:47:00/wx/-4.05,555.1,19.6,3.25,338,0.55
2025.116.03:48:00/wx/-3.80,555.1,19.1,2.65,337,0.55
2025.116.03:49:00/wx/-3.73,555.1,19.1,2.31,327,0.56
2025.116.03:50:00/wx/-3.80,555.1,19.1,2.34,329,0.56
2025.116.03:51:00/wx/-4.12,555.1,19.4,2.75,355,0.56
2025.116.03:52:00/wx/-4.00,555.1,19.6,2.31,350,0.56
2025.116.03:53:00/wx/-4.00,555.1,19.4,2.83,345,0.56
2025.116.03:54:00/wx/-4.36,555.1,20.0,2.62,126,0.57
2025.116.03:55:00/wx/-4.20,555.1,20.2,1.54,353,0.56
2025.116.03:56:00/wx/-4.10,555.1,19.7,2.36,333,0.56
2025.116.03:57:00/wx/-3.90,555.1,20.0,2.07,331,0.57
2025.116.03:58:00/wx/-3.80,555.1,19.8,1.83,357,0.56
2025.116.03:59:00/wx/-3.80,555.1,19.6,1.93,352,0.57
2025.116.04:00:00/wx/-3.81,555.1,19.4,1.95,349,0.57
2025.116.04:01:00/wx/-4.03,555.1,19.5,2.34,321,0.57
2025.116.04:02:00/wx/-4.00,555.1,19.6,1.96,339,0.56
2025.116.04:03:00/wx/-4.00,555.2,19.7,2.32,324,0.56
2025.116.04:04:00/wx/-4.00,555.1,19.8,2.46,345,0.57
2025.116.04:05:00/wx/-3.90,555.1,19.6,2.43,353,0.57
2025.116.04:06:00/wx/-3.90,555.1,19.4,2.69,343,0.58
2025.116.04:07:00/wx/-4.20,555.1,19.6,2.64,352,0.58
2025.116.04:08:00/wx/-4.20,555.1,19.8,2.99,17,0.56
2025.116.04:09:00/wx/-4.04,555.1,19.6,2.77,389,0.56
2025.116.04:10:00/wx/-4.20,555.1,19.9,2.63,349,0.57
2025.116.04:11:00/wx/-4.28,555.1,20.0,3.37,355,0.56
2025.116.04:12:00/wx/-4.10,555.1,19.0,2.25,352,0.56
2025.116.04:13:00/wx/-4.30,555.1,19.7,2.56,350,0.56
2025.116.04:14:00/wx/-4.30,555.1,19.7,3.36,351,0.56
2025.116.04:15:00/wx/-4.30,555.1,19.3,3.48,343,0.56
2025.116.04:16:00/wx/-4.40,555.1,19.1,3.12,356,0.56
2025.116.04:17:00/wx/-4.10,555.1,19.3,2.21,343,0.56
2025.116.04:18:00/wx/-4.21,555.1,19.2,2.17,359,0.55
2025.116.04:19:00/wx/-4.45,555.1,19.2,1.59,339,0.56
2025.116.04:20:00/wx/-4.30,555.1,19.4,1.96,328,0.56
2025.116.04:21:00/wx/-4.32,555.1,19.3,2.27,344,0.58
2025.116.04:22:00/wx/-4.40,555.1,19.6,1.87,357,0.56
2025.116.04:23:00/wx/-4.51,555.1,19.2,2.18,332,0.56
2025.116.04:24:00/wx/-4.50,555.0,19.2,2.18,354,0.56
2025.116.04:25:00/wx/-4.30,555.0,18.9,2.02,333,0.55
2025.116.04:26:00/wx/-4.00,555.0,18.7,1.86,333,0.55
2025.116.04:27:00/wx/-4.12,555.1,18.8,2.68,337,0.55
2025.116.04:28:00/wx/-4.00,555.0,18.7,1.95,333,0.55
2025.116.04:29:00/wx/-4.14,555.0,18.6,2.54,339,0.55
2025.116.04:30:00/wx/-4.30,555.0,19.4,1.53,320,0.55
2025.116.04:31:00/wx/-4.40,555.0,19.6,1.64,314,0.55
2025.116.04:32:00/wx/-4.32,555.0,19.0,1.75,333,0.55
2025.116.04:33:00/wx/-4.10,555.0,18.6,1.17,333,0.54
2025.116.04:34:00/wx/-4.10,555.0,18.2,2.09,334,0.54
2025.116.04:35:00/wx/-4.10,554.9,17.9,2.63,337,0.54
2025.116.04:36:00/wx/-4.20,555.0,18.7,2.20,329,0.54
2025.116.04:37:00/wx/-4.20,554.9,18.5,1.84,306,0.54
2025.116.04:38:00/wx/-4.20,554.9,18.8,1.53,308,0.54
2025.116.04:39:00/wx/-4.20,554.9,18.7,1.51,324,0.53
2025.116.04:40:00/wx/-4.10,554.9,18.4,1.33,346,0.53
2025.116.04:41:00/wx/-4.00,554.9,18.4,1.68,341,0.53
2025.116.04:42:00/wx/-4.09,554.9,18.0,1.00,315,0.53
2025.116.04:43:00/wx/-4.20,554.9,17.8,0.82,346,0.52
2025.116.04:44:00/wx/-4.20,554.9,17.8,1.01,256,0.52
2025.116.04:45:00/wx/-4.40,554.9,17.6,1.83,321,0.52
2025.116.04:46:00/wx/-4.40,554.9,17.7,1.28,337,0.52
2025.116.04:47:00/wx/-4.40,554.9,17.8,1.10,344,0.52
2025.116.04:48:00/wx/-4.19,554.9,17.9,1.76,317,0.52
2025.116.04:49:00/wx/-4.10,554.9,17.0,2.00,335,0.51
2025.116.04:50:00/wx/-4.00,554.9,16.8,1.73,341,0.51
2025.116.04:51:00/wx/-4.00,554.9,16.7,1.19,342,0.51
2025.116.04:52:00/wx/-4.10,554.8,16.8,1.52,343,0.51
2025.116.04:53:00/wx/-4.10,554.8,16.8,1.88,341,0.50
2025.116.04:54:00/wx/-4.00,554.8,16.7,1.04,250,0.50
2025.116.04:55:00/wx/-3.90,554.8,16.7,1.42,14,0.50
2025.116.04:56:00/wx/-3.80,554.8,16.3,1.26,5,0.50
2025.116.04:57:00/wx/-4.00,554.8,16.6,0.93,315,0.50
2025.116.04:58:00/wx/-3.90,554.8,16.6,0.53,291,0.50
2025.116.04:59:00/wx/-3.90,554.8,16.4,0.91,345,0.50
2025.116.05:00:00/wx/-3.90,554.8,16.2,0.92,20,0.49
2025.116.05:01:00/wx/-3.90,554.8,15.8,0.90,8,0.50
2025.116.05:02:00/wx/-3.90,554.7,15.6,0.81,16,0.50
2025.116.05:03:00/wx/-3.80,554.8,15.0,0.92,295,0.50
2025.116.05:04:00/wx/-3.87,554.8,14.4,0.65,100,0.49
2025.116.05:05:00/wx/-4.10,554.7,14.2,1.51,24,0.49
2025.116.05:06:00/wx/-3.96,554.7,13.5,2.12,17,0.49
2025.116.05:07:00/wx/-3.70,554.7,13.2,2.08,4,0.49
2025.116.05:08:00/wx/-3.60,554.7,12.8,0.77,342,0.49
2025.116.05:09:00/wx/-3.80,554.7,12.9,1.65,13,0.49
2025.116.05:10:00/wx/-3.90,554.8,12.9,1.51,29,0.49
2025.116.05:11:00/wx/-3.95,554.7,13.1,1.59,42,0.49
2025.116.05:12:00/wx/-3.90,554.8,12.9,1.70,13,0.49
2025.116.05:13:00/wx/-3.80,554.8,12.5,0.77,32,0.49
2025.116.05:14:00/wx/-3.88,554.7,12.6,1.20,18,0.49
2025.116.05:15:00/wx/-3.80,554.8,12.4,1.29,22,0.49
2025.116.05:16:00/wx/-3.70,554.7,12.1,0.75,20,0.49
2025.116.05:17:00/wx/-3.60,554.7,11.7,1.60,10,0.48
2025.116.05:18:00/wx/-3.60,554.7,11.3,1.79,32,0.49
2025.116.05:19:00/wx/-3.80,554.7,11.6,2.32,10,0.49
2025.116.05:20:00/wx/-3.69,554.7,11.5,2.64,26,0.49
2025.116.05:21:00/wx/-3.50,554.7,11.5,1.23,321,0.49
2025.116.05:22:00/wx/-3.50,554.7,11.8,1.09,303,0.49
2025.116.05:23:00/wx/-3.57,554.7,11.7,2.62,5,0.49
2025.116.05:24:00/wx/-3.50,554.6,10.9,2.16,72,0.49
2025.116.05:25:00/wx/-3.68,554.6,10.8,3.10,4,0.48
2025.116.05:26:00/wx/-3.45,554.7,10.6,2.10,201,0.48
2025.116.05:27:00/wx/-3.50,554.7,10.5,2.13,332,0.49
2025.116.05:28:00/wx/-3.50,554.7,11.0,1.72,308,0.49
2025.116.05:29:00/wx/-3.60,554.7,11.1,1.50,321,0.49
2025.116.05:30:00/wx/-3.70,554.7,11.1,0.97,37,0.49
2025.116.05:31:00/wx/-3.60,554.7,11.4,1.58,12,0.49
2025.116.05:32:00/wx/-3.60,554.6,11.2,2.40,20,0.49
2025.116.05:33:00/wx/-3.47,554.6,10.6,2.27,16,0.49
2025.116.05:34:00/wx/-3.39,554.6,10.2,1.78,354,0.49
2025.116.05:35:00/wx/-3.60,554.6,10.3,2.58,322,0.49
2025.116.05:36:00/wx/-3.39,554.6,10.7,1.96,22,0.49
2025.116.05:37:00/wx/-3.40,554.6,11.0,2.21,23,0.49
2025.116.05:38:00/wx/-3.50,554.6,11.3,0.49,246,0.48
2025.116.05:39:00/wx/-3.80,554.6,11.6,1.20,332,0.49
2025.116.05:40:00/wx/-3.69,554.6,11.3,3.12,339,0.49
2025.116.05:41:00/wx/-3.50,554.6,10.7,2.48,336,0.49
2025.116.05:42:00/wx/-3.40,554.6,10.9,2.60,335,0.49
2025.116.05:43:00/wx/-3.89,554.6,10.8,2.05,338,0.49
2025.116.05:44:00/wx/-4.10,554.6,11.1,1.70,36,0.49
2025.116.05:45:00/wx/-3.90,554.6,10.9,0.94,308,0.49
2025.116.05:46:00/wx/-3.87,554.5,11.3,0.39,257,0.49
2025.116.05:47:00/wx/-3.80,554.6,11.7,1.54,353,0.49
2025.116.05:48:00/wx/-3.80,554.6,11.6,1.67,332,0.49
2025.116.05:49:00/wx/-3.80,554.5,11.7,2.16,317,0.49
2025.116.05:50:00/wx/-3.70,554.5,12.7,1.80,336,0.49
2025.116.05:51:00/wx/-3.76,554.5,12.9,1.37,293,0.49
2025.116.05:52:00/wx/-4.10,554.5,13.3,1.53,314,0.49
2025.116.05:53:00/wx/-4.10,554.5,12.8,1.51,340,0.49
2025.116.05:54:00/wx/-4.10,554.5,12.4,1.26,310,0.49
2025.116.05:55:00/wx/-4.10,554.5,12.5,1.11,88,0.49
2025.116.05:56:00/wx/-4.10,554.5,12.8,0.54,338,0.49
2025.116.05:57:00/wx/-4.10,554.5,13.5,1.24,301,0.50
2025.116.05:58:00/wx/-4.20,554.5,14.0,1.12,351,0.50
2025.116.05:59:00/wx/-4.20,554.5,13.9,1.44,326,0.50
2025.116.06:00:00/wx/-4.20,554.5,14.2,0.95,316,0.50
2025.116.06:01:00/wx/-4.20,554.5,13.8,1.70,343,0.50
2025.116.06:02:00/wx/-4.10,554.5,13.9,1.60,20,0.50
2025.116.06:03:00/wx/-4.00,554.5,13.4,1.67,7,0.50
2025.116.06:04:00/wx/-4.00,554.5,13.1,2.13,10,0.50
2025.116.06:05:00/wx/-4.03,554.5,13.3,1.49,312,0.50
2025.116.06:06:00/wx/-4.20,554.5,13.6,0.65,236,0.51
2025.116.06:07:00/wx/-4.20,554.5,14.1,0.64,296,0.50
2025.116.06:08:00/wx/-4.30,554.5,14.1,0.60,141,0.51
2025.116.06:09:00/wx/-4.30,554.5,12.9,2.01,14,0.51
2025.116.06:10:00/wx/-4.10,554.5,12.8,1.79,350,0.51
2025.116.06:11:00/wx/-4.30,554.5,13.2,1.08,97,0.51
2025.116.06:12:00/wx/-4.20,554.5,13.1,2.58,347,0.51
2025.116.06:13:00/wx/-4.20,554.5,12.4,2.38,154,0.51
2025.116.06:14:00/wx/-4.10,554.5,12.5,1.40,30,0.51
2025.116.06:15:00/wx/-4.17,554.5,12.8,1.65,114,0.52
2025.116.06:16:00/wx/-4.48,554.5,12.9,0.33,37,0.51
2025.116.06:17:00/wx/-4.68,554.5,13.3,1.40,357,0.51
2025.116.06:18:00/wx/-4.34,554.5,13.8,1.62,342,0.50
2025.116.06:19:00/wx/-4.30,554.5,13.8,0.80,32,0.51
2025.116.06:20:00/wx/-4.20,554.5,13.5,0.27,299,0.50
2025.116.06:21:00/wx/-4.28,554.5,13.3,1.42,350,0.51
2025.116.06:22:00/wx/-4.31,554.5,13.2,1.22,339,0.51
2025.116.06:23:00/wx/-4.40,554.5,13.2,1.17,323,0.51
2025.116.06:24:00/wx/-4.30,554.5,12.9,1.72,357,0.51
2025.116.06:25:00/wx/-4.27,554.4,12.9,2.31,239,0.50
2025.116.06:26:00/wx/-4.00,554.4,12.5,0.81,345,0.50
2025.116.06:27:00/wx/-4.00,554.4,12.5,1.19,12,0.50
2025.116.06:28:00/wx/-4.10,554.4,12.4,1.21,355,0.50
2025.116.06:29:00/wx/-4.20,554.4,12.3,1.23,340,0.50
2025.116.06:30:00/wx/-4.23,554.4,12.5,0.77,222,0.50
2025.116.06:31:00/wx/-4.38,554.4,12.8,1.70,2,0.50
2025.116.06:32:00/wx/-4.39,554.3,12.7,1.50,8,0.50
2025.116.06:33:00/wx/-4.13,554.3,13.1,1.28,19,0.50
2025.116.06:34:00/wx/-4.20,554.3,12.6,1.90,8,0.50
2025.116.06:35:00/wx/-4.30,554.3,12.5,1.14,4,0.50
2025.116.06:36:00/wx/-4.30,554.3,12.9,0.73,9,0.50
2025.116.06:37:00/wx/-4.30,554.3,13.0,1.74,335,0.50
2025.116.06:38:00/wx/-4.24,554.3,13.0,2.51,356,0.51
2025.116.06:39:00/wx/-4.20,554.3,12.9,2.30,25,0.50
2025.116.06:40:00/wx/-4.20,554.3,12.9,2.17,350,0.50
2025.116.06:41:00/wx/-4.10,554.3,12.8,2.17,310,0.51
2025.116.06:42:00/wx/-4.00,554.3,12.8,1.76,345,0.51
2025.116.06:43:00/wx/-3.90,554.3,12.5,1.61,13,0.51
2025.116.06:44:00/wx/-4.50,554.3,12.5,1.83,317,0.50
2025.116.06:45:00/wx/-5.20,554.3,13.4,2.28,332,0.50
2025.116.06:46:00/wx/-4.70,554.3,12.7,2.71,331,0.50
2025.116.06:47:00/wx/-4.58,554.3,12.7,2.01,5,0.50
2025.116.06:48:00/wx/-4.51,554.3,12.8,2.91,292,0.50
2025.116.06:49:00/wx/-4.19,554.3,12.7,1.64,319,0.51
2025.116.06:50:00/wx/-4.20,554.3,13.0,1.53,325,0.51
2025.116.06:51:00/wx/-4.20,554.3,12.7,1.86,353,0.51
2025.116.06:52:00/wx/-4.20,554.3,12.4,2.00,319,0.51
2025.116.06:53:00/wx/-4.10,554.3,12.3,2.47,315,0.51
2025.116.06:54:00/wx/-4.00,554.2,12.3,1.74,296,0.50
2025.116.06:55:00/wx/-4.00,554.2,12.6,1.01,297,0.50
2025.116.06:56:00/wx/-3.90,554.2,12.4,2.05,329,0.50
2025.116.06:57:00/wx/-3.90,554.2,12.2,1.56,281,0.51
2025.116.06:58:00/wx/-4.07,554.2,12.3,1.77,340,0.50
2025.116.06:59:00/wx/-4.10,554.2,11.7,1.33,-7,0.51
2025.116.07:00:00/wx/-4.36,554.2,11.5,1.07,343,0.50
2025.116.07:01:00/wx/-4.39,554.2,11.6,2.11,329,0.51
2025.116.07:02:00/wx/-4.90,554.2,12.0,1.71,305,0.51
2025.116.07:03:00/wx/-4.63,554.2,12.6,1.43,349,0.51
2025.116.07:04:00/wx/-4.41,554.2,12.9,0.44,179,0.50
2025.116.07:05:00/wx/-4.80,554.2,12.5,2.09,348,0.51
2025.116.07:06:00/wx/-4.61,554.2,11.9,1.95,13,0.51
2025.116.07:07:00/wx/-4.47,554.2,12.0,2.72,333,0.51
2025.116.07:08:00/wx/-4.41,554.2,11.7,2.61,335,0.50
2025.116.07:09:00/wx/-4.10,554.2,11.6,2.75,348,0.51
2025.116.07:10:00/wx/-4.10,554.2,12.0,1.30,324,0.51
2025.116.07:11:00/wx/-4.11,554.2,11.9,2.95,34,0.51
2025.116.07:12:00/wx/-4.00,554.2,11.8,1.02,329,0.51
2025.116.07:13:00/wx/-4.00,554.2,12.1,1.53,339,0.51
2025.116.07:14:00/wx/-4.09,554.2,11.8,1.30,353,0.51
2025.116.07:15:00/wx/-4.32,554.2,12.0,2.05,335,0.51
2025.116.07:16:00/wx/-4.10,554.2,11.9,1.43,311,0.51
2025.116.07:17:00/wx/-4.10,554.2,11.8,1.73,311,0.51
2025.116.07:18:00/wx/-4.10,554.2,11.5,1.84,330,0.51
2025.116.07:19:00/wx/-4.10,554.2,11.4,1.93,327,0.51
2025.116.07:20:00/wx/-4.30,554.1,11.5,1.99,321,0.51
2025.116.07:21:00/wx/-4.20,554.1,11.5,1.83,305,0.51
2025.116.07:22:00/wx/-4.10,554.1,11.9,1.21,302,0.51
2025.116.07:23:00/wx/-4.11,554.1,12.4,1.27,24,0.51
2025.116.07:24:00/wx/-4.10,554.1,12.0,1.06,337,0.50
2025.116.07:25:00/wx/-4.00,554.1,11.5,1.68,341,0.50
2025.116.07:26:00/wx/-3.90,554.1,11.4,2.54,356,0.51
2025.116.07:27:00/wx/-3.85,554.1,11.3,1.76,347,0.51
2025.116.07:28:00/wx/-3.99,554.1,11.9,2.03,37,0.51
2025.116.07:29:00/wx/-4.00,554.1,12.1,1.73,341,0.51
2025.116.07:30:00/wx/-4.00,554.1,11.9,1.00,337,0.50
2025.116.07:31:00/wx/-4.00,554.1,11.8,1.03,337,0.50
2025.116.07:32:00/wx/-4.10,554.1,11.8,1.99,312,0.51
2025.116.07:33:00/wx/-4.20,554.1,12.2,1.73,282,0.51
2025.116.07:34:00/wx/-4.43,554.1,12.3,1.84,293,0.51
2025.116.07:35:00/wx/-4.50,554.1,12.2,1.95,322,0.51
2025.116.07:36:00/wx/-4.20,554.1,11.8,2.63,-9,0.51
2025.116.07:37:00/wx/-4.10,554.1,11.8,2.02,19,0.51
2025.116.07:38:00/wx/-4.00,554.1,11.7,1.49,4,0.51
2025.116.07:39:00/wx/-4.12,554.1,11.4,1.47,71,0.52
2025.116.07:40:00/wx/-4.27,554.1,11.2,1.06,324,0.52
2025.116.07:41:00/wx/-4.20,554.1,11.8,1.64,334,0.53
2025.116.07:42:00/wx/-4.20,554.2,11.8,1.68,326,0.53
2025.116.07:43:00/wx/-4.20,554.1,12.4,1.95,331,0.53
2025.116.07:44:00/wx/-4.12,554.1,12.7,2.06,311,0.52
2025.116.07:45:00/wx/-4.40,554.1,12.8,1.85,300,0.52
2025.116.07:46:00/wx/-4.30,554.1,13.0,1.14,319,0.52
2025.116.07:47:00/wx/-4.30,554.1,12.9,2.24,310,0.51
2025.116.07:48:00/wx/-4.30,554.1,12.5,2.54,319,0.51
2025.116.07:49:00/wx/-4.32,554.1,12.2,3.08,323,0.52
2025.116.07:50:00/wx/-4.30,554.1,12.8,2.57,309,0.52
2025.116.07:51:00/wx/-4.30,554.1,12.5,1.04,323,0.52
2025.116.07:52:00/wx/-4.34,554.1,12.5,1.72,327,0.52
2025.116.07:53:00/wx/-4.40,554.1,13.3,1.87,299,0.52
2025.116.07:54:00/wx/-4.61,554.1,13.7,2.08,316,0.52
2025.116.07:55:00/wx/-4.50,554.1,13.9,1.67,321,0.52
2025.116.07:56:00/wx/-4.60,554.1,13.4,2.06,306,0.54
2025.116.07:57:00/wx/-4.75,554.1,14.0,2.54,333,0.55
2025.116.07:58:00/wx/-4.70,554.1,14.3,2.31,320,0.55
2025.116.07:59:00/wx/-4.68,554.1,14.5,2.52,329,0.55
2025.116.08:00:00/wx/-4.60,554.1,14.7,2.44,323,0.56
2025.116.08:01:00/wx/-4.50,554.1,14.7,2.09,337,0.56
2025.116.08:02:00/wx/-4.50,554.1,14.6,2.40,320,0.56
2025.116.08:03:00/wx/-4.50,554.1,15.3,0.82,315,0.55
2025.116.08:04:00/wx/-4.40,554.1,15.0,1.35,347,0.55
2025.116.08:05:00/wx/-4.50,554.1,14.9,1.96,341,0.56
2025.116.08:06:00/wx/-4.59,554.1,15.1,2.69,337,0.55
2025.116.08:07:00/wx/-4.56,554.1,14.6,2.03,342,0.55
2025.116.08:08:00/wx/-4.70,554.1,14.8,2.26,321,0.56
2025.116.08:09:00/wx/-4.60,554.1,15.4,2.01,339,0.56
2025.116.08:10:00/wx/-4.90,554.1,15.2,2.13,313,0.57
2025.116.08:11:00/wx/-5.00,554.1,15.6,2.03,311,0.58
2025.116.08:12:00/wx/-5.20,554.1,16.1,1.65,306,0.58
2025.116.08:13:00/wx/-5.10,554.2,16.3,1.83,319,0.57
2025.116.08:14:00/wx/-5.10,554.2,16.6,1.78,306,0.58
2025.116.08:15:00/wx/-5.10,554.2,16.9,1.49,329,0.58
2025.116.08:16:00/wx/-5.10,554.1,17.3,2.52,332,0.58
2025.116.08:17:00/wx/-5.10,554.2,17.4,1.78,342,0.58
2025.116.08:18:00/wx/-5.20,554.1,17.4,1.23,297,0.58
2025.116.08:19:00/wx/-5.20,554.2,17.5,1.61,332,0.58
2025.116.08:20:00/wx/-5.10,554.1,17.4,2.57,338,0.59
2025.116.08:21:00/wx/-4.99,554.1,16.7,2.82,315,0.59
2025.116.08:22:00/wx/-4.80,554.1,16.9,2.50,343,0.58
2025.116.08:23:00/wx/-4.90,554.1,16.5,2.44,7,0.59
2025.116.08:24:00/wx/-4.96,554.1,16.4,1.88,340,0.59
2025.116.08:25:00/wx/-5.00,554.1,16.4,2.44,354,0.59
2025.116.08:26:00/wx/-5.20,554.1,16.3,1.98,328,0.60
2025.116.08:27:00/wx/-5.20,554.1,16.7,2.34,348,0.60
2025.116.08:28:00/wx/-5.00,554.1,17.2,2.04,7,0.61
2025.116.08:29:00/wx/-5.19,554.1,17.1,1.61,345,0.60
2025.116.08:30:00/wx/-5.60,554.1,17.5,2.52,346,0.60
2025.116.08:31:00/wx/-5.40,554.1,17.7,1.71,328,0.60
2025.116.08:32:00/wx/-5.23,554.0,17.9,2.35,331,0.61
2025.116.08:33:00/wx/-5.30,554.0,17.5,2.41,357,0.61
2025.116.08:34:00/wx/-5.20,554.0,17.6,1.48,350,0.61
2025.116.08:35:00/wx/-5.01,554.0,18.1,2.05,324,0.60
2025.116.08:36:00/wx/-5.10,554.0,17.7,2.05,289,0.61
2025.116.08:37:00/wx/-5.00,554.0,18.0,1.56,138,0.61
2025.116.08:38:00/wx/-5.31,554.0,18.1,2.43,324,0.60
2025.116.08:39:00/wx/-5.25,554.0,17.7,2.21,315,0.60
2025.116.08:40:00/wx/-5.30,554.0,17.9,2.22,316,0.60
2025.116.08:41:00/wx/-5.53,554.0,18.8,2.41,310,0.60
2025.116.08:42:00/wx/-5.50,553.9,18.5,1.55,334,0.60
2025.116.08:43:00/wx/-5.30,553.9,18.5,1.69,357,0.59
2025.116.08:44:00/wx/-5.20,553.9,18.8,1.63,342,0.58
2025.116.08:45:00/wx/-5.30,553.9,18.8,1.94,341,0.58
2025.116.08:46:00/wx/-5.30,553.9,18.8,2.38,359,0.58
2025.116.08:47:00/wx/-5.20,553.9,18.7,1.71,348,0.57
2025.116.08:48:00/wx/-5.30,553.9,18.7,1.79,3,0.57
2025.116.08:49:00/wx/-5.20,553.9,18.6,1.60,2,0.57
2025.116.08:50:00/wx/-5.20,553.9,18.7,1.54,344,0.57
2025.116.08:51:00/wx/-5.30,553.9,18.8,2.06,258,0.57
2025.116.08:52:00/wx/-5.12,554.0,18.4,1.87,56,0.57
2025.116.08:53:00/wx/-5.31,553.9,18.4,2.49,11,0.57
2025.116.08:54:00/wx/-5.40,554.0,18.4,2.23,155,0.58
2025.116.08:55:00/wx/-5.30,554.0,17.6,3.24,336,0.57
2025.116.08:56:00/wx/-5.40,554.0,17.0,2.14,73,0.56
2025.116.08:57:00/wx/-5.50,554.0,16.6,2.21,358,0.56
2025.116.08:58:00/wx/-5.40,554.0,16.5,2.58,16,0.56
2025.116.08:59:00/wx/-5.50,553.9,16.3,2.30,3,0.56
2025.116.09:00:00/wx/-5.60,553.9,16.7,2.32,8,0.56
2025.116.09:01:00/wx/-6.03,554.0,17.0,2.42,341,0.56
2025.116.09:02:00/wx/-5.93,554.0,17.2,3.20,390,0.55
2025.116.09:03:00/wx/-5.60,554.0,16.6,2.49,6,0.55
2025.116.09:04:00/wx/-6.04,554.0,17.3,2.93,354,0.55
2025.116.09:05:00/wx/-6.19,553.9,17.6,2.43,359,0.55
2025.116.09:06:00/wx/-6.33,553.9,17.5,1.97,385,0.55
2025.116.09:07:00/wx/-5.60,553.9,15.9,1.30,270,0.54
2025.116.09:08:00/wx/-5.70,553.9,15.7,1.47,341,0.55
2025.116.09:09:00/wx/-6.01,553.9,16.0,2.32,348,0.55
2025.116.09:10:00/wx/-5.81,554.0,15.7,2.25,11,0.55
2025.116.09:11:00/wx/-5.70,554.0,15.4,1.46,234,0.55
2025.116.09:12:00/wx/-5.72,554.0,15.3,1.74,344,0.55
2025.116.09:13:00/wx/-5.81,553.9,15.0,2.51,353,0.55
2025.116.09:14:00/wx/-5.39,553.9,14.3,1.69,343,0.55
2025.116.09:15:00/wx/-5.41,553.9,14.1,2.42,345,0.54
2025.116.09:16:00/wx/-5.30,553.9,14.1,1.79,117,0.54
2025.116.09:17:00/wx/-5.20,553.9,13.8,2.16,389,0.54
2025.116.09:18:00/wx/-5.30,553.9,13.8,1.84,-21,0.54
2025.116.09:19:00/wx/-5.10,553.9,13.5,1.25,9,0.54
2025.116.09:20:00/wx/-5.20,553.9,13.6,1.24,344,0.54
2025.116.09:21:00/wx/-5.33,553.9,13.7,1.42,119,0.55
2025.116.09:22:00/wx/-5.30,553.9,13.5,1.11,38,0.54
2025.116.09:23:00/wx/-5.20,553.9,13.3,0.82,27,0.54
2025.116.09:24:00/wx/-5.36,553.9,13.4,0.75,27,0.54
2025.116.09:25:00/wx/-5.50,553.9,13.6,1.00,33,0.54
2025.116.09:26:00/wx/-5.50,553.8,13.5,1.16,25,0.54
2025.116.09:27:00/wx/-5.40,553.8,13.3,1.41,34,0.54
2025.116.09:28:00/wx/-5.62,553.9,13.5,0.88,306,0.53
2025.116.09:29:00/wx/-6.00,553.9,13.8,0.59,53,0.53
2025.116.09:30:00/wx/-5.90,553.9,13.8,0.80,35,0.53
2025.116.09:31:00/wx/-6.05,553.9,13.9,0.33,378,0.53
2025.116.09:32:00/wx/-6.31,553.9,14.2,1.88,26,0.54
2025.116.09:33:00/wx/-5.78,553.9,13.4,1.62,46,0.54
2025.116.09:34:00/wx/-5.23,553.9,12.5,1.71,268,0.54
2025.116.09:35:00/wx/-5.10,553.9,12.4,2.02,345,0.54
2025.116.09:36:00/wx/-4.90,553.9,12.4,1.95,305,0.54
2025.116.09:37:00/wx/-4.90,553.9,12.2,0.90,311,0.55
2025.116.09:38:00/wx/-4.90,553.9,12.0,2.04,314,0.55
2025.116.09:39:00/wx/-4.89,553.9,11.8,1.26,326,0.55
2025.116.09:40:00/wx/-5.10,553.9,12.0,1.84,336,0.55
2025.116.09:41:00/wx/-5.19,553.9,12.0,2.07,338,0.55
2025.116.09:42:00/wx/-5.49,553.9,12.4,2.02,327,0.55
2025.116.09:43:00/wx/-5.78,553.9,12.9,2.05,343,0.56
2025.116.09:44:00/wx/-5.53,553.9,12.4,3.04,336,0.55
2025.116.09:45:00/wx/-5.20,553.9,11.7,1.15,238,0.55
2025.116.09:46:00/wx/-5.14,553.9,11.6,1.38,335,0.55
2025.116.09:47:00/wx/-5.10,553.9,11.4,1.16,317,0.55
2025.116.09:48:00/wx/-5.20,553.9,11.6,1.13,327,0.55
2025.116.09:49:00/wx/-5.10,553.9,11.4,1.32,21,0.55
2025.116.09:50:00/wx/-5.10,553.9,11.4,1.20,39,0.55
2025.116.09:51:00/wx/-5.10,553.9,11.3,0.64,333,0.55
2025.116.09:52:00/wx/-5.10,553.9,11.3,1.74,353,0.55
2025.116.09:53:00/wx/-5.20,553.9,11.2,1.21,308,0.55
2025.116.09:54:00/wx/-5.30,553.8,11.3,1.56,65,0.55
2025.116.09:55:00/wx/-5.10,553.9,11.1,0.94,360,0.55
2025.116.09:56:00/wx/-5.10,553.8,11.1,1.11,-0,0.55
2025.116.09:57:00/wx/-5.10,553.9,11.0,0.73,333,0.54
2025.116.09:58:00/wx/-5.20,553.9,11.1,0.70,329,0.54
2025.116.09:59:00/wx/-5.30,553.8,11.4,1.02,10,0.54
2025.116.10:00:00/wx/-5.21,553.8,11.2,1.61,8,0.54
2025.116.10:01:00/wx/-5.40,553.8,11.3,1.15,61,0.54
2025.116.10:02:00/wx/-5.30,553.8,11.3,0.91,67,0.54
2025.116.10:03:00/wx/-5.27,553.8,11.2,1.50,40,0.53
2025.116.10:04:00/wx/-5.11,553.8,10.9,1.08,24,0.54
2025.116.10:05:00/wx/-5.10,553.9,10.9,1.80,3,0.54
2025.116.10:06:00/wx/-5.00,553.9,10.8,1.23,344,0.54
2025.116.10:07:00/wx/-5.10,553.9,11.0,1.84,352,0.54
2025.116.10:08:00/wx/-5.20,553.9,10.9,1.81,200,0.54
2025.116.10:09:00/wx/-5.40,553.9,11.4,1.54,10,0.53
2025.116.10:10:00/wx/-5.30,553.9,11.4,1.20,10,0.53
2025.116.10:11:00/wx/-5.40,553.9,11.3,1.20,23,0.53
2025.116.10:12:00/wx/-5.40,553.9,11.3,0.20,25,0.53
2025.116.10:13:00/wx/-5.40,553.9,11.2,1.15,350,0.53
2025.116.10:14:00/wx/-5.40,553.8,11.1,1.12,21,0.53
2025.116.10:15:00/wx/-5.30,553.9,11.0,0.61,37,0.53
2025.116.10:16:00/wx/-5.30,553.9,11.0,0.47,2,0.54
2025.116.10:17:00/wx/-5.30,553.9,11.1,0.33,229,0.53
2025.116.10:18:00/wx/-5.30,553.9,11.0,0.60,218,0.53
2025.116.10:19:00/wx/-5.30,554.0,10.9,0.52,222,0.53
2025.116.10:20:00/wx/-5.48,554.0,11.0,0.64,169,0.53
2025.116.10:21:00/wx/-5.40,554.0,11.0,0.65,173,0.53
2025.116.10:22:00/wx/-5.40,554.0,11.1,0.52,169,0.52
2025.116.10:23:00/wx/-5.44,554.0,11.2,0.33,47,0.53
2025.116.10:24:00/wx/-5.40,554.0,11.1,0.42,48,0.53
2025.116.10:25:00/wx/-5.50,554.0,11.1,0.96,75,0.53
2025.116.10:26:00/wx/-5.40,554.0,11.0,1.14,26,0.53
2025.116.10:27:00/wx/-5.30,554.0,10.8,0.70,52,0.52
2025.116.10:28:00/wx/-5.36,554.0,10.9,0.40,56,0.53
2025.116.10:29:00/wx/-5.30,554.0,11.0,1.00,44,0.53
2025.116.10:30:00/wx/-5.19,554.0,10.9,0.97,48,0.53
2025.116.10:31:00/wx/-5.20,554.0,10.8,1.46,53,0.53
2025.116.10:32:00/wx/-5.20,554.0,10.7,1.30,54,0.53
2025.116.10:33:00/wx/-5.05,554.0,10.7,1.00,117,0.53
2025.116.10:34:00/wx/-5.20,554.0,10.8,0.11,56,0.53
2025.116.10:35:00/wx/-5.10,554.0,10.9,0.69,85,0.53
2025.116.10:36:00/wx/-5.28,554.0,10.9,0.28,56,0.53
2025.116.10:37:00/wx/-5.30,554.0,11.0,0.70,85,0.52
2025.116.10:38:00/wx/-5.40,554.0,10.9,0.60,49,0.52
2025.116.10:39:00/wx/-5.30,554.0,10.9,0.89,94,0.52
2025.116.10:40:00/wx/-5.40,554.0,11.0,1.08,66,0.52
2025.116.10:41:00/wx/-5.32,554.0,11.1,1.22,47,0.53
2025.116.10:42:00/wx/-5.30,554.0,11.3,1.33,107,0.53
2025.116.10:43:00/wx/-5.30,554.0,11.1,1.55,80,0.52
2025.116.10:44:00/wx/-5.10,554.0,10.5,1.81,87,0.52
2025.116.10:45:00/wx/-5.00,554.0,10.3,0.62,47,0.52
2025.116.10:46:00/wx/-5.10,554.0,10.4,0.94,110,0.52
2025.116.10:47:00/wx/-5.20,554.0,10.5,0.63,122,0.52
2025.116.10:48:00/wx/-5.30,554.0,10.4,1.37,76,0.52
2025.116.10:49:00/wx/-5.20,554.1,10.4,1.61,65,0.52
2025.116.10:50:00/wx/-5.10,554.1,10.4,1.39,67,0.52
2025.116.10:51:00/wx/-5.10,554.1,10.5,1.31,68,0.52
2025.116.10:52:00/wx/-5.09,554.1,10.5,1.49,90,0.52
2025.116.10:53:00/wx/-5.00,554.1,10.4,1.38,66,0.52
2025.116.10:54:00/wx/-5.00,554.1,10.6,1.61,75,0.52
2025.116.10:55:00/wx/-4.80,554.1,10.1,1.45,75,0.52
2025.116.10:56:00/wx/-4.81,554.1,10.3,1.22,86,0.52
2025.116.10:57:00/wx/-4.81,554.1,10.1,1.22,86,0.52
2025.116.10:58:00/wx/-4.87,554.1,10.0,1.35,95,0.52
2025.116.10:59:00/wx/-4.89,554.1,9.8,1.51,81,0.52
2025.116.11:00:00/wx/-4.80,554.2,9.7,1.35,77,0.52
2025.116.11:01:00/wx/-4.80,554.2,9.8,1.41,72,0.52
2025.116.11:02:00/wx/-4.70,554.2,9.8,1.44,65,0.52
2025.116.11:03:00/wx/-4.60,554.2,9.8,1.59,75,0.52
2025.116.11:04:00/wx/-4.50,554.2,9.8,1.51,76,0.52
2025.116.11:05:00/wx/-4.50,554.2,9.8,1.35,74,0.52
2025.116.11:06:00/wx/-4.40,554.2,9.7,1.12,56,0.52
2025.116.11:07:00/wx/-4.40,554.2,9.6,1.37,58,0.52
2025.116.11:08:00/wx/-4.50,554.2,10.0,1.11,61,0.51
2025.116.11:09:00/wx/-4.50,554.2,10.1,0.90,85,0.51
2025.116.11:10:00/wx/-4.60,554.2,10.1,1.12,95,0.51
2025.116.11:11:00/wx/-4.50,554.2,9.9,1.41,91,0.51
2025.116.11:12:00/wx/-4.50,554.2,9.8,1.11,44,0.51
2025.116.11:13:00/wx/-4.50,554.2,9.9,0.61,62,0.52
2025.116.11:14:00/wx/-4.50,554.2,9.8,0.79,73,0.51
2025.116.11:15:00/wx/-4.40,554.2,9.8,0.38,94,0.51
2025.116.11:16:00/wx/-4.40,554.2,9.7,0.73,62,0.51
2025.116.11:17:00/wx/-4.30,554.2,9.6,1.06,42,0.51
2025.116.11:18:00/wx/-4.20,554.2,9.4,0.83,58,0.51
2025.116.11:19:00/wx/-4.20,554.2,9.4,0.82,71,0.51
2025.116.11:20:00/wx/-4.14,554.2,9.4,1.00,45,0.51
2025.116.11:21:00/wx/-4.10,554.2,9.4,0.90,46,0.51
2025.116.11:22:00/wx/-4.10,554.2,9.3,0.77,49,0.51
2025.116.11:23:00/wx/-4.10,554.2,9.3,1.00,58,0.51
2025.116.11:24:00/wx/-4.10,554.2,9.2,1.00,49,0.51
2025.116.11:25:00/wx/-4.00,554.3,9.1,1.36,63,0.51
2025.116.11:26:00/wx/-3.90,554.2,9.0,1.41,58,0.51
2025.116.11:27:00/wx/-3.90,554.2,8.9,1.08,78,0.51
2025.116.11:28:00/wx/-3.91,554.2,8.9,1.41,69,0.51
2025.116.11:29:00/wx/-3.80,554.2,8.8,1.08,64,0.51
2025.116.11:30:00/wx/-3.70,554.3,8.8,1.26,66,0.51
2025.116.11:31:00/wx/-3.70,554.3,8.6,1.01,73,0.51
2025.116.11:32:00/wx/-3.67,554.3,8.6,1.17,95,0.51
2025.116.11:33:00/wx/-3.60,554.3,8.5,1.42,75,0.51
2025.116.11:34:00/wx/-3.50,554.3,8.6,1.34,83,0.51
2025.116.11:35:00/wx/-3.50,554.3,8.4,1.27,62,0.51
2025.116.11:36:00/wx/-3.40,554.3,8.3,1.11,68,0.51
2025.116.11:37:00/wx/-3.40,554.3,8.2,1.41,78,0.51
2025.116.11:38:00/wx/-3.30,554.3,8.1,1.21,80,0.51
2025.116.11:39:00/wx/-3.29,554.3,8.1,1.22,65,0.52
2025.116.11:40:00/wx/-3.20,554.3,8.1,1.24,62,0.51
2025.116.11:41:00/wx/-3.20,554.3,8.0,1.21,69,0.51
2025.116.11:42:00/wx/-3.10,554.4,7.9,1.35,70,0.51
2025.116.11:43:00/wx/-3.00,554.3,7.7,1.10,65,0.51
2025.116.11:44:00/wx/-2.90,554.3,7.5,1.22,58,0.51
2025.116.11:45:00/wx/-2.90,554.4,7.3,1.22,56,0.51
2025.116.11:46:00/wx/-2.80,554.4,7.2,1.01,54,0.51
2025.116.11:47:00/wx/-2.70,554.4,7.1,1.26,56,0.51
2025.116.11:48:00/wx/-2.70,554.4,7.0,1.19,66,0.51
2025.116.11:49:00/wx/-2.60,554.4,6.9,1.13,76,0.51
2025.116.11:50:00/wx/-2.60,554.4,6.8,1.17,65,0.51
2025.116.11:51:00/wx/-2.50,554.4,6.6,1.51,92,0.51
2025.116.11:52:00/wx/-2.40,554.4,6.5,1.31,91,0.51
2025.116.11:53:00/wx/-2.40,554.4,6.5,1.31,81,0.51
2025.116.11:54:00/wx/-2.30,554.4,6.5,1.42,80,0.51
2025.116.11:55:00/wx/-2.20,554.4,6.4,1.44,85,0.51
2025.116.11:56:00/wx/-2.20,554.5,6.2,1.41,84,0.51
2025.116.11:57:00/wx/-2.10,554.4,6.2,1.46,92,0.51
2025.116.11:58:00/wx/-1.90,554.5,6.2,1.51,92,0.51
2025.116.11:59:00/wx/-1.70,554.5,6.0,1.68,95,0.51
2025.116.12:00:00/wx/-1.60,554.5,5.8,1.44,111,0.50
2025.116.12:01:00/wx/-1.70,554.5,6.2,1.45,98,0.50
2025.116.12:02:00/wx/-1.70,554.5,6.3,1.81,107,0.50
2025.116.12:03:00/wx/-1.90,554.5,6.7,1.60,112,0.50
2025.116.12:04:00/wx/-1.90,554.5,6.7,1.29,121,0.50
2025.116.12:05:00/wx/-1.90,554.5,6.4,2.29,106,0.50
2025.116.12:06:00/wx/-2.00,554.5,6.3,1.19,118,0.51
2025.116.12:07:00/wx/-2.00,554.5,6.5,1.60,129,0.51
2025.116.12:08:00/wx/-2.00,554.5,6.1,1.71,126,0.51
2025.116.12:09:00/wx/-2.20,554.5,6.5,2.36,103,0.51
2025.116.12:10:00/wx/-2.40,554.5,7.0,2.15,110,0.51
2025.116.12:11:00/wx/-2.41,554.5,7.2,2.26,103,0.51
2025.116.12:12:00/wx/-2.39,554.5,7.2,2.12,111,0.51
2025.116.12:13:00/wx/-2.40,554.5,7.1,2.21,103,0.51
2025.116.12:14:00/wx/-2.40,554.5,6.9,2.08,103,0.51
2025.116.12:15:00/wx/-2.31,554.5,7.0,2.90,108,0.51
2025.116.12:16:00/wx/-2.29,554.5,6.7,2.68,99,0.51
2025.116.12:17:00/wx/-2.30,554.5,6.9,2.81,106,0.50
2025.116.12:18:00/wx/-2.20,554.5,7.0,2.81,96,0.52
2025.116.12:19:00/wx/-2.16,554.5,6.9,2.54,99,0.52
2025.116.12:20:00/wx/-2.00,554.5,7.0,1.97,104,0.52
2025.116.12:21:00/wx/-1.90,554.5,6.8,2.17,108,0.52
2025.116.12:22:00/wx/-1.90,554.5,7.0,2.39,99,0.52
2025.116.12:23:00/wx/-1.70,554.5,6.8,2.31,100,0.52
2025.116.12:24:00/wx/-1.50,554.5,6.5,2.12,102,0.52
2025.116.12:25:00/wx/-1.50,554.5,6.8,2.40,105,0.52
2025.116.12:26:00/wx/-1.48,554.5,6.7,2.20,99,0.52
2025.116.12:27:00/wx/-1.30,554.5,6.3,2.05,106,0.51
2025.116.12:28:00/wx/-1.30,554.5,6.4,2.11,106,0.51
2025.116.12:29:00/wx/-1.30,554.5,6.4,2.02,101,0.52
2025.116.12:30:00/wx/-1.10,554.5,6.5,2.01,103,0.52
2025.116.12:31:00/wx/-1.10,554.5,6.4,2.00,101,0.52
2025.116.12:32:00/wx/-1.00,554.5,6.2,1.80,105,0.52
2025.116.12:33:00/wx/-1.00,554.5,6.6,1.41,111,0.52
2025.116.12:34:00/wx/-1.10,554.5,6.7,1.41,119,0.52
2025.116.12:35:00/wx/-0.91,554.5,6.3,1.37,102,0.52
2025.116.12:36:00/wx/-0.59,554.5,5.8,1.54,95,0.52
2025.116.12:37:00/wx/-0.40,554.6,5.3,1.51,98,0.50
2025.116.12:38:00/wx/-0.20,554.6,5.2,1.91,87,0.50
2025.116.12:39:00/wx/0.00,554.6,4.9,1.86,95,0.50
2025.116.12:40:00/wx/0.20,554.6,5.0,1.92,96,0.50
2025.116.12:41:00/wx/0.10,554.6,5.4,1.88,92,0.50
2025.116.12:42:00/wx/0.12,554.6,5.0,1.92,90,0.51
2025.116.12:43:00/wx/-0.11,554.6,5.5,2.10,98,0.51
2025.116.12:44:00/wx/-0.10,554.6,5.3,1.73,93,0.51
2025.116.12:45:00/wx/-0.10,554.6,5.1,1.72,96,0.51
2025.116.12:46:00/wx/-0.10,554.6,5.1,1.72,102,0.51
2025.116.12:47:00/wx/-0.10,554.6,5.1,1.74,92,0.51
2025.116.12:48:00/wx/0.00,554.6,5.1,1.71,89,0.51
2025.116.12:49:00/wx/0.10,554.6,5.2,1.71,94,0.51
2025.116.12:50:00/wx/-0.09,554.6,5.1,1.63,106,0.51
2025.116.12:51:00/wx/-0.03,554.6,5.5,1.70,75,0.51
2025.116.12:52:00/wx/-0.17,554.6,5.0,1.53,79,0.51
2025.116.12:53:00/wx/-0.40,554.7,5.2,1.53,81,0.51
2025.116.12:54:00/wx/-0.24,554.7,5.1,1.35,71,0.51
2025.116.12:55:00/wx/-0.30,554.7,5.4,1.21,66,0.52
2025.116.12:56:00/wx/-0.30,554.7,5.6,0.94,68,0.51
2025.116.12:57:00/wx/-0.20,554.7,5.5,1.39,76,0.51
2025.116.12:58:00/wx/0.11,554.7,5.2,0.87,93,0.51
2025.116.12:59:00/wx/0.46,554.7,5.3,0.65,59,0.52
2025.116.13:00:00/wx/0.60,554.7,5.1,0.61,46,0.52
2025.116.13:01:00/wx/1.04,554.7,5.1,0.82,47,0.52
2025.116.13:02:00/wx/1.28,554.7,5.0,0.50,36,0.52
2025.116.13:03:00/wx/1.71,554.7,4.9,0.21,54,0.52
2025.116.13:04:00/wx/1.87,554.7,4.7,0.47,64,0.52
2025.116.13:05:00/wx/1.80,554.8,4.3,0.60,50,0.52
2025.116.13:06:00/wx/1.60,554.7,4.0,0.60,17,0.52
2025.116.13:07:00/wx/1.40,554.7,4.0,0.62,303,0.52
2025.116.13:08:00/wx/1.60,554.8,4.2,0.40,7,0.52
2025.116.13:09:00/wx/1.44,554.7,4.5,0.88,117,0.52
2025.116.13:10:00/wx/1.20,554.7,4.7,0.80,11,0.52
2025.116.13:11:00/wx/0.96,554.7,4.7,0.67,8,0.52
2025.116.13:12:00/wx/0.71,554.7,5.0,0.70,31,0.52
2025.116.13:13:00/wx/0.60,554.8,4.9,0.81,21,0.52
2025.116.13:14:00/wx/0.40,554.8,5.2,0.87,235,0.52
2025.116.13:15:00/wx/0.50,554.8,4.9,0.70,5,0.52
2025.116.13:16:00/wx/0.50,554.8,4.6,1.00,13,0.52
2025.116.13:17:00/wx/0.40,554.7,4.8,1.11,12,0.52
2025.116.13:18:00/wx/0.60,554.7,4.7,0.86,10,0.52
2025.116.13:19:00/wx/0.78,554.7,4.4,0.80,13,0.52
2025.116.13:20:00/wx/0.70,554.8,4.4,1.20,19,0.52
2025.116.13:21:00/wx/0.54,554.8,5.2,1.20,31,0.53
2025.116.13:22:00/wx/0.50,554.8,5.8,1.20,32,0.53
2025.116.13:23:00/wx/0.50,554.7,5.2,1.10,30,0.53
2025.116.13:24:00/wx/0.50,554.7,5.0,0.99,27,0.53
2025.116.13:25:00/wx/0.49,554.8,5.1,1.29,29,0.53
2025.116.13:26:00/wx/0.50,554.8,4.9,1.05,39,0.53
2025.116.13:27:00/wx/0.60,554.8,4.8,1.00,24,0.53
2025.116.13:28:00/wx/0.50,554.8,5.0,1.10,23,0.53
2025.116.13:29:00/wx/0.60,554.8,4.6,0.74,14,0.53
2025.116.13:30:00/wx/0.90,554.8,4.4,0.64,27,0.53
2025.116.13:31:00/wx/0.90,554.8,4.3,0.95,33,0.53
2025.116.13:32:00/wx/0.80,554.8,5.8,1.21,52,0.53
2025.116.13:33:00/wx/0.70,554.8,6.7,1.13,56,0.53
2025.116.13:34:00/wx/0.90,554.8,5.7,1.11,64,0.53
2025.116.13:35:00/wx/1.01,554.8,5.0,1.01,66,0.54
2025.116.13:36:00/wx/1.20,554.8,5.7,1.21,53,0.54
2025.116.13:37:00/wx/1.20,554.8,5.4,1.21,49,0.54
2025.116.13:38:00/wx/1.30,554.8,5.0,1.01,56,0.54
2025.116.13:39:00/wx/1.30,554.8,4.8,1.02,64,0.54
2025.116.13:40:00/wx/1.30,554.8,4.5,1.19,79,0.54
2025.116.13:41:00/wx/1.40,554.8,4.9,0.28,40,0.54
2025.116.13:42:00/wx/1.71,554.8,4.9,0.32,90,0.54
2025.116.13:43:00/wx/2.21,554.8,5.9,0.97,78,0.54
2025.116.13:44:00/wx/1.90,554.8,4.7,0.82,44,0.54
2025.116.13:45:00/wx/1.67,554.8,4.7,0.95,79,0.54
2025.116.13:46:00/wx/1.50,554.8,4.9,0.51,65,0.54
2025.116.13:47:00/wx/1.60,554.8,4.6,1.12,43,0.47
2025.116.13:48:00/wx/1.50,554.8,4.6,0.96,52,0.48
2025.116.13:49:00/wx/1.60,554.8,4.5,1.02,78,0.48
2025.116.13:50:00/wx/1.95,554.8,4.7,0.65,114,0.49
2025.116.13:51:00/wx/2.41,554.9,4.9,1.06,46,0.48
2025.116.13:52:00/wx/2.40,554.9,6.3,0.92,134,0.48
2025.116.13:53:00/wx/2.40,554.9,8.5,0.59,170,0.49
2025.116.13:54:00/wx/2.59,554.9,6.4,0.22,101,0.48
2025.116.13:55:00/wx/2.80,554.9,5.3,0.84,73,0.48
2025.116.13:56:00/wx/2.67,554.9,4.9,0.62,136,0.48
2025.116.13:57:00/wx/3.31,554.9,4.4,0.58,138,0.48
2025.116.13:58:00/wx/3.35,554.9,3.9,0.74,203,0.49
2025.116.13:59:00/wx/3.00,554.9,3.7,0.42,181,0.49
2025.116.14:00:00/wx/3.71,554.9,4.7,0.68,79,0.49
2025.116.14:01:00/wx/3.90,554.9,4.5,0.62,73,0.49
2025.116.14:02:00/wx/3.50,554.9,4.3,0.57,87,0.49
2025.116.14:03:00/wx/4.16,554.9,4.1,0.46,43,0.49
2025.116.14:04:00/wx/4.50,554.9,4.2,0.11,47,0.49
2025.116.14:05:00/wx/5.31,554.9,4.0,0.47,321,0.49
2025.116.14:06:00/wx/5.50,554.9,3.2,0.62,-18,0.49
2025.116.14:07:00/wx/5.22,554.9,4.0,0.43,324,0.49
2025.116.14:08:00/wx/4.96,554.9,3.9,0.45,167,0.49
2025.116.14:09:00/wx/5.30,554.9,3.3,0.30,341,0.50
2025.116.14:10:00/wx/5.77,554.9,3.1,0.57,213,0.50
2025.116.14:11:00/wx/5.12,554.9,3.0,0.46,180,0.50
2025.116.14:12:00/wx/4.68,554.9,3.0,0.43,208,0.50
2025.116.14:13:00/wx/4.40,554.9,3.0,0.41,194,0.50
2025.116.14:14:00/wx/4.20,554.9,2.9,0.32,226,0.50
2025.116.14:15:00/wx/3.95,554.9,3.1,0.51,206,0.50
2025.116.14:16:00/wx/3.52,554.9,3.4,0.42,195,0.50
2025.116.14:17:00/wx/3.51,554.9,4.1,0.34,181,0.50
2025.116.14:18:00/wx/3.47,554.9,3.7,0.50,219,0.50
2025.116.14:19:00/wx/3.50,555.0,3.5,0.42,226,0.50
2025.116.14:20:00/wx/3.85,554.9,3.4,0.44,268,0.50
2025.116.14:21:00/wx/4.55,554.9,3.1,0.28,323,0.50
2025.116.14:22:00/wx/4.56,554.9,3.3,0.66,304,0.50
2025.116.14:23:00/wx/4.40,554.9,3.8,0.71,347,0.50
2025.116.14:24:00/wx/3.69,554.9,4.3,1.11,25,0.50
2025.116.14:25:00/wx/3.35,554.9,4.3,1.03,210,0.50
2025.116.14:26:00/wx/3.29,555.0,4.2,0.60,341,0.50
2025.116.14:27:00/wx/3.42,554.9,4.0,0.48,5,0.50
2025.116.14:28:00/wx/3.40,554.9,4.1,0.70,328,0.50
2025.116.14:29:00/wx/3.20,554.9,3.9,0.73,297,0.51
2025.116.14:30:00/wx/3.40,555.0,4.2,0.87,321,0.50
2025.116.14:31:00/wx/3.30,554.9,4.3,0.46,310,0.51
2025.116.14:32:00/wx/3.30,555.0,4.2,1.09,298,0.51
2025.116.14:33:00/wx/3.10,554.9,4.3,1.11,301,0.51
2025.116.14:34:00/wx/3.00,555.0,5.9,0.81,310,0.50
2025.116.14:35:00/wx/2.80,555.0,6.8,1.25,151,0.50
2025.116.14:36:00/wx/2.80,555.0,5.3,1.52,330,0.51
2025.116.14:37:00/wx/2.73,555.0,4.7,0.73,319,0.51
2025.116.14:38:00/wx/2.52,555.0,4.3,0.98,326,0.50
2025.116.14:39:00/wx/2.61,555.0,4.9,0.72,310,0.51
2025.116.14:40:00/wx/2.80,554.9,4.4,0.87,310,0.51
2025.116.14:41:00/wx/2.70,555.0,4.1,0.93,275,0.51
2025.116.14:42:00/wx/2.60,555.0,4.2,0.93,265,0.51
2025.116.14:43:00/wx/2.51,555.0,5.0,1.05,300,0.51
2025.116.14:44:00/wx/2.50,554.9,5.5,0.82,282,0.51
2025.116.14:45:00/wx/2.43,554.9,4.7,1.34,280,0.51
2025.116.14:46:00/wx/2.50,554.9,4.5,1.13,309,0.51
2025.116.14:47:00/wx/2.50,554.9,4.6,1.14,317,0.51
2025.116.14:48:00/wx/2.41,554.9,5.3,1.14,332,0.51
2025.116.14:49:00/wx/2.70,554.9,4.8,0.90,316,0.51
2025.116.14:50:00/wx/2.51,554.9,5.4,1.12,271,0.52
2025.116.14:51:00/wx/2.10,554.9,4.9,0.43,293,0.52
2025.116.14:52:00/wx/2.06,554.9,4.8,0.90,277,0.51
2025.116.14:53:00/wx/2.00,554.9,5.2,1.43,279,0.51
2025.116.14:54:00/wx/2.02,554.9,5.6,1.09,303,0.51
2025.116.14:55:00/wx/2.10,554.9,5.4,1.29,301,0.52
2025.116.14:56:00/wx/2.10,554.8,7.2,1.22,292,0.52
2025.116.14:57:00/wx/2.10,554.9,6.9,1.07,288,0.52
2025.116.14:58:00/wx/2.10,554.8,6.6,1.03,271,0.52
2025.116.14:59:00/wx/2.03,554.8,6.4,1.06,294,0.52
2025.116.15:00:00/wx/2.00,554.8,6.5,1.30,296,0.52
2025.116.15:01:00/wx/2.00,554.8,7.0,1.22,290,0.52
2025.116.15:02:00/wx/1.90,554.8,8.2,1.43,282,0.52
2025.116.15:03:00/wx/1.70,554.8,8.0,1.14,274,0.52
2025.116.15:04:00/wx/1.50,554.8,7.2,0.93,263,0.52
2025.116.15:05:00/wx/1.40,554.8,8.2,1.25,271,0.52
2025.116.15:06:00/wx/1.30,554.8,8.6,1.31,270,0.52
2025.116.15:07:00/wx/1.10,554.8,9.5,1.12,268,0.52
2025.116.15:08:00/wx/1.10,554.8,8.6,1.33,273,0.52
2025.116.15:09:00/wx/1.10,554.9,7.1,1.50,273,0.53
2025.116.15:10:00/wx/1.10,554.8,5.5,1.91,279,0.53
2025.116.15:11:00/wx/1.20,554.9,5.4,2.01,280,0.52
2025.116.15:12:00/wx/1.30,554.9,5.4,2.16,284,0.53
2025.116.15:13:00/wx/1.30,554.9,5.6,1.83,279,0.53
2025.116.15:14:00/wx/1.40,554.9,5.7,1.70,285,0.54
2025.116.15:15:00/wx/1.69,554.9,6.8,1.22,301,0.57
2025.116.15:16:00/wx/1.80,554.9,9.4,1.65,305,0.57
2025.116.15:17:00/wx/2.07,554.8,7.1,1.35,294,0.58
2025.116.15:18:00/wx/2.30,554.9,7.6,0.83,252,0.59
2025.116.15:19:00/wx/2.16,554.8,11.4,1.24,267,0.58
2025.116.15:20:00/wx/2.00,554.8,9.4,1.00,275,0.59
2025.116.15:21:00/wx/1.90,554.9,9.8,1.19,266,0.59
2025.116.15:22:00/wx/2.06,554.9,10.1,0.97,282,0.57
2025.116.15:23:00/wx/2.20,554.9,11.7,1.41,288,0.60
2025.116.15:24:00/wx/2.20,554.9,15.8,1.24,259,0.61
2025.116.15:25:00/wx/1.81,554.8,14.0,1.94,275,0.63
2025.116.15:26:00/wx/1.60,554.9,12.4,1.75,283,0.64
2025.116.15:27:00/wx/1.70,554.8,10.7,2.49,292,0.65
2025.116.15:28:00/wx/1.70,554.8,13.0,2.63,302,0.69
2025.116.15:29:00/wx/1.50,554.8,15.4,3.30,303,0.70
2025.116.15:30:00/wx/1.40,554.8,17.3,3.72,304,0.69
2025.116.15:31:00/wx/1.10,554.8,15.8,3.75,304,0.71
2025.116.15:32:00/wx/1.10,554.8,14.3,2.74,300,0.70
2025.116.15:33:00/wx/1.20,554.8,14.9,3.51,301,0.71
2025.116.15:34:00/wx/1.30,554.8,14.6,3.00,314,0.72
2025.116.15:35:00/wx/1.30,554.7,15.0,4.13,291,0.69
2025.116.15:36:00/wx/1.20,554.8,14.3,3.57,301,0.68
2025.116.15:37:00/wx/1.10,554.8,17.2,3.33,305,0.70
2025.116.15:38:00/wx/1.10,554.8,14.0,3.74,298,0.70
2025.116.15:39:00/wx/1.04,554.8,14.4,3.37,293,0.71
2025.116.15:40:00/wx/1.10,554.8,14.5,3.03,301,0.74
2025.116.15:41:00/wx/1.20,554.8,13.3,2.76,304,0.71
2025.116.15:42:00/wx/1.30,554.8,19.8,3.12,308,0.72
2025.116.15:43:00/wx/1.20,554.8,16.2,2.96,310,0.69
2025.116.15:44:00/wx/1.27,554.8,15.0,2.64,308,0.74
2025.116.15:45:00/wx/1.30,554.8,18.7,3.23,294,0.80
2025.116.15:46:00/wx/1.06,554.7,23.9,3.32,287,0.79
2025.116.15:47:00/wx/0.90,554.8,21.4,4.10,293,0.76
2025.116.15:48:00/wx/0.80,554.8,17.6,3.66,309,0.74
2025.116.15:49:00/wx/0.90,554.8,16.4,3.33,301,0.71
2025.116.15:50:00/wx/0.90,554.8,21.9,3.83,298,0.71
2025.116.15:51:00/wx/0.90,554.8,18.9,3.41,302,0.73
2025.116.15:52:00/wx/0.90,554.8,19.5,3.04,300,0.74
2025.116.15:53:00/wx/1.10,554.7,18.9,2.70,306,0.74
2025.116.15:54:00/wx/1.10,554.8,17.7,3.46,303,0.76
2025.116.15:55:00/wx/1.00,554.8,16.8,3.61,302,0.76
2025.116.15:56:00/wx/1.00,554.7,19.1,2.53,290,0.78
2025.116.15:57:00/wx/1.10,554.8,18.6,3.11,284,0.83
2025.116.15:58:00/wx/0.90,554.8,22.5,3.99,298,0.82
2025.116.15:59:00/wx/0.80,554.8,19.0,3.90,291,0.77
2025.116.16:00:00/wx/0.80,554.7,19.0,4.11,304,0.78
2025.116.16:01:00/wx/0.90,554.7,17.8,3.46,308,0.78
2025.116.16:02:00/wx/0.90,554.7,17.5,3.33,295,0.79
2025.116.16:03:00/wx/0.90,554.7,17.9,3.15,307,0.76
2025.116.16:04:00/wx/0.90,554.7,23.3,3.23,301,0.75
2025.116.16:05:00/wx/0.90,554.7,23.6,3.42,304,0.75
2025.116.16:06:00/wx/0.90,554.7,22.2,3.85,286,0.71
2025.116.16:07:00/wx/0.90,554.7,17.2,3.20,292,0.73
2025.116.16:08:00/wx/0.98,554.7,22.0,4.40,294,0.79
2025.116.16:09:00/wx/0.72,554.7,19.3,4.29,294,0.81
2025.116.16:10:00/wx/0.70,554.7,17.6,3.52,306,0.83
2025.116.16:11:00/wx/0.80,554.7,17.6,3.22,302,0.82
2025.116.16:12:00/wx/0.90,554.7,22.8,4.04,293,0.87
2025.116.16:13:00/wx/0.70,554.7,24.8,4.29,294,0.89
2025.116.16:14:00/wx/0.70,554.7,27.6,3.68,298,0.89
2025.116.16:15:00/wx/0.80,554.7,25.8,2.68,275,0.77
2025.116.16:16:00/wx/0.80,554.7,21.8,3.69,274,0.80
2025.116.16:17:00/wx/0.70,554.7,25.0,2.65,268,0.80
2025.116.16:18:00/wx/0.63,554.7,23.1,4.11,283,0.83
2025.116.16:19:00/wx/0.70,554.7,22.7,3.23,282,0.85
2025.116.16:20:00/wx/0.60,554.7,24.7,3.46,274,0.84
2025.116.16:21:00/wx/0.60,554.7,21.6,2.85,268,0.78
2025.116.16:22:00/wx/0.70,554.7,18.3,2.53,295,0.82
2025.116.16:23:00/wx/0.80,554.7,22.0,3.21,270,0.82
2025.116.16:24:00/wx/0.80,554.7,19.4,2.82,286,0.75
2025.116.16:25:00/wx/0.80,554.7,25.2,4.03,295,0.78
2025.116.16:26:00/wx/0.60,554.7,25.8,4.43,287,0.81
2025.116.16:27:00/wx/0.50,554.7,24.5,3.93,292,0.89
2025.116.16:28:00/wx/0.50,554.7,25.3,4.48,297,0.86
2025.116.16:29:00/wx/0.40,554.7,28.1,4.90,291,0.90
2025.116.16:30:00/wx/0.30,554.7,23.7,4.63,285,0.89
2025.116.16:31:00/wx/0.40,554.7,24.1,3.41,272,0.86
2025.116.16:32:00/wx/0.50,554.7,26.1,4.23,285,0.93
2025.116.16:33:00/wx/0.30,554.7,25.1,3.75,285,0.93
2025.116.16:34:00/wx/0.30,554.7,32.3,4.25,270,0.94
2025.116.16:35:00/wx/0.30,554.7,22.5,2.93,271,0.87
2025.116.16:36:00/wx/0.50,554.7,22.0,3.73,280,0.95
2025.116.16:37:00/wx/0.60,554.7,19.0,4.53,288,0.96
2025.116.16:38:00/wx/0.40,554.6,24.1,5.15,290,0.95
2025.116.16:39:00/wx/0.30,554.6,22.4,3.56,288,0.93
2025.116.16:40:00/wx/0.20,554.6,28.2,4.47,274,0.89
2025.116.16:41:00/wx/0.30,554.6,22.4,3.41,282,0.85
2025.116.16:42:00/wx/0.40,554.6,24.1,3.26,281,0.92
2025.116.16:43:00/wx/0.30,554.6,21.9,3.43,272,0.90
2025.116.16:44:00/wx/0.20,554.6,24.3,4.25,277,0.92
2025.116.16:45:00/wx/0.20,554.6,24.6,4.59,293,0.89
2025.116.16:46:00/wx/0.30,554.6,22.5,4.52,289,0.81
2025.116.16:47:00/wx/0.30,554.6,20.8,4.51,295,0.91
2025.116.16:48:00/wx/0.30,554.6,22.7,4.56,294,0.87
2025.116.16:49:00/wx/0.30,554.6,22.8,3.93,293,0.81
2025.116.16:50:00/wx/0.40,554.6,21.8,4.98,292,0.80
2025.116.16:51:00/wx/0.40,554.6,20.9,3.48,285,0.87
2025.116.16:52:00/wx/0.50,554.6,23.0,3.95,282,0.85
2025.116.16:53:00/wx/0.50,554.6,23.2,4.90,286,0.82
2025.116.16:54:00/wx/0.50,554.6,19.0,4.66,287,0.82
2025.116.16:55:00/wx/0.40,554.6,22.5,4.17,292,0.83
2025.116.16:56:00/wx/0.50,554.5,22.6,3.75,300,0.84
2025.116.16:57:00/wx/0.50,554.5,23.8,4.30,291,0.90
2025.116.16:58:00/wx/0.40,554.5,28.1,3.59,273,0.94
2025.116.16:59:00/wx/0.30,554.5,21.9,3.33,271,0.89
2025.116.17:00:00/wx/0.30,554.6,21.7,3.49,284,0.89
2025.116.17:01:00/wx/0.39,554.5,22.8,3.94,287,0.88
2025.116.17:02:00/wx/0.20,554.5,24.3,4.54,275,0.84
2025.116.17:03:00/wx/0.20,554.5,21.2,2.90,266,0.80
2025.116.17:04:00/wx/0.20,554.6,26.7,5.53,299,1.00
2025.116.17:05:00/wx/0.20,554.6,25.9,5.62,286,0.98
2025.116.17:06:00/wx/0.20,554.5,24.6,4.80,279,0.95
2025.116.17:07:00/wx/0.10,554.6,23.7,4.60,274,0.94
2025.116.17:08:00/wx/0.10,554.5,22.7,4.16,273,0.88
2025.116.17:09:00/wx/0.10,554.5,23.5,4.23,275,0.84
2025.116.17:10:00/wx/0.16,554.5,26.3,5.12,297,0.96
2025.116.17:11:00/wx/0.10,554.5,25.4,6.23,283,0.96
2025.116.17:12:00/wx/-0.10,554.5,26.0,5.97,283,0.75
2025.116.17:13:00/wx/0.00,554.5,25.0,4.28,286,0.86
2025.116.17:14:00/wx/0.00,554.5,24.6,4.43,278,0.92
2025.116.17:15:00/wx/0.10,554.5,26.9,5.71,288,0.90
2025.116.17:16:00/wx/0.00,554.5,26.5,5.19,276,0.93
2025.116.17:17:00/wx/0.00,554.5,26.0,5.00,275,0.84
2025.116.17:18:00/wx/-0.20,554.5,22.7,3.93,267,0.88
2025.116.17:19:00/wx/-0.30,554.5,27.6,4.32,259,0.89
2025.116.17:20:00/wx/-0.26,554.5,25.7,4.79,281,0.88
2025.116.17:21:00/wx/-0.20,554.5,24.9,3.99,280,0.92
2025.116.17:22:00/wx/-0.10,554.4,22.9,4.28,277,0.85
2025.116.17:23:00/wx/-0.09,554.4,24.0,4.29,275,0.80
2025.116.17:24:00/wx/-0.10,554.4,24.3,3.17,267,0.88
2025.116.17:25:00/wx/-0.20,554.5,25.7,3.45,275,0.95
2025.116.17:26:00/wx/-0.10,554.4,26.8,4.15,276,0.93
2025.116.17:27:00/wx/-0.10,554.4,27.7,4.07,257,0.94
2025.116.17:28:00/wx/-0.20,554.4,26.3,5.60,285,0.93
2025.116.17:29:00/wx/-0.30,554.4,25.4,5.54,271,0.91
2025.116.17:30:00/wx/-0.30,554.4,24.5,3.71,267,0.91
2025.116.17:31:00/wx/-0.30,554.4,24.3,4.26,266,0.95
2025.116.17:32:00/wx/-0.10,554.4,23.6,3.89,275,0.99
2025.116.17:33:00/wx/-0.14,554.5,25.5,4.37,276,1.02
2025.116.17:34:00/wx/-0.30,554.5,26.2,4.25,280,0.99
2025.116.17:35:00/wx/-0.20,554.5,28.2,4.29,278,1.02
2025.116.17:36:00/wx/-0.20,554.5,27.3,5.44,279,1.03
2025.116.17:37:00/wx/-0.30,554.4,24.1,5.89,276,0.92
2025.116.17:38:00/wx/-0.38,554.4,28.3,5.54,280,0.93
2025.116.17:39:00/wx/-0.40,554.4,30.2,4.94,270,0.99
2025.116.17:40:00/wx/-0.40,554.4,24.1,3.97,268,0.97
2025.116.17:41:00/wx/-0.30,554.4,26.1,6.14,285,0.99
2025.116.17:42:00/wx/-0.30,554.4,23.0,4.34,262,0.99
2025.116.17:43:00/wx/-0.30,554.4,25.0,4.94,268,0.97
2025.116.17:44:00/wx/-0.40,554.4,29.7,7.23,284,0.96
2025.116.17:45:00/wx/-0.40,554.5,25.0,4.61,270,0.91
2025.116.17:46:00/wx/-0.40,554.5,24.3,4.61,273,0.92
2025.116.17:47:00/wx/-0.50,554.5,25.3,5.66,279,0.94
2025.116.17:48:00/wx/-0.58,554.5,25.2,5.97,277,0.96
2025.116.17:49:00/wx/-0.40,554.5,25.1,5.84,273,1.02
2025.116.17:50:00/wx/-0.60,554.5,24.1,5.41,277,0.93
2025.116.17:51:00/wx/-0.50,554.5,24.0,5.23,276,0.95
2025.116.17:52:00/wx/-0.50,554.5,25.4,4.33,276,0.95
2025.116.17:53:00/wx/-0.60,554.5,25.4,5.33,259,0.94
2025.116.17:54:00/wx/-0.60,554.5,24.8,4.50,273,0.93
2025.116.17:55:00/wx/-0.60,554.4,24.2,5.04,265,0.98
2025.116.17:56:00/wx/-0.60,554.5,27.3,6.13,290,0.98
2025.116.17:57:00/wx/-0.50,554.4,28.0,5.58,281,0.94
2025.116.17:58:00/wx/-0.50,554.4,25.5,5.90,306,0.96
2025.116.17:59:00/wx/-0.40,554.4,24.8,4.90,290,0.93
2025.116.18:00:00/wx/-0.40,554.4,25.3,6.95,279,0.97
2025.116.18:01:00/wx/-0.50,554.4,23.7,4.83,256,0.91
2025.116.18:02:00/wx/-0.60,554.4,23.4,4.49,275,0.94
2025.116.18:03:00/wx/-0.50,554.4,25.1,4.63,255,0.93
2025.116.18:04:00/wx/-0.50,554.4,22.9,3.56,275,1.00
2025.116.18:05:00/wx/-0.47,554.4,25.2,5.24,278,0.94
2025.116.18:06:00/wx/-0.60,554.4,25.9,4.41,275,0.90
2025.116.18:07:00/wx/-0.60,554.4,26.3,5.08,281,0.92
2025.116.18:08:00/wx/-0.70,554.4,27.9,6.12,248,0.90
2025.116.18:09:00/wx/-0.68,554.4,22.6,3.40,257,0.91
2025.116.18:10:00/wx/-0.43,554.4,23.6,6.03,282,0.90
2025.116.18:11:00/wx/-0.40,554.3,21.8,5.40,271,0.86
2025.116.18:12:00/wx/-0.50,554.3,21.3,4.58,277,0.85
2025.116.18:13:00/wx/-0.60,554.3,20.9,5.07,269,0.86
2025.116.18:14:00/wx/-0.70,554.3,21.3,4.32,282,0.89
2025.116.18:15:00/wx/-0.60,554.3,23.4,4.90,287,0.87
2025.116.18:16:00/wx/-0.60,554.4,22.6,4.91,289,0.89
2025.116.18:17:00/wx/-0.60,554.3,24.5,5.11,280,0.88
2025.116.18:18:00/wx/-0.60,554.3,23.5,3.96,281,0.86
2025.116.18:19:00/wx/-0.60,554.3,26.4,4.07,276,0.89
2025.116.18:20:00/wx/-0.69,554.3,24.9,4.62,255,0.88
2025.116.18:21:00/wx/-0.99,554.3,23.4,5.81,245,0.87
2025.116.18:22:00/wx/-1.00,554.3,22.2,5.16,252,0.87
2025.116.18:23:00/wx/-0.71,554.3,21.7,3.16,267,0.89
2025.116.18:24:00/wx/-0.70,554.3,23.6,3.79,262,0.88
2025.116.18:25:00/wx/-0.70,554.3,20.9,3.90,258,0.87
2025.116.18:26:00/wx/-0.70,554.2,23.8,4.03,256,0.89
2025.116.18:27:00/wx/-0.64,554.3,23.7,5.57,283,0.87
2025.116.18:28:00/wx/-0.50,554.3,23.9,5.43,283,0.87
2025.116.18:29:00/wx/-0.40,554.3,21.9,3.63,267,0.88
2025.116.18:30:00/wx/-0.61,554.2,23.1,4.38,279,0.90
2025.116.18:31:00/wx/-0.61,554.3,24.3,4.95,253,0.94
2025.116.18:32:00/wx/-0.60,554.2,20.9,4.00,269,0.88
2025.116.18:33:00/wx/-0.50,554.2,19.6,3.13,278,0.89
2025.116.18:34:00/wx/-0.50,554.2,22.4,4.84,269,0.88
2025.116.18:35:00/wx/-0.50,554.2,22.1,4.86,275,0.94
2025.116.18:36:00/wx/-0.51,554.2,23.6,3.58,260,0.95
2025.116.18:37:00/wx/-0.80,554.2,21.5,5.52,251,0.89
2025.116.18:38:00/wx/-0.80,554.2,24.0,5.53,276,0.86
2025.116.18:39:00/wx/-0.70,554.2,21.0,3.70,257,0.93
2025.116.18:40:00/wx/-0.61,554.2,23.2,3.53,265,0.91
2025.116.18:41:00/wx/-0.60,554.2,22.1,3.23,258,0.88
2025.116.18:42:00/wx/-0.60,554.2,22.6,4.07,275,0.87
2025.116.18:43:00/wx/-0.60,554.2,20.8,4.47,287,0.92
2025.116.18:44:00/wx/-0.50,554.2,20.3,4.02,278,0.87
2025.116.18:45:00/wx/-0.40,554.2,20.6,5.10,281,0.84
2025.116.18:46:00/wx/-0.50,554.2,20.8,4.95,282,0.85
2025.116.18:47:00/wx/-0.70,554.2,24.0,5.23,290,0.82
2025.116.18:48:00/wx/-0.80,554.1,22.3,5.59,284,0.81
2025.116.18:49:00/wx/-0.70,554.2,20.0,4.29,272,0.84
2025.116.18:50:00/wx/-0.70,554.1,21.6,5.03,276,0.84
2025.116.18:51:00/wx/-0.60,554.1,18.8,3.92,279,0.88
2025.116.18:52:00/wx/-0.60,554.1,19.4,5.38,284,0.82
