2025.114.12:00:00;APEX Database Weather Data for Timerange of c251a
2025.114.12:00:00;The format is wx/temp[C],press[mbar],humid[%],speed[m/s],direction[deg],pwv[mm]
2025.114.12:01:00/wx/0.10,554.0,20.3,1.12,48,-999.00
2025.114.12:02:00/wx/0.20,554.0,20.4,1.20,72,-999.00
2025.114.12:03:00/wx/0.30,554.0,20.3,1.11,73,-999.00
2025.114.12:04:00/wx/0.30,554.0,20.0,1.11,69,-999.00
2025.114.12:05:00/wx/0.30,554.0,20.1,1.11,71,-999.00
2025.114.12:06:00/wx/0.30,554.0,20.4,1.21,76,-999.00
2025.114.12:07:00/wx/0.40,554.0,20.4,1.21,75,-999.00
2025.114.12:08:00/wx/0.45,554.1,20.4,1.05,74,-999.00
2025.114.12:09:00/wx/0.50,554.0,20.6,0.91,75,-999.00
2025.114.12:10:00/wx/0.60,554.0,20.5,0.74,72,-999.00
2025.114.12:11:00/wx/0.69,554.1,20.0,0.72,75,-999.00
2025.114.12:12:00/wx/0.90,554.1,20.7,0.63,71,-999.00
2025.114.12:13:00/wx/0.97,554.1,20.0,0.82,82,-999.00
2025.114.12:14:00/wx/1.20,554.1,19.9,0.71,108,-999.00
2025.114.12:15:00/wx/1.30,554.1,20.2,0.71,79,-999.00
2025.114.12:16:00/wx/1.09,554.1,19.9,0.91,96,0.79
2025.114.12:17:00/wx/1.50,554.1,19.8,0.75,91,0.79
2025.114.12:18:00/wx/1.59,554.1,19.8,0.41,95,0.79
2025.114.12:19:00/wx/1.80,554.1,20.5,0.51,101,0.79
2025.114.12:20:00/wx/2.10,554.1,18.5,0.42,105,0.80
2025.114.12:21:00/wx/2.58,554.1,18.4,0.53,102,0.79
2025.114.12:22:00/wx/2.62,554.1,17.3,0.73,109,0.79
2025.114.12:23:00/wx/2.50,554.2,17.2,0.69,93,0.79
2025.114.12:24:00/wx/2.30,554.1,17.0,0.92,87,0.77
2025.114.12:25:00/wx/1.95,554.1,17.8,1.00,78,0.77
2025.114.12:26:00/wx/1.50,554.1,17.8,0.91,79,0.76
2025.114.12:27:00/wx/1.38,554.1,17.9,0.84,80,0.76
2025.114.12:28:00/wx/1.20,554.2,17.9,0.83,72,0.76
2025.114.12:29:00/wx/1.10,554.1,17.8,1.01,71,0.78
2025.114.12:30:00/wx/1.11,554.2,18.7,0.86,79,0.77
2025.114.12:31:00/wx/1.00,554.2,17.6,0.80,55,0.77
2025.114.12:32:00/wx/1.04,554.2,17.8,0.81,83,0.78
2025.114.12:33:00/wx/1.10,554.2,17.7,0.81,81,0.78
2025.114.12:34:00/wx/1.10,554.2,17.5,0.81,80,0.79
2025.114.12:35:00/wx/1.10,554.2,17.6,0.87,78,0.78
2025.114.12:36:00/wx/1.10,554.2,17.8,0.91,89,0.78
2025.114.12:37:00/wx/1.30,554.2,18.3,0.81,83,0.76
2025.114.12:38:00/wx/1.30,554.3,17.3,0.61,60,0.77
2025.114.12:39:00/wx/1.40,554.3,16.2,0.80,55,0.76
2025.114.12:40:00/wx/1.40,554.3,16.3,0.91,79,0.75
2025.114.12:41:00/wx/1.40,554.3,16.3,0.81,84,0.73
2025.114.12:42:00/wx/1.50,554.3,16.2,0.71,69,0.74
2025.114.12:43:00/wx/1.50,554.3,15.9,0.88,79,0.74
2025.114.12:44:00/wx/1.40,554.3,15.6,0.92,81,0.74
2025.114.12:45:00/wx/1.40,554.3,16.3,0.77,71,0.74
2025.114.12:46:00/wx/1.30,554.4,15.8,0.81,81,0.73
2025.114.12:47:00/wx/1.30,554.3,15.5,0.76,78,0.72
2025.114.12:48:00/wx/1.21,554.4,15.7,0.92,77,0.71
2025.114.12:49:00/wx/1.32,554.4,16.3,0.77,134,0.72
2025.114.12:50:00/wx/2.00,554.4,15.3,0.36,107,0.72
2025.114.12:51:00/wx/2.61,554.4,15.9,0.10,95,0.71
2025.114.12:52:00/wx/3.59,554.4,14.2,0.22,191,0.72
2025.114.12:53:00/wx/4.39,554.4,13.1,0.42,142,0.69
2025.114.12:54:00/wx/4.91,554.4,12.2,0.29,194,0.70
2025.114.12:55:00/wx/4.43,554.4,11.7,0.33,225,0.69
2025.114.12:56:00/wx/5.52,554.4,11.5,0.12,53,0.68
2025.114.12:57:00/wx/5.61,554.4,10.8,0.60,17,0.67
2025.114.12:58:00/wx/4.71,554.4,11.6,0.60,8,0.67
2025.114.12:59:00/wx/4.02,554.4,12.2,0.73,17,0.65
2025.114.13:00:00/wx/2.72,554.4,13.3,0.90,36,0.64
2025.114.13:01:00/wx/2.19,554.4,14.1,0.91,32,0.65
2025.114.13:02:00/wx/1.79,554.4,14.6,0.87,35,0.65
2025.114.13:03:00/wx/1.70,554.4,14.9,0.80,31,0.65
2025.114.13:04:00/wx/1.70,554.4,14.8,0.59,59,0.65
2025.114.13:05:00/wx/1.70,554.4,14.8,0.61,92,0.66
2025.114.13:06:00/wx/1.81,554.5,15.3,0.40,73,0.66
2025.114.13:07:00/wx/2.10,554.5,14.0,0.65,64,0.66
2025.114.13:08:00/wx/1.80,554.5,14.4,0.81,42,0.66
2025.114.13:09:00/wx/1.52,554.5,15.1,0.42,48,0.68
2025.114.13:10:00/wx/1.88,554.5,16.2,0.57,23,0.67
2025.114.13:11:00/wx/1.99,554.5,13.9,0.91,58,0.68
2025.114.13:12:00/wx/1.53,554.5,14.4,0.74,43,0.68
2025.114.13:13:00/wx/1.60,554.5,14.7,0.40,13,0.69
2025.114.13:14:00/wx/2.11,554.5,13.9,0.52,3,0.67
2025.114.13:15:00/wx/2.10,554.5,13.7,0.33,318,0.67
2025.114.13:16:00/wx/2.09,554.5,13.7,0.80,34,0.67
2025.114.13:17:00/wx/1.78,554.5,14.5,0.84,54,0.67
2025.114.13:18:00/wx/1.80,554.5,14.8,0.90,28,0.67
2025.114.13:19:00/wx/1.50,554.5,14.5,1.02,22,0.66
2025.114.13:20:00/wx/1.40,554.5,14.3,0.83,23,0.66
2025.114.13:21:00/wx/1.50,554.5,14.1,0.48,51,0.66
2025.114.13:22:00/wx/1.97,554.5,14.8,0.89,289,0.66
2025.114.13:23:00/wx/2.31,554.6,13.7,0.82,111,0.65
2025.114.13:24:00/wx/2.99,554.5,13.5,0.22,54,0.66
2025.114.13:25:00/wx/2.71,554.6,13.2,0.50,35,0.66
2025.114.13:26:00/wx/2.15,554.6,14.5,1.21,48,0.65
2025.114.13:27:00/wx/1.53,554.5,15.7,1.42,48,0.65
2025.114.13:28:00/wx/1.40,554.6,15.2,1.10,38,0.64
2025.114.13:29:00/wx/1.60,554.6,15.1,0.83,32,0.65
2025.114.13:30:00/wx/1.60,554.6,14.9,1.01,73,0.65
2025.114.13:31:00/wx/1.90,554.6,14.8,0.55,53,0.65
2025.114.13:32:00/wx/2.09,554.6,14.1,0.42,73,0.65
2025.114.13:33:00/wx/2.40,554.6,13.9,0.60,33,0.66
2025.114.13:34:00/wx/2.50,554.6,14.1,0.72,37,0.65
2025.114.13:35:00/wx/2.50,554.6,13.1,0.70,53,0.64
2025.114.13:36:00/wx/2.67,554.6,13.4,0.36,88,0.63
2025.114.13:37:00/wx/3.28,554.6,12.3,0.30,213,0.71
2025.114.13:38:00/wx/3.58,554.7,12.3,0.62,166,0.69
2025.114.13:39:00/wx/3.51,554.6,13.1,0.79,177,0.69
2025.114.13:40:00/wx/3.10,554.6,12.2,0.43,84,0.69
2025.114.13:41:00/wx/3.64,554.6,13.0,0.20,116,0.69
2025.114.13:42:00/wx/4.62,554.6,11.7,0.58,152,0.68
2025.114.13:43:00/wx/3.88,554.7,11.2,0.81,168,0.67
2025.114.13:44:00/wx/3.76,554.7,12.2,0.41,101,0.64
2025.114.13:45:00/wx/3.80,554.7,12.0,0.71,92,0.65
2025.114.13:46:00/wx/3.70,554.7,12.0,1.12,110,0.65
2025.114.13:47:00/wx/3.79,554.7,13.1,0.83,99,0.65
2025.114.13:48:00/wx/3.92,554.7,12.8,0.80,123,0.64
2025.114.13:49:00/wx/4.00,554.7,13.6,0.59,133,0.65
2025.114.13:50:00/wx/4.41,554.7,12.8,1.24,139,0.66
2025.114.13:51:00/wx/3.84,554.7,12.0,0.78,134,0.65
2025.114.13:52:00/wx/3.51,554.7,12.4,0.53,146,0.65
2025.114.13:53:00/wx/3.17,554.7,12.5,1.14,158,0.70
2025.114.13:54:00/wx/2.64,554.7,13.4,1.35,146,0.67
2025.114.13:55:00/wx/2.19,554.7,13.6,1.01,149,0.67
2025.114.13:56:00/wx/2.45,554.7,15.1,0.24,202,0.68
2025.114.13:57:00/wx/2.89,554.7,13.8,0.53,137,0.67
2025.114.13:58:00/wx/3.50,554.8,12.5,1.02,119,0.70
2025.114.13:59:00/wx/3.87,554.8,12.6,0.75,115,0.69
2025.114.14:00:00/wx/3.99,554.8,12.9,0.94,162,1.01
2025.114.14:01:00/wx/3.20,554.8,13.6,0.84,146,1.01
2025.114.14:02:00/wx/3.29,554.8,14.0,0.48,128,0.94
2025.114.14:03:00/wx/3.19,554.8,13.2,0.66,111,0.91
2025.114.14:04:00/wx/3.12,554.8,13.6,1.24,128,0.84
2025.114.14:05:00/wx/3.10,554.8,14.7,1.19,122,0.77
2025.114.14:06:00/wx/3.36,554.8,13.7,0.76,106,0.73
2025.114.14:07:00/wx/3.20,554.8,12.9,1.11,104,0.72
2025.114.14:08:00/wx/3.58,554.8,12.8,1.00,97,0.73
2025.114.14:09:00/wx/3.88,554.8,13.3,0.87,97,0.71
2025.114.14:10:00/wx/4.22,554.8,12.9,0.78,93,0.71
2025.114.14:11:00/wx/4.13,554.8,12.6,1.00,89,0.71
2025.114.14:12:00/wx/4.10,554.9,13.5,1.41,71,0.70
2025.114.14:13:00/wx/3.06,554.8,16.0,1.29,53,0.72
2025.114.14:14:00/wx/2.32,554.8,16.3,1.40,46,0.73
2025.114.14:15:00/wx/2.10,554.8,15.6,0.91,57,0.72
2025.114.14:16:00/wx/2.56,554.9,15.5,0.84,107,0.71
2025.114.14:17:00/wx/2.90,554.9,16.3,0.91,67,0.71
2025.114.14:18:00/wx/2.60,554.8,15.3,0.58,88,0.69
2025.114.14:19:00/wx/2.98,554.9,17.2,0.61,128,0.69
2025.114.14:20:00/wx/3.50,554.9,14.7,0.91,93,0.70
2025.114.14:21:00/wx/3.51,554.9,13.5,1.00,65,0.70
2025.114.14:22:00/wx/3.20,554.8,13.5,0.71,97,0.69
2025.114.14:23:00/wx/3.65,554.9,15.4,0.36,217,0.68
2025.114.14:24:00/wx/3.89,554.9,14.6,0.23,252,0.67
2025.114.14:25:00/wx/4.65,554.9,13.2,0.39,283,0.68
2025.114.14:26:00/wx/4.53,554.9,13.0,0.63,350,0.67
2025.114.14:27:00/wx/4.40,554.9,12.9,0.52,259,0.66
2025.114.14:28:00/wx/4.45,554.8,13.2,0.37,143,0.65
2025.114.14:29:00/wx/4.42,554.8,13.1,0.71,342,0.65
2025.114.14:30:00/wx/4.25,554.8,13.2,0.23,204,0.66
2025.114.14:31:00/wx/3.87,554.8,12.8,1.29,18,0.66
2025.114.14:32:00/wx/2.99,554.8,12.9,1.31,27,0.65
2025.114.14:33:00/wx/2.46,554.8,14.2,1.50,19,0.66
2025.114.14:34:00/wx/2.10,554.8,15.2,0.81,27,0.66
2025.114.14:35:00/wx/2.28,554.8,14.2,1.46,87,0.67
2025.114.14:36:00/wx/1.93,554.8,15.1,1.22,41,0.68
2025.114.14:37:00/wx/1.80,554.8,14.4,1.29,14,0.68
2025.114.14:38:00/wx/1.70,554.8,14.8,1.27,347,0.68
2025.114.14:39:00/wx/1.60,554.8,14.9,1.40,2,0.69
2025.114.14:40:00/wx/1.50,554.8,14.1,1.50,356,0.69
2025.114.14:41:00/wx/1.48,554.8,14.9,1.32,343,0.87
2025.114.14:42:00/wx/1.60,554.8,14.3,1.10,6,0.87
2025.114.14:43:00/wx/1.70,554.8,14.7,1.12,312,0.87
2025.114.14:44:00/wx/1.80,554.8,13.2,1.64,342,0.87
2025.114.14:45:00/wx/1.80,554.7,14.3,1.34,346,0.87
2025.114.14:46:00/wx/2.00,554.7,12.8,0.84,330,0.88
2025.114.14:47:00/wx/2.22,554.7,12.4,0.93,314,0.89
2025.114.14:48:00/wx/3.13,554.7,11.4,0.66,270,0.89
2025.114.14:49:00/wx/3.10,554.8,13.0,1.63,337,0.89
2025.114.14:50:00/wx/2.60,554.8,12.8,1.14,301,0.90
2025.114.14:51:00/wx/2.40,554.8,14.1,1.25,322,0.89
2025.114.14:52:00/wx/2.19,554.7,13.1,1.23,316,0.90
2025.114.14:53:00/wx/1.93,554.8,14.4,1.55,317,0.91
2025.114.14:54:00/wx/1.70,554.8,13.3,1.52,310,0.90
2025.114.14:55:00/wx/1.80,554.8,12.6,1.79,299,0.89
2025.114.14:56:00/wx/1.90,554.8,13.6,1.76,264,0.90
2025.114.14:57:00/wx/1.49,554.8,13.3,1.34,254,0.89
2025.114.14:58:00/wx/1.60,554.8,12.3,1.23,303,0.89
2025.114.14:59:00/wx/1.80,554.8,13.3,1.33,279,0.89
2025.114.15:00:00/wx/1.80,554.8,14.6,1.53,290,1.00
2025.114.15:01:00/wx/1.80,554.8,13.4,1.20,303,0.80
2025.114.15:02:00/wx/1.90,554.8,13.2,1.39,301,0.76
2025.114.15:03:00/wx/2.00,554.8,13.8,1.59,289,0.74
2025.114.15:04:00/wx/1.89,554.8,14.8,1.52,272,0.73
2025.114.15:05:00/wx/1.50,554.8,15.1,1.90,282,0.73
2025.114.15:06:00/wx/1.21,554.8,16.4,1.83,270,0.71
2025.114.15:07:00/wx/1.07,554.8,18.8,1.79,274,0.71
2025.114.15:08:00/wx/0.90,554.8,14.1,1.71,271,0.70
2025.114.15:09:00/wx/0.90,554.8,16.7,2.40,288,0.71
2025.114.15:10:00/wx/0.95,554.8,15.2,2.29,308,0.72
2025.114.15:11:00/wx/1.00,554.8,16.3,2.13,326,0.72
2025.114.15:12:00/wx/1.00,554.8,14.5,1.98,331,0.73
2025.114.15:13:00/wx/0.90,554.8,17.6,2.19,340,0.75
2025.114.15:14:00/wx/1.00,554.8,14.7,2.16,318,0.75
2025.114.15:15:00/wx/1.13,554.8,13.3,2.06,340,0.76
2025.114.15:16:00/wx/1.00,554.8,18.2,2.53,336,0.76
2025.114.15:17:00/wx/0.90,554.8,13.1,2.21,332,0.77
2025.114.15:18:00/wx/0.90,554.8,16.5,2.41,324,0.76
2025.114.15:19:00/wx/0.70,554.8,17.1,2.25,334,0.76
2025.114.15:20:00/wx/0.77,554.8,13.1,2.59,326,0.76
2025.114.15:21:00/wx/0.70,554.8,18.8,2.73,333,0.76
2025.114.15:22:00/wx/0.75,554.8,14.9,1.94,311,0.77
2025.114.15:23:00/wx/1.10,554.7,14.5,1.96,330,0.76
2025.114.15:24:00/wx/1.08,554.7,14.3,2.41,328,0.76
2025.114.15:25:00/wx/1.00,554.7,12.7,2.29,331,0.76
2025.114.15:26:00/wx/0.90,554.7,13.7,2.62,346,0.76
2025.114.15:27:00/wx/0.90,554.7,13.8,2.39,339,0.77
2025.114.15:28:00/wx/1.00,554.7,13.5,2.14,327,0.77
2025.114.15:29:00/wx/1.20,554.7,14.3,2.16,326,0.76
2025.114.15:30:00/wx/1.20,554.7,14.8,2.28,329,0.77
2025.114.15:31:00/wx/1.20,554.7,13.5,2.14,332,0.76
2025.114.15:32:00/wx/1.20,554.7,14.1,1.63,328,0.77
2025.114.15:33:00/wx/1.30,554.7,13.5,1.94,332,0.77
2025.114.15:34:00/wx/1.30,554.6,13.9,1.89,323,0.76
2025.114.15:35:00/wx/1.32,554.6,13.8,2.40,327,0.77
2025.114.15:36:00/wx/1.20,554.7,15.0,2.32,325,0.77
2025.114.15:37:00/wx/1.41,554.6,14.5,1.74,331,0.76
2025.114.15:38:00/wx/1.20,554.6,15.9,2.65,321,0.76
2025.114.15:39:00/wx/1.20,554.6,13.4,2.51,325,0.75
2025.114.15:40:00/wx/1.18,554.6,16.5,2.22,311,0.75
2025.114.15:41:00/wx/1.30,554.6,17.4,1.86,340,0.75
2025.114.15:42:00/wx/1.26,554.6,12.1,2.24,320,0.75
2025.114.15:43:00/wx/1.20,554.6,19.8,2.43,300,0.75
2025.114.15:44:00/wx/1.40,554.6,13.4,2.67,313,0.76
2025.114.15:45:00/wx/1.30,554.6,13.9,2.56,303,0.76
2025.114.15:46:00/wx/1.29,554.6,13.5,2.24,307,0.76
2025.114.15:47:00/wx/1.30,554.7,13.3,2.43,316,0.76
2025.114.15:48:00/wx/1.20,554.7,17.1,2.53,318,0.78
2025.114.15:49:00/wx/1.20,554.7,16.6,2.99,314,0.79
2025.114.15:50:00/wx/1.19,554.6,13.0,2.89,333,0.78
2025.114.15:51:00/wx/1.00,554.6,13.7,2.87,322,0.78
2025.114.15:52:00/wx/1.00,554.6,13.9,3.00,326,0.78
2025.114.15:53:00/wx/1.00,554.6,12.7,2.43,335,0.78
2025.114.15:54:00/wx/1.10,554.6,15.7,2.76,312,0.77
2025.114.15:55:00/wx/1.10,554.6,16.7,2.82,309,0.77
2025.114.15:56:00/wx/1.10,554.7,21.2,2.72,314,0.76
2025.114.15:57:00/wx/1.10,554.6,23.4,2.63,314,0.78
2025.114.15:58:00/wx/1.10,554.7,20.9,2.53,324,0.77
2025.114.15:59:00/wx/1.00,554.6,19.3,2.57,316,0.77
2025.114.16:00:00/wx/1.10,554.7,17.5,2.04,308,0.78
2025.114.16:01:00/wx/1.00,554.6,16.4,2.55,328,0.77
2025.114.16:02:00/wx/1.08,554.6,15.3,2.60,313,0.79
2025.114.16:03:00/wx/1.20,554.7,15.0,2.43,314,0.80
2025.114.16:04:00/wx/1.30,554.7,17.7,2.23,311,0.79
2025.114.16:05:00/wx/1.30,554.7,22.5,2.02,322,0.79
2025.114.16:06:00/wx/1.40,554.6,26.1,2.10,305,0.80
2025.114.16:07:00/wx/1.30,554.7,25.1,2.09,307,0.79
2025.114.16:08:00/wx/1.31,554.6,20.4,2.15,312,0.79
2025.114.16:09:00/wx/1.41,554.6,23.2,2.24,308,0.80
2025.114.16:10:00/wx/1.30,554.6,19.3,2.36,327,0.80
2025.114.16:11:00/wx/1.20,554.7,20.7,2.87,305,0.81
2025.114.16:12:00/wx/1.10,554.6,21.7,2.55,310,0.81
2025.114.16:13:00/wx/1.10,554.6,23.1,2.64,305,0.83
2025.114.16:14:00/wx/1.00,554.7,25.1,2.54,300,0.82
2025.114.16:15:00/wx/0.90,554.6,29.5,2.73,298,0.82
2025.114.16:16:00/wx/0.80,554.6,24.3,2.87,297,0.83
2025.114.16:17:00/wx/0.80,554.6,22.7,2.92,299,0.83
2025.114.16:18:00/wx/0.70,554.6,21.7,3.23,291,0.85
2025.114.16:19:00/wx/0.55,554.6,25.5,3.86,289,0.86
2025.114.16:20:00/wx/0.30,554.7,34.2,3.53,298,0.87
2025.114.16:21:00/wx/0.10,554.6,41.3,3.60,292,0.90
2025.114.16:22:00/wx/0.00,554.6,40.7,3.41,294,0.92
2025.114.16:23:00/wx/0.00,554.7,46.8,3.36,294,0.94
2025.114.16:24:00/wx/-0.10,554.6,45.7,3.90,291,0.97
2025.114.16:25:00/wx/-0.40,554.6,54.3,3.73,278,0.95
2025.114.16:26:00/wx/-0.50,554.7,56.6,3.48,279,0.98
2025.114.16:27:00/wx/-0.50,554.7,52.0,3.97,281,0.95
2025.114.16:28:00/wx/-0.60,554.7,49.9,3.65,289,0.95
2025.114.16:29:00/wx/-0.67,554.7,51.1,3.94,290,0.93
2025.114.16:30:00/wx/-0.80,554.6,50.0,4.03,289,0.93
2025.114.16:31:00/wx/-0.84,554.6,49.2,3.86,291,0.91
2025.114.16:32:00/wx/-0.90,554.6,52.0,3.82,294,0.90
2025.114.16:33:00/wx/-1.00,554.6,53.6,3.99,291,0.91
2025.114.16:34:00/wx/-1.10,554.6,57.2,3.76,294,0.90
2025.114.16:35:00/wx/-1.20,554.6,57.8,3.83,294,0.91
2025.114.16:36:00/wx/-1.20,554.6,58.6,3.62,294,0.92
2025.114.16:37:00/wx/-1.20,554.6,63.6,3.92,290,0.92
2025.114.16:38:00/wx/-1.20,554.6,63.5,3.84,291,0.92
2025.114.16:39:00/wx/-1.20,554.6,62.7,3.48,295,0.93
2025.114.16:40:00/wx/-1.21,554.6,63.4,3.92,293,0.92
2025.114.16:41:00/wx/-1.26,554.6,60.3,3.55,296,0.91
2025.114.16:42:00/wx/-1.20,554.6,61.6,3.42,301,0.91
2025.114.16:43:00/wx/-1.10,554.6,60.8,3.29,302,0.91
2025.114.16:44:00/wx/-1.10,554.6,56.9,3.58,300,0.92
2025.114.16:45:00/wx/-1.10,554.6,57.8,3.52,299,0.93
2025.114.16:46:00/wx/-1.10,554.6,57.3,3.28,299,0.92
2025.114.16:47:00/wx/-1.00,554.6,58.0,3.63,297,0.93
2025.114.16:48:00/wx/-1.10,554.6,59.5,3.66,300,0.94
2025.114.16:49:00/wx/-1.20,554.6,56.6,3.99,299,0.96
2025.114.16:50:00/wx/-1.20,554.6,56.9,3.82,296,0.94
2025.114.16:51:00/wx/-1.20,554.6,59.1,3.44,299,0.96
2025.114.16:52:00/wx/-1.30,554.6,58.6,3.83,298,0.97
2025.114.16:53:00/wx/-1.30,554.6,57.1,3.80,300,0.99
2025.114.16:54:00/wx/-1.30,554.6,58.8,3.72,298,0.99
2025.114.16:55:00/wx/-1.30,554.6,60.3,3.66,299,1.02
2025.114.16:56:00/wx/-1.30,554.6,57.7,3.70,303,1.04
2025.114.16:57:00/wx/-1.30,554.6,59.0,4.23,300,1.06
2025.114.16:58:00/wx/-1.40,554.6,59.4,4.16,298,1.08
2025.114.16:59:00/wx/-1.40,554.6,57.3,4.61,297,1.10
2025.114.17:00:00/wx/-1.60,554.5,57.3,4.56,293,1.11
2025.114.17:01:00/wx/-1.60,554.6,60.2,4.70,309,1.08
2025.114.17:02:00/wx/-1.60,554.6,65.3,5.13,313,1.09
2025.114.17:03:00/wx/-1.60,554.6,61.9,4.87,314,1.08
2025.114.17:04:00/wx/-1.60,554.6,59.9,4.27,311,1.10
2025.114.17:05:00/wx/-1.60,554.6,60.8,4.79,307,1.09
2025.114.17:06:00/wx/-1.57,554.5,62.1,5.03,315,1.16
2025.114.17:07:00/wx/-1.50,554.5,61.3,4.63,310,1.17
2025.114.17:08:00/wx/-1.50,554.6,62.0,4.50,311,1.19
2025.114.17:09:00/wx/-1.50,554.5,65.0,4.46,310,1.18
2025.114.17:10:00/wx/-1.50,554.5,66.5,4.82,310,1.20
2025.114.17:11:00/wx/-1.60,554.5,68.1,5.26,314,1.21
2025.114.17:12:00/wx/-1.50,554.6,68.9,5.43,307,1.20
2025.114.17:13:00/wx/-1.55,554.5,66.9,5.37,313,1.21
2025.114.17:14:00/wx/-1.70,554.5,62.4,4.99,313,1.19
2025.114.17:15:00/wx/-1.71,554.5,61.8,6.08,315,1.22
2025.114.17:16:00/wx/-1.70,554.5,61.1,5.54,301,1.17
2025.114.17:17:00/wx/-1.90,554.5,57.9,5.73,308,1.12
2025.114.17:18:00/wx/-2.00,554.5,60.1,6.16,306,1.15
2025.114.17:19:00/wx/-2.00,554.5,64.5,5.65,307,1.22
2025.114.17:20:00/wx/-2.12,554.5,65.9,6.92,305,1.22
2025.114.17:21:00/wx/-2.19,554.5,69.5,6.02,306,1.22
2025.114.17:22:00/wx/-2.20,554.5,73.7,6.18,309,1.35
2025.114.17:23:00/wx/-2.10,554.5,75.7,6.27,301,1.34
2025.114.17:24:00/wx/-2.20,554.5,76.6,6.20,302,1.38
2025.114.17:25:00/wx/-2.30,554.5,76.8,5.69,300,1.42
2025.114.17:26:00/wx/-2.30,554.5,76.6,6.07,295,1.41
2025.114.17:27:00/wx/-2.20,554.5,78.1,6.10,311,1.44
2025.114.17:28:00/wx/-2.26,554.5,77.9,5.78,311,1.48
2025.114.17:29:00/wx/-2.20,554.4,77.3,6.44,311,1.47
2025.114.17:30:00/wx/-2.12,554.4,79.0,6.45,307,1.52
2025.114.17:31:00/wx/-2.30,554.4,79.3,5.59,312,1.42
2025.114.17:32:00/wx/-2.20,554.4,79.7,6.27,314,1.38
2025.114.17:33:00/wx/-2.04,554.4,79.6,6.16,309,1.54
2025.114.17:34:00/wx/-2.00,554.4,78.0,6.32,300,1.50
2025.114.17:35:00/wx/-2.03,554.4,78.4,6.60,316,1.57
2025.114.17:36:00/wx/-2.28,554.4,79.7,6.27,310,1.68
2025.114.17:37:00/wx/-2.30,554.5,80.4,5.78,307,1.75
2025.114.17:38:00/wx/-2.09,554.4,80.9,6.85,316,1.66
2025.114.17:39:00/wx/-2.30,554.4,79.9,6.44,310,1.53
2025.114.17:40:00/wx/-2.36,554.4,79.5,6.67,305,1.41
2025.114.17:41:00/wx/-2.30,554.4,80.6,6.33,314,1.51
2025.114.17:42:00/wx/-2.20,554.4,79.4,6.24,304,1.49
2025.114.17:43:00/wx/-2.25,554.4,78.5,7.16,290,1.58
2025.114.17:44:00/wx/-2.40,554.4,80.9,6.63,307,1.53
2025.114.17:45:00/wx/-2.27,554.4,81.8,6.84,308,1.53
2025.114.17:46:00/wx/-2.39,554.4,81.3,6.99,308,1.64
2025.114.17:47:00/wx/-2.40,554.4,82.7,6.99,309,1.59
2025.114.17:48:00/wx/-2.30,554.4,83.0,6.82,310,1.64
2025.114.17:49:00/wx/-2.30,554.4,78.6,7.03,300,1.30
2025.114.17:50:00/wx/-2.44,554.4,75.2,6.31,303,1.46
2025.114.17:51:00/wx/-2.40,554.4,77.0,6.78,306,1.43
2025.114.17:52:00/wx/-2.30,554.4,77.0,7.27,303,1.44
2025.114.17:53:00/wx/-2.40,554.4,76.4,6.97,307,1.64
2025.114.17:54:00/wx/-2.40,554.4,75.0,7.53,302,1.52
2025.114.17:55:00/wx/-2.50,554.3,71.7,6.91,303,1.50
2025.114.17:56:00/wx/-2.30,554.3,75.6,7.65,308,1.50
2025.114.17:57:00/wx/-2.40,554.3,76.2,6.80,307,1.53
2025.114.17:58:00/wx/-2.37,554.3,77.5,7.90,304,1.57
2025.114.17:59:00/wx/-2.50,554.3,79.2,8.51,308,1.50
2025.114.18:00:00/wx/-2.50,554.3,80.3,7.70,310,1.38
2025.114.18:01:00/wx/-2.30,554.3,80.6,7.16,295,1.37
2025.114.18:02:00/wx/-2.30,554.2,77.8,7.25,298,1.51
2025.114.18:03:00/wx/-2.30,554.3,79.7,8.05,308,1.47
2025.114.18:04:00/wx/-2.50,554.2,79.4,8.61,309,1.56
2025.114.18:05:00/wx/-2.50,554.2,79.6,7.80,315,1.54
2025.114.18:06:00/wx/-2.40,554.3,78.8,7.36,304,1.63
2025.114.18:07:00/wx/-2.32,554.2,79.1,7.36,309,1.61
2025.114.18:08:00/wx/-2.32,554.2,78.5,8.25,303,1.48
2025.114.18:09:00/wx/-2.30,554.3,78.2,8.78,308,1.55
2025.114.18:10:00/wx/-2.50,554.2,78.9,8.22,309,1.56
2025.114.18:11:00/wx/-2.40,554.3,79.9,6.84,303,1.48
2025.114.18:12:00/wx/-2.30,554.3,79.5,7.20,307,1.55
2025.114.18:13:00/wx/-2.20,554.3,79.9,7.22,298,1.56
2025.114.18:14:00/wx/-2.31,554.3,72.5,8.15,300,1.32
2025.114.18:15:00/wx/-2.30,554.3,73.1,7.60,303,1.46
2025.114.18:16:00/wx/-2.40,554.3,71.7,8.03,301,1.47
2025.114.18:17:00/wx/-2.50,554.3,72.8,8.18,294,1.54
2025.114.18:18:00/wx/-2.40,554.3,74.0,7.22,307,1.60
2025.114.18:19:00/wx/-2.32,554.4,72.7,8.41,291,1.51
2025.114.18:20:00/wx/-2.50,554.4,69.9,7.24,298,1.29
2025.114.18:21:00/wx/-2.39,554.3,72.3,6.41,299,1.41
2025.114.18:22:00/wx/-2.30,554.4,68.8,6.79,297,1.51
2025.114.18:23:00/wx/-2.30,554.4,70.8,7.60,289,1.50
2025.114.18:24:00/wx/-2.30,554.4,74.6,6.84,288,1.63
2025.114.18:25:00/wx/-2.30,554.3,72.3,6.81,296,1.79
2025.114.18:26:00/wx/-2.30,554.3,75.8,7.31,306,1.47
2025.114.18:27:00/wx/-2.30,554.3,78.3,7.26,302,1.57
2025.114.18:28:00/wx/-2.40,554.3,77.6,8.13,307,1.54
2025.114.18:29:00/wx/-2.30,554.3,77.9,7.58,305,1.73
2025.114.18:30:00/wx/-2.18,554.3,75.2,8.39,306,1.76
2025.114.18:31:00/wx/-2.30,554.3,71.6,8.23,310,1.78
2025.114.18:32:00/wx/-2.30,554.3,73.5,8.02,307,1.80
2025.114.18:33:00/wx/-2.31,554.3,74.7,7.60,308,1.84
2025.114.18:34:00/wx/-2.20,554.3,76.5,8.30,303,1.67
2025.114.18:35:00/wx/-2.38,554.3,78.2,7.21,314,1.57
2025.114.18:36:00/wx/-2.30,554.3,79.6,7.16,311,1.60
2025.114.18:37:00/wx/-2.10,554.3,79.4,8.25,302,1.64
2025.114.18:38:00/wx/-2.20,554.3,78.2,7.80,301,1.66
2025.114.18:39:00/wx/-2.20,554.3,78.6,8.19,306,1.77
2025.114.18:40:00/wx/-2.20,554.4,75.5,8.52,296,1.64
2025.114.18:41:00/wx/-2.31,554.3,70.7,7.68,290,1.66
2025.114.18:42:00/wx/-2.40,554.4,74.2,7.09,293,1.83
2025.114.18:43:00/wx/-2.40,554.3,74.3,8.43,300,1.79
2025.114.18:44:00/wx/-2.30,554.4,77.9,8.90,291,1.88
2025.114.18:45:00/wx/-2.41,554.3,77.6,7.81,287,1.80
2025.114.18:46:00/wx/-2.62,554.3,76.8,8.08,290,1.67
2025.114.18:47:00/wx/-2.61,554.3,80.2,8.62,300,1.99
2025.114.18:48:00/wx/-2.40,554.3,76.9,8.33,297,1.69
2025.114.18:49:00/wx/-2.40,554.3,76.5,7.80,295,1.77
2025.114.18:50:00/wx/-2.30,554.3,76.4,8.95,297,1.80
2025.114.18:51:00/wx/-2.30,554.3,74.2,8.27,298,1.82
2025.114.18:52:00/wx/-2.20,554.3,72.8,7.00,305,1.83
2025.114.18:53:00/wx/-2.40,554.3,71.7,7.83,298,1.82
2025.114.18:54:00/wx/-2.19,554.4,75.1,8.51,304,1.91
2025.114.18:55:00/wx/-2.30,554.3,71.3,7.31,303,1.81
2025.114.18:56:00/wx/-2.53,554.3,69.2,7.45,301,1.67
2025.114.18:57:00/wx/-2.53,554.4,75.7,7.77,307,1.94
2025.114.18:58:00/wx/-2.40,554.3,79.5,7.87,299,1.94
2025.114.18:59:00/wx/-2.60,554.3,79.3,7.33,301,1.92
2025.114.19:00:00/wx/-2.59,554.3,78.1,9.57,297,1.73
2025.114.19:01:00/wx/-2.60,554.3,78.0,9.15,300,1.66
2025.114.19:02:00/wx/-2.57,554.3,77.5,9.18,294,1.67
2025.114.19:03:00/wx/-2.50,554.3,79.0,8.56,295,1.73
2025.114.19:04:00/wx/-2.60,554.3,74.3,9.10,300,1.77
2025.114.19:05:00/wx/-2.60,554.3,76.2,8.34,302,1.73
2025.114.19:06:00/wx/-2.40,554.3,77.3,8.30,317,1.63
2025.114.19:07:00/wx/-2.40,554.3,75.9,8.39,303,1.73
2025.114.19:08:00/wx/-2.40,554.3,76.0,7.74,313,1.72
2025.114.19:09:00/wx/-2.40,554.4,76.1,8.19,302,1.77
2025.114.19:10:00/wx/-2.40,554.3,76.6,8.36,302,1.79
2025.114.19:11:00/wx/-2.50,554.3,76.8,8.20,297,1.69
2025.114.19:12:00/wx/-2.39,554.3,77.4,7.28,309,1.66
2025.114.19:13:00/wx/-2.40,554.4,76.0,6.29,296,1.65
2025.114.19:14:00/wx/-2.40,554.4,70.1,9.01,303,1.55
2025.114.19:15:00/wx/-2.40,554.3,65.7,8.27,304,1.46
2025.114.19:16:00/wx/-2.50,554.3,64.1,7.77,298,1.49
2025.114.19:17:00/wx/-2.40,554.4,65.2,8.56,303,1.55
2025.114.19:18:00/wx/-2.50,554.3,65.7,6.84,296,1.51
2025.114.19:19:00/wx/-2.44,554.3,66.3,7.95,295,1.68
2025.114.19:20:00/wx/-2.40,554.3,66.8,7.73,310,1.51
2025.114.19:21:00/wx/-2.33,554.3,64.2,7.52,304,1.45
2025.114.19:22:00/wx/-2.40,554.3,60.0,7.72,306,1.50
2025.114.19:23:00/wx/-2.40,554.3,60.5,7.74,298,1.47
2025.114.19:24:00/wx/-2.40,554.3,61.4,8.41,303,1.40
2025.114.19:25:00/wx/-2.50,554.3,54.6,8.33,302,1.33
2025.114.19:26:00/wx/-2.40,554.3,50.8,8.42,305,1.38
2025.114.19:27:00/wx/-2.40,554.3,49.9,6.91,311,1.34
2025.114.19:28:00/wx/-2.40,554.3,50.8,8.13,295,1.27
2025.114.19:29:00/wx/-2.50,554.3,52.9,8.63,288,1.34
2025.114.19:30:00/wx/-2.60,554.3,53.2,7.13,295,1.32
2025.114.19:31:00/wx/-2.56,554.3,53.6,7.59,299,1.41
2025.114.19:32:00/wx/-2.40,554.3,50.4,8.57,292,1.28
2025.114.19:33:00/wx/-2.40,554.3,48.5,7.70,298,1.24
2025.114.19:34:00/wx/-2.40,554.3,48.5,7.65,294,1.34
2025.114.19:35:00/wx/-2.41,554.3,49.3,6.36,295,1.32
2025.114.19:36:00/wx/-2.40,554.3,45.8,8.04,295,1.21
2025.114.19:37:00/wx/-2.40,554.3,41.5,7.62,299,1.24
2025.114.19:38:00/wx/-2.32,554.2,43.8,6.86,304,1.28
2025.114.19:39:00/wx/-2.40,554.3,45.7,7.40,306,1.19
2025.114.19:40:00/wx/-2.40,554.3,45.6,8.71,297,1.24
2025.114.19:41:00/wx/-2.50,554.3,44.0,8.24,286,1.17
2025.114.19:42:00/wx/-2.40,554.3,41.0,7.99,295,1.18
2025.114.19:43:00/wx/-2.38,554.3,39.5,8.40,293,1.19
2025.114.19:44:00/wx/-2.30,554.2,39.0,7.69,294,1.14
2025.114.19:45:00/wx/-2.40,554.2,40.7,8.14,279,1.18
2025.114.19:46:00/wx/-2.28,554.2,39.6,7.61,288,1.21
2025.114.19:47:00/wx/-2.50,554.2,42.3,8.53,292,1.23
2025.114.19:48:00/wx/-2.47,554.2,42.6,8.20,291,1.25
2025.114.19:49:00/wx/-2.40,554.2,43.3,7.35,289,1.28
2025.114.19:50:00/wx/-2.40,554.2,44.5,7.91,279,1.27
2025.114.19:51:00/wx/-2.50,554.2,47.0,7.39,283,1.29
2025.114.19:52:00/wx/-2.70,554.2,48.5,7.67,280,1.16
2025.114.19:53:00/wx/-2.80,554.2,48.9,7.59,283,1.22
2025.114.19:54:00/wx/-2.81,554.2,49.2,7.45,278,1.23
2025.114.19:55:00/wx/-2.60,554.2,43.8,7.65,277,1.17
2025.114.19:56:00/wx/-2.66,554.2,42.1,5.69,272,1.21
2025.114.19:57:00/wx/-2.70,554.2,40.5,6.13,277,1.16
2025.114.19:58:00/wx/-2.80,554.2,42.0,6.70,272,1.11
2025.114.19:59:00/wx/-2.70,554.2,39.9,6.72,278,1.16
2025.114.20:00:00/wx/-2.80,554.2,40.7,5.96,274,1.13
2025.114.20:01:00/wx/-2.70,554.2,41.7,7.65,278,1.13
2025.114.20:02:00/wx/-2.80,554.2,46.3,6.23,278,1.19
2025.114.20:03:00/wx/-2.66,554.2,45.7,6.87,279,1.15
2025.114.20:04:00/wx/-2.59,554.2,42.5,6.26,277,1.18
2025.114.20:05:00/wx/-2.60,554.2,41.6,6.46,274,1.18
2025.114.20:06:00/wx/-2.66,554.2,44.8,5.40,276,1.21
2025.114.20:07:00/wx/-2.80,554.2,44.2,6.93,276,1.15
2025.114.20:08:00/wx/-2.62,554.2,39.9,5.93,276,1.13
2025.114.20:09:00/wx/-2.71,554.2,42.1,6.62,274,1.18
2025.114.20:10:00/wx/-2.59,554.2,42.8,7.12,282,1.21
2025.114.20:11:00/wx/-2.70,554.2,46.4,7.15,278,1.22
2025.114.20:12:00/wx/-2.90,554.2,46.2,5.53,275,1.14
2025.114.20:13:00/wx/-2.70,554.2,42.7,6.91,277,1.16
2025.114.20:14:00/wx/-2.79,554.2,43.1,6.81,277,1.15
2025.114.20:15:00/wx/-2.70,554.2,42.4,6.96,277,1.17
2025.114.20:16:00/wx/-2.70,554.2,42.9,7.14,269,1.16
2025.114.20:17:00/wx/-2.91,554.2,45.1,7.92,280,1.17
2025.114.20:18:00/wx/-2.90,554.3,45.1,7.34,281,1.12
2025.114.20:19:00/wx/-2.90,554.2,44.3,6.64,276,1.15
2025.114.20:20:00/wx/-2.80,554.2,43.0,7.51,280,1.21
2025.114.20:21:00/wx/-2.87,554.2,47.1,7.91,281,1.24
2025.114.20:22:00/wx/-2.90,554.2,46.8,7.76,280,1.35
2025.114.20:23:00/wx/-2.85,554.2,48.5,8.44,280,1.30
2025.114.20:24:00/wx/-2.80,554.2,48.5,7.11,276,1.33
2025.114.20:25:00/wx/-2.90,554.2,47.4,8.12,278,1.11
2025.114.20:26:00/wx/-3.08,554.2,46.9,7.46,279,1.25
2025.114.20:27:00/wx/-3.20,554.3,51.4,7.45,279,1.29
2025.114.20:28:00/wx/-2.96,554.3,45.8,7.37,278,1.22
2025.114.20:29:00/wx/-3.00,554.3,43.2,6.21,278,1.27
2025.114.20:30:00/wx/-3.03,554.3,44.9,7.31,280,1.18
2025.114.20:31:00/wx/-3.02,554.3,43.8,6.76,278,1.23
2025.114.20:32:00/wx/-3.10,554.3,44.9,6.06,279,1.18
2025.114.20:33:00/wx/-3.04,554.3,41.4,7.71,280,1.18
2025.114.20:34:00/wx/-2.90,554.3,38.4,7.83,284,1.17
2025.114.20:35:00/wx/-3.00,554.3,41.6,6.32,287,1.12
2025.114.20:36:00/wx/-2.82,554.4,41.7,6.51,282,1.22
2025.114.20:37:00/wx/-2.90,554.4,41.7,6.43,285,1.25
2025.114.20:38:00/wx/-2.90,554.4,42.9,5.83,284,1.29
2025.114.20:39:00/wx/-3.00,554.4,44.0,5.93,285,1.27
2025.114.20:40:00/wx/-3.20,554.4,45.5,6.39,289,1.17
2025.114.20:41:00/wx/-3.10,554.4,45.1,5.81,283,1.31
2025.114.20:42:00/wx/-3.00,554.4,45.0,5.84,283,1.33
2025.114.20:43:00/wx/-3.07,554.4,45.8,5.18,281,1.41
2025.114.20:44:00/wx/-2.90,554.4,46.0,5.63,280,1.36
2025.114.20:45:00/wx/-2.90,554.4,46.2,6.26,279,1.28
2025.114.20:46:00/wx/-2.90,554.4,43.7,6.96,284,1.23
2025.114.20:47:00/wx/-2.88,554.4,38.2,6.62,280,1.18
2025.114.20:48:00/wx/-2.80,554.4,36.1,6.79,284,1.16
2025.114.20:49:00/wx/-3.00,554.4,37.7,7.33,286,1.17
2025.114.20:50:00/wx/-3.00,554.4,38.6,6.60,281,1.12
2025.114.20:51:00/wx/-3.00,554.4,39.3,6.55,279,1.12
2025.114.20:52:00/wx/-2.90,554.4,40.5,5.79,277,1.12
2025.114.20:53:00/wx/-3.10,554.4,42.2,5.53,277,1.08
2025.114.20:54:00/wx/-3.00,554.4,40.1,6.71,277,1.10
2025.114.20:55:00/wx/-3.04,554.4,37.9,6.21,277,1.09
2025.114.20:56:00/wx/-3.09,554.4,39.5,7.50,280,1.13
2025.114.20:57:00/wx/-3.00,554.4,41.2,7.78,280,1.18
2025.114.20:58:00/wx/-2.93,554.4,40.0,7.41,280,1.25
2025.114.20:59:00/wx/-3.00,554.4,41.3,5.93,278,1.24
2025.114.21:00:00/wx/-3.34,554.4,43.8,6.66,276,1.19
2025.114.21:01:00/wx/-3.59,554.4,42.7,5.86,260,1.10
2025.114.21:02:00/wx/-3.17,554.4,35.6,5.56,265,1.10
2025.114.21:03:00/wx/-2.90,554.4,33.2,5.35,264,1.12
2025.114.21:04:00/wx/-3.01,554.4,34.5,5.62,266,1.08
2025.114.21:05:00/wx/-3.10,554.4,33.7,6.23,259,1.08
2025.114.21:06:00/wx/-3.01,554.4,31.6,6.95,256,1.03
2025.114.21:07:00/wx/-2.78,554.5,29.0,5.35,262,1.05
2025.114.21:08:00/wx/-3.02,554.4,28.5,5.41,272,1.09
2025.114.21:09:00/wx/-3.10,554.5,30.8,5.29,268,1.01
2025.114.21:10:00/wx/-3.10,554.5,28.0,5.87,258,1.01
2025.114.21:11:00/wx/-3.10,554.5,27.4,6.39,259,1.00
2025.114.21:12:00/wx/-3.04,554.5,26.8,5.24,265,1.00
2025.114.21:13:00/wx/-3.27,554.5,27.9,5.11,263,1.05
2025.114.21:14:00/wx/-3.19,554.5,27.2,5.06,266,1.02
2025.114.21:15:00/wx/-3.10,554.5,28.1,5.83,278,1.02
2025.114.21:16:00/wx/-3.30,554.5,28.2,5.43,269,1.01
2025.114.21:17:00/wx/-3.37,554.5,27.1,6.08,261,1.03
2025.114.21:18:00/wx/-3.30,554.6,27.9,5.44,259,1.03
2025.114.21:19:00/wx/-3.40,554.6,27.5,6.40,253,1.04
2025.114.21:20:00/wx/-3.20,554.6,26.1,5.62,256,1.05
2025.114.21:21:00/wx/-3.20,554.7,25.3,6.13,256,1.02
2025.114.21:22:00/wx/-3.30,554.7,25.8,6.21,253,1.05
2025.114.21:23:00/wx/-3.39,554.7,24.6,7.28,251,1.04
2025.114.21:24:00/wx/-3.20,554.6,23.0,7.04,251,1.03
2025.114.21:25:00/wx/-3.20,554.7,22.9,4.98,259,1.05
2025.114.21:26:00/wx/-3.10,554.6,23.1,5.33,256,1.02
2025.114.21:27:00/wx/-3.35,554.7,23.9,5.10,261,1.02
2025.114.21:28:00/wx/-3.29,554.7,24.5,4.26,270,1.04
2025.114.21:29:00/wx/-3.30,554.7,24.9,4.10,262,1.02
2025.114.21:30:00/wx/-3.40,554.7,25.3,5.64,254,1.02
2025.114.21:31:00/wx/-3.40,554.7,25.1,5.93,253,1.08
2025.114.21:32:00/wx/-3.20,554.7,24.5,5.02,257,1.06
2025.114.21:33:00/wx/-3.29,554.7,24.8,5.09,257,1.06
2025.114.21:34:00/wx/-3.40,554.7,24.7,5.41,265,1.07
2025.114.21:35:00/wx/-3.23,554.7,23.0,5.29,269,1.06
2025.114.21:36:00/wx/-3.10,554.7,23.2,4.94,272,1.05
2025.114.21:37:00/wx/-3.10,554.7,23.4,5.02,271,1.03
2025.114.21:38:00/wx/-3.10,554.7,24.3,4.77,272,1.08
2025.114.21:39:00/wx/-3.20,554.7,25.3,5.25,276,1.02
2025.114.21:40:00/wx/-3.18,554.6,24.6,4.89,270,0.97
2025.114.21:41:00/wx/-3.40,554.7,24.6,4.54,272,1.01
2025.114.21:42:00/wx/-3.40,554.7,23.8,5.03,262,1.05
2025.114.21:43:00/wx/-3.30,554.7,23.3,5.31,261,1.03
2025.114.21:44:00/wx/-3.50,554.7,24.6,4.37,268,1.04
2025.114.21:45:00/wx/-3.50,554.7,25.0,4.62,273,1.04
2025.114.21:46:00/wx/-3.50,554.7,24.8,5.61,258,1.07
2025.114.21:47:00/wx/-3.60,554.7,26.2,5.03,265,1.10
2025.114.21:48:00/wx/-3.60,554.7,26.6,5.51,263,1.11
2025.114.21:49:00/wx/-3.30,554.7,25.1,5.00,260,1.19
2025.114.21:50:00/wx/-3.19,554.7,29.7,4.53,271,1.13
2025.114.21:51:00/wx/-3.50,554.7,29.1,4.83,263,1.16
2025.114.21:52:00/wx/-3.40,554.7,28.7,4.63,269,1.17
2025.114.21:53:00/wx/-3.40,554.7,29.8,4.25,260,1.16
2025.114.21:54:00/wx/-3.30,554.8,31.3,4.83,264,1.19
2025.114.21:55:00/wx/-3.32,554.8,32.9,5.09,258,1.16
2025.114.21:56:00/wx/-3.40,554.8,35.0,5.20,270,1.19
2025.114.21:57:00/wx/-3.25,554.8,34.1,4.22,266,1.18
2025.114.21:58:00/wx/-3.40,554.8,34.9,4.77,275,1.20
2025.114.21:59:00/wx/-3.40,554.8,32.7,4.41,277,1.23
2025.114.22:00:00/wx/-3.42,554.8,32.5,4.23,267,1.24
2025.114.22:01:00/wx/-3.49,554.8,32.3,4.71,275,1.25
2025.114.22:02:00/wx/-3.45,554.8,32.9,4.14,276,1.30
2025.114.22:03:00/wx/-3.60,554.8,34.1,4.51,274,1.31
2025.114.22:04:00/wx/-3.57,554.8,35.0,4.77,278,1.32
2025.114.22:05:00/wx/-3.57,554.8,35.4,3.75,276,1.38
2025.114.22:06:00/wx/-4.01,554.8,36.8,4.81,290,1.31
2025.114.22:07:00/wx/-4.60,554.9,40.4,4.64,284,1.37
2025.114.22:08:00/wx/-4.90,554.8,42.4,4.03,299,1.37
2025.114.22:09:00/wx/-4.80,554.9,43.6,3.78,309,1.43
2025.114.22:10:00/wx/-4.70,554.9,44.2,3.79,306,1.41
2025.114.22:11:00/wx/-4.59,554.8,43.8,4.03,300,1.47
2025.114.22:12:00/wx/-4.39,554.8,43.6,4.35,298,1.45
2025.114.22:13:00/wx/-4.50,554.9,43.2,4.23,300,1.44
2025.114.22:14:00/wx/-4.70,554.8,43.5,4.57,291,1.46
2025.114.22:15:00/wx/-4.70,554.8,42.6,4.51,266,1.51
2025.114.22:16:00/wx/-4.70,554.8,41.2,4.74,275,1.53
2025.114.22:17:00/wx/-4.24,554.8,39.4,4.01,272,1.48
2025.114.22:18:00/wx/-3.80,554.8,38.0,4.53,273,1.54
2025.114.22:19:00/wx/-3.66,554.8,37.3,4.66,278,1.51
2025.114.22:20:00/wx/-3.89,554.8,39.1,4.15,275,1.50
2025.114.22:21:00/wx/-3.90,554.8,40.1,4.86,267,1.46
2025.114.22:22:00/wx/-3.80,554.9,40.1,4.67,267,1.46
2025.114.22:23:00/wx/-3.80,554.9,40.1,5.33,272,1.49
2025.114.22:24:00/wx/-3.65,554.9,40.8,5.50,269,1.51
2025.114.22:25:00/wx/-3.60,554.9,40.6,4.88,267,1.52
2025.114.22:26:00/wx/-3.60,554.9,37.8,4.52,269,1.54
2025.114.22:27:00/wx/-3.70,554.9,38.5,5.25,279,1.52
2025.114.22:28:00/wx/-3.91,554.9,39.8,4.26,271,1.52
2025.114.22:29:00/wx/-4.55,554.9,41.2,4.45,276,1.56
2025.114.22:30:00/wx/-4.89,554.9,43.3,4.83,282,1.63
2025.114.22:31:00/wx/-4.73,554.9,45.4,3.45,268,1.64
2025.114.22:32:00/wx/-4.44,554.9,47.3,4.13,274,1.66
2025.114.22:33:00/wx/-4.09,554.9,47.5,5.30,271,1.68
2025.114.22:34:00/wx/-3.86,554.9,45.9,5.01,266,1.63
2025.114.22:35:00/wx/-3.90,554.9,44.4,4.63,271,1.64
2025.114.22:36:00/wx/-3.80,555.0,45.8,4.36,273,1.71
2025.114.22:37:00/wx/-3.80,555.0,45.3,4.39,266,1.73
2025.114.22:38:00/wx/-3.79,555.0,44.9,4.93,273,1.76
2025.114.22:39:00/wx/-3.75,555.0,49.2,5.17,270,1.67
2025.114.22:40:00/wx/-3.80,555.0,51.3,5.30,264,1.76
2025.114.22:41:00/wx/-3.72,555.0,51.3,4.89,262,1.71
2025.114.22:42:00/wx/-3.80,555.0,51.4,4.23,271,1.79
2025.114.22:43:00/wx/-3.80,555.0,51.5,4.42,270,1.78
2025.114.22:44:00/wx/-3.80,555.0,53.5,4.70,265,1.82
2025.114.22:45:00/wx/-3.80,555.0,54.7,4.43,264,1.78
2025.114.22:46:00/wx/-3.81,555.0,52.7,4.27,272,1.80
2025.114.22:47:00/wx/-3.90,555.0,52.3,4.24,274,1.80
2025.114.22:48:00/wx/-3.90,555.1,52.7,4.51,275,1.84
2025.114.22:49:00/wx/-3.90,555.1,53.2,4.39,276,1.83
2025.114.22:50:00/wx/-3.90,555.1,53.2,5.12,285,1.82
2025.114.22:51:00/wx/-4.41,555.1,53.3,4.52,283,1.85
2025.114.22:52:00/wx/-5.25,555.1,53.8,3.56,309,1.83
2025.114.22:53:00/wx/-6.20,555.1,57.4,3.77,321,1.87
2025.114.22:54:00/wx/-6.00,555.1,60.1,3.84,317,1.84
2025.114.22:55:00/wx/-5.80,555.1,59.7,3.63,310,1.79
2025.114.22:56:00/wx/-5.60,555.1,59.7,4.44,312,1.82
2025.114.22:57:00/wx/-5.50,555.1,59.7,4.51,299,1.84
2025.114.22:58:00/wx/-5.40,555.1,59.6,4.04,309,1.83
2025.114.22:59:00/wx/-5.46,555.1,59.9,3.50,298,1.82
2025.114.23:00:00/wx/-5.80,555.1,59.8,3.43,278,1.79
2025.114.23:01:00/wx/-5.77,555.1,61.1,3.47,293,1.70
2025.114.23:02:00/wx/-5.70,555.1,60.8,4.46,280,1.75
2025.114.23:03:00/wx/-5.36,555.1,61.0,4.18,275,1.76
2025.114.23:04:00/wx/-4.44,555.1,60.2,3.80,275,1.79
2025.114.23:05:00/wx/-4.30,555.2,58.6,4.53,279,1.77
2025.114.23:06:00/wx/-4.30,555.2,58.1,5.02,279,1.77
2025.114.23:07:00/wx/-4.40,555.2,57.8,3.88,265,1.75
2025.114.23:08:00/wx/-4.18,555.2,57.8,5.35,276,1.75
2025.114.23:09:00/wx/-4.00,555.2,57.3,5.05,271,1.76
2025.114.23:10:00/wx/-4.20,555.2,57.1,5.63,283,1.78
2025.114.23:11:00/wx/-4.54,555.2,57.7,5.30,279,1.81
2025.114.23:12:00/wx/-4.61,555.2,58.7,5.49,277,1.81
2025.114.23:13:00/wx/-4.52,555.2,59.1,4.87,275,1.78
2025.114.23:14:00/wx/-4.97,555.2,59.2,5.03,290,1.74
2025.114.23:15:00/wx/-5.20,555.2,59.7,4.65,280,1.78
2025.114.23:16:00/wx/-5.30,555.2,61.4,4.40,292,1.81
2025.114.23:17:00/wx/-5.30,555.2,62.0,4.71,285,1.85
2025.114.23:18:00/wx/-5.20,555.2,61.6,4.18,294,1.82
2025.114.23:19:00/wx/-5.26,555.2,61.7,4.81,278,1.80
2025.114.23:20:00/wx/-5.81,555.2,61.3,4.62,281,1.79
2025.114.23:21:00/wx/-5.90,555.2,63.4,4.57,286,1.79
2025.114.23:22:00/wx/-5.51,555.2,63.3,4.48,278,1.83
2025.114.23:23:00/wx/-5.60,555.2,62.7,4.72,280,1.81
2025.114.23:24:00/wx/-5.23,555.2,63.7,5.00,279,1.81
2025.114.23:25:00/wx/-4.52,555.2,62.8,4.41,279,1.80
2025.114.23:26:00/wx/-5.31,555.2,60.9,4.59,287,1.82
2025.114.23:27:00/wx/-5.30,555.2,63.9,4.42,296,1.80
2025.114.23:28:00/wx/-5.57,555.2,62.9,3.77,311,1.79
2025.114.23:29:00/wx/-5.93,555.3,65.0,4.02,314,1.84
2025.114.23:30:00/wx/-5.72,555.2,65.4,4.14,311,1.81
2025.114.23:31:00/wx/-6.16,555.3,65.4,4.12,317,1.85
2025.114.23:32:00/wx/-5.91,555.3,66.5,3.75,323,1.91
2025.114.23:33:00/wx/-5.70,555.2,65.9,4.01,324,1.91
2025.114.23:34:00/wx/-5.70,555.3,65.5,3.83,321,1.85
2025.114.23:35:00/wx/-5.59,555.3,65.5,3.89,320,1.76
2025.114.23:36:00/wx/-5.44,555.2,65.3,3.41,307,1.80
2025.114.23:37:00/wx/-5.40,555.3,64.7,4.53,324,1.82
2025.114.23:38:00/wx/-5.19,555.3,64.8,4.53,326,1.84
2025.114.23:39:00/wx/-5.18,555.3,64.4,4.15,318,1.87
2025.114.23:40:00/wx/-4.99,555.3,64.1,4.24,322,1.85
2025.114.23:41:00/wx/-5.00,555.3,63.8,4.26,319,1.82
2025.114.23:42:00/wx/-4.80,555.3,63.7,3.13,318,1.83
2025.114.23:43:00/wx/-4.90,555.3,63.4,4.66,319,1.78
2025.114.23:44:00/wx/-4.99,555.3,63.5,3.17,321,1.75
2025.114.23:45:00/wx/-5.11,555.3,63.6,4.25,325,1.71
2025.114.23:46:00/wx/-5.05,555.3,64.5,4.00,320,1.84
2025.114.23:47:00/wx/-4.90,555.3,64.2,3.93,320,1.80
2025.114.23:48:00/wx/-4.90,555.3,64.1,4.37,324,1.82
2025.114.23:49:00/wx/-4.90,555.3,64.0,3.67,317,1.83
2025.114.23:50:00/wx/-5.20,555.4,63.7,3.77,326,1.82
2025.114.23:51:00/wx/-5.20,555.3,64.8,4.40,306,1.75
2025.114.23:52:00/wx/-5.10,555.4,64.7,3.73,298,1.76
2025.114.23:53:00/wx/-5.00,555.3,64.7,3.61,299,1.71
2025.114.23:54:00/wx/-4.99,555.3,64.9,4.28,305,1.75
2025.114.23:55:00/wx/-5.10,555.4,65.0,4.21,306,1.69
2025.114.23:56:00/wx/-5.00,555.3,65.6,3.99,305,1.77
2025.114.23:57:00/wx/-5.00,555.4,65.2,4.23,304,1.75
2025.114.23:58:00/wx/-5.14,555.3,65.3,3.88,299,1.70
2025.114.23:59:00/wx/-5.31,555.3,65.6,4.02,295,1.67
2025.115.00:00:00/wx/-5.20,555.3,66.5,4.29,300,1.67
2025.115.00:01:00/wx/-5.07,555.3,66.4,4.47,296,1.68
2025.115.00:02:00/wx/-5.10,555.3,66.4,4.04,299,1.69
2025.115.00:03:00/wx/-5.40,555.3,66.4,3.91,299,1.72
2025.115.00:04:00/wx/-5.50,555.3,67.4,4.13,303,1.74
2025.115.00:05:00/wx/-5.40,555.4,67.7,4.04,308,1.77
2025.115.00:06:00/wx/-5.37,555.4,67.4,3.71,310,1.81
2025.115.00:07:00/wx/-5.50,555.4,67.5,4.11,312,1.74
2025.115.00:08:00/wx/-5.50,555.4,68.2,4.66,300,1.76
2025.115.00:09:00/wx/-5.30,555.4,68.0,4.41,308,1.74
2025.115.00:10:00/wx/-5.40,555.4,67.7,3.95,313,1.71
2025.115.00:11:00/wx/-5.70,555.4,67.9,4.02,306,1.70
2025.115.00:12:00/wx/-5.80,555.3,68.9,3.94,315,1.68
2025.115.00:13:00/wx/-5.70,555.4,69.8,4.15,312,1.68
2025.115.00:14:00/wx/-5.80,555.4,69.4,4.33,313,1.65
2025.115.00:15:00/wx/-5.70,555.4,69.7,4.33,311,1.67
2025.115.00:16:00/wx/-5.60,555.3,69.9,4.28,316,1.66
2025.115.00:17:00/wx/-5.60,555.4,69.6,4.42,315,1.68
2025.115.00:18:00/wx/-5.54,555.4,69.9,4.22,317,1.65
2025.115.00:19:00/wx/-5.50,555.4,69.7,4.72,321,1.63
2025.115.00:20:00/wx/-5.60,555.4,70.0,4.54,317,1.66
2025.115.00:21:00/wx/-5.32,555.4,70.1,4.46,311,1.69
2025.115.00:22:00/wx/-5.21,555.4,69.6,4.33,309,1.68
2025.115.00:23:00/wx/-5.40,555.4,69.1,4.38,311,1.72
2025.115.00:24:00/wx/-5.60,555.4,69.4,4.03,318,1.72
2025.115.00:25:00/wx/-5.70,555.4,69.6,3.68,316,1.71
2025.115.00:26:00/wx/-5.60,555.4,70.1,4.24,312,1.72
2025.115.00:27:00/wx/-5.50,555.4,70.1,4.33,310,1.72
2025.115.00:28:00/wx/-5.40,555.4,70.3,3.76,306,1.73
2025.115.00:29:00/wx/-5.40,555.4,70.2,4.05,313,1.75
2025.115.00:30:00/wx/-5.30,555.4,70.1,4.53,316,1.79
2025.115.00:31:00/wx/-5.30,555.4,69.8,4.02,315,1.82
2025.115.00:32:00/wx/-5.31,555.4,70.1,4.35,316,1.78
2025.115.00:33:00/wx/-5.35,555.4,70.0,3.81,314,1.78
2025.115.00:34:00/wx/-5.59,555.4,70.0,4.13,323,1.81
2025.115.00:35:00/wx/-5.56,555.4,70.9,4.32,316,1.81
2025.115.00:36:00/wx/-5.36,555.4,70.5,4.28,314,1.80
2025.115.00:37:00/wx/-5.50,555.5,70.6,3.22,314,1.80
2025.115.00:38:00/wx/-5.40,555.5,70.8,4.04,312,1.82
2025.115.00:39:00/wx/-5.50,555.4,70.1,4.13,312,1.81
2025.115.00:40:00/wx/-5.43,555.4,70.3,4.29,311,1.81
2025.115.00:41:00/wx/-5.30,555.5,70.6,4.37,320,1.83
2025.115.00:42:00/wx/-5.30,555.5,70.2,3.93,312,1.81
2025.115.00:43:00/wx/-5.37,555.5,70.2,4.19,316,1.80
2025.115.00:44:00/wx/-5.40,555.5,69.5,3.43,313,1.81
2025.115.00:45:00/wx/-5.71,555.5,69.8,4.32,307,1.79
2025.115.00:46:00/wx/-5.69,555.5,70.4,4.64,313,1.80
2025.115.00:47:00/wx/-5.70,555.5,70.9,3.49,315,1.82
2025.115.00:48:00/wx/-5.90,555.5,70.5,4.24,317,1.83
2025.115.00:49:00/wx/-6.00,555.5,71.0,4.53,322,1.82
2025.115.00:50:00/wx/-5.77,555.5,71.7,3.20,310,1.81
2025.115.00:51:00/wx/-5.89,555.5,70.8,3.76,312,1.83
2025.115.00:52:00/wx/-5.40,555.4,72.0,4.11,304,1.82
2025.115.00:53:00/wx/-5.30,555.5,71.1,3.82,314,1.82
2025.115.00:54:00/wx/-5.20,555.4,70.4,4.23,317,1.82
2025.115.00:55:00/wx/-5.44,555.5,69.7,3.74,304,1.79
2025.115.00:56:00/wx/-5.41,555.4,70.8,3.73,300,1.79
2025.115.00:57:00/wx/-5.20,555.4,70.5,4.32,312,1.80
2025.115.00:58:00/wx/-5.40,555.4,70.0,3.37,305,1.78
2025.115.00:59:00/wx/-5.29,555.5,70.8,4.05,310,1.76
2025.115.01:00:00/wx/-5.56,555.4,70.4,4.62,307,1.77
2025.115.01:01:00/wx/-5.31,555.4,71.3,3.83,307,1.78
2025.115.01:02:00/wx/-5.22,555.4,71.0,3.46,310,1.75
2025.115.01:03:00/wx/-5.30,555.4,70.6,3.91,311,1.75
2025.115.01:04:00/wx/-5.50,555.4,70.4,3.73,317,1.73
2025.115.01:05:00/wx/-5.60,555.4,71.0,3.89,313,1.71
2025.115.01:06:00/wx/-5.50,555.4,71.4,3.92,313,1.74
2025.115.01:07:00/wx/-5.71,555.4,70.9,3.93,311,1.75
2025.115.01:08:00/wx/-6.00,555.4,70.9,4.33,305,1.71
2025.115.01:09:00/wx/-5.80,555.4,72.7,4.30,319,1.73
2025.115.01:10:00/wx/-5.75,555.4,72.4,4.12,304,1.72
2025.115.01:11:00/wx/-5.70,555.4,72.6,3.64,313,1.73
2025.115.01:12:00/wx/-5.80,555.4,72.3,3.85,314,1.71
2025.115.01:13:00/wx/-5.52,555.4,73.2,3.81,317,1.69
2025.115.01:14:00/wx/-5.51,555.4,72.2,3.33,315,1.64
2025.115.01:15:00/wx/-5.80,555.4,71.6,3.58,315,1.64
2025.115.01:16:00/wx/-5.89,555.4,71.9,3.64,323,1.63
2025.115.01:17:00/wx/-5.97,555.4,72.3,3.90,318,1.64
2025.115.01:18:00/wx/-5.92,555.4,72.9,3.53,324,1.63
2025.115.01:19:00/wx/-5.90,555.4,72.9,3.52,318,1.64
2025.115.01:20:00/wx/-5.80,555.4,73.3,3.30,319,1.63
2025.115.01:21:00/wx/-5.90,555.4,73.2,2.71,314,1.62
2025.115.01:22:00/wx/-6.00,555.4,72.9,4.12,326,1.60
2025.115.01:23:00/wx/-5.90,555.4,73.5,3.68,322,1.62
2025.115.01:24:00/wx/-5.79,555.4,73.8,3.21,311,1.59
2025.115.01:25:00/wx/-5.66,555.4,74.0,2.87,316,1.58
2025.115.01:26:00/wx/-5.70,555.4,73.3,2.74,301,1.56
2025.115.01:27:00/wx/-5.49,555.4,73.6,3.21,319,1.54
2025.115.01:28:00/wx/-5.40,555.4,72.9,4.17,302,1.56
2025.115.01:29:00/wx/-5.61,555.4,72.3,2.66,295,1.55
2025.115.01:30:00/wx/-5.87,555.4,71.5,3.41,301,1.55
2025.115.01:31:00/wx/-5.60,555.4,73.7,3.43,299,1.53
2025.115.01:32:00/wx/-5.43,555.4,73.4,3.32,314,1.56
2025.115.01:33:00/wx/-5.87,555.4,72.0,3.11,299,1.53
2025.115.01:34:00/wx/-5.88,555.4,73.4,3.64,311,1.55
2025.115.01:35:00/wx/-5.48,555.3,74.5,2.95,313,1.53
2025.115.01:36:00/wx/-5.90,555.4,73.0,3.93,316,1.53
2025.115.01:37:00/wx/-5.90,555.4,73.6,4.21,309,1.53
2025.115.01:38:00/wx/-5.60,555.4,74.0,3.97,319,1.49
2025.115.01:39:00/wx/-5.82,555.3,72.4,2.66,320,1.51
2025.115.01:40:00/wx/-6.07,555.3,73.0,3.73,336,1.52
2025.115.01:41:00/wx/-5.70,555.3,73.5,4.23,336,1.49
2025.115.01:42:00/wx/-5.35,555.3,73.4,5.12,332,1.58
2025.115.01:43:00/wx/-5.48,555.3,72.2,4.14,332,1.50
2025.115.01:44:00/wx/-5.79,555.3,72.4,4.63,341,1.46
2025.115.01:45:00/wx/-5.23,555.3,73.4,3.75,328,1.45
2025.115.01:46:00/wx/-5.10,555.3,72.7,4.13,325,1.53
2025.115.01:47:00/wx/-4.84,555.3,72.1,4.63,336,1.47
2025.115.01:48:00/wx/-5.01,555.3,71.8,3.68,321,1.40
2025.115.01:49:00/wx/-4.99,555.3,71.9,4.31,340,1.42
2025.115.01:50:00/wx/-4.80,555.3,71.9,4.45,342,1.40
2025.115.01:51:00/wx/-4.90,555.2,71.2,3.33,343,1.31
2025.115.01:52:00/wx/-5.05,555.2,70.9,4.90,341,1.41
2025.115.01:53:00/wx/-5.00,555.2,71.2,3.70,347,1.34
2025.115.01:54:00/wx/-4.90,555.3,71.3,3.84,339,1.32
2025.115.01:55:00/wx/-5.14,555.2,71.7,4.95,354,1.32
2025.115.01:56:00/wx/-4.80,555.2,72.0,4.59,352,1.32
2025.115.01:57:00/wx/-4.70,555.2,70.9,5.12,348,1.30
2025.115.01:58:00/wx/-4.70,555.2,71.5,4.04,355,1.29
2025.115.01:59:00/wx/-4.70,555.2,71.5,3.82,342,1.27
2025.115.02:00:00/wx/-4.70,555.2,71.3,3.90,344,1.27
2025.115.02:01:00/wx/-4.70,555.2,71.1,3.83,346,1.29
2025.115.02:02:00/wx/-4.84,555.2,71.2,4.09,344,1.25
2025.115.02:03:00/wx/-4.80,555.2,71.3,2.96,328,1.23
2025.115.02:04:00/wx/-4.93,555.2,71.8,3.95,340,1.20
2025.115.02:05:00/wx/-5.00,555.2,71.5,2.61,325,1.18
2025.115.02:06:00/wx/-5.11,555.2,71.8,4.26,336,1.16
2025.115.02:07:00/wx/-5.00,555.2,72.7,2.79,346,1.16
2025.115.02:08:00/wx/-5.10,555.2,71.9,3.14,327,1.15
2025.115.02:09:00/wx/-5.20,555.2,72.2,3.62,325,1.15
2025.115.02:10:00/wx/-4.90,555.2,73.2,3.98,330,1.16
2025.115.02:11:00/wx/-4.70,555.2,72.5,2.82,344,1.17
2025.115.02:12:00/wx/-4.80,555.2,71.8,2.53,321,1.19
2025.115.02:13:00/wx/-4.90,555.2,72.8,2.94,334,1.17
2025.115.02:14:00/wx/-4.77,555.1,72.8,3.54,343,1.08
2025.115.02:15:00/wx/-4.73,555.1,72.4,4.14,345,1.09
2025.115.02:16:00/wx/-4.50,555.1,71.3,4.19,348,1.08
2025.115.02:17:00/wx/-4.55,555.2,70.0,3.92,326,1.01
2025.115.02:18:00/wx/-4.60,555.2,69.2,3.83,330,0.96
2025.115.02:19:00/wx/-4.30,555.2,66.1,4.00,336,0.95
2025.115.02:20:00/wx/-4.48,555.1,68.5,3.46,341,0.96
2025.115.02:21:00/wx/-4.61,555.1,68.4,4.11,335,0.97
2025.115.02:22:00/wx/-4.65,555.1,71.2,4.58,338,0.94
2025.115.02:23:00/wx/-4.70,555.2,71.7,4.53,346,0.90
2025.115.02:24:00/wx/-5.19,555.1,66.9,4.64,343,0.88
2025.115.02:25:00/wx/-4.50,555.1,66.6,4.40,338,0.87
2025.115.02:26:00/wx/-4.48,555.1,61.1,3.20,30,0.87
2025.115.02:27:00/wx/-4.31,555.1,53.2,2.95,339,0.88
2025.115.02:28:00/wx/-3.50,555.1,43.6,2.53,322,0.87
2025.115.02:29:00/wx/-3.28,555.1,42.1,4.65,346,0.89
2025.115.02:30:00/wx/-2.61,555.1,35.5,3.25,331,0.86
2025.115.02:31:00/wx/-2.61,555.1,37.1,3.25,8,0.86
2025.115.02:32:00/wx/-2.87,555.1,36.7,3.51,346,0.85
2025.115.02:33:00/wx/-3.20,555.1,37.5,3.63,337,0.85
2025.115.02:34:00/wx/-2.80,555.1,35.6,3.57,333,0.90
2025.115.02:35:00/wx/-2.41,555.1,30.8,2.38,350,0.86
2025.115.02:36:00/wx/-2.39,555.1,30.6,3.83,341,0.82
2025.115.02:37:00/wx/-2.36,555.0,29.1,5.07,344,0.79
2025.115.02:38:00/wx/-2.30,555.0,24.9,4.80,11,0.84
2025.115.02:39:00/wx/-2.10,555.1,22.7,4.30,351,0.81
2025.115.02:40:00/wx/-2.10,555.1,24.7,3.83,338,0.83
2025.115.02:41:00/wx/-2.30,555.1,27.2,3.57,312,0.82
2025.115.02:42:00/wx/-2.47,555.0,28.0,3.37,326,0.79
2025.115.02:43:00/wx/-2.40,555.1,27.8,3.31,340,0.82
2025.115.02:44:00/wx/-2.29,555.1,26.9,2.97,333,0.83
2025.115.02:45:00/wx/-2.30,555.1,26.6,2.94,336,0.84
2025.115.02:46:00/wx/-2.12,555.1,26.2,3.30,341,0.82
2025.115.02:47:00/wx/-2.00,555.1,24.0,2.69,331,0.84
2025.115.02:48:00/wx/-2.31,555.1,22.3,3.16,321,0.83
2025.115.02:49:00/wx/-2.00,555.1,21.9,3.19,344,0.83
2025.115.02:50:00/wx/-2.38,555.1,22.7,5.13,314,0.86
2025.115.02:51:00/wx/-2.19,555.1,23.7,3.17,337,0.83
2025.115.02:52:00/wx/-2.00,555.1,23.6,3.38,331,0.84
2025.115.02:53:00/wx/-2.00,555.1,23.1,3.55,348,0.61
2025.115.02:54:00/wx/-2.05,555.1,22.7,3.36,334,0.85
2025.115.02:55:00/wx/-2.30,555.1,22.8,4.84,349,0.85
2025.115.02:56:00/wx/-2.20,555.1,22.3,3.58,261,0.88
2025.115.02:57:00/wx/-2.48,555.1,22.8,2.90,350,0.88
2025.115.02:58:00/wx/-2.69,555.1,23.9,3.71,325,0.85
2025.115.02:59:00/wx/-2.48,555.1,23.7,4.94,348,0.90
2025.115.03:00:00/wx/-2.20,555.1,24.0,3.73,348,0.88
2025.115.03:01:00/wx/-2.54,555.1,23.7,3.49,328,0.87
2025.115.03:02:00/wx/-2.40,555.1,25.1,3.41,341,0.86
2025.115.03:03:00/wx/-2.40,555.1,23.7,3.74,329,0.87
2025.115.03:04:00/wx/-2.30,555.1,23.8,3.06,339,0.85
2025.115.03:05:00/wx/-2.50,555.1,24.2,3.63,322,0.86
2025.115.03:06:00/wx/-2.30,555.1,24.8,3.72,331,0.84
2025.115.03:07:00/wx/-2.61,555.1,24.4,3.47,310,0.86
2025.115.03:08:00/wx/-2.40,555.1,24.2,2.89,316,0.87
2025.115.03:09:00/wx/-2.70,555.1,24.8,3.20,317,0.87
2025.115.03:10:00/wx/-2.50,555.1,24.2,3.63,326,0.86
2025.115.03:11:00/wx/-2.40,555.1,24.1,3.04,318,0.85
2025.115.03:12:00/wx/-2.41,555.1,24.1,2.76,333,0.84
2025.115.03:13:00/wx/-2.30,555.1,24.0,2.23,323,0.83
2025.115.03:14:00/wx/-2.40,555.1,23.9,2.35,321,0.86
2025.115.03:15:00/wx/-2.40,555.1,23.9,2.45,326,0.85
2025.115.03:16:00/wx/-2.44,555.1,24.0,2.79,327,0.86
2025.115.03:17:00/wx/-2.60,555.1,24.5,2.93,320,0.85
2025.115.03:18:00/wx/-2.60,555.1,25.2,3.13,328,0.87
2025.115.03:19:00/wx/-2.50,555.1,25.3,3.51,331,0.87
2025.115.03:20:00/wx/-2.30,555.1,24.7,3.44,333,0.86
2025.115.03:21:00/wx/-2.45,555.1,24.0,3.53,322,0.85
2025.115.03:22:00/wx/-2.70,555.1,24.2,4.47,343,0.86
2025.115.03:23:00/wx/-2.70,555.1,24.1,3.81,332,0.86
2025.115.03:24:00/wx/-2.60,555.1,23.7,2.16,316,0.86
2025.115.03:25:00/wx/-2.90,555.1,24.1,3.23,308,0.85
2025.115.03:26:00/wx/-2.80,555.1,23.9,3.43,333,0.84
2025.115.03:27:00/wx/-3.11,555.1,24.1,3.32,327,0.86
2025.115.03:28:00/wx/-3.07,555.1,24.6,3.55,337,0.85
2025.115.03:29:00/wx/-2.63,555.1,24.7,4.24,327,0.85
2025.115.03:30:00/wx/-2.30,555.0,24.4,3.92,341,0.85
2025.115.03:31:00/wx/-2.36,555.1,24.0,2.87,341,0.85
2025.115.03:32:00/wx/-2.40,555.1,23.7,2.86,332,0.84
2025.115.03:33:00/wx/-2.50,555.0,24.0,2.26,326,0.84
2025.115.03:34:00/wx/-2.80,555.1,24.3,3.06,336,0.85
2025.115.03:35:00/wx/-2.70,555.0,24.3,3.46,308,0.85
2025.115.03:36:00/wx/-2.70,555.0,24.2,3.55,323,0.87
2025.115.03:37:00/wx/-2.80,555.0,24.4,3.15,319,0.86
2025.115.03:38:00/wx/-2.73,555.0,24.4,3.18,327,0.85
2025.115.03:39:00/wx/-2.69,555.0,24.2,3.16,323,0.84
2025.115.03:40:00/wx/-2.68,555.0,23.9,3.40,345,0.81
2025.115.03:41:00/wx/-2.44,555.0,23.6,3.33,325,0.86
2025.115.03:42:00/wx/-2.40,555.0,23.9,2.83,315,0.86
2025.115.03:43:00/wx/-2.60,555.0,24.1,3.99,323,0.85
2025.115.03:44:00/wx/-2.80,555.0,24.2,2.99,320,0.87
2025.115.03:45:00/wx/-3.09,555.0,24.6,3.43,330,0.85
2025.115.03:46:00/wx/-2.75,555.0,24.2,3.29,335,0.82
2025.115.03:47:00/wx/-2.60,555.0,24.2,2.83,325,0.85
2025.115.03:48:00/wx/-2.70,555.0,24.6,3.03,319,0.89
2025.115.03:49:00/wx/-2.60,555.0,24.0,2.69,326,0.81
2025.115.03:50:00/wx/-2.90,555.0,24.1,2.98,315,0.84
2025.115.03:51:00/wx/-2.70,555.0,24.4,2.80,326,0.83
2025.115.03:52:00/wx/-2.90,555.0,23.9,2.73,327,0.86
2025.115.03:53:00/wx/-3.10,555.0,24.2,3.49,331,0.84
2025.115.03:54:00/wx/-3.09,555.0,24.1,2.13,303,0.85
2025.115.03:55:00/wx/-2.98,555.0,24.2,3.49,329,0.86
2025.115.03:56:00/wx/-2.83,555.0,22.9,2.95,334,0.84
2025.115.03:57:00/wx/-2.90,555.0,22.9,2.63,305,0.81
2025.115.03:58:00/wx/-3.08,555.0,23.9,1.82,331,0.82
2025.115.03:59:00/wx/-3.01,554.9,25.1,3.10,312,0.88
2025.115.04:00:00/wx/-2.79,554.9,24.7,2.35,294,0.85
2025.115.04:01:00/wx/-2.80,554.9,24.3,3.44,299,0.89
2025.115.04:02:00/wx/-3.10,555.0,24.6,2.93,315,0.79
2025.115.04:03:00/wx/-3.17,555.0,24.9,3.29,325,0.74
2025.115.04:04:00/wx/-3.20,555.0,25.1,2.76,300,0.87
2025.115.04:05:00/wx/-3.58,555.0,25.7,3.14,306,0.88
2025.115.04:06:00/wx/-3.50,555.0,25.8,3.16,318,0.94
2025.115.04:07:00/wx/-3.60,555.0,26.0,2.93,296,0.86
2025.115.04:08:00/wx/-3.58,554.9,26.4,3.96,313,0.84
2025.115.04:09:00/wx/-3.42,555.0,26.9,3.20,304,0.84
2025.115.04:10:00/wx/-3.28,554.9,27.0,3.67,318,0.87
2025.115.04:11:00/wx/-3.13,554.9,26.3,3.22,309,0.86
2025.115.04:12:00/wx/-3.20,554.9,26.6,3.33,320,0.85
2025.115.04:13:00/wx/-3.15,554.9,26.8,3.53,321,0.93
2025.115.04:14:00/wx/-3.20,554.9,26.4,3.27,319,0.86
2025.115.04:15:00/wx/-3.20,554.9,26.9,3.67,311,0.84
2025.115.04:16:00/wx/-3.13,554.9,26.8,3.66,318,0.86
2025.115.04:17:00/wx/-3.30,554.9,27.2,3.63,315,0.86
2025.115.04:18:00/wx/-3.04,554.8,26.8,3.52,326,0.85
2025.115.04:19:00/wx/-2.91,554.9,26.7,3.17,332,0.62
2025.115.04:20:00/wx/-3.08,554.8,26.6,3.87,328,0.85
2025.115.04:21:00/wx/-2.90,554.8,26.6,3.11,328,0.84
2025.115.04:22:00/wx/-2.80,554.8,26.3,3.54,336,0.83
2025.115.04:23:00/wx/-2.80,554.8,26.3,3.55,338,0.85
2025.115.04:24:00/wx/-2.70,554.8,26.0,3.43,333,0.83
2025.115.04:25:00/wx/-2.90,554.8,26.1,3.14,332,0.90
2025.115.04:26:00/wx/-2.70,554.8,26.5,2.38,329,0.84
2025.115.04:27:00/wx/-2.80,554.8,26.0,3.25,343,0.84
2025.115.04:28:00/wx/-2.80,554.8,25.7,3.34,346,0.83
2025.115.04:29:00/wx/-3.00,554.8,25.1,3.15,336,0.83
2025.115.04:30:00/wx/-2.80,554.8,26.2,3.18,335,0.85
2025.115.04:31:00/wx/-2.80,554.8,26.2,3.91,335,0.83
2025.115.04:32:00/wx/-2.90,554.8,26.0,3.94,334,0.82
2025.115.04:33:00/wx/-2.84,554.8,25.9,4.09,334,0.84
2025.115.04:34:00/wx/-2.80,554.8,27.0,3.64,327,0.83
2025.115.04:35:00/wx/-2.83,554.8,27.5,4.07,321,0.81
2025.115.04:36:00/wx/-3.00,554.8,27.2,4.02,334,0.83
2025.115.04:37:00/wx/-2.80,554.7,26.9,3.28,349,0.82
2025.115.04:38:00/wx/-2.70,554.7,26.6,3.38,335,0.80
2025.115.04:39:00/wx/-2.80,554.7,26.1,2.36,326,0.81
2025.115.04:40:00/wx/-2.90,554.7,28.1,3.00,322,0.82
2025.115.04:41:00/wx/-3.00,554.7,28.6,3.32,314,0.78
2025.115.04:42:00/wx/-3.32,554.7,28.5,2.79,330,0.80
2025.115.04:43:00/wx/-3.62,554.7,28.6,3.33,330,0.84
2025.115.04:44:00/wx/-3.50,554.7,29.4,2.83,339,0.80
2025.115.04:45:00/wx/-3.37,554.7,27.6,2.65,313,0.91
2025.115.04:46:00/wx/-3.27,554.7,27.0,3.51,301,0.83
2025.115.04:47:00/wx/-3.29,554.6,27.8,2.23,333,0.84
2025.115.04:48:00/wx/-3.40,554.7,28.6,2.79,321,0.80
2025.115.04:49:00/wx/-3.31,554.6,28.0,2.46,309,0.81
2025.115.04:50:00/wx/-3.00,554.7,26.6,2.56,339,0.83
2025.115.04:51:00/wx/-3.10,554.7,27.5,2.34,339,0.90
2025.115.04:52:00/wx/-3.10,554.6,27.2,2.02,336,0.83
2025.115.04:53:00/wx/-3.21,554.7,28.0,2.56,319,0.85
2025.115.04:54:00/wx/-3.20,554.6,27.9,2.13,312,0.81
2025.115.04:55:00/wx/-3.10,554.6,26.5,2.89,348,0.82
2025.115.04:56:00/wx/-3.00,554.6,25.5,1.73,317,0.81
2025.115.04:57:00/wx/-3.21,554.6,24.6,3.51,331,0.80
2025.115.04:58:00/wx/-2.90,554.6,23.3,4.05,347,0.82
2025.115.04:59:00/wx/-2.90,554.6,23.8,1.73,12,0.84
2025.115.05:00:00/wx/-2.90,554.6,23.8,1.46,335,0.85
2025.115.05:01:00/wx/-3.10,554.6,23.0,1.27,320,0.86
2025.115.05:02:00/wx/-3.21,554.6,24.4,1.59,325,0.84
2025.115.05:03:00/wx/-3.14,554.6,24.9,2.19,303,0.83
2025.115.05:04:00/wx/-3.30,554.6,24.4,2.33,335,0.84
2025.115.05:05:00/wx/-3.56,554.6,25.0,3.10,303,0.83
2025.115.05:06:00/wx/-3.41,554.6,25.3,2.06,318,0.85
2025.115.05:07:00/wx/-3.50,554.6,25.9,2.70,312,0.85
2025.115.05:08:00/wx/-3.40,554.6,26.0,3.02,332,0.83
2025.115.05:09:00/wx/-3.30,554.6,26.1,2.23,314,0.82
2025.115.05:10:00/wx/-3.30,554.6,26.3,2.63,313,0.86
2025.115.05:11:00/wx/-3.20,554.6,25.8,2.63,306,0.84
2025.115.05:12:00/wx/-3.29,554.5,25.5,2.53,326,0.83
2025.115.05:13:00/wx/-3.10,554.6,24.9,2.85,318,0.79
2025.115.05:14:00/wx/-3.10,554.6,24.7,3.03,318,0.80
2025.115.05:15:00/wx/-3.10,554.6,24.5,3.17,318,0.81
2025.115.05:16:00/wx/-3.00,554.5,24.5,2.99,320,0.82
2025.115.05:17:00/wx/-3.00,554.5,24.5,2.02,282,0.82
2025.115.05:18:00/wx/-2.93,554.5,23.8,3.15,326,0.81
2025.115.05:19:00/wx/-2.90,554.5,23.3,2.03,352,0.79
2025.115.05:20:00/wx/-3.00,554.5,23.3,2.68,327,0.81
2025.115.05:21:00/wx/-3.10,554.5,23.7,2.02,307,0.82
2025.115.05:22:00/wx/-3.20,554.5,23.8,2.53,306,0.82
2025.115.05:23:00/wx/-3.27,554.5,23.4,1.64,314,0.83
2025.115.05:24:00/wx/-3.20,554.5,23.7,1.71,323,0.80
2025.115.05:25:00/wx/-3.20,554.5,23.5,2.21,317,0.82
2025.115.05:26:00/wx/-3.29,554.5,23.3,2.21,319,0.83
2025.115.05:27:00/wx/-3.40,554.5,23.7,1.71,351,0.83
2025.115.05:28:00/wx/-3.20,554.5,23.8,0.87,246,0.84
2025.115.05:29:00/wx/-3.10,554.5,23.4,2.01,317,0.82
2025.115.05:30:00/wx/-3.20,554.5,23.2,1.61,321,0.85
2025.115.05:31:00/wx/-3.29,554.5,22.6,2.63,329,0.85
2025.115.05:32:00/wx/-3.40,554.5,22.6,1.98,313,0.85
2025.115.05:33:00/wx/-3.54,554.5,23.0,2.48,337,0.85
2025.115.05:34:00/wx/-3.20,554.5,23.2,2.15,321,0.86
2025.115.05:35:00/wx/-3.10,554.5,22.8,2.25,327,0.86
2025.115.05:36:00/wx/-3.20,554.5,22.9,1.99,304,0.85
2025.115.05:37:00/wx/-3.18,554.5,23.0,2.76,312,0.85
2025.115.05:38:00/wx/-3.00,554.5,22.5,1.30,330,0.86
2025.115.05:39:00/wx/-3.21,554.5,22.4,0.96,290,0.85
2025.115.05:40:00/wx/-3.36,554.5,22.7,2.17,310,0.86
2025.115.05:41:00/wx/-3.50,554.5,23.0,1.42,320,0.87
2025.115.05:42:00/wx/-3.40,554.5,23.1,1.75,296,0.86
2025.115.05:43:00/wx/-3.40,554.5,22.8,2.81,289,0.86
2025.115.05:44:00/wx/-3.20,554.5,22.7,2.31,297,0.86
2025.115.05:45:00/wx/-3.20,554.4,22.5,3.84,295,0.86
2025.115.05:46:00/wx/-3.19,554.4,22.1,2.84,311,0.86
2025.115.05:47:00/wx/-3.50,554.4,22.5,2.35,324,0.85
2025.115.05:48:00/wx/-3.52,554.4,23.0,2.25,268,0.85
2025.115.05:49:00/wx/-3.50,554.4,22.8,2.03,313,0.85
2025.115.05:50:00/wx/-3.50,554.4,22.9,2.30,319,0.85
2025.115.05:51:00/wx/-3.60,554.4,22.6,2.25,312,0.85
2025.115.05:52:00/wx/-3.37,554.4,22.3,2.38,324,0.85
2025.115.05:53:00/wx/-3.30,554.4,22.3,1.97,323,0.85
2025.115.05:54:00/wx/-3.10,554.4,22.3,1.63,337,0.85
2025.115.05:55:00/wx/-3.14,554.4,22.1,1.31,281,0.85
2025.115.05:56:00/wx/-3.10,554.4,22.1,1.45,339,0.84
2025.115.05:57:00/wx/-3.20,554.4,22.1,1.41,329,0.85
2025.115.05:58:00/wx/-3.20,554.3,22.2,1.19,322,0.84
2025.115.05:59:00/wx/-3.30,554.3,22.4,1.06,347,0.83
2025.115.06:00:00/wx/-3.40,554.3,22.5,1.25,312,0.83
2025.115.06:01:00/wx/-3.60,554.3,22.6,1.63,314,0.83
2025.115.06:02:00/wx/-3.70,554.4,22.8,1.83,293,0.84
2025.115.06:03:00/wx/-3.70,554.3,23.1,2.00,293,0.84
2025.115.06:04:00/wx/-3.93,554.3,23.1,2.01,279,0.84
2025.115.06:05:00/wx/-4.30,554.4,24.0,2.26,294,0.84
2025.115.06:06:00/wx/-4.00,554.3,24.3,2.53,295,0.85
2025.115.06:07:00/wx/-3.70,554.3,23.9,2.85,300,0.85
2025.115.06:08:00/wx/-3.69,554.3,23.3,2.11,311,0.84
2025.115.06:09:00/wx/-3.70,554.3,23.5,1.58,328,0.84
2025.115.06:10:00/wx/-3.60,554.2,23.5,2.24,320,0.84
2025.115.06:11:00/wx/-3.60,554.3,23.3,1.83,294,0.83
2025.115.06:12:00/wx/-3.77,554.3,23.4,1.99,303,0.83
2025.115.06:13:00/wx/-3.70,554.2,23.6,2.13,312,0.83
2025.115.06:14:00/wx/-3.80,554.2,23.7,2.12,308,0.83
2025.115.06:15:00/wx/-3.77,554.2,23.6,2.00,315,0.83
2025.115.06:16:00/wx/-3.70,554.2,23.6,2.83,320,0.82
2025.115.06:17:00/wx/-3.60,554.2,23.3,2.34,312,0.82
2025.115.06:18:00/wx/-3.49,554.2,23.6,2.14,314,0.82
2025.115.06:19:00/wx/-3.78,554.2,23.6,2.51,305,0.81
2025.115.06:20:00/wx/-3.70,554.2,23.9,1.86,324,0.82
2025.115.06:21:00/wx/-3.70,554.2,23.8,1.93,297,0.81
2025.115.06:22:00/wx/-3.70,554.2,23.4,1.28,303,0.82
2025.115.06:23:00/wx/-3.80,554.2,23.6,1.47,281,0.83
2025.115.06:24:00/wx/-3.80,554.2,23.8,1.62,304,0.82
2025.115.06:25:00/wx/-3.73,554.2,23.7,2.33,272,0.82
2025.115.06:26:00/wx/-3.70,554.2,23.7,1.95,303,0.81
2025.115.06:27:00/wx/-3.60,554.2,23.9,2.01,305,0.81
2025.115.06:28:00/wx/-3.70,554.1,24.0,2.12,328,0.80
2025.115.06:29:00/wx/-3.70,554.2,23.9,1.91,307,0.81
2025.115.06:30:00/wx/-3.70,554.2,23.9,1.88,308,0.80
2025.115.06:31:00/wx/-3.70,554.2,23.8,2.65,299,0.81
2025.115.06:32:00/wx/-3.60,554.1,23.5,1.95,294,0.80
2025.115.06:33:00/wx/-3.60,554.2,23.4,1.46,304,0.81
2025.115.06:34:00/wx/-3.62,554.2,23.3,2.26,313,0.79
2025.115.06:35:00/wx/-3.98,554.1,23.7,2.07,307,0.80
2025.115.06:36:00/wx/-3.89,554.2,23.7,1.86,276,0.79
2025.115.06:37:00/wx/-3.76,554.1,23.4,1.81,314,0.80
2025.115.06:38:00/wx/-3.70,554.1,23.1,2.06,317,0.79
2025.115.06:39:00/wx/-3.70,554.1,23.2,1.79,324,0.80
2025.115.06:40:00/wx/-3.60,554.1,23.1,2.29,318,0.79
2025.115.06:41:00/wx/-3.60,554.1,22.8,0.70,314,0.79
2025.115.06:42:00/wx/-3.90,554.1,23.3,1.51,320,0.77
2025.115.06:43:00/wx/-3.90,554.1,23.6,1.72,271,0.78
2025.115.06:44:00/wx/-4.10,554.1,23.6,1.24,306,0.77
2025.115.06:45:00/wx/-4.00,554.0,24.0,1.23,304,0.78
2025.115.06:46:00/wx/-4.11,554.0,24.0,1.44,271,0.77
2025.115.06:47:00/wx/-4.04,554.0,24.3,2.03,313,0.78
2025.115.06:48:00/wx/-3.90,554.0,24.2,2.42,300,0.77
2025.115.06:49:00/wx/-3.93,554.0,24.0,1.93,315,0.78
2025.115.06:50:00/wx/-3.92,554.0,24.2,1.70,305,0.78
2025.115.06:51:00/wx/-4.10,554.0,24.2,1.61,284,0.78
2025.115.06:52:00/wx/-4.20,554.0,24.8,1.88,260,0.77
2025.115.06:53:00/wx/-4.20,554.0,24.3,3.13,250,0.78
2025.115.06:54:00/wx/-3.69,554.0,23.8,2.06,274,0.78
2025.115.06:55:00/wx/-3.50,554.0,23.0,1.79,253,0.78
2025.115.06:56:00/wx/-3.42,554.0,23.0,2.02,268,0.77
2025.115.06:57:00/wx/-3.45,553.9,23.0,1.03,255,0.77
2025.115.06:58:00/wx/-3.70,554.0,23.2,2.23,237,0.77
2025.115.06:59:00/wx/-3.70,554.0,23.1,2.29,247,0.76
2025.115.07:00:00/wx/-3.71,553.9,23.1,3.05,231,0.77
2025.115.07:01:00/wx/-3.59,553.9,22.2,2.14,251,0.77
2025.115.07:02:00/wx/-3.47,553.9,22.1,2.31,234,0.76
2025.115.07:03:00/wx/-3.40,553.9,22.5,2.12,242,0.77
2025.115.07:04:00/wx/-3.50,553.9,22.5,1.05,272,0.76
2025.115.07:05:00/wx/-3.50,553.9,22.8,2.06,250,0.75
2025.115.07:06:00/wx/-3.51,553.9,22.6,1.58,244,0.76
2025.115.07:07:00/wx/-3.77,553.9,22.8,1.33,262,0.76
2025.115.07:08:00/wx/-3.70,553.9,22.8,3.32,227,0.75
2025.115.07:09:00/wx/-3.74,553.9,23.0,1.73,250,0.76
2025.115.07:10:00/wx/-3.61,553.9,22.9,2.47,221,0.77
2025.115.07:11:00/wx/-3.50,553.9,22.6,1.85,260,0.78
2025.115.07:12:00/wx/-3.50,553.9,22.9,2.60,248,0.78
2025.115.07:13:00/wx/-3.60,553.9,23.0,1.43,271,0.79
2025.115.07:14:00/wx/-3.80,553.9,23.3,1.23,258,0.81
2025.115.07:15:00/wx/-3.80,553.9,23.4,3.03,226,0.81
2025.115.07:16:00/wx/-3.80,554.0,23.2,1.51,272,0.81
2025.115.07:17:00/wx/-3.83,553.9,23.3,1.25,266,0.81
2025.115.07:18:00/wx/-3.80,553.9,23.4,1.21,239,0.82
2025.115.07:19:00/wx/-3.86,553.9,23.4,1.55,264,0.82
2025.115.07:20:00/wx/-3.70,553.9,22.9,1.31,272,0.82
2025.115.07:21:00/wx/-3.78,553.9,23.0,1.79,246,0.82
2025.115.07:22:00/wx/-3.60,553.9,22.8,1.77,236,0.83
2025.115.07:23:00/wx/-3.70,553.9,23.0,1.82,281,0.83
2025.115.07:24:00/wx/-3.70,553.9,23.2,1.06,230,0.83
2025.115.07:25:00/wx/-3.70,553.9,23.1,2.30,222,0.83
2025.115.07:26:00/wx/-3.80,553.9,23.2,1.03,255,0.84
2025.115.07:27:00/wx/-3.53,553.9,23.0,2.12,249,0.84
2025.115.07:28:00/wx/-3.61,553.9,23.1,1.42,259,0.83
2025.115.07:29:00/wx/-3.70,553.9,23.7,1.34,277,0.83
2025.115.07:30:00/wx/-3.80,553.9,24.0,1.14,264,0.82
2025.115.07:31:00/wx/-4.11,553.9,24.7,1.43,273,0.82
2025.115.07:32:00/wx/-4.12,553.9,25.4,1.43,271,0.82
2025.115.07:33:00/wx/-4.09,553.8,25.8,1.43,276,0.81
2025.115.07:34:00/wx/-4.20,553.8,26.1,0.95,277,0.81
2025.115.07:35:00/wx/-4.50,553.9,26.8,1.14,290,0.81
2025.115.07:36:00/wx/-4.64,553.8,27.2,1.56,292,0.82
2025.115.07:37:00/wx/-4.70,553.8,27.9,2.10,289,0.82
2025.115.07:38:00/wx/-4.70,553.8,27.8,1.88,313,0.81
2025.115.07:39:00/wx/-4.60,553.8,27.4,1.83,311,0.81
2025.115.07:40:00/wx/-4.40,553.8,26.7,1.33,340,0.81
2025.115.07:41:00/wx/-4.30,553.8,26.0,0.81,279,0.81
2025.115.07:42:00/wx/-4.10,553.8,25.4,1.44,350,0.81
2025.115.07:43:00/wx/-4.10,553.8,24.2,1.80,357,0.81
2025.115.07:44:00/wx/-4.00,553.8,24.6,1.17,336,0.81
2025.115.07:45:00/wx/-3.90,553.8,24.1,1.63,338,0.81
2025.115.07:46:00/wx/-3.80,553.8,23.4,1.98,353,0.80
2025.115.07:47:00/wx/-3.90,553.8,23.5,2.03,357,0.80
2025.115.07:48:00/wx/-3.79,553.8,23.8,2.17,333,0.82
2025.115.07:49:00/wx/-3.80,553.8,23.5,2.75,334,0.82
2025.115.07:50:00/wx/-3.80,553.8,23.5,2.73,339,0.81
2025.115.07:51:00/wx/-3.70,553.8,23.3,2.42,348,0.81
2025.115.07:52:00/wx/-3.60,553.8,23.1,2.11,358,0.81
2025.115.07:53:00/wx/-3.60,553.8,23.1,1.90,6,0.81
2025.115.07:54:00/wx/-3.59,553.8,23.1,1.53,12,0.80
2025.115.07:55:00/wx/-3.90,553.8,23.1,1.63,349,0.80
2025.115.07:56:00/wx/-4.00,553.8,23.6,0.77,326,0.79
2025.115.07:57:00/wx/-4.00,553.8,23.6,1.99,320,0.79
2025.115.07:58:00/wx/-3.80,553.8,23.5,0.70,83,0.79
2025.115.07:59:00/wx/-3.80,553.8,23.5,0.86,88,0.80
2025.115.08:00:00/wx/-3.70,553.7,23.3,1.36,11,0.79
2025.115.08:01:00/wx/-3.60,553.8,23.0,0.36,64,0.79
2025.115.08:02:00/wx/-3.50,553.7,22.7,1.10,7,0.79
2025.115.08:03:00/wx/-3.60,553.7,22.4,0.32,298,0.78
2025.115.08:04:00/wx/-3.77,553.7,22.8,1.14,45,0.78
2025.115.08:05:00/wx/-3.60,553.7,22.3,1.71,28,0.77
2025.115.08:06:00/wx/-3.45,553.7,21.9,2.32,14,0.76
2025.115.08:07:00/wx/-3.50,553.7,21.9,0.85,338,0.76
2025.115.08:08:00/wx/-3.58,553.7,22.3,1.75,18,0.76
2025.115.08:09:00/wx/-3.58,553.7,22.1,1.48,332,0.76
2025.115.08:10:00/wx/-3.50,553.7,22.3,1.16,271,0.76
2025.115.08:11:00/wx/-3.40,553.7,22.0,1.13,243,0.76
2025.115.08:12:00/wx/-3.50,553.7,22.3,0.42,212,0.76
2025.115.08:13:00/wx/-3.62,553.7,22.5,0.59,274,0.76
2025.115.08:14:00/wx/-3.70,553.7,22.6,0.56,178,0.76
2025.115.08:15:00/wx/-3.80,553.7,22.7,0.61,31,0.76
2025.115.08:16:00/wx/-3.94,553.7,22.5,0.65,196,0.76
2025.115.08:17:00/wx/-3.80,553.7,22.8,1.02,173,0.77
2025.115.08:18:00/wx/-3.83,553.8,22.8,0.88,-1,0.78
2025.115.08:19:00/wx/-3.90,553.7,22.8,0.59,217,0.78
2025.115.08:20:00/wx/-3.90,553.7,23.1,0.50,255,0.78
2025.115.08:21:00/wx/-3.90,553.7,22.7,0.69,345,0.77
2025.115.08:22:00/wx/-4.00,553.7,23.0,0.51,275,0.77
2025.115.08:23:00/wx/-3.97,553.7,23.6,0.89,253,0.77
2025.115.08:24:00/wx/-3.90,553.7,23.2,0.63,297,0.77
2025.115.08:25:00/wx/-3.80,553.7,22.9,0.34,338,0.77
2025.115.08:26:00/wx/-3.96,553.7,22.4,0.60,12,0.76
2025.115.08:27:00/wx/-4.00,553.7,22.7,0.53,305,0.76
2025.115.08:28:00/wx/-4.00,553.7,23.1,0.25,300,0.75
2025.115.08:29:00/wx/-4.10,553.7,23.6,0.52,277,0.75
2025.115.08:30:00/wx/-4.20,553.7,23.7,0.32,83,0.75
2025.115.08:31:00/wx/-4.10,553.7,23.6,0.49,324,0.74
2025.115.08:32:00/wx/-4.00,553.7,23.6,1.09,25,0.75
2025.115.08:33:00/wx/-3.90,553.7,23.0,0.89,122,0.75
2025.115.08:34:00/wx/-3.88,553.7,23.0,0.68,235,0.75
2025.115.08:35:00/wx/-3.90,553.7,23.0,0.67,355,0.75
2025.115.08:36:00/wx/-3.80,553.7,22.9,2.07,7,0.75
2025.115.08:37:00/wx/-3.80,553.8,22.9,0.53,333,0.75
2025.115.08:38:00/wx/-3.93,553.7,23.2,0.63,4,0.76
2025.115.08:39:00/wx/-3.90,553.8,23.1,0.56,209,0.76
2025.115.08:40:00/wx/-3.90,553.7,23.0,0.37,160,0.77
2025.115.08:41:00/wx/-4.00,553.8,23.1,0.29,56,0.77
2025.115.08:42:00/wx/-4.00,553.8,22.8,0.74,67,0.77
2025.115.08:43:00/wx/-3.80,553.8,22.8,0.93,347,0.77
2025.115.08:44:00/wx/-3.80,553.7,22.5,1.25,17,0.75
2025.115.08:45:00/wx/-3.80,553.7,22.4,0.39,24,0.75
2025.115.08:46:00/wx/-3.90,553.8,22.9,0.34,122,0.76
2025.115.08:47:00/wx/-3.90,553.7,22.8,1.00,52,0.76
2025.115.08:48:00/wx/-3.90,553.8,22.7,0.92,304,0.75
2025.115.08:49:00/wx/-3.90,553.7,22.2,1.07,303,0.75
2025.115.08:50:00/wx/-3.90,553.7,22.3,0.13,44,0.74
2025.115.08:51:00/wx/-3.90,553.7,22.4,0.25,33,0.74
2025.115.08:52:00/wx/-3.90,553.7,22.2,0.80,342,0.74
2025.115.08:53:00/wx/-3.96,553.7,22.2,0.81,234,0.74
2025.115.08:54:00/wx/-4.00,553.7,22.1,0.67,34,0.74
2025.115.08:55:00/wx/-4.00,553.7,22.0,0.76,274,0.73
2025.115.08:56:00/wx/-3.80,553.7,21.8,1.86,151,0.73
2025.115.08:57:00/wx/-3.70,553.7,21.6,3.13,317,0.73
2025.115.08:58:00/wx/-3.70,553.7,21.7,1.11,32,0.73
2025.115.08:59:00/wx/-3.70,553.7,21.6,1.52,38,0.73
2025.115.09:00:00/wx/-4.02,553.7,21.6,1.77,349,0.73
2025.115.09:01:00/wx/-4.36,553.7,21.7,0.91,271,0.73
2025.115.09:02:00/wx/-4.20,553.7,22.1,0.94,342,0.73
2025.115.09:03:00/wx/-4.00,553.7,22.2,1.59,5,0.72
2025.115.09:04:00/wx/-3.81,553.7,21.4,1.58,37,0.72
2025.115.09:05:00/wx/-3.78,553.7,21.4,2.63,2,0.72
2025.115.09:06:00/wx/-3.70,553.7,21.2,1.97,250,0.73
2025.115.09:07:00/wx/-3.80,553.7,21.4,1.03,349,0.73
2025.115.09:08:00/wx/-3.90,553.7,21.4,1.60,32,0.73
2025.115.09:09:00/wx/-3.90,553.7,21.4,1.37,12,0.73
2025.115.09:10:00/wx/-3.90,553.7,21.3,1.20,12,0.72
2025.115.09:11:00/wx/-3.80,553.7,21.2,1.13,15,0.73
2025.115.09:12:00/wx/-3.80,553.7,21.0,1.03,354,0.74
2025.115.09:13:00/wx/-3.80,553.7,20.8,1.54,349,0.73
2025.115.09:14:00/wx/-3.90,553.7,21.1,1.46,306,0.72
2025.115.09:15:00/wx/-3.80,553.7,20.9,1.44,62,0.72
2025.115.09:16:00/wx/-3.70,553.7,20.6,1.53,253,0.72
2025.115.09:17:00/wx/-3.70,553.7,20.4,1.53,330,0.73
2025.115.09:18:00/wx/-3.74,553.8,20.3,1.26,161,0.72
2025.115.09:19:00/wx/-3.80,553.7,20.5,0.55,215,0.72
2025.115.09:20:00/wx/-3.90,553.8,20.9,0.58,276,0.72
2025.115.09:21:00/wx/-4.00,553.7,20.6,1.59,293,0.72
2025.115.09:22:00/wx/-3.90,553.7,20.5,0.35,328,0.72
2025.115.09:23:00/wx/-3.95,553.7,20.6,1.02,37,0.72
2025.115.09:24:00/wx/-4.00,553.7,20.4,1.44,20,0.72
2025.115.09:25:00/wx/-4.00,553.8,20.9,0.25,293,0.71
2025.115.09:26:00/wx/-4.20,553.7,21.2,0.46,199,0.71
2025.115.09:27:00/wx/-4.30,553.7,21.4,0.74,339,0.72
2025.115.09:28:00/wx/-4.30,553.7,21.0,0.68,329,0.72
2025.115.09:29:00/wx/-4.30,553.7,20.9,0.81,26,0.73
2025.115.09:30:00/wx/-4.20,553.7,20.6,0.99,350,0.73
2025.115.09:31:00/wx/-4.20,553.7,20.6,0.94,93,0.73
2025.115.09:32:00/wx/-4.10,553.7,20.6,0.73,41,0.74
2025.115.09:33:00/wx/-4.10,553.7,20.6,1.15,120,0.74
2025.115.09:34:00/wx/-4.00,553.7,20.3,0.91,4,0.74
2025.115.09:35:00/wx/-4.10,553.7,20.2,0.88,334,0.74
2025.115.09:36:00/wx/-4.02,553.7,20.3,1.16,267,0.75
2025.115.09:37:00/wx/-3.90,553.7,20.1,1.09,346,0.75
2025.115.09:38:00/wx/-3.90,553.7,19.8,0.93,354,0.75
2025.115.09:39:00/wx/-3.90,553.7,19.8,1.13,349,0.77
2025.115.09:40:00/wx/-3.80,553.8,19.7,0.97,339,0.76
2025.115.09:41:00/wx/-3.90,553.8,19.8,1.16,307,0.77
2025.115.09:42:00/wx/-3.90,553.7,19.9,1.20,331,0.76
2025.115.09:43:00/wx/-3.90,553.8,19.9,0.52,256,0.76
2025.115.09:44:00/wx/-3.90,553.8,19.9,1.53,323,0.76
2025.115.09:45:00/wx/-3.90,553.7,19.9,1.48,339,0.75
2025.115.09:46:00/wx/-3.90,553.8,19.6,1.14,324,0.75
2025.115.09:47:00/wx/-4.00,553.8,19.8,0.51,76,0.74
2025.115.09:48:00/wx/-4.07,553.7,20.2,0.47,361,0.74
2025.115.09:49:00/wx/-4.10,553.7,20.4,0.33,271,0.73
2025.115.09:50:00/wx/-4.20,553.7,20.4,0.71,301,0.73
2025.115.09:51:00/wx/-4.10,553.7,20.2,0.76,318,0.74
2025.115.09:52:00/wx/-4.10,553.7,20.1,0.96,250,0.74
2025.115.09:53:00/wx/-4.07,553.7,20.3,1.19,243,0.74
2025.115.09:54:00/wx/-4.00,553.7,20.4,1.42,231,0.74
2025.115.09:55:00/wx/-4.00,553.7,20.4,1.28,251,0.74
2025.115.09:56:00/wx/-3.81,553.8,20.1,1.59,236,0.75
2025.115.09:57:00/wx/-3.70,553.7,19.8,0.87,249,0.73
2025.115.09:58:00/wx/-3.70,553.7,19.6,1.32,230,0.74
2025.115.09:59:00/wx/-3.70,553.7,19.6,1.70,232,0.73
2025.115.10:00:00/wx/-3.60,553.7,19.5,1.18,248,0.73
2025.115.10:01:00/wx/-3.60,553.7,19.3,1.34,232,0.73
2025.115.10:02:00/wx/-3.62,553.7,19.2,0.96,275,0.72
2025.115.10:03:00/wx/-3.70,553.7,19.3,0.71,272,0.72
2025.115.10:04:00/wx/-3.80,553.7,19.3,1.15,251,0.71
2025.115.10:05:00/wx/-3.80,553.7,19.3,1.16,251,0.72
2025.115.10:06:00/wx/-3.80,553.7,19.1,0.95,269,0.71
2025.115.10:07:00/wx/-3.80,553.8,19.1,1.11,282,0.70
2025.115.10:08:00/wx/-3.80,553.7,19.1,1.40,290,0.71
2025.115.10:09:00/wx/-3.70,553.8,19.0,1.22,283,0.70
2025.115.10:10:00/wx/-3.80,553.8,18.9,0.94,267,0.71
2025.115.10:11:00/wx/-3.80,553.8,18.9,1.11,279,0.71
2025.115.10:12:00/wx/-3.90,553.8,18.8,1.01,283,0.70
2025.115.10:13:00/wx/-3.90,553.8,18.8,1.20,314,0.70
2025.115.10:14:00/wx/-4.00,553.8,18.8,0.83,317,0.70
2025.115.10:15:00/wx/-4.16,553.8,19.0,1.39,324,0.71
2025.115.10:16:00/wx/-4.10,553.8,19.2,1.51,330,0.70
2025.115.10:17:00/wx/-4.07,553.8,19.2,1.68,337,0.69
2025.115.10:18:00/wx/-4.00,553.8,19.3,1.66,342,0.70
2025.115.10:19:00/wx/-4.00,553.8,19.4,1.63,330,0.71
2025.115.10:20:00/wx/-3.90,553.8,19.6,1.83,341,0.70
2025.115.10:21:00/wx/-3.81,553.8,19.3,2.11,333,0.70
2025.115.10:22:00/wx/-3.90,553.8,20.0,2.42,99,0.70
2025.115.10:23:00/wx/-4.10,553.8,20.4,1.59,345,0.70
2025.115.10:24:00/wx/-4.11,553.8,20.5,2.01,30,0.70
2025.115.10:25:00/wx/-3.84,553.8,20.1,1.34,203,0.70
2025.115.10:26:00/wx/-3.90,553.8,19.9,1.53,332,0.71
2025.115.10:27:00/wx/-3.77,553.8,19.4,1.34,343,0.71
2025.115.10:28:00/wx/-3.70,553.8,19.1,1.56,325,0.71
2025.115.10:29:00/wx/-3.70,553.8,19.4,1.65,338,0.72
2025.115.10:30:00/wx/-3.60,553.8,19.5,1.56,344,0.72
2025.115.10:31:00/wx/-3.60,553.8,19.1,1.83,348,0.71
2025.115.10:32:00/wx/-3.60,553.8,19.2,1.44,344,0.72
2025.115.10:33:00/wx/-3.60,553.9,19.0,1.39,347,0.73
2025.115.10:34:00/wx/-3.51,553.8,18.8,1.21,314,0.73
2025.115.10:35:00/wx/-3.60,553.9,18.7,1.13,326,0.74
2025.115.10:36:00/wx/-3.70,553.9,18.8,1.33,308,0.75
2025.115.10:37:00/wx/-3.60,553.9,19.0,1.76,132,0.74
2025.115.10:38:00/wx/-3.70,553.9,19.1,0.73,309,0.74
2025.115.10:39:00/wx/-3.69,553.9,19.3,1.90,350,0.74
2025.115.10:40:00/wx/-3.53,553.9,19.4,1.49,321,0.74
2025.115.10:41:00/wx/-3.50,553.9,19.5,2.03,357,0.74
2025.115.10:42:00/wx/-3.49,553.9,19.6,1.31,336,0.75
2025.115.10:43:00/wx/-3.60,553.9,19.6,1.12,326,0.75
2025.115.10:44:00/wx/-3.60,553.9,19.7,1.69,324,0.75
2025.115.10:45:00/wx/-3.50,554.0,19.8,1.37,318,0.76
2025.115.10:46:00/wx/-3.50,554.0,19.9,1.63,346,0.77
2025.115.10:47:00/wx/-3.60,554.0,20.0,1.64,317,0.76
2025.115.10:48:00/wx/-3.51,554.0,20.2,1.76,323,0.76
2025.115.10:49:00/wx/-3.50,554.0,20.3,1.19,324,0.75
2025.115.10:50:00/wx/-3.50,554.0,20.2,1.89,337,0.76
2025.115.10:51:00/wx/-3.50,554.0,20.2,1.83,352,0.76
2025.115.10:52:00/wx/-3.40,554.0,20.2,1.60,343,0.75
2025.115.10:53:00/wx/-3.40,554.0,20.1,1.90,342,0.75
2025.115.10:54:00/wx/-3.40,554.0,20.0,1.83,342,0.75
2025.115.10:55:00/wx/-3.40,554.0,19.8,1.56,327,0.75
2025.115.10:56:00/wx/-3.40,554.0,20.0,1.33,331,0.75
2025.115.10:57:00/wx/-3.51,554.0,20.1,1.96,344,0.75
2025.115.10:58:00/wx/-3.50,554.0,19.9,1.93,323,0.76
2025.115.10:59:00/wx/-3.50,554.1,19.9,1.25,314,0.76
2025.115.11:00:00/wx/-3.60,554.0,19.9,1.36,295,0.76
2025.115.11:01:00/wx/-3.70,554.0,19.9,1.51,331,0.76
2025.115.11:02:00/wx/-3.70,554.0,19.7,1.67,326,0.76
2025.115.11:03:00/wx/-3.61,554.0,19.8,1.02,308,0.76
2025.115.11:04:00/wx/-3.60,554.1,19.7,1.32,303,0.76
2025.115.11:05:00/wx/-3.60,554.0,19.6,1.40,295,0.77
2025.115.11:06:00/wx/-3.70,554.0,19.8,1.42,287,0.76
2025.115.11:07:00/wx/-3.80,554.1,20.0,1.05,281,0.75
2025.115.11:08:00/wx/-3.70,554.1,19.5,0.93,252,0.76
2025.115.11:09:00/wx/-3.60,554.1,19.5,0.91,293,0.76
2025.115.11:10:00/wx/-3.70,554.1,19.3,1.07,288,0.75
2025.115.11:11:00/wx/-3.80,554.1,19.3,0.92,307,0.76
2025.115.11:12:00/wx/-3.80,554.1,19.4,0.78,293,0.77
2025.115.11:13:00/wx/-3.80,554.1,19.3,1.32,246,0.76
2025.115.11:14:00/wx/-3.80,554.1,19.1,0.94,286,0.75
2025.115.11:15:00/wx/-3.80,554.1,19.3,1.59,249,0.75
2025.115.11:16:00/wx/-3.80,554.1,19.3,1.33,239,0.75
2025.115.11:17:00/wx/-3.80,554.1,19.2,1.05,264,0.74
2025.115.11:18:00/wx/-3.80,554.1,19.2,1.12,267,0.74
2025.115.11:19:00/wx/-3.77,554.1,19.1,0.85,275,0.74
2025.115.11:20:00/wx/-3.70,554.2,19.0,1.15,308,0.75
2025.115.11:21:00/wx/-3.80,554.1,18.9,0.93,271,0.74
2025.115.11:22:00/wx/-3.80,554.1,19.1,1.28,300,0.74
2025.115.11:23:00/wx/-3.80,554.2,19.2,0.72,281,0.74
2025.115.11:24:00/wx/-3.80,554.1,19.2,0.86,286,0.74
2025.115.11:25:00/wx/-3.80,554.2,19.1,0.92,316,0.74
2025.115.11:26:00/wx/-3.82,554.1,19.1,1.02,300,0.73
2025.115.11:27:00/wx/-3.80,554.2,19.1,1.12,303,0.73
2025.115.11:28:00/wx/-3.90,554.2,19.1,1.23,324,0.72
2025.115.11:29:00/wx/-3.80,554.2,18.9,1.39,329,0.73
2025.115.11:30:00/wx/-3.71,554.2,19.2,1.57,330,0.74
2025.115.11:31:00/wx/-3.60,554.2,19.7,1.48,321,0.74
2025.115.11:32:00/wx/-3.43,554.2,19.0,1.41,348,0.74
2025.115.11:33:00/wx/-3.30,554.2,18.1,1.43,346,0.73
2025.115.11:34:00/wx/-3.26,554.2,17.4,1.39,318,0.73
2025.115.11:35:00/wx/-3.10,554.2,17.2,1.94,359,0.73
2025.115.11:36:00/wx/-3.00,554.2,17.2,1.67,-28,0.73
2025.115.11:37:00/wx/-2.90,554.2,17.6,1.59,353,0.73
2025.115.11:38:00/wx/-2.80,554.2,17.3,1.37,351,0.72
2025.115.11:39:00/wx/-2.70,554.2,17.2,1.11,143,0.73
2025.115.11:40:00/wx/-2.70,554.2,16.5,1.88,336,0.72
2025.115.11:41:00/wx/-2.72,554.2,16.5,1.78,337,0.73
2025.115.11:42:00/wx/-2.80,554.2,17.2,1.31,334,0.74
2025.115.11:43:00/wx/-2.70,554.2,16.7,1.63,352,0.74
2025.115.11:44:00/wx/-2.70,554.2,16.7,1.46,341,0.74
2025.115.11:45:00/wx/-2.70,554.2,16.7,1.26,322,0.74
2025.115.11:46:00/wx/-2.60,554.2,17.2,1.20,337,0.74
2025.115.11:47:00/wx/-2.60,554.2,16.9,1.59,337,0.74
2025.115.11:48:00/wx/-2.50,554.2,17.3,1.20,341,0.74
2025.115.11:49:00/wx/-2.50,554.2,17.1,1.24,339,0.75
2025.115.11:50:00/wx/-2.50,554.2,17.4,1.21,344,0.75
2025.115.11:51:00/wx/-2.50,554.2,17.1,1.34,324,0.75
2025.115.11:52:00/wx/-2.39,554.2,17.4,1.30,336,0.75
2025.115.11:53:00/wx/-2.50,554.2,17.2,1.15,326,0.75
2025.115.11:54:00/wx/-2.50,554.3,17.5,1.42,338,0.75
2025.115.11:55:00/wx/-2.50,554.3,18.1,1.02,325,0.75
2025.115.11:56:00/wx/-2.50,554.3,18.2,1.41,332,0.75
2025.115.11:57:00/wx/-2.50,554.3,18.6,1.82,351,0.75
2025.115.11:58:00/wx/-2.50,554.3,18.4,0.99,313,0.74
2025.115.11:59:00/wx/-2.55,554.3,18.2,1.61,325,0.74
2025.115.12:00:00/wx/-2.80,554.3,18.6,1.83,318,0.75
2025.115.12:01:00/wx/-2.70,554.3,19.0,1.70,332,0.75
2025.115.12:02:00/wx/-2.70,554.3,18.4,1.55,335,0.75
2025.115.12:03:00/wx/-2.70,554.3,18.7,1.50,335,0.75
2025.115.12:04:00/wx/-2.70,554.4,19.1,1.10,337,0.74
2025.115.12:05:00/wx/-2.70,554.3,19.3,1.63,316,-58.70
2025.115.12:06:00/wx/-2.60,554.4,18.5,1.84,339,-354.83
2025.115.12:07:00/wx/-2.60,554.4,18.7,1.41,293,-726.53
2025.115.12:08:00/wx/-2.40,554.4,19.4,1.24,336,-976.66
2025.115.12:09:00/wx/-2.30,554.4,18.9,1.23,348,-999.00
2025.115.12:10:00/wx/-2.40,554.4,18.1,1.13,329,-999.00
2025.115.12:11:00/wx/-2.30,554.4,19.1,0.76,300,-999.00
2025.115.12:12:00/wx/-2.30,554.4,19.4,1.30,315,-999.00
2025.115.12:13:00/wx/-2.30,554.4,18.4,1.31,334,-999.00
2025.115.12:14:00/wx/-2.20,554.4,19.5,1.38,264,-999.00
2025.115.12:15:00/wx/-2.30,554.4,18.1,1.44,321,-999.00
2025.115.12:16:00/wx/-2.20,554.5,18.0,1.64,208,-999.00
2025.115.12:17:00/wx/-2.10,554.5,18.3,0.85,248,-999.00
2025.115.12:18:00/wx/-2.10,554.5,17.6,1.37,85,-27.27
2025.115.12:19:00/wx/-2.04,554.5,17.6,1.03,341,0.73
2025.115.12:20:00/wx/-1.81,554.5,17.5,0.95,357,0.72
2025.115.12:21:00/wx/-1.80,554.5,17.5,1.06,-32,0.73
2025.115.12:22:00/wx/-1.80,554.5,16.6,1.83,311,0.73
2025.115.12:23:00/wx/-1.97,554.5,16.8,1.48,328,0.73
2025.115.12:24:00/wx/-1.87,554.5,17.4,1.65,327,0.73
2025.115.12:25:00/wx/-1.80,554.5,16.9,1.23,317,0.72
2025.115.12:26:00/wx/-1.85,554.5,16.5,1.96,357,0.72
2025.115.12:27:00/wx/-1.80,554.5,16.3,1.32,347,0.71
2025.115.12:28:00/wx/-1.80,554.5,16.3,2.24,344,0.71
2025.115.12:29:00/wx/-1.84,554.5,16.2,1.26,337,0.71
2025.115.12:30:00/wx/-1.60,554.5,16.0,1.56,343,0.72
2025.115.12:31:00/wx/-1.54,554.5,15.7,1.97,3,0.72
2025.115.12:32:00/wx/-1.80,554.6,15.9,2.46,343,0.71
2025.115.12:33:00/wx/-1.80,554.5,15.9,1.47,311,0.72
2025.115.12:34:00/wx/-1.70,554.5,16.2,1.49,336,0.72
2025.115.12:35:00/wx/-1.80,554.6,15.7,1.53,356,0.72
2025.115.12:36:00/wx/-1.70,554.6,15.6,1.29,313,0.72
2025.115.12:37:00/wx/-1.50,554.6,15.8,1.20,319,0.72
2025.115.12:38:00/wx/-1.64,554.6,15.0,2.05,337,0.71
2025.115.12:39:00/wx/-1.62,554.5,14.9,1.30,283,0.71
2025.115.12:40:00/wx/-1.49,554.6,14.7,1.06,325,0.70
2025.115.12:41:00/wx/-1.40,554.6,14.7,1.34,329,0.71
2025.115.12:42:00/wx/-1.30,554.6,14.8,1.50,341,0.71
2025.115.12:43:00/wx/-1.50,554.6,14.0,1.63,342,0.71
2025.115.12:44:00/wx/-1.50,554.6,14.6,1.41,326,0.71
2025.115.12:45:00/wx/-1.70,554.6,15.3,2.07,333,0.71
2025.115.12:46:00/wx/-1.64,554.6,14.8,1.43,346,0.70
2025.115.12:47:00/wx/-1.60,554.6,14.9,2.13,320,0.70
2025.115.12:48:00/wx/-1.60,554.6,14.1,2.09,327,0.69
2025.115.12:49:00/wx/-1.70,554.6,14.5,1.91,338,0.68
2025.115.12:50:00/wx/-1.60,554.6,14.3,1.70,326,0.69
2025.115.12:51:00/wx/-1.40,554.6,14.1,1.11,325,0.67
2025.115.12:52:00/wx/-1.30,554.6,14.0,1.73,345,0.68
2025.115.12:53:00/wx/-1.40,554.6,14.3,1.72,332,0.69
2025.115.12:54:00/wx/-1.50,554.6,13.4,1.62,345,0.70
2025.115.12:55:00/wx/-1.40,554.6,13.7,1.45,321,0.71
2025.115.12:56:00/wx/-1.47,554.6,14.2,1.86,336,0.71
2025.115.12:57:00/wx/-1.40,554.6,13.8,1.63,304,0.71
2025.115.12:58:00/wx/-1.44,554.7,14.8,1.66,317,0.71
2025.115.12:59:00/wx/-1.40,554.6,13.6,1.41,325,0.72
2025.115.13:00:00/wx/-1.50,554.7,14.0,1.61,323,0.71
2025.115.13:01:00/wx/-1.50,554.7,14.3,1.98,329,0.72
2025.115.13:02:00/wx/-1.40,554.7,14.4,1.25,341,0.72
2025.115.13:03:00/wx/-1.40,554.6,14.5,1.38,318,0.72
2025.115.13:04:00/wx/-1.30,554.7,14.2,1.10,292,0.71
2025.115.13:05:00/wx/-1.28,554.7,14.2,1.15,325,0.71
2025.115.13:06:00/wx/-1.10,554.6,13.9,1.33,327,0.71
2025.115.13:07:00/wx/-0.99,554.7,14.3,0.82,281,0.71
2025.115.13:08:00/wx/-0.90,554.7,14.5,1.26,314,0.71
2025.115.13:09:00/wx/-0.90,554.7,13.7,1.72,315,0.70
2025.115.13:10:00/wx/-1.00,554.7,13.9,1.58,340,0.70
2025.115.13:11:00/wx/-1.00,554.7,13.0,1.79,337,0.70
2025.115.13:12:00/wx/-1.00,554.7,13.8,1.04,324,0.69
2025.115.13:13:00/wx/-1.00,554.7,15.3,1.31,338,0.69
2025.115.13:14:00/wx/-1.00,554.7,15.5,1.58,314,0.69
2025.115.13:15:00/wx/-0.98,554.7,13.8,1.07,308,0.69
2025.115.13:16:00/wx/-0.90,554.7,14.7,1.59,330,0.69
2025.115.13:17:00/wx/-0.80,554.7,14.4,1.73,313,0.69
2025.115.13:18:00/wx/-0.90,554.7,14.5,2.10,332,0.70
2025.115.13:19:00/wx/-0.90,554.7,14.0,1.85,307,0.71
2025.115.13:20:00/wx/-0.80,554.7,14.4,1.18,346,0.70
2025.115.13:21:00/wx/-0.70,554.8,14.4,1.48,29,0.71
2025.115.13:22:00/wx/-0.60,554.8,14.9,1.21,288,0.71
2025.115.13:23:00/wx/-0.50,554.8,15.0,1.03,329,0.71
2025.115.13:24:00/wx/-0.11,554.8,14.5,1.49,340,0.70
2025.115.13:25:00/wx/-0.40,554.8,14.1,1.66,325,0.70
2025.115.13:26:00/wx/-0.60,554.7,15.0,1.78,322,0.68
2025.115.13:27:00/wx/-0.60,554.7,14.5,1.67,308,0.70
2025.115.13:28:00/wx/-0.60,554.8,14.4,1.67,344,0.69
2025.115.13:29:00/wx/-0.60,554.7,16.0,1.43,321,0.70
2025.115.13:30:00/wx/-0.47,554.7,14.9,1.23,279,0.69
2025.115.13:31:00/wx/-0.28,554.7,15.0,1.25,351,0.69
2025.115.13:32:00/wx/-0.72,554.7,14.7,2.42,36,0.68
2025.115.13:33:00/wx/-0.80,554.7,14.7,2.16,222,0.68
2025.115.13:34:00/wx/-0.70,554.8,14.4,1.90,350,0.69
2025.115.13:35:00/wx/-0.70,554.8,14.9,2.23,331,0.69
2025.115.13:36:00/wx/-0.70,554.8,14.5,2.32,342,0.69
2025.115.13:37:00/wx/-0.50,554.8,14.8,1.73,334,0.70
2025.115.13:38:00/wx/-0.40,554.8,14.2,2.23,332,0.69
2025.115.13:39:00/wx/-0.50,554.8,14.2,2.23,339,0.70
2025.115.13:40:00/wx/-0.85,554.8,17.2,2.11,344,0.70
2025.115.13:41:00/wx/-0.81,554.8,18.5,1.82,344,0.70
2025.115.13:42:00/wx/-0.59,554.8,17.3,0.28,304,0.71
2025.115.13:43:00/wx/-0.24,554.8,15.9,0.85,110,0.70
2025.115.13:44:00/wx/-0.20,554.8,14.1,1.20,359,0.71
2025.115.13:45:00/wx/0.00,554.8,14.4,1.33,337,0.70
2025.115.13:46:00/wx/-0.10,554.8,14.3,1.78,15,0.70
2025.115.13:47:00/wx/-0.10,554.8,14.2,1.63,78,0.70
2025.115.13:48:00/wx/-0.10,554.9,14.3,1.45,342,0.70
2025.115.13:49:00/wx/-0.31,554.8,16.0,2.85,2,0.69
2025.115.13:50:00/wx/-0.40,554.8,14.9,1.69,341,0.69
2025.115.13:51:00/wx/-0.30,554.9,15.3,2.12,343,0.69
2025.115.13:52:00/wx/-0.40,554.9,15.5,2.15,324,0.72
2025.115.13:53:00/wx/-0.22,554.8,15.5,1.49,341,0.71
2025.115.13:54:00/wx/0.11,554.8,14.5,0.74,319,0.71
2025.115.13:55:00/wx/0.20,554.9,14.0,1.76,178,0.71
2025.115.13:56:00/wx/0.10,554.8,16.2,1.41,310,0.71
2025.115.13:57:00/wx/0.18,554.8,14.7,1.44,305,0.71
2025.115.13:58:00/wx/0.10,554.9,16.0,1.82,343,0.70
2025.115.13:59:00/wx/-0.11,554.9,16.2,2.53,336,0.70
2025.115.14:00:00/wx/-0.30,554.9,18.2,1.42,318,0.69
2025.115.14:01:00/wx/-0.30,554.9,15.5,1.62,305,0.69
2025.115.14:02:00/wx/-0.17,554.9,15.3,1.18,305,0.69
2025.115.14:03:00/wx/0.12,554.9,13.9,2.27,288,0.69
2025.115.14:04:00/wx/-0.30,554.9,14.8,1.84,265,0.69
2025.115.14:05:00/wx/-0.20,554.9,13.8,1.92,303,0.68
2025.115.14:06:00/wx/-0.20,554.9,14.0,1.83,319,0.68
2025.115.14:07:00/wx/-0.20,554.9,15.1,2.25,316,0.69
2025.115.14:08:00/wx/-0.20,554.9,15.7,1.73,302,0.69
2025.115.14:09:00/wx/-0.30,554.9,17.5,2.08,287,0.69
2025.115.14:10:00/wx/-0.40,554.9,14.8,2.00,283,0.68
2025.115.14:11:00/wx/-0.50,554.9,14.8,2.03,269,0.69
2025.115.14:12:00/wx/-0.63,554.9,14.7,2.20,266,0.69
2025.115.14:13:00/wx/-0.70,555.0,15.1,2.44,288,0.69
2025.115.14:14:00/wx/-0.71,555.0,14.6,2.36,260,0.69
2025.115.14:15:00/wx/-0.97,554.9,16.6,2.82,257,0.69
2025.115.14:16:00/wx/-1.00,555.0,15.1,2.22,265,0.69
2025.115.14:17:00/wx/-0.90,554.9,14.8,1.95,279,0.69
2025.115.14:18:00/wx/-0.89,554.9,16.0,3.22,263,0.69
2025.115.14:19:00/wx/-0.90,554.9,14.4,2.48,259,0.69
2025.115.14:20:00/wx/-0.90,555.0,14.4,2.45,254,0.69
2025.115.14:21:00/wx/-0.80,555.0,15.5,2.63,260,0.69
2025.115.14:22:00/wx/-0.90,555.0,14.6,2.40,261,0.70
2025.115.14:23:00/wx/-0.80,555.0,13.9,2.79,259,0.68
2025.115.14:24:00/wx/-0.80,555.0,14.2,2.68,271,0.68
2025.115.14:25:00/wx/-0.87,554.9,14.8,2.70,260,0.68
2025.115.14:26:00/wx/-0.90,555.0,15.3,3.03,254,0.68
2025.115.14:27:00/wx/-0.90,555.0,15.1,3.87,252,0.68
2025.115.14:28:00/wx/-0.90,555.0,15.6,3.23,254,0.69
2025.115.14:29:00/wx/-0.90,555.0,14.9,3.37,258,0.68
2025.115.14:30:00/wx/-0.90,555.0,14.7,2.98,262,0.69
2025.115.14:31:00/wx/-0.90,555.0,15.3,2.63,265,0.68
2025.115.14:32:00/wx/-0.80,555.0,15.4,2.45,267,0.69
2025.115.14:33:00/wx/-0.80,555.0,15.3,3.04,266,0.69
2025.115.14:34:00/wx/-0.80,554.9,16.8,3.13,279,0.69
2025.115.14:35:00/wx/-0.80,554.9,15.8,2.84,279,0.68
2025.115.14:36:00/wx/-0.70,555.0,15.6,2.44,278,0.68
2025.115.14:37:00/wx/-0.70,554.9,17.8,2.96,288,0.68
2025.115.14:38:00/wx/-0.70,555.0,17.4,2.85,280,0.68
2025.115.14:39:00/wx/-0.70,555.0,17.5,2.23,273,0.68
2025.115.14:40:00/wx/-0.60,555.0,17.3,2.44,276,0.68
2025.115.14:41:00/wx/-0.60,555.0,17.4,1.94,276,0.67
2025.115.14:42:00/wx/-0.50,555.0,16.8,2.29,291,0.68
