2025.095.18:39:00;APEX Database Weather Data for Timerange of e25a06
2025.095.18:39:00;The format is wx/temp[C],press[mbar],humid[%],speed[m/s],direction[deg],pwv[mm]
2025.095.18:40:00/wx/3.34,556.4,37.6,10.63,292,2.57
2025.095.18:41:00/wx/2.65,556.3,38.9,6.03,277,2.35
2025.095.18:42:00/wx/2.33,556.3,40.6,10.38,288,2.16
2025.095.18:43:00/wx/3.71,556.3,36.8,11.89,278,2.39
2025.095.18:44:00/wx/3.33,556.3,36.5,11.40,288,2.20
2025.095.18:45:00/wx/2.52,556.3,37.5,9.45,285,2.36
2025.095.18:46:00/wx/2.80,556.2,38.0,9.03,279,2.36
2025.095.18:47:00/wx/3.48,556.2,36.4,8.37,274,2.52
2025.095.18:48:00/wx/3.21,556.3,35.9,9.88,274,2.28
2025.095.18:49:00/wx/2.50,556.3,37.3,10.07,291,2.25
2025.095.18:50:00/wx/2.90,556.3,37.3,12.13,302,2.37
2025.095.18:51:00/wx/3.81,556.3,36.3,7.71,263,2.37
2025.095.18:52:00/wx/2.49,556.3,37.2,8.34,285,2.30
2025.095.18:53:00/wx/3.00,556.3,37.2,9.63,274,2.25
2025.095.18:54:00/wx/2.62,556.3,37.6,8.54,288,2.37
2025.095.18:55:00/wx/2.72,556.2,36.7,9.31,287,2.52
2025.095.18:56:00/wx/2.65,556.2,37.7,9.71,277,2.36
2025.095.18:57:00/wx/3.13,556.2,35.9,10.76,249,2.05
2025.095.18:58:00/wx/3.05,556.3,35.9,10.89,279,2.19
2025.095.18:59:00/wx/2.66,556.3,36.7,11.15,297,2.20
2025.095.19:00:00/wx/2.30,556.2,38.0,7.53,279,2.28
2025.095.19:01:00/wx/2.93,556.3,36.8,10.91,282,2.13
2025.095.19:02:00/wx/2.54,556.3,37.5,6.39,256,2.22
2025.095.19:03:00/wx/1.79,556.1,39.4,6.12,255,2.30
2025.095.19:04:00/wx/2.29,556.2,39.0,8.49,253,2.45
2025.095.19:05:00/wx/3.00,556.2,36.7,8.02,258,2.44
2025.095.19:06:00/wx/2.56,556.2,37.0,10.03,248,2.71
2025.095.19:07:00/wx/2.16,556.2,38.3,11.83,244,2.47
2025.095.19:08:00/wx/2.42,556.2,37.6,9.03,255,2.49
2025.095.19:09:00/wx/2.94,556.2,35.6,7.19,255,2.68
2025.095.19:10:00/wx/3.10,556.3,35.1,9.63,279,-999.00
2025.095.19:11:00/wx/2.47,556.2,36.6,7.71,273,3.07
2025.095.19:12:00/wx/2.48,556.2,36.9,8.88,256,3.20
2025.095.19:13:00/wx/3.36,556.3,34.8,9.83,258,3.04
2025.095.19:14:00/wx/2.42,556.3,36.4,7.27,259,2.70
2025.095.19:15:00/wx/1.99,556.2,37.7,6.75,276,2.71
2025.095.19:16:00/wx/1.94,556.2,38.8,5.27,268,2.93
2025.095.19:17:00/wx/2.59,556.3,36.9,10.51,277,2.87
2025.095.19:18:00/wx/2.46,556.3,36.1,9.82,272,2.87
2025.095.19:19:00/wx/2.67,556.3,36.0,12.17,279,2.78
2025.095.19:20:00/wx/1.90,556.2,37.3,7.25,282,3.06
2025.095.19:21:00/wx/2.83,556.2,36.1,12.51,285,2.84
2025.095.19:22:00/wx/2.66,556.2,35.8,5.37,271,2.76
2025.095.19:23:00/wx/2.51,556.3,35.7,11.30,251,3.04
2025.095.19:24:00/wx/2.53,556.3,35.6,9.31,259,2.87
2025.095.19:25:00/wx/2.59,556.2,35.5,9.48,251,3.07
2025.095.19:26:00/wx/2.12,556.2,36.8,9.55,243,3.01
2025.095.19:27:00/wx/2.18,556.2,37.6,8.47,247,2.76
2025.095.19:28:00/wx/2.79,556.2,35.9,7.93,271,2.57
2025.095.19:29:00/wx/2.68,556.2,35.5,6.46,272,2.75
2025.095.19:30:00/wx/3.23,556.1,35.0,6.09,279,2.61
2025.095.19:31:00/wx/3.20,556.2,34.5,8.78,258,2.42
2025.095.19:32:00/wx/3.60,556.3,33.8,11.34,257,2.35
2025.095.19:33:00/wx/3.07,556.3,34.5,8.13,256,2.58
2025.095.19:34:00/wx/3.40,556.2,34.3,8.64,260,2.78
2025.095.19:35:00/wx/2.40,556.2,35.9,11.16,252,3.11
2025.095.19:36:00/wx/1.73,556.2,37.0,9.12,257,3.17
2025.095.19:37:00/wx/2.60,556.2,36.2,12.53,249,3.16
2025.095.19:38:00/wx/2.96,556.2,34.8,7.68,263,3.13
2025.095.19:39:00/wx/2.52,556.2,35.8,11.65,244,3.07
2025.095.19:40:00/wx/2.54,556.2,35.6,12.61,245,3.05
2025.095.19:41:00/wx/3.18,556.2,33.8,7.28,274,2.94
2025.095.19:42:00/wx/3.00,556.2,34.0,11.33,272,2.88
2025.095.19:43:00/wx/2.09,556.1,35.8,7.32,274,2.75
2025.095.19:44:00/wx/2.53,556.2,35.4,8.64,255,2.53
2025.095.19:45:00/wx/2.99,556.2,34.4,10.65,269,2.92
2025.095.19:46:00/wx/2.84,556.1,34.4,9.66,258,2.53
2025.095.19:47:00/wx/2.40,556.2,34.6,9.63,258,2.64
2025.095.19:48:00/wx/1.61,556.1,36.4,8.80,283,2.38
2025.095.19:49:00/wx/2.50,556.1,36.1,8.13,271,2.54
2025.095.19:50:00/wx/3.50,556.1,34.1,11.22,283,2.51
2025.095.19:51:00/wx/3.00,556.0,34.1,10.63,259,2.77
2025.095.19:52:00/wx/2.50,556.0,34.8,11.64,245,2.69
2025.095.19:53:00/wx/3.00,556.1,34.1,11.70,260,2.69
2025.095.19:54:00/wx/2.22,556.0,34.9,8.37,261,2.41
2025.095.19:55:00/wx/3.20,556.0,35.0,8.10,267,2.72
2025.095.19:56:00/wx/2.91,556.1,34.5,12.97,286,2.40
2025.095.19:57:00/wx/2.19,556.0,36.1,11.00,287,2.48
2025.095.19:58:00/wx/2.58,556.0,35.9,10.37,253,2.63
2025.095.19:59:00/wx/2.69,556.1,35.9,12.49,255,2.91
2025.095.20:00:00/wx/1.68,556.0,38.3,10.65,283,2.74
2025.095.20:01:00/wx/2.15,556.0,37.5,9.67,288,3.00
2025.095.20:02:00/wx/2.10,556.1,37.8,9.98,278,3.24
2025.095.20:03:00/wx/2.86,556.1,36.2,11.84,253,3.05
2025.095.20:04:00/wx/2.90,556.1,34.5,9.55,262,2.83
2025.095.20:05:00/wx/2.56,556.0,35.8,5.71,269,2.94
2025.095.20:06:00/wx/1.83,556.0,36.6,13.48,241,3.08
2025.095.20:07:00/wx/1.81,556.1,38.6,7.56,264,2.71
2025.095.20:08:00/wx/2.63,556.1,36.6,11.64,258,2.61
2025.095.20:09:00/wx/1.71,556.0,37.1,12.08,252,2.98
2025.095.20:10:00/wx/1.85,556.1,37.6,8.75,256,2.95
2025.095.20:11:00/wx/1.95,556.0,37.2,9.81,240,2.86
2025.095.20:12:00/wx/1.92,556.1,37.7,7.88,267,3.22
2025.095.20:13:00/wx/2.58,556.1,36.5,14.55,244,3.47
2025.095.20:14:00/wx/2.30,556.1,36.9,10.03,252,3.29
2025.095.20:15:00/wx/1.85,556.1,36.7,13.63,249,3.59
2025.095.20:16:00/wx/1.90,556.1,37.7,10.77,247,3.44
2025.095.20:17:00/wx/2.49,556.1,36.5,10.89,260,3.32
2025.095.20:18:00/wx/2.32,556.2,36.5,10.39,263,3.24
2025.095.20:19:00/wx/2.10,556.1,36.8,10.86,246,3.11
2025.095.20:20:00/wx/1.68,556.1,38.3,11.83,248,3.12
2025.095.20:21:00/wx/1.52,556.1,38.5,9.78,253,3.18
2025.095.20:22:00/wx/2.12,556.1,37.4,12.93,247,3.20
2025.095.20:23:00/wx/1.68,556.1,36.5,6.44,274,3.06
2025.095.20:24:00/wx/2.00,556.1,36.7,8.13,272,3.38
2025.095.20:25:00/wx/2.04,556.1,37.5,8.80,235,3.48
2025.095.20:26:00/wx/1.74,556.1,38.2,9.28,231,3.02
2025.095.20:27:00/wx/2.14,556.1,37.2,13.96,245,2.81
2025.095.20:28:00/wx/2.05,556.1,35.4,9.18,268,3.30
2025.095.20:29:00/wx/2.10,556.1,35.7,13.73,245,3.31
2025.095.20:30:00/wx/2.14,556.1,36.5,13.70,245,3.11
2025.095.20:31:00/wx/1.64,556.2,37.2,9.36,255,3.49
2025.095.20:32:00/wx/1.97,556.1,38.0,13.43,251,3.22
2025.095.20:33:00/wx/2.17,556.2,37.0,8.75,267,3.13
2025.095.20:34:00/wx/1.80,556.1,37.6,7.83,263,3.01
2025.095.20:35:00/wx/1.90,556.2,37.8,8.31,256,3.07
2025.095.20:36:00/wx/2.29,556.2,37.4,8.67,273,3.01
2025.095.20:37:00/wx/1.58,556.2,38.0,5.96,275,2.92
2025.095.20:38:00/wx/1.47,556.2,38.9,7.33,255,2.90
2025.095.20:39:00/wx/2.10,556.2,37.5,9.93,283,3.21
2025.095.20:40:00/wx/1.96,556.1,37.4,6.35,275,3.23
2025.095.20:41:00/wx/2.48,556.1,36.4,11.22,241,3.01
2025.095.20:42:00/wx/1.85,556.1,36.3,11.69,244,2.75
2025.095.20:43:00/wx/1.80,556.1,37.5,11.15,249,2.60
2025.095.20:44:00/wx/1.80,556.1,37.3,10.67,250,2.98
2025.095.20:45:00/wx/1.59,556.2,37.8,6.30,278,2.95
2025.095.20:46:00/wx/2.11,556.2,36.8,11.70,248,3.02
2025.095.20:47:00/wx/1.70,556.1,36.8,11.66,238,2.90
2025.095.20:48:00/wx/2.47,556.2,36.3,8.24,278,3.03
2025.095.20:49:00/wx/2.61,556.1,35.7,7.20,265,2.92
2025.095.20:50:00/wx/2.10,556.1,35.8,7.62,271,2.77
2025.095.20:51:00/wx/1.50,556.1,37.3,8.35,268,2.78
2025.095.20:52:00/wx/1.38,556.1,37.7,8.75,279,2.92
2025.095.20:53:00/wx/1.59,556.1,37.7,8.07,259,3.00
2025.095.20:54:00/wx/1.41,556.1,37.7,7.14,258,2.89
2025.095.20:55:00/wx/2.38,556.2,36.2,11.22,254,2.71
2025.095.20:56:00/wx/1.61,556.1,37.0,11.81,251,2.72
2025.095.20:57:00/wx/1.50,556.2,37.7,9.94,251,2.90
2025.095.20:58:00/wx/1.17,556.1,37.9,10.11,254,2.60
2025.095.20:59:00/wx/1.19,556.2,37.8,10.56,270,2.70
2025.095.21:00:00/wx/1.56,556.2,37.6,12.95,248,2.59
2025.095.21:01:00/wx/1.11,556.1,38.3,9.86,250,2.76
2025.095.21:02:00/wx/1.67,556.1,37.7,8.77,261,2.75
2025.095.21:03:00/wx/1.75,556.1,36.4,8.58,275,2.55
2025.095.21:04:00/wx/1.40,556.1,37.6,8.44,271,2.59
2025.095.21:05:00/wx/1.87,556.1,37.1,9.54,253,2.61
2025.095.21:06:00/wx/1.50,556.2,37.0,11.23,256,2.67
2025.095.21:07:00/wx/1.67,556.2,37.0,12.11,260,2.78
2025.095.21:08:00/wx/1.66,556.1,37.4,10.85,270,2.62
2025.095.21:09:00/wx/1.40,556.2,37.4,9.64,259,2.72
2025.095.21:10:00/wx/1.11,556.2,38.1,8.01,261,2.73
2025.095.21:11:00/wx/1.10,556.2,38.5,10.13,246,2.67
2025.095.21:12:00/wx/1.27,556.1,38.0,11.61,249,2.80
2025.095.21:13:00/wx/1.17,556.1,38.5,9.17,255,2.83
2025.095.21:14:00/wx/1.93,556.1,37.2,7.39,278,2.99
2025.095.21:15:00/wx/2.17,556.1,36.0,9.57,260,2.82
2025.095.21:16:00/wx/1.20,556.2,37.3,13.53,250,2.83
2025.095.21:17:00/wx/1.50,556.2,37.4,9.11,269,2.86
2025.095.21:18:00/wx/1.31,556.2,37.7,8.63,261,2.89
2025.095.21:19:00/wx/1.13,556.2,38.3,7.17,262,3.05
2025.095.21:20:00/wx/1.27,556.1,37.9,8.95,268,3.07
2025.095.21:21:00/wx/1.00,556.1,38.3,9.93,253,2.97
2025.095.21:22:00/wx/0.90,556.1,38.7,9.91,251,2.84
2025.095.21:23:00/wx/1.11,556.1,38.6,8.33,267,2.68
2025.095.21:24:00/wx/0.82,556.1,38.8,8.43,257,2.67
2025.095.21:25:00/wx/1.24,556.1,37.7,11.08,255,2.73
2025.095.21:26:00/wx/1.00,556.2,38.5,11.58,252,2.52
2025.095.21:27:00/wx/0.65,556.2,40.0,11.38,252,2.64
2025.095.21:28:00/wx/0.60,556.1,40.4,11.93,246,2.72
2025.095.21:29:00/wx/0.70,556.1,40.2,12.22,251,2.67
2025.095.21:30:00/wx/0.70,556.2,40.0,11.74,251,2.71
2025.095.21:31:00/wx/0.49,556.1,40.4,7.10,253,2.66
2025.095.21:32:00/wx/1.00,556.1,38.8,7.72,258,2.64
2025.095.21:33:00/wx/0.80,556.1,38.7,8.82,256,2.65
2025.095.21:34:00/wx/0.80,556.1,38.6,11.96,247,2.67
2025.095.21:35:00/wx/0.98,556.1,38.7,10.73,255,2.70
2025.095.21:36:00/wx/0.99,556.1,38.4,11.73,250,2.60
2025.095.21:37:00/wx/0.91,556.1,38.5,12.80,247,2.65
2025.095.21:38:00/wx/0.50,556.1,39.5,8.51,260,2.60
2025.095.21:39:00/wx/0.74,556.1,39.9,11.51,245,2.65
2025.095.21:40:00/wx/0.78,556.1,39.6,7.33,268,2.64
2025.095.21:41:00/wx/0.99,556.0,39.0,12.07,252,2.51
2025.095.21:42:00/wx/0.76,556.1,39.3,8.88,261,2.31
2025.095.21:43:00/wx/0.70,556.1,39.6,9.68,259,2.50
2025.095.21:44:00/wx/0.73,556.1,39.5,9.06,271,2.42
2025.095.21:45:00/wx/0.90,556.1,39.3,7.43,269,2.62
2025.095.21:46:00/wx/1.00,556.0,39.2,8.60,268,2.63
2025.095.21:47:00/wx/1.20,556.0,38.6,9.16,258,2.50
2025.095.21:48:00/wx/1.10,556.0,38.0,11.43,279,2.55
2025.095.21:49:00/wx/1.00,556.0,38.3,9.06,276,2.35
2025.095.21:50:00/wx/0.91,556.0,38.6,9.10,259,2.50
2025.095.21:51:00/wx/0.79,556.0,39.2,10.54,269,2.42
2025.095.21:52:00/wx/0.70,556.0,39.6,11.31,252,2.33
2025.095.21:53:00/wx/0.70,556.0,39.4,8.03,278,2.46
2025.095.21:54:00/wx/0.49,556.1,39.4,9.95,253,2.38
2025.095.21:55:00/wx/0.60,556.1,39.2,9.91,247,2.43
2025.095.21:56:00/wx/0.60,556.1,39.3,11.19,250,2.53
2025.095.21:57:00/wx/0.63,556.0,39.4,10.36,263,2.54
2025.095.21:58:00/wx/0.50,556.1,39.4,9.92,243,2.47
2025.095.21:59:00/wx/0.44,556.1,39.7,13.34,244,2.39
2025.095.22:00:00/wx/0.51,556.1,40.1,12.63,247,2.43
2025.095.22:01:00/wx/0.30,556.0,40.2,11.34,242,2.53
2025.095.22:02:00/wx/0.30,556.0,40.1,8.43,255,2.49
2025.095.22:03:00/wx/0.20,556.1,40.7,7.29,249,2.50
2025.095.22:04:00/wx/0.35,556.0,40.2,9.49,263,2.50
2025.095.22:05:00/wx/0.30,556.0,40.3,10.10,264,2.39
2025.095.22:06:00/wx/0.30,556.1,40.5,10.93,252,2.29
2025.095.22:07:00/wx/0.30,556.1,40.4,7.39,269,2.27
2025.095.22:08:00/wx/0.20,556.1,40.7,9.64,248,2.37
2025.095.22:09:00/wx/0.10,556.1,40.4,9.72,251,2.29
2025.095.22:10:00/wx/0.10,556.0,40.0,11.06,250,2.16
2025.095.22:11:00/wx/0.00,556.1,40.5,12.38,243,2.39
2025.095.22:12:00/wx/0.00,556.0,40.6,13.10,239,2.45
2025.095.22:13:00/wx/0.00,556.1,40.7,12.36,249,2.45
2025.095.22:14:00/wx/-0.10,556.0,41.1,9.93,245,2.23
2025.095.22:15:00/wx/-0.10,556.0,41.1,10.66,248,2.27
2025.095.22:16:00/wx/-0.10,556.0,40.8,12.16,245,2.34
2025.095.22:17:00/wx/-0.18,556.1,40.9,11.28,249,2.42
2025.095.22:18:00/wx/-0.20,556.0,40.9,11.34,253,2.59
2025.095.22:19:00/wx/-0.30,556.0,40.8,10.45,242,2.47
2025.095.22:20:00/wx/-0.30,556.0,41.2,10.72,245,2.32
2025.095.22:21:00/wx/-0.40,556.1,41.8,7.40,260,2.49
2025.095.22:22:00/wx/-0.40,556.0,42.2,7.54,258,2.46
2025.095.22:23:00/wx/-0.40,556.1,41.9,11.16,245,2.53
2025.095.22:24:00/wx/-0.44,556.1,41.6,9.13,246,2.46
2025.095.22:25:00/wx/-0.40,556.1,41.8,8.73,250,2.53
2025.095.22:26:00/wx/-0.50,556.1,41.9,7.84,249,2.54
2025.095.22:27:00/wx/-0.50,556.1,41.9,10.34,247,2.51
2025.095.22:28:00/wx/-0.50,556.1,41.7,11.47,249,2.43
2025.095.22:29:00/wx/-0.50,556.1,41.8,9.85,248,2.48
2025.095.22:30:00/wx/-0.50,556.1,42.1,11.52,246,2.52
2025.095.22:31:00/wx/-0.50,556.1,42.0,10.43,244,2.45
2025.095.22:32:00/wx/-0.60,556.1,42.1,9.08,246,2.49
2025.095.22:33:00/wx/-0.60,556.1,42.2,9.21,254,2.42
2025.095.22:34:00/wx/-0.70,556.1,42.6,7.74,257,2.30
2025.095.22:35:00/wx/-0.70,556.1,42.4,6.73,259,2.42
2025.095.22:36:00/wx/-0.60,556.1,42.3,10.39,249,2.37
2025.095.22:37:00/wx/-0.69,556.1,42.1,9.88,241,1.03
2025.095.22:38:00/wx/-0.60,556.1,41.8,10.98,242,2.07
2025.095.22:39:00/wx/-0.60,556.1,42.0,8.86,250,2.05
2025.095.22:40:00/wx/-0.70,556.1,42.1,8.72,242,2.06
2025.095.22:41:00/wx/-0.65,556.1,42.0,9.89,244,2.09
2025.095.22:42:00/wx/-0.70,556.2,42.1,9.89,241,2.14
2025.095.22:43:00/wx/-0.70,556.1,41.9,10.20,241,2.12
2025.095.22:44:00/wx/-0.70,556.1,41.8,10.21,243,2.04
2025.095.22:45:00/wx/-0.70,556.1,42.1,10.09,245,2.06
2025.095.22:46:00/wx/-0.75,556.1,42.4,7.66,239,2.08
2025.095.22:47:00/wx/-0.80,556.1,42.6,9.31,248,2.13
2025.095.22:48:00/wx/-0.90,556.1,42.3,10.02,251,2.08
2025.095.22:49:00/wx/-0.79,556.1,41.7,8.93,249,2.13
2025.095.22:50:00/wx/-0.90,556.1,41.4,7.27,249,2.09
2025.095.22:51:00/wx/-1.00,556.1,41.9,9.69,245,2.09
2025.095.22:52:00/wx/-1.00,556.1,41.7,7.29,249,2.22
2025.095.22:53:00/wx/-1.10,556.1,41.9,8.44,240,2.26
2025.095.22:54:00/wx/-1.12,556.1,41.8,7.76,235,2.36
2025.095.22:55:00/wx/-1.10,556.1,41.6,9.12,236,2.30
2025.095.22:56:00/wx/-1.10,556.1,41.5,8.22,237,2.52
2025.095.22:57:00/wx/-1.20,556.1,41.9,9.27,246,2.19
2025.095.22:58:00/wx/-1.30,556.1,42.1,10.33,234,2.17
2025.095.22:59:00/wx/-1.37,556.1,42.0,9.09,233,2.17
2025.095.23:00:00/wx/-1.60,556.1,42.5,8.35,224,2.18
2025.095.23:01:00/wx/-1.50,556.2,42.7,10.02,226,2.20
2025.095.23:02:00/wx/-1.60,556.2,42.8,8.99,226,2.21
2025.095.23:03:00/wx/-1.60,556.2,43.0,10.60,235,2.19
2025.095.23:04:00/wx/-1.78,556.1,42.9,11.09,221,2.24
2025.095.23:05:00/wx/-1.80,556.2,43.0,9.54,230,2.17
2025.095.23:06:00/wx/-1.90,556.2,43.4,9.42,224,2.18
2025.095.23:07:00/wx/-1.90,556.2,43.4,10.28,229,2.16
2025.095.23:08:00/wx/-1.90,556.2,43.3,8.50,224,2.16
2025.095.23:09:00/wx/-1.90,556.2,43.7,9.31,227,2.20
2025.095.23:10:00/wx/-2.01,556.2,43.7,6.82,227,2.23
2025.095.23:11:00/wx/-1.94,556.2,44.0,8.25,231,2.22
2025.095.23:12:00/wx/-1.80,556.2,43.5,8.22,231,2.22
2025.095.23:13:00/wx/-1.90,556.2,43.5,6.98,240,2.15
2025.095.23:14:00/wx/-1.98,556.2,43.7,7.27,233,2.33
2025.095.23:15:00/wx/-2.10,556.2,44.2,7.92,231,2.35
2025.095.23:16:00/wx/-2.00,556.2,44.1,6.58,235,2.32
2025.095.23:17:00/wx/-2.20,556.2,44.4,8.42,226,2.32
2025.095.23:18:00/wx/-2.20,556.2,44.6,8.33,231,2.29
2025.095.23:19:00/wx/-2.20,556.2,44.5,8.60,227,2.27
2025.095.23:20:00/wx/-2.31,556.2,44.8,8.16,230,2.29
2025.095.23:21:00/wx/-2.20,556.2,44.6,7.96,242,2.30
2025.095.23:22:00/wx/-2.30,556.2,44.6,8.52,230,2.28
2025.095.23:23:00/wx/-2.30,556.3,44.6,8.60,237,2.14
2025.095.23:24:00/wx/-2.20,556.2,44.2,7.37,237,2.16
2025.095.23:25:00/wx/-2.30,556.3,44.3,6.68,238,2.17
2025.095.23:26:00/wx/-2.40,556.2,44.5,6.91,234,2.12
2025.095.23:27:00/wx/-2.40,556.3,44.6,7.12,232,2.11
2025.095.23:28:00/wx/-2.45,556.2,45.0,7.84,235,2.10
2025.095.23:29:00/wx/-2.50,556.2,44.9,6.45,233,2.12
2025.095.23:30:00/wx/-2.52,556.3,45.1,5.82,233,2.12
2025.095.23:31:00/wx/-2.73,556.3,45.6,7.68,231,2.10
2025.095.23:32:00/wx/-2.70,556.3,45.4,6.27,230,2.11
2025.095.23:33:00/wx/-2.60,556.2,45.1,8.61,228,2.07
2025.095.23:34:00/wx/-2.60,556.3,45.0,6.92,234,2.15
2025.095.23:35:00/wx/-2.60,556.3,45.2,8.08,238,2.12
2025.095.23:36:00/wx/-2.50,556.3,44.8,8.27,234,2.07
2025.095.23:37:00/wx/-2.50,556.3,44.7,7.07,238,2.14
2025.095.23:38:00/wx/-2.65,556.3,44.9,6.88,232,2.13
2025.095.23:39:00/wx/-2.80,556.3,45.2,7.23,237,2.14
2025.095.23:40:00/wx/-2.80,556.3,45.4,6.90,235,2.13
2025.095.23:41:00/wx/-2.80,556.3,45.4,7.71,241,2.17
2025.095.23:42:00/wx/-2.80,556.3,45.3,6.97,239,2.17
2025.095.23:43:00/wx/-2.80,556.3,45.2,6.91,230,2.16
2025.095.23:44:00/wx/-2.90,556.3,45.4,7.04,225,2.18
2025.095.23:45:00/wx/-3.02,556.3,45.6,7.29,221,2.24
2025.095.23:46:00/wx/-3.00,556.3,45.6,8.55,226,2.28
2025.095.23:47:00/wx/-3.10,556.3,45.8,8.13,224,2.26
2025.095.23:48:00/wx/-3.00,556.3,45.7,7.42,234,2.19
2025.095.23:49:00/wx/-3.20,556.3,46.0,6.84,228,2.20
2025.095.23:50:00/wx/-3.30,556.3,46.6,6.89,234,2.01
2025.095.23:51:00/wx/-3.33,556.3,46.8,7.62,226,2.05
2025.095.23:52:00/wx/-3.30,556.3,46.5,7.20,228,2.07
2025.095.23:53:00/wx/-3.40,556.3,46.9,7.46,226,2.07
2025.095.23:54:00/wx/-3.30,556.3,46.7,7.94,225,2.05
2025.095.23:55:00/wx/-3.30,556.3,46.5,7.79,218,2.06
2025.095.23:56:00/wx/-3.20,556.3,46.4,6.87,227,2.01
2025.095.23:57:00/wx/-3.40,556.3,46.7,6.57,235,1.99
2025.095.23:58:00/wx/-3.50,556.3,47.2,6.22,233,1.95
2025.095.23:59:00/wx/-3.50,556.3,47.3,6.55,231,2.01
2025.096.00:00:00/wx/-3.60,556.3,47.2,6.60,229,2.01
2025.096.00:01:00/wx/-3.68,556.3,47.4,6.08,230,1.98
2025.096.00:02:00/wx/-3.70,556.4,47.7,5.85,226,1.96
2025.096.00:03:00/wx/-3.66,556.3,47.6,6.17,229,2.05
2025.096.00:04:00/wx/-3.60,556.4,47.6,6.63,223,2.04
2025.096.00:05:00/wx/-3.70,556.4,47.7,5.63,233,2.01
2025.096.00:06:00/wx/-3.70,556.4,47.8,5.26,241,2.03
2025.096.00:07:00/wx/-3.69,556.3,47.7,5.77,239,2.02
2025.096.00:08:00/wx/-3.66,556.3,47.4,4.81,236,2.01
2025.096.00:09:00/wx/-3.70,556.4,47.5,4.92,235,2.04
2025.096.00:10:00/wx/-3.60,556.4,47.3,5.50,229,2.03
2025.096.00:11:00/wx/-3.60,556.4,47.4,6.45,234,1.94
2025.096.00:12:00/wx/-3.50,556.4,47.0,6.94,232,1.93
2025.096.00:13:00/wx/-3.56,556.4,47.0,6.23,235,1.96
2025.096.00:14:00/wx/-3.60,556.4,47.2,5.52,236,2.00
2025.096.00:15:00/wx/-3.70,556.4,47.5,5.51,245,1.95
2025.096.00:16:00/wx/-3.70,556.4,47.6,5.78,240,1.90
2025.096.00:17:00/wx/-3.70,556.4,47.5,5.04,239,1.88
2025.096.00:18:00/wx/-3.69,556.4,47.5,4.77,236,1.93
2025.096.00:19:00/wx/-3.80,556.4,47.9,5.62,239,1.87
2025.096.00:20:00/wx/-3.84,556.4,47.8,4.66,232,1.93
2025.096.00:21:00/wx/-4.00,556.4,48.1,4.62,245,1.89
2025.096.00:22:00/wx/-4.00,556.4,48.2,4.23,240,1.80
2025.096.00:23:00/wx/-4.21,556.4,48.8,5.23,250,1.76
2025.096.00:24:00/wx/-4.00,556.4,48.6,4.62,245,1.80
2025.096.00:25:00/wx/-4.05,556.4,48.3,4.39,241,1.78
2025.096.00:26:00/wx/-4.09,556.4,48.5,4.76,242,1.81
2025.096.00:27:00/wx/-4.02,556.4,48.6,4.69,246,1.86
2025.096.00:28:00/wx/-4.00,556.4,48.4,4.88,242,1.89
2025.096.00:29:00/wx/-4.00,556.4,48.3,4.80,230,1.82
2025.096.00:30:00/wx/-3.90,556.4,48.4,5.81,231,1.81
2025.096.00:31:00/wx/-3.80,556.4,48.0,4.76,235,1.82
2025.096.00:32:00/wx/-3.81,556.4,48.0,4.72,239,1.82
2025.096.00:33:00/wx/-3.97,556.4,48.3,3.78,245,1.83
2025.096.00:34:00/wx/-4.00,556.5,48.4,4.95,240,1.81
2025.096.00:35:00/wx/-4.10,556.5,48.4,4.38,248,1.81
2025.096.00:36:00/wx/-4.20,556.5,48.6,3.92,252,1.78
2025.096.00:37:00/wx/-4.22,556.5,49.0,3.89,249,1.75
2025.096.00:38:00/wx/-4.48,556.5,49.5,3.05,249,1.75
2025.096.00:39:00/wx/-4.50,556.5,49.7,3.34,250,1.75
2025.096.00:40:00/wx/-4.50,556.5,49.8,3.75,248,1.73
2025.096.00:41:00/wx/-4.50,556.6,49.9,3.94,246,1.73
2025.096.00:42:00/wx/-4.58,556.5,50.2,4.07,257,1.74
2025.096.00:43:00/wx/-4.22,556.5,49.5,3.93,255,1.73
2025.096.00:44:00/wx/-3.99,556.5,49.0,4.85,253,1.72
2025.096.00:45:00/wx/-3.80,556.6,48.4,5.57,247,1.71
2025.096.00:46:00/wx/-3.80,556.5,48.0,4.92,248,1.65
2025.096.00:47:00/wx/-4.10,556.5,48.4,4.46,251,1.68
2025.096.00:48:00/wx/-4.10,556.5,48.8,5.41,245,1.67
2025.096.00:49:00/wx/-4.00,556.5,48.5,5.05,245,1.69
2025.096.00:50:00/wx/-4.25,556.6,48.8,4.15,251,1.68
2025.096.00:51:00/wx/-4.31,556.5,49.6,5.33,250,1.76
2025.096.00:52:00/wx/-4.00,556.6,49.0,5.06,242,1.76
2025.096.00:53:00/wx/-4.10,556.6,48.8,4.64,248,1.80
2025.096.00:54:00/wx/-4.10,556.6,48.9,5.13,246,1.76
2025.096.00:55:00/wx/-4.10,556.6,48.8,5.16,251,1.72
2025.096.00:56:00/wx/-4.00,556.6,48.7,5.50,248,1.72
2025.096.00:57:00/wx/-4.00,556.6,48.6,5.09,250,1.71
2025.096.00:58:00/wx/-4.67,556.6,49.4,3.44,240,1.70
2025.096.00:59:00/wx/-4.91,556.6,51.2,3.88,241,1.71
2025.096.01:00:00/wx/-5.00,556.6,51.6,3.76,245,1.71
2025.096.01:01:00/wx/-4.90,556.6,51.5,3.92,235,1.74
2025.096.01:02:00/wx/-4.90,556.6,51.4,3.57,240,1.78
2025.096.01:03:00/wx/-5.28,556.6,51.8,3.57,238,1.78
2025.096.01:04:00/wx/-5.40,556.6,53.1,4.40,237,1.76
2025.096.01:05:00/wx/-5.50,556.7,53.4,3.51,238,1.74
2025.096.01:06:00/wx/-5.10,556.7,53.2,5.42,236,1.81
2025.096.01:07:00/wx/-4.50,556.7,51.0,3.73,251,1.80
2025.096.01:08:00/wx/-4.70,556.6,51.0,4.21,248,1.78
2025.096.01:09:00/wx/-4.80,556.7,51.5,4.10,242,1.80
2025.096.01:10:00/wx/-4.86,556.7,51.3,3.10,255,1.79
2025.096.01:11:00/wx/-5.00,556.6,51.9,4.22,246,1.75
2025.096.01:12:00/wx/-5.10,556.6,52.3,3.90,244,1.77
2025.096.01:13:00/wx/-5.10,556.7,52.4,3.49,248,1.75
2025.096.01:14:00/wx/-5.20,556.7,52.5,3.94,249,1.75
2025.096.01:15:00/wx/-5.14,556.6,52.6,4.02,246,1.72
2025.096.01:16:00/wx/-5.00,556.6,52.3,4.12,244,1.66
2025.096.01:17:00/wx/-5.00,556.7,52.1,3.64,239,1.63
2025.096.01:18:00/wx/-4.91,556.6,52.2,3.73,241,1.66
2025.096.01:19:00/wx/-5.03,556.7,52.0,3.16,246,1.68
2025.096.01:20:00/wx/-5.20,556.7,52.5,3.26,246,1.68
2025.096.01:21:00/wx/-5.29,556.7,52.6,3.43,248,1.65
2025.096.01:22:00/wx/-5.20,556.7,52.4,3.49,245,1.65
2025.096.01:23:00/wx/-5.29,556.7,52.4,3.60,251,1.66
2025.096.01:24:00/wx/-5.30,556.7,52.5,3.66,250,1.66
2025.096.01:25:00/wx/-5.27,556.7,52.5,3.83,244,1.67
2025.096.01:26:00/wx/-5.19,556.7,52.1,4.31,248,1.68
2025.096.01:27:00/wx/-5.05,556.7,51.7,3.85,246,1.69
2025.096.01:28:00/wx/-4.90,556.7,51.6,3.44,246,1.67
2025.096.01:29:00/wx/-5.13,556.7,51.6,2.89,253,1.64
2025.096.01:30:00/wx/-5.10,556.6,52.1,3.33,246,1.64
2025.096.01:31:00/wx/-5.30,556.7,52.2,2.36,259,1.64
2025.096.01:32:00/wx/-5.20,556.7,52.3,3.55,251,1.67
2025.096.01:33:00/wx/-5.20,556.7,52.0,3.23,247,1.68
2025.096.01:34:00/wx/-5.10,556.7,51.7,2.45,248,1.67
2025.096.01:35:00/wx/-5.18,556.7,52.0,3.02,248,1.69
2025.096.01:36:00/wx/-5.30,556.7,52.1,2.69,251,1.69
2025.096.01:37:00/wx/-5.35,556.7,52.4,2.05,262,1.69
2025.096.01:38:00/wx/-5.61,556.7,52.9,3.18,255,1.71
2025.096.01:39:00/wx/-5.20,556.7,52.1,2.51,254,1.73
2025.096.01:40:00/wx/-5.00,556.7,51.7,3.46,250,1.75
2025.096.01:41:00/wx/-5.20,556.7,52.0,3.71,243,1.76
2025.096.01:42:00/wx/-5.00,556.7,51.6,3.11,249,1.77
2025.096.01:43:00/wx/-5.10,556.7,51.7,3.71,242,1.79
2025.096.01:44:00/wx/-4.90,556.7,51.1,3.49,243,1.80
2025.096.01:45:00/wx/-4.92,556.7,50.7,3.29,249,1.83
2025.096.01:46:00/wx/-4.80,556.7,50.4,2.30,259,1.79
2025.096.01:47:00/wx/-4.96,556.7,50.8,2.41,246,1.81
2025.096.01:48:00/wx/-4.90,556.7,50.9,2.22,245,1.81
2025.096.01:49:00/wx/-5.24,556.7,51.8,1.74,267,1.78
2025.096.01:50:00/wx/-5.50,556.6,53.0,1.76,264,1.79
2025.096.01:51:00/wx/-5.42,556.7,53.4,1.76,255,1.79
2025.096.01:52:00/wx/-5.80,556.6,54.1,1.51,265,1.80
2025.096.01:53:00/wx/-6.00,556.6,55.1,2.12,244,1.81
2025.096.01:54:00/wx/-5.76,556.7,55.4,2.72,251,1.83
2025.096.01:55:00/wx/-5.42,556.6,54.1,3.04,248,1.83
2025.096.01:56:00/wx/-5.20,556.7,52.9,2.36,245,1.85
2025.096.01:57:00/wx/-5.30,556.7,52.8,2.76,244,1.88
2025.096.01:58:00/wx/-5.30,556.6,53.1,1.73,265,1.88
2025.096.01:59:00/wx/-5.40,556.7,53.2,2.04,253,1.89
2025.096.02:00:00/wx/-5.40,556.7,53.1,2.38,248,1.91
2025.096.02:01:00/wx/-5.30,556.7,53.0,1.84,254,1.92
2025.096.02:02:00/wx/-5.30,556.7,53.1,1.41,265,1.90
2025.096.02:03:00/wx/-5.20,556.7,53.1,2.32,257,1.92
2025.096.02:04:00/wx/-5.10,556.7,53.0,2.06,254,1.89
2025.096.02:05:00/wx/-5.02,556.7,52.9,3.40,252,1.93
2025.096.02:06:00/wx/-4.92,556.7,52.3,2.20,249,1.94
2025.096.02:07:00/wx/-5.10,556.7,52.8,2.10,254,1.95
2025.096.02:08:00/wx/-5.10,556.7,53.1,1.92,255,1.91
2025.096.02:09:00/wx/-5.14,556.7,53.3,2.05,258,1.90
2025.096.02:10:00/wx/-5.10,556.6,53.2,1.68,255,1.91
2025.096.02:11:00/wx/-5.20,556.6,53.4,1.84,268,1.94
2025.096.02:12:00/wx/-5.31,556.7,53.4,2.74,251,1.96
2025.096.02:13:00/wx/-5.20,556.7,53.3,2.03,253,1.96
2025.096.02:14:00/wx/-5.30,556.7,53.8,1.66,261,1.99
2025.096.02:15:00/wx/-5.50,556.6,54.4,1.53,271,2.01
2025.096.02:16:00/wx/-5.60,556.6,54.9,1.64,261,2.03
2025.096.02:17:00/wx/-5.53,556.7,55.4,1.62,259,2.04
2025.096.02:18:00/wx/-5.60,556.7,55.7,1.65,253,2.05
2025.096.02:19:00/wx/-5.70,556.7,56.3,2.14,268,2.05
2025.096.02:20:00/wx/-5.02,556.7,56.0,3.06,256,2.04
2025.096.02:21:00/wx/-4.20,556.7,53.5,2.64,263,2.04
2025.096.02:22:00/wx/-3.92,556.7,52.1,2.86,256,2.05
2025.096.02:23:00/wx/-3.90,556.7,51.7,2.40,263,2.05
2025.096.02:24:00/wx/-4.32,556.7,51.7,1.78,252,2.08
2025.096.02:25:00/wx/-5.00,556.7,53.8,2.93,253,2.06
2025.096.02:26:00/wx/-4.90,556.7,54.4,3.06,250,2.10
2025.096.02:27:00/wx/-5.00,556.6,54.5,3.15,254,2.14
2025.096.02:28:00/wx/-5.00,556.7,54.4,2.79,252,2.16
2025.096.02:29:00/wx/-5.10,556.6,54.6,2.30,260,2.14
2025.096.02:30:00/wx/-5.30,556.6,55.4,1.72,258,2.13
2025.096.02:31:00/wx/-5.61,556.6,56.0,2.13,272,2.12
2025.096.02:32:00/wx/-5.28,556.6,56.0,2.01,271,2.15
2025.096.02:33:00/wx/-6.00,556.6,56.0,1.92,246,2.16
2025.096.02:34:00/wx/-6.10,556.7,58.0,2.92,297,2.17
2025.096.02:35:00/wx/-5.60,556.7,58.0,2.70,276,2.17
2025.096.02:36:00/wx/-5.37,556.7,56.9,3.43,283,2.18
2025.096.02:37:00/wx/-5.03,556.7,56.2,3.29,290,2.17
2025.096.02:38:00/wx/-4.80,556.6,55.4,3.84,288,2.18
2025.096.02:39:00/wx/-4.60,556.6,54.9,3.12,297,2.17
2025.096.02:40:00/wx/-4.60,556.6,54.2,2.81,297,2.20
2025.096.02:41:00/wx/-4.60,556.6,54.0,3.08,287,2.22
2025.096.02:42:00/wx/-4.50,556.7,54.3,3.07,295,1.99
2025.096.02:43:00/wx/-4.52,556.6,54.2,3.01,295,-188.43
2025.096.02:44:00/wx/-4.56,556.6,54.1,3.40,298,-572.56
2025.096.02:45:00/wx/-4.59,556.6,53.9,3.63,306,-913.20
2025.096.02:46:00/wx/-4.60,556.6,53.4,3.52,314,2.24
2025.096.02:47:00/wx/-4.46,556.5,53.3,3.49,321,2.22
2025.096.02:48:00/wx/-4.40,556.6,53.1,3.53,320,2.21
2025.096.02:49:00/wx/-4.32,556.6,53.0,3.55,315,2.27
2025.096.02:50:00/wx/-4.30,556.6,52.9,3.54,319,2.28
2025.096.02:51:00/wx/-4.30,556.6,52.8,3.83,330,2.31
2025.096.02:52:00/wx/-4.25,556.6,52.8,3.56,329,2.31
2025.096.02:53:00/wx/-4.20,556.6,52.5,3.32,326,2.31
2025.096.02:54:00/wx/-4.10,556.5,52.6,3.62,325,2.29
2025.096.02:55:00/wx/-4.00,556.6,52.5,3.38,328,2.31
2025.096.02:56:00/wx/-3.90,556.6,52.5,3.12,318,2.27
2025.096.02:57:00/wx/-4.00,556.6,53.1,3.01,320,2.29
2025.096.02:58:00/wx/-4.00,556.6,53.0,3.24,317,2.33
2025.096.02:59:00/wx/-4.10,556.6,52.7,3.40,326,2.33
2025.096.03:00:00/wx/-4.22,556.6,53.2,3.01,323,2.35
2025.096.03:01:00/wx/-3.99,556.6,53.4,3.12,326,2.35
2025.096.03:02:00/wx/-4.20,556.6,53.6,3.04,325,2.37
2025.096.03:03:00/wx/-4.10,556.6,53.5,3.03,318,2.39
2025.096.03:04:00/wx/-3.90,556.6,53.5,2.90,328,2.41
2025.096.03:05:00/wx/-4.09,556.6,52.7,3.06,321,2.43
2025.096.03:06:00/wx/-4.20,556.6,53.8,3.37,314,2.44
2025.096.03:07:00/wx/-4.30,556.6,53.4,3.23,323,2.43
2025.096.03:08:00/wx/-4.40,556.6,53.9,3.03,319,2.41
2025.096.03:09:00/wx/-4.53,556.6,54.8,2.90,315,2.43
2025.096.03:10:00/wx/-4.50,556.6,54.9,3.16,317,2.46
2025.096.03:11:00/wx/-4.59,556.6,54.7,2.96,321,2.41
2025.096.03:12:00/wx/-4.40,556.6,54.7,3.08,315,2.43
2025.096.03:13:00/wx/-4.30,556.6,54.6,3.23,320,2.41
2025.096.03:14:00/wx/-4.40,556.6,54.2,3.06,312,2.39
2025.096.03:15:00/wx/-4.50,556.6,54.7,3.22,314,2.43
2025.096.03:16:00/wx/-4.30,556.6,54.7,3.26,317,2.42
2025.096.03:17:00/wx/-4.14,556.5,54.1,3.48,317,2.42
2025.096.03:18:00/wx/-4.10,556.5,53.8,3.84,313,2.39
2025.096.03:19:00/wx/-4.00,556.5,53.7,3.50,315,2.40
2025.096.03:20:00/wx/-4.10,556.5,53.6,3.31,324,2.44
2025.096.03:21:00/wx/-4.01,556.5,53.7,3.62,326,2.46
2025.096.03:22:00/wx/-4.00,556.5,53.6,3.64,318,2.46
2025.096.03:23:00/wx/-4.10,556.5,53.4,3.63,317,2.47
2025.096.03:24:00/wx/-4.30,556.5,54.1,3.67,321,2.49
2025.096.03:25:00/wx/-4.40,556.5,54.5,3.84,318,2.50
2025.096.03:26:00/wx/-4.82,556.5,54.6,3.16,323,2.52
2025.096.03:27:00/wx/-4.89,556.5,56.1,3.74,318,2.56
2025.096.03:28:00/wx/-5.10,556.5,56.6,2.63,331,2.55
2025.096.03:29:00/wx/-5.40,556.5,57.6,3.71,329,2.59
2025.096.03:30:00/wx/-5.67,556.5,57.9,2.74,324,2.60
2025.096.03:31:00/wx/-5.89,556.5,59.0,3.78,329,2.59
2025.096.03:32:00/wx/-5.40,556.5,59.2,3.53,326,2.61
2025.096.03:33:00/wx/-4.60,556.5,57.9,3.63,331,2.60
2025.096.03:34:00/wx/-4.16,556.5,55.8,4.27,333,2.62
2025.096.03:35:00/wx/-3.81,556.5,54.9,3.73,332,2.61
2025.096.03:36:00/wx/-3.70,556.6,54.3,3.64,332,2.64
2025.096.03:37:00/wx/-3.70,556.6,53.8,4.27,324,2.66
2025.096.03:38:00/wx/-3.90,556.6,54.1,4.13,323,2.66
2025.096.03:39:00/wx/-3.84,556.6,54.1,4.01,320,2.62
2025.096.03:40:00/wx/-3.90,556.6,54.0,3.89,320,2.58
2025.096.03:41:00/wx/-3.90,556.6,53.8,4.17,322,2.60
2025.096.03:42:00/wx/-3.87,556.5,54.1,4.24,324,2.69
2025.096.03:43:00/wx/-3.80,556.6,54.0,3.82,327,2.67
2025.096.03:44:00/wx/-3.80,556.6,53.8,3.77,332,2.65
2025.096.03:45:00/wx/-3.98,556.6,53.9,4.33,325,2.68
2025.096.03:46:00/wx/-4.00,556.6,54.4,4.45,326,2.71
2025.096.03:47:00/wx/-3.80,556.6,54.3,3.98,326,2.76
2025.096.03:48:00/wx/-4.20,556.6,54.6,3.89,336,2.70
2025.096.03:49:00/wx/-3.95,556.6,55.4,3.60,328,2.64
2025.096.03:50:00/wx/-3.80,556.6,54.9,4.03,323,2.60
2025.096.03:51:00/wx/-3.70,556.5,54.3,4.16,325,2.58
2025.096.03:52:00/wx/-3.80,556.6,54.4,4.29,328,2.60
2025.096.03:53:00/wx/-3.80,556.5,54.4,3.84,325,2.56
2025.096.03:54:00/wx/-3.80,556.6,54.3,4.18,327,2.57
2025.096.03:55:00/wx/-3.80,556.6,54.2,3.94,324,2.53
2025.096.03:56:00/wx/-3.78,556.6,54.5,3.86,328,2.61
2025.096.03:57:00/wx/-3.78,556.6,54.4,3.76,326,2.59
2025.096.03:58:00/wx/-3.91,556.6,54.8,3.90,316,2.62
2025.096.03:59:00/wx/-3.80,556.6,55.6,3.48,318,2.61
2025.096.04:00:00/wx/-3.90,556.6,55.2,3.80,319,2.64
2025.096.04:01:00/wx/-3.80,556.6,55.0,3.72,318,2.60
2025.096.04:02:00/wx/-3.91,556.6,54.9,3.31,314,2.62
2025.096.04:03:00/wx/-3.80,556.6,55.1,4.14,322,2.61
2025.096.04:04:00/wx/-3.85,556.6,55.4,4.35,322,2.61
2025.096.04:05:00/wx/-3.80,556.6,55.4,4.24,325,2.61
2025.096.04:06:00/wx/-3.70,556.6,55.3,4.09,321,2.61
2025.096.04:07:00/wx/-3.97,556.6,54.9,4.07,330,2.64
2025.096.04:08:00/wx/-4.08,556.6,56.3,4.49,334,2.61
2025.096.04:09:00/wx/-3.74,556.6,55.9,4.21,329,2.61
2025.096.04:10:00/wx/-3.70,556.6,55.2,4.53,332,2.60
2025.096.04:11:00/wx/-3.80,556.6,55.2,4.78,327,2.60
2025.096.04:12:00/wx/-3.70,556.6,55.3,4.83,335,2.55
2025.096.04:13:00/wx/-3.49,556.6,55.2,4.29,329,2.51
2025.096.04:14:00/wx/-3.55,556.6,54.9,4.58,334,2.51
2025.096.04:15:00/wx/-3.80,556.7,55.3,5.33,329,2.51
2025.096.04:16:00/wx/-3.70,556.7,55.7,5.01,335,2.52
2025.096.04:17:00/wx/-3.78,556.6,55.7,4.60,332,2.56
2025.096.04:18:00/wx/-3.60,556.7,55.8,4.58,330,2.54
2025.096.04:19:00/wx/-3.80,556.6,55.6,4.96,324,2.51
2025.096.04:20:00/wx/-3.80,556.7,56.0,4.03,325,2.53
2025.096.04:21:00/wx/-4.25,556.6,56.7,4.54,332,2.49
2025.096.04:22:00/wx/-4.32,556.7,57.6,4.70,334,2.51
2025.096.04:23:00/wx/-3.89,556.7,57.6,5.59,325,2.50
2025.096.04:24:00/wx/-3.70,556.6,56.9,4.11,321,2.48
2025.096.04:25:00/wx/-3.90,556.7,57.2,4.63,319,2.48
2025.096.04:26:00/wx/-4.15,556.7,57.2,4.18,326,2.46
2025.096.04:27:00/wx/-4.00,556.6,57.4,4.52,326,2.44
2025.096.04:28:00/wx/-3.82,556.7,57.1,4.28,326,2.46
2025.096.04:29:00/wx/-3.90,556.7,56.8,4.19,327,2.47
2025.096.04:30:00/wx/-3.99,556.7,56.8,4.43,326,2.46
2025.096.04:31:00/wx/-4.00,556.7,56.9,4.68,326,2.48
2025.096.04:32:00/wx/-3.91,556.7,56.9,5.01,325,2.47
2025.096.04:33:00/wx/-4.00,556.7,56.7,4.91,333,2.45
2025.096.04:34:00/wx/-4.10,556.6,57.1,4.90,334,2.45
2025.096.04:35:00/wx/-4.20,556.7,57.3,4.84,327,2.47
2025.096.04:36:00/wx/-4.04,556.6,57.7,5.06,329,2.48
2025.096.04:37:00/wx/-3.90,556.6,57.6,4.90,331,2.48
2025.096.04:38:00/wx/-4.00,556.6,57.9,4.72,329,2.46
2025.096.04:39:00/wx/-3.93,556.7,58.1,5.17,330,2.44
2025.096.04:40:00/wx/-3.80,556.6,57.5,4.75,327,2.41
2025.096.04:41:00/wx/-3.80,556.6,57.3,4.99,328,2.39
2025.096.04:42:00/wx/-3.80,556.6,57.5,4.64,331,2.40
2025.096.04:43:00/wx/-4.10,556.6,58.0,4.91,332,2.45
2025.096.04:44:00/wx/-4.21,556.6,58.6,4.96,328,2.40
2025.096.04:45:00/wx/-4.10,556.6,58.7,5.22,333,2.37
2025.096.04:46:00/wx/-4.00,556.6,58.6,4.94,330,2.40
2025.096.04:47:00/wx/-4.10,556.6,58.8,5.05,330,2.37
2025.096.04:48:00/wx/-4.10,556.6,59.1,4.90,329,2.32
2025.096.04:49:00/wx/-4.40,556.6,59.1,4.92,333,2.38
2025.096.04:50:00/wx/-4.40,556.6,59.8,5.03,334,2.44
2025.096.04:51:00/wx/-4.69,556.5,59.7,5.14,328,2.41
2025.096.04:52:00/wx/-4.30,556.6,60.3,5.11,328,2.38
2025.096.04:53:00/wx/-4.16,556.6,59.8,4.91,326,2.32
2025.096.04:54:00/wx/-4.20,556.6,59.4,4.77,336,2.35
2025.096.04:55:00/wx/-4.41,556.5,60.0,5.38,332,2.36
2025.096.04:56:00/wx/-4.10,556.5,59.8,4.88,332,2.34
2025.096.04:57:00/wx/-4.40,556.5,59.8,4.73,329,2.33
2025.096.04:58:00/wx/-4.43,556.5,60.4,4.79,333,2.35
2025.096.04:59:00/wx/-4.41,556.6,60.8,5.16,337,2.35
2025.096.05:00:00/wx/-4.10,556.5,60.1,5.25,336,2.30
2025.096.05:01:00/wx/-3.90,556.5,59.8,4.84,329,2.30
2025.096.05:02:00/wx/-3.90,556.5,59.7,4.93,331,2.34
2025.096.05:03:00/wx/-4.10,556.5,60.4,4.69,327,2.31
2025.096.05:04:00/wx/-4.10,556.6,60.6,4.89,331,2.33
2025.096.05:05:00/wx/-4.01,556.5,60.5,4.55,331,2.32
2025.096.05:06:00/wx/-4.27,556.5,60.8,4.80,329,2.30
2025.096.05:07:00/wx/-4.20,556.5,61.1,4.73,330,2.35
2025.096.05:08:00/wx/-4.14,556.5,61.3,4.73,323,2.32
2025.096.05:09:00/wx/-4.20,556.5,61.1,4.85,326,2.34
2025.096.05:10:00/wx/-4.31,556.5,61.4,5.07,325,2.32
2025.096.05:11:00/wx/-4.40,556.5,62.0,4.43,326,2.28
2025.096.05:12:00/wx/-4.40,556.4,62.0,4.62,329,2.22
2025.096.05:13:00/wx/-4.40,556.4,62.1,4.95,325,2.27
2025.096.05:14:00/wx/-4.30,556.4,62.1,4.83,330,2.24
2025.096.05:15:00/wx/-4.37,556.4,62.1,5.01,331,2.24
2025.096.05:16:00/wx/-4.40,556.4,62.2,4.93,326,2.25
2025.096.05:17:00/wx/-4.40,556.4,62.5,4.34,327,2.25
2025.096.05:18:00/wx/-4.40,556.4,62.5,4.93,329,2.26
2025.096.05:19:00/wx/-4.40,556.4,62.4,4.53,322,2.23
2025.096.05:20:00/wx/-4.50,556.4,62.6,4.77,325,2.24
2025.096.05:21:00/wx/-4.57,556.4,62.9,4.22,326,2.20
2025.096.05:22:00/wx/-4.80,556.3,63.5,4.93,326,2.21
2025.096.05:23:00/wx/-4.70,556.3,63.8,4.82,320,2.20
2025.096.05:24:00/wx/-4.61,556.3,63.8,4.53,324,2.18
2025.096.05:25:00/wx/-4.80,556.3,63.6,4.61,324,2.19
2025.096.05:26:00/wx/-4.80,556.3,64.0,4.89,319,2.18
2025.096.05:27:00/wx/-4.80,556.3,64.3,4.74,320,2.19
2025.096.05:28:00/wx/-4.80,556.3,64.2,4.89,316,2.22
2025.096.05:29:00/wx/-4.80,556.3,64.1,4.93,318,2.25
2025.096.05:30:00/wx/-4.90,556.3,64.0,4.79,326,2.26
2025.096.05:31:00/wx/-5.00,556.3,64.5,4.61,318,2.28
2025.096.05:32:00/wx/-5.10,556.3,65.2,4.43,319,2.26
2025.096.05:33:00/wx/-5.00,556.3,64.9,4.87,325,2.26
2025.096.05:34:00/wx/-5.00,556.3,64.8,4.55,325,2.28
2025.096.05:35:00/wx/-5.00,556.3,65.2,4.72,321,2.26
2025.096.05:36:00/wx/-4.99,556.3,64.8,4.77,328,2.22
2025.096.05:37:00/wx/-5.00,556.3,65.4,4.53,321,2.20
2025.096.05:38:00/wx/-5.00,556.3,65.6,4.73,327,2.23
2025.096.05:39:00/wx/-5.00,556.2,65.3,4.78,328,2.21
2025.096.05:40:00/wx/-5.02,556.3,65.2,5.13,322,2.22
2025.096.05:41:00/wx/-5.36,556.2,65.4,4.90,329,2.21
2025.096.05:42:00/wx/-5.30,556.2,66.3,4.94,320,2.18
2025.096.05:43:00/wx/-5.44,556.2,66.4,5.29,325,2.17
2025.096.05:44:00/wx/-5.48,556.2,66.6,5.22,330,2.16
2025.096.05:45:00/wx/-5.58,556.2,67.2,5.11,324,2.13
2025.096.05:46:00/wx/-5.20,556.2,67.0,5.11,323,2.13
2025.096.05:47:00/wx/-5.20,556.2,66.5,5.34,330,2.14
2025.096.05:48:00/wx/-5.06,556.2,66.6,5.24,326,2.14
2025.096.05:49:00/wx/-5.00,556.2,66.0,5.69,323,2.16
2025.096.05:50:00/wx/-4.92,556.2,66.0,5.34,330,2.16
2025.096.05:51:00/wx/-5.10,556.2,65.9,5.19,327,2.17
2025.096.05:52:00/wx/-5.20,556.2,66.8,5.33,325,2.15
2025.096.05:53:00/wx/-5.20,556.2,66.5,5.34,328,2.14
2025.096.05:54:00/wx/-5.00,556.2,66.5,5.06,326,2.13
2025.096.05:55:00/wx/-4.90,556.2,66.2,4.77,326,2.12
2025.096.05:56:00/wx/-4.90,556.2,66.1,5.13,320,2.17
2025.096.05:57:00/wx/-5.00,556.2,66.0,4.83,324,2.17
2025.096.05:58:00/wx/-5.13,556.1,66.0,4.85,320,2.18
2025.096.05:59:00/wx/-5.29,556.2,66.6,4.83,320,2.15
2025.096.06:00:00/wx/-5.50,556.2,66.6,4.64,319,2.14
2025.096.06:01:00/wx/-5.40,556.1,67.1,4.90,324,2.15
2025.096.06:02:00/wx/-5.50,556.1,67.2,4.83,324,2.12
2025.096.06:03:00/wx/-5.34,556.1,67.5,4.76,328,2.14
2025.096.06:04:00/wx/-5.31,556.1,67.3,4.97,323,2.14
2025.096.06:05:00/wx/-5.10,556.1,67.0,4.93,328,2.17
2025.096.06:06:00/wx/-5.06,556.1,66.4,4.67,325,2.16
2025.096.06:07:00/wx/-5.20,556.1,66.7,4.73,325,2.15
2025.096.06:08:00/wx/-5.13,556.1,66.7,5.07,324,2.16
2025.096.06:09:00/wx/-5.20,556.1,66.3,4.83,327,2.14
2025.096.06:10:00/wx/-5.30,556.0,66.8,4.87,328,2.16
2025.096.06:11:00/wx/-5.25,556.1,67.1,5.05,325,2.16
2025.096.06:12:00/wx/-5.10,556.1,66.6,5.03,329,2.15
2025.096.06:13:00/wx/-5.54,556.0,66.6,5.18,327,2.18
2025.096.06:14:00/wx/-5.90,556.1,67.3,4.87,328,2.18
2025.096.06:15:00/wx/-5.60,556.1,68.4,4.39,329,2.15
2025.096.06:16:00/wx/-5.40,556.0,68.0,4.91,326,2.14
2025.096.06:17:00/wx/-5.30,556.0,67.7,5.03,324,2.13
2025.096.06:18:00/wx/-5.57,556.0,67.6,4.61,329,2.13
2025.096.06:19:00/wx/-5.32,556.0,68.2,4.98,330,2.17
2025.096.06:20:00/wx/-5.20,556.1,68.1,4.86,331,2.16
2025.096.06:21:00/wx/-5.10,556.1,68.0,5.02,329,2.19
2025.096.06:22:00/wx/-5.00,556.1,67.9,4.74,329,2.21
2025.096.06:23:00/wx/-4.80,556.1,67.4,4.64,327,2.21
2025.096.06:24:00/wx/-4.90,556.0,67.3,4.94,324,2.20
2025.096.06:25:00/wx/-4.90,556.1,67.5,4.64,327,2.20
2025.096.06:26:00/wx/-5.00,556.1,67.6,4.72,324,2.20
2025.096.06:27:00/wx/-5.10,556.0,68.1,4.63,326,2.20
2025.096.06:28:00/wx/-5.00,556.0,68.2,4.91,329,2.20
2025.096.06:29:00/wx/-5.00,556.0,68.1,4.76,326,2.17
2025.096.06:30:00/wx/-5.20,556.0,68.7,4.93,330,2.21
2025.096.06:31:00/wx/-5.30,556.0,68.6,3.99,325,2.20
2025.096.06:32:00/wx/-5.60,556.0,69.5,4.24,323,2.18
2025.096.06:33:00/wx/-5.39,556.0,69.8,5.09,327,2.19
2025.096.06:34:00/wx/-4.90,556.0,69.4,4.37,331,2.23
2025.096.06:35:00/wx/-5.10,556.0,68.3,4.43,328,2.23
2025.096.06:36:00/wx/-5.20,556.0,69.0,4.61,331,2.22
2025.096.06:37:00/wx/-4.91,556.0,69.0,4.53,327,2.21
2025.096.06:38:00/wx/-4.70,556.0,68.6,4.42,331,2.20
2025.096.06:39:00/wx/-5.10,556.0,68.4,4.78,325,2.15
2025.096.06:40:00/wx/-4.80,556.0,69.0,4.92,336,2.13
2025.096.06:41:00/wx/-4.70,555.9,68.2,4.71,330,2.13
2025.096.06:42:00/wx/-4.60,556.0,67.7,4.82,332,2.13
2025.096.06:43:00/wx/-4.62,555.9,67.7,5.03,330,2.12
2025.096.06:44:00/wx/-4.70,555.9,67.3,4.80,324,2.15
2025.096.06:45:00/wx/-4.70,556.0,67.8,4.73,321,2.14
2025.096.06:46:00/wx/-4.70,555.9,67.7,4.85,328,2.12
2025.096.06:47:00/wx/-4.70,556.0,67.9,4.63,326,2.14
2025.096.06:48:00/wx/-4.72,555.9,67.7,4.68,327,2.13
2025.096.06:49:00/wx/-4.90,555.9,68.3,4.48,326,2.14
2025.096.06:50:00/wx/-5.00,555.9,68.2,5.03,334,2.09
2025.096.06:51:00/wx/-4.80,555.9,68.6,5.02,328,2.07
2025.096.06:52:00/wx/-4.62,555.9,68.4,4.82,332,2.07
2025.096.06:53:00/wx/-4.60,555.9,68.0,5.02,325,2.06
2025.096.06:54:00/wx/-4.67,555.9,68.0,5.15,327,2.06
2025.096.06:55:00/wx/-4.70,555.9,68.1,5.23,335,2.04
2025.096.06:56:00/wx/-4.75,555.9,68.3,4.92,332,2.05
2025.096.06:57:00/wx/-4.81,555.9,68.8,5.78,342,2.07
2025.096.06:58:00/wx/-4.60,555.9,69.0,5.25,331,2.10
2025.096.06:59:00/wx/-4.60,555.9,68.5,4.69,332,2.08
2025.096.07:00:00/wx/-4.40,555.9,68.9,4.53,337,2.09
2025.096.07:01:00/wx/-4.29,555.9,68.6,4.96,329,2.09
2025.096.07:02:00/wx/-4.70,555.9,68.2,5.05,338,2.11
2025.096.07:03:00/wx/-4.80,555.9,69.2,4.75,331,2.11
2025.096.07:04:00/wx/-4.59,555.9,69.4,4.63,333,2.14
2025.096.07:05:00/wx/-4.40,555.9,69.7,4.73,336,2.13
2025.096.07:06:00/wx/-4.60,555.9,69.3,4.77,331,2.12
2025.096.07:07:00/wx/-4.70,555.9,70.0,4.57,327,2.17
2025.096.07:08:00/wx/-5.02,555.9,69.6,3.16,323,2.16
2025.096.07:09:00/wx/-5.10,555.9,71.1,4.08,335,2.15
2025.096.07:10:00/wx/-5.00,555.9,71.5,4.83,330,2.12
2025.096.07:11:00/wx/-4.76,555.9,72.0,5.21,333,2.13
2025.096.07:12:00/wx/-4.52,555.9,71.7,5.09,334,2.11
2025.096.07:13:00/wx/-4.40,555.9,71.9,4.67,333,2.06
2025.096.07:14:00/wx/-4.50,555.8,71.2,5.11,328,2.09
2025.096.07:15:00/wx/-4.40,555.8,71.1,4.73,324,2.04
2025.096.07:16:00/wx/-4.90,555.8,70.7,4.56,326,2.03
2025.096.07:17:00/wx/-5.25,555.8,71.9,5.47,327,2.03
2025.096.07:18:00/wx/-4.80,555.8,73.2,5.02,329,1.99
2025.096.07:19:00/wx/-4.85,555.8,73.0,4.89,325,1.98
2025.096.07:20:00/wx/-4.71,555.8,73.2,5.03,332,1.95
2025.096.07:21:00/wx/-4.77,555.8,72.6,5.50,325,1.92
2025.096.07:22:00/wx/-4.60,555.8,73.3,4.83,331,1.93
2025.096.07:23:00/wx/-4.60,555.7,72.9,5.03,327,1.91
2025.096.07:24:00/wx/-4.60,555.7,72.5,5.39,331,1.86
2025.096.07:25:00/wx/-4.70,555.7,72.5,5.44,331,1.88
2025.096.07:26:00/wx/-4.63,555.7,72.5,5.07,329,1.92
2025.096.07:27:00/wx/-4.97,555.8,72.1,5.20,331,1.90
2025.096.07:28:00/wx/-4.80,555.8,73.1,5.40,334,1.93
2025.096.07:29:00/wx/-4.99,555.7,73.1,5.42,329,1.89
2025.096.07:30:00/wx/-4.90,555.7,73.5,5.23,331,2.00
2025.096.07:31:00/wx/-4.82,555.7,72.8,5.24,330,1.96
2025.096.07:32:00/wx/-4.81,555.7,73.4,5.45,327,1.96
2025.096.07:33:00/wx/-4.60,555.7,73.2,5.08,329,1.93
2025.096.07:34:00/wx/-4.81,555.7,72.4,5.27,326,1.99
2025.096.07:35:00/wx/-4.90,555.7,72.7,5.63,329,1.93
2025.096.07:36:00/wx/-4.96,555.7,73.0,5.65,334,2.02
2025.096.07:37:00/wx/-5.00,555.7,73.4,5.30,325,1.97
2025.096.07:38:00/wx/-4.62,555.7,73.5,5.07,331,1.97
2025.096.07:39:00/wx/-4.80,555.7,72.9,4.75,325,1.99
2025.096.07:40:00/wx/-5.10,555.7,72.5,4.43,320,2.01
2025.096.07:41:00/wx/-5.09,555.7,73.6,4.87,328,1.98
2025.096.07:42:00/wx/-5.10,555.7,73.7,5.09,331,1.96
2025.096.07:43:00/wx/-5.10,555.7,73.7,5.45,336,2.00
2025.096.07:44:00/wx/-5.00,555.7,73.8,4.90,327,2.00
2025.096.07:45:00/wx/-5.00,555.7,73.6,4.52,329,2.03
2025.096.07:46:00/wx/-5.20,555.7,73.7,4.76,330,2.01
2025.096.07:47:00/wx/-5.12,555.7,74.2,5.13,333,2.02
2025.096.07:48:00/wx/-4.90,555.7,73.3,5.07,330,2.05
2025.096.07:49:00/wx/-5.00,555.7,73.0,4.85,328,2.01
2025.096.07:50:00/wx/-4.80,555.7,73.2,4.55,325,2.04
2025.096.07:51:00/wx/-4.88,555.7,73.2,4.69,325,2.02
2025.096.07:52:00/wx/-5.29,555.7,72.7,4.43,326,2.05
2025.096.07:53:00/wx/-5.30,555.7,73.2,4.47,332,2.02
2025.096.07:54:00/wx/-4.90,555.7,73.5,5.01,324,2.03
2025.096.07:55:00/wx/-5.00,555.7,72.1,5.12,330,2.04
2025.096.07:56:00/wx/-5.00,555.7,72.7,5.61,333,2.01
2025.096.07:57:00/wx/-5.00,555.6,72.6,5.63,337,1.98
2025.096.07:58:00/wx/-5.10,555.7,72.5,4.94,332,1.97
2025.096.07:59:00/wx/-5.00,555.6,73.1,5.33,331,1.95
2025.096.08:00:00/wx/-4.70,555.6,72.9,5.14,332,1.96
2025.096.08:01:00/wx/-5.15,555.6,72.0,4.92,332,1.96
2025.096.08:02:00/wx/-5.52,555.6,73.0,5.94,327,1.94
2025.096.08:03:00/wx/-4.99,555.6,73.5,5.90,335,1.95
2025.096.08:04:00/wx/-5.00,555.6,72.2,5.69,340,1.93
2025.096.08:05:00/wx/-4.89,555.6,72.3,5.55,336,1.96
2025.096.08:06:00/wx/-4.80,555.6,72.2,5.30,331,1.95
2025.096.08:07:00/wx/-5.20,555.6,71.6,5.03,332,1.94
2025.096.08:08:00/wx/-5.16,555.6,72.4,5.26,327,1.93
2025.096.08:09:00/wx/-5.09,555.6,72.6,5.66,335,1.91
2025.096.08:10:00/wx/-5.00,555.6,72.7,5.25,335,1.91
2025.096.08:11:00/wx/-4.80,555.6,72.4,5.12,335,1.92
2025.096.08:12:00/wx/-5.10,555.5,71.5,5.53,340,1.92
2025.096.08:13:00/wx/-4.99,555.6,72.7,5.30,333,1.91
2025.096.08:14:00/wx/-4.90,555.5,72.1,5.28,331,1.93
2025.096.08:15:00/wx/-4.92,555.6,71.4,5.08,327,1.92
2025.096.08:16:00/wx/-5.10,555.6,72.0,6.34,335,1.90
2025.096.08:17:00/wx/-4.80,555.6,72.6,5.83,337,1.88
2025.096.08:18:00/wx/-4.39,555.5,71.7,5.48,331,1.90
2025.096.08:19:00/wx/-4.60,555.6,71.0,5.84,330,1.87
2025.096.08:20:00/wx/-4.91,555.5,71.3,6.02,346,1.89
2025.096.08:21:00/wx/-4.53,555.5,72.4,5.01,343,1.87
2025.096.08:22:00/wx/-4.90,555.5,71.2,4.93,330,1.87
2025.096.08:23:00/wx/-5.00,555.5,72.3,5.74,332,1.88
2025.096.08:24:00/wx/-4.82,555.5,73.1,5.78,333,1.85
2025.096.08:25:00/wx/-4.58,555.5,72.7,5.69,333,1.86
2025.096.08:26:00/wx/-4.43,555.5,72.3,5.97,334,1.88
2025.096.08:27:00/wx/-4.40,555.5,71.9,5.53,331,1.85
2025.096.08:28:00/wx/-4.75,555.5,71.6,5.32,326,1.82
2025.096.08:29:00/wx/-4.79,555.5,72.3,5.57,336,1.82
2025.096.08:30:00/wx/-4.87,555.5,72.9,5.88,336,1.84
2025.096.08:31:00/wx/-4.80,555.5,72.9,6.03,332,1.82
2025.096.08:32:00/wx/-4.80,555.5,73.0,5.72,338,1.80
2025.096.08:33:00/wx/-4.80,555.5,72.8,6.08,329,1.83
2025.096.08:34:00/wx/-4.80,555.4,73.2,5.95,334,1.77
2025.096.08:35:00/wx/-4.73,555.4,73.0,6.50,332,1.76
2025.096.08:36:00/wx/-4.90,555.4,72.9,6.57,338,1.75
2025.096.08:37:00/wx/-4.80,555.4,73.4,6.40,331,1.72
2025.096.08:38:00/wx/-5.00,555.4,72.7,5.51,332,1.73
2025.096.08:39:00/wx/-5.21,555.4,73.5,6.22,333,1.73
2025.096.08:40:00/wx/-5.23,555.4,73.9,6.75,333,1.64
2025.096.08:41:00/wx/-5.30,555.4,74.1,6.41,334,1.75
2025.096.08:42:00/wx/-5.29,555.4,74.4,6.64,331,1.76
2025.096.08:43:00/wx/-5.30,555.4,74.2,6.51,330,1.72
2025.096.08:44:00/wx/-5.20,555.4,74.9,6.72,332,1.72
2025.096.08:45:00/wx/-5.20,555.4,74.7,6.63,335,1.72
2025.096.08:46:00/wx/-5.20,555.4,74.9,6.73,335,1.70
2025.096.08:47:00/wx/-5.30,555.4,75.3,6.64,331,1.68
2025.096.08:48:00/wx/-5.34,555.4,75.6,6.53,335,1.70
2025.096.08:49:00/wx/-5.30,555.4,75.5,6.54,332,1.71
2025.096.08:50:00/wx/-5.20,555.4,75.7,6.47,328,1.72
2025.096.08:51:00/wx/-5.28,555.4,75.6,6.16,327,1.71
2025.096.08:52:00/wx/-5.29,555.4,75.9,6.35,328,1.76
2025.096.08:53:00/wx/-5.30,555.4,75.8,6.10,330,1.77
2025.096.08:54:00/wx/-5.59,555.4,75.7,5.52,320,1.77
2025.096.08:55:00/wx/-5.30,555.4,76.4,6.46,323,1.77
2025.096.08:56:00/wx/-5.50,555.4,76.0,6.09,323,1.81
2025.096.08:57:00/wx/-5.80,555.4,76.8,5.87,325,1.81
2025.096.08:58:00/wx/-5.81,555.5,77.4,6.45,325,1.79
2025.096.08:59:00/wx/-5.60,555.5,77.9,6.33,322,1.76
2025.096.09:00:00/wx/-5.63,555.5,77.8,6.08,321,1.78
2025.096.09:01:00/wx/-5.70,555.5,77.9,6.23,320,1.78
2025.096.09:02:00/wx/-5.71,555.5,77.9,5.94,322,1.79
2025.096.09:03:00/wx/-5.70,555.5,78.3,6.02,324,1.75
2025.096.09:04:00/wx/-5.70,555.5,78.1,5.73,327,1.77
2025.096.09:05:00/wx/-5.90,555.5,78.3,6.01,324,1.77
2025.096.09:06:00/wx/-5.61,555.5,78.5,5.86,323,1.75
2025.096.09:07:00/wx/-5.70,555.5,78.3,5.95,322,1.74
2025.096.09:08:00/wx/-5.70,555.5,78.3,5.57,324,1.74
2025.096.09:09:00/wx/-5.70,555.5,78.6,5.83,326,1.73
2025.096.09:10:00/wx/-5.65,555.5,78.6,6.05,326,1.77
2025.096.09:11:00/wx/-5.61,555.5,78.5,6.30,330,1.76
2025.096.09:12:00/wx/-5.50,555.5,78.6,5.40,325,1.72
2025.096.09:13:00/wx/-5.50,555.5,78.2,5.42,329,1.72
2025.096.09:14:00/wx/-5.50,555.5,78.2,5.73,326,1.69
2025.096.09:15:00/wx/-5.55,555.5,78.2,5.71,323,1.68
2025.096.09:16:00/wx/-5.60,555.5,78.1,5.86,330,1.61
2025.096.09:17:00/wx/-5.67,555.5,77.9,5.84,325,1.63
2025.096.09:18:00/wx/-5.60,555.5,78.3,5.31,328,1.61
2025.096.09:19:00/wx/-5.60,555.5,78.2,5.45,330,1.60
2025.096.09:20:00/wx/-5.56,555.5,78.8,6.17,329,1.61
2025.096.09:21:00/wx/-5.50,555.5,78.2,5.65,329,1.63
2025.096.09:22:00/wx/-5.30,555.5,78.5,5.87,326,1.67
2025.096.09:23:00/wx/-5.27,555.5,77.7,5.77,330,1.66
2025.096.09:24:00/wx/-5.40,555.6,77.5,5.73,329,1.63
2025.096.09:25:00/wx/-5.50,555.6,78.1,5.59,330,1.63
2025.096.09:26:00/wx/-5.50,555.6,77.5,6.05,329,1.63
2025.096.09:27:00/wx/-5.40,555.6,77.5,5.25,322,1.62
2025.096.09:28:00/wx/-5.40,555.6,77.8,5.54,327,1.62
2025.096.09:29:00/wx/-5.40,555.6,78.1,5.07,330,1.62
2025.096.09:30:00/wx/-5.44,555.6,77.3,4.88,328,1.64
2025.096.09:31:00/wx/-5.60,555.6,77.7,5.54,324,1.59
2025.096.09:32:00/wx/-5.40,555.6,77.5,5.61,333,1.61
2025.096.09:33:00/wx/-5.50,555.6,77.5,5.55,329,1.65
2025.096.09:34:00/wx/-5.49,555.6,77.1,5.13,322,1.57
2025.096.09:35:00/wx/-5.26,555.7,77.5,5.44,327,1.65
2025.096.09:36:00/wx/-5.20,555.6,76.8,5.35,329,1.59
2025.096.09:37:00/wx/-5.20,555.6,76.4,5.71,327,1.61
2025.096.09:38:00/wx/-5.20,555.7,76.9,5.98,330,1.54
2025.096.09:39:00/wx/-5.10,555.6,76.8,5.63,331,1.56
2025.096.09:40:00/wx/-5.20,555.7,76.9,6.10,329,1.54
2025.096.09:41:00/wx/-5.40,555.6,77.0,5.71,328,1.54
2025.096.09:42:00/wx/-5.40,555.6,77.4,5.43,333,1.55
2025.096.09:43:00/wx/-5.42,555.7,77.6,5.98,328,1.47
2025.096.09:44:00/wx/-5.30,555.7,77.7,6.01,324,1.54
2025.096.09:45:00/wx/-5.30,555.7,77.9,5.46,328,1.51
2025.096.09:46:00/wx/-5.20,555.7,78.2,4.73,333,1.48
2025.096.09:47:00/wx/-5.30,555.7,77.8,6.34,324,1.52
2025.096.09:48:00/wx/-5.01,555.7,77.9,6.11,333,1.48
2025.096.09:49:00/wx/-5.21,555.6,77.7,5.83,329,1.49
2025.096.09:50:00/wx/-5.50,555.6,77.5,5.77,329,1.43
2025.096.09:51:00/wx/-5.30,555.6,78.6,6.23,330,1.44
2025.096.09:52:00/wx/-5.54,555.6,78.4,5.22,333,1.43
2025.096.09:53:00/wx/-5.50,555.6,79.2,6.26,335,1.44
2025.096.09:54:00/wx/-5.39,555.7,79.2,5.87,333,1.48
2025.096.09:55:00/wx/-5.36,555.6,78.8,6.14,334,1.48
2025.096.09:56:00/wx/-5.60,555.7,78.6,5.93,329,1.45
2025.096.09:57:00/wx/-5.60,555.7,79.3,6.65,330,1.42
2025.096.09:58:00/wx/-5.60,555.7,79.4,6.06,335,1.42
2025.096.09:59:00/wx/-5.53,555.6,79.5,5.72,338,1.40
2025.096.10:00:00/wx/-5.72,555.7,79.2,6.28,335,1.40
2025.096.10:01:00/wx/-5.20,555.6,80.0,6.13,331,1.37
2025.096.10:02:00/wx/-5.20,555.7,78.8,6.32,335,1.38
2025.096.10:03:00/wx/-5.18,555.7,79.1,5.43,332,1.37
2025.096.10:04:00/wx/-5.42,555.7,78.4,5.98,330,1.40
2025.096.10:05:00/wx/-5.40,555.7,78.8,6.16,331,1.36
2025.096.10:06:00/wx/-5.30,555.7,78.8,5.92,328,1.39
2025.096.10:07:00/wx/-5.44,555.7,78.5,5.53,333,1.34
2025.096.10:08:00/wx/-5.51,555.7,79.1,5.95,335,1.34
2025.096.10:09:00/wx/-5.40,555.7,78.4,6.11,332,1.34
2025.096.10:10:00/wx/-5.40,555.7,78.2,6.35,332,1.32
2025.096.10:11:00/wx/-5.40,555.7,78.4,5.97,331,1.34
2025.096.10:12:00/wx/-5.45,555.7,78.0,6.18,333,1.32
2025.096.10:13:00/wx/-5.41,555.7,77.0,5.93,330,1.30
2025.096.10:14:00/wx/-5.10,555.7,76.5,6.11,330,1.31
2025.096.10:15:00/wx/-5.16,555.7,75.1,5.87,330,1.32
2025.096.10:16:00/wx/-5.40,555.7,74.8,6.06,327,1.33
2025.096.10:17:00/wx/-5.30,555.7,74.9,6.36,328,1.30
2025.096.10:18:00/wx/-5.20,555.7,74.6,6.09,328,1.31
2025.096.10:19:00/wx/-5.10,555.8,73.7,6.05,329,1.30
2025.096.10:20:00/wx/-5.26,555.7,72.5,5.98,330,1.32
2025.096.10:21:00/wx/-5.30,555.8,71.8,6.42,335,1.31
2025.096.10:22:00/wx/-5.40,555.8,71.2,6.14,330,1.32
2025.096.10:23:00/wx/-5.59,555.7,70.5,6.03,330,1.31
2025.096.10:24:00/wx/-5.68,555.8,70.1,6.23,332,1.29
2025.096.10:25:00/wx/-5.46,555.8,69.3,5.99,333,1.25
2025.096.10:26:00/wx/-5.70,555.7,69.0,6.04,327,1.25
2025.096.10:27:00/wx/-5.60,555.7,68.9,6.22,326,1.23
2025.096.10:28:00/wx/-5.50,555.7,67.9,6.53,330,1.23
2025.096.10:29:00/wx/-5.58,555.7,66.6,6.73,328,1.23
2025.096.10:30:00/wx/-5.40,555.8,65.0,6.33,328,1.25
2025.096.10:31:00/wx/-5.29,555.8,64.7,6.18,334,1.27
2025.096.10:32:00/wx/-5.10,555.8,62.9,5.06,320,1.26
2025.096.10:33:00/wx/-5.40,555.8,62.7,5.95,329,1.28
2025.096.10:34:00/wx/-5.27,555.8,62.8,5.72,322,1.26
2025.096.10:35:00/wx/-5.30,555.8,62.3,5.08,322,1.28
2025.096.10:36:00/wx/-5.20,555.8,62.3,5.24,322,1.28
2025.096.10:37:00/wx/-5.35,555.8,61.8,5.66,325,1.26
2025.096.10:38:00/wx/-5.41,555.8,62.2,5.43,323,1.27
2025.096.10:39:00/wx/-5.63,555.8,62.4,5.45,324,1.25
2025.096.10:40:00/wx/-6.00,555.8,63.1,5.22,325,1.24
2025.096.10:41:00/wx/-5.79,555.8,63.4,5.52,322,1.25
2025.096.10:42:00/wx/-5.60,555.8,61.5,5.04,322,1.24
2025.096.10:43:00/wx/-6.29,555.9,61.7,4.94,321,1.25
2025.096.10:44:00/wx/-6.80,555.9,63.5,5.60,321,1.23
2025.096.10:45:00/wx/-6.77,555.9,63.8,4.90,320,1.21
2025.096.10:46:00/wx/-6.71,555.9,65.0,4.41,316,1.23
2025.096.10:47:00/wx/-6.75,555.9,65.0,4.88,323,1.24
2025.096.10:48:00/wx/-6.71,555.9,65.3,5.44,324,1.26
2025.096.10:49:00/wx/-6.77,555.9,66.6,5.54,329,1.23
2025.096.10:50:00/wx/-6.33,555.9,65.6,5.63,333,1.23
2025.096.10:51:00/wx/-5.88,555.9,62.9,5.90,329,1.22
2025.096.10:52:00/wx/-5.81,556.0,61.5,5.75,326,1.22
2025.096.10:53:00/wx/-5.80,556.0,60.7,5.33,323,1.22
2025.096.10:54:00/wx/-5.70,556.0,60.2,5.84,326,1.22
2025.096.10:55:00/wx/-5.70,556.0,59.4,5.71,319,1.25
2025.096.10:56:00/wx/-5.81,556.0,59.5,5.11,320,1.23
2025.096.10:57:00/wx/-5.95,556.0,59.6,5.50,320,1.23
2025.096.10:58:00/wx/-5.90,556.0,59.7,5.63,322,1.23
2025.096.10:59:00/wx/-5.80,556.0,60.1,5.33,320,1.22
2025.096.11:00:00/wx/-5.99,555.9,60.6,5.10,322,1.21
2025.096.11:01:00/wx/-6.11,556.0,61.2,5.12,320,1.19
2025.096.11:02:00/wx/-6.10,556.0,61.5,5.38,324,1.19
2025.096.11:03:00/wx/-6.10,556.0,60.9,5.53,322,1.19
2025.096.11:04:00/wx/-6.06,556.0,61.0,5.53,325,1.18
2025.096.11:05:00/wx/-6.10,556.0,60.3,5.43,323,1.19
2025.096.11:06:00/wx/-6.09,556.0,60.3,5.65,322,1.17
2025.096.11:07:00/wx/-6.00,556.0,58.9,5.18,323,1.16
2025.096.11:08:00/wx/-6.10,556.0,58.6,5.03,323,1.14
2025.096.11:09:00/wx/-5.75,556.1,57.2,5.43,323,1.17
2025.096.11:10:00/wx/-6.08,556.0,57.3,5.13,324,1.13
2025.096.11:11:00/wx/-5.97,556.0,57.7,5.19,327,1.15
2025.096.11:12:00/wx/-5.63,556.0,56.5,5.76,324,1.15
2025.096.11:13:00/wx/-5.71,556.1,55.8,4.73,315,1.14
2025.096.11:14:00/wx/-5.70,556.0,56.0,5.12,324,1.12
2025.096.11:15:00/wx/-5.80,556.0,55.7,5.68,323,1.14
2025.096.11:16:00/wx/-5.58,556.0,55.3,5.41,323,1.15
2025.096.11:17:00/wx/-5.54,556.0,54.2,5.58,325,1.15
2025.096.11:18:00/wx/-5.71,556.1,54.1,5.64,322,1.13
2025.096.11:19:00/wx/-5.45,556.0,54.2,5.47,325,1.12
2025.096.11:20:00/wx/-5.20,556.0,53.1,5.32,319,1.14
2025.096.11:21:00/wx/-5.50,556.0,53.1,5.25,323,1.12
2025.096.11:22:00/wx/-5.60,556.1,53.1,5.23,322,1.10
2025.096.11:23:00/wx/-5.81,556.1,53.6,4.09,320,1.10
2025.096.11:24:00/wx/-5.80,556.1,54.2,5.01,318,1.10
2025.096.11:25:00/wx/-5.90,556.1,54.3,5.02,321,1.05
2025.096.11:26:00/wx/-5.79,556.1,53.9,4.62,319,1.07
2025.096.11:27:00/wx/-5.92,556.1,54.3,5.18,325,1.10
2025.096.11:28:00/wx/-5.90,556.2,53.9,5.13,322,1.09
2025.096.11:29:00/wx/-5.68,556.1,53.5,5.17,324,1.07
2025.096.11:30:00/wx/-5.61,556.1,52.5,5.62,323,1.08
2025.096.11:31:00/wx/-5.50,556.1,52.7,5.42,322,1.09
2025.096.11:32:00/wx/-5.58,556.1,52.7,4.96,322,1.09
2025.096.11:33:00/wx/-5.38,556.1,52.2,5.27,324,1.06
2025.096.11:34:00/wx/-5.26,556.1,51.8,5.56,325,1.09
2025.096.11:35:00/wx/-5.39,556.1,52.4,4.74,325,1.05
2025.096.11:36:00/wx/-5.36,556.2,52.1,5.32,328,1.05
2025.096.11:37:00/wx/-5.10,556.1,51.0,4.56,323,1.02
2025.096.11:38:00/wx/-4.99,556.2,50.9,5.34,323,0.99
2025.096.11:39:00/wx/-5.10,556.2,51.3,5.07,325,1.02
2025.096.11:40:00/wx/-4.90,556.2,50.0,4.53,322,0.99
2025.096.11:41:00/wx/-4.90,556.2,50.1,5.56,315,0.97
2025.096.11:42:00/wx/-4.90,556.2,50.1,5.48,333,0.98
2025.096.11:43:00/wx/-5.01,556.2,51.9,4.60,325,1.00
2025.096.11:44:00/wx/-5.20,556.2,53.6,5.06,318,0.99
2025.096.11:45:00/wx/-5.00,556.2,51.8,4.63,314,1.00
2025.096.11:46:00/wx/-5.13,556.2,53.6,5.01,318,1.01
2025.096.11:47:00/wx/-4.92,556.2,52.1,5.25,324,1.02
2025.096.11:48:00/wx/-4.70,556.2,50.9,5.19,322,1.02
2025.096.11:49:00/wx/-4.60,556.2,50.8,5.70,326,1.01
2025.096.11:50:00/wx/-4.30,556.3,48.9,5.13,313,1.01
2025.096.11:51:00/wx/-4.45,556.3,51.1,4.55,317,0.98
2025.096.11:52:00/wx/-4.31,556.2,49.5,5.49,322,0.99
2025.096.11:53:00/wx/-4.39,556.3,50.2,5.63,324,1.00
2025.096.11:54:00/wx/-4.30,556.2,49.5,5.17,325,1.03
2025.096.11:55:00/wx/-4.30,556.3,51.3,5.43,320,1.00
2025.096.11:56:00/wx/-4.10,556.3,50.1,5.31,322,1.01
2025.096.11:57:00/wx/-4.01,556.2,49.5,5.72,317,0.97
2025.096.11:58:00/wx/-4.02,556.2,49.8,5.66,315,0.99
2025.096.11:59:00/wx/-4.10,556.3,51.5,4.85,323,0.96
2025.096.12:00:00/wx/-4.00,556.3,50.6,5.06,318,0.98
2025.096.12:01:00/wx/-4.00,556.3,51.7,5.22,316,0.99
2025.096.12:02:00/wx/-4.00,556.3,53.2,4.83,319,1.00
2025.096.12:03:00/wx/-4.10,556.3,54.0,4.96,322,0.99
2025.096.12:04:00/wx/-4.10,556.3,53.9,4.83,323,0.96
2025.096.12:05:00/wx/-3.99,556.3,54.5,5.74,316,1.00
2025.096.12:06:00/wx/-3.70,556.4,54.2,5.25,318,0.97
2025.096.12:07:00/wx/-3.50,556.3,55.3,6.52,312,0.97
2025.096.12:08:00/wx/-3.30,556.4,53.2,6.15,314,1.00
2025.096.12:09:00/wx/-3.12,556.3,53.1,5.76,307,0.99
2025.096.12:10:00/wx/-3.00,556.3,50.7,6.61,306,0.98
2025.096.12:11:00/wx/-2.90,556.4,48.5,6.82,309,1.00
2025.096.12:12:00/wx/-2.80,556.4,49.4,6.23,314,1.01
2025.096.12:13:00/wx/-2.70,556.4,47.7,6.12,303,1.02
2025.096.12:14:00/wx/-2.50,556.4,48.6,7.52,304,1.01
2025.096.12:15:00/wx/-2.40,556.4,47.9,6.07,302,1.04
2025.096.12:16:00/wx/-2.30,556.4,45.4,7.82,306,1.01
2025.096.12:17:00/wx/-2.20,556.4,45.9,8.32,308,1.00
2025.096.12:18:00/wx/-2.20,556.4,43.1,7.16,301,1.03
2025.096.12:19:00/wx/-2.10,556.4,43.7,5.27,300,1.01
2025.096.12:20:00/wx/-2.00,556.4,43.2,7.37,301,0.39
2025.096.12:21:00/wx/-2.00,556.4,41.5,7.04,298,1.04
2025.096.12:22:00/wx/-1.90,556.4,41.7,7.63,298,1.04
2025.096.12:23:00/wx/-1.87,556.4,42.2,6.75,293,1.06
2025.096.12:24:00/wx/-1.90,556.4,42.2,7.15,297,1.07
2025.096.12:25:00/wx/-1.90,556.4,42.9,8.10,293,1.03
2025.096.12:26:00/wx/-1.73,556.4,42.7,6.07,296,1.04
2025.096.12:27:00/wx/-1.70,556.4,41.3,8.03,296,1.06
2025.096.12:28:00/wx/-1.80,556.4,40.2,7.30,299,1.05
2025.096.12:29:00/wx/-1.70,556.4,38.7,8.16,297,1.04
2025.096.12:30:00/wx/-1.60,556.4,41.8,6.53,298,1.07
2025.096.12:31:00/wx/-1.70,556.4,40.6,6.71,298,1.03
2025.096.12:32:00/wx/-1.70,556.5,41.5,6.33,290,1.05
2025.096.12:33:00/wx/-1.49,556.4,42.3,7.45,298,1.05
2025.096.12:34:00/wx/-1.49,556.5,38.7,9.43,292,1.01
2025.096.12:35:00/wx/-1.40,556.4,36.1,7.36,296,1.03
2025.096.12:36:00/wx/-1.50,556.4,34.8,7.99,291,1.04
2025.096.12:37:00/wx/-1.60,556.5,33.8,7.56,292,1.07
2025.096.12:38:00/wx/-1.50,556.5,34.5,8.10,291,1.06
2025.096.12:39:00/wx/-1.31,556.5,36.1,7.36,292,1.04
2025.096.12:40:00/wx/-1.20,556.5,38.1,7.97,295,1.05
2025.096.12:41:00/wx/-1.13,556.5,36.2,6.98,298,1.05
2025.096.12:42:00/wx/-0.91,556.5,35.5,6.56,295,1.07
2025.096.12:43:00/wx/-1.00,556.5,34.0,7.34,297,1.10
2025.096.12:44:00/wx/-0.90,556.5,34.1,7.23,305,1.08
2025.096.12:45:00/wx/-1.00,556.5,33.2,9.24,286,1.00
2025.096.12:46:00/wx/-1.21,556.5,31.5,8.35,291,1.00
2025.096.12:47:00/wx/-1.11,556.5,32.4,8.41,298,0.99
2025.096.12:48:00/wx/-1.04,556.5,32.0,6.73,292,1.05
2025.096.12:49:00/wx/-1.00,556.6,30.6,8.83,291,1.05
2025.096.12:50:00/wx/-1.26,556.6,29.4,8.63,288,1.09
