2025.094.03:46:00;APEX Database Weather Data for Timerange of e25c04
2025.094.03:46:00;The format is wx/temp[C],press[mbar],humid[%],speed[m/s],direction[deg],pwv[mm]
2025.094.03:47:00/wx/0.50,557.1,33.8,3.38,333,1.55
2025.094.03:48:00/wx/0.44,557.1,33.8,3.13,330,1.54
2025.094.03:49:00/wx/0.30,557.1,34.2,2.94,327,1.47
2025.094.03:50:00/wx/-0.02,557.1,34.7,3.72,326,1.41
2025.094.03:51:00/wx/0.29,557.1,34.0,3.05,334,1.36
2025.094.03:52:00/wx/0.40,557.1,33.5,3.88,331,1.35
2025.094.03:53:00/wx/0.30,557.1,34.1,3.58,336,1.33
2025.094.03:54:00/wx/0.20,557.1,34.4,3.47,331,1.43
2025.094.03:55:00/wx/0.30,557.2,34.6,3.50,337,1.46
2025.094.03:56:00/wx/0.40,557.1,33.9,3.83,332,1.50
2025.094.03:57:00/wx/0.30,557.1,34.7,3.64,345,1.53
2025.094.03:58:00/wx/0.29,557.1,35.2,3.52,348,1.53
2025.094.03:59:00/wx/0.10,557.1,35.4,3.02,332,1.55
2025.094.04:00:00/wx/0.30,557.1,35.5,3.06,341,1.49
2025.094.04:01:00/wx/0.30,557.1,35.9,4.01,335,1.42
2025.094.04:02:00/wx/0.20,557.1,35.9,3.09,330,1.43
2025.094.04:03:00/wx/0.20,557.1,36.2,3.64,338,1.42
2025.094.04:04:00/wx/0.20,557.1,36.5,3.64,337,1.43
2025.094.04:05:00/wx/0.24,557.1,36.7,4.40,347,1.45
2025.094.04:06:00/wx/0.40,557.1,36.9,3.45,346,1.48
2025.094.04:07:00/wx/0.06,557.1,37.3,3.80,350,1.52
2025.094.04:08:00/wx/0.07,557.1,37.6,3.56,332,1.52
2025.094.04:09:00/wx/0.21,557.1,36.7,3.43,332,1.52
2025.094.04:10:00/wx/-0.03,557.1,36.7,4.05,331,1.53
2025.094.04:11:00/wx/0.21,557.1,37.1,3.33,338,1.53
2025.094.04:12:00/wx/0.24,557.1,37.8,3.20,331,1.52
2025.094.04:13:00/wx/0.23,557.1,37.7,3.45,335,1.50
2025.094.04:14:00/wx/0.20,557.1,37.6,4.10,340,1.48
2025.094.04:15:00/wx/0.36,557.1,37.0,3.88,337,1.50
2025.094.04:16:00/wx/0.40,557.1,37.1,3.83,340,1.48
2025.094.04:17:00/wx/0.40,557.1,38.2,4.44,347,1.51
2025.094.04:18:00/wx/0.03,557.1,38.7,3.54,349,1.49
2025.094.04:19:00/wx/-0.75,557.0,40.1,3.71,357,1.58
2025.094.04:20:00/wx/-0.15,557.1,40.1,4.47,340,1.60
2025.094.04:21:00/wx/-0.90,557.1,40.0,2.53,334,1.59
2025.094.04:22:00/wx/-1.23,557.0,42.7,4.26,345,1.64
2025.094.04:23:00/wx/-0.42,557.0,40.9,4.15,348,1.59
2025.094.04:24:00/wx/-0.09,557.0,38.9,3.81,343,1.44
2025.094.04:25:00/wx/-0.06,557.0,38.9,4.04,349,1.46
2025.094.04:26:00/wx/0.00,557.1,39.7,3.84,347,1.46
2025.094.04:27:00/wx/0.16,557.0,38.9,3.91,342,1.46
2025.094.04:28:00/wx/0.20,557.0,38.6,4.28,345,1.48
2025.094.04:29:00/wx/0.30,557.0,38.6,4.19,346,1.50
2025.094.04:30:00/wx/0.33,557.1,38.4,3.99,343,1.50
2025.094.04:31:00/wx/0.20,557.0,38.6,4.43,345,1.49
2025.094.04:32:00/wx/0.30,557.0,38.9,3.49,338,1.51
2025.094.04:33:00/wx/0.30,557.0,38.8,3.45,342,1.50
2025.094.04:34:00/wx/0.30,557.0,39.0,3.44,340,1.50
2025.094.04:35:00/wx/0.23,557.0,39.1,3.31,340,1.52
2025.094.04:36:00/wx/0.30,557.0,39.6,3.94,337,1.51
2025.094.04:37:00/wx/0.30,557.0,39.4,3.80,336,1.52
2025.094.04:38:00/wx/0.12,557.0,39.9,3.78,351,1.52
2025.094.04:39:00/wx/0.02,557.0,40.3,3.85,341,1.51
2025.094.04:40:00/wx/0.20,557.0,40.2,3.93,336,1.51
2025.094.04:41:00/wx/0.40,557.0,39.6,3.18,327,1.49
2025.094.04:42:00/wx/0.15,557.0,39.5,3.53,316,1.49
2025.094.04:43:00/wx/0.30,557.0,39.7,3.34,333,1.50
2025.094.04:44:00/wx/0.26,556.9,39.2,3.53,336,1.50
2025.094.04:45:00/wx/0.20,556.9,39.4,3.33,334,1.48
2025.094.04:46:00/wx/0.09,557.0,39.7,3.84,342,1.43
2025.094.04:47:00/wx/0.00,557.0,40.2,3.89,326,1.46
2025.094.04:48:00/wx/0.09,556.9,39.8,3.94,330,1.47
2025.094.04:49:00/wx/0.18,556.9,39.9,3.91,341,1.45
2025.094.04:50:00/wx/-0.01,556.9,40.5,3.88,338,1.45
2025.094.04:51:00/wx/-0.11,556.9,40.3,4.16,335,1.43
2025.094.04:52:00/wx/0.16,556.9,40.2,3.57,332,1.44
2025.094.04:53:00/wx/0.20,556.9,39.8,4.03,337,1.60
2025.094.04:54:00/wx/-0.03,556.9,40.1,4.00,337,1.48
2025.094.04:55:00/wx/-0.48,556.9,40.9,3.91,341,1.49
2025.094.04:56:00/wx/-0.59,556.9,40.9,4.06,339,1.47
2025.094.04:57:00/wx/-0.35,556.9,41.1,4.30,348,1.54
2025.094.04:58:00/wx/-0.30,556.9,41.0,4.53,344,1.57
2025.094.04:59:00/wx/0.03,556.9,40.7,4.64,345,1.55
2025.094.05:00:00/wx/0.21,556.9,40.3,4.24,352,1.53
2025.094.05:01:00/wx/-0.20,556.9,41.1,4.15,352,1.50
2025.094.05:02:00/wx/-0.36,556.9,41.9,4.63,342,1.50
2025.094.05:03:00/wx/-0.10,556.8,41.1,4.67,348,1.49
2025.094.05:04:00/wx/0.00,556.8,40.8,3.60,343,1.52
2025.094.05:05:00/wx/0.08,556.9,40.6,4.29,344,1.51
2025.094.05:06:00/wx/0.00,556.8,40.5,4.05,347,1.51
2025.094.05:07:00/wx/-0.05,556.8,40.9,4.39,353,1.51
2025.094.05:08:00/wx/0.19,556.8,40.3,3.57,358,1.48
2025.094.05:09:00/wx/-0.23,556.9,40.0,3.20,333,1.47
2025.094.05:10:00/wx/-0.50,556.9,42.2,3.96,342,1.49
2025.094.05:11:00/wx/-0.29,556.8,42.0,3.97,342,1.52
2025.094.05:12:00/wx/0.11,556.8,41.0,3.61,342,1.54
2025.094.05:13:00/wx/0.00,556.8,41.1,3.85,340,1.58
2025.094.05:14:00/wx/0.00,556.8,40.9,3.47,347,1.57
2025.094.05:15:00/wx/-0.02,556.8,41.1,4.06,342,1.58
2025.094.05:16:00/wx/-0.01,556.8,41.3,3.73,344,1.56
2025.094.05:17:00/wx/-0.10,556.8,41.3,3.78,345,1.54
2025.094.05:18:00/wx/0.00,556.8,41.0,3.63,342,1.60
2025.094.05:19:00/wx/0.00,556.8,41.1,3.93,344,1.65
2025.094.05:20:00/wx/-0.12,556.8,41.5,4.03,346,1.65
2025.094.05:21:00/wx/-0.11,556.8,41.4,4.09,345,1.63
2025.094.05:22:00/wx/-0.45,556.8,42.3,4.39,352,1.66
2025.094.05:23:00/wx/0.10,556.8,41.8,4.13,353,1.64
2025.094.05:24:00/wx/-0.01,556.8,41.5,4.24,349,1.64
2025.094.05:25:00/wx/-0.28,556.8,41.9,4.44,339,1.68
2025.094.05:26:00/wx/-0.50,556.7,43.1,4.13,346,1.71
2025.094.05:27:00/wx/-0.50,556.7,42.9,4.38,349,1.69
2025.094.05:28:00/wx/-0.30,556.8,43.0,4.13,352,1.85
2025.094.05:29:00/wx/-0.20,556.7,42.6,4.27,344,1.88
2025.094.05:30:00/wx/-0.29,556.7,42.8,3.70,352,1.84
2025.094.05:31:00/wx/-0.61,556.7,43.8,3.99,344,1.86
2025.094.05:32:00/wx/-0.54,556.7,43.8,3.91,346,1.80
2025.094.05:33:00/wx/-0.90,556.7,44.0,3.93,350,1.81
2025.094.05:34:00/wx/-0.60,556.7,44.2,3.55,348,1.83
2025.094.05:35:00/wx/-0.89,556.7,44.0,4.53,352,1.82
2025.094.05:36:00/wx/-0.60,556.7,43.9,3.53,342,1.96
2025.094.05:37:00/wx/-0.46,556.7,43.2,3.38,348,1.83
2025.094.05:38:00/wx/-0.40,556.7,43.5,3.73,344,1.90
2025.094.05:39:00/wx/-0.30,556.7,43.5,3.74,345,1.83
2025.094.05:40:00/wx/-0.30,556.7,43.2,3.43,340,1.88
2025.094.05:41:00/wx/-0.39,556.7,43.6,3.62,344,1.89
2025.094.05:42:00/wx/-0.30,556.7,43.4,3.65,339,1.83
2025.094.05:43:00/wx/-0.20,556.7,43.1,3.33,345,1.81
2025.094.05:44:00/wx/-0.20,556.7,43.1,2.91,336,1.77
2025.094.05:45:00/wx/-0.20,556.7,43.3,2.94,344,1.72
2025.094.05:46:00/wx/-0.20,556.7,43.1,2.72,334,1.69
2025.094.05:47:00/wx/-0.30,556.6,43.4,2.47,337,1.66
2025.094.05:48:00/wx/-0.30,556.7,43.5,2.83,342,1.69
2025.094.05:49:00/wx/-0.60,556.6,43.4,3.03,341,1.71
2025.094.05:50:00/wx/-0.60,556.7,44.2,3.23,339,1.71
2025.094.05:51:00/wx/-0.39,556.6,44.1,3.37,344,1.72
2025.094.05:52:00/wx/-0.37,556.6,43.6,3.35,340,1.68
2025.094.05:53:00/wx/-0.71,556.6,43.8,3.09,350,1.63
2025.094.05:54:00/wx/-0.85,556.6,45.1,3.37,338,1.72
2025.094.05:55:00/wx/-0.51,556.6,44.6,3.00,339,1.72
2025.094.05:56:00/wx/-0.39,556.6,44.3,3.88,348,1.70
2025.094.05:57:00/wx/-0.20,556.6,43.4,3.89,349,1.75
2025.094.05:58:00/wx/-0.30,556.6,43.6,4.03,344,1.85
2025.094.05:59:00/wx/-0.26,556.6,43.7,3.93,343,2.06
2025.094.06:00:00/wx/-0.10,556.6,43.1,3.72,347,2.03
2025.094.06:01:00/wx/-0.10,556.5,42.9,4.03,350,2.03
2025.094.06:02:00/wx/-0.30,556.5,43.4,3.83,347,2.00
2025.094.06:03:00/wx/-0.19,556.5,43.5,3.92,350,2.04
2025.094.06:04:00/wx/-0.15,556.6,43.0,4.06,350,2.02
2025.094.06:05:00/wx/-0.50,556.5,43.9,3.34,342,2.10
2025.094.06:06:00/wx/-0.84,556.6,44.0,4.21,347,2.12
2025.094.06:07:00/wx/-0.60,556.5,44.4,4.31,348,2.16
2025.094.06:08:00/wx/-0.40,556.6,43.9,3.94,343,2.19
2025.094.06:09:00/wx/-0.30,556.6,43.4,3.83,343,2.17
2025.094.06:10:00/wx/-0.30,556.5,43.2,3.35,347,2.21
2025.094.06:11:00/wx/-0.33,556.5,43.2,3.31,350,2.11
2025.094.06:12:00/wx/-0.40,556.6,43.5,3.14,345,2.15
2025.094.06:13:00/wx/-0.40,556.5,43.5,3.24,350,2.10
2025.094.06:14:00/wx/-0.40,556.5,43.3,3.12,350,2.16
2025.094.06:15:00/wx/-0.60,556.5,43.5,3.52,351,2.22
2025.094.06:16:00/wx/-0.60,556.6,43.5,2.85,345,2.17
2025.094.06:17:00/wx/-0.60,556.6,43.6,3.46,347,2.13
2025.094.06:18:00/wx/-0.70,556.6,43.6,3.04,350,2.14
2025.094.06:19:00/wx/-0.70,556.6,44.0,3.18,348,2.15
2025.094.06:20:00/wx/-0.60,556.6,43.8,3.13,347,2.11
2025.094.06:21:00/wx/-0.50,556.6,43.3,2.90,345,2.13
2025.094.06:22:00/wx/-0.62,556.5,43.6,3.45,343,2.09
2025.094.06:23:00/wx/-0.60,556.5,43.5,4.06,344,2.11
2025.094.06:24:00/wx/-0.50,556.5,43.5,3.68,350,2.04
2025.094.06:25:00/wx/-0.60,556.5,43.6,3.44,347,2.08
2025.094.06:26:00/wx/-0.46,556.5,43.4,3.32,355,2.07
2025.094.06:27:00/wx/-0.49,556.5,43.0,3.86,355,2.13
2025.094.06:28:00/wx/-0.60,556.5,43.5,3.99,358,2.14
2025.094.06:29:00/wx/-0.50,556.5,43.3,3.75,109,2.20
2025.094.06:30:00/wx/-0.80,556.5,43.8,3.24,352,2.22
2025.094.06:31:00/wx/-1.04,556.5,44.4,3.14,355,2.28
2025.094.06:32:00/wx/-0.61,556.5,43.9,2.97,353,2.28
2025.094.06:33:00/wx/-0.82,556.5,43.5,2.89,350,2.35
2025.094.06:34:00/wx/-1.19,556.5,44.6,3.17,354,2.40
2025.094.06:35:00/wx/-1.60,556.5,45.7,3.43,343,2.31
2025.094.06:36:00/wx/-1.40,556.5,45.8,3.40,344,2.34
2025.094.06:37:00/wx/-1.12,556.5,45.5,3.51,348,2.33
2025.094.06:38:00/wx/-0.78,556.4,44.5,3.39,342,2.34
2025.094.06:39:00/wx/-0.67,556.4,44.0,3.70,348,2.37
2025.094.06:40:00/wx/-0.50,556.4,43.7,3.73,345,2.38
2025.094.06:41:00/wx/-0.50,556.4,43.6,3.59,348,2.36
2025.094.06:42:00/wx/-0.60,556.4,43.8,3.51,347,2.38
2025.094.06:43:00/wx/-0.80,556.4,44.3,3.58,336,2.37
2025.094.06:44:00/wx/-1.00,556.4,44.9,3.60,335,2.37
2025.094.06:45:00/wx/-0.70,556.4,44.6,3.43,337,2.40
2025.094.06:46:00/wx/-0.80,556.4,44.3,4.00,349,2.38
2025.094.06:47:00/wx/-0.99,556.3,44.7,4.29,346,2.38
2025.094.06:48:00/wx/-0.78,556.3,44.7,3.76,350,2.37
2025.094.06:49:00/wx/-0.60,556.3,44.1,3.77,348,2.36
2025.094.06:50:00/wx/-0.90,556.3,44.8,3.93,342,2.37
2025.094.06:51:00/wx/-0.80,556.4,44.8,4.20,345,2.36
2025.094.06:52:00/wx/-0.90,556.3,44.9,3.77,342,2.37
2025.094.06:53:00/wx/-0.82,556.4,44.8,4.12,338,2.38
2025.094.06:54:00/wx/-0.90,556.4,45.0,3.80,337,2.34
2025.094.06:55:00/wx/-1.10,556.4,45.2,3.83,338,2.42
2025.094.06:56:00/wx/-1.00,556.4,45.0,3.87,340,2.40
2025.094.06:57:00/wx/-0.90,556.4,44.6,4.04,335,2.29
2025.094.06:58:00/wx/-0.90,556.4,44.8,3.64,336,2.27
2025.094.06:59:00/wx/-0.70,556.4,44.3,3.49,329,2.27
2025.094.07:00:00/wx/-1.01,556.4,44.4,3.83,335,2.34
2025.094.07:01:00/wx/-0.80,556.4,44.6,4.23,341,2.33
2025.094.07:02:00/wx/-0.80,556.4,44.3,4.04,338,2.37
2025.094.07:03:00/wx/-0.90,556.4,44.5,3.82,336,2.34
2025.094.07:04:00/wx/-0.80,556.4,44.5,3.68,340,2.31
2025.094.07:05:00/wx/-0.70,556.4,44.1,3.24,337,2.25
2025.094.07:06:00/wx/-0.80,556.4,44.4,3.19,336,2.28
2025.094.07:07:00/wx/-0.80,556.4,44.7,3.45,340,2.29
2025.094.07:08:00/wx/-0.80,556.3,44.6,3.43,343,2.36
2025.094.07:09:00/wx/-0.80,556.4,44.6,3.48,344,2.27
2025.094.07:10:00/wx/-0.80,556.3,44.7,3.57,344,2.30
2025.094.07:11:00/wx/-0.59,556.3,44.5,3.15,343,2.32
2025.094.07:12:00/wx/-0.70,556.3,44.5,3.25,343,2.33
2025.094.07:13:00/wx/-0.60,556.3,44.4,3.13,346,2.32
2025.094.07:14:00/wx/-0.70,556.3,44.5,3.24,347,2.30
2025.094.07:15:00/wx/-0.81,556.3,44.7,3.45,344,2.36
2025.094.07:16:00/wx/-0.65,556.3,44.7,3.17,342,2.31
2025.094.07:17:00/wx/-0.50,556.3,44.4,3.33,347,2.30
2025.094.07:18:00/wx/-0.70,556.3,44.5,3.63,349,2.28
2025.094.07:19:00/wx/-0.60,556.3,44.6,3.28,345,2.26
2025.094.07:20:00/wx/-0.60,556.3,44.7,3.03,341,2.28
2025.094.07:21:00/wx/-0.60,556.3,44.9,3.33,346,2.30
2025.094.07:22:00/wx/-0.60,556.3,44.8,3.74,339,2.26
2025.094.07:23:00/wx/-0.50,556.3,44.6,3.58,342,2.26
2025.094.07:24:00/wx/-0.52,556.3,44.7,3.54,346,2.24
2025.094.07:25:00/wx/-0.50,556.3,44.4,3.30,344,2.17
2025.094.07:26:00/wx/-0.60,556.3,44.8,3.40,340,2.17
2025.094.07:27:00/wx/-0.60,556.3,45.0,3.23,338,2.19
2025.094.07:28:00/wx/-0.50,556.3,44.8,3.11,341,2.16
2025.094.07:29:00/wx/-0.57,556.3,44.8,3.29,343,2.16
2025.094.07:30:00/wx/-0.60,556.2,45.2,3.43,344,2.12
2025.094.07:31:00/wx/-0.70,556.2,45.4,3.43,349,2.13
2025.094.07:32:00/wx/-0.80,556.2,45.6,3.33,349,2.03
2025.094.07:33:00/wx/-0.83,556.2,45.8,3.31,343,2.03
2025.094.07:34:00/wx/-0.91,556.2,46.4,3.42,342,2.02
2025.094.07:35:00/wx/-0.90,556.2,46.4,3.45,346,2.00
2025.094.07:36:00/wx/-0.90,556.2,46.4,3.40,344,1.98
2025.094.07:37:00/wx/-1.00,556.2,46.5,3.53,339,1.93
2025.094.07:38:00/wx/-1.10,556.2,47.0,3.47,343,1.95
2025.094.07:39:00/wx/-1.00,556.2,46.8,3.84,342,2.00
2025.094.07:40:00/wx/-0.90,556.2,46.5,3.72,347,2.28
2025.094.07:41:00/wx/-0.90,556.2,46.5,3.90,346,2.01
2025.094.07:42:00/wx/-0.90,556.2,46.5,3.63,346,2.01
2025.094.07:43:00/wx/-0.90,556.1,46.6,3.43,343,1.96
2025.094.07:44:00/wx/-1.00,556.2,46.8,3.46,344,1.98
2025.094.07:45:00/wx/-1.08,556.1,47.1,3.42,344,1.98
2025.094.07:46:00/wx/-0.90,556.1,46.9,3.17,344,1.92
2025.094.07:47:00/wx/-0.80,556.1,46.9,3.43,339,1.97
2025.094.07:48:00/wx/-0.80,556.1,46.9,3.51,337,2.00
2025.094.07:49:00/wx/-0.91,556.2,47.0,3.54,337,2.03
2025.094.07:50:00/wx/-0.70,556.2,46.4,3.33,337,2.01
2025.094.07:51:00/wx/-0.90,556.1,46.9,3.40,338,2.01
2025.094.07:52:00/wx/-1.00,556.1,47.3,3.33,338,1.96
2025.094.07:53:00/wx/-0.96,556.1,47.6,3.28,339,1.97
2025.094.07:54:00/wx/-1.00,556.2,47.4,3.33,334,1.95
2025.094.07:55:00/wx/-0.80,556.1,47.3,3.19,338,1.93
2025.094.07:56:00/wx/-0.73,556.1,47.1,3.31,341,1.94
2025.094.07:57:00/wx/-1.01,556.2,47.3,3.73,345,2.05
2025.094.07:58:00/wx/-0.85,556.2,47.9,3.70,346,2.08
2025.094.07:59:00/wx/-0.61,556.2,47.5,3.52,340,2.06
2025.094.08:00:00/wx/-0.60,556.2,47.4,3.29,344,2.01
2025.094.08:01:00/wx/-0.80,556.2,47.8,3.63,344,1.99
2025.094.08:02:00/wx/-0.80,556.2,48.3,3.22,334,2.04
2025.094.08:03:00/wx/-0.90,556.2,48.4,3.29,338,2.02
2025.094.08:04:00/wx/-0.90,556.2,48.6,3.53,339,2.05
2025.094.08:05:00/wx/-0.80,556.2,48.6,3.13,341,2.05
2025.094.08:06:00/wx/-0.81,556.1,48.6,3.04,344,2.02
2025.094.08:07:00/wx/-0.60,556.1,48.2,3.14,340,1.98
2025.094.08:08:00/wx/-0.70,556.1,48.4,2.94,343,1.98
2025.094.08:09:00/wx/-0.80,556.1,48.4,3.12,335,2.00
2025.094.08:10:00/wx/-1.00,556.1,48.9,3.01,344,2.01
2025.094.08:11:00/wx/-1.00,556.1,49.5,3.06,338,1.97
2025.094.08:12:00/wx/-1.21,556.1,49.7,2.93,347,1.97
2025.094.08:13:00/wx/-1.60,556.1,50.7,3.03,344,1.97
2025.094.08:14:00/wx/-1.50,556.1,51.4,3.04,344,1.98
2025.094.08:15:00/wx/-1.30,556.1,51.1,3.23,343,1.97
2025.094.08:16:00/wx/-1.20,556.1,50.6,3.24,345,1.93
2025.094.08:17:00/wx/-1.31,556.1,50.8,3.05,342,1.93
2025.094.08:18:00/wx/-1.10,556.1,50.6,3.13,340,1.93
2025.094.08:19:00/wx/-1.11,556.1,50.5,3.34,344,1.95
2025.094.08:20:00/wx/-0.93,556.1,50.0,3.37,343,1.98
2025.094.08:21:00/wx/-1.10,556.1,50.4,3.43,346,1.99
2025.094.08:22:00/wx/-1.00,556.1,50.2,3.51,350,2.02
2025.094.08:23:00/wx/-1.24,556.1,50.7,3.33,346,1.98
2025.094.08:24:00/wx/-1.40,556.1,51.5,3.53,341,1.95
2025.094.08:25:00/wx/-1.30,556.1,51.1,3.39,341,1.95
2025.094.08:26:00/wx/-1.40,556.1,51.4,3.54,342,1.92
2025.094.08:27:00/wx/-1.30,556.1,51.7,3.83,342,1.94
2025.094.08:28:00/wx/-1.20,556.1,51.2,3.74,343,1.95
2025.094.08:29:00/wx/-1.29,556.1,50.5,3.66,336,1.93
2025.094.08:30:00/wx/-1.19,556.2,51.4,3.26,341,1.92
2025.094.08:31:00/wx/-1.12,556.1,51.1,3.28,340,1.93
2025.094.08:32:00/wx/-0.90,556.1,50.5,3.34,332,1.92
2025.094.08:33:00/wx/-1.22,556.1,50.2,3.17,328,1.90
2025.094.08:34:00/wx/-1.40,556.2,51.9,3.12,333,1.91
2025.094.08:35:00/wx/-1.30,556.2,51.9,3.01,337,1.91
2025.094.08:36:00/wx/-1.30,556.2,51.7,3.05,336,1.93
2025.094.08:37:00/wx/-1.30,556.2,51.7,3.11,343,1.95
2025.094.08:38:00/wx/-1.25,556.2,51.6,3.28,336,1.95
2025.094.08:39:00/wx/-1.30,556.1,51.9,3.13,338,1.96
2025.094.08:40:00/wx/-1.09,556.2,51.8,3.27,341,1.97
2025.094.08:41:00/wx/-1.10,556.2,51.6,2.94,334,1.95
2025.094.08:42:00/wx/-1.20,556.1,51.8,3.24,335,1.95
2025.094.08:43:00/wx/-1.16,556.2,51.6,2.93,329,1.93
2025.094.08:44:00/wx/-1.20,556.2,51.8,3.23,334,1.92
2025.094.08:45:00/wx/-1.23,556.2,51.9,2.90,331,1.91
2025.094.08:46:00/wx/-1.10,556.1,51.9,2.94,334,1.92
2025.094.08:47:00/wx/-1.21,556.1,51.7,3.33,334,1.91
2025.094.08:48:00/wx/-1.50,556.1,52.3,3.35,339,1.93
2025.094.08:49:00/wx/-1.40,556.1,52.6,3.33,337,1.96
2025.094.08:50:00/wx/-1.20,556.1,52.2,3.33,337,1.98
2025.094.08:51:00/wx/-1.10,556.1,51.8,3.41,339,1.99
2025.094.08:52:00/wx/-1.10,556.1,51.6,3.55,340,1.99
2025.094.08:53:00/wx/-1.20,556.1,51.8,3.46,338,1.96
2025.094.08:54:00/wx/-1.20,556.1,52.1,3.33,336,1.96
2025.094.08:55:00/wx/-1.20,556.1,52.3,3.07,337,1.96
2025.094.08:56:00/wx/-1.11,556.1,52.2,3.05,335,1.98
2025.094.08:57:00/wx/-1.10,556.1,52.1,3.11,337,1.97
2025.094.08:58:00/wx/-1.20,556.1,52.3,3.33,341,2.00
2025.094.08:59:00/wx/-1.20,556.1,52.6,3.33,339,2.02
2025.094.09:00:00/wx/-1.30,556.1,52.6,3.13,339,2.02
2025.094.09:01:00/wx/-1.20,556.1,52.5,3.05,336,2.04
2025.094.09:02:00/wx/-1.38,556.1,52.5,3.23,339,2.07
2025.094.09:03:00/wx/-1.30,556.1,52.5,3.23,338,2.06
2025.094.09:04:00/wx/-1.20,556.1,52.3,2.93,338,2.06
2025.094.09:05:00/wx/-1.20,556.1,52.4,3.02,341,2.06
2025.094.09:06:00/wx/-1.20,556.1,52.3,3.33,345,2.07
2025.094.09:07:00/wx/-1.30,556.1,52.6,3.12,346,2.08
2025.094.09:08:00/wx/-1.30,556.1,52.9,2.94,346,2.09
2025.094.09:09:00/wx/-1.20,556.1,52.8,2.94,340,2.12
2025.094.09:10:00/wx/-1.30,556.1,52.7,3.03,346,2.10
2025.094.09:11:00/wx/-1.40,556.1,53.0,2.83,342,2.09
2025.094.09:12:00/wx/-1.40,556.1,53.3,2.95,343,2.09
2025.094.09:13:00/wx/-1.30,556.1,52.9,2.93,346,2.06
2025.094.09:14:00/wx/-1.20,556.1,52.7,2.93,345,2.08
2025.094.09:15:00/wx/-1.10,556.1,52.4,3.05,349,2.10
2025.094.09:16:00/wx/-1.20,556.1,52.5,2.93,348,2.09
2025.094.09:17:00/wx/-1.20,556.1,52.7,2.82,344,2.14
2025.094.09:18:00/wx/-1.28,556.1,52.8,3.06,347,2.13
2025.094.09:19:00/wx/-1.20,556.1,52.9,2.92,347,2.13
2025.094.09:20:00/wx/-1.10,556.1,52.4,2.68,345,2.13
2025.094.09:21:00/wx/-1.00,556.1,52.1,2.73,345,2.11
2025.094.09:22:00/wx/-1.00,556.1,52.1,2.43,346,2.09
2025.094.09:23:00/wx/-1.10,556.1,52.3,2.55,344,2.09
2025.094.09:24:00/wx/-1.20,556.1,52.5,2.34,349,2.05
2025.094.09:25:00/wx/-1.30,556.1,53.0,2.29,345,2.03
2025.094.09:26:00/wx/-1.50,556.1,53.4,2.23,336,2.03
2025.094.09:27:00/wx/-1.73,556.1,54.2,2.23,339,2.07
2025.094.09:28:00/wx/-1.90,556.1,54.7,2.11,337,2.02
2025.094.09:29:00/wx/-2.00,556.1,55.1,2.52,343,2.02
2025.094.09:30:00/wx/-1.73,556.1,54.8,2.55,345,2.00
2025.094.09:31:00/wx/-1.60,556.1,54.1,2.63,344,1.98
2025.094.09:32:00/wx/-1.50,556.2,53.9,2.47,349,1.99
2025.094.09:33:00/wx/-1.60,556.2,54.0,2.62,351,2.03
2025.094.09:34:00/wx/-1.40,556.2,53.8,2.55,349,2.00
2025.094.09:35:00/wx/-1.31,556.2,53.4,2.39,346,2.01
2025.094.09:36:00/wx/-1.10,556.2,52.6,2.34,353,2.00
2025.094.09:37:00/wx/-1.44,556.2,52.6,2.27,342,2.02
2025.094.09:38:00/wx/-1.70,556.2,53.9,2.23,327,1.98
2025.094.09:39:00/wx/-1.79,556.2,54.3,2.43,331,2.00
2025.094.09:40:00/wx/-1.70,556.2,54.0,2.40,332,1.95
2025.094.09:41:00/wx/-1.60,556.2,54.1,2.33,328,1.98
2025.094.09:42:00/wx/-1.60,556.2,53.9,2.43,330,1.99
2025.094.09:43:00/wx/-1.50,556.2,53.6,2.42,335,2.00
2025.094.09:44:00/wx/-1.30,556.2,53.2,2.51,329,1.99
2025.094.09:45:00/wx/-1.20,556.2,52.8,2.48,335,2.02
2025.094.09:46:00/wx/-1.30,556.3,52.7,2.65,331,1.98
2025.094.09:47:00/wx/-1.45,556.3,52.9,2.58,322,2.03
2025.094.09:48:00/wx/-1.59,556.3,53.0,2.81,333,2.02
2025.094.09:49:00/wx/-1.40,556.3,53.2,2.66,333,2.00
2025.094.09:50:00/wx/-1.40,556.3,53.0,2.63,339,2.00
2025.094.09:51:00/wx/-1.40,556.3,53.1,2.16,336,1.92
2025.094.09:52:00/wx/-1.30,556.3,53.1,2.68,348,1.92
2025.094.09:53:00/wx/-1.40,556.3,52.9,2.75,346,1.93
2025.094.09:54:00/wx/-1.40,556.3,52.8,2.97,349,1.94
2025.094.09:55:00/wx/-1.28,556.3,53.0,2.39,356,1.93
2025.094.09:56:00/wx/-1.30,556.2,52.9,2.53,341,1.92
2025.094.09:57:00/wx/-1.46,556.3,53.0,2.34,349,1.94
2025.094.09:58:00/wx/-1.50,556.3,53.8,1.92,344,1.95
2025.094.09:59:00/wx/-1.42,556.3,53.6,2.15,347,1.97
2025.094.10:00:00/wx/-1.60,556.3,53.8,2.53,345,1.96
2025.094.10:01:00/wx/-1.39,556.3,54.0,2.72,348,2.05
2025.094.10:02:00/wx/-1.04,556.3,53.1,1.80,198,2.06
2025.094.10:03:00/wx/-1.00,556.3,52.7,2.13,341,2.02
2025.094.10:04:00/wx/-1.00,556.3,52.6,2.34,350,2.05
2025.094.10:05:00/wx/-0.80,556.3,52.4,2.10,345,2.07
2025.094.10:06:00/wx/-0.80,556.3,51.9,2.55,342,2.12
2025.094.10:07:00/wx/-0.70,556.3,52.0,2.43,348,2.12
2025.094.10:08:00/wx/-0.70,556.3,52.2,2.55,318,2.12
2025.094.10:09:00/wx/-0.63,556.3,51.9,2.02,343,2.15
2025.094.10:10:00/wx/-0.70,556.3,52.6,1.98,342,2.16
2025.094.10:11:00/wx/-0.70,556.3,52.4,1.92,344,2.15
2025.094.10:12:00/wx/-0.70,556.3,52.4,1.78,332,2.16
2025.094.10:13:00/wx/-0.80,556.3,52.2,1.93,343,2.14
2025.094.10:14:00/wx/-1.11,556.3,52.3,2.13,336,2.17
2025.094.10:15:00/wx/-1.28,556.3,53.8,2.73,322,2.15
2025.094.10:16:00/wx/-1.31,556.3,54.5,2.22,330,2.21
2025.094.10:17:00/wx/-1.30,556.3,54.9,2.13,336,2.20
2025.094.10:18:00/wx/-1.20,556.3,54.6,1.93,333,2.19
2025.094.10:19:00/wx/-1.20,556.3,54.4,2.20,325,2.24
2025.094.10:20:00/wx/-1.20,556.3,54.6,1.86,327,2.23
2025.094.10:21:00/wx/-1.10,556.3,54.7,2.29,328,2.28
2025.094.10:22:00/wx/-1.00,556.3,54.7,2.36,340,2.33
2025.094.10:23:00/wx/-1.00,556.3,54.5,2.53,345,2.33
2025.094.10:24:00/wx/-0.90,556.3,54.4,2.48,340,2.38
2025.094.10:25:00/wx/-0.80,556.3,54.0,2.33,337,2.36
2025.094.10:26:00/wx/-0.80,556.3,54.2,2.55,340,2.43
2025.094.10:27:00/wx/-0.74,556.3,54.5,2.00,337,2.45
2025.094.10:28:00/wx/-0.70,556.4,54.7,2.13,340,2.44
2025.094.10:29:00/wx/-0.70,556.4,54.6,2.02,339,2.49
2025.094.10:30:00/wx/-0.79,556.4,54.6,2.23,341,2.48
2025.094.10:31:00/wx/-0.70,556.4,55.2,2.13,329,2.47
2025.094.10:32:00/wx/-0.70,556.4,55.2,2.27,334,2.47
2025.094.10:33:00/wx/-0.70,556.4,55.1,2.44,337,2.48
2025.094.10:34:00/wx/-0.70,556.4,54.9,2.33,338,2.49
2025.094.10:35:00/wx/-0.70,556.4,54.7,2.52,335,2.51
2025.094.10:36:00/wx/-0.70,556.4,54.6,2.43,336,2.49
2025.094.10:37:00/wx/-0.70,556.4,54.5,2.65,337,2.50
2025.094.10:38:00/wx/-0.70,556.4,54.7,2.23,337,2.44
2025.094.10:39:00/wx/-0.80,556.4,55.3,2.59,343,2.43
2025.094.10:40:00/wx/-0.80,556.4,55.6,2.73,344,2.43
2025.094.10:41:00/wx/-1.04,556.4,55.6,2.66,341,2.42
2025.094.10:42:00/wx/-1.10,556.4,57.0,2.90,345,2.46
2025.094.10:43:00/wx/-1.09,556.4,57.9,2.92,344,2.45
2025.094.10:44:00/wx/-1.10,556.4,58.5,3.03,338,2.42
2025.094.10:45:00/wx/-1.00,556.4,59.4,2.83,336,2.41
2025.094.10:46:00/wx/-0.87,556.4,59.5,3.22,337,2.40
2025.094.10:47:00/wx/-0.70,556.4,58.3,3.00,331,2.42
2025.094.10:48:00/wx/-0.80,556.4,58.2,3.03,332,2.46
2025.094.10:49:00/wx/-0.80,556.4,59.2,2.92,334,2.46
2025.094.10:50:00/wx/-0.80,556.4,59.5,3.03,335,2.43
2025.094.10:51:00/wx/-0.60,556.4,58.8,3.02,332,2.43
2025.094.10:52:00/wx/-0.69,556.5,58.3,3.14,329,2.46
2025.094.10:53:00/wx/-0.82,556.5,58.6,2.80,319,2.48
2025.094.10:54:00/wx/-1.04,556.5,59.5,3.10,320,2.50
2025.094.10:55:00/wx/-0.80,556.5,59.0,2.93,329,2.52
2025.094.10:56:00/wx/-0.80,556.5,58.3,2.92,333,2.52
2025.094.10:57:00/wx/-0.71,556.5,58.0,3.23,333,2.55
2025.094.10:58:00/wx/-0.60,556.5,57.9,3.21,330,2.53
2025.094.10:59:00/wx/-0.59,556.5,57.6,2.87,327,2.55
2025.094.11:00:00/wx/-0.80,556.5,57.9,3.43,335,2.54
2025.094.11:01:00/wx/-0.70,556.5,57.8,3.09,335,2.55
2025.094.11:02:00/wx/-0.60,556.5,57.9,3.12,333,2.55
2025.094.11:03:00/wx/-0.50,556.5,57.7,3.26,339,2.55
2025.094.11:04:00/wx/-0.50,556.5,57.3,3.12,339,2.56
2025.094.11:05:00/wx/-0.50,556.5,57.4,3.03,335,2.57
2025.094.11:06:00/wx/-0.70,556.5,57.4,3.01,337,2.58
2025.094.11:07:00/wx/-0.90,556.5,57.7,3.33,344,2.57
2025.094.11:08:00/wx/-0.81,556.5,57.8,3.50,340,2.58
2025.094.11:09:00/wx/-0.52,556.5,57.9,3.26,332,2.59
2025.094.11:10:00/wx/-0.60,556.5,57.6,3.13,340,2.59
2025.094.11:11:00/wx/-0.50,556.5,57.7,2.98,340,2.60
2025.094.11:12:00/wx/-0.41,556.5,57.4,3.13,344,2.59
2025.094.11:13:00/wx/-0.50,556.5,57.4,3.21,342,2.60
2025.094.11:14:00/wx/-0.50,556.6,57.5,3.58,346,2.63
2025.094.11:15:00/wx/-0.50,556.5,57.3,3.85,348,2.64
2025.094.11:16:00/wx/-0.40,556.6,57.3,3.57,342,2.60
2025.094.11:17:00/wx/-0.40,556.6,57.1,3.54,341,2.61
2025.094.11:18:00/wx/-0.30,556.6,57.4,3.30,333,2.60
2025.094.11:19:00/wx/-0.57,556.6,57.1,3.71,343,2.58
2025.094.11:20:00/wx/-0.50,556.6,57.0,3.27,340,2.59
2025.094.11:21:00/wx/-0.40,556.6,56.4,3.63,339,2.58
2025.094.11:22:00/wx/-0.30,556.6,56.6,3.13,334,2.56
2025.094.11:23:00/wx/-0.50,556.6,56.7,3.44,341,2.57
2025.094.11:24:00/wx/-0.40,556.6,56.8,3.51,343,2.58
2025.094.11:25:00/wx/-0.30,556.6,56.8,3.25,337,2.58
2025.094.11:26:00/wx/-0.36,556.6,56.7,3.33,337,2.59
2025.094.11:27:00/wx/-0.40,556.6,56.6,3.43,340,2.59
2025.094.11:28:00/wx/-0.30,556.6,56.5,3.68,345,2.60
2025.094.11:29:00/wx/-0.20,556.6,56.6,3.19,340,2.58
2025.094.11:30:00/wx/-0.20,556.6,56.2,3.07,345,2.59
2025.094.11:31:00/wx/-0.20,556.6,56.0,3.73,339,2.62
2025.094.11:32:00/wx/-0.50,556.6,55.8,3.53,345,2.63
2025.094.11:33:00/wx/-0.88,556.6,54.9,2.47,334,2.62
2025.094.11:34:00/wx/-2.10,556.6,58.4,3.39,329,2.63
2025.094.11:35:00/wx/-1.80,556.6,59.9,3.41,334,2.65
2025.094.11:36:00/wx/-1.80,556.6,59.4,3.43,339,2.64
2025.094.11:37:00/wx/-1.10,556.6,59.6,3.53,338,2.64
2025.094.11:38:00/wx/-0.75,556.6,58.0,3.67,342,2.65
2025.094.11:39:00/wx/-0.51,556.6,57.7,4.23,346,2.67
2025.094.11:40:00/wx/-0.38,556.7,57.6,4.16,344,2.69
2025.094.11:41:00/wx/-0.53,556.6,57.2,3.95,356,2.67
2025.094.11:42:00/wx/-0.60,556.6,58.6,4.22,339,2.68
2025.094.11:43:00/wx/-0.40,556.6,57.9,3.23,345,2.69
2025.094.11:44:00/wx/-0.40,556.7,57.0,4.08,351,2.70
2025.094.11:45:00/wx/-0.22,556.6,56.4,3.99,336,2.70
2025.094.11:46:00/wx/-0.40,556.7,56.9,3.46,343,2.68
2025.094.11:47:00/wx/-0.30,556.7,57.2,3.32,341,2.69
2025.094.11:48:00/wx/-0.40,556.7,58.0,3.40,343,2.69
2025.094.11:49:00/wx/-0.50,556.7,58.3,3.16,334,2.69
2025.094.11:50:00/wx/-0.72,556.7,59.4,2.75,334,2.67
2025.094.11:51:00/wx/-1.18,556.7,62.1,3.09,337,2.65
2025.094.11:52:00/wx/-1.30,556.7,62.2,2.75,333,2.62
2025.094.11:53:00/wx/-1.30,556.7,63.8,2.91,342,2.61
2025.094.11:54:00/wx/-1.10,556.7,63.3,2.93,339,2.64
2025.094.11:55:00/wx/-0.90,556.7,62.7,3.23,337,2.62
2025.094.11:56:00/wx/-0.90,556.7,61.9,3.64,342,2.59
2025.094.11:57:00/wx/-0.80,556.7,61.6,3.74,336,2.57
2025.094.11:58:00/wx/-0.64,556.7,60.4,3.53,339,2.57
2025.094.11:59:00/wx/-0.50,556.7,60.2,3.73,344,2.57
2025.094.12:00:00/wx/-0.40,556.7,60.0,3.90,342,2.59
2025.094.12:01:00/wx/-0.41,556.7,60.0,4.26,339,2.55
2025.094.12:02:00/wx/-0.30,556.7,60.4,3.60,340,2.53
2025.094.12:03:00/wx/-0.20,556.7,60.1,3.55,346,2.54
2025.094.12:04:00/wx/-0.10,556.7,59.3,4.33,346,2.55
2025.094.12:05:00/wx/-0.07,556.7,58.4,4.18,343,2.51
2025.094.12:06:00/wx/0.00,556.8,59.2,3.72,337,2.51
2025.094.12:07:00/wx/0.00,556.8,59.6,3.39,338,2.53
2025.094.12:08:00/wx/0.10,556.7,60.7,3.22,339,2.55
2025.094.12:09:00/wx/0.30,556.8,59.9,4.03,341,2.54
2025.094.12:10:00/wx/0.30,556.8,59.0,3.12,331,2.54
2025.094.12:11:00/wx/0.20,556.8,58.6,3.61,341,2.51
2025.094.12:12:00/wx/0.28,556.8,59.2,3.82,339,2.45
2025.094.12:13:00/wx/0.37,556.8,58.7,3.86,336,2.54
2025.094.12:14:00/wx/0.40,556.8,57.2,4.03,344,2.51
2025.094.12:15:00/wx/0.50,556.8,55.6,4.30,335,2.48
2025.094.12:16:00/wx/0.50,556.8,55.9,3.48,340,2.50
2025.094.12:17:00/wx/0.60,556.8,56.5,3.84,336,2.50
2025.094.12:18:00/wx/0.67,556.8,56.5,3.35,338,2.50
2025.094.12:19:00/wx/0.80,556.8,56.4,3.07,326,2.46
2025.094.12:20:00/wx/0.70,556.8,55.3,3.97,336,2.39
2025.094.12:21:00/wx/0.80,556.8,54.7,3.94,334,2.44
2025.094.12:22:00/wx/0.80,556.8,54.5,2.81,333,2.43
2025.094.12:23:00/wx/0.87,556.8,54.5,3.79,352,2.45
2025.094.12:24:00/wx/0.80,556.8,53.0,3.26,349,2.43
2025.094.12:25:00/wx/1.10,556.8,53.2,3.31,335,2.42
2025.094.12:26:00/wx/1.20,556.9,53.8,3.14,344,2.45
2025.094.12:27:00/wx/1.20,556.9,53.0,3.14,328,2.41
2025.094.12:28:00/wx/1.30,556.9,52.9,3.65,337,2.46
2025.094.12:29:00/wx/1.20,556.9,52.1,3.91,331,2.45
2025.094.12:30:00/wx/1.10,556.9,52.4,3.11,328,2.47
2025.094.12:31:00/wx/1.00,556.9,51.8,4.73,342,2.47
2025.094.12:32:00/wx/1.10,556.9,51.9,3.18,341,2.47
2025.094.12:33:00/wx/1.10,556.9,51.7,3.65,339,2.49
2025.094.12:34:00/wx/1.20,556.9,50.7,4.71,343,2.50
2025.094.12:35:00/wx/1.14,556.9,51.1,3.70,341,2.52
2025.094.12:36:00/wx/1.29,556.9,52.3,3.43,333,2.52
2025.094.12:37:00/wx/1.53,556.9,49.8,3.14,343,2.53
2025.094.12:38:00/wx/1.50,556.9,49.9,3.25,343,2.56
2025.094.12:39:00/wx/1.59,557.0,47.6,3.90,318,2.48
2025.094.12:40:00/wx/1.70,557.0,48.3,4.06,310,2.50
2025.094.12:41:00/wx/1.70,557.0,45.3,3.43,313,2.52
2025.094.12:42:00/wx/1.70,557.0,46.1,4.40,314,2.55
2025.094.12:43:00/wx/1.70,557.0,45.9,4.57,312,2.57
2025.094.12:44:00/wx/1.79,557.0,45.5,3.92,310,2.52
2025.094.12:45:00/wx/1.90,557.0,45.5,4.36,300,2.58
2025.094.12:46:00/wx/1.80,557.0,45.9,3.63,291,2.59
2025.094.12:47:00/wx/1.80,557.0,46.0,4.30,322,2.64
2025.094.12:48:00/wx/1.60,557.0,46.3,3.56,318,2.63
2025.094.12:49:00/wx/1.71,557.0,47.4,3.76,295,2.68
2025.094.12:50:00/wx/1.79,557.0,47.5,3.02,323,2.68
2025.094.12:51:00/wx/2.10,557.0,47.0,3.83,314,2.66
2025.094.12:52:00/wx/2.24,557.0,45.9,4.49,320,2.65
2025.094.12:53:00/wx/2.10,557.0,44.6,4.65,312,2.67
2025.094.12:54:00/wx/1.90,557.0,44.9,5.13,307,2.60
2025.094.12:55:00/wx/1.93,557.0,45.1,5.71,312,2.59
2025.094.12:56:00/wx/1.80,557.0,45.3,5.33,312,2.54
2025.094.12:57:00/wx/1.84,557.0,46.0,4.89,295,2.61
2025.094.12:58:00/wx/1.98,557.0,46.3,4.80,315,2.61
2025.094.12:59:00/wx/1.90,557.0,45.3,4.50,312,2.60
2025.094.13:00:00/wx/1.90,557.0,45.6,4.25,309,2.56
2025.094.13:01:00/wx/1.90,557.0,45.9,4.23,320,2.60
2025.094.13:02:00/wx/2.20,557.0,45.9,3.80,306,2.60
2025.094.13:03:00/wx/2.70,557.0,45.2,5.71,331,2.63
2025.094.13:04:00/wx/2.37,557.0,46.0,4.38,317,2.65
2025.094.13:05:00/wx/2.27,557.1,46.2,6.19,314,2.67
2025.094.13:06:00/wx/2.30,557.1,46.1,6.21,309,2.64
2025.094.13:07:00/wx/2.30,557.1,46.2,6.34,309,2.64
2025.094.13:08:00/wx/2.29,557.0,45.6,4.64,323,2.64
2025.094.13:09:00/wx/2.30,557.1,45.5,5.42,296,2.67
2025.094.13:10:00/wx/2.32,557.1,45.4,4.65,313,2.66
2025.094.13:11:00/wx/2.30,557.1,45.5,3.06,339,2.64
2025.094.13:12:00/wx/2.45,557.1,44.7,5.73,320,2.70
2025.094.13:13:00/wx/2.50,557.1,44.4,5.79,318,2.67
2025.094.13:14:00/wx/2.57,557.1,44.6,6.42,309,2.68
2025.094.13:15:00/wx/2.67,557.1,45.0,7.34,331,2.72
2025.094.13:16:00/wx/2.50,557.1,44.7,5.52,314,2.65
2025.094.13:17:00/wx/2.54,557.1,45.0,5.05,313,2.65
2025.094.13:18:00/wx/2.69,557.1,44.9,4.96,314,2.64
2025.094.13:19:00/wx/2.64,557.1,44.9,5.11,305,2.71
2025.094.13:20:00/wx/2.87,557.1,44.9,5.12,311,2.72
2025.094.13:21:00/wx/2.80,557.1,44.1,6.20,317,2.67
2025.094.13:22:00/wx/2.55,557.1,45.0,5.47,331,2.76
2025.094.13:23:00/wx/2.70,557.2,45.5,5.53,315,2.81
2025.094.13:24:00/wx/2.74,557.1,44.7,4.71,313,2.69
2025.094.13:25:00/wx/3.21,557.1,44.3,6.51,305,2.70
2025.094.13:26:00/wx/2.78,557.1,45.5,4.44,306,2.64
2025.094.13:27:00/wx/2.80,557.2,45.9,7.42,297,2.61
2025.094.13:28:00/wx/2.90,557.2,46.0,5.93,306,2.60
2025.094.13:29:00/wx/2.80,557.1,45.8,5.04,318,2.71
2025.094.13:30:00/wx/3.01,557.2,44.8,7.77,300,2.67
2025.094.13:31:00/wx/2.81,557.2,46.3,6.54,311,2.72
2025.094.13:32:00/wx/2.90,557.1,46.8,6.42,315,2.63
2025.094.13:33:00/wx/2.80,557.2,46.7,6.83,299,2.49
2025.094.13:34:00/wx/3.15,557.2,46.6,7.92,304,2.75
2025.094.13:35:00/wx/2.91,557.2,46.8,5.53,290,2.81
2025.094.13:36:00/wx/2.90,557.2,46.4,7.45,308,2.53
2025.094.13:37:00/wx/3.13,557.2,46.2,6.37,306,2.78
2025.094.13:38:00/wx/3.20,557.2,46.4,8.53,287,2.90
2025.094.13:39:00/wx/3.19,557.1,46.6,7.69,307,2.64
2025.094.13:40:00/wx/3.29,557.2,46.5,6.38,315,2.63
2025.094.13:41:00/wx/3.53,557.1,46.3,6.50,324,2.69
2025.094.13:42:00/wx/3.51,557.2,45.9,7.82,310,2.99
2025.094.13:43:00/wx/3.51,557.2,45.8,9.13,289,2.66
2025.094.13:44:00/wx/3.11,557.2,46.4,8.17,287,2.68
2025.094.13:45:00/wx/2.70,557.2,47.4,7.80,311,2.84
2025.094.13:46:00/wx/3.05,557.2,47.5,7.22,295,2.83
2025.094.13:47:00/wx/2.90,557.2,47.4,6.59,294,2.88
2025.094.13:48:00/wx/2.90,557.2,48.0,5.59,298,2.75
2025.094.13:49:00/wx/3.23,557.2,47.7,7.26,314,2.80
2025.094.13:50:00/wx/3.09,557.2,47.1,5.49,313,2.86
2025.094.13:51:00/wx/3.33,557.2,46.7,6.84,331,2.76
2025.094.13:52:00/wx/4.03,557.2,44.0,6.99,289,2.74
2025.094.13:53:00/wx/4.09,557.2,44.1,4.51,273,2.81
2025.094.13:54:00/wx/3.80,557.2,44.1,6.29,303,2.75
2025.094.13:55:00/wx/3.82,557.2,44.7,8.50,283,2.77
2025.094.13:56:00/wx/3.52,557.2,44.6,5.59,301,2.70
2025.094.13:57:00/wx/3.73,557.2,44.6,6.95,280,2.64
2025.094.13:58:00/wx/3.38,557.2,45.3,5.82,296,2.74
2025.094.13:59:00/wx/3.14,557.2,46.2,6.73,279,2.75
2025.094.14:00:00/wx/3.40,557.2,46.0,5.78,264,2.79
2025.094.14:01:00/wx/3.25,557.2,45.8,6.11,262,2.62
2025.094.14:02:00/wx/2.92,557.2,46.6,6.46,277,2.77
2025.094.14:03:00/wx/3.33,557.2,46.0,6.23,279,2.69
2025.094.14:04:00/wx/3.55,557.3,44.9,7.38,285,2.54
2025.094.14:05:00/wx/3.40,557.2,45.6,5.33,320,2.78
2025.094.14:06:00/wx/3.43,557.2,45.7,5.85,271,2.71
2025.094.14:07:00/wx/3.70,557.3,44.7,8.31,287,2.57
2025.094.14:08:00/wx/4.08,557.3,44.0,7.86,288,2.64
2025.094.14:09:00/wx/3.45,557.2,45.7,8.68,282,2.68
2025.094.14:10:00/wx/3.20,557.2,46.5,5.53,295,2.71
2025.094.14:11:00/wx/3.66,557.2,44.9,7.22,288,2.71
2025.094.14:12:00/wx/3.30,557.2,44.7,5.91,297,2.78
2025.094.14:13:00/wx/3.07,557.2,46.2,5.32,308,2.68
2025.094.14:14:00/wx/4.09,557.2,44.6,6.26,294,2.76
2025.094.14:15:00/wx/3.90,557.3,43.4,6.93,283,2.68
2025.094.14:16:00/wx/3.87,557.3,43.0,8.98,305,2.54
2025.094.14:17:00/wx/3.22,557.3,43.9,6.64,298,2.69
2025.094.14:18:00/wx/3.33,557.2,45.4,7.97,305,2.73
2025.094.14:19:00/wx/3.81,557.3,43.2,7.14,320,2.71
2025.094.14:20:00/wx/3.71,557.3,44.8,6.38,292,2.65
2025.094.14:21:00/wx/3.85,557.2,43.5,5.59,318,2.78
2025.094.14:22:00/wx/4.38,557.3,42.6,5.51,281,2.79
2025.094.14:23:00/wx/4.93,557.3,40.5,4.93,272,2.89
2025.094.14:24:00/wx/4.03,557.2,43.1,4.83,275,2.92
2025.094.14:25:00/wx/4.09,557.3,40.8,7.16,310,2.65
2025.094.14:26:00/wx/3.78,557.3,41.5,7.14,283,2.59
2025.094.14:27:00/wx/3.91,557.3,40.7,7.89,297,2.76
2025.094.14:28:00/wx/3.51,557.3,42.3,6.38,309,3.05
2025.094.14:29:00/wx/3.19,557.3,43.9,6.57,299,2.99
2025.094.14:30:00/wx/4.10,557.3,42.4,7.09,284,2.74
2025.094.14:31:00/wx/3.44,557.3,42.3,6.45,282,2.76
2025.094.14:32:00/wx/3.09,557.3,44.3,6.86,293,2.74
2025.094.14:33:00/wx/3.65,557.3,42.5,4.84,288,2.74
2025.094.14:34:00/wx/4.23,557.3,41.7,9.56,292,2.67
2025.094.14:35:00/wx/4.43,557.3,40.1,7.55,297,2.84
2025.094.14:36:00/wx/4.03,557.4,39.3,9.84,290,2.85
2025.094.14:37:00/wx/3.51,557.4,41.2,6.37,320,2.97
2025.094.14:38:00/wx/3.50,557.4,42.6,6.69,286,2.58
2025.094.14:39:00/wx/3.67,557.3,43.5,5.58,312,2.63
2025.094.14:40:00/wx/3.78,557.4,40.7,8.23,311,2.78
2025.094.14:41:00/wx/3.60,557.4,41.7,6.58,309,2.94
2025.094.14:42:00/wx/3.60,557.4,42.2,7.83,322,2.87
2025.094.14:43:00/wx/3.60,557.3,43.1,5.92,331,2.84
2025.094.14:44:00/wx/3.70,557.4,42.4,4.91,299,2.72
2025.094.14:45:00/wx/4.18,557.4,40.3,6.30,290,2.78
2025.094.14:46:00/wx/3.92,557.4,40.1,8.26,303,2.92
2025.094.14:47:00/wx/3.80,557.4,42.0,9.53,301,2.81
2025.094.14:48:00/wx/4.04,557.4,40.3,10.29,322,2.83
2025.094.14:49:00/wx/4.51,557.4,39.3,7.79,281,2.90
2025.094.14:50:00/wx/4.40,557.4,38.2,7.21,318,2.94
2025.094.14:51:00/wx/4.78,557.4,39.1,7.72,273,3.01
2025.094.14:52:00/wx/4.40,557.4,39.5,8.43,276,2.76
2025.094.14:53:00/wx/4.41,557.4,40.2,7.66,266,2.95
2025.094.14:54:00/wx/4.68,557.4,39.5,6.09,272,2.69
2025.094.14:55:00/wx/4.97,557.4,38.1,10.19,280,2.72
2025.094.14:56:00/wx/3.96,557.4,39.0,8.83,306,2.60
2025.094.14:57:00/wx/3.81,557.5,40.7,8.36,281,2.83
2025.094.14:58:00/wx/3.93,557.5,41.1,7.34,297,2.93
2025.094.14:59:00/wx/4.80,557.5,39.2,7.11,296,2.98
2025.094.15:00:00/wx/3.97,557.5,40.2,7.36,287,2.98
2025.094.15:01:00/wx/3.95,557.5,41.2,7.53,287,2.92
2025.094.15:02:00/wx/4.19,557.5,39.7,9.39,287,2.79
2025.094.15:03:00/wx/4.15,557.5,39.1,8.78,296,2.95
2025.094.15:04:00/wx/3.42,557.5,41.3,5.98,300,2.82
2025.094.15:05:00/wx/3.86,557.5,42.3,6.61,286,2.91
2025.094.15:06:00/wx/4.60,557.5,39.8,5.62,265,2.83
2025.094.15:07:00/wx/4.02,557.5,41.2,6.84,282,2.81
2025.094.15:08:00/wx/4.29,557.4,39.4,9.36,298,2.66
2025.094.15:09:00/wx/4.19,557.5,40.3,9.35,299,2.78
2025.094.15:10:00/wx/5.31,557.5,38.3,8.66,258,2.95
2025.094.15:11:00/wx/4.49,557.4,39.0,6.90,274,2.98
2025.094.15:12:00/wx/4.12,557.5,41.4,7.26,287,2.90
2025.094.15:13:00/wx/3.99,557.5,41.8,7.25,281,2.90
2025.094.15:14:00/wx/4.08,557.4,41.2,8.64,278,2.88
2025.094.15:15:00/wx/4.12,557.5,39.6,8.32,294,2.77
2025.094.15:16:00/wx/4.23,557.5,39.5,9.42,283,2.87
2025.094.15:17:00/wx/4.12,557.4,41.1,4.77,273,2.84
2025.094.15:18:00/wx/5.03,557.5,37.2,10.73,288,2.68
2025.094.15:19:00/wx/3.80,557.4,40.7,5.53,268,2.80
2025.094.15:20:00/wx/3.81,557.4,42.1,5.84,286,2.77
2025.094.15:21:00/wx/4.11,557.5,40.3,7.42,292,2.85
2025.094.15:22:00/wx/5.06,557.5,39.8,10.18,300,2.91
2025.094.15:23:00/wx/4.27,557.4,39.5,4.69,304,2.76
2025.094.15:24:00/wx/4.90,557.4,38.6,9.03,305,2.73
2025.094.15:25:00/wx/4.69,557.4,39.1,10.01,290,3.12
2025.094.15:26:00/wx/4.46,557.3,39.0,10.29,313,3.01
2025.094.15:27:00/wx/4.55,557.4,41.0,8.24,264,2.77
2025.094.15:28:00/wx/4.36,557.4,42.2,7.08,281,2.75
2025.094.15:29:00/wx/4.20,557.4,41.9,7.73,287,2.63
2025.094.15:30:00/wx/4.01,557.4,39.9,5.44,301,2.79
2025.094.15:31:00/wx/4.52,557.4,40.1,9.15,284,2.75
2025.094.15:32:00/wx/4.20,557.4,41.8,6.94,298,2.88
2025.094.15:33:00/wx/4.24,557.4,41.3,9.27,287,2.82
2025.094.15:34:00/wx/4.00,557.4,42.6,9.63,283,2.87
2025.094.15:35:00/wx/3.87,557.4,43.7,7.02,280,2.83
2025.094.15:36:00/wx/4.24,557.4,42.8,10.79,291,2.85
2025.094.15:37:00/wx/4.11,557.4,40.4,11.45,303,2.69
2025.094.15:38:00/wx/4.45,557.4,41.0,9.70,301,2.53
2025.094.15:39:00/wx/4.80,557.4,39.8,10.33,309,2.71
2025.094.15:40:00/wx/4.44,557.4,40.8,6.45,279,2.75
2025.094.15:41:00/wx/4.55,557.4,41.7,10.50,290,2.73
2025.094.15:42:00/wx/4.51,557.4,40.1,8.15,301,2.67
2025.094.15:43:00/wx/4.24,557.4,41.4,8.09,276,2.84
2025.094.15:44:00/wx/4.50,557.3,40.3,8.13,314,3.01
2025.094.15:45:00/wx/5.09,557.3,39.7,10.14,293,2.97
2025.094.15:46:00/wx/4.42,557.4,39.8,8.31,273,2.87
2025.094.15:47:00/wx/3.90,557.3,41.2,7.31,282,2.93
2025.094.15:48:00/wx/4.14,557.3,39.2,6.25,316,2.95
2025.094.15:49:00/wx/4.29,557.3,40.0,7.28,279,3.17
2025.094.15:50:00/wx/4.90,557.3,38.8,6.39,261,2.64
2025.094.15:51:00/wx/5.10,557.4,38.0,9.42,273,2.54
2025.094.15:52:00/wx/4.53,557.4,39.4,9.23,277,2.82
2025.094.15:53:00/wx/4.46,557.4,40.5,9.37,283,2.87
2025.094.15:54:00/wx/4.58,557.4,40.4,7.40,288,2.64
2025.094.15:55:00/wx/4.34,557.4,41.1,7.74,281,2.84
2025.094.15:56:00/wx/4.97,557.3,39.2,10.18,279,2.95
2025.094.15:57:00/wx/4.02,557.3,41.1,6.52,272,2.89
2025.094.15:58:00/wx/4.66,557.3,39.7,8.78,276,2.81
2025.094.15:59:00/wx/4.40,557.3,40.2,7.44,282,2.93
2025.094.16:00:00/wx/4.41,557.3,39.4,9.90,300,2.83
2025.094.16:01:00/wx/4.11,557.4,40.8,9.14,304,2.92
2025.094.16:02:00/wx/4.95,557.3,39.7,9.68,287,2.91
2025.094.16:03:00/wx/4.63,557.3,38.7,10.93,295,2.93
2025.094.16:04:00/wx/4.53,557.3,39.8,8.58,283,3.08
2025.094.16:05:00/wx/4.32,557.3,40.6,7.33,279,2.95
2025.094.16:06:00/wx/4.99,557.3,39.3,7.46,278,2.89
2025.094.16:07:00/wx/4.44,557.3,39.6,7.95,278,2.66
2025.094.16:08:00/wx/4.71,557.3,40.0,8.68,274,2.90
2025.094.16:09:00/wx/4.36,557.3,40.6,7.03,283,2.70
2025.094.16:10:00/wx/4.59,557.3,39.6,7.21,265,2.69
2025.094.16:11:00/wx/4.70,557.3,38.7,8.33,287,2.79
2025.094.16:12:00/wx/5.37,557.3,38.8,10.03,276,2.72
2025.094.16:13:00/wx/5.04,557.3,38.8,7.30,268,2.80
2025.094.16:14:00/wx/4.77,557.3,38.7,7.55,283,2.79
2025.094.16:15:00/wx/4.75,557.3,38.1,8.70,297,3.00
2025.094.16:16:00/wx/4.41,557.3,39.2,8.04,299,2.79
2025.094.16:17:00/wx/4.41,557.3,40.5,10.17,304,2.89
2025.094.16:18:00/wx/4.95,557.3,40.5,6.11,280,3.00
2025.094.16:19:00/wx/4.99,557.3,39.2,7.93,284,2.92
2025.094.16:20:00/wx/5.38,557.3,39.1,8.12,303,2.88
2025.094.16:21:00/wx/4.80,557.3,38.0,8.73,277,3.04
2025.094.16:22:00/wx/4.54,557.3,40.6,9.11,284,3.03
2025.094.16:23:00/wx/3.91,557.3,41.4,8.21,296,2.74
2025.094.16:24:00/wx/4.52,557.3,41.7,10.35,280,2.87
2025.094.16:25:00/wx/4.88,557.3,39.6,6.90,264,3.00
2025.094.16:26:00/wx/4.10,557.3,40.6,9.53,288,2.97
2025.094.16:27:00/wx/4.03,557.3,41.4,8.43,284,2.99
2025.094.16:28:00/wx/4.40,557.2,40.3,7.83,265,2.61
2025.094.16:29:00/wx/4.38,557.3,38.6,10.58,281,2.75
2025.094.16:30:00/wx/4.18,557.2,38.8,8.21,288,2.73
2025.094.16:31:00/wx/4.40,557.3,39.8,7.63,275,2.74
2025.094.16:32:00/wx/4.43,557.3,40.5,9.02,295,2.80
2025.094.16:33:00/wx/4.75,557.3,38.2,8.41,302,2.84
2025.094.16:34:00/wx/4.95,557.3,38.8,10.51,284,2.92
2025.094.16:35:00/wx/4.04,557.3,41.3,9.30,281,2.99
2025.094.16:36:00/wx/4.10,557.2,40.7,7.43,278,3.09
2025.094.16:37:00/wx/4.86,557.3,40.2,9.22,280,2.94
2025.094.16:38:00/wx/3.87,557.2,42.3,7.88,282,3.00
2025.094.16:39:00/wx/4.90,557.3,39.9,9.09,299,2.92
2025.094.16:40:00/wx/4.95,557.2,38.9,8.19,309,3.04
2025.094.16:41:00/wx/5.88,557.2,36.5,9.88,281,2.86
2025.094.16:42:00/wx/5.44,557.3,37.6,9.94,299,3.01
2025.094.16:43:00/wx/4.81,557.2,38.5,9.91,307,2.99
2025.094.16:44:00/wx/4.73,557.2,39.4,8.57,300,3.14
2025.094.16:45:00/wx/4.90,557.2,38.5,8.02,276,3.04
2025.094.16:46:00/wx/4.11,557.2,40.9,8.10,291,2.93
2025.094.16:47:00/wx/4.35,557.2,40.1,9.58,280,2.98
2025.094.16:48:00/wx/4.40,557.2,40.8,7.23,275,2.85
2025.094.16:49:00/wx/4.40,557.2,40.1,10.75,285,2.78
2025.094.16:50:00/wx/3.98,557.2,41.0,9.72,304,2.99
2025.094.16:51:00/wx/3.83,557.2,43.0,6.70,291,2.94
2025.094.16:52:00/wx/4.57,557.1,40.9,7.51,280,2.99
2025.094.16:53:00/wx/4.82,557.2,38.4,8.79,294,2.93
2025.094.16:54:00/wx/4.85,557.2,40.1,11.53,287,3.05
2025.094.16:55:00/wx/4.90,557.2,41.5,10.61,286,3.14
2025.094.16:56:00/wx/4.59,557.2,40.6,9.18,285,2.98
2025.094.16:57:00/wx/4.64,557.2,40.4,10.56,282,3.04
2025.094.16:58:00/wx/4.90,557.2,38.0,9.65,282,2.85
2025.094.16:59:00/wx/4.22,557.2,39.0,7.43,285,2.94
2025.094.17:00:00/wx/4.40,557.2,39.4,8.85,285,2.77
2025.094.17:01:00/wx/4.42,557.1,40.7,6.42,294,2.89
2025.094.17:02:00/wx/4.35,557.1,40.6,10.92,283,2.77
2025.094.17:03:00/wx/3.90,557.1,40.8,7.53,303,2.89
2025.094.17:04:00/wx/5.50,557.1,39.8,8.39,270,2.89
2025.094.17:05:00/wx/5.37,557.2,39.0,6.93,273,2.98
2025.094.17:06:00/wx/4.75,557.1,40.7,8.91,272,2.92
2025.094.17:07:00/wx/4.33,557.1,40.9,5.97,268,2.80
2025.094.17:08:00/wx/4.50,557.1,40.4,7.63,280,2.96
2025.094.17:09:00/wx/4.54,557.1,41.2,3.66,278,3.08
2025.094.17:10:00/wx/4.51,557.1,41.0,7.44,284,2.94
2025.094.17:11:00/wx/4.12,557.1,42.8,7.98,258,2.84
2025.094.17:12:00/wx/5.36,557.1,40.9,6.36,262,2.86
2025.094.17:13:00/wx/4.80,557.1,38.2,7.43,288,2.83
2025.094.17:14:00/wx/4.68,557.1,39.0,8.56,294,2.93
2025.094.17:15:00/wx/4.93,557.1,40.6,7.95,275,2.79
2025.094.17:16:00/wx/4.25,557.1,42.3,9.39,286,2.77
2025.094.17:17:00/wx/4.27,557.1,42.5,7.10,276,2.87
2025.094.17:18:00/wx/3.90,557.1,43.5,7.83,294,3.54
2025.094.17:19:00/wx/4.45,557.1,42.9,5.88,261,3.45
2025.094.17:20:00/wx/4.71,557.1,41.9,10.25,275,3.55
2025.094.17:21:00/wx/3.84,557.1,43.9,9.32,282,3.49
2025.094.17:22:00/wx/4.55,557.1,42.0,7.56,274,3.44
2025.094.17:23:00/wx/4.18,557.1,41.8,10.06,294,3.42
2025.094.17:24:00/wx/4.06,557.0,43.7,6.10,284,3.36
2025.094.17:25:00/wx/4.87,557.1,40.7,8.46,278,3.17
2025.094.17:26:00/wx/4.15,557.0,38.8,8.02,267,3.34
2025.094.17:27:00/wx/4.60,557.0,40.0,7.85,289,3.24
2025.094.17:28:00/wx/5.10,557.0,38.6,9.63,294,3.28
2025.094.17:29:00/wx/5.56,557.0,39.8,10.12,263,3.38
2025.094.17:30:00/wx/4.85,557.1,41.6,9.77,277,3.51
2025.094.17:31:00/wx/4.54,557.1,39.8,8.84,293,3.32
2025.094.17:32:00/wx/4.30,557.1,41.4,9.19,286,3.16
2025.094.17:33:00/wx/4.60,557.0,42.0,9.10,285,3.62
2025.094.17:34:00/wx/4.39,557.1,42.4,11.01,287,3.56
2025.094.17:35:00/wx/4.41,557.0,43.2,7.48,272,3.54
2025.094.17:36:00/wx/4.38,557.0,42.9,8.68,280,3.48
2025.094.17:37:00/wx/4.34,557.0,42.2,7.10,268,3.54
2025.094.17:38:00/wx/4.41,557.0,42.1,8.04,276,3.26
2025.094.17:39:00/wx/4.05,556.9,41.0,6.08,273,3.22
2025.094.17:40:00/wx/5.20,557.0,39.6,7.73,263,3.19
2025.094.17:41:00/wx/5.25,557.0,39.3,6.94,255,3.34
2025.094.17:42:00/wx/4.85,557.0,39.9,8.60,279,3.27
2025.094.17:43:00/wx/5.23,557.0,39.2,7.64,287,3.35
2025.094.17:44:00/wx/4.54,557.0,40.4,5.65,271,3.47
2025.094.17:45:00/wx/5.33,557.0,39.9,10.44,278,3.63
2025.094.17:46:00/wx/4.40,557.0,41.7,7.17,264,3.64
2025.094.17:47:00/wx/4.63,557.0,41.6,7.96,261,3.66
2025.094.17:48:00/wx/4.70,557.0,41.6,9.37,282,3.72
2025.094.17:49:00/wx/4.14,557.0,42.4,6.55,275,3.68
2025.094.17:50:00/wx/4.61,557.0,40.9,10.18,278,3.52
2025.094.17:51:00/wx/3.95,557.0,41.1,9.43,274,3.27
2025.094.17:52:00/wx/3.93,557.0,41.8,10.04,287,3.48
2025.094.17:53:00/wx/5.53,557.0,38.8,10.37,288,3.53
2025.094.17:54:00/wx/4.65,557.0,39.0,10.41,290,3.44
2025.094.17:55:00/wx/3.70,557.0,43.2,6.23,286,3.27
2025.094.17:56:00/wx/3.95,557.0,43.5,8.64,290,3.47
2025.094.17:57:00/wx/4.77,557.0,40.8,9.67,289,3.42
2025.094.17:58:00/wx/4.85,556.9,40.6,6.29,274,3.28
2025.094.17:59:00/wx/4.20,556.9,42.5,5.54,276,3.19
2025.094.18:00:00/wx/5.30,556.9,40.6,7.93,260,2.90
2025.094.18:01:00/wx/4.53,556.9,41.9,5.81,273,3.15
2025.094.18:02:00/wx/5.43,557.0,39.7,11.70,285,3.11
2025.094.18:03:00/wx/4.44,556.9,41.6,8.26,263,3.18
2025.094.18:04:00/wx/4.46,557.0,42.5,9.53,298,3.10
2025.094.18:05:00/wx/4.50,556.9,42.7,7.73,283,2.83
2025.094.18:06:00/wx/4.61,557.0,41.5,10.13,279,2.87
2025.094.18:07:00/wx/3.99,556.9,43.6,10.05,301,2.86
2025.094.18:08:00/wx/5.30,556.9,40.0,10.31,299,3.01
2025.094.18:09:00/wx/5.51,556.9,38.9,6.29,251,3.09
2025.094.18:10:00/wx/5.50,556.9,40.2,6.73,288,3.04
2025.094.18:11:00/wx/4.80,556.9,41.0,8.34,293,3.40
2025.094.18:12:00/wx/4.87,556.9,40.8,11.66,292,3.30
2025.094.18:13:00/wx/4.07,556.9,42.6,8.21,285,3.30
2025.094.18:14:00/wx/4.00,556.9,44.5,6.80,292,3.35
2025.094.18:15:00/wx/5.41,556.9,41.2,8.91,297,3.47
2025.094.18:16:00/wx/4.70,556.9,40.9,5.84,266,3.38
2025.094.18:17:00/wx/4.90,556.9,40.6,9.46,246,3.54
2025.094.18:18:00/wx/4.43,556.8,42.4,8.51,254,3.46
2025.094.18:19:00/wx/5.42,556.8,39.9,6.40,274,3.54
2025.094.18:20:00/wx/4.38,557.0,40.8,8.46,274,3.51
2025.094.18:21:00/wx/3.95,556.9,42.7,7.17,270,3.43
2025.094.18:22:00/wx/3.51,556.9,43.1,7.13,271,3.62
2025.094.18:23:00/wx/4.15,556.9,41.9,7.90,291,3.34
2025.094.18:24:00/wx/4.33,556.9,41.4,8.49,296,3.32
2025.094.18:25:00/wx/3.90,556.9,42.9,7.63,306,3.48
2025.094.18:26:00/wx/3.83,556.9,44.1,7.05,293,3.48
2025.094.18:27:00/wx/4.61,556.8,42.8,5.63,275,3.73
2025.094.18:28:00/wx/4.76,556.9,43.3,8.06,264,3.88
2025.094.18:29:00/wx/4.21,556.9,40.8,9.25,274,3.63
2025.094.18:30:00/wx/3.60,556.8,43.2,8.08,304,3.43
2025.094.18:31:00/wx/3.96,556.8,43.1,10.28,273,3.35
2025.094.18:32:00/wx/3.90,556.9,42.3,6.93,262,3.71
2025.094.18:33:00/wx/4.39,556.9,41.7,7.24,251,3.51
2025.094.18:34:00/wx/4.64,556.9,40.6,8.82,278,3.59
2025.094.18:35:00/wx/4.43,556.8,41.5,6.18,277,3.59
2025.094.18:36:00/wx/4.20,556.8,41.4,9.08,246,3.60
2025.094.18:37:00/wx/4.60,556.9,40.8,9.93,284,3.53
2025.094.18:38:00/wx/3.87,556.9,43.6,10.62,290,3.53
2025.094.18:39:00/wx/4.10,556.9,41.7,8.91,282,3.52
2025.094.18:40:00/wx/3.79,556.8,46.0,6.77,290,3.63
2025.094.18:41:00/wx/4.13,556.8,44.4,9.57,281,3.45
2025.094.18:42:00/wx/4.30,556.8,44.3,7.63,255,3.59
2025.094.18:43:00/wx/4.35,556.9,42.5,7.25,267,3.44
2025.094.18:44:00/wx/3.29,556.8,44.4,10.33,247,3.50
2025.094.18:45:00/wx/3.59,556.9,44.6,10.27,256,3.77
2025.094.18:46:00/wx/3.41,556.9,45.0,7.12,267,3.81
2025.094.18:47:00/wx/4.10,556.9,44.7,12.03,248,3.59
2025.094.18:48:00/wx/3.49,556.9,45.4,7.06,272,3.76
2025.094.18:49:00/wx/3.20,556.8,45.8,7.18,242,3.65
2025.094.18:50:00/wx/4.34,556.9,43.1,7.08,280,3.24
2025.094.18:51:00/wx/4.91,556.9,42.7,8.29,278,3.26
2025.094.18:52:00/wx/4.70,556.9,42.9,9.91,297,3.23
2025.094.18:53:00/wx/4.09,556.8,42.0,10.97,307,3.27
2025.094.18:54:00/wx/4.22,556.8,40.7,6.63,281,3.19
2025.094.18:55:00/wx/4.30,556.8,41.0,8.30,298,3.31
2025.094.18:56:00/wx/4.64,556.9,40.3,6.20,270,3.40
2025.094.18:57:00/wx/4.00,556.8,41.3,6.50,272,3.63
2025.094.18:58:00/wx/3.80,556.8,41.8,6.24,265,3.59
2025.094.18:59:00/wx/3.73,556.8,41.9,9.02,275,3.56
2025.094.19:00:00/wx/3.87,556.8,41.7,6.48,269,3.94
2025.094.19:01:00/wx/3.46,556.8,43.5,6.53,254,3.69
2025.094.19:02:00/wx/4.10,556.8,42.6,6.13,274,3.71
2025.094.19:03:00/wx/4.65,556.9,40.9,8.25,285,3.84
2025.094.19:04:00/wx/3.83,556.9,42.7,8.89,271,3.82
2025.094.19:05:00/wx/4.07,556.9,42.9,9.35,281,3.76
2025.094.19:06:00/wx/3.73,556.8,43.7,6.43,283,3.78
2025.094.19:07:00/wx/4.01,556.8,44.1,8.83,290,3.56
2025.094.19:08:00/wx/3.70,556.8,42.2,11.01,285,3.43
2025.094.19:09:00/wx/3.80,556.8,40.2,10.84,282,3.32
2025.094.19:10:00/wx/3.65,556.8,40.8,8.11,302,3.30
2025.094.19:11:00/wx/4.35,556.8,39.1,7.67,275,3.33
2025.094.19:12:00/wx/3.69,556.8,39.7,8.17,284,3.40
2025.094.19:13:00/wx/3.48,556.8,40.7,6.56,281,3.49
2025.094.19:14:00/wx/3.79,556.8,40.6,8.67,281,3.53
2025.094.19:15:00/wx/4.52,556.7,38.6,9.48,247,3.47
2025.094.19:16:00/wx/4.72,556.8,38.3,7.84,279,3.47
2025.094.19:17:00/wx/3.79,556.8,40.3,5.37,265,3.55
2025.094.19:18:00/wx/4.35,556.7,39.5,6.97,288,3.70
2025.094.19:19:00/wx/4.01,556.7,39.6,5.96,265,3.69
2025.094.19:20:00/wx/4.09,556.7,39.6,7.33,260,3.53
2025.094.19:21:00/wx/4.23,556.8,38.6,9.67,279,3.36
2025.094.19:22:00/wx/3.89,556.8,39.8,8.91,278,3.37
2025.094.19:23:00/wx/3.90,556.8,40.3,9.27,279,3.36
2025.094.19:24:00/wx/2.90,556.8,42.7,6.73,277,3.51
2025.094.19:25:00/wx/4.00,556.7,41.2,6.86,253,3.50
2025.094.19:26:00/wx/4.39,556.7,39.4,7.59,281,3.61
2025.094.19:27:00/wx/5.01,556.7,37.9,6.71,258,3.63
2025.094.19:28:00/wx/4.58,556.7,38.5,8.81,258,3.74
2025.094.19:29:00/wx/3.70,556.7,40.4,5.23,270,3.72
2025.094.19:30:00/wx/3.43,556.7,40.7,4.91,274,3.68
2025.094.19:31:00/wx/3.62,556.7,40.9,6.79,274,3.66
2025.094.19:32:00/wx/3.68,556.7,39.8,9.18,288,3.61
2025.094.19:33:00/wx/4.05,556.7,38.6,8.14,290,3.50
2025.094.19:34:00/wx/4.10,556.7,39.3,7.63,268,3.64
2025.094.19:35:00/wx/4.15,556.7,38.5,7.72,258,3.69
2025.094.19:36:00/wx/4.11,556.7,38.8,6.00,254,3.49
2025.094.19:37:00/wx/3.98,556.7,38.8,9.39,262,3.57
2025.094.19:38:00/wx/4.05,556.7,38.9,6.56,261,3.58
2025.094.19:39:00/wx/3.80,556.7,39.5,7.13,280,3.47
2025.094.19:40:00/wx/3.56,556.7,38.9,9.36,273,3.43
2025.094.19:41:00/wx/2.99,556.7,40.9,6.75,255,3.43
2025.094.19:42:00/wx/3.76,556.7,40.2,9.30,271,3.62
2025.094.19:43:00/wx/4.01,556.7,38.5,9.45,252,3.71
2025.094.19:44:00/wx/3.81,556.7,40.1,9.62,280,3.74
2025.094.19:45:00/wx/4.29,556.7,38.7,8.28,266,3.73
2025.094.19:46:00/wx/3.51,556.7,40.1,6.95,260,3.73
2025.094.19:47:00/wx/3.24,556.7,41.4,11.47,243,3.57
2025.094.19:48:00/wx/3.32,556.8,41.0,8.97,281,3.47
2025.094.19:49:00/wx/3.61,556.8,40.8,7.61,275,3.21
2025.094.19:50:00/wx/3.35,556.8,40.8,7.52,269,3.41
2025.094.19:51:00/wx/3.69,556.7,40.6,10.41,283,3.50
2025.094.19:52:00/wx/3.64,556.7,39.5,10.77,289,-999.00
2025.094.19:53:00/wx/3.01,556.7,41.6,10.76,298,-999.00
2025.094.19:54:00/wx/3.41,556.7,42.1,11.87,287,-999.00
2025.094.19:55:00/wx/3.40,556.7,40.9,9.16,276,3.43
2025.094.19:56:00/wx/3.10,556.7,41.4,10.37,279,3.33
2025.094.19:57:00/wx/3.30,556.7,40.7,6.86,265,6.89
2025.094.19:58:00/wx/3.45,556.7,40.0,8.07,258,3.39
2025.094.19:59:00/wx/3.12,556.7,40.7,6.97,275,3.46
2025.094.20:00:00/wx/3.64,556.7,40.0,9.36,289,3.42
2025.094.20:01:00/wx/4.53,556.7,38.4,9.31,280,3.41
2025.094.20:02:00/wx/4.05,556.7,38.8,9.41,261,3.49
2025.094.20:03:00/wx/3.88,556.7,39.0,7.00,264,3.45
2025.094.20:04:00/wx/3.48,556.7,39.8,8.86,270,3.53
2025.094.20:05:00/wx/3.31,556.7,40.8,9.03,273,3.57
2025.094.20:06:00/wx/2.90,556.7,41.2,6.83,275,3.71
2025.094.20:07:00/wx/3.14,556.7,41.9,8.09,284,3.72
2025.094.20:08:00/wx/3.10,556.6,41.6,6.54,273,3.70
2025.094.20:09:00/wx/3.41,556.6,41.0,9.21,276,3.73
2025.094.20:10:00/wx/3.95,556.7,39.8,7.85,262,3.61
2025.094.20:11:00/wx/4.20,556.7,39.1,8.43,277,3.58
2025.094.20:12:00/wx/3.96,556.8,39.1,9.73,282,3.68
2025.094.20:13:00/wx/2.91,556.7,41.7,4.59,265,3.75
2025.094.20:14:00/wx/3.16,556.7,41.2,7.80,260,3.79
2025.094.20:15:00/wx/2.54,556.7,42.5,7.08,258,3.81
2025.094.20:16:00/wx/3.40,556.7,41.9,9.83,277,3.94
2025.094.20:17:00/wx/2.79,556.7,43.0,7.46,290,4.06
2025.094.20:18:00/wx/2.68,556.7,43.9,6.11,306,4.05
2025.094.20:19:00/wx/4.05,556.7,41.0,8.01,271,4.08
2025.094.20:20:00/wx/3.34,556.7,41.1,6.87,272,3.95
2025.094.20:21:00/wx/3.50,556.7,41.3,8.60,282,3.95
2025.094.20:22:00/wx/3.25,556.7,41.8,7.42,275,3.71
2025.094.20:23:00/wx/2.91,556.7,42.3,7.62,268,3.72
2025.094.20:24:00/wx/3.00,556.7,42.3,5.67,279,3.78
2025.094.20:25:00/wx/2.63,556.6,43.1,6.73,254,3.87
2025.094.20:26:00/wx/3.49,556.7,41.4,6.10,276,3.81
2025.094.20:27:00/wx/2.98,556.6,42.4,7.39,281,3.64
2025.094.20:28:00/wx/3.22,556.6,42.0,8.87,291,3.65
2025.094.20:29:00/wx/3.03,556.7,42.9,9.73,282,3.65
2025.094.20:30:00/wx/2.83,556.6,42.2,9.27,290,3.62
2025.094.20:31:00/wx/2.60,556.6,43.4,6.80,287,3.65
2025.094.20:32:00/wx/2.79,556.6,43.0,8.30,248,3.83
2025.094.20:33:00/wx/2.70,556.6,44.3,6.63,256,3.78
2025.094.20:34:00/wx/2.86,556.6,43.3,7.34,252,3.67
2025.094.20:35:00/wx/3.07,556.7,43.0,9.32,272,3.50
2025.094.20:36:00/wx/2.83,556.7,43.6,9.83,283,3.51
2025.094.20:37:00/wx/2.95,556.7,43.0,8.88,279,3.69
2025.094.20:38:00/wx/2.82,556.7,42.6,10.31,285,3.72
2025.094.20:39:00/wx/2.50,556.7,44.0,7.75,280,3.66
2025.094.20:40:00/wx/2.70,556.7,43.2,9.46,293,3.71
2025.094.20:41:00/wx/2.80,556.7,43.5,7.78,289,3.57
2025.094.20:42:00/wx/2.95,556.7,43.8,6.46,283,3.50
2025.094.20:43:00/wx/2.90,556.7,42.3,7.82,256,3.37
2025.094.20:44:00/wx/2.92,556.7,41.8,7.33,257,3.48
2025.094.20:45:00/wx/3.10,556.7,41.2,8.04,254,3.39
2025.094.20:46:00/wx/2.72,556.7,42.1,6.06,267,3.50
2025.094.20:47:00/wx/2.85,556.7,42.0,7.80,279,3.61
2025.094.20:48:00/wx/3.10,556.7,41.5,7.43,258,3.68
2025.094.20:49:00/wx/3.27,556.7,40.9,6.90,270,3.37
2025.094.20:50:00/wx/2.99,556.7,41.6,7.00,278,3.46
2025.094.20:51:00/wx/3.00,556.6,41.1,9.00,252,3.43
2025.094.20:52:00/wx/2.82,556.6,41.5,7.98,252,3.49
2025.094.20:53:00/wx/3.30,556.7,41.0,6.83,266,3.62
2025.094.20:54:00/wx/2.79,556.7,41.9,7.03,259,3.50
2025.094.20:55:00/wx/2.61,556.7,42.6,7.30,267,3.54
2025.094.20:56:00/wx/2.31,556.6,43.5,7.84,274,3.57
2025.094.20:57:00/wx/2.80,556.7,42.2,7.84,277,3.57
2025.094.20:58:00/wx/3.19,556.7,41.0,9.88,279,3.60
2025.094.20:59:00/wx/2.64,556.7,42.0,6.19,274,3.56
2025.094.21:00:00/wx/2.70,556.7,42.0,8.52,258,3.56
2025.094.21:01:00/wx/2.46,556.7,42.5,6.82,279,3.45
2025.094.21:02:00/wx/2.13,556.7,43.6,6.75,275,3.24
2025.094.21:03:00/wx/2.32,556.7,43.8,9.29,248,3.26
2025.094.21:04:00/wx/2.48,556.7,42.4,7.01,281,3.34
2025.094.21:05:00/wx/2.50,556.7,42.4,7.81,258,3.45
2025.094.21:06:00/wx/2.63,556.7,42.5,7.19,269,3.45
2025.094.21:07:00/wx/2.90,556.7,41.0,6.76,265,3.48
2025.094.21:08:00/wx/2.39,556.7,41.9,9.55,275,3.37
2025.094.21:09:00/wx/2.20,556.7,42.2,6.08,272,3.41
2025.094.21:10:00/wx/2.49,556.7,42.2,8.05,279,3.44
2025.094.21:11:00/wx/2.27,556.7,42.4,6.52,259,3.46
2025.094.21:12:00/wx/2.41,556.7,42.3,9.78,245,3.48
2025.094.21:13:00/wx/2.49,556.7,42.1,7.04,260,3.43
2025.094.21:14:00/wx/2.36,556.7,42.6,7.98,256,3.37
2025.094.21:15:00/wx/2.30,556.7,42.3,5.97,273,3.36
2025.094.21:16:00/wx/2.33,556.7,42.3,5.57,275,3.25
2025.094.21:17:00/wx/2.13,556.7,42.3,6.91,259,3.20
2025.094.21:18:00/wx/1.89,556.8,43.0,9.42,248,3.14
2025.094.21:19:00/wx/2.26,556.7,42.7,5.66,260,3.19
2025.094.21:20:00/wx/2.39,556.7,42.2,6.18,273,3.12
2025.094.21:21:00/wx/1.90,556.7,42.7,7.88,260,3.24
2025.094.21:22:00/wx/1.68,556.8,43.6,7.44,273,3.45
2025.094.21:23:00/wx/1.80,556.8,43.4,7.06,259,3.25
2025.094.21:24:00/wx/1.70,556.8,43.7,6.63,269,3.21
2025.094.21:25:00/wx/2.10,556.7,43.1,7.73,281,3.27
2025.094.21:26:00/wx/2.13,556.8,42.0,10.83,252,3.29
2025.094.21:27:00/wx/2.15,556.8,42.5,10.64,249,3.21
2025.094.21:28:00/wx/2.24,556.8,42.2,8.25,253,3.17
2025.094.21:29:00/wx/2.10,556.8,42.1,9.03,253,3.17
2025.094.21:30:00/wx/1.80,556.7,43.0,6.13,254,3.19
2025.094.21:31:00/wx/2.20,556.8,42.2,5.04,266,3.28
2025.094.21:32:00/wx/2.32,556.8,41.5,6.94,267,3.33
2025.094.21:33:00/wx/2.20,556.8,41.8,7.63,267,3.31
2025.094.21:34:00/wx/1.68,556.8,42.8,4.96,275,3.33
2025.094.21:35:00/wx/1.99,556.8,42.1,7.13,265,3.28
2025.094.21:36:00/wx/1.75,556.8,42.4,8.38,243,3.28
2025.094.21:37:00/wx/2.12,556.8,41.8,6.88,257,3.24
2025.094.21:38:00/wx/1.83,556.8,42.8,8.00,248,3.19
2025.094.21:39:00/wx/2.22,556.8,41.9,9.49,253,3.23
2025.094.21:40:00/wx/1.79,556.8,42.8,9.84,251,3.31
2025.094.21:41:00/wx/1.70,556.8,43.2,9.16,262,3.32
2025.094.21:42:00/wx/1.90,556.8,41.9,8.81,248,3.34
2025.094.21:43:00/wx/1.60,556.7,42.6,9.67,251,3.36
2025.094.21:44:00/wx/1.52,556.8,42.9,10.33,244,3.28
2025.094.21:45:00/wx/1.60,556.8,42.9,9.54,238,3.29
2025.094.21:46:00/wx/1.91,556.8,42.1,6.79,266,3.26
2025.094.21:47:00/wx/1.61,556.8,42.1,7.72,245,3.29
2025.094.21:48:00/wx/1.76,556.8,41.8,8.33,245,3.35
2025.094.21:49:00/wx/1.40,556.8,42.8,8.13,249,3.33
2025.094.21:50:00/wx/1.40,556.8,42.9,8.19,245,3.27
2025.094.21:51:00/wx/1.60,556.8,42.5,8.89,244,3.25
2025.094.21:52:00/wx/1.40,556.8,43.0,5.92,254,3.28
2025.094.21:53:00/wx/1.54,556.8,42.8,8.16,240,3.24
2025.094.21:54:00/wx/1.42,556.9,42.5,6.37,252,3.15
2025.094.21:55:00/wx/1.19,556.8,43.2,8.71,235,3.08
2025.094.21:56:00/wx/1.30,556.8,43.3,7.47,243,3.01
2025.094.21:57:00/wx/1.30,556.9,43.5,7.83,250,2.90
2025.094.21:58:00/wx/1.34,556.9,42.8,9.66,241,2.97
2025.094.21:59:00/wx/1.49,556.9,42.5,7.92,232,3.08
2025.094.22:00:00/wx/1.49,556.9,42.6,8.44,253,3.07
2025.094.22:01:00/wx/1.13,556.9,43.1,7.93,250,3.08
2025.094.22:02:00/wx/1.10,556.9,43.6,7.13,257,3.21
2025.094.22:03:00/wx/1.04,556.9,43.7,6.26,246,3.12
2025.094.22:04:00/wx/1.20,556.9,42.9,8.19,238,3.17
2025.094.22:05:00/wx/1.20,556.9,42.7,9.58,244,3.31
2025.094.22:06:00/wx/0.93,556.9,43.6,7.92,250,3.35
2025.094.22:07:00/wx/1.00,557.0,44.0,5.38,270,3.36
2025.094.22:08:00/wx/1.10,556.9,43.7,5.39,255,3.33
2025.094.22:09:00/wx/1.10,556.9,42.3,9.13,242,3.29
2025.094.22:10:00/wx/0.90,556.9,42.8,8.61,245,3.25
2025.094.22:11:00/wx/0.80,556.9,43.8,8.44,241,3.27
2025.094.22:12:00/wx/0.70,556.9,44.2,7.42,245,3.36
2025.094.22:13:00/wx/0.70,556.9,44.3,8.99,242,3.36
2025.094.22:14:00/wx/0.60,556.9,44.3,9.05,241,3.37
2025.094.22:15:00/wx/0.70,556.9,44.4,10.37,243,3.32
2025.094.22:16:00/wx/0.60,556.9,44.2,7.84,239,3.35
2025.094.22:17:00/wx/0.60,557.0,44.0,9.67,243,3.31
2025.094.22:18:00/wx/0.50,556.9,44.6,8.30,243,3.35
2025.094.22:19:00/wx/0.50,556.9,44.3,9.66,245,3.36
2025.094.22:20:00/wx/0.50,556.9,44.3,7.54,246,3.34
2025.094.22:21:00/wx/0.50,557.0,44.6,8.75,246,3.32
2025.094.22:22:00/wx/0.40,557.0,44.8,9.00,241,3.32
2025.094.22:23:00/wx/0.30,557.0,44.9,7.95,237,3.28
2025.094.22:24:00/wx/0.30,557.0,45.1,7.43,246,3.27
2025.094.22:25:00/wx/0.30,557.0,45.2,6.83,246,3.16
2025.094.22:26:00/wx/0.30,557.0,45.1,8.03,249,3.12
2025.094.22:27:00/wx/0.20,557.0,45.1,7.50,242,3.14
2025.094.22:28:00/wx/0.20,557.0,45.4,7.81,242,3.18
2025.094.22:29:00/wx/0.20,557.0,45.3,7.64,242,3.27
2025.094.22:30:00/wx/0.20,557.0,45.2,5.73,254,3.23
2025.094.22:31:00/wx/0.10,557.0,45.2,7.17,248,3.30
2025.094.22:32:00/wx/0.10,557.0,45.3,7.31,244,3.25
2025.094.22:33:00/wx/0.10,557.0,45.7,7.25,245,3.30
2025.094.22:34:00/wx/0.10,557.0,45.8,7.35,250,3.27
2025.094.22:35:00/wx/0.07,557.0,45.4,6.65,242,3.30
2025.094.22:36:00/wx/0.00,557.0,45.3,7.60,233,3.32
2025.094.22:37:00/wx/0.00,557.0,45.3,6.01,241,3.37
2025.094.22:38:00/wx/0.00,557.0,45.5,7.37,244,3.44
2025.094.22:39:00/wx/0.00,557.0,45.6,7.12,240,3.44
2025.094.22:40:00/wx/-0.10,557.0,45.5,6.79,247,3.38
2025.094.22:41:00/wx/-0.10,557.0,45.7,5.67,248,3.42
2025.094.22:42:00/wx/-0.10,557.0,45.8,5.30,254,3.34
2025.094.22:43:00/wx/-0.20,557.0,46.0,6.23,246,3.30
2025.094.22:44:00/wx/-0.20,557.0,45.9,5.42,249,3.32
2025.094.22:45:00/wx/-0.30,557.0,46.0,6.27,254,3.33
2025.094.22:46:00/wx/-0.40,557.0,46.3,6.48,248,3.22
2025.094.22:47:00/wx/-0.49,557.0,46.7,6.81,248,3.12
2025.094.22:48:00/wx/-0.30,557.0,46.4,6.69,249,3.33
2025.094.22:49:00/wx/-0.40,557.0,46.5,5.73,254,3.30
2025.094.22:50:00/wx/-0.30,557.0,46.5,7.54,246,3.29
2025.094.22:51:00/wx/-0.40,557.0,46.4,7.58,249,3.30
2025.094.22:52:00/wx/-0.41,557.0,46.4,5.97,256,3.42
2025.094.22:53:00/wx/-0.40,557.0,46.6,5.55,253,2.92
2025.094.22:54:00/wx/-0.60,557.0,46.7,4.52,255,2.92
2025.094.22:55:00/wx/-0.50,557.0,46.7,5.23,252,2.95
2025.094.22:56:00/wx/-0.50,557.0,46.5,6.72,249,2.98
2025.094.22:57:00/wx/-0.50,557.0,46.6,4.95,252,2.93
2025.094.22:58:00/wx/-0.60,557.1,46.8,4.89,253,2.95
2025.094.22:59:00/wx/-0.50,557.1,46.9,4.93,253,2.92
2025.094.23:00:00/wx/-0.50,557.1,46.7,4.64,256,2.95
2025.094.23:01:00/wx/-0.50,557.1,46.9,5.02,255,3.00
2025.094.23:02:00/wx/-0.40,557.1,46.6,6.00,250,3.10
2025.094.23:03:00/wx/-0.57,557.1,46.6,4.42,252,3.11
2025.094.23:04:00/wx/-0.70,557.1,47.1,5.09,248,3.08
2025.094.23:05:00/wx/-0.90,557.1,47.3,4.81,252,3.18
2025.094.23:06:00/wx/-0.80,557.1,47.5,5.18,252,3.13
2025.094.23:07:00/wx/-0.91,557.1,47.6,4.39,252,3.16
2025.094.23:08:00/wx/-0.80,557.1,47.6,4.78,275,3.22
2025.094.23:09:00/wx/-0.80,557.1,47.6,3.77,267,3.25
2025.094.23:10:00/wx/-0.65,557.1,47.4,5.12,252,3.31
2025.094.23:11:00/wx/-0.60,557.1,47.3,3.55,258,3.28
2025.094.23:12:00/wx/-0.50,557.1,47.1,3.61,261,3.32
2025.094.23:13:00/wx/-0.40,557.1,46.8,3.97,265,3.30
2025.094.23:14:00/wx/-0.60,557.2,46.9,3.85,259,3.35
2025.094.23:15:00/wx/-0.61,557.2,47.1,4.16,264,3.27
2025.094.23:16:00/wx/-0.50,557.1,46.7,4.84,258,3.36
2025.094.23:17:00/wx/-0.48,557.1,46.8,3.77,272,3.23
2025.094.23:18:00/wx/-0.48,557.1,46.7,3.73,259,3.21
2025.094.23:19:00/wx/-0.70,557.1,47.0,3.54,271,3.14
2025.094.23:20:00/wx/-0.70,557.1,47.3,3.73,277,3.07
2025.094.23:21:00/wx/-0.70,557.1,47.2,3.79,277,3.00
2025.094.23:22:00/wx/-0.83,557.1,47.4,4.46,280,2.96
2025.094.23:23:00/wx/-1.00,557.1,47.6,3.86,279,2.93
2025.094.23:24:00/wx/-1.00,557.1,47.9,3.27,257,2.95
2025.094.23:25:00/wx/-1.00,557.1,48.0,3.56,273,2.96
2025.094.23:26:00/wx/-0.80,557.2,47.7,3.24,267,3.01
2025.094.23:27:00/wx/-0.80,557.1,47.4,3.08,270,3.05
2025.094.23:28:00/wx/-0.90,557.2,47.8,4.03,259,3.06
2025.094.23:29:00/wx/-0.79,557.2,47.5,3.90,262,3.10
2025.094.23:30:00/wx/-0.70,557.2,47.2,3.63,255,3.11
2025.094.23:31:00/wx/-0.70,557.2,47.2,4.43,251,2.99
2025.094.23:32:00/wx/-0.70,557.2,47.1,4.13,259,3.01
2025.094.23:33:00/wx/-0.60,557.2,46.8,4.11,259,3.00
2025.094.23:34:00/wx/-0.61,557.2,46.8,3.24,268,3.12
2025.094.23:35:00/wx/-0.64,557.2,47.0,3.69,265,3.05
2025.094.23:36:00/wx/-0.60,557.2,46.8,4.13,278,2.93
2025.094.23:37:00/wx/-0.70,557.2,46.6,4.01,280,2.94
2025.094.23:38:00/wx/-0.70,557.2,46.8,3.83,283,3.09
2025.094.23:39:00/wx/-1.02,557.2,46.9,2.83,298,3.21
2025.094.23:40:00/wx/-1.40,557.2,48.7,2.85,298,3.20
2025.094.23:41:00/wx/-1.30,557.2,49.4,2.73,292,3.16
2025.094.23:42:00/wx/-1.20,557.2,48.8,2.69,295,3.24
2025.094.23:43:00/wx/-1.21,557.2,48.8,2.55,299,3.21
2025.094.23:44:00/wx/-1.28,557.2,48.9,2.86,294,3.29
2025.094.23:45:00/wx/-1.20,557.2,48.8,3.53,293,3.22
2025.094.23:46:00/wx/-1.10,557.3,48.5,3.73,288,3.23
2025.094.23:47:00/wx/-0.96,557.3,47.8,3.83,283,3.39
2025.094.23:48:00/wx/-1.00,557.3,47.8,3.85,286,3.39
2025.094.23:49:00/wx/-1.00,557.3,47.8,3.48,285,3.41
2025.094.23:50:00/wx/-1.10,557.3,48.0,3.20,294,3.47
2025.094.23:51:00/wx/-1.10,557.3,48.2,3.04,299,3.46
2025.094.23:52:00/wx/-1.24,557.2,48.7,3.31,300,3.51
2025.094.23:53:00/wx/-1.30,557.2,48.7,3.44,301,3.40
2025.094.23:54:00/wx/-1.53,557.3,49.1,3.20,317,3.38
2025.094.23:55:00/wx/-1.96,557.2,50.5,3.46,318,3.33
2025.094.23:56:00/wx/-2.30,557.2,51.7,3.74,322,3.37
2025.094.23:57:00/wx/-2.20,557.3,52.3,4.03,315,3.40
2025.094.23:58:00/wx/-1.90,557.3,51.4,3.93,311,3.37
2025.094.23:59:00/wx/-1.90,557.3,51.1,3.93,309,3.39
2025.095.00:00:00/wx/-1.90,557.3,51.4,4.00,311,3.34
2025.095.00:01:00/wx/-2.00,557.3,51.4,3.73,312,3.41
2025.095.00:02:00/wx/-1.90,557.3,51.2,3.78,314,3.43
2025.095.00:03:00/wx/-1.80,557.2,50.8,3.54,320,3.48
2025.095.00:04:00/wx/-1.70,557.3,50.6,3.60,325,3.48
2025.095.00:05:00/wx/-1.52,557.2,50.0,3.70,333,3.49
2025.095.00:06:00/wx/-1.30,557.2,49.4,4.05,339,3.55
2025.095.00:07:00/wx/-1.10,557.2,48.7,3.63,338,3.52
2025.095.00:08:00/wx/-1.00,557.3,48.2,3.82,337,3.68
2025.095.00:09:00/wx/-0.90,557.3,47.8,3.93,333,3.61
2025.095.00:10:00/wx/-0.80,557.3,47.5,3.92,340,3.69
2025.095.00:11:00/wx/-1.00,557.3,47.5,4.03,338,3.69
2025.095.00:12:00/wx/-1.25,557.3,48.3,3.79,330,3.68
2025.095.00:13:00/wx/-1.30,557.3,48.7,4.02,326,3.70
2025.095.00:14:00/wx/-1.20,557.3,48.8,3.81,327,3.82
2025.095.00:15:00/wx/-0.90,557.3,48.1,3.63,325,3.83
2025.095.00:16:00/wx/-0.70,557.3,47.3,3.55,326,3.88
2025.095.00:17:00/wx/-0.60,557.3,46.9,3.49,331,3.83
2025.095.00:18:00/wx/-0.60,557.3,46.7,3.63,329,3.82
2025.095.00:19:00/wx/-0.57,557.3,46.5,3.66,327,3.88
2025.095.00:20:00/wx/-0.50,557.3,46.3,3.53,325,3.90
2025.095.00:21:00/wx/-0.50,557.3,46.4,3.84,323,3.86
2025.095.00:22:00/wx/-0.50,557.3,46.6,3.75,319,3.96
2025.095.00:23:00/wx/-0.50,557.3,46.6,3.53,317,3.98
2025.095.00:24:00/wx/-0.47,557.3,46.5,3.93,325,3.92
2025.095.00:25:00/wx/-0.40,557.3,46.5,4.12,320,3.87
2025.095.00:26:00/wx/-0.30,557.3,46.5,4.04,327,3.87
2025.095.00:27:00/wx/-0.20,557.3,46.6,4.07,329,3.71
2025.095.00:28:00/wx/0.00,557.3,46.6,3.73,335,3.77
2025.095.00:29:00/wx/0.04,557.3,46.7,4.03,326,3.82
2025.095.00:30:00/wx/0.19,557.3,46.2,3.91,332,3.93
2025.095.00:31:00/wx/0.40,557.3,46.3,5.32,344,3.84
2025.095.00:32:00/wx/0.70,557.3,46.2,5.08,348,3.81
2025.095.00:33:00/wx/0.60,557.3,46.8,4.74,354,3.89
2025.095.00:34:00/wx/0.70,557.3,47.3,4.12,158,3.98
2025.095.00:35:00/wx/0.65,557.3,48.5,5.16,342,4.07
2025.095.00:36:00/wx/1.05,557.3,46.9,5.08,339,4.07
2025.095.00:37:00/wx/0.76,557.3,46.9,4.75,330,4.10
2025.095.00:38:00/wx/0.90,557.3,46.1,5.33,345,4.11
2025.095.00:39:00/wx/1.41,557.4,47.6,5.08,346,4.22
2025.095.00:40:00/wx/1.20,557.3,46.8,4.68,343,4.17
2025.095.00:41:00/wx/0.97,557.4,46.9,5.50,341,4.19
2025.095.00:42:00/wx/1.26,557.4,47.3,4.60,335,4.25
2025.095.00:43:00/wx/1.31,557.3,46.6,5.12,340,4.36
2025.095.00:44:00/wx/1.05,557.4,46.9,5.30,337,4.42
2025.095.00:45:00/wx/1.19,557.3,47.7,5.01,340,4.31
2025.095.00:46:00/wx/1.40,557.4,47.3,5.50,326,4.34
2025.095.00:47:00/wx/1.60,557.4,47.2,6.06,317,4.38
2025.095.00:48:00/wx/1.70,557.4,46.8,4.94,328,4.44
2025.095.00:49:00/wx/1.55,557.4,47.0,5.02,331,4.47
2025.095.00:50:00/wx/1.70,557.4,47.1,4.68,328,4.44
2025.095.00:51:00/wx/1.60,557.4,47.1,4.74,328,4.41
2025.095.00:52:00/wx/1.30,557.4,47.5,4.33,325,4.32
2025.095.00:53:00/wx/1.40,557.4,47.7,4.22,319,4.33
2025.095.00:54:00/wx/1.11,557.4,47.9,3.40,323,4.53
2025.095.00:55:00/wx/0.29,557.4,49.8,4.42,322,4.45
2025.095.00:56:00/wx/0.63,557.4,50.2,4.49,320,4.40
2025.095.00:57:00/wx/1.00,557.4,49.0,4.16,315,4.50
2025.095.00:58:00/wx/1.10,557.4,48.6,3.83,319,4.61
2025.095.00:59:00/wx/1.26,557.4,48.5,3.10,330,4.70
2025.095.01:00:00/wx/1.11,557.4,48.5,3.31,333,4.65
2025.095.01:01:00/wx/1.07,557.4,48.8,3.43,328,4.74
2025.095.01:02:00/wx/0.97,557.4,49.4,3.27,330,4.58
2025.095.01:03:00/wx/1.31,557.4,48.7,3.34,327,4.51
2025.095.01:04:00/wx/1.50,557.4,47.9,3.19,327,4.53
2025.095.01:05:00/wx/1.60,557.4,47.7,3.15,327,4.48
2025.095.01:06:00/wx/1.57,557.4,47.7,3.33,327,4.41
2025.095.01:07:00/wx/1.50,557.4,47.8,3.18,324,4.58
2025.095.01:08:00/wx/1.51,557.4,47.9,3.48,329,4.69
2025.095.01:09:00/wx/1.39,557.4,48.0,3.03,332,4.59
2025.095.01:10:00/wx/1.20,557.4,48.6,2.82,326,4.50
2025.095.01:11:00/wx/1.20,557.4,49.1,3.03,320,4.55
2025.095.01:12:00/wx/1.30,557.4,48.9,3.17,316,4.68
2025.095.01:13:00/wx/0.80,557.4,49.9,2.52,316,4.28
2025.095.01:14:00/wx/0.44,557.4,50.7,2.43,312,4.32
2025.095.01:15:00/wx/0.40,557.4,51.7,2.93,298,4.25
2025.095.01:16:00/wx/0.60,557.4,51.1,2.52,299,4.37
2025.095.01:17:00/wx/0.70,557.4,50.7,2.73,294,4.27
2025.095.01:18:00/wx/0.80,557.4,50.7,3.10,297,4.29
2025.095.01:19:00/wx/0.70,557.4,50.6,2.87,292,4.48
2025.095.01:20:00/wx/0.70,557.4,50.6,3.33,296,4.54
2025.095.01:21:00/wx/0.60,557.4,50.5,3.51,292,4.50
2025.095.01:22:00/wx/0.60,557.5,50.3,3.40,292,4.42
2025.095.01:23:00/wx/0.61,557.4,49.9,3.64,286,4.42
2025.095.01:24:00/wx/0.60,557.4,49.6,3.53,287,4.44
2025.095.01:25:00/wx/0.60,557.5,49.4,4.33,292,4.32
2025.095.01:26:00/wx/0.70,557.5,49.1,3.87,289,4.28
2025.095.01:27:00/wx/0.80,557.4,48.6,4.15,290,4.20
2025.095.01:28:00/wx/0.90,557.5,48.5,3.65,293,4.39
2025.095.01:29:00/wx/0.80,557.5,48.4,4.40,293,4.28
2025.095.01:30:00/wx/0.70,557.5,48.4,3.53,286,4.15
2025.095.01:31:00/wx/0.70,557.4,49.1,3.83,291,4.24
2025.095.01:32:00/wx/0.79,557.5,49.2,4.21,289,4.08
2025.095.01:33:00/wx/0.90,557.5,48.8,4.09,290,4.17
2025.095.01:34:00/wx/0.87,557.4,48.7,4.06,289,4.11
2025.095.01:35:00/wx/0.70,557.5,48.8,3.73,292,4.08
2025.095.01:36:00/wx/0.60,557.4,48.9,3.68,298,4.17
2025.095.01:37:00/wx/0.81,557.4,49.2,3.62,296,4.03
2025.095.01:38:00/wx/0.10,557.4,49.9,3.25,303,4.04
2025.095.01:39:00/wx/-0.09,557.4,51.2,3.33,305,3.96
2025.095.01:40:00/wx/-0.30,557.4,52.1,3.24,301,3.91
2025.095.01:41:00/wx/-0.30,557.4,52.7,3.36,310,3.86
2025.095.01:42:00/wx/-0.20,557.5,52.1,3.14,316,3.91
2025.095.01:43:00/wx/-0.30,557.5,52.1,3.69,313,3.99
2025.095.01:44:00/wx/-0.10,557.5,52.2,3.32,313,3.88
2025.095.01:45:00/wx/-0.10,557.5,51.7,2.84,310,3.83
2025.095.01:46:00/wx/-0.10,557.5,51.7,3.23,309,3.80
2025.095.01:47:00/wx/-0.10,557.5,51.6,3.34,304,3.88
2025.095.01:48:00/wx/0.00,557.5,51.8,3.13,309,3.96
2025.095.01:49:00/wx/0.00,557.5,51.8,3.00,310,3.84
2025.095.01:50:00/wx/-0.10,557.5,52.3,3.22,309,3.87
2025.095.01:51:00/wx/-0.10,557.5,52.9,3.34,303,3.78
2025.095.01:52:00/wx/-0.20,557.5,53.3,3.52,310,3.77
2025.095.01:53:00/wx/-0.10,557.5,53.6,3.75,314,3.71
2025.095.01:54:00/wx/-0.10,557.5,53.8,3.31,310,3.69
2025.095.01:55:00/wx/0.10,557.5,53.6,3.61,307,3.78
2025.095.01:56:00/wx/0.14,557.5,52.2,3.14,311,3.76
2025.095.01:57:00/wx/0.10,557.5,51.9,2.64,311,3.79
2025.095.01:58:00/wx/0.10,557.5,51.8,3.07,305,3.82
2025.095.01:59:00/wx/0.10,557.5,51.6,3.14,313,3.74
2025.095.02:00:00/wx/0.09,557.5,51.6,3.58,312,3.85
2025.095.02:01:00/wx/0.00,557.5,52.1,3.19,309,3.82
2025.095.02:02:00/wx/0.10,557.5,52.0,3.22,312,3.90
2025.095.02:03:00/wx/0.10,557.5,52.2,3.39,312,3.99
2025.095.02:04:00/wx/0.10,557.5,52.0,3.28,307,3.91
2025.095.02:05:00/wx/0.20,557.5,52.0,3.31,309,3.84
2025.095.02:06:00/wx/0.20,557.5,51.9,2.94,301,3.85
2025.095.02:07:00/wx/0.20,557.5,52.2,3.13,306,3.90
2025.095.02:08:00/wx/0.23,557.5,52.1,3.48,299,3.94
2025.095.02:09:00/wx/0.39,557.6,51.7,3.89,299,3.84
2025.095.02:10:00/wx/0.30,557.6,51.6,3.39,295,3.75
2025.095.02:11:00/wx/0.20,557.6,52.1,3.09,293,3.75
2025.095.02:12:00/wx/0.20,557.6,52.5,3.04,292,3.71
2025.095.02:13:00/wx/0.10,557.5,52.8,3.29,290,3.74
2025.095.02:14:00/wx/0.18,557.5,53.0,3.65,287,3.71
2025.095.02:15:00/wx/0.30,557.5,52.6,3.73,282,3.76
2025.095.02:16:00/wx/0.40,557.5,52.2,3.64,283,3.79
2025.095.02:17:00/wx/0.50,557.5,52.1,3.63,279,3.90
2025.095.02:18:00/wx/0.63,557.5,51.8,4.08,281,3.89
2025.095.02:19:00/wx/0.70,557.5,51.4,3.84,279,3.86
2025.095.02:20:00/wx/0.80,557.5,51.2,4.25,281,3.72
2025.095.02:21:00/wx/0.80,557.5,50.6,3.41,276,3.65
2025.095.02:22:00/wx/0.50,557.5,51.2,3.23,276,3.73
2025.095.02:23:00/wx/0.70,557.5,50.8,3.38,278,3.86
2025.095.02:24:00/wx/0.31,557.5,51.1,4.28,283,3.78
2025.095.02:25:00/wx/0.39,557.5,51.4,3.31,279,3.78
2025.095.02:26:00/wx/0.20,557.5,51.7,3.76,280,3.73
2025.095.02:27:00/wx/0.20,557.5,51.9,3.83,279,3.81
2025.095.02:28:00/wx/0.11,557.5,51.4,3.30,284,3.88
2025.095.02:29:00/wx/-0.48,557.5,53.0,3.41,285,3.85
2025.095.02:30:00/wx/-0.81,557.5,54.6,2.83,301,3.87
2025.095.02:31:00/wx/-0.90,557.5,55.8,3.14,294,3.92
2025.095.02:32:00/wx/-0.70,557.5,55.5,3.43,297,3.88
2025.095.02:33:00/wx/-0.60,557.5,54.5,3.08,296,3.90
2025.095.02:34:00/wx/-0.60,557.5,54.3,2.61,302,3.84
2025.095.02:35:00/wx/-0.60,557.5,54.6,2.82,296,3.83
2025.095.02:36:00/wx/-0.77,557.5,55.0,2.92,304,3.81
2025.095.02:37:00/wx/-0.70,557.5,55.0,2.74,313,3.86
2025.095.02:38:00/wx/-0.60,557.5,54.9,2.66,312,3.84
2025.095.02:39:00/wx/-0.59,557.5,54.6,2.63,328,3.77
2025.095.02:40:00/wx/-0.47,557.5,54.7,2.55,315,3.78
2025.095.02:41:00/wx/-0.43,557.5,54.2,2.67,314,3.84
2025.095.02:42:00/wx/-0.40,557.5,54.0,2.18,311,3.80
2025.095.02:43:00/wx/-0.44,557.5,53.6,2.42,324,3.69
2025.095.02:44:00/wx/-0.58,557.5,53.0,2.71,313,3.71
2025.095.02:45:00/wx/-0.83,557.5,54.5,2.64,310,3.71
2025.095.02:46:00/wx/-0.87,557.5,55.2,2.34,303,3.74
2025.095.02:47:00/wx/-1.18,557.5,56.2,2.47,291,3.75
2025.095.02:48:00/wx/-0.75,557.5,56.0,3.21,286,3.78
2025.095.02:49:00/wx/-0.40,557.5,55.6,4.13,289,3.73
2025.095.02:50:00/wx/-0.30,557.5,54.9,3.53,287,3.79
2025.095.02:51:00/wx/-0.20,557.5,55.7,3.00,274,3.78
2025.095.02:52:00/wx/0.00,557.4,56.0,3.10,278,3.76
2025.095.02:53:00/wx/0.20,557.4,55.4,3.61,271,3.75
2025.095.02:54:00/wx/-0.20,557.5,55.2,3.53,280,3.81
2025.095.02:55:00/wx/-0.23,557.4,56.2,2.92,274,3.85
2025.095.02:56:00/wx/-0.21,557.4,56.3,2.99,271,3.83
2025.095.02:57:00/wx/-0.10,557.5,55.7,2.91,266,3.85
2025.095.02:58:00/wx/0.10,557.4,54.8,2.96,265,3.85
2025.095.02:59:00/wx/0.10,557.4,54.3,2.93,261,3.89
2025.095.03:00:00/wx/-0.49,557.5,54.3,1.99,274,3.92
2025.095.03:01:00/wx/-1.28,557.4,57.3,1.77,254,3.93
2025.095.03:02:00/wx/-1.62,557.5,59.9,1.59,284,4.01
2025.095.03:03:00/wx/-2.04,557.4,59.5,2.73,282,4.06
2025.095.03:04:00/wx/-1.20,557.4,58.8,2.13,278,4.11
2025.095.03:05:00/wx/-0.85,557.4,57.3,2.41,276,4.00
2025.095.03:06:00/wx/-0.60,557.4,57.0,2.36,274,4.16
2025.095.03:07:00/wx/-0.50,557.4,56.9,2.51,277,4.10
2025.095.03:08:00/wx/-0.40,557.4,56.4,3.43,283,4.15
2025.095.03:09:00/wx/-0.40,557.5,56.1,3.13,302,4.17
2025.095.03:10:00/wx/-0.40,557.4,55.8,3.36,298,4.15
2025.095.03:11:00/wx/-0.50,557.5,56.1,3.03,290,4.05
2025.095.03:12:00/wx/-0.40,557.4,56.3,2.72,274,4.35
2025.095.03:13:00/wx/-0.46,557.4,56.6,2.97,274,4.22
2025.095.03:14:00/wx/-0.30,557.4,57.1,2.91,280,4.22
2025.095.03:15:00/wx/-0.20,557.4,56.9,2.54,273,4.15
2025.095.03:16:00/wx/-0.10,557.5,56.3,3.22,270,4.20
2025.095.03:17:00/wx/0.00,557.5,55.8,3.41,271,4.37
2025.095.03:18:00/wx/0.03,557.5,55.2,2.46,260,4.19
2025.095.03:19:00/wx/-0.92,557.5,56.7,1.52,265,4.24
2025.095.03:20:00/wx/-1.45,557.4,59.5,2.08,268,4.13
2025.095.03:21:00/wx/-1.21,557.5,60.0,2.71,275,4.28
2025.095.03:22:00/wx/-0.98,557.4,58.5,2.95,274,4.15
2025.095.03:23:00/wx/-0.83,557.4,58.2,3.29,285,4.36
2025.095.03:24:00/wx/-0.80,557.4,58.1,3.42,283,4.33
2025.095.03:25:00/wx/-0.84,557.4,58.2,3.05,278,4.21
2025.095.03:26:00/wx/-1.00,557.4,58.6,3.43,288,4.35
2025.095.03:27:00/wx/-0.80,557.4,58.2,3.85,285,4.26
2025.095.03:28:00/wx/-0.52,557.4,57.5,3.23,288,4.25
2025.095.03:29:00/wx/-0.40,557.4,56.5,3.14,294,4.28
2025.095.03:30:00/wx/-0.30,557.4,56.2,3.04,304,4.35
2025.095.03:31:00/wx/-0.20,557.4,55.7,3.14,292,4.23
2025.095.03:32:00/wx/-0.20,557.4,55.4,2.83,301,4.31
2025.095.03:33:00/wx/-0.20,557.4,55.4,2.42,319,4.33
2025.095.03:34:00/wx/-0.20,557.4,55.6,2.34,325,4.49
2025.095.03:35:00/wx/-0.60,557.4,55.3,2.29,283,4.42
2025.095.03:36:00/wx/-1.00,557.4,56.2,2.53,323,4.34
2025.095.03:37:00/wx/-1.27,557.4,57.5,3.17,309,4.36
2025.095.03:38:00/wx/-0.73,557.4,58.3,3.24,336,4.26
2025.095.03:39:00/wx/-0.80,557.4,56.4,3.22,327,4.46
2025.095.03:40:00/wx/-0.43,557.4,58.0,3.08,324,4.31
2025.095.03:41:00/wx/-0.20,557.4,57.0,3.02,294,4.41
2025.095.03:42:00/wx/-0.20,557.4,56.2,3.22,322,4.09
2025.095.03:43:00/wx/-0.30,557.4,56.3,3.30,318,4.13
2025.095.03:44:00/wx/-0.20,557.4,56.3,3.11,322,4.31
2025.095.03:45:00/wx/-0.20,557.4,56.1,3.14,330,4.38
2025.095.03:46:00/wx/-0.20,557.4,56.2,2.83,333,4.08
2025.095.03:47:00/wx/-0.34,557.4,56.4,2.57,322,4.33
2025.095.03:48:00/wx/-0.50,557.4,57.4,3.21,327,4.26
2025.095.03:49:00/wx/-0.50,557.4,57.3,3.05,321,4.21
2025.095.03:50:00/wx/-0.30,557.4,57.1,2.86,321,4.13
2025.095.03:51:00/wx/-0.40,557.4,57.6,3.23,320,4.18
2025.095.03:52:00/wx/-0.30,557.4,57.3,3.85,314,4.19
2025.095.03:53:00/wx/-0.20,557.4,57.3,3.26,326,4.30
2025.095.03:54:00/wx/-0.20,557.4,57.2,3.05,317,4.25
2025.095.03:55:00/wx/-0.20,557.4,57.2,2.61,319,4.21
2025.095.03:56:00/wx/-0.30,557.4,57.3,3.06,319,4.18
2025.095.03:57:00/wx/-0.24,557.4,57.1,2.75,318,4.09
2025.095.03:58:00/wx/-0.30,557.4,57.5,2.52,327,4.20
2025.095.03:59:00/wx/-0.30,557.4,57.5,2.90,318,4.08
2025.095.04:00:00/wx/-0.50,557.4,58.2,3.12,331,4.12
2025.095.04:01:00/wx/-0.39,557.4,58.4,3.63,318,4.30
2025.095.04:02:00/wx/-0.30,557.4,58.2,2.47,315,4.23
2025.095.04:03:00/wx/-0.30,557.4,57.9,2.24,329,4.09
2025.095.04:04:00/wx/-0.40,557.4,58.0,3.76,331,4.59
2025.095.04:05:00/wx/-0.32,557.4,58.2,2.85,322,4.60
2025.095.04:06:00/wx/-0.20,557.4,57.9,2.70,332,4.59
2025.095.04:07:00/wx/-0.40,557.4,58.1,2.62,322,4.49
2025.095.04:08:00/wx/-0.59,557.4,57.7,3.61,313,4.40
2025.095.04:09:00/wx/-0.63,557.3,58.6,2.32,323,4.59
2025.095.04:10:00/wx/-0.70,557.3,59.0,2.90,318,4.70
2025.095.04:11:00/wx/-0.69,557.3,59.0,3.44,319,4.62
2025.095.04:12:00/wx/-0.44,557.4,58.9,2.47,304,4.45
2025.095.04:13:00/wx/-0.59,557.3,57.9,2.60,311,4.52
2025.095.04:14:00/wx/-0.87,557.3,59.5,2.70,310,4.44
2025.095.04:15:00/wx/-0.71,557.3,59.6,2.11,319,4.26
2025.095.04:16:00/wx/-0.49,557.3,59.0,2.70,314,4.31
2025.095.04:17:00/wx/-0.46,557.3,58.1,2.76,303,4.49
2025.095.04:18:00/wx/-0.50,557.3,58.7,2.53,308,4.28
2025.095.04:19:00/wx/-0.50,557.3,58.5,2.72,311,4.37
2025.095.04:20:00/wx/-0.40,557.3,58.3,2.87,302,4.33
2025.095.04:21:00/wx/-0.39,557.2,58.4,2.10,321,3.98
2025.095.04:22:00/wx/-0.30,557.2,58.3,2.26,330,4.03
2025.095.04:23:00/wx/-0.30,557.3,58.0,2.73,326,4.16
2025.095.04:24:00/wx/-0.72,557.3,57.8,3.25,305,4.22
2025.095.04:25:00/wx/-0.70,557.2,58.7,3.61,316,4.17
2025.095.04:26:00/wx/-1.01,557.2,58.7,2.78,308,4.18
2025.095.04:27:00/wx/-1.20,557.2,59.7,2.93,303,4.09
2025.095.04:28:00/wx/-1.40,557.2,60.7,3.53,312,4.37
