2025.098.18:27:00;APEX Database Weather Data for Timerange of e25e09
2025.098.18:27:00;The format is wx/temp[C],press[mbar],humid[%],speed[m/s],direction[deg],pwv[mm]
2025.098.18:28:00/wx/2.58,555.1,9.0,11.63,281,0.64
2025.098.18:29:00/wx/1.34,555.1,10.9,4.86,272,0.82
2025.098.18:30:00/wx/1.88,555.1,12.2,12.55,290,0.95
2025.098.18:31:00/wx/1.43,555.2,15.4,10.90,285,1.01
2025.098.18:32:00/wx/1.58,555.1,16.4,7.09,273,1.08
2025.098.18:33:00/wx/1.30,555.1,17.9,6.03,291,1.15
2025.098.18:34:00/wx/1.24,555.1,17.9,5.40,276,1.12
2025.098.18:35:00/wx/2.48,555.1,16.7,5.48,277,1.29
2025.098.18:36:00/wx/2.40,555.0,16.5,6.28,256,1.32
2025.098.18:37:00/wx/1.84,555.1,15.7,10.42,278,1.31
2025.098.18:38:00/wx/1.60,555.1,14.6,8.52,254,1.38
2025.098.18:39:00/wx/2.12,555.1,11.8,8.90,278,1.26
2025.098.18:40:00/wx/1.84,555.1,11.9,11.67,280,1.31
2025.098.18:41:00/wx/1.69,555.1,14.0,8.31,282,1.25
2025.098.18:42:00/wx/1.34,555.2,14.0,6.65,272,1.21
2025.098.18:43:00/wx/0.90,555.1,15.9,5.83,270,1.22
2025.098.18:44:00/wx/0.79,555.0,17.6,6.15,265,1.25
2025.098.18:45:00/wx/1.19,555.0,18.7,5.29,267,1.46
2025.098.18:46:00/wx/1.65,555.0,16.2,9.58,235,1.51
2025.098.18:47:00/wx/0.90,555.0,16.1,6.80,262,0.98
2025.098.18:48:00/wx/1.59,555.0,13.9,10.47,245,1.18
2025.098.18:49:00/wx/2.06,555.0,13.3,9.83,258,1.06
2025.098.18:50:00/wx/1.42,555.0,13.2,10.00,242,1.16
2025.098.18:51:00/wx/1.02,555.0,10.5,8.92,251,0.80
2025.098.18:52:00/wx/1.45,555.0,13.8,9.06,273,1.17
2025.098.18:53:00/wx/0.80,555.0,15.3,8.78,285,1.19
2025.098.18:54:00/wx/1.37,555.0,15.8,7.49,255,0.90
2025.098.18:55:00/wx/1.82,555.0,13.1,10.15,239,1.09
2025.098.18:56:00/wx/1.55,555.0,11.9,9.41,244,1.22
2025.098.18:57:00/wx/1.86,555.0,10.2,9.44,249,1.10
2025.098.18:58:00/wx/2.51,555.1,10.1,8.26,280,1.05
2025.098.18:59:00/wx/1.45,555.0,11.2,7.18,282,1.13
2025.098.19:00:00/wx/1.62,555.1,12.4,6.91,281,1.05
2025.098.19:01:00/wx/1.20,555.0,13.9,6.19,283,1.14
2025.098.19:02:00/wx/1.69,555.0,14.1,7.19,254,1.05
2025.098.19:03:00/wx/1.77,555.0,13.4,8.04,234,1.21
2025.098.19:04:00/wx/1.76,555.0,13.2,11.95,243,1.03
2025.098.19:05:00/wx/1.30,555.0,15.0,8.23,249,1.11
2025.098.19:06:00/wx/1.36,555.0,14.8,9.03,258,1.13
2025.098.19:07:00/wx/1.52,555.0,14.7,12.32,243,1.09
2025.098.19:08:00/wx/1.02,555.0,15.0,7.11,255,1.25
2025.098.19:09:00/wx/1.00,555.0,13.3,6.20,258,1.18
2025.098.19:10:00/wx/1.50,555.0,14.8,7.62,255,0.91
2025.098.19:11:00/wx/1.39,554.9,16.6,7.42,245,0.97
2025.098.19:12:00/wx/1.78,554.9,18.2,14.26,248,1.03
2025.098.19:13:00/wx/1.20,554.9,18.7,11.26,242,1.03
2025.098.19:14:00/wx/1.93,555.0,18.3,13.40,248,1.07
2025.098.19:15:00/wx/0.60,554.9,21.6,12.33,250,1.32
2025.098.19:16:00/wx/0.70,554.9,22.6,9.47,255,1.44
2025.098.19:17:00/wx/0.65,555.0,22.6,8.27,259,1.45
2025.098.19:18:00/wx/0.20,554.8,23.3,4.33,289,1.45
2025.098.19:19:00/wx/0.95,554.9,22.3,8.64,252,1.44
2025.098.19:20:00/wx/1.11,554.8,21.5,10.69,232,1.56
2025.098.19:21:00/wx/1.85,554.9,21.1,11.73,250,1.69
2025.098.19:22:00/wx/1.33,554.9,20.8,10.45,259,1.61
2025.098.19:23:00/wx/1.97,554.9,20.5,13.22,247,1.36
2025.098.19:24:00/wx/0.80,554.9,21.1,10.69,243,1.27
2025.098.19:25:00/wx/0.71,554.9,22.6,8.02,255,1.31
2025.098.19:26:00/wx/0.67,554.9,20.9,8.16,265,1.26
2025.098.19:27:00/wx/0.74,554.9,20.4,8.69,256,1.25
2025.098.19:28:00/wx/0.99,554.8,17.8,14.79,240,1.32
2025.098.19:29:00/wx/1.48,554.8,15.2,9.60,253,1.04
2025.098.19:30:00/wx/1.95,554.9,12.5,13.05,249,1.03
2025.098.19:31:00/wx/2.16,554.9,11.5,8.22,263,1.11
2025.098.19:32:00/wx/1.74,554.8,8.3,12.10,247,0.90
2025.098.19:33:00/wx/0.73,554.9,8.8,8.07,254,1.02
2025.098.19:34:00/wx/2.14,554.8,10.3,6.10,262,0.98
2025.098.19:35:00/wx/1.72,554.8,11.1,11.94,236,1.03
2025.098.19:36:00/wx/1.53,554.8,14.1,6.06,264,1.25
2025.098.19:37:00/wx/1.21,554.8,15.9,6.24,271,1.50
2025.098.19:38:00/wx/1.90,555.0,16.5,11.80,277,1.63
2025.098.19:39:00/wx/1.09,554.9,18.3,9.92,261,1.66
2025.098.19:40:00/wx/0.98,554.9,18.4,10.19,245,1.79
2025.098.19:41:00/wx/1.71,554.8,17.4,8.85,244,1.68
2025.098.19:42:00/wx/0.99,554.9,17.0,10.50,254,1.60
2025.098.19:43:00/wx/1.30,554.9,16.5,11.76,246,-646.76
2025.098.19:44:00/wx/0.96,554.9,17.5,9.59,247,1.65
2025.098.19:45:00/wx/1.01,554.8,18.3,10.20,239,1.61
2025.098.19:46:00/wx/0.93,554.9,16.8,10.85,255,1.61
2025.098.19:47:00/wx/1.26,554.8,16.9,11.35,241,1.62
2025.098.19:48:00/wx/1.45,554.9,19.5,10.87,284,1.60
2025.098.19:49:00/wx/0.95,554.9,20.5,7.18,264,1.57
2025.098.19:50:00/wx/0.80,554.9,21.9,8.53,263,1.48
2025.098.19:51:00/wx/1.07,554.9,21.7,9.52,252,1.75
2025.098.19:52:00/wx/1.52,554.9,20.3,6.81,270,1.68
2025.098.19:53:00/wx/1.69,554.9,19.8,4.75,276,1.75
2025.098.19:54:00/wx/1.90,554.9,19.7,9.49,251,1.66
2025.098.19:55:00/wx/2.00,554.9,20.4,8.93,282,1.82
2025.098.19:56:00/wx/0.80,554.9,21.7,8.47,278,1.88
2025.098.19:57:00/wx/1.38,554.9,20.4,11.94,244,2.03
2025.098.19:58:00/wx/0.78,554.8,20.5,8.70,243,2.14
2025.098.19:59:00/wx/1.20,554.9,21.5,9.90,253,2.11
2025.098.20:00:00/wx/1.20,555.0,23.7,8.73,272,2.04
2025.098.20:01:00/wx/0.60,554.9,24.9,7.24,257,2.04
2025.098.20:02:00/wx/0.50,554.9,24.9,5.88,259,2.17
2025.098.20:03:00/wx/0.87,554.9,24.6,5.44,261,2.35
2025.098.20:04:00/wx/1.14,554.9,24.4,8.65,269,2.33
2025.098.20:05:00/wx/1.39,554.9,23.0,7.66,259,1.92
2025.098.20:06:00/wx/1.19,554.9,22.2,8.99,260,1.99
2025.098.20:07:00/wx/1.58,554.9,23.7,7.04,267,1.95
2025.098.20:08:00/wx/1.27,554.9,23.4,11.78,275,1.81
2025.098.20:09:00/wx/1.17,554.9,22.5,8.85,287,1.95
2025.098.20:10:00/wx/1.49,554.9,22.6,10.60,285,1.99
2025.098.20:11:00/wx/1.05,554.9,23.7,6.88,280,2.15
2025.098.20:12:00/wx/1.60,554.9,23.7,9.43,250,2.05
2025.098.20:13:00/wx/1.05,554.9,23.4,11.84,254,2.15
2025.098.20:14:00/wx/0.50,554.9,24.6,6.55,276,2.14
2025.098.20:15:00/wx/0.81,554.9,25.0,4.88,261,1.98
2025.098.20:16:00/wx/1.07,554.9,23.4,8.10,266,1.97
2025.098.20:17:00/wx/0.91,554.9,23.8,11.59,252,1.95
2025.098.20:18:00/wx/0.49,554.9,25.2,8.69,251,2.18
2025.098.20:19:00/wx/1.00,554.9,25.6,10.60,249,1.99
2025.098.20:20:00/wx/0.68,554.9,25.9,11.63,252,2.12
2025.098.20:21:00/wx/0.75,555.0,26.4,11.02,253,1.87
2025.098.20:22:00/wx/0.70,554.9,26.7,13.13,251,1.95
2025.098.20:23:00/wx/1.34,554.9,25.6,8.55,269,2.07
2025.098.20:24:00/wx/1.75,555.0,24.3,8.96,261,2.09
2025.098.20:25:00/wx/0.91,554.9,25.0,6.22,267,2.13
2025.098.20:26:00/wx/0.65,554.9,25.5,5.37,259,2.01
2025.098.20:27:00/wx/1.00,554.9,26.1,7.63,251,2.12
2025.098.20:28:00/wx/1.17,554.9,25.5,8.00,255,2.10
2025.098.20:29:00/wx/0.73,554.9,23.9,9.94,256,1.89
2025.098.20:30:00/wx/0.62,554.9,24.1,10.18,260,2.10
2025.098.20:31:00/wx/1.27,554.9,23.3,9.04,256,2.09
2025.098.20:32:00/wx/0.70,554.9,23.2,10.33,253,1.89
2025.098.20:33:00/wx/0.65,554.9,23.9,9.90,253,1.97
2025.098.20:34:00/wx/0.90,555.0,24.0,9.68,267,2.07
2025.098.20:35:00/wx/0.87,554.9,24.3,7.76,258,2.02
2025.098.20:36:00/wx/1.27,555.0,23.0,8.49,274,1.93
2025.098.20:37:00/wx/0.98,554.9,22.8,7.22,263,1.85
2025.098.20:38:00/wx/0.95,554.9,22.9,10.65,251,1.84
2025.098.20:39:00/wx/0.66,554.9,22.5,9.63,261,1.91
2025.098.20:40:00/wx/0.88,555.0,22.0,10.41,257,1.97
2025.098.20:41:00/wx/0.79,554.9,22.5,9.41,270,1.92
2025.098.20:42:00/wx/0.80,555.0,22.7,8.73,266,1.80
2025.098.20:43:00/wx/1.49,554.9,20.9,10.49,278,1.73
2025.098.20:44:00/wx/1.09,554.9,19.4,6.96,260,1.59
2025.098.20:45:00/wx/0.82,555.0,19.6,9.59,265,1.78
2025.098.20:46:00/wx/0.56,554.9,20.4,8.40,257,1.78
2025.098.20:47:00/wx/1.00,555.0,20.6,10.43,253,1.73
2025.098.20:48:00/wx/0.80,555.0,21.2,10.41,255,1.69
2025.098.20:49:00/wx/0.69,555.0,21.7,9.63,264,1.59
2025.098.20:50:00/wx/1.08,555.0,19.4,9.23,276,1.66
2025.098.20:51:00/wx/1.30,555.1,19.8,10.68,279,1.43
2025.098.20:52:00/wx/1.10,555.0,17.4,9.03,288,1.60
2025.098.20:53:00/wx/1.17,555.0,20.5,10.40,249,1.67
2025.098.20:54:00/wx/0.72,555.0,20.9,8.62,262,1.56
2025.098.20:55:00/wx/0.91,555.0,21.7,9.72,269,1.70
2025.098.20:56:00/wx/1.45,555.1,22.9,10.60,278,1.62
2025.098.20:57:00/wx/1.38,555.1,23.0,10.60,263,1.59
2025.098.20:58:00/wx/1.01,555.1,22.9,11.31,250,1.66
2025.098.20:59:00/wx/1.10,555.1,22.8,10.28,273,1.54
2025.098.21:00:00/wx/0.90,555.1,20.9,8.72,267,1.52
2025.098.21:01:00/wx/0.60,555.0,20.5,8.21,263,1.48
2025.098.21:02:00/wx/0.80,555.1,20.9,10.00,259,1.66
2025.098.21:03:00/wx/0.39,555.1,21.8,8.18,261,1.67
2025.098.21:04:00/wx/0.59,555.0,22.2,10.61,243,1.66
2025.098.21:05:00/wx/0.40,555.0,23.7,7.40,291,1.83
2025.098.21:06:00/wx/0.87,555.1,23.3,7.40,256,1.86
2025.098.21:07:00/wx/0.89,555.0,23.6,6.55,268,1.73
2025.098.21:08:00/wx/1.06,555.1,23.7,8.09,273,1.85
2025.098.21:09:00/wx/1.01,555.1,24.0,8.92,279,1.76
2025.098.21:10:00/wx/0.78,555.0,24.6,7.91,266,1.80
2025.098.21:11:00/wx/1.00,555.1,24.8,13.03,252,1.82
2025.098.21:12:00/wx/0.88,555.1,25.0,8.63,270,1.78
2025.098.21:13:00/wx/0.45,555.1,25.6,11.88,251,1.95
2025.098.21:14:00/wx/0.20,555.0,26.0,8.12,251,1.99
2025.098.21:15:00/wx/0.43,555.0,25.8,6.41,274,1.91
2025.098.21:16:00/wx/0.49,555.0,24.3,10.82,248,1.75
2025.098.21:17:00/wx/0.52,555.1,22.7,8.77,256,1.73
2025.098.21:18:00/wx/0.49,555.1,22.8,8.78,265,1.73
2025.098.21:19:00/wx/0.60,555.1,23.5,7.83,258,1.72
2025.098.21:20:00/wx/0.90,555.1,23.5,7.76,257,1.77
2025.098.21:21:00/wx/0.70,555.1,23.5,10.05,254,1.70
2025.098.21:22:00/wx/0.40,555.1,24.9,9.50,270,1.70
2025.098.21:23:00/wx/0.34,555.1,25.8,7.33,256,1.77
2025.098.21:24:00/wx/0.10,555.1,26.3,6.53,254,1.93
2025.098.21:25:00/wx/0.16,555.1,25.4,11.72,251,1.81
2025.098.21:26:00/wx/0.21,555.1,25.5,13.72,254,1.62
2025.098.21:27:00/wx/0.07,555.2,25.5,9.90,259,1.80
2025.098.21:28:00/wx/0.03,555.2,26.0,7.20,263,1.91
2025.098.21:29:00/wx/0.00,555.1,26.4,9.56,246,2.05
2025.098.21:30:00/wx/0.36,555.2,26.4,8.99,251,2.11
2025.098.21:31:00/wx/0.42,555.2,26.7,9.33,257,2.14
2025.098.21:32:00/wx/0.20,555.2,27.6,11.63,252,2.11
2025.098.21:33:00/wx/-0.07,555.2,26.8,14.39,251,1.99
2025.098.21:34:00/wx/-0.30,555.2,26.8,11.04,254,1.92
2025.098.21:35:00/wx/-0.30,555.2,27.8,7.67,253,2.11
2025.098.21:36:00/wx/-0.20,555.2,28.9,8.90,275,2.18
2025.098.21:37:00/wx/0.10,555.2,28.8,8.03,264,2.14
2025.098.21:38:00/wx/0.30,555.2,27.8,8.78,265,1.88
2025.098.21:39:00/wx/0.10,555.2,25.6,11.04,279,1.68
2025.098.21:40:00/wx/0.20,555.2,24.7,9.75,276,1.76
2025.098.21:41:00/wx/0.10,555.2,25.4,8.24,250,1.78
2025.098.21:42:00/wx/-0.21,555.1,24.4,7.83,249,1.78
2025.098.21:43:00/wx/-0.22,555.2,25.2,8.93,252,1.89
2025.098.21:44:00/wx/-0.20,555.2,27.3,7.58,263,1.86
2025.098.21:45:00/wx/0.15,555.2,27.5,8.35,275,1.83
2025.098.21:46:00/wx/0.21,555.2,26.9,6.45,262,1.76
2025.098.21:47:00/wx/0.10,555.2,22.9,7.12,266,1.68
2025.098.21:48:00/wx/0.10,555.2,22.4,10.21,281,1.58
2025.098.21:49:00/wx/0.00,555.2,21.0,9.86,289,1.56
2025.098.21:50:00/wx/0.26,555.2,20.5,8.38,268,1.55
2025.098.21:51:00/wx/0.21,555.2,18.5,10.07,277,1.50
2025.098.21:52:00/wx/-0.10,555.2,17.4,8.53,258,1.37
2025.098.21:53:00/wx/0.19,555.2,17.9,10.15,270,1.44
2025.098.21:54:00/wx/0.19,555.3,18.3,9.82,274,1.54
2025.098.21:55:00/wx/-0.05,555.2,19.8,9.88,273,1.57
2025.098.21:56:00/wx/0.20,555.2,19.9,8.03,276,1.51
2025.098.21:57:00/wx/0.20,555.2,20.0,10.41,281,1.57
2025.098.21:58:00/wx/0.10,555.2,21.7,12.17,254,1.74
2025.098.21:59:00/wx/-0.29,555.2,25.9,7.59,262,1.85
2025.098.22:00:00/wx/-0.30,555.3,26.4,9.76,273,1.82
2025.098.22:01:00/wx/-0.40,555.3,26.7,8.63,259,1.91
2025.098.22:02:00/wx/-0.44,555.2,28.6,10.16,245,2.05
2025.098.22:03:00/wx/-0.50,555.2,29.5,7.71,267,2.16
2025.098.22:04:00/wx/-0.40,555.3,30.1,8.55,256,2.17
2025.098.22:05:00/wx/-0.30,555.3,30.5,10.21,255,2.11
2025.098.22:06:00/wx/-0.40,555.3,30.7,12.73,250,2.10
2025.098.22:07:00/wx/-0.50,555.3,30.4,9.74,259,2.09
2025.098.22:08:00/wx/-0.41,555.3,29.7,7.72,278,2.10
2025.098.22:09:00/wx/-0.40,555.3,29.2,10.43,274,2.04
2025.098.22:10:00/wx/-0.40,555.3,29.2,9.70,263,2.07
2025.098.22:11:00/wx/-0.60,555.3,28.4,8.77,272,1.95
2025.098.22:12:00/wx/-0.60,555.3,28.5,9.32,264,1.92
2025.098.22:13:00/wx/-0.60,555.3,28.9,6.43,261,1.96
2025.098.22:14:00/wx/-0.62,555.3,28.9,9.95,255,2.06
2025.098.22:15:00/wx/-0.70,555.3,28.6,12.39,251,1.98
2025.098.22:16:00/wx/-0.60,555.3,29.0,7.89,258,2.11
2025.098.22:17:00/wx/-0.60,555.3,30.5,9.75,258,2.16
2025.098.22:18:00/wx/-0.70,555.3,32.0,10.39,253,2.19
2025.098.22:19:00/wx/-0.70,555.3,32.9,12.40,266,2.23
2025.098.22:20:00/wx/-0.70,555.3,33.2,9.58,263,2.25
2025.098.22:21:00/wx/-0.70,555.2,32.7,11.85,255,2.01
2025.098.22:22:00/wx/-0.80,555.3,32.8,8.08,261,1.90
2025.098.22:23:00/wx/-0.90,555.3,32.7,9.82,254,2.06
2025.098.22:24:00/wx/-1.02,555.3,33.5,11.18,245,2.15
2025.098.22:25:00/wx/-1.12,555.3,34.8,11.66,248,2.20
2025.098.22:26:00/wx/-1.20,555.3,35.0,15.35,244,2.05
2025.098.22:27:00/wx/-1.04,555.3,28.3,12.60,251,1.87
2025.098.22:28:00/wx/-1.00,555.3,26.7,9.69,259,1.86
2025.098.22:29:00/wx/-1.03,555.3,26.0,13.19,253,1.87
2025.098.22:30:00/wx/-1.20,555.3,25.5,10.52,258,1.52
2025.098.22:31:00/wx/-1.20,555.3,25.5,10.06,266,1.46
2025.098.22:32:00/wx/-1.20,555.4,25.9,10.72,252,1.41
2025.098.22:33:00/wx/-1.20,555.3,26.2,8.64,274,1.40
2025.098.22:34:00/wx/-1.30,555.3,26.1,7.07,273,1.38
2025.098.22:35:00/wx/-1.30,555.3,26.4,9.38,263,1.41
2025.098.22:36:00/wx/-1.30,555.3,26.0,9.55,263,1.46
2025.098.22:37:00/wx/-1.40,555.3,25.9,9.43,271,1.57
2025.098.22:38:00/wx/-1.40,555.4,25.4,8.33,263,1.61
2025.098.22:39:00/wx/-1.33,555.3,25.1,9.24,259,1.61
2025.098.22:40:00/wx/-1.40,555.3,25.9,10.29,256,1.64
2025.098.22:41:00/wx/-1.50,555.3,25.8,8.83,266,1.71
2025.098.22:42:00/wx/-1.54,555.4,25.6,7.16,273,1.67
2025.098.22:43:00/wx/-1.70,555.4,25.9,9.03,264,1.66
2025.098.22:44:00/wx/-1.70,555.4,26.1,6.87,258,1.42
2025.098.22:45:00/wx/-1.70,555.4,26.4,10.92,268,1.41
2025.098.22:46:00/wx/-1.80,555.4,26.6,7.51,274,1.47
2025.098.22:47:00/wx/-1.80,555.4,26.7,8.65,266,1.44
2025.098.22:48:00/wx/-1.80,555.4,26.9,9.23,254,1.45
2025.098.22:49:00/wx/-1.84,555.4,26.9,7.53,262,1.33
2025.098.22:50:00/wx/-1.99,555.4,27.1,7.75,268,1.33
2025.098.22:51:00/wx/-1.99,555.4,27.2,7.65,264,1.35
2025.098.22:52:00/wx/-2.01,555.4,27.3,8.42,275,1.37
2025.098.22:53:00/wx/-1.90,555.4,27.2,6.03,276,1.36
2025.098.22:54:00/wx/-2.00,555.4,27.4,7.56,274,1.36
2025.098.22:55:00/wx/-2.10,555.4,27.7,6.41,266,1.38
2025.098.22:56:00/wx/-2.10,555.4,27.7,7.66,266,1.40
2025.098.22:57:00/wx/-2.11,555.4,27.7,9.55,277,1.66
2025.098.22:58:00/wx/-2.10,555.4,27.6,6.59,268,1.62
2025.098.22:59:00/wx/-2.20,555.5,28.0,7.67,261,1.67
2025.098.23:00:00/wx/-2.20,555.4,28.1,7.20,267,1.66
2025.098.23:01:00/wx/-2.12,555.4,28.2,6.89,260,1.63
2025.098.23:02:00/wx/-2.30,555.4,28.5,5.57,262,1.64
2025.098.23:03:00/wx/-2.30,555.5,28.7,7.70,251,1.66
2025.098.23:04:00/wx/-2.30,555.5,28.7,7.15,260,1.64
2025.098.23:05:00/wx/-2.40,555.5,28.9,7.80,260,1.65
2025.098.23:06:00/wx/-2.30,555.5,29.0,6.33,263,1.67
2025.098.23:07:00/wx/-2.40,555.5,29.1,6.92,274,1.63
2025.098.23:08:00/wx/-2.40,555.5,29.2,6.76,267,1.64
2025.098.23:09:00/wx/-2.40,555.5,29.2,6.99,270,1.63
2025.098.23:10:00/wx/-2.50,555.5,29.3,6.28,270,1.57
2025.098.23:11:00/wx/-2.42,555.5,29.3,6.24,268,1.59
2025.098.23:12:00/wx/-2.60,555.5,29.5,6.31,259,1.62
2025.098.23:13:00/wx/-2.60,555.5,29.5,6.09,273,1.63
2025.098.23:14:00/wx/-2.60,555.5,29.6,6.38,250,1.61
2025.098.23:15:00/wx/-2.70,555.5,29.8,6.37,276,1.66
2025.098.23:16:00/wx/-2.73,555.5,30.0,4.74,275,1.62
2025.098.23:17:00/wx/-2.90,555.5,30.3,5.32,271,1.51
2025.098.23:18:00/wx/-3.00,555.5,30.5,6.10,272,1.50
2025.098.23:19:00/wx/-3.06,555.5,30.7,5.49,274,1.53
2025.098.23:20:00/wx/-3.00,555.5,30.7,5.75,275,1.52
2025.098.23:21:00/wx/-3.06,555.5,30.8,6.16,264,1.55
2025.098.23:22:00/wx/-3.00,555.5,30.8,6.56,278,1.52
2025.098.23:23:00/wx/-3.11,555.5,31.0,5.34,274,1.57
2025.098.23:24:00/wx/-3.14,555.5,31.2,5.82,276,1.60
2025.098.23:25:00/wx/-3.10,555.6,31.2,5.73,272,1.60
2025.098.23:26:00/wx/-3.10,555.6,31.2,5.43,273,1.62
2025.098.23:27:00/wx/-3.10,555.6,31.3,6.18,274,1.64
2025.098.23:28:00/wx/-3.20,555.6,31.4,6.68,279,1.65
2025.098.23:29:00/wx/-3.20,555.6,31.8,5.99,266,1.74
2025.098.23:30:00/wx/-3.10,555.6,31.6,4.43,273,1.72
2025.098.23:31:00/wx/-3.10,555.6,31.7,6.07,276,1.69
2025.098.23:32:00/wx/-3.10,555.6,31.7,5.01,264,1.69
2025.098.23:33:00/wx/-3.20,555.6,32.0,4.78,277,1.70
2025.098.23:34:00/wx/-3.30,555.6,32.1,4.96,278,1.67
2025.098.23:35:00/wx/-3.30,555.6,32.2,6.53,279,1.71
2025.098.23:36:00/wx/-3.50,555.6,32.4,6.07,276,1.70
2025.098.23:37:00/wx/-3.60,555.6,32.8,6.36,282,1.71
2025.098.23:38:00/wx/-3.80,555.6,33.1,6.38,283,1.68
2025.098.23:39:00/wx/-3.90,555.6,33.7,6.23,281,1.72
2025.098.23:40:00/wx/-4.00,555.6,34.0,7.33,285,1.67
2025.098.23:41:00/wx/-4.00,555.6,34.2,6.51,282,1.63
2025.098.23:42:00/wx/-3.90,555.6,34.2,6.70,283,1.62
2025.098.23:43:00/wx/-4.00,555.6,34.2,5.44,277,1.61
2025.098.23:44:00/wx/-4.00,555.6,34.3,5.56,281,1.62
2025.098.23:45:00/wx/-3.90,555.6,34.2,4.93,277,1.61
2025.098.23:46:00/wx/-4.00,555.6,34.2,5.13,279,1.61
2025.098.23:47:00/wx/-4.10,555.6,34.3,5.17,278,1.58
2025.098.23:48:00/wx/-4.10,555.6,34.4,5.52,282,1.54
2025.098.23:49:00/wx/-4.20,555.6,34.6,5.72,279,1.54
2025.098.23:50:00/wx/-4.30,555.6,34.8,4.94,278,1.52
2025.098.23:51:00/wx/-4.30,555.6,35.0,5.11,280,1.55
2025.098.23:52:00/wx/-4.40,555.6,35.1,4.46,277,1.52
2025.098.23:53:00/wx/-4.50,555.6,35.4,4.86,281,1.59
2025.098.23:54:00/wx/-4.50,555.6,35.4,5.03,285,1.58
2025.098.23:55:00/wx/-4.50,555.6,35.6,5.11,285,1.52
2025.098.23:56:00/wx/-4.60,555.6,35.8,5.21,284,1.48
2025.098.23:57:00/wx/-4.50,555.6,36.0,5.16,286,1.47
2025.098.23:58:00/wx/-4.58,555.5,36.0,5.40,280,1.47
2025.098.23:59:00/wx/-4.58,555.6,36.1,5.31,286,1.44
2025.099.00:00:00/wx/-4.50,555.6,36.0,4.72,279,1.49
2025.099.00:01:00/wx/-4.71,555.6,36.4,4.51,278,1.51
2025.099.00:02:00/wx/-4.60,555.6,36.6,4.31,277,1.53
2025.099.00:03:00/wx/-4.38,555.6,36.3,3.48,256,1.51
2025.099.00:04:00/wx/-3.83,555.7,35.7,5.62,253,1.53
2025.099.00:05:00/wx/-3.70,555.7,35.1,6.20,250,1.55
2025.099.00:06:00/wx/-3.66,555.7,34.9,6.25,251,1.56
2025.099.00:07:00/wx/-3.90,555.6,35.0,5.52,249,1.52
2025.099.00:08:00/wx/-4.04,555.7,35.3,4.87,254,1.52
2025.099.00:09:00/wx/-4.00,555.7,35.4,4.92,254,1.51
2025.099.00:10:00/wx/-4.00,555.6,35.2,4.74,255,1.52
2025.099.00:11:00/wx/-3.90,555.7,35.1,5.14,253,1.49
2025.099.00:12:00/wx/-3.90,555.7,35.0,5.34,251,1.50
2025.099.00:13:00/wx/-4.00,555.7,35.2,5.29,253,1.50
2025.099.00:14:00/wx/-4.00,555.7,35.4,5.13,250,1.48
2025.099.00:15:00/wx/-4.00,555.7,35.4,5.77,250,1.43
2025.099.00:16:00/wx/-4.16,555.7,35.7,5.48,251,1.43
2025.099.00:17:00/wx/-4.00,555.7,35.9,5.62,253,1.42
2025.099.00:18:00/wx/-4.00,555.7,35.7,5.60,250,1.39
2025.099.00:19:00/wx/-4.10,555.7,36.0,5.29,254,1.40
2025.099.00:20:00/wx/-4.00,555.7,36.0,5.08,255,1.39
2025.099.00:21:00/wx/-3.84,555.7,35.8,5.79,253,1.36
2025.099.00:22:00/wx/-3.80,555.6,35.7,4.83,256,1.36
2025.099.00:23:00/wx/-3.80,555.7,35.8,5.47,252,1.33
2025.099.00:24:00/wx/-3.81,555.7,36.0,5.09,254,1.30
2025.099.00:25:00/wx/-3.90,555.7,36.1,4.72,254,1.32
2025.099.00:26:00/wx/-4.00,555.7,36.5,4.68,254,1.32
2025.099.00:27:00/wx/-3.90,555.7,36.7,4.93,254,1.33
2025.099.00:28:00/wx/-3.90,555.7,36.9,5.23,252,1.33
2025.099.00:29:00/wx/-3.90,555.7,36.8,4.58,258,1.34
2025.099.00:30:00/wx/-3.81,555.7,36.7,3.82,257,1.31
2025.099.00:31:00/wx/-3.80,555.7,36.7,4.03,259,1.32
2025.099.00:32:00/wx/-4.00,555.7,37.0,4.23,261,1.30
2025.099.00:33:00/wx/-3.90,555.7,37.1,4.24,261,1.30
2025.099.00:34:00/wx/-3.70,555.7,36.8,4.57,255,1.26
2025.099.00:35:00/wx/-3.70,555.7,36.9,4.38,264,1.29
2025.099.00:36:00/wx/-3.70,555.7,36.9,3.69,266,1.25
2025.099.00:37:00/wx/-3.70,555.6,36.7,3.92,266,1.23
2025.099.00:38:00/wx/-3.70,555.7,36.9,3.68,263,1.23
2025.099.00:39:00/wx/-3.70,555.7,37.0,4.36,277,1.22
2025.099.00:40:00/wx/-3.68,555.7,37.0,3.96,269,1.20
2025.099.00:41:00/wx/-3.66,555.7,36.9,3.46,272,1.20
2025.099.00:42:00/wx/-4.11,555.7,37.4,3.94,293,1.20
2025.099.00:43:00/wx/-4.36,555.7,37.8,3.88,292,1.20
2025.099.00:44:00/wx/-4.40,555.7,38.2,4.61,279,1.16
2025.099.00:45:00/wx/-4.40,555.7,38.3,4.00,285,1.18
2025.099.00:46:00/wx/-4.48,555.7,38.4,3.63,294,1.17
2025.099.00:47:00/wx/-4.40,555.8,38.5,3.62,281,1.20
2025.099.00:48:00/wx/-4.30,555.7,38.7,3.32,286,1.17
2025.099.00:49:00/wx/-4.40,555.8,38.5,3.63,283,1.17
2025.099.00:50:00/wx/-4.30,555.8,38.8,2.82,279,1.17
2025.099.00:51:00/wx/-4.30,555.8,38.7,3.43,285,1.17
2025.099.00:52:00/wx/-4.40,555.8,38.9,3.55,278,1.17
2025.099.00:53:00/wx/-4.40,555.8,39.4,3.54,267,1.16
2025.099.00:54:00/wx/-4.60,555.8,39.3,3.45,271,1.13
2025.099.00:55:00/wx/-4.37,555.8,39.6,3.04,274,1.13
2025.099.00:56:00/wx/-4.38,555.8,39.4,2.99,278,1.11
2025.099.00:57:00/wx/-4.41,555.8,39.1,3.52,287,1.12
2025.099.00:58:00/wx/-4.50,555.8,39.4,3.11,287,1.11
2025.099.00:59:00/wx/-4.59,555.8,39.4,3.03,299,1.10
2025.099.01:00:00/wx/-4.50,555.8,39.5,3.37,295,1.08
2025.099.01:01:00/wx/-4.32,555.8,39.3,3.23,293,1.09
2025.099.01:02:00/wx/-4.30,555.8,39.1,2.85,292,1.08
2025.099.01:03:00/wx/-4.30,555.8,38.9,3.10,295,1.08
2025.099.01:04:00/wx/-4.40,555.8,38.9,2.93,302,1.07
2025.099.01:05:00/wx/-4.84,555.8,39.9,2.73,311,1.05
2025.099.01:06:00/wx/-5.00,555.8,41.2,2.92,314,1.05
2025.099.01:07:00/wx/-5.00,555.8,41.5,2.91,318,1.04
2025.099.01:08:00/wx/-5.00,555.8,41.6,3.16,318,1.05
2025.099.01:09:00/wx/-4.90,555.8,41.5,3.03,325,1.07
2025.099.01:10:00/wx/-4.80,555.8,41.3,3.08,318,1.07
2025.099.01:11:00/wx/-4.70,555.9,41.2,3.20,321,1.06
2025.099.01:12:00/wx/-4.60,555.9,41.1,3.15,316,1.08
2025.099.01:13:00/wx/-4.50,555.9,40.9,3.17,320,1.10
2025.099.01:14:00/wx/-4.50,555.9,40.7,3.23,323,1.09
2025.099.01:15:00/wx/-4.47,555.9,40.6,3.34,324,1.09
2025.099.01:16:00/wx/-4.40,555.9,40.5,3.41,320,1.08
2025.099.01:17:00/wx/-4.30,555.9,40.5,3.04,325,1.06
2025.099.01:18:00/wx/-4.30,555.9,40.4,3.21,323,1.06
2025.099.01:19:00/wx/-4.30,555.9,40.4,3.63,323,1.07
2025.099.01:20:00/wx/-4.23,555.9,40.3,3.62,326,1.07
2025.099.01:21:00/wx/-4.20,555.8,40.1,3.63,328,1.06
2025.099.01:22:00/wx/-4.30,555.8,40.3,3.35,330,1.05
2025.099.01:23:00/wx/-4.24,555.8,40.4,3.86,333,1.01
2025.099.01:24:00/wx/-4.10,555.8,40.2,3.82,339,1.00
2025.099.01:25:00/wx/-4.10,555.8,40.1,4.00,329,0.99
2025.099.01:26:00/wx/-4.10,555.8,40.1,3.76,330,0.98
2025.099.01:27:00/wx/-4.00,555.8,40.0,3.94,333,0.96
2025.099.01:28:00/wx/-4.00,555.8,39.9,3.74,328,0.97
2025.099.01:29:00/wx/-4.10,555.8,39.9,3.73,331,0.94
2025.099.01:30:00/wx/-4.30,555.8,40.6,3.73,324,0.96
2025.099.01:31:00/wx/-4.20,555.9,40.5,3.96,329,0.95
2025.099.01:32:00/wx/-4.11,555.9,40.4,3.81,323,0.97
2025.099.01:33:00/wx/-4.20,555.9,40.4,3.52,324,0.99
2025.099.01:34:00/wx/-4.20,555.9,40.7,3.73,324,0.96
2025.099.01:35:00/wx/-4.00,555.9,40.4,3.52,323,0.96
2025.099.01:36:00/wx/-3.90,555.9,40.1,3.36,327,0.96
2025.099.01:37:00/wx/-3.90,555.9,39.9,3.48,308,0.94
2025.099.01:38:00/wx/-3.90,555.9,39.9,3.83,306,0.94
2025.099.01:39:00/wx/-3.90,555.9,39.7,3.73,310,0.95
2025.099.01:40:00/wx/-3.90,555.9,39.8,4.09,308,0.93
2025.099.01:41:00/wx/-3.80,555.9,39.6,3.73,310,0.92
2025.099.01:42:00/wx/-3.90,555.9,39.7,3.63,311,0.92
2025.099.01:43:00/wx/-4.00,555.9,39.8,4.57,311,0.93
2025.099.01:44:00/wx/-3.90,555.9,39.9,4.53,309,0.91
2025.099.01:45:00/wx/-3.84,555.9,39.4,4.19,320,0.91
2025.099.01:46:00/wx/-3.90,555.9,39.5,4.43,317,0.93
2025.099.01:47:00/wx/-4.65,555.9,39.9,4.80,312,0.92
2025.099.01:48:00/wx/-4.24,555.9,40.8,4.63,320,0.93
2025.099.01:49:00/wx/-3.99,555.9,39.9,4.65,325,0.93
2025.099.01:50:00/wx/-3.75,555.9,37.9,5.03,317,0.91
2025.099.01:51:00/wx/-3.71,555.9,38.7,4.62,335,0.91
2025.099.01:52:00/wx/-3.61,555.9,37.9,4.87,340,0.93
2025.099.01:53:00/wx/-4.34,555.9,38.3,4.71,331,0.93
2025.099.01:54:00/wx/-4.00,555.9,38.0,4.41,336,0.93
2025.099.01:55:00/wx/-4.06,555.9,37.6,4.67,333,0.94
2025.099.01:56:00/wx/-3.69,555.8,37.0,4.35,336,0.92
2025.099.01:57:00/wx/-3.69,555.9,37.0,4.61,327,0.92
2025.099.01:58:00/wx/-3.73,555.9,36.6,5.01,334,0.94
2025.099.01:59:00/wx/-3.70,555.8,36.1,5.35,341,0.92
2025.099.02:00:00/wx/-3.39,555.8,34.5,4.73,342,0.91
2025.099.02:01:00/wx/-3.20,555.8,34.0,4.33,340,0.93
2025.099.02:02:00/wx/-3.20,555.8,33.8,4.39,339,0.94
2025.099.02:03:00/wx/-3.52,555.9,34.6,4.52,340,0.93
2025.099.02:04:00/wx/-3.40,555.9,34.4,5.17,330,0.95
2025.099.02:05:00/wx/-3.28,555.9,33.6,4.94,341,0.94
2025.099.02:06:00/wx/-3.71,555.9,34.7,4.82,331,0.95
2025.099.02:07:00/wx/-3.60,555.9,34.4,4.63,338,0.97
2025.099.02:08:00/wx/-3.82,555.9,34.6,4.06,344,0.98
2025.099.02:09:00/wx/-3.60,555.9,34.2,4.80,344,0.98
2025.099.02:10:00/wx/-3.61,555.9,33.9,4.53,326,0.97
2025.099.02:11:00/wx/-3.49,555.9,33.7,3.95,325,0.98
2025.099.02:12:00/wx/-3.87,555.9,34.7,4.76,330,0.96
2025.099.02:13:00/wx/-3.97,555.9,34.8,5.04,326,0.97
2025.099.02:14:00/wx/-3.62,555.9,34.9,4.69,329,0.96
2025.099.02:15:00/wx/-3.61,555.9,34.8,4.37,330,0.95
2025.099.02:16:00/wx/-3.50,555.9,34.0,4.43,333,0.96
2025.099.02:17:00/wx/-4.00,555.9,35.2,4.65,325,0.95
2025.099.02:18:00/wx/-3.53,555.9,34.9,4.63,331,0.95
2025.099.02:19:00/wx/-3.41,555.8,34.4,4.57,327,0.96
2025.099.02:20:00/wx/-3.55,555.9,35.0,5.13,334,0.96
2025.099.02:21:00/wx/-3.30,555.9,34.2,5.43,334,0.97
2025.099.02:22:00/wx/-3.00,555.8,33.4,4.90,330,0.99
2025.099.02:23:00/wx/-2.90,555.8,32.7,4.77,332,0.97
2025.099.02:24:00/wx/-3.00,555.8,32.9,4.60,326,0.97
2025.099.02:25:00/wx/-3.20,555.8,33.0,4.91,333,0.97
2025.099.02:26:00/wx/-3.30,555.8,33.1,4.23,331,0.93
2025.099.02:27:00/wx/-3.75,555.8,34.0,4.76,332,0.92
2025.099.02:28:00/wx/-3.51,555.8,33.8,4.44,326,0.91
2025.099.02:29:00/wx/-3.40,555.9,33.4,4.24,325,0.95
2025.099.02:30:00/wx/-3.33,555.8,33.4,4.41,326,0.91
2025.099.02:31:00/wx/-3.40,555.8,33.2,4.53,328,0.99
2025.099.02:32:00/wx/-3.70,555.9,33.8,3.87,332,0.91
2025.099.02:33:00/wx/-3.77,555.8,34.1,4.02,328,0.97
2025.099.02:34:00/wx/-4.03,555.9,34.4,3.91,321,0.94
2025.099.02:35:00/wx/-3.84,555.8,34.0,4.60,327,0.98
2025.099.02:36:00/wx/-3.59,555.9,33.2,4.53,334,0.98
2025.099.02:37:00/wx/-3.56,555.9,32.9,4.61,332,0.99
2025.099.02:38:00/wx/-3.30,555.8,32.3,4.82,336,0.98
2025.099.02:39:00/wx/-3.40,555.8,32.2,4.53,336,0.97
2025.099.02:40:00/wx/-3.30,555.8,32.1,5.17,334,-54.40
2025.099.02:41:00/wx/-3.20,555.9,31.7,4.05,330,0.99
2025.099.02:42:00/wx/-3.50,555.9,32.1,4.93,333,1.01
2025.099.02:43:00/wx/-3.31,555.9,32.1,4.76,336,1.00
2025.099.02:44:00/wx/-3.32,555.9,31.9,4.36,328,0.99
2025.099.02:45:00/wx/-3.38,555.9,32.0,4.44,330,0.98
2025.099.02:46:00/wx/-3.30,555.9,32.0,5.20,329,0.98
2025.099.02:47:00/wx/-3.35,555.9,31.8,4.79,335,0.94
2025.099.02:48:00/wx/-3.59,555.9,32.2,4.90,325,0.93
2025.099.02:49:00/wx/-3.40,555.9,32.2,5.18,341,0.96
2025.099.02:50:00/wx/-3.30,555.9,32.0,4.96,332,0.93
2025.099.02:51:00/wx/-3.30,555.9,31.9,4.64,341,0.94
2025.099.02:52:00/wx/-3.50,555.9,32.5,4.98,329,0.91
2025.099.02:53:00/wx/-3.30,555.9,32.3,5.41,333,0.92
2025.099.02:54:00/wx/-3.20,555.9,32.0,5.04,338,0.90
2025.099.02:55:00/wx/-3.37,555.9,32.3,5.77,334,0.90
2025.099.02:56:00/wx/-3.31,555.9,32.2,5.50,332,0.89
2025.099.02:57:00/wx/-3.40,555.9,32.6,5.55,334,0.89
2025.099.02:58:00/wx/-3.30,555.9,32.4,5.22,331,0.90
2025.099.02:59:00/wx/-3.38,555.9,32.5,4.47,329,0.89
2025.099.03:00:00/wx/-3.61,555.9,33.1,5.24,327,0.89
2025.099.03:01:00/wx/-3.50,555.9,32.9,5.39,328,0.90
2025.099.03:02:00/wx/-3.24,555.9,32.3,5.36,328,0.91
2025.099.03:03:00/wx/-3.30,555.9,32.0,4.83,333,0.90
2025.099.03:04:00/wx/-3.55,555.9,32.4,5.28,330,0.87
2025.099.03:05:00/wx/-3.49,555.9,32.6,5.34,326,0.87
2025.099.03:06:00/wx/-3.48,555.9,32.3,5.11,328,0.89
2025.099.03:07:00/wx/-3.61,555.9,32.4,5.07,330,0.88
2025.099.03:08:00/wx/-3.50,555.9,32.3,5.13,333,0.87
2025.099.03:09:00/wx/-3.24,555.9,32.2,5.50,335,0.86
2025.099.03:10:00/wx/-3.70,555.9,32.8,5.12,336,0.89
2025.099.03:11:00/wx/-3.81,555.9,33.2,5.03,337,0.84
2025.099.03:12:00/wx/-3.47,555.9,33.0,4.83,331,0.85
2025.099.03:13:00/wx/-3.50,555.9,33.1,5.03,331,0.83
2025.099.03:14:00/wx/-3.30,555.9,33.1,5.08,330,0.83
2025.099.03:15:00/wx/-3.40,555.9,33.1,5.13,333,0.84
2025.099.03:16:00/wx/-3.28,555.9,33.0,4.92,328,0.84
2025.099.03:17:00/wx/-3.20,555.9,32.9,4.71,333,0.85
2025.099.03:18:00/wx/-3.20,555.9,32.9,4.53,333,0.85
2025.099.03:19:00/wx/-3.57,555.9,33.3,4.75,333,0.87
2025.099.03:20:00/wx/-3.50,555.9,33.6,4.65,334,0.88
2025.099.03:21:00/wx/-3.48,555.9,33.7,4.82,330,0.88
2025.099.03:22:00/wx/-3.50,555.9,33.7,4.14,332,0.88
2025.099.03:23:00/wx/-3.40,555.9,33.4,4.44,329,0.87
2025.099.03:24:00/wx/-3.40,555.9,33.3,4.97,331,0.88
2025.099.03:25:00/wx/-3.29,555.9,33.1,4.94,334,0.88
2025.099.03:26:00/wx/-3.37,555.9,33.2,4.97,334,0.88
2025.099.03:27:00/wx/-3.51,555.9,33.5,4.84,337,0.90
2025.099.03:28:00/wx/-3.93,555.9,34.6,4.91,325,0.91
2025.099.03:29:00/wx/-3.80,555.9,35.0,5.08,328,0.89
2025.099.03:30:00/wx/-3.70,555.9,34.8,5.03,330,0.88
2025.099.03:31:00/wx/-3.46,555.9,34.4,5.10,330,0.90
2025.099.03:32:00/wx/-3.40,555.9,34.1,5.08,329,0.89
2025.099.03:33:00/wx/-3.30,555.9,34.5,5.22,323,0.88
2025.099.03:34:00/wx/-3.80,555.9,35.5,4.93,320,0.87
2025.099.03:35:00/wx/-3.80,555.9,35.7,5.03,331,0.85
2025.099.03:36:00/wx/-3.60,555.8,35.8,5.27,330,0.85
2025.099.03:37:00/wx/-3.50,555.8,35.7,5.61,337,0.85
2025.099.03:38:00/wx/-3.40,555.8,35.6,5.64,332,0.85
2025.099.03:39:00/wx/-3.47,555.8,35.8,5.23,334,0.89
2025.099.03:40:00/wx/-3.50,555.8,35.8,5.43,333,0.88
2025.099.03:41:00/wx/-3.50,555.8,35.8,5.30,333,0.86
2025.099.03:42:00/wx/-3.59,555.8,36.1,5.98,337,0.85
2025.099.03:43:00/wx/-3.49,555.8,36.5,5.46,338,0.85
2025.099.03:44:00/wx/-3.40,555.8,36.4,5.51,332,0.89
2025.099.03:45:00/wx/-3.40,555.9,36.6,5.33,335,0.88
2025.099.03:46:00/wx/-3.50,555.8,36.6,5.27,337,0.87
2025.099.03:47:00/wx/-3.50,555.9,37.0,5.43,336,0.89
2025.099.03:48:00/wx/-3.39,555.8,37.2,4.71,336,0.88
2025.099.03:49:00/wx/-3.47,555.8,37.3,5.53,334,0.88
2025.099.03:50:00/wx/-3.40,555.9,37.6,4.73,334,0.88
2025.099.03:51:00/wx/-3.60,555.9,37.9,5.22,336,0.89
2025.099.03:52:00/wx/-3.50,555.8,38.0,5.12,340,0.89
2025.099.03:53:00/wx/-3.40,555.8,37.8,4.82,341,0.87
2025.099.03:54:00/wx/-3.63,555.8,38.0,4.86,334,0.91
2025.099.03:55:00/wx/-3.80,555.8,38.7,5.03,330,0.93
2025.099.03:56:00/wx/-3.55,555.8,38.5,4.91,335,0.90
2025.099.03:57:00/wx/-3.42,555.8,38.5,4.91,342,0.90
2025.099.03:58:00/wx/-3.12,555.8,37.8,4.90,331,0.90
2025.099.03:59:00/wx/-3.43,555.8,38.2,4.72,331,0.90
2025.099.04:00:00/wx/-3.70,555.8,38.6,5.43,335,0.91
2025.099.04:01:00/wx/-3.45,555.8,38.6,4.99,335,0.90
2025.099.04:02:00/wx/-3.29,555.8,38.1,4.65,321,0.88
2025.099.04:03:00/wx/-3.50,555.8,38.4,5.11,331,0.89
2025.099.04:04:00/wx/-3.33,555.8,38.3,5.17,338,0.90
2025.099.04:05:00/wx/-3.19,555.8,38.0,4.81,325,0.93
2025.099.04:06:00/wx/-3.20,555.8,37.8,4.53,330,0.92
2025.099.04:07:00/wx/-3.41,555.8,38.2,4.51,332,0.92
2025.099.04:08:00/wx/-3.40,555.9,38.3,4.05,332,0.94
2025.099.04:09:00/wx/-3.60,555.8,38.5,4.19,331,0.94
2025.099.04:10:00/wx/-3.61,555.8,38.7,3.99,329,0.93
2025.099.04:11:00/wx/-3.51,555.8,39.1,3.52,334,0.93
2025.099.04:12:00/wx/-4.10,555.9,40.1,3.77,326,0.92
2025.099.04:13:00/wx/-4.12,555.8,40.4,4.73,338,0.92
2025.099.04:14:00/wx/-3.73,555.8,39.9,4.36,340,0.91
2025.099.04:15:00/wx/-3.40,555.8,39.0,3.73,332,0.91
2025.099.04:16:00/wx/-3.30,555.8,38.7,4.33,337,0.89
2025.099.04:17:00/wx/-3.49,555.8,38.8,4.66,334,0.89
2025.099.04:18:00/wx/-3.50,555.8,39.0,4.39,326,0.88
2025.099.04:19:00/wx/-3.42,555.8,38.9,3.98,332,0.89
2025.099.04:20:00/wx/-3.30,555.8,38.6,4.24,335,0.88
2025.099.04:21:00/wx/-3.20,555.8,38.3,3.89,336,0.89
2025.099.04:22:00/wx/-3.40,555.8,38.5,4.24,335,0.89
2025.099.04:23:00/wx/-3.30,555.8,38.6,4.18,323,0.93
2025.099.04:24:00/wx/-3.30,555.8,38.5,4.34,336,0.89
2025.099.04:25:00/wx/-3.21,555.8,38.6,3.97,335,0.86
2025.099.04:26:00/wx/-3.20,555.8,38.4,4.57,332,0.89
2025.099.04:27:00/wx/-3.40,555.8,38.6,4.63,333,0.88
2025.099.04:28:00/wx/-3.50,555.7,38.8,4.59,337,0.86
2025.099.04:29:00/wx/-3.40,555.7,39.0,4.23,339,0.83
2025.099.04:30:00/wx/-3.20,555.7,38.9,3.85,345,0.84
2025.099.04:31:00/wx/-3.30,555.7,38.8,4.67,330,0.84
2025.099.04:32:00/wx/-3.20,555.7,38.8,4.12,331,0.84
2025.099.04:33:00/wx/-3.20,555.7,38.9,4.62,341,0.83
2025.099.04:34:00/wx/-3.11,555.7,38.9,5.05,340,0.82
2025.099.04:35:00/wx/-3.20,555.7,39.1,4.85,340,0.82
2025.099.04:36:00/wx/-3.09,555.7,39.0,4.62,344,0.82
2025.099.04:37:00/wx/-3.40,555.7,39.6,4.54,342,0.83
2025.099.04:38:00/wx/-3.40,555.7,39.8,3.94,336,0.82
2025.099.04:39:00/wx/-3.60,555.7,40.1,4.23,343,0.82
2025.099.04:40:00/wx/-3.90,555.7,40.6,4.50,333,0.82
2025.099.04:41:00/wx/-3.60,555.7,40.3,4.01,334,0.81
2025.099.04:42:00/wx/-3.40,555.7,40.1,4.03,340,0.80
2025.099.04:43:00/wx/-3.30,555.7,39.8,3.57,329,0.83
2025.099.04:44:00/wx/-3.59,555.7,39.8,4.03,333,0.82
2025.099.04:45:00/wx/-3.48,555.7,40.0,3.90,332,0.82
2025.099.04:46:00/wx/-3.20,555.7,39.5,3.88,329,0.84
2025.099.04:47:00/wx/-3.30,555.6,39.3,4.24,328,0.82
2025.099.04:48:00/wx/-3.40,555.6,39.5,3.84,341,0.83
2025.099.04:49:00/wx/-3.70,555.7,39.9,3.75,331,0.83
2025.099.04:50:00/wx/-3.70,555.7,38.6,4.07,340,0.82
2025.099.04:51:00/wx/-3.94,555.7,38.7,4.14,332,0.82
2025.099.04:52:00/wx/-3.80,555.6,39.3,4.73,340,0.82
2025.099.04:53:00/wx/-3.35,555.6,39.2,3.45,334,0.80
2025.099.04:54:00/wx/-3.31,555.6,39.0,3.76,331,0.80
2025.099.04:55:00/wx/-3.19,555.7,38.0,3.81,332,0.80
2025.099.04:56:00/wx/-3.43,555.6,38.1,3.71,344,0.81
2025.099.04:57:00/wx/-3.20,555.6,37.6,4.23,337,0.81
2025.099.04:58:00/wx/-3.32,555.6,36.7,4.17,332,0.80
2025.099.04:59:00/wx/-3.60,555.7,36.3,3.93,339,0.84
2025.099.05:00:00/wx/-3.46,555.6,37.0,4.29,340,0.81
2025.099.05:01:00/wx/-3.64,555.6,35.3,3.62,343,0.82
2025.099.05:02:00/wx/-3.50,555.6,35.9,4.62,341,0.80
2025.099.05:03:00/wx/-3.44,555.6,37.8,3.99,336,0.82
2025.099.05:04:00/wx/-3.30,555.6,37.4,3.83,333,0.82
2025.099.05:05:00/wx/-3.07,555.6,36.4,3.33,329,0.79
2025.099.05:06:00/wx/-3.08,555.6,34.5,4.18,339,0.79
2025.099.05:07:00/wx/-3.42,555.6,35.4,4.22,341,0.76
2025.099.05:08:00/wx/-3.50,555.5,35.6,4.08,336,0.76
2025.099.05:09:00/wx/-3.30,555.5,34.9,4.83,339,0.79
2025.099.05:10:00/wx/-3.15,555.6,34.3,4.21,337,0.76
2025.099.05:11:00/wx/-3.09,555.6,33.3,3.84,339,0.80
2025.099.05:12:00/wx/-3.10,555.5,32.3,4.42,332,0.80
2025.099.05:13:00/wx/-3.46,555.5,32.7,4.87,343,0.80
2025.099.05:14:00/wx/-3.60,555.5,32.9,4.73,342,0.83
2025.099.05:15:00/wx/-3.50,555.5,33.0,4.57,335,0.83
2025.099.05:16:00/wx/-3.50,555.5,32.9,4.22,335,0.84
2025.099.05:17:00/wx/-3.73,555.6,32.9,4.18,334,0.84
2025.099.05:18:00/wx/-3.84,555.5,33.1,3.71,329,0.84
2025.099.05:19:00/wx/-3.60,555.5,32.4,3.25,328,0.84
2025.099.05:20:00/wx/-3.65,555.5,32.1,4.02,333,0.81
2025.099.05:21:00/wx/-3.62,555.5,32.2,4.52,334,0.81
2025.099.05:22:00/wx/-3.52,555.4,31.3,4.36,339,0.79
2025.099.05:23:00/wx/-4.23,555.4,32.3,4.02,334,0.79
2025.099.05:24:00/wx/-3.89,555.4,32.8,4.84,331,0.80
2025.099.05:25:00/wx/-3.60,555.4,31.6,4.67,335,0.80
2025.099.05:26:00/wx/-3.70,555.4,31.6,4.62,335,0.80
2025.099.05:27:00/wx/-3.40,555.4,31.0,4.51,334,0.79
2025.099.05:28:00/wx/-3.40,555.4,30.6,4.86,334,0.79
2025.099.05:29:00/wx/-3.61,555.4,30.9,4.44,344,0.78
2025.099.05:30:00/wx/-3.40,555.4,30.7,4.96,338,0.78
2025.099.05:31:00/wx/-3.30,555.4,30.6,4.75,343,0.81
2025.099.05:32:00/wx/-3.10,555.4,30.2,4.65,334,0.81
2025.099.05:33:00/wx/-3.20,555.3,30.2,4.53,338,0.79
2025.099.05:34:00/wx/-3.71,555.4,30.9,4.74,340,0.78
2025.099.05:35:00/wx/-3.50,555.4,30.8,4.81,338,0.79
2025.099.05:36:00/wx/-3.41,555.3,30.4,4.41,333,0.76
2025.099.05:37:00/wx/-3.20,555.4,30.0,4.22,334,0.78
2025.099.05:38:00/wx/-3.13,555.4,29.9,4.10,334,0.76
2025.099.05:39:00/wx/-3.51,555.4,30.2,4.96,330,0.75
2025.099.05:40:00/wx/-3.30,555.4,30.0,4.46,332,0.74
2025.099.05:41:00/wx/-3.40,555.3,30.0,4.86,337,0.76
2025.099.05:42:00/wx/-3.30,555.4,29.6,4.98,334,0.73
2025.099.05:43:00/wx/-3.43,555.4,29.5,5.16,335,0.75
2025.099.05:44:00/wx/-3.51,555.3,29.5,5.24,335,0.74
2025.099.05:45:00/wx/-3.66,555.3,29.9,5.42,342,0.73
2025.099.05:46:00/wx/-4.21,555.3,30.6,5.32,344,0.71
2025.099.05:47:00/wx/-3.44,555.3,30.1,5.02,338,0.73
2025.099.05:48:00/wx/-3.30,555.3,29.3,5.06,339,0.74
2025.099.05:49:00/wx/-3.52,555.3,29.1,5.56,338,0.73
2025.099.05:50:00/wx/-3.54,555.3,29.2,4.95,336,0.74
2025.099.05:51:00/wx/-3.60,555.3,29.4,5.25,333,0.73
2025.099.05:52:00/wx/-3.70,555.3,29.3,5.09,336,0.76
2025.099.05:53:00/wx/-3.80,555.3,29.7,5.51,338,0.73
2025.099.05:54:00/wx/-3.81,555.3,29.8,5.54,339,0.73
2025.099.05:55:00/wx/-3.76,555.3,29.8,5.19,337,0.71
2025.099.05:56:00/wx/-3.50,555.3,29.4,5.03,332,0.73
2025.099.05:57:00/wx/-3.50,555.3,29.3,5.87,330,0.73
2025.099.05:58:00/wx/-3.40,555.3,29.1,5.01,334,0.72
2025.099.05:59:00/wx/-3.68,555.2,29.5,5.38,335,0.72
2025.099.06:00:00/wx/-3.50,555.3,29.2,5.43,340,0.73
2025.099.06:01:00/wx/-3.50,555.2,29.1,5.63,335,0.77
2025.099.06:02:00/wx/-3.43,555.3,29.1,5.04,333,0.74
2025.099.06:03:00/wx/-3.52,555.3,29.5,4.65,342,0.73
2025.099.06:04:00/wx/-3.41,555.2,29.2,4.52,338,0.73
2025.099.06:05:00/wx/-3.50,555.2,29.3,4.82,336,0.73
2025.099.06:06:00/wx/-3.70,555.2,29.5,4.43,334,0.74
2025.099.06:07:00/wx/-3.77,555.2,29.9,4.96,334,0.72
2025.099.06:08:00/wx/-3.50,555.2,29.7,5.02,339,0.71
2025.099.06:09:00/wx/-3.93,555.2,30.3,4.87,334,0.72
2025.099.06:10:00/wx/-3.90,555.2,30.6,4.98,335,0.72
2025.099.06:11:00/wx/-3.60,555.2,29.9,5.03,337,0.70
2025.099.06:12:00/wx/-3.48,555.1,29.7,4.48,335,0.70
2025.099.06:13:00/wx/-3.90,555.1,30.5,4.73,335,0.68
2025.099.06:14:00/wx/-3.82,555.1,30.5,4.70,338,0.66
2025.099.06:15:00/wx/-3.68,555.2,30.4,4.64,339,0.65
2025.099.06:16:00/wx/-4.22,555.1,31.2,4.54,335,0.65
2025.099.06:17:00/wx/-4.10,555.1,31.8,4.82,337,0.66
2025.099.06:18:00/wx/-3.82,555.1,30.9,4.15,336,0.65
2025.099.06:19:00/wx/-3.60,555.1,30.4,4.93,335,0.65
2025.099.06:20:00/wx/-3.50,555.1,30.1,4.98,340,0.64
2025.099.06:21:00/wx/-3.60,555.1,30.1,4.88,338,0.65
2025.099.06:22:00/wx/-3.60,555.1,30.1,4.88,337,0.64
2025.099.06:23:00/wx/-3.41,555.1,29.8,4.64,334,0.63
2025.099.06:24:00/wx/-3.30,555.1,29.6,4.83,337,0.64
2025.099.06:25:00/wx/-3.20,555.1,29.1,5.04,338,0.65
2025.099.06:26:00/wx/-3.20,555.1,29.0,4.47,341,0.65
2025.099.06:27:00/wx/-3.51,555.1,29.4,4.90,326,0.64
2025.099.06:28:00/wx/-3.70,555.0,30.0,4.75,333,0.65
2025.099.06:29:00/wx/-3.80,555.1,30.4,4.81,331,0.68
2025.099.06:30:00/wx/-3.80,555.1,29.9,4.93,329,0.66
2025.099.06:31:00/wx/-3.60,555.1,29.7,4.83,334,0.65
2025.099.06:32:00/wx/-3.70,555.1,30.2,4.84,339,0.61
2025.099.06:33:00/wx/-3.91,555.1,30.7,5.14,337,0.61
2025.099.06:34:00/wx/-3.60,555.0,30.0,5.39,340,0.58
2025.099.06:35:00/wx/-3.89,555.0,29.8,5.19,342,0.59
2025.099.06:36:00/wx/-4.30,555.0,31.1,5.14,341,0.59
2025.099.06:37:00/wx/-3.93,555.0,30.7,4.95,339,0.60
2025.099.06:38:00/wx/-4.31,555.0,31.2,5.54,345,0.58
2025.099.06:39:00/wx/-3.70,555.0,30.2,5.47,340,0.58
2025.099.06:40:00/wx/-3.60,555.1,29.4,4.92,337,0.60
2025.099.06:41:00/wx/-3.51,555.0,29.5,5.44,339,0.61
2025.099.06:42:00/wx/-3.64,555.0,29.7,5.83,336,0.60
2025.099.06:43:00/wx/-3.40,555.0,29.3,5.23,338,0.59
2025.099.06:44:00/wx/-3.40,555.0,29.1,5.43,339,0.58
2025.099.06:45:00/wx/-3.30,555.0,29.2,5.53,338,0.57
2025.099.06:46:00/wx/-3.30,555.0,29.1,5.30,337,0.57
2025.099.06:47:00/wx/-3.33,555.0,29.1,5.35,336,0.56
2025.099.06:48:00/wx/-3.40,555.0,29.3,5.33,341,0.57
2025.099.06:49:00/wx/-3.23,555.0,29.5,5.59,339,0.57
2025.099.06:50:00/wx/-3.51,555.0,29.4,5.59,341,0.56
2025.099.06:51:00/wx/-3.22,555.0,29.7,5.00,342,0.57
2025.099.06:52:00/wx/-4.06,555.0,29.7,5.29,337,0.57
2025.099.06:53:00/wx/-3.90,555.0,29.5,5.23,334,0.56
2025.099.06:54:00/wx/-3.50,555.0,26.8,4.96,338,0.57
2025.099.06:55:00/wx/-3.40,555.0,27.5,5.03,340,0.58
2025.099.06:56:00/wx/-3.40,554.9,27.6,5.73,340,0.58
2025.099.06:57:00/wx/-3.60,554.9,26.2,5.70,342,0.58
2025.099.06:58:00/wx/-4.20,555.0,27.2,5.63,342,0.58
2025.099.06:59:00/wx/-3.76,554.9,26.5,5.63,342,0.58
2025.099.07:00:00/wx/-3.60,554.9,25.4,5.69,343,0.57
2025.099.07:01:00/wx/-3.75,554.9,25.7,4.98,346,0.58
2025.099.07:02:00/wx/-4.49,554.9,26.7,5.56,343,0.59
2025.099.07:03:00/wx/-3.70,554.9,25.2,5.43,343,0.59
2025.099.07:04:00/wx/-3.82,554.9,24.4,5.15,341,0.59
2025.099.07:05:00/wx/-3.50,554.9,24.5,5.14,340,0.58
2025.099.07:06:00/wx/-3.51,554.9,24.1,5.16,339,0.57
2025.099.07:07:00/wx/-3.50,554.9,23.9,5.17,342,0.57
2025.099.07:08:00/wx/-3.60,554.9,23.7,5.33,341,0.58
2025.099.07:09:00/wx/-3.60,554.9,23.2,4.97,338,0.59
2025.099.07:10:00/wx/-3.80,554.9,23.4,5.29,334,0.57
2025.099.07:11:00/wx/-3.61,554.9,22.9,5.36,339,0.57
2025.099.07:12:00/wx/-3.90,554.9,23.2,5.30,338,0.57
2025.099.07:13:00/wx/-3.60,554.9,22.8,5.23,338,0.57
2025.099.07:14:00/wx/-3.85,554.9,23.0,5.13,335,0.57
2025.099.07:15:00/wx/-3.99,554.9,23.4,5.94,341,0.56
2025.099.07:16:00/wx/-4.49,554.9,25.2,5.24,335,0.55
2025.099.07:17:00/wx/-4.04,554.9,23.9,5.26,337,0.55
2025.099.07:18:00/wx/-3.50,554.9,23.0,5.13,337,0.55
2025.099.07:19:00/wx/-3.30,554.8,22.4,5.35,336,0.55
2025.099.07:20:00/wx/-3.40,554.9,22.2,5.23,341,0.54
2025.099.07:21:00/wx/-3.55,554.9,22.3,4.86,338,0.53
2025.099.07:22:00/wx/-3.70,554.8,21.8,5.32,344,0.52
2025.099.07:23:00/wx/-3.70,554.8,20.9,5.53,339,0.52
2025.099.07:24:00/wx/-3.70,554.8,20.5,5.13,337,0.51
2025.099.07:25:00/wx/-3.79,554.9,19.9,5.90,339,0.52
2025.099.07:26:00/wx/-3.93,554.8,19.6,6.30,344,0.53
2025.099.07:27:00/wx/-3.50,554.8,18.9,5.41,343,0.52
2025.099.07:28:00/wx/-3.59,554.8,18.5,5.92,347,0.52
2025.099.07:29:00/wx/-3.30,554.9,17.2,5.97,340,0.52
2025.099.07:30:00/wx/-3.30,554.9,16.8,5.72,340,0.52
2025.099.07:31:00/wx/-3.20,554.9,16.8,5.64,343,0.51
2025.099.07:32:00/wx/-3.23,554.9,16.4,5.58,343,0.51
2025.099.07:33:00/wx/-3.10,554.9,16.4,4.76,335,0.50
2025.099.07:34:00/wx/-3.24,554.9,16.8,4.85,341,0.21
2025.099.07:35:00/wx/-3.39,554.9,16.6,5.04,338,0.51
2025.099.07:36:00/wx/-3.80,554.9,17.1,5.53,336,0.50
2025.099.07:37:00/wx/-3.32,554.8,16.4,4.60,337,0.50
2025.099.07:38:00/wx/-3.40,554.9,16.1,5.15,338,0.50
2025.099.07:39:00/wx/-3.19,554.9,15.6,5.37,338,0.48
2025.099.07:40:00/wx/-3.10,554.9,15.3,4.74,343,0.49
2025.099.07:41:00/wx/-3.10,554.9,15.5,4.80,340,0.49
2025.099.07:42:00/wx/-3.78,554.9,16.1,4.31,328,0.48
2025.099.07:43:00/wx/-3.60,554.9,15.9,4.64,333,0.49
2025.099.07:44:00/wx/-3.60,554.8,15.6,4.89,337,0.47
2025.099.07:45:00/wx/-3.40,554.8,15.0,4.97,342,0.48
2025.099.07:46:00/wx/-3.30,554.8,14.8,5.20,337,0.48
2025.099.07:47:00/wx/-3.20,554.8,14.7,4.85,337,0.48
2025.099.07:48:00/wx/-3.00,554.8,14.7,4.87,342,0.48
2025.099.07:49:00/wx/-3.36,554.8,14.4,5.73,343,0.47
2025.099.07:50:00/wx/-3.20,554.8,14.1,5.23,340,0.46
2025.099.07:51:00/wx/-3.13,554.8,13.7,5.53,345,0.47
2025.099.07:52:00/wx/-3.20,554.8,13.9,5.05,340,0.47
2025.099.07:53:00/wx/-3.30,554.7,13.8,5.23,342,0.46
2025.099.07:54:00/wx/-3.30,554.7,13.8,5.06,337,0.45
2025.099.07:55:00/wx/-3.20,554.7,13.4,5.63,342,0.46
2025.099.07:56:00/wx/-3.54,554.7,13.4,5.18,338,0.45
2025.099.07:57:00/wx/-3.96,554.7,13.7,5.31,337,0.44
2025.099.07:58:00/wx/-3.68,554.7,13.3,5.53,342,0.44
2025.099.07:59:00/wx/-3.34,554.7,12.7,5.46,340,0.43
2025.099.08:00:00/wx/-3.00,554.7,12.0,5.03,347,0.43
2025.099.08:01:00/wx/-3.36,554.7,11.9,5.21,344,0.43
2025.099.08:02:00/wx/-3.32,554.7,11.7,5.07,343,0.43
2025.099.08:03:00/wx/-3.42,554.7,10.9,5.42,335,0.42
2025.099.08:04:00/wx/-3.14,554.7,10.8,5.42,336,0.42
2025.099.08:05:00/wx/-2.90,554.7,10.2,5.93,346,0.42
2025.099.08:06:00/wx/-2.68,554.7,9.4,5.01,340,0.41
2025.099.08:07:00/wx/-2.98,554.7,9.4,5.69,343,0.42
2025.099.08:08:00/wx/-2.87,554.7,9.2,5.59,343,0.41
2025.099.08:09:00/wx/-2.70,554.7,9.5,5.41,343,0.40
2025.099.08:10:00/wx/-2.80,554.7,9.4,5.31,344,0.41
2025.099.08:11:00/wx/-2.75,554.7,9.1,5.16,342,0.40
2025.099.08:12:00/wx/-2.70,554.7,9.4,4.81,336,0.40
2025.099.08:13:00/wx/-2.73,554.6,8.6,5.54,342,0.40
2025.099.08:14:00/wx/-2.54,554.7,8.0,5.43,330,0.39
2025.099.08:15:00/wx/-2.40,554.6,7.5,4.36,345,0.39
2025.099.08:16:00/wx/-2.95,554.6,7.6,5.12,336,0.39
2025.099.08:17:00/wx/-2.81,554.6,7.8,4.70,339,0.39
2025.099.08:18:00/wx/-3.05,554.6,7.5,5.32,338,0.39
2025.099.08:19:00/wx/-3.13,554.6,7.8,5.41,336,0.39
2025.099.08:20:00/wx/-2.79,554.6,7.0,5.21,336,0.39
2025.099.08:21:00/wx/-2.65,554.6,6.6,5.01,337,0.39
2025.099.08:22:00/wx/-2.70,554.6,6.3,5.03,338,0.39
2025.099.08:23:00/wx/-2.92,554.6,6.5,4.92,333,0.40
2025.099.08:24:00/wx/-2.60,554.6,6.3,4.45,331,0.40
2025.099.08:25:00/wx/-2.80,554.6,6.0,5.12,335,0.40
2025.099.08:26:00/wx/-2.55,554.6,5.8,4.58,334,0.41
2025.099.08:27:00/wx/-2.40,554.6,5.8,4.13,338,0.42
2025.099.08:28:00/wx/-2.60,554.6,5.7,4.47,331,0.41
2025.099.08:29:00/wx/-2.50,554.6,5.8,5.02,336,0.41
2025.099.08:30:00/wx/-2.40,554.6,5.6,4.92,337,0.43
2025.099.08:31:00/wx/-2.36,554.6,5.3,4.75,339,0.42
2025.099.08:32:00/wx/-2.31,554.5,5.1,4.92,335,0.40
2025.099.08:33:00/wx/-2.77,554.6,5.4,4.89,341,0.40
2025.099.08:34:00/wx/-3.33,554.5,6.1,4.91,335,0.40
2025.099.08:35:00/wx/-2.68,554.6,5.4,5.04,336,0.40
2025.099.08:36:00/wx/-2.39,554.6,5.1,4.76,336,0.40
2025.099.08:37:00/wx/-2.50,554.5,5.1,4.63,338,0.39
2025.099.08:38:00/wx/-2.37,554.6,5.0,4.90,338,0.39
2025.099.08:39:00/wx/-2.30,554.6,4.7,4.59,340,0.38
2025.099.08:40:00/wx/-2.39,554.5,4.7,4.78,340,0.39
2025.099.08:41:00/wx/-2.45,554.5,4.8,4.89,340,0.38
2025.099.08:42:00/wx/-2.10,554.5,4.4,4.13,338,0.38
2025.099.08:43:00/wx/-2.47,554.5,4.5,4.39,335,0.38
2025.099.08:44:00/wx/-2.52,554.5,4.7,4.34,339,0.39
2025.099.08:45:00/wx/-2.60,554.5,4.7,4.90,335,0.38
2025.099.08:46:00/wx/-2.50,554.5,4.6,4.94,334,0.38
2025.099.08:47:00/wx/-2.30,554.5,4.4,4.13,337,0.38
2025.099.08:48:00/wx/-2.51,554.5,4.4,4.20,333,0.37
2025.099.08:49:00/wx/-2.32,554.5,4.3,4.90,332,0.37
2025.099.08:50:00/wx/-2.20,554.5,4.1,3.87,327,0.37
2025.099.08:51:00/wx/-2.60,554.6,4.4,4.55,332,0.36
2025.099.08:52:00/wx/-2.40,554.6,4.3,3.93,330,0.38
2025.099.08:53:00/wx/-2.40,554.5,4.2,4.11,332,0.37
2025.099.08:54:00/wx/-2.51,554.6,4.3,4.43,336,0.38
2025.099.08:55:00/wx/-2.53,554.6,4.2,4.80,336,0.39
2025.099.08:56:00/wx/-2.40,554.6,4.2,4.38,330,0.40
2025.099.08:57:00/wx/-2.50,554.5,4.2,4.53,331,0.39
2025.099.08:58:00/wx/-2.36,554.5,4.1,4.27,336,0.39
2025.099.08:59:00/wx/-2.40,554.6,4.1,4.36,336,0.38
2025.099.09:00:00/wx/-2.52,554.6,4.1,4.50,328,0.38
2025.099.09:01:00/wx/-2.43,554.6,4.1,4.48,332,0.38
2025.099.09:02:00/wx/-2.41,554.5,4.0,4.64,338,0.38
2025.099.09:03:00/wx/-2.40,554.5,4.0,4.53,330,0.38
2025.099.09:04:00/wx/-2.40,554.6,4.0,4.73,335,0.39
2025.099.09:05:00/wx/-2.42,554.6,4.0,4.85,335,0.38
2025.099.09:06:00/wx/-2.40,554.5,3.9,4.63,336,0.37
2025.099.09:07:00/wx/-2.50,554.5,4.0,4.83,332,0.37
2025.099.09:08:00/wx/-2.60,554.5,4.0,4.83,333,0.38
2025.099.09:09:00/wx/-2.40,554.6,3.8,4.94,335,0.37
2025.099.09:10:00/wx/-2.42,554.6,3.7,4.54,332,0.39
2025.099.09:11:00/wx/-2.60,554.6,3.8,4.43,327,0.38
2025.099.09:12:00/wx/-2.50,554.5,3.8,5.13,334,0.38
2025.099.09:13:00/wx/-2.40,554.5,3.7,4.83,330,0.38
2025.099.09:14:00/wx/-2.40,554.6,3.7,4.36,336,0.37
2025.099.09:15:00/wx/-2.63,554.6,3.9,4.69,337,0.37
2025.099.09:16:00/wx/-2.60,554.5,3.8,4.82,335,0.37
2025.099.09:17:00/wx/-2.60,554.6,3.8,5.02,333,0.37
2025.099.09:18:00/wx/-2.50,554.6,3.7,4.83,336,0.37
2025.099.09:19:00/wx/-2.50,554.6,3.7,4.44,340,0.37
2025.099.09:20:00/wx/-2.82,554.6,3.8,5.01,336,0.38
2025.099.09:21:00/wx/-2.80,554.6,3.9,5.17,340,0.37
2025.099.09:22:00/wx/-2.80,554.6,3.9,5.42,336,0.35
2025.099.09:23:00/wx/-2.65,554.6,3.8,4.69,334,0.37
2025.099.09:24:00/wx/-2.60,554.6,3.7,4.63,335,0.37
2025.099.09:25:00/wx/-2.74,554.5,3.8,4.54,340,0.36
2025.099.09:26:00/wx/-2.80,554.6,3.8,4.66,333,0.36
2025.099.09:27:00/wx/-2.80,554.6,3.8,5.21,339,0.36
2025.099.09:28:00/wx/-2.74,554.5,3.8,5.05,327,0.37
2025.099.09:29:00/wx/-2.60,554.5,3.6,4.73,341,0.37
2025.099.09:30:00/wx/-2.90,554.5,3.9,5.10,338,0.36
2025.099.09:31:00/wx/-2.92,554.6,3.9,4.95,333,0.36
2025.099.09:32:00/wx/-2.78,554.6,3.8,4.99,336,0.36
2025.099.09:33:00/wx/-2.70,554.6,3.6,4.96,334,0.36
2025.099.09:34:00/wx/-2.80,554.6,3.6,5.33,335,0.36
2025.099.09:35:00/wx/-2.90,554.6,3.7,4.77,335,0.35
2025.099.09:36:00/wx/-2.91,554.6,3.8,4.95,337,0.36
2025.099.09:37:00/wx/-3.08,554.6,3.9,5.21,340,0.35
2025.099.09:38:00/wx/-2.80,554.6,3.7,5.66,344,0.35
2025.099.09:39:00/wx/-2.70,554.6,3.6,5.33,341,0.36
2025.099.09:40:00/wx/-2.60,554.6,3.6,5.48,335,0.36
2025.099.09:41:00/wx/-2.80,554.6,3.7,4.72,340,0.37
2025.099.09:42:00/wx/-2.90,554.6,3.7,5.26,340,0.37
2025.099.09:43:00/wx/-2.70,554.6,3.6,5.18,334,0.36
2025.099.09:44:00/wx/-2.80,554.6,3.6,5.13,338,0.36
2025.099.09:45:00/wx/-3.01,554.6,3.6,5.48,340,0.35
2025.099.09:46:00/wx/-2.98,554.6,3.7,5.50,337,0.35
2025.099.09:47:00/wx/-3.00,554.6,3.7,5.30,336,0.35
2025.099.09:48:00/wx/-2.83,554.6,3.7,4.65,338,0.35
2025.099.09:49:00/wx/-2.90,554.6,3.7,5.15,341,0.36
2025.099.09:50:00/wx/-2.80,554.6,3.6,5.21,336,0.36
2025.099.09:51:00/wx/-2.70,554.6,3.5,5.59,336,0.35
2025.099.09:52:00/wx/-2.70,554.6,3.5,4.98,342,0.35
2025.099.09:53:00/wx/-2.80,554.6,3.6,5.71,342,0.35
2025.099.09:54:00/wx/-2.79,554.7,3.6,5.24,341,0.36
2025.099.09:55:00/wx/-2.80,554.7,3.6,5.21,332,0.35
2025.099.09:56:00/wx/-2.80,554.7,3.6,5.52,333,0.36
2025.099.09:57:00/wx/-2.90,554.7,3.7,5.18,338,0.36
2025.099.09:58:00/wx/-2.90,554.7,3.8,5.44,336,0.36
2025.099.09:59:00/wx/-2.80,554.7,3.6,4.83,334,0.35
2025.099.10:00:00/wx/-2.75,554.7,3.6,5.12,334,0.35
2025.099.10:01:00/wx/-2.70,554.7,3.5,5.02,338,0.35
2025.099.10:02:00/wx/-2.80,554.7,3.7,5.49,334,0.35
2025.099.10:03:00/wx/-2.73,554.7,3.6,5.07,340,0.35
2025.099.10:04:00/wx/-2.80,554.8,3.7,4.90,333,0.35
2025.099.10:05:00/wx/-2.96,554.8,3.8,4.90,334,0.35
2025.099.10:06:00/wx/-2.80,554.8,3.8,5.04,336,0.35
2025.099.10:07:00/wx/-2.80,554.7,3.7,5.51,340,0.35
2025.099.10:08:00/wx/-2.88,554.8,3.8,5.15,340,0.35
2025.099.10:09:00/wx/-3.00,554.8,3.9,5.77,332,0.35
2025.099.10:10:00/wx/-3.00,554.8,4.0,5.15,334,0.34
2025.099.10:11:00/wx/-2.90,554.8,4.0,5.33,333,0.34
2025.099.10:12:00/wx/-2.74,554.8,4.0,5.75,332,0.34
2025.099.10:13:00/wx/-2.90,554.8,4.1,5.51,338,0.34
2025.099.10:14:00/wx/-2.79,554.8,4.1,5.20,336,0.34
2025.099.10:15:00/wx/-2.86,554.8,4.1,5.13,337,0.34
2025.099.10:16:00/wx/-2.99,554.8,4.2,5.49,341,0.35
2025.099.10:17:00/wx/-3.23,554.8,4.4,5.47,337,0.34
2025.099.10:18:00/wx/-3.02,554.8,4.3,5.39,337,0.35
2025.099.10:19:00/wx/-2.91,554.8,4.3,5.57,335,0.35
2025.099.10:20:00/wx/-2.95,554.8,4.3,5.18,334,0.35
2025.099.10:21:00/wx/-2.90,554.8,4.2,5.03,333,0.35
2025.099.10:22:00/wx/-3.14,554.8,4.3,5.61,338,0.35
2025.099.10:23:00/wx/-3.02,554.9,4.4,4.96,339,0.35
2025.099.10:24:00/wx/-2.82,554.9,4.3,5.00,336,0.35
2025.099.10:25:00/wx/-2.89,554.9,4.3,5.12,339,0.35
2025.099.10:26:00/wx/-3.00,554.9,4.4,5.33,332,0.35
2025.099.10:27:00/wx/-3.10,554.9,4.4,5.13,334,0.35
2025.099.10:28:00/wx/-3.21,554.9,4.6,5.03,332,0.35
2025.099.10:29:00/wx/-3.09,554.9,4.6,4.89,329,0.35
2025.099.10:30:00/wx/-3.06,554.9,4.6,5.26,333,0.35
2025.099.10:31:00/wx/-3.40,554.9,4.8,5.13,335,0.35
2025.099.10:32:00/wx/-3.20,554.9,4.8,5.00,338,0.35
2025.099.10:33:00/wx/-3.12,554.9,4.7,5.36,338,0.35
2025.099.10:34:00/wx/-3.00,555.0,4.6,5.26,335,0.35
2025.099.10:35:00/wx/-2.97,554.9,4.6,5.25,338,0.36
2025.099.10:36:00/wx/-3.00,555.0,4.7,5.43,334,0.36
2025.099.10:37:00/wx/-3.10,555.0,4.7,5.02,338,0.36
2025.099.10:38:00/wx/-3.10,554.9,4.7,5.34,337,0.36
2025.099.10:39:00/wx/-3.21,555.0,4.7,5.33,342,0.37
2025.099.10:40:00/wx/-3.06,555.0,4.7,5.20,337,0.37
2025.099.10:41:00/wx/-3.10,555.0,4.7,5.23,337,0.37
2025.099.10:42:00/wx/-3.00,555.0,4.7,5.11,331,0.36
2025.099.10:43:00/wx/-3.20,555.0,4.9,5.26,335,0.36
2025.099.10:44:00/wx/-3.00,555.0,4.8,4.92,332,0.36
2025.099.10:45:00/wx/-3.30,555.0,5.0,4.92,338,0.37
2025.099.10:46:00/wx/-3.10,555.0,4.9,4.73,337,0.37
2025.099.10:47:00/wx/-3.00,555.0,4.8,5.05,335,0.37
2025.099.10:48:00/wx/-3.00,555.0,4.7,5.20,337,0.37
2025.099.10:49:00/wx/-3.10,555.0,4.8,4.83,336,0.37
2025.099.10:50:00/wx/-3.06,555.0,4.8,5.20,337,0.37
2025.099.10:51:00/wx/-3.30,555.0,5.0,5.42,331,0.38
2025.099.10:52:00/wx/-3.24,555.0,5.0,5.33,341,0.38
2025.099.10:53:00/wx/-3.10,555.0,5.0,4.97,333,0.37
2025.099.10:54:00/wx/-3.10,555.0,5.0,5.41,334,0.38
2025.099.10:55:00/wx/-3.10,555.0,4.9,5.19,335,0.38
2025.099.10:56:00/wx/-3.10,555.0,5.0,5.25,330,0.38
2025.099.10:57:00/wx/-3.35,555.0,5.0,5.11,335,0.38
2025.099.10:58:00/wx/-3.20,555.1,5.0,5.20,337,0.38
2025.099.10:59:00/wx/-2.99,555.1,4.9,5.07,334,0.38
2025.099.11:00:00/wx/-2.92,555.1,4.9,4.71,338,0.38
2025.099.11:01:00/wx/-3.00,555.1,4.9,5.13,335,0.38
2025.099.11:02:00/wx/-3.10,555.1,5.0,5.23,333,0.38
2025.099.11:03:00/wx/-3.10,555.1,4.9,5.13,333,0.38
2025.099.11:04:00/wx/-2.98,555.1,4.9,4.91,333,0.38
2025.099.11:05:00/wx/-3.17,555.1,5.0,4.82,337,0.38
2025.099.11:06:00/wx/-3.20,555.1,5.1,5.61,338,0.38
2025.099.11:07:00/wx/-3.20,555.1,5.0,5.25,336,0.38
2025.099.11:08:00/wx/-3.11,555.1,5.0,5.21,341,0.38
2025.099.11:09:00/wx/-3.83,555.1,5.5,5.48,342,0.38
2025.099.11:10:00/wx/-3.22,555.1,5.2,4.95,337,0.38
2025.099.11:11:00/wx/-3.10,555.1,5.1,5.22,335,0.38
2025.099.11:12:00/wx/-3.04,555.1,5.0,5.33,332,0.38
2025.099.11:13:00/wx/-2.90,555.2,4.9,5.60,337,0.38
2025.099.11:14:00/wx/-3.20,555.1,4.9,4.96,338,0.38
2025.099.11:15:00/wx/-3.33,555.1,5.1,5.13,337,0.38
2025.099.11:16:00/wx/-3.32,555.2,5.0,5.24,336,0.38
2025.099.11:17:00/wx/-3.41,555.2,5.2,5.34,337,0.38
2025.099.11:18:00/wx/-3.10,555.2,5.0,5.73,335,0.39
2025.099.11:19:00/wx/-2.90,555.2,5.0,5.82,338,0.39
2025.099.11:20:00/wx/-2.90,555.2,5.0,5.55,341,0.39
2025.099.11:21:00/wx/-3.01,555.2,5.1,5.42,335,0.39
2025.099.11:22:00/wx/-3.58,555.2,5.4,5.65,337,0.39
2025.099.11:23:00/wx/-3.40,555.2,5.4,5.83,341,0.39
2025.099.11:24:00/wx/-3.26,555.2,5.3,5.60,334,0.38
2025.099.11:25:00/wx/-3.31,555.3,5.4,5.90,340,0.38
2025.099.11:26:00/wx/-3.09,555.3,5.2,5.63,332,0.39
2025.099.11:27:00/wx/-3.20,555.3,5.3,5.31,337,0.38
2025.099.11:28:00/wx/-3.20,555.3,5.2,5.33,338,0.39
2025.099.11:29:00/wx/-3.30,555.3,5.3,5.38,333,0.39
2025.099.11:30:00/wx/-3.20,555.3,5.3,5.43,335,0.38
2025.099.11:31:00/wx/-3.23,555.4,5.2,5.63,336,0.39
2025.099.11:32:00/wx/-3.50,555.3,5.5,5.29,334,0.39
2025.099.11:33:00/wx/-3.60,555.3,5.7,5.13,334,0.38
2025.099.11:34:00/wx/-3.80,555.3,6.0,5.63,336,0.38
2025.099.11:35:00/wx/-3.79,555.4,5.9,5.71,336,0.38
2025.099.11:36:00/wx/-3.47,555.3,5.8,5.85,337,0.38
2025.099.11:37:00/wx/-3.40,555.4,5.8,5.77,335,0.38
2025.099.11:38:00/wx/-3.79,555.4,6.1,5.44,339,0.38
2025.099.11:39:00/wx/-3.30,555.4,5.7,5.38,333,0.38
2025.099.11:40:00/wx/-3.20,555.4,5.6,5.33,333,0.37
2025.099.11:41:00/wx/-3.20,555.4,5.6,5.82,338,0.37
2025.099.11:42:00/wx/-3.45,555.4,5.8,5.78,329,0.37
2025.099.11:43:00/wx/-3.50,555.4,5.9,5.83,339,0.37
2025.099.11:44:00/wx/-3.26,555.5,5.9,5.00,337,0.36
2025.099.11:45:00/wx/-3.59,555.4,6.2,5.51,338,0.36
2025.099.11:46:00/wx/-3.85,555.4,6.7,5.72,330,0.36
2025.099.11:47:00/wx/-3.60,555.5,6.5,5.51,336,0.37
2025.099.11:48:00/wx/-3.51,555.5,6.5,5.09,332,0.38
2025.099.11:49:00/wx/-3.70,555.5,6.8,5.80,334,0.38
2025.099.11:50:00/wx/-3.50,555.5,6.6,5.62,329,0.38
2025.099.11:51:00/wx/-3.60,555.5,6.9,5.93,334,0.38
2025.099.11:52:00/wx/-3.40,555.5,6.6,5.28,333,0.38
2025.099.11:53:00/wx/-3.29,555.5,6.4,5.70,330,0.39
2025.099.11:54:00/wx/-3.51,555.6,6.6,6.40,334,0.39
2025.099.11:55:00/wx/-3.40,555.6,6.5,5.55,334,0.39
2025.099.11:56:00/wx/-3.43,555.6,6.8,5.08,328,0.39
2025.099.11:57:00/wx/-3.40,555.6,7.2,5.98,330,0.38
2025.099.11:58:00/wx/-3.40,555.6,7.5,5.66,325,0.39
2025.099.11:59:00/wx/-3.36,555.6,7.5,5.31,328,0.39
2025.099.12:00:00/wx/-3.40,555.6,7.6,5.63,326,0.39
2025.099.12:01:00/wx/-3.40,555.6,7.8,5.12,329,0.39
2025.099.12:02:00/wx/-3.20,555.6,7.2,5.89,324,0.38
2025.099.12:03:00/wx/-3.31,555.6,7.2,5.58,331,0.38
2025.099.12:04:00/wx/-3.30,555.6,7.2,5.47,326,0.38
2025.099.12:05:00/wx/-3.30,555.6,7.4,5.33,325,0.38
2025.099.12:06:00/wx/-3.27,555.6,7.7,5.51,329,0.38
2025.099.12:07:00/wx/-3.20,555.7,7.7,5.30,327,0.38
2025.099.12:08:00/wx/-3.10,555.7,7.7,5.14,322,0.39
2025.099.12:09:00/wx/-3.13,555.7,8.0,5.21,326,0.39
2025.099.12:10:00/wx/-3.00,555.7,7.9,5.13,322,0.38
2025.099.12:11:00/wx/-3.00,555.7,7.7,5.44,327,0.38
2025.099.12:12:00/wx/-2.99,555.7,8.7,4.52,326,0.39
2025.099.12:13:00/wx/-2.90,555.7,9.3,4.50,322,0.39
2025.099.12:14:00/wx/-2.80,555.7,8.4,5.62,328,0.39
2025.099.12:15:00/wx/-2.80,555.7,7.9,4.84,329,0.39
2025.099.12:16:00/wx/-2.70,555.7,8.0,5.56,326,0.40
2025.099.12:17:00/wx/-2.60,555.7,8.1,5.63,326,0.41
2025.099.12:18:00/wx/-2.58,555.7,8.5,5.00,332,0.41
2025.099.12:19:00/wx/-2.40,555.7,7.7,5.33,326,0.41
2025.099.12:20:00/wx/-2.30,555.7,7.6,6.14,333,0.41
2025.099.12:21:00/wx/-2.30,555.7,6.9,5.48,332,0.41
2025.099.12:22:00/wx/-2.30,555.8,7.1,4.95,325,0.42
2025.099.12:23:00/wx/-2.30,555.7,6.9,5.27,329,0.42
2025.099.12:24:00/wx/-2.10,555.8,7.4,5.50,333,0.42
2025.099.12:25:00/wx/-2.00,555.8,7.4,4.45,312,0.42
2025.099.12:26:00/wx/-2.06,555.8,7.2,5.82,331,0.42
2025.099.12:27:00/wx/-2.10,555.8,6.2,5.43,326,0.42
2025.099.12:28:00/wx/-1.96,555.8,6.7,5.35,333,0.41
2025.099.12:29:00/wx/-1.80,555.8,7.3,5.15,317,0.41
2025.099.12:30:00/wx/-1.50,555.8,7.9,5.80,313,0.41
2025.099.12:31:00/wx/-1.56,555.8,7.1,6.01,319,0.41
2025.099.12:32:00/wx/-1.60,555.8,6.7,6.00,309,0.41
2025.099.12:33:00/wx/-1.50,555.8,7.0,6.22,310,0.41
2025.099.12:34:00/wx/-1.50,555.8,7.0,7.01,306,0.41
2025.099.12:35:00/wx/-1.40,555.8,6.6,6.81,302,0.42
2025.099.12:36:00/wx/-1.44,555.8,6.3,6.61,305,0.42
2025.099.12:37:00/wx/-1.50,555.8,6.2,6.33,306,0.41
2025.099.12:38:00/wx/-1.50,555.8,5.8,7.12,304,0.40
2025.099.12:39:00/wx/-1.41,555.9,5.8,5.99,309,0.40
2025.099.12:40:00/wx/-1.59,555.8,5.6,6.92,310,0.41
2025.099.12:41:00/wx/-1.40,555.8,6.0,6.15,311,0.42
2025.099.12:42:00/wx/-1.20,555.9,6.0,7.53,309,0.41
2025.099.12:43:00/wx/-1.01,555.9,6.2,7.22,311,0.40
2025.099.12:44:00/wx/-1.30,555.9,5.6,6.93,317,0.40
2025.099.12:45:00/wx/-1.28,555.9,5.3,7.44,292,0.40
2025.099.12:46:00/wx/-1.23,555.8,5.4,6.79,303,0.40
2025.099.12:47:00/wx/-1.00,555.9,5.8,5.93,306,0.40
2025.099.12:48:00/wx/-0.86,555.9,6.1,6.58,308,0.40
2025.099.12:49:00/wx/-0.89,555.9,5.4,6.78,307,0.40
2025.099.12:50:00/wx/-0.71,555.9,5.8,8.49,314,0.40
2025.099.12:51:00/wx/-1.04,555.9,5.4,5.58,318,0.40
2025.099.12:52:00/wx/-1.00,555.9,5.8,6.57,321,0.41
2025.099.12:53:00/wx/-1.04,555.9,5.4,7.33,314,0.40
2025.099.12:54:00/wx/-0.92,555.9,5.4,6.39,314,0.41
2025.099.12:55:00/wx/-0.50,555.9,5.8,7.84,298,0.40
2025.099.12:56:00/wx/-0.47,555.9,5.4,6.03,311,0.39
2025.099.12:57:00/wx/-0.61,555.9,5.3,7.22,317,0.39
2025.099.12:58:00/wx/-0.63,555.9,5.3,7.62,304,0.39
2025.099.12:59:00/wx/-0.50,555.9,5.2,7.50,306,0.38
2025.099.13:00:00/wx/-0.39,556.0,5.1,8.21,305,0.38
2025.099.13:01:00/wx/-0.42,556.0,5.2,8.26,303,0.38
2025.099.13:02:00/wx/-0.81,555.9,4.8,6.63,308,0.38
2025.099.13:03:00/wx/-0.95,555.9,4.9,6.58,307,0.39
2025.099.13:04:00/wx/-0.69,555.9,5.0,7.41,298,0.39
2025.099.13:05:00/wx/-0.60,555.9,5.2,7.07,311,0.39
2025.099.13:06:00/wx/-0.48,555.9,5.2,7.51,305,0.39
2025.099.13:07:00/wx/-0.19,555.9,5.2,8.52,299,0.38
2025.099.13:08:00/wx/-0.60,556.0,4.3,6.12,315,0.38
2025.099.13:09:00/wx/-0.70,555.9,4.5,7.68,308,0.39
2025.099.13:10:00/wx/-0.34,555.9,4.8,6.81,302,0.38
2025.099.13:11:00/wx/-0.10,556.0,4.7,8.13,301,0.38
2025.099.13:12:00/wx/-0.52,556.0,4.4,7.61,300,0.39
2025.099.13:13:00/wx/-0.41,556.0,4.5,7.24,301,0.39
2025.099.13:14:00/wx/-0.30,556.0,4.6,6.63,311,0.40
2025.099.13:15:00/wx/-0.03,556.0,4.8,7.15,305,0.39
2025.099.13:16:00/wx/0.12,556.0,5.0,8.11,304,0.40
2025.099.13:17:00/wx/-0.60,556.0,4.5,5.35,307,0.41
2025.099.13:18:00/wx/-0.44,556.0,4.7,7.14,309,0.40
2025.099.13:19:00/wx/-0.21,556.0,4.7,8.00,307,0.41
2025.099.13:20:00/wx/-0.15,556.0,4.4,8.34,304,0.39
2025.099.13:21:00/wx/-0.21,556.0,4.3,8.48,293,0.39
2025.099.13:22:00/wx/0.23,556.0,4.5,6.72,305,0.39
2025.099.13:23:00/wx/0.03,556.0,4.5,6.52,318,0.40
2025.099.13:24:00/wx/-0.19,556.0,4.4,7.40,308,0.41
2025.099.13:25:00/wx/-0.20,556.1,4.3,7.73,313,0.40
2025.099.13:26:00/wx/-0.20,556.1,4.3,8.16,312,0.39
2025.099.13:27:00/wx/0.03,556.1,4.5,8.96,293,0.40
2025.099.13:28:00/wx/0.00,556.1,4.2,8.03,299,0.39
2025.099.13:29:00/wx/0.20,556.1,4.3,8.35,296,0.40
2025.099.13:30:00/wx/0.00,556.1,4.3,7.36,308,0.39
2025.099.13:31:00/wx/0.02,556.1,4.4,7.04,306,0.40
2025.099.13:32:00/wx/0.50,556.1,4.8,8.07,306,0.41
2025.099.13:33:00/wx/0.03,556.0,4.6,7.19,318,0.40
2025.099.13:34:00/wx/0.16,556.1,4.6,9.13,304,0.38
2025.099.13:35:00/wx/-0.56,556.1,4.1,8.74,312,0.40
2025.099.13:36:00/wx/-0.30,556.1,4.6,8.53,308,0.41
2025.099.13:37:00/wx/-0.05,556.0,4.7,6.77,321,0.41
2025.099.13:38:00/wx/0.10,556.1,5.0,7.43,310,0.39
2025.099.13:39:00/wx/0.26,556.1,4.5,8.33,291,0.39
2025.099.13:40:00/wx/0.36,556.1,4.2,7.97,300,0.38
2025.099.13:41:00/wx/0.20,556.1,4.5,7.73,299,0.40
2025.099.13:42:00/wx/0.06,556.1,4.5,8.55,293,0.39
2025.099.13:43:00/wx/0.20,556.1,4.9,8.07,311,0.40
2025.099.13:44:00/wx/0.38,556.1,5.5,8.93,292,0.42
2025.099.13:45:00/wx/0.58,556.1,5.0,9.12,312,0.40
2025.099.13:46:00/wx/0.00,556.2,5.1,8.13,298,0.40
2025.099.13:47:00/wx/-0.03,556.2,5.1,8.96,294,0.40
2025.099.13:48:00/wx/-0.04,556.1,6.1,9.94,299,0.40
2025.099.13:49:00/wx/0.35,556.1,5.9,9.03,305,0.41
2025.099.13:50:00/wx/0.21,556.1,5.8,7.82,298,0.40
2025.099.13:51:00/wx/0.10,556.2,5.4,8.53,301,0.40
2025.099.13:52:00/wx/-0.14,556.2,5.3,7.53,308,0.40
2025.099.13:53:00/wx/-0.21,556.1,5.8,8.65,309,0.41
2025.099.13:54:00/wx/0.22,556.2,5.7,8.57,306,0.40
2025.099.13:55:00/wx/0.79,556.2,6.0,7.01,286,0.39
2025.099.13:56:00/wx/0.80,556.2,5.9,8.33,302,0.40
2025.099.13:57:00/wx/0.43,556.2,5.6,7.85,286,0.39
2025.099.13:58:00/wx/0.62,556.1,5.2,7.62,304,0.39
2025.099.13:59:00/wx/0.17,556.2,4.7,8.82,302,0.40
2025.099.14:00:00/wx/0.82,556.2,6.4,8.21,296,0.38
2025.099.14:01:00/wx/-0.10,556.3,5.2,10.03,306,0.38
2025.099.14:02:00/wx/-0.31,556.2,5.9,7.01,305,0.40
2025.099.14:03:00/wx/0.12,556.2,6.7,6.79,299,0.41
2025.099.14:04:00/wx/0.08,556.3,7.4,9.43,284,0.42
2025.099.14:05:00/wx/0.47,556.2,5.9,8.40,298,0.39
2025.099.14:06:00/wx/0.63,556.3,6.1,9.47,292,0.41
2025.099.14:07:00/wx/0.45,556.3,6.2,8.37,288,0.39
2025.099.14:08:00/wx/0.40,556.3,6.3,9.37,299,0.41
2025.099.14:09:00/wx/0.45,556.3,4.9,9.09,296,0.41
2025.099.14:10:00/wx/-0.23,556.3,4.5,8.67,295,0.41
2025.099.14:11:00/wx/0.21,556.3,6.2,6.77,305,0.40
2025.099.14:12:00/wx/1.62,556.3,5.8,9.35,303,0.39
2025.099.14:13:00/wx/0.82,556.3,5.6,9.02,300,0.42
2025.099.14:14:00/wx/0.18,556.3,5.8,8.06,296,0.45
2025.099.14:15:00/wx/0.37,556.3,5.6,8.57,289,0.40
2025.099.14:16:00/wx/0.31,556.3,5.8,7.13,298,0.42
2025.099.14:17:00/wx/0.15,556.3,4.7,9.41,303,0.41
2025.099.14:18:00/wx/0.10,556.4,4.3,8.22,296,0.41
2025.099.14:19:00/wx/0.23,556.3,4.8,9.12,301,0.43
2025.099.14:20:00/wx/0.31,556.4,5.2,8.33,308,0.42
2025.099.14:21:00/wx/0.34,556.3,5.3,8.47,290,0.47
2025.099.14:22:00/wx/0.48,556.4,5.8,7.70,302,0.45
2025.099.14:23:00/wx/1.20,556.3,6.1,8.93,290,0.46
2025.099.14:24:00/wx/1.18,556.4,5.8,10.51,284,0.42
2025.099.14:25:00/wx/0.33,556.4,5.4,7.96,291,0.40
2025.099.14:26:00/wx/-0.02,556.3,6.0,7.31,305,0.47
2025.099.14:27:00/wx/0.26,556.3,5.9,9.25,296,0.46
2025.099.14:28:00/wx/0.40,556.4,6.4,6.03,280,0.44
2025.099.14:29:00/wx/0.50,556.4,6.0,8.58,297,0.42
2025.099.14:30:00/wx/0.66,556.3,6.3,5.64,284,0.43
2025.099.14:31:00/wx/0.91,556.4,6.5,7.97,282,0.49
2025.099.14:32:00/wx/0.84,556.4,6.3,8.34,288,0.52
2025.099.14:33:00/wx/1.00,556.4,6.9,8.73,306,0.48
2025.099.14:34:00/wx/0.24,556.4,7.8,8.60,299,0.53
2025.099.14:35:00/wx/0.68,556.3,7.8,6.62,280,0.50
2025.099.14:36:00/wx/1.22,556.4,7.5,7.79,286,0.44
2025.099.14:37:00/wx/0.47,556.4,7.1,8.30,282,0.45
2025.099.14:38:00/wx/0.32,556.4,6.1,5.86,282,0.38
2025.099.14:39:00/wx/0.49,556.4,5.6,6.28,281,0.43
2025.099.14:40:00/wx/1.11,556.4,7.5,8.37,278,0.43
2025.099.14:41:00/wx/0.49,556.3,5.2,6.66,267,0.41
2025.099.14:42:00/wx/0.40,556.3,7.3,5.27,273,0.49
2025.099.14:43:00/wx/0.70,556.4,6.9,8.22,278,0.49
2025.099.14:44:00/wx/0.85,556.4,5.1,8.42,294,0.49
2025.099.14:45:00/wx/0.69,556.4,4.9,7.82,286,0.45
2025.099.14:46:00/wx/0.49,556.3,6.4,6.98,301,0.47
2025.099.14:47:00/wx/0.95,556.4,6.1,8.18,278,0.45
2025.099.14:48:00/wx/0.51,556.4,6.7,7.01,258,0.48
2025.099.14:49:00/wx/1.17,556.4,6.6,7.33,294,0.48
2025.099.14:50:00/wx/1.53,556.4,6.7,6.25,283,0.44
2025.099.14:51:00/wx/0.64,556.4,5.5,7.13,285,0.48
2025.099.14:52:00/wx/0.23,556.4,5.5,8.21,291,0.44
2025.099.14:53:00/wx/0.70,556.4,6.3,7.26,303,0.51
2025.099.14:54:00/wx/0.44,556.4,5.9,8.10,295,0.46
2025.099.14:55:00/wx/0.40,556.4,6.5,8.53,306,0.51
2025.099.14:56:00/wx/0.95,556.4,7.8,8.76,297,0.53
2025.099.14:57:00/wx/0.43,556.4,7.6,8.22,309,0.49
2025.099.14:58:00/wx/0.60,556.4,8.0,6.72,297,0.48
2025.099.14:59:00/wx/1.86,556.4,7.5,8.31,285,0.46
2025.099.15:00:00/wx/1.40,556.4,6.7,5.83,278,0.42
2025.099.15:01:00/wx/0.91,556.4,5.4,6.98,277,0.45
2025.099.15:02:00/wx/0.50,556.4,4.8,3.40,275,0.49
2025.099.15:03:00/wx/1.18,556.4,5.9,8.48,282,0.47
2025.099.15:04:00/wx/1.05,556.4,5.3,7.73,288,0.48
2025.099.15:05:00/wx/0.90,556.4,5.9,7.53,305,0.47
2025.099.15:06:00/wx/1.62,556.4,6.2,7.96,283,0.43
2025.099.15:07:00/wx/0.65,556.4,7.0,8.14,294,0.49
2025.099.15:08:00/wx/1.02,556.4,7.3,9.95,280,0.43
2025.099.15:09:00/wx/0.72,556.4,6.1,8.93,289,0.47
2025.099.15:10:00/wx/0.88,556.4,7.9,9.76,283,0.51
2025.099.15:11:00/wx/0.39,556.4,7.8,7.05,289,0.59
2025.099.15:12:00/wx/0.60,556.4,7.4,6.90,287,0.55
2025.099.15:13:00/wx/0.48,556.4,5.8,6.70,269,0.49
2025.099.15:14:00/wx/1.87,556.4,5.7,6.60,262,0.44
2025.099.15:15:00/wx/0.80,556.3,5.7,6.41,269,0.48
2025.099.15:16:00/wx/1.34,556.4,7.6,8.61,280,0.50
2025.099.15:17:00/wx/1.50,556.3,6.8,10.04,296,0.52
2025.099.15:18:00/wx/1.70,556.4,6.2,7.39,267,0.48
2025.099.15:19:00/wx/1.23,556.3,4.6,7.15,250,0.43
2025.099.15:20:00/wx/1.09,556.4,4.7,7.56,287,0.47
2025.099.15:21:00/wx/2.14,556.4,5.5,11.12,288,0.47
2025.099.15:22:00/wx/1.51,556.3,7.1,8.19,295,0.54
2025.099.15:23:00/wx/1.11,556.3,7.6,10.01,298,0.52
2025.099.15:24:00/wx/0.91,556.4,7.6,8.08,302,0.52
2025.099.15:25:00/wx/0.93,556.3,8.2,7.26,288,0.56
2025.099.15:26:00/wx/1.29,556.3,9.0,8.97,301,0.54
2025.099.15:27:00/wx/1.92,556.4,6.4,10.66,275,0.46
2025.099.15:28:00/wx/1.36,556.4,5.2,9.15,294,0.45
2025.099.15:29:00/wx/1.75,556.3,5.6,8.88,271,0.43
2025.099.15:30:00/wx/1.08,556.3,5.1,7.43,277,0.44
2025.099.15:31:00/wx/1.20,556.4,5.5,9.05,288,0.48
2025.099.15:32:00/wx/1.50,556.3,5.7,9.43,286,0.50
2025.099.15:33:00/wx/0.90,556.3,6.9,8.64,285,0.56
2025.099.15:34:00/wx/0.93,556.4,9.0,10.43,295,0.63
2025.099.15:35:00/wx/0.90,556.4,11.3,8.40,295,0.62
2025.099.15:36:00/wx/0.47,556.4,11.7,7.15,291,0.62
2025.099.15:37:00/wx/0.70,556.3,11.1,9.03,295,0.61
2025.099.15:38:00/wx/0.78,556.3,10.6,9.95,312,0.63
2025.099.15:39:00/wx/1.55,556.3,11.3,7.33,302,0.64
2025.099.15:40:00/wx/2.28,556.3,10.5,9.34,252,0.49
2025.099.15:41:00/wx/1.64,556.3,10.1,10.41,280,0.53
2025.099.15:42:00/wx/1.40,556.3,7.8,8.43,278,0.52
2025.099.15:43:00/wx/1.22,556.3,6.0,9.44,278,0.48
2025.099.15:44:00/wx/0.77,556.4,5.6,7.68,278,0.55
2025.099.15:45:00/wx/0.79,556.3,8.9,6.72,289,0.60
2025.099.15:46:00/wx/1.04,556.3,8.3,9.73,279,0.63
2025.099.15:47:00/wx/1.32,556.3,8.0,9.91,295,0.58
2025.099.15:48:00/wx/0.63,556.3,7.6,8.07,286,0.60
2025.099.15:49:00/wx/1.12,556.3,6.8,7.97,279,0.59
2025.099.15:50:00/wx/0.88,556.3,5.9,9.82,293,0.55
2025.099.15:51:00/wx/1.24,556.3,6.6,7.47,305,0.54
2025.099.15:52:00/wx/1.11,556.3,8.1,9.56,284,0.47
2025.099.15:53:00/wx/1.17,556.4,9.1,8.32,276,0.53
2025.099.15:54:00/wx/0.61,556.3,7.1,7.01,285,0.52
2025.099.15:55:00/wx/1.04,556.3,6.9,7.21,285,0.55
2025.099.15:56:00/wx/2.06,556.3,7.4,8.17,270,0.52
2025.099.15:57:00/wx/1.28,556.3,8.5,11.67,296,0.61
2025.099.15:58:00/wx/1.12,556.3,10.5,7.52,268,0.55
2025.099.15:59:00/wx/1.19,556.3,10.2,8.41,282,0.53
2025.099.16:00:00/wx/0.74,556.3,7.5,5.69,274,0.47
2025.099.16:01:00/wx/0.70,556.3,7.5,10.41,279,0.45
2025.099.16:02:00/wx/1.73,556.3,6.0,9.93,289,0.54
2025.099.16:03:00/wx/0.98,556.3,6.8,9.00,311,0.66
2025.099.16:04:00/wx/1.10,556.3,7.8,8.54,305,0.69
2025.099.16:05:00/wx/1.36,556.3,11.0,11.42,283,0.57
2025.099.16:06:00/wx/1.50,556.3,11.5,8.65,275,0.54
2025.099.16:07:00/wx/0.83,556.3,9.2,8.18,281,0.51
2025.099.16:08:00/wx/0.85,556.3,11.2,10.16,305,0.52
2025.099.16:09:00/wx/0.50,556.3,14.6,8.83,306,0.80
2025.099.16:10:00/wx/0.75,556.3,15.4,9.26,298,0.63
2025.099.16:11:00/wx/1.08,556.3,14.5,8.52,269,0.69
2025.099.16:12:00/wx/2.53,556.3,13.7,11.17,285,0.62
2025.099.16:13:00/wx/1.06,556.3,14.8,8.13,279,0.58
2025.099.16:14:00/wx/0.90,556.3,13.6,10.13,287,0.56
2025.099.16:15:00/wx/1.74,556.3,13.0,9.28,266,0.68
2025.099.16:16:00/wx/1.52,556.3,10.4,10.64,282,0.46
2025.099.16:17:00/wx/1.26,556.3,7.5,10.61,286,0.54
2025.099.16:18:00/wx/0.96,556.3,5.6,9.65,288,0.55
2025.099.16:19:00/wx/1.50,556.4,6.7,9.83,294,0.65
2025.099.16:20:00/wx/0.80,556.3,8.3,10.52,305,0.62
2025.099.16:21:00/wx/1.57,556.3,10.1,8.02,287,0.57
2025.099.16:22:00/wx/1.96,556.3,12.8,10.58,302,0.68
2025.099.16:23:00/wx/1.60,556.3,14.0,8.41,313,0.76
2025.099.16:24:00/wx/1.80,556.3,14.9,6.24,274,0.73
2025.099.16:25:00/wx/1.80,556.3,14.0,7.16,269,0.65
2025.099.16:26:00/wx/1.29,556.3,12.2,7.01,276,0.67
2025.099.16:27:00/wx/1.65,556.4,8.5,10.31,283,0.60
2025.099.16:28:00/wx/1.16,556.3,6.4,8.16,289,0.51
2025.099.16:29:00/wx/1.12,556.3,9.4,6.65,259,0.55
2025.099.16:30:00/wx/0.77,556.3,12.7,8.50,285,0.61
2025.099.16:31:00/wx/1.01,556.3,15.0,10.95,283,0.77
2025.099.16:32:00/wx/1.26,556.3,13.5,7.08,277,0.65
2025.099.16:33:00/wx/1.86,556.3,11.4,9.06,290,0.72
2025.099.16:34:00/wx/1.50,556.3,10.5,9.10,306,0.67
2025.099.16:35:00/wx/1.28,556.3,11.5,8.41,269,0.63
2025.099.16:36:00/wx/1.09,556.3,9.7,7.45,283,0.61
2025.099.16:37:00/wx/0.76,556.3,11.8,9.51,278,0.58
2025.099.16:38:00/wx/0.68,556.3,10.7,7.17,266,0.45
2025.099.16:39:00/wx/1.22,556.3,9.2,7.32,262,0.51
2025.099.16:40:00/wx/1.83,556.3,7.2,8.74,299,0.53
2025.099.16:41:00/wx/1.40,556.3,7.1,10.43,293,0.55
2025.099.16:42:00/wx/1.33,556.3,10.9,9.53,283,0.48
2025.099.16:43:00/wx/1.40,556.3,11.7,8.81,293,0.65
2025.099.16:44:00/wx/1.29,556.3,9.4,12.35,283,0.65
2025.099.16:45:00/wx/1.48,556.3,8.9,11.92,283,0.68
2025.099.16:46:00/wx/1.70,556.3,10.6,11.13,280,0.64
2025.099.16:47:00/wx/0.93,556.3,13.0,8.16,294,0.70
2025.099.16:48:00/wx/1.18,556.3,13.5,9.96,294,0.80
2025.099.16:49:00/wx/1.83,556.2,15.3,5.91,272,0.71
2025.099.16:50:00/wx/2.29,556.3,14.3,4.74,274,0.77
2025.099.16:51:00/wx/1.90,556.2,11.2,9.43,279,0.65
2025.099.16:52:00/wx/1.26,556.2,11.8,9.59,281,0.55
2025.099.16:53:00/wx/1.20,556.2,12.4,9.23,282,0.60
2025.099.16:54:00/wx/1.96,556.2,11.5,9.72,292,0.59
2025.099.16:55:00/wx/1.41,556.2,8.8,9.86,291,0.66
2025.099.16:56:00/wx/1.20,556.2,8.7,6.93,288,0.63
2025.099.16:57:00/wx/1.91,556.2,12.2,10.06,282,0.79
2025.099.16:58:00/wx/1.20,556.2,13.7,5.64,261,0.75
2025.099.16:59:00/wx/1.26,556.2,14.0,8.92,277,0.71
2025.099.17:00:00/wx/0.85,556.2,18.0,8.93,259,0.87
2025.099.17:01:00/wx/0.68,556.3,18.7,7.01,268,0.81
2025.099.17:02:00/wx/1.04,556.2,18.9,5.70,268,0.87
2025.099.17:03:00/wx/1.28,556.2,15.1,9.74,279,0.70
2025.099.17:04:00/wx/2.79,556.2,8.9,9.53,289,0.69
2025.099.17:05:00/wx/2.41,556.2,11.3,10.62,281,0.75
2025.099.17:06:00/wx/1.48,556.2,14.3,10.02,278,0.92
2025.099.17:07:00/wx/0.88,556.2,15.3,6.39,259,0.88
2025.099.17:08:00/wx/1.18,556.2,16.8,8.19,265,0.83
2025.099.17:09:00/wx/1.85,556.2,10.1,10.41,292,0.64
2025.099.17:10:00/wx/1.27,556.1,9.2,8.31,292,0.52
2025.099.17:11:00/wx/1.71,556.2,11.2,12.00,284,0.61
2025.099.17:12:00/wx/1.15,556.1,10.8,11.66,299,0.73
2025.099.17:13:00/wx/1.58,556.1,16.9,10.62,282,0.81
2025.099.17:14:00/wx/2.07,556.2,16.1,9.21,297,0.89
2025.099.17:15:00/wx/2.19,556.1,16.1,8.13,280,0.73
2025.099.17:16:00/wx/1.95,556.2,12.1,7.50,280,0.80
2025.099.17:17:00/wx/1.25,556.2,9.7,8.95,281,0.86
2025.099.17:18:00/wx/1.40,556.1,10.0,9.13,288,0.65
2025.099.17:19:00/wx/2.10,556.1,12.5,8.38,270,0.72
2025.099.17:20:00/wx/1.10,556.1,13.7,8.72,257,0.84
2025.099.17:21:00/wx/1.18,556.1,15.4,7.69,279,0.92
2025.099.17:22:00/wx/1.23,556.1,17.6,6.64,259,1.08
2025.099.17:23:00/wx/1.50,556.1,17.0,10.93,276,0.82
2025.099.17:24:00/wx/1.19,556.1,16.6,8.24,291,0.76
2025.099.17:25:00/wx/1.31,556.1,15.9,9.85,257,0.78
2025.099.17:26:00/wx/0.99,556.1,15.3,8.13,251,0.73
2025.099.17:27:00/wx/1.53,556.1,12.3,6.92,270,0.62
2025.099.17:28:00/wx/1.70,556.1,10.0,9.43,274,0.54
2025.099.17:29:00/wx/1.61,556.1,9.6,10.47,283,0.56
2025.099.17:30:00/wx/1.27,556.1,11.3,12.84,287,0.64
2025.099.17:31:00/wx/1.17,556.2,15.1,11.39,290,0.89
2025.099.17:32:00/wx/0.51,556.1,19.0,9.08,290,0.81
2025.099.17:33:00/wx/0.82,556.1,20.2,9.14,286,1.00
2025.099.17:34:00/wx/1.98,556.1,17.3,10.50,284,0.84
2025.099.17:35:00/wx/2.03,556.1,13.7,10.40,286,0.68
2025.099.17:36:00/wx/1.21,556.1,13.1,6.68,272,0.65
2025.099.17:37:00/wx/1.21,556.1,10.4,7.14,282,0.82
2025.099.17:38:00/wx/0.63,556.0,12.6,5.53,265,0.74
2025.099.17:39:00/wx/1.65,556.1,11.2,13.14,282,0.57
2025.099.17:40:00/wx/1.17,556.1,8.6,8.84,279,0.42
2025.099.17:41:00/wx/1.13,556.1,8.5,7.18,277,0.58
2025.099.17:42:00/wx/1.26,556.1,9.2,11.35,286,0.56
2025.099.17:43:00/wx/0.81,556.1,12.3,8.30,274,0.64
2025.099.17:44:00/wx/0.39,556.1,15.2,6.95,285,0.88
2025.099.17:45:00/wx/1.06,556.1,17.0,7.29,263,0.85
2025.099.17:46:00/wx/1.12,556.1,18.2,10.26,242,0.81
2025.099.17:47:00/wx/1.78,556.1,15.4,7.42,285,0.82
2025.099.17:48:00/wx/1.18,556.1,11.6,7.52,263,0.86
2025.099.17:49:00/wx/1.37,556.1,14.0,8.29,278,0.68
2025.099.17:50:00/wx/1.79,556.2,13.8,11.70,283,0.71
2025.099.17:51:00/wx/1.03,556.2,15.2,8.10,285,0.68
2025.099.17:52:00/wx/1.85,556.2,15.8,12.22,287,0.73
2025.099.17:53:00/wx/0.91,556.2,17.6,7.69,255,0.91
2025.099.17:54:00/wx/0.75,556.2,18.9,8.63,278,0.92
2025.099.17:55:00/wx/0.51,556.1,19.4,10.26,277,0.91
2025.099.17:56:00/wx/0.58,556.1,19.7,11.58,280,0.91
2025.099.17:57:00/wx/0.66,556.1,19.9,11.01,277,0.92
2025.099.17:58:00/wx/0.79,556.1,19.5,10.40,274,0.92
2025.099.17:59:00/wx/0.95,556.1,18.2,11.59,278,0.92
2025.099.18:00:00/wx/1.03,556.1,16.9,12.59,293,0.79
2025.099.18:01:00/wx/1.00,556.1,17.1,11.06,291,0.83
2025.099.18:02:00/wx/1.10,556.1,17.4,9.33,298,0.97
2025.099.18:03:00/wx/1.56,556.1,18.3,10.79,286,0.90
2025.099.18:04:00/wx/1.00,556.0,19.3,8.38,282,0.91
2025.099.18:05:00/wx/1.29,556.1,19.4,10.16,280,1.07
2025.099.18:06:00/wx/1.77,556.1,19.0,7.87,279,0.97
2025.099.18:07:00/wx/1.80,556.1,17.9,7.33,273,0.83
2025.099.18:08:00/wx/2.01,556.1,17.3,9.71,270,0.92
2025.099.18:09:00/wx/1.36,556.1,18.6,9.28,273,1.08
2025.099.18:10:00/wx/0.76,556.1,20.0,8.32,262,1.08
2025.099.18:11:00/wx/1.14,556.1,19.7,9.27,278,0.84
2025.099.18:12:00/wx/0.50,556.1,21.1,6.73,278,1.09
2025.099.18:13:00/wx/1.59,556.1,20.0,10.58,281,0.96
2025.099.18:14:00/wx/1.06,556.1,18.7,10.00,289,0.93
2025.099.18:15:00/wx/0.95,556.1,18.4,9.60,280,0.98
2025.099.18:16:00/wx/0.47,556.1,18.0,6.68,261,0.92
2025.099.18:17:00/wx/0.81,556.1,19.1,6.64,272,1.21
2025.099.18:18:00/wx/0.99,556.1,19.6,6.36,273,1.24
2025.099.18:19:00/wx/0.61,556.0,20.1,5.11,286,1.27
2025.099.18:20:00/wx/0.60,556.1,19.7,8.00,268,1.09
2025.099.18:21:00/wx/1.41,556.1,19.7,8.55,269,1.05
2025.099.18:22:00/wx/1.20,556.0,19.4,7.16,251,1.21
2025.099.18:23:00/wx/1.01,556.0,18.8,10.50,280,0.83
2025.099.18:24:00/wx/1.43,556.0,16.9,9.91,278,0.74
2025.099.18:25:00/wx/1.13,556.1,17.2,9.80,278,0.77
2025.099.18:26:00/wx/0.68,556.1,18.9,9.14,287,0.89
2025.099.18:27:00/wx/1.32,556.0,19.3,8.15,279,1.10
2025.099.18:28:00/wx/2.26,556.0,18.3,9.19,288,1.04
2025.099.18:29:00/wx/1.42,556.0,17.6,7.15,273,0.92
2025.099.18:30:00/wx/1.27,556.0,17.6,8.88,266,0.96
2025.099.18:31:00/wx/1.28,556.0,17.7,10.21,290,0.74
2025.099.18:32:00/wx/1.40,556.0,18.4,5.61,274,0.89
2025.099.18:33:00/wx/1.59,556.0,17.7,8.75,272,0.88
2025.099.18:34:00/wx/2.10,556.0,18.0,8.63,267,1.01
2025.099.18:35:00/wx/2.25,556.1,17.9,12.03,280,0.90
2025.099.18:36:00/wx/1.30,556.0,17.5,9.08,285,0.95
2025.099.18:37:00/wx/1.29,556.0,18.1,10.37,294,1.03
2025.099.18:38:00/wx/1.03,556.0,18.5,9.35,292,1.19
2025.099.18:39:00/wx/2.00,556.0,18.8,12.33,293,1.09
2025.099.18:40:00/wx/1.16,556.0,20.6,8.72,289,1.22
