2025.097.22:37:00;APEX Database Weather Data for Timerange of e25f08
2025.097.22:37:00;The format is wx/temp[C],press[mbar],humid[%],speed[m/s],direction[deg],pwv[mm]
2025.097.22:38:00/wx/-0.70,555.0,32.0,7.41,256,1.97
2025.097.22:39:00/wx/-0.70,555.0,32.5,7.06,258,2.06
2025.097.22:40:00/wx/-0.70,555.0,32.6,5.75,266,2.00
2025.097.22:41:00/wx/-0.70,555.0,33.3,6.04,253,2.04
2025.097.22:42:00/wx/-0.80,555.0,33.4,8.01,252,2.12
2025.097.22:43:00/wx/-0.84,555.0,34.2,7.02,258,2.11
2025.097.22:44:00/wx/-0.90,555.0,34.7,5.01,270,2.14
2025.097.22:45:00/wx/-0.80,555.0,37.5,5.85,265,2.17
2025.097.22:46:00/wx/-0.68,555.0,37.4,6.44,247,2.19
2025.097.22:47:00/wx/-0.90,555.0,37.6,7.12,256,2.25
2025.097.22:48:00/wx/-0.80,555.0,37.4,5.50,262,2.25
2025.097.22:49:00/wx/-1.00,555.0,37.2,6.38,260,2.30
2025.097.22:50:00/wx/-0.90,555.0,36.4,4.95,269,2.36
2025.097.22:51:00/wx/-1.00,555.0,36.1,6.01,254,2.37
2025.097.22:52:00/wx/-1.10,555.0,36.5,5.45,255,2.32
2025.097.22:53:00/wx/-1.30,555.0,36.8,4.78,258,2.38
2025.097.22:54:00/wx/-1.20,555.0,37.3,7.32,250,2.29
2025.097.22:55:00/wx/-1.18,555.0,37.3,8.27,255,2.33
2025.097.22:56:00/wx/-1.00,555.0,36.7,4.89,264,2.32
2025.097.22:57:00/wx/-1.11,555.0,37.1,4.38,261,2.15
2025.097.22:58:00/wx/-1.00,555.0,38.9,4.96,264,1.84
2025.097.22:59:00/wx/-1.40,555.0,39.3,4.27,277,1.78
2025.097.23:00:00/wx/-1.30,555.1,37.5,4.68,264,1.72
2025.097.23:01:00/wx/-1.30,555.1,37.4,4.43,252,1.72
2025.097.23:02:00/wx/-1.20,555.1,36.9,5.23,257,1.68
2025.097.23:03:00/wx/-1.20,555.1,35.0,5.90,255,1.66
2025.097.23:04:00/wx/-1.20,555.1,33.6,6.53,252,1.66
2025.097.23:05:00/wx/-1.28,555.1,33.2,5.32,261,1.69
2025.097.23:06:00/wx/-1.30,555.1,32.5,5.75,253,1.70
2025.097.23:07:00/wx/-1.40,555.1,31.0,7.01,250,1.73
2025.097.23:08:00/wx/-1.40,555.1,30.3,5.34,254,1.75
2025.097.23:09:00/wx/-1.60,555.1,30.7,4.63,270,1.78
2025.097.23:10:00/wx/-1.50,555.1,30.7,5.13,257,1.75
2025.097.23:11:00/wx/-1.50,555.1,30.7,6.21,251,1.78
2025.097.23:12:00/wx/-1.30,555.2,30.3,3.85,266,1.73
2025.097.23:13:00/wx/-1.36,555.2,30.2,4.04,263,1.76
2025.097.23:14:00/wx/-1.60,555.1,30.6,4.33,264,1.78
2025.097.23:15:00/wx/-1.70,555.2,31.3,4.30,258,1.74
2025.097.23:16:00/wx/-1.79,555.2,32.1,3.60,265,1.73
2025.097.23:17:00/wx/-1.80,555.2,32.7,4.81,257,1.72
2025.097.23:18:00/wx/-1.90,555.2,33.7,5.28,249,1.72
2025.097.23:19:00/wx/-2.00,555.2,34.4,4.82,245,1.72
2025.097.23:20:00/wx/-2.10,555.2,34.9,5.29,245,1.92
2025.097.23:21:00/wx/-2.11,555.2,35.4,5.16,251,1.99
2025.097.23:22:00/wx/-2.10,555.3,35.3,5.72,250,2.00
2025.097.23:23:00/wx/-2.00,555.2,35.0,4.96,251,1.99
2025.097.23:24:00/wx/-1.90,555.3,35.1,5.43,249,1.94
2025.097.23:25:00/wx/-1.90,555.2,34.9,3.98,257,1.95
2025.097.23:26:00/wx/-1.70,555.2,34.8,4.32,260,1.99
2025.097.23:27:00/wx/-1.80,555.2,35.0,5.64,249,2.03
2025.097.23:28:00/wx/-1.80,555.3,34.7,5.65,252,1.96
2025.097.23:29:00/wx/-2.00,555.3,34.9,5.74,249,1.87
2025.097.23:30:00/wx/-2.00,555.2,34.9,4.90,248,1.98
2025.097.23:31:00/wx/-2.10,555.3,35.1,5.42,244,2.08
2025.097.23:32:00/wx/-2.43,555.3,35.3,4.53,236,2.03
2025.097.23:33:00/wx/-2.60,555.3,36.0,4.66,245,2.00
2025.097.23:34:00/wx/-2.70,555.3,36.3,4.56,249,2.03
2025.097.23:35:00/wx/-2.56,555.3,36.2,5.46,247,2.03
2025.097.23:36:00/wx/-2.30,555.3,35.6,5.13,250,2.22
2025.097.23:37:00/wx/-2.40,555.3,35.6,4.82,251,2.08
2025.097.23:38:00/wx/-2.32,555.3,35.7,4.84,252,2.20
2025.097.23:39:00/wx/-2.19,555.3,35.4,5.32,253,2.18
2025.097.23:40:00/wx/-2.00,555.3,35.4,5.57,251,2.11
2025.097.23:41:00/wx/-2.00,555.3,35.9,5.42,252,2.09
2025.097.23:42:00/wx/-2.00,555.3,36.6,4.96,253,2.12
2025.097.23:43:00/wx/-2.11,555.3,37.1,5.61,251,2.18
2025.097.23:44:00/wx/-2.10,555.3,38.2,5.99,249,2.16
2025.097.23:45:00/wx/-2.00,555.3,38.4,4.87,253,2.19
2025.097.23:46:00/wx/-2.00,555.3,38.2,4.56,256,2.24
2025.097.23:47:00/wx/-1.90,555.3,38.5,4.80,253,2.21
2025.097.23:48:00/wx/-2.00,555.3,39.1,4.77,255,2.26
2025.097.23:49:00/wx/-1.90,555.3,39.5,5.25,254,2.08
2025.097.23:50:00/wx/-2.00,555.3,39.6,5.90,251,2.03
2025.097.23:51:00/wx/-1.90,555.3,39.7,5.53,245,2.00
2025.097.23:52:00/wx/-1.79,555.3,39.5,4.82,252,2.04
2025.097.23:53:00/wx/-2.00,555.3,39.6,5.68,253,1.96
2025.097.23:54:00/wx/-2.00,555.3,39.8,4.80,254,1.95
2025.097.23:55:00/wx/-1.90,555.3,39.7,4.66,255,1.99
2025.097.23:56:00/wx/-2.00,555.3,39.7,4.93,255,1.97
2025.097.23:57:00/wx/-1.90,555.3,39.8,4.35,259,1.95
2025.097.23:58:00/wx/-1.90,555.3,39.8,5.02,253,2.01
2025.097.23:59:00/wx/-1.90,555.3,39.7,5.35,251,2.07
2025.098.00:00:00/wx/-1.90,555.3,40.5,4.62,255,2.00
2025.098.00:01:00/wx/-1.90,555.3,40.7,4.93,252,2.03
2025.098.00:02:00/wx/-2.00,555.3,41.1,4.39,255,1.99
2025.098.00:03:00/wx/-2.00,555.2,41.5,5.51,250,2.04
2025.098.00:04:00/wx/-1.98,555.2,41.4,4.61,258,2.08
2025.098.00:05:00/wx/-1.90,555.2,41.5,5.63,249,2.08
2025.098.00:06:00/wx/-2.10,555.2,42.3,4.23,257,2.08
2025.098.00:07:00/wx/-2.00,555.2,42.8,3.82,264,2.04
2025.098.00:08:00/wx/-2.00,555.2,42.9,4.11,262,2.09
2025.098.00:09:00/wx/-2.00,555.2,43.0,4.02,269,2.09
2025.098.00:10:00/wx/-1.90,555.2,42.9,3.43,266,2.02
2025.098.00:11:00/wx/-2.00,555.2,43.2,3.17,272,1.98
2025.098.00:12:00/wx/-2.00,555.3,43.6,4.12,260,2.00
2025.098.00:13:00/wx/-2.39,555.3,48.1,7.31,249,2.07
2025.098.00:14:00/wx/-2.93,555.3,55.9,6.34,249,2.09
2025.098.00:15:00/wx/-3.19,555.2,61.2,6.59,244,2.11
2025.098.00:16:00/wx/-3.61,555.2,64.0,5.23,253,2.10
2025.098.00:17:00/wx/-3.70,555.3,66.7,5.97,246,2.02
2025.098.00:18:00/wx/-3.41,555.3,65.6,5.01,254,1.86
2025.098.00:19:00/wx/-3.22,555.2,65.4,5.10,249,2.01
2025.098.00:20:00/wx/-3.59,555.3,67.3,3.95,251,2.00
2025.098.00:21:00/wx/-4.00,555.3,67.8,2.93,241,1.88
2025.098.00:22:00/wx/-4.31,555.3,68.6,2.16,252,1.99
2025.098.00:23:00/wx/-4.60,555.3,69.2,1.86,258,2.06
2025.098.00:24:00/wx/-4.68,555.3,70.4,2.17,259,2.02
2025.098.00:25:00/wx/-4.50,555.3,71.1,2.50,272,1.94
2025.098.00:26:00/wx/-4.30,555.3,71.1,2.72,288,1.89
2025.098.00:27:00/wx/-4.30,555.3,71.2,2.30,251,1.89
2025.098.00:28:00/wx/-4.50,555.3,71.5,1.82,243,1.97
2025.098.00:29:00/wx/-4.50,555.3,71.9,1.57,248,2.00
2025.098.00:30:00/wx/-4.70,555.4,71.6,1.21,253,2.01
2025.098.00:31:00/wx/-4.79,555.4,72.6,0.75,269,1.98
2025.098.00:32:00/wx/-4.70,555.3,73.1,1.24,258,1.96
2025.098.00:33:00/wx/-4.60,555.4,74.0,1.54,259,1.91
2025.098.00:34:00/wx/-4.81,555.3,73.5,1.60,252,1.90
2025.098.00:35:00/wx/-4.80,555.4,74.9,1.87,246,1.92
2025.098.00:36:00/wx/-4.70,555.4,75.9,1.91,248,1.90
2025.098.00:37:00/wx/-4.70,555.4,76.7,1.38,245,1.89
2025.098.00:38:00/wx/-4.60,555.4,76.2,1.87,258,1.88
2025.098.00:39:00/wx/-4.50,555.3,77.0,1.38,255,1.82
2025.098.00:40:00/wx/-4.48,555.4,76.5,1.05,279,1.82
2025.098.00:41:00/wx/-4.60,555.4,76.5,1.31,260,1.86
2025.098.00:42:00/wx/-4.60,555.4,77.0,1.29,258,1.86
2025.098.00:43:00/wx/-4.60,555.4,77.0,1.61,248,1.89
2025.098.00:44:00/wx/-4.60,555.4,77.2,1.69,243,1.83
2025.098.00:45:00/wx/-4.50,555.4,77.8,1.35,271,1.81
2025.098.00:46:00/wx/-4.50,555.4,77.8,1.32,265,1.79
2025.098.00:47:00/wx/-4.50,555.4,78.2,1.43,259,1.79
2025.098.00:48:00/wx/-4.40,555.4,78.3,1.46,247,1.74
2025.098.00:49:00/wx/-4.40,555.4,78.4,1.67,249,1.75
2025.098.00:50:00/wx/-4.48,555.4,78.3,1.28,264,1.69
2025.098.00:51:00/wx/-4.50,555.4,78.5,1.34,279,1.64
2025.098.00:52:00/wx/-4.50,555.4,78.7,1.43,274,1.66
2025.098.00:53:00/wx/-4.60,555.4,78.0,1.35,275,1.64
2025.098.00:54:00/wx/-4.70,555.4,78.7,1.23,256,1.66
2025.098.00:55:00/wx/-4.80,555.4,79.4,1.51,334,1.64
2025.098.00:56:00/wx/-4.80,555.4,79.4,1.31,332,1.67
2025.098.00:57:00/wx/-4.70,555.5,80.1,1.03,194,1.66
2025.098.00:58:00/wx/-4.81,555.4,80.6,0.74,334,1.64
2025.098.00:59:00/wx/-4.70,555.4,81.0,0.47,-19,1.64
2025.098.01:00:00/wx/-4.70,555.5,80.2,0.74,344,1.63
2025.098.01:01:00/wx/-4.80,555.5,80.4,0.50,21,1.61
2025.098.01:02:00/wx/-4.80,555.4,81.5,0.48,342,1.64
2025.098.01:03:00/wx/-4.80,555.5,81.3,0.61,354,1.64
2025.098.01:04:00/wx/-4.70,555.5,80.9,0.84,-13,1.62
2025.098.01:05:00/wx/-4.63,555.5,81.3,0.93,238,1.59
2025.098.01:06:00/wx/-4.60,555.5,81.4,0.94,6,1.59
2025.098.01:07:00/wx/-4.50,555.5,81.5,1.00,12,1.61
2025.098.01:08:00/wx/-4.40,555.5,81.1,1.19,22,1.60
2025.098.01:09:00/wx/-4.40,555.5,80.6,1.08,16,1.57
2025.098.01:10:00/wx/-4.30,555.5,80.8,0.87,248,1.56
2025.098.01:11:00/wx/-4.30,555.5,80.7,0.83,344,1.59
2025.098.01:12:00/wx/-4.30,555.4,80.4,0.94,353,1.56
2025.098.01:13:00/wx/-4.30,555.5,80.7,0.75,350,1.51
2025.098.01:14:00/wx/-4.30,555.5,80.4,0.66,326,1.51
2025.098.01:15:00/wx/-4.30,555.5,80.8,0.44,313,1.52
2025.098.01:16:00/wx/-4.30,555.4,80.3,0.53,275,1.49
2025.098.01:17:00/wx/-4.30,555.4,79.7,0.89,315,1.44
2025.098.01:18:00/wx/-4.30,555.4,79.8,0.65,299,1.41
2025.098.01:19:00/wx/-4.30,555.4,81.0,0.57,309,1.42
2025.098.01:20:00/wx/-4.30,555.4,80.5,0.83,307,1.41
2025.098.01:21:00/wx/-4.30,555.4,80.6,1.33,311,1.42
2025.098.01:22:00/wx/-4.30,555.4,80.3,1.10,296,1.46
2025.098.01:23:00/wx/-4.29,555.4,80.8,1.30,286,1.52
2025.098.01:24:00/wx/-4.20,555.5,80.6,1.25,318,1.47
2025.098.01:25:00/wx/-4.20,555.4,80.4,1.42,306,1.43
2025.098.01:26:00/wx/-4.20,555.4,80.4,1.13,301,1.37
2025.098.01:27:00/wx/-4.20,555.4,80.7,1.59,305,1.36
2025.098.01:28:00/wx/-4.20,555.5,80.5,1.71,302,1.40
2025.098.01:29:00/wx/-4.20,555.4,80.8,1.86,298,1.45
2025.098.01:30:00/wx/-4.10,555.5,80.6,1.85,309,1.41
2025.098.01:31:00/wx/-4.10,555.5,80.5,1.53,305,1.25
2025.098.01:32:00/wx/-4.00,555.4,79.8,1.87,312,1.38
2025.098.01:33:00/wx/-4.00,555.4,79.4,2.26,313,1.39
2025.098.01:34:00/wx/-4.00,555.5,79.0,2.17,320,1.39
2025.098.01:35:00/wx/-4.00,555.5,79.1,2.22,316,1.39
2025.098.01:36:00/wx/-4.10,555.5,78.8,2.43,328,1.40
2025.098.01:37:00/wx/-4.41,555.5,77.0,3.08,328,1.43
2025.098.01:38:00/wx/-4.40,555.5,76.9,2.57,311,1.41
2025.098.01:39:00/wx/-4.20,555.5,78.3,2.11,298,1.37
2025.098.01:40:00/wx/-4.14,555.5,76.9,1.87,297,1.37
2025.098.01:41:00/wx/-4.19,555.5,76.1,1.62,319,1.36
2025.098.01:42:00/wx/-4.53,555.5,76.1,2.43,331,1.34
2025.098.01:43:00/wx/-4.29,555.5,77.7,2.70,329,1.30
2025.098.01:44:00/wx/-4.30,555.5,77.8,2.62,325,1.28
2025.098.01:45:00/wx/-4.20,555.5,77.8,2.58,330,1.22
2025.098.01:46:00/wx/-4.10,555.5,77.9,2.53,328,1.23
2025.098.01:47:00/wx/-4.10,555.5,78.0,2.63,328,1.25
2025.098.01:48:00/wx/-4.10,555.5,77.8,2.81,330,1.22
2025.098.01:49:00/wx/-4.10,555.4,77.7,2.93,333,1.14
2025.098.01:50:00/wx/-4.00,555.4,77.2,2.93,329,1.13
2025.098.01:51:00/wx/-4.00,555.5,77.1,2.83,323,1.16
2025.098.01:52:00/wx/-4.00,555.5,77.5,2.83,319,1.24
2025.098.01:53:00/wx/-4.00,555.4,77.7,2.63,323,1.23
2025.098.01:54:00/wx/-4.00,555.5,77.3,2.43,324,1.18
2025.098.01:55:00/wx/-3.90,555.5,76.6,2.28,322,1.15
2025.098.01:56:00/wx/-3.80,555.4,75.2,2.23,319,1.15
2025.098.01:57:00/wx/-3.70,555.4,74.1,2.23,320,1.12
2025.098.01:58:00/wx/-3.60,555.4,71.6,2.26,319,1.09
2025.098.01:59:00/wx/-3.50,555.4,69.4,2.33,316,1.07
2025.098.02:00:00/wx/-3.40,555.4,67.8,2.38,316,1.08
2025.098.02:01:00/wx/-3.30,555.4,66.5,2.23,321,1.05
2025.098.02:02:00/wx/-3.20,555.4,65.5,2.21,320,0.99
2025.098.02:03:00/wx/-3.20,555.4,64.9,2.33,318,0.95
2025.098.02:04:00/wx/-3.10,555.4,62.7,2.13,320,0.94
2025.098.02:05:00/wx/-3.00,555.4,62.6,2.08,310,0.93
2025.098.02:06:00/wx/-3.10,555.4,63.7,2.04,306,0.94
2025.098.02:07:00/wx/-3.10,555.4,62.0,2.11,304,0.94
2025.098.02:08:00/wx/-3.08,555.4,61.1,2.16,304,0.95
2025.098.02:09:00/wx/-3.20,555.4,62.8,2.13,306,0.94
2025.098.02:10:00/wx/-3.30,555.4,64.2,2.13,314,0.95
2025.098.02:11:00/wx/-3.20,555.4,62.8,2.14,322,1.00
2025.098.02:12:00/wx/-3.20,555.4,61.9,1.69,319,1.03
2025.098.02:13:00/wx/-3.20,555.4,62.3,1.48,319,1.04
2025.098.02:14:00/wx/-3.20,555.4,61.8,1.35,321,1.07
2025.098.02:15:00/wx/-3.20,555.4,60.2,1.49,327,1.04
2025.098.02:16:00/wx/-3.10,555.4,58.9,1.43,327,1.01
2025.098.02:17:00/wx/-3.10,555.4,58.6,1.60,325,1.01
2025.098.02:18:00/wx/-3.00,555.4,56.9,1.42,331,1.01
2025.098.02:19:00/wx/-3.00,555.4,57.4,1.44,333,0.98
2025.098.02:20:00/wx/-3.10,555.4,57.8,1.64,336,0.93
2025.098.02:21:00/wx/-3.00,555.4,57.4,1.83,340,0.91
2025.098.02:22:00/wx/-2.90,555.4,56.2,1.81,332,0.89
2025.098.02:23:00/wx/-2.90,555.4,56.4,1.84,317,0.86
2025.098.02:24:00/wx/-2.90,555.3,56.4,1.56,313,0.86
2025.098.02:25:00/wx/-2.90,555.4,56.9,1.43,307,0.86
2025.098.02:26:00/wx/-2.90,555.4,56.9,1.63,303,0.88
2025.098.02:27:00/wx/-3.00,555.4,56.8,1.32,297,0.84
2025.098.02:28:00/wx/-3.00,555.3,57.0,1.52,292,0.84
2025.098.02:29:00/wx/-3.10,555.4,57.4,1.62,303,0.84
2025.098.02:30:00/wx/-3.10,555.4,57.4,1.53,291,0.82
2025.098.02:31:00/wx/-3.10,555.3,57.5,1.33,279,0.83
2025.098.02:32:00/wx/-3.10,555.4,57.8,1.23,289,0.86
2025.098.02:33:00/wx/-3.20,555.4,57.9,1.11,324,0.85
2025.098.02:34:00/wx/-3.42,555.3,59.0,1.24,1,0.84
2025.098.02:35:00/wx/-3.80,555.3,64.0,1.60,356,0.87
2025.098.02:36:00/wx/-3.80,555.4,62.7,1.03,331,0.86
2025.098.02:37:00/wx/-3.70,555.4,62.3,0.73,309,0.87
2025.098.02:38:00/wx/-3.79,555.4,62.6,0.82,307,0.87
2025.098.02:39:00/wx/-3.78,555.4,61.8,0.96,300,0.87
2025.098.02:40:00/wx/-3.70,555.4,61.1,0.96,281,0.87
2025.098.02:41:00/wx/-3.70,555.4,60.1,0.72,270,0.90
2025.098.02:42:00/wx/-3.56,555.4,59.8,0.95,266,0.90
2025.098.02:43:00/wx/-3.50,555.4,59.4,1.10,270,0.90
2025.098.02:44:00/wx/-3.48,555.4,59.2,1.50,249,0.91
2025.098.02:45:00/wx/-3.50,555.4,59.3,1.29,250,0.93
2025.098.02:46:00/wx/-3.50,555.4,59.4,1.23,226,0.91
2025.098.02:47:00/wx/-3.60,555.4,59.7,1.37,240,0.93
2025.098.02:48:00/wx/-3.60,555.4,59.5,1.52,238,0.92
2025.098.02:49:00/wx/-3.70,555.4,60.1,1.61,239,0.91
2025.098.02:50:00/wx/-3.80,555.4,63.8,1.45,235,0.92
2025.098.02:51:00/wx/-3.90,555.4,67.3,1.32,240,0.92
2025.098.02:52:00/wx/-3.90,555.4,67.3,1.17,252,0.90
2025.098.02:53:00/wx/-3.90,555.3,65.4,0.93,258,0.90
2025.098.02:54:00/wx/-3.80,555.4,63.2,1.26,280,0.90
2025.098.02:55:00/wx/-3.60,555.4,57.1,1.35,293,0.87
2025.098.02:56:00/wx/-3.50,555.4,54.3,1.32,281,0.89
2025.098.02:57:00/wx/-3.50,555.3,56.5,1.23,289,0.88
2025.098.02:58:00/wx/-3.40,555.4,53.8,1.13,277,0.87
2025.098.02:59:00/wx/-3.40,555.4,54.7,1.27,262,0.89
2025.098.03:00:00/wx/-3.58,555.4,59.5,1.38,246,0.91
2025.098.03:01:00/wx/-3.70,555.4,62.4,1.32,242,0.92
2025.098.03:02:00/wx/-3.70,555.3,61.9,1.34,253,0.91
2025.098.03:03:00/wx/-3.80,555.3,63.1,1.03,249,0.90
2025.098.03:04:00/wx/-3.90,555.3,64.0,0.97,271,0.87
2025.098.03:05:00/wx/-4.00,555.3,65.5,1.20,280,0.86
2025.098.03:06:00/wx/-4.10,555.3,65.6,1.66,306,0.85
2025.098.03:07:00/wx/-4.10,555.3,61.2,1.83,320,0.85
2025.098.03:08:00/wx/-3.80,555.3,56.0,2.43,326,0.83
2025.098.03:09:00/wx/-3.26,555.4,44.2,2.26,321,0.83
2025.098.03:10:00/wx/-2.91,555.3,38.9,2.73,315,0.83
2025.098.03:11:00/wx/-2.49,555.4,35.9,2.75,322,0.79
2025.098.03:12:00/wx/-2.20,555.4,33.4,2.15,309,0.81
2025.098.03:13:00/wx/-2.30,555.4,33.8,2.43,299,0.84
2025.098.03:14:00/wx/-2.30,555.4,33.9,2.66,295,0.83
2025.098.03:15:00/wx/-2.10,555.4,32.1,2.53,307,0.80
2025.098.03:16:00/wx/-2.09,555.4,31.3,2.56,316,0.79
2025.098.03:17:00/wx/-2.03,555.4,31.5,2.66,318,0.79
2025.098.03:18:00/wx/-2.10,555.4,30.7,2.73,323,0.78
2025.098.03:19:00/wx/-2.16,555.3,30.1,3.03,340,0.78
2025.098.03:20:00/wx/-1.90,555.3,27.3,3.16,337,0.77
2025.098.03:21:00/wx/-1.80,555.3,26.4,3.88,343,0.78
2025.098.03:22:00/wx/-1.59,555.3,25.3,3.19,339,0.77
2025.098.03:23:00/wx/-2.00,555.4,28.6,3.23,333,0.78
2025.098.03:24:00/wx/-2.30,555.4,30.5,3.11,314,0.78
2025.098.03:25:00/wx/-2.22,555.4,29.4,4.14,316,0.76
2025.098.03:26:00/wx/-1.98,555.4,27.7,3.00,321,0.75
2025.098.03:27:00/wx/-1.60,555.4,25.7,3.30,340,0.78
2025.098.03:28:00/wx/-1.50,555.3,25.4,2.95,326,0.77
2025.098.03:29:00/wx/-1.44,555.4,25.5,3.48,335,0.75
2025.098.03:30:00/wx/-1.60,555.4,26.1,3.17,330,0.77
2025.098.03:31:00/wx/-1.50,555.4,26.0,3.00,329,0.76
2025.098.03:32:00/wx/-1.60,555.3,25.2,3.42,326,0.77
2025.098.03:33:00/wx/-1.70,555.4,26.6,3.43,325,0.78
2025.098.03:34:00/wx/-1.60,555.3,26.3,3.44,324,0.78
2025.098.03:35:00/wx/-1.69,555.3,25.9,3.46,334,0.78
2025.098.03:36:00/wx/-1.80,555.3,26.0,3.12,325,0.79
2025.098.03:37:00/wx/-1.70,555.3,25.1,3.17,336,0.77
2025.098.03:38:00/wx/-1.70,555.3,25.3,4.13,336,0.77
2025.098.03:39:00/wx/-1.60,555.3,25.6,3.34,331,0.79
2025.098.03:40:00/wx/-1.60,555.3,25.4,3.53,337,0.80
2025.098.03:41:00/wx/-1.70,555.3,24.9,3.68,339,0.79
2025.098.03:42:00/wx/-1.60,555.3,24.9,3.15,340,0.80
2025.098.03:43:00/wx/-1.60,555.3,24.4,3.43,342,0.83
2025.098.03:44:00/wx/-1.60,555.3,24.3,3.23,344,0.82
2025.098.03:45:00/wx/-1.70,555.3,25.2,3.15,332,0.84
2025.098.03:46:00/wx/-1.90,555.3,25.6,3.27,349,0.81
2025.098.03:47:00/wx/-1.90,555.3,26.0,3.15,346,0.83
2025.098.03:48:00/wx/-1.80,555.3,26.5,2.43,348,0.84
2025.098.03:49:00/wx/-1.77,555.3,26.1,2.77,335,0.85
2025.098.03:50:00/wx/-1.80,555.3,25.9,2.94,336,0.82
2025.098.03:51:00/wx/-1.89,555.3,26.0,3.04,340,0.81
2025.098.03:52:00/wx/-1.70,555.3,25.9,2.66,338,0.83
2025.098.03:53:00/wx/-1.80,555.3,26.0,2.72,334,0.84
2025.098.03:54:00/wx/-1.80,555.3,27.1,2.90,331,0.87
2025.098.03:55:00/wx/-1.80,555.3,27.0,2.61,327,0.87
2025.098.03:56:00/wx/-1.80,555.3,27.2,2.43,329,0.76
2025.098.03:57:00/wx/-1.74,555.3,27.1,2.53,332,0.84
2025.098.03:58:00/wx/-1.80,555.3,27.0,2.43,333,0.84
2025.098.03:59:00/wx/-1.80,555.3,27.2,2.61,335,0.83
2025.098.04:00:00/wx/-1.90,555.3,27.3,2.32,333,0.82
2025.098.04:01:00/wx/-1.90,555.3,27.4,2.34,334,0.80
2025.098.04:02:00/wx/-1.90,555.3,27.6,2.44,341,0.81
2025.098.04:03:00/wx/-1.90,555.3,27.8,2.62,339,0.82
2025.098.04:04:00/wx/-2.00,555.2,27.7,2.16,342,0.79
2025.098.04:05:00/wx/-2.00,555.3,27.9,2.52,342,0.78
2025.098.04:06:00/wx/-2.00,555.3,28.1,2.63,329,0.79
2025.098.04:07:00/wx/-1.90,555.3,28.2,2.63,335,0.80
2025.098.04:08:00/wx/-1.90,555.3,28.5,2.14,325,0.79
2025.098.04:09:00/wx/-1.92,555.2,28.2,2.22,329,0.79
2025.098.04:10:00/wx/-1.93,555.3,28.1,2.34,326,0.79
2025.098.04:11:00/wx/-1.90,555.3,28.3,2.24,328,0.79
2025.098.04:12:00/wx/-1.90,555.3,28.4,2.24,321,0.80
2025.098.04:13:00/wx/-2.00,555.3,28.5,2.03,321,0.80
2025.098.04:14:00/wx/-2.00,555.2,28.5,2.06,321,0.81
2025.098.04:15:00/wx/-2.00,555.3,28.5,2.13,312,0.79
2025.098.04:16:00/wx/-2.10,555.3,28.9,2.23,324,0.80
2025.098.04:17:00/wx/-2.10,555.2,28.9,2.09,319,0.81
2025.098.04:18:00/wx/-2.10,555.2,28.7,2.30,319,0.80
2025.098.04:19:00/wx/-2.10,555.2,28.9,2.13,318,0.80
2025.098.04:20:00/wx/-2.10,555.2,28.9,2.23,323,0.80
2025.098.04:21:00/wx/-2.20,555.2,28.9,2.53,320,0.79
2025.098.04:22:00/wx/-2.20,555.2,28.9,2.39,317,0.78
2025.098.04:23:00/wx/-2.30,555.2,29.1,2.24,318,0.80
2025.098.04:24:00/wx/-2.30,555.2,29.2,2.22,315,0.80
2025.098.04:25:00/wx/-2.30,555.3,29.4,2.13,313,0.79
2025.098.04:26:00/wx/-2.30,555.2,29.5,2.13,308,0.80
2025.098.04:27:00/wx/-2.40,555.2,29.4,2.13,315,0.81
2025.098.04:28:00/wx/-2.40,555.2,29.3,2.23,318,0.82
2025.098.04:29:00/wx/-2.40,555.2,29.3,2.24,319,0.83
2025.098.04:30:00/wx/-2.40,555.2,29.7,2.30,317,0.82
2025.098.04:31:00/wx/-2.40,555.2,29.9,2.23,322,0.80
2025.098.04:32:00/wx/-2.50,555.2,30.2,2.33,320,0.80
2025.098.04:33:00/wx/-2.50,555.2,30.4,2.43,320,0.82
2025.098.04:34:00/wx/-2.50,555.2,30.3,2.53,322,0.83
2025.098.04:35:00/wx/-2.50,555.2,30.4,2.52,323,0.82
2025.098.04:36:00/wx/-2.50,555.2,30.7,2.53,324,0.81
2025.098.04:37:00/wx/-2.50,555.2,30.4,2.53,326,0.82
2025.098.04:38:00/wx/-2.50,555.2,30.9,2.61,328,0.81
2025.098.04:39:00/wx/-2.50,555.2,31.5,2.63,324,0.79
2025.098.04:40:00/wx/-2.50,555.2,31.9,2.41,329,0.80
2025.098.04:41:00/wx/-2.50,555.2,32.0,2.74,322,0.79
2025.098.04:42:00/wx/-2.53,555.2,31.8,2.56,323,0.78
2025.098.04:43:00/wx/-2.50,555.2,31.9,2.73,329,0.80
2025.098.04:44:00/wx/-2.51,555.2,32.2,2.84,326,0.79
2025.098.04:45:00/wx/-2.56,555.2,32.4,2.84,325,0.79
2025.098.04:46:00/wx/-2.60,555.2,32.6,2.83,325,0.78
2025.098.04:47:00/wx/-2.60,555.1,32.4,3.05,326,0.80
2025.098.04:48:00/wx/-2.60,555.1,33.2,3.15,324,0.80
2025.098.04:49:00/wx/-2.60,555.1,33.5,3.11,326,0.78
2025.098.04:50:00/wx/-2.60,555.1,33.8,2.99,326,0.78
2025.098.04:51:00/wx/-2.60,555.1,33.1,2.63,317,0.77
2025.098.04:52:00/wx/-2.70,555.2,33.7,3.03,325,0.78
2025.098.04:53:00/wx/-2.70,555.2,33.9,3.35,325,0.78
2025.098.04:54:00/wx/-2.70,555.1,34.1,3.30,323,0.79
2025.098.04:55:00/wx/-2.70,555.1,34.1,3.13,329,0.78
2025.098.04:56:00/wx/-2.70,555.1,34.7,3.13,333,0.78
2025.098.04:57:00/wx/-2.70,555.1,35.3,3.00,326,0.77
2025.098.04:58:00/wx/-2.70,555.1,35.6,3.21,331,0.76
2025.098.04:59:00/wx/-2.70,555.1,36.0,3.17,326,0.75
2025.098.05:00:00/wx/-2.70,555.1,35.6,3.45,330,0.76
2025.098.05:01:00/wx/-2.70,555.0,35.3,3.33,333,0.76
2025.098.05:02:00/wx/-2.70,555.1,35.7,3.26,331,0.77
2025.098.05:03:00/wx/-2.80,555.1,35.7,3.54,331,0.77
2025.098.05:04:00/wx/-2.80,555.1,35.9,3.36,340,0.78
2025.098.05:05:00/wx/-2.80,555.1,35.9,3.44,335,0.77
2025.098.05:06:00/wx/-2.80,555.0,36.2,3.33,330,0.77
2025.098.05:07:00/wx/-2.70,555.0,36.2,2.99,335,0.75
2025.098.05:08:00/wx/-2.80,555.0,36.4,3.27,334,0.76
2025.098.05:09:00/wx/-2.80,555.0,36.6,3.31,330,0.76
2025.098.05:10:00/wx/-2.80,555.1,36.5,3.16,331,0.77
2025.098.05:11:00/wx/-2.80,555.0,36.6,3.52,336,0.77
2025.098.05:12:00/wx/-3.05,555.0,37.3,3.00,337,0.77
2025.098.05:13:00/wx/-3.10,555.1,37.5,3.24,327,0.80
2025.098.05:14:00/wx/-2.90,555.1,37.5,3.11,335,0.80
2025.098.05:15:00/wx/-2.90,555.1,37.5,2.85,324,0.79
2025.098.05:16:00/wx/-2.90,555.0,37.6,2.64,318,0.81
2025.098.05:17:00/wx/-2.90,555.0,37.5,2.94,334,0.80
2025.098.05:18:00/wx/-2.80,555.0,37.1,3.21,330,0.81
2025.098.05:19:00/wx/-2.90,555.0,37.0,3.11,333,0.81
2025.098.05:20:00/wx/-2.90,555.0,37.2,3.42,335,0.82
2025.098.05:21:00/wx/-2.80,555.0,37.2,3.33,332,0.84
2025.098.05:22:00/wx/-2.90,555.0,37.3,3.23,339,0.83
2025.098.05:23:00/wx/-2.90,555.0,37.5,3.32,337,0.84
2025.098.05:24:00/wx/-2.90,555.0,37.5,3.26,337,0.80
2025.098.05:25:00/wx/-2.80,555.0,37.6,3.05,341,0.79
2025.098.05:26:00/wx/-2.80,555.0,37.6,2.75,338,0.79
2025.098.05:27:00/wx/-2.90,555.0,37.6,3.12,327,0.78
2025.098.05:28:00/wx/-2.99,554.9,37.2,2.83,334,0.77
2025.098.05:29:00/wx/-3.10,555.0,37.6,3.16,333,0.77
2025.098.05:30:00/wx/-3.00,554.9,38.2,3.09,330,0.78
2025.098.05:31:00/wx/-3.10,554.9,37.5,2.77,325,0.77
2025.098.05:32:00/wx/-3.00,554.9,38.1,3.25,343,0.77
2025.098.05:33:00/wx/-3.00,554.9,38.0,3.44,335,0.77
2025.098.05:34:00/wx/-3.00,554.9,37.9,3.34,336,0.79
2025.098.05:35:00/wx/-2.90,554.9,38.4,3.01,336,0.80
2025.098.05:36:00/wx/-2.90,554.9,38.0,2.82,334,0.78
2025.098.05:37:00/wx/-2.96,554.9,38.0,3.03,331,0.79
2025.098.05:38:00/wx/-3.00,554.9,38.4,3.03,330,0.79
2025.098.05:39:00/wx/-3.00,554.9,38.2,3.01,341,0.79
2025.098.05:40:00/wx/-3.10,554.9,38.0,2.70,340,0.78
2025.098.05:41:00/wx/-3.20,554.9,38.0,2.92,336,0.78
2025.098.05:42:00/wx/-3.10,554.9,39.0,3.50,331,0.78
2025.098.05:43:00/wx/-3.10,554.8,38.7,3.03,343,0.76
2025.098.05:44:00/wx/-3.07,554.8,39.1,3.40,344,0.76
2025.098.05:45:00/wx/-3.01,554.8,38.6,2.94,349,0.76
2025.098.05:46:00/wx/-2.90,554.8,39.0,3.48,342,0.74
2025.098.05:47:00/wx/-2.79,554.8,39.2,2.43,348,0.75
2025.098.05:48:00/wx/-2.90,554.8,39.1,3.04,348,0.75
2025.098.05:49:00/wx/-2.90,554.8,39.1,2.69,336,0.75
2025.098.05:50:00/wx/-2.90,554.8,38.8,2.85,330,0.72
2025.098.05:51:00/wx/-3.11,554.8,38.9,2.59,318,0.71
2025.098.05:52:00/wx/-3.10,554.8,39.3,3.02,328,0.72
2025.098.05:53:00/wx/-3.00,554.8,39.3,2.83,331,0.71
2025.098.05:54:00/wx/-3.00,554.8,39.1,2.55,329,0.72
2025.098.05:55:00/wx/-3.00,554.8,39.0,3.22,336,0.72
2025.098.05:56:00/wx/-3.00,554.7,39.3,3.04,335,0.70
2025.098.05:57:00/wx/-3.00,554.7,39.8,2.96,333,0.69
2025.098.05:58:00/wx/-3.00,554.7,39.8,2.31,339,0.71
2025.098.05:59:00/wx/-3.00,554.7,39.5,2.84,337,0.71
2025.098.06:00:00/wx/-3.00,554.7,39.5,3.23,345,0.71
2025.098.06:01:00/wx/-3.10,554.7,39.4,3.07,339,0.71
2025.098.06:02:00/wx/-3.00,554.7,39.1,3.18,347,0.71
2025.098.06:03:00/wx/-3.10,554.7,39.2,3.13,338,0.72
2025.098.06:04:00/wx/-3.00,554.7,39.2,2.56,342,0.73
2025.098.06:05:00/wx/-3.00,554.7,39.1,2.92,332,0.74
2025.098.06:06:00/wx/-3.02,554.7,38.6,2.69,322,0.75
2025.098.06:07:00/wx/-3.10,554.7,39.7,3.06,325,0.74
2025.098.06:08:00/wx/-3.10,554.7,39.7,2.53,332,0.74
2025.098.06:09:00/wx/-3.26,554.7,39.7,2.81,331,0.73
2025.098.06:10:00/wx/-3.60,554.7,40.2,2.70,336,0.73
2025.098.06:11:00/wx/-3.60,554.7,40.3,2.78,334,0.73
2025.098.06:12:00/wx/-3.96,554.7,40.7,3.04,336,0.72
2025.098.06:13:00/wx/-3.70,554.7,41.1,3.03,334,0.72
2025.098.06:14:00/wx/-3.36,554.7,40.7,2.90,340,0.72
2025.098.06:15:00/wx/-3.30,554.6,40.5,3.31,336,0.72
2025.098.06:16:00/wx/-3.20,554.6,40.7,2.21,340,0.78
2025.098.06:17:00/wx/-3.20,554.6,40.4,2.38,339,0.73
2025.098.06:18:00/wx/-3.20,554.6,40.3,2.53,324,0.73
2025.098.06:19:00/wx/-3.20,554.7,40.5,2.67,340,0.73
2025.098.06:20:00/wx/-3.30,554.7,40.1,2.28,332,0.73
2025.098.06:21:00/wx/-3.20,554.7,40.9,2.15,324,0.73
2025.098.06:22:00/wx/-3.30,554.6,40.7,2.59,331,0.71
2025.098.06:23:00/wx/-3.30,554.6,41.1,2.63,329,0.71
2025.098.06:24:00/wx/-3.30,554.6,41.1,2.17,336,0.70
2025.098.06:25:00/wx/-3.40,554.6,41.1,2.83,327,0.70
2025.098.06:26:00/wx/-3.40,554.6,41.1,3.02,335,0.68
2025.098.06:27:00/wx/-3.50,554.6,41.1,3.03,338,0.62
2025.098.06:28:00/wx/-3.40,554.6,41.2,3.24,335,0.68
2025.098.06:29:00/wx/-3.40,554.6,41.1,2.66,332,0.67
2025.098.06:30:00/wx/-3.40,554.5,40.8,2.97,332,0.67
2025.098.06:31:00/wx/-3.40,554.5,40.8,3.02,330,0.66
2025.098.06:32:00/wx/-3.46,554.5,40.8,3.04,335,0.67
2025.098.06:33:00/wx/-3.30,554.5,40.6,2.93,330,0.67
2025.098.06:34:00/wx/-3.30,554.5,40.2,2.79,327,0.68
2025.098.06:35:00/wx/-3.33,554.5,40.0,2.84,322,0.68
2025.098.06:36:00/wx/-3.40,554.5,40.5,2.74,326,0.68
2025.098.06:37:00/wx/-3.40,554.5,40.6,3.18,326,0.67
2025.098.06:38:00/wx/-3.40,554.5,40.2,2.93,326,0.65
2025.098.06:39:00/wx/-3.50,554.5,40.7,3.16,337,0.65
2025.098.06:40:00/wx/-3.40,554.5,40.7,3.35,341,0.65
2025.098.06:41:00/wx/-3.30,554.5,40.9,3.50,333,0.63
2025.098.06:42:00/wx/-3.30,554.5,41.1,3.07,338,0.66
2025.098.06:43:00/wx/-3.30,554.5,41.1,3.73,329,0.65
2025.098.06:44:00/wx/-3.30,554.5,41.1,3.23,337,0.66
2025.098.06:45:00/wx/-3.32,554.5,40.8,3.24,336,0.66
2025.098.06:46:00/wx/-3.40,554.5,40.9,3.14,328,0.64
2025.098.06:47:00/wx/-3.40,554.5,41.2,2.78,327,0.66
2025.098.06:48:00/wx/-3.40,554.5,41.1,2.75,325,0.68
2025.098.06:49:00/wx/-3.40,554.5,41.2,2.72,324,0.66
2025.098.06:50:00/wx/-3.40,554.5,41.1,2.54,324,0.66
2025.098.06:51:00/wx/-3.60,554.5,41.2,2.53,319,0.66
2025.098.06:52:00/wx/-3.65,554.5,41.5,2.43,334,0.66
2025.098.06:53:00/wx/-3.90,554.5,42.0,2.63,331,0.64
2025.098.06:54:00/wx/-4.03,554.5,42.2,2.54,321,0.59
2025.098.06:55:00/wx/-4.10,554.5,42.6,3.21,334,0.66
2025.098.06:56:00/wx/-3.90,554.5,42.6,3.12,328,0.64
2025.098.06:57:00/wx/-3.70,554.5,42.3,2.96,335,0.64
2025.098.06:58:00/wx/-3.60,554.4,42.0,3.13,334,0.66
2025.098.06:59:00/wx/-3.57,554.5,41.9,3.36,330,0.69
2025.098.07:00:00/wx/-3.50,554.5,41.7,3.05,328,0.68
2025.098.07:01:00/wx/-3.60,554.5,41.6,2.72,320,0.68
2025.098.07:02:00/wx/-3.70,554.5,41.5,2.79,323,0.72
2025.098.07:03:00/wx/-3.80,554.5,41.5,2.93,319,0.72
2025.098.07:04:00/wx/-3.90,554.5,41.6,3.05,320,0.70
2025.098.07:05:00/wx/-3.90,554.5,41.3,2.96,326,0.70
2025.098.07:06:00/wx/-3.89,554.5,42.1,2.86,324,0.71
2025.098.07:07:00/wx/-3.90,554.5,41.7,3.21,329,0.71
2025.098.07:08:00/wx/-3.90,554.5,41.9,3.43,330,0.71
2025.098.07:09:00/wx/-4.04,554.5,41.7,3.35,330,0.70
2025.098.07:10:00/wx/-4.30,554.5,41.7,3.13,330,0.69
2025.098.07:11:00/wx/-4.09,554.4,43.2,2.98,331,0.69
2025.098.07:12:00/wx/-3.93,554.4,42.3,3.31,331,0.70
2025.098.07:13:00/wx/-3.80,554.4,42.6,3.33,334,0.72
2025.098.07:14:00/wx/-3.80,554.4,41.9,3.33,330,0.72
2025.098.07:15:00/wx/-3.80,554.4,42.1,3.16,333,0.73
2025.098.07:16:00/wx/-3.80,554.4,41.2,3.54,330,0.74
2025.098.07:17:00/wx/-3.70,554.4,41.8,3.00,331,0.73
2025.098.07:18:00/wx/-3.80,554.4,41.6,3.24,333,0.74
2025.098.07:19:00/wx/-3.69,554.3,41.9,3.19,334,0.72
2025.098.07:20:00/wx/-3.80,554.4,41.6,3.43,335,0.72
2025.098.07:21:00/wx/-3.90,554.3,42.6,3.68,335,0.71
2025.098.07:22:00/wx/-4.00,554.3,42.8,3.30,330,0.71
2025.098.07:23:00/wx/-4.00,554.3,43.0,3.33,336,0.70
2025.098.07:24:00/wx/-4.00,554.3,43.7,3.31,333,0.70
2025.098.07:25:00/wx/-3.90,554.3,43.8,3.23,337,0.71
2025.098.07:26:00/wx/-3.90,554.3,43.8,3.25,321,0.71
2025.098.07:27:00/wx/-3.90,554.3,44.1,3.57,332,0.73
2025.098.07:28:00/wx/-3.90,554.3,44.0,3.34,339,0.71
2025.098.07:29:00/wx/-4.00,554.3,44.0,3.52,328,0.71
2025.098.07:30:00/wx/-4.10,554.3,43.7,3.61,333,0.73
2025.098.07:31:00/wx/-3.90,554.3,43.8,2.86,323,0.74
2025.098.07:32:00/wx/-3.80,554.3,44.1,3.27,321,0.73
2025.098.07:33:00/wx/-3.80,554.3,43.4,2.94,328,0.71
2025.098.07:34:00/wx/-3.80,554.3,44.0,2.54,325,0.70
2025.098.07:35:00/wx/-3.80,554.2,44.8,2.63,322,0.70
2025.098.07:36:00/wx/-3.80,554.3,45.1,2.86,325,0.69
2025.098.07:37:00/wx/-3.80,554.3,45.2,2.83,324,0.67
2025.098.07:38:00/wx/-3.80,554.3,45.1,3.05,333,0.66
2025.098.07:39:00/wx/-3.80,554.3,45.4,2.89,327,0.64
2025.098.07:40:00/wx/-3.80,554.2,45.5,3.43,325,0.61
2025.098.07:41:00/wx/-3.80,554.2,45.5,3.35,328,0.62
2025.098.07:42:00/wx/-3.81,554.2,45.1,2.77,333,0.62
2025.098.07:43:00/wx/-3.80,554.2,45.3,2.90,316,0.62
2025.098.07:44:00/wx/-3.90,554.2,45.3,2.81,325,0.65
2025.098.07:45:00/wx/-3.90,554.2,45.3,2.83,324,0.63
2025.098.07:46:00/wx/-3.87,554.2,46.2,2.43,315,0.63
2025.098.07:47:00/wx/-3.80,554.2,46.3,2.62,311,0.63
2025.098.07:48:00/wx/-3.80,554.2,46.2,2.23,315,0.61
2025.098.07:49:00/wx/-3.90,554.2,45.9,2.27,315,0.61
2025.098.07:50:00/wx/-4.00,554.2,45.9,2.33,322,0.66
2025.098.07:51:00/wx/-4.16,554.2,45.9,3.03,316,0.62
2025.098.07:52:00/wx/-4.01,554.2,46.4,2.62,323,0.60
2025.098.07:53:00/wx/-4.00,554.2,45.9,2.70,325,0.59
2025.098.07:54:00/wx/-4.00,554.1,46.2,2.93,322,0.61
2025.098.07:55:00/wx/-4.00,554.2,46.3,2.93,323,0.61
2025.098.07:56:00/wx/-4.00,554.1,45.9,3.14,327,0.61
2025.098.07:57:00/wx/-4.00,554.1,43.4,3.02,320,0.62
2025.098.07:58:00/wx/-4.00,554.1,42.4,3.23,323,0.60
2025.098.07:59:00/wx/-4.00,554.1,44.5,3.27,320,0.58
2025.098.08:00:00/wx/-4.00,554.1,45.9,3.33,324,0.60
2025.098.08:01:00/wx/-4.00,554.1,45.1,3.26,329,0.70
2025.098.08:02:00/wx/-4.00,554.1,45.3,3.44,328,0.65
2025.098.08:03:00/wx/-4.00,554.1,45.2,3.23,319,0.62
2025.098.08:04:00/wx/-4.00,554.1,45.0,3.07,321,0.64
2025.098.08:05:00/wx/-4.00,554.1,45.1,2.92,322,0.65
2025.098.08:06:00/wx/-4.00,554.1,46.1,2.99,318,0.67
2025.098.08:07:00/wx/-4.00,554.1,45.6,3.02,321,0.70
2025.098.08:08:00/wx/-4.10,554.1,44.9,3.05,321,0.70
2025.098.08:09:00/wx/-4.38,554.1,44.6,3.27,327,0.67
2025.098.08:10:00/wx/-4.30,554.1,45.1,3.34,328,0.65
2025.098.08:11:00/wx/-4.15,554.1,44.8,3.24,327,0.66
2025.098.08:12:00/wx/-4.00,554.1,44.3,3.42,331,0.66
2025.098.08:13:00/wx/-4.00,554.1,43.7,3.38,333,0.66
2025.098.08:14:00/wx/-4.08,554.1,40.7,3.11,327,0.65
2025.098.08:15:00/wx/-4.10,554.1,41.4,3.36,333,0.66
2025.098.08:16:00/wx/-4.00,554.1,42.6,2.79,326,0.64
2025.098.08:17:00/wx/-4.00,554.0,40.4,3.14,329,0.62
2025.098.08:18:00/wx/-4.00,554.1,41.4,3.23,334,0.62
2025.098.08:19:00/wx/-4.00,554.0,41.3,3.23,334,0.61
2025.098.08:20:00/wx/-4.00,554.1,41.6,3.34,334,0.61
2025.098.08:21:00/wx/-3.90,554.0,40.0,3.33,335,0.63
2025.098.08:22:00/wx/-4.00,554.0,38.9,3.32,334,0.61
2025.098.08:23:00/wx/-4.10,554.0,39.2,3.72,334,0.59
2025.098.08:24:00/wx/-4.10,554.0,39.1,4.09,340,0.60
2025.098.08:25:00/wx/-4.10,554.0,39.0,4.32,337,0.62
2025.098.08:26:00/wx/-4.06,554.0,38.9,4.00,336,0.62
2025.098.08:27:00/wx/-4.09,554.0,38.8,3.97,339,0.62
2025.098.08:28:00/wx/-3.90,554.0,38.9,3.77,334,0.60
2025.098.08:29:00/wx/-3.87,554.0,38.8,3.70,333,0.58
2025.098.08:30:00/wx/-3.80,554.0,38.6,3.83,330,0.58
2025.098.08:31:00/wx/-3.83,554.0,38.5,4.45,344,0.57
2025.098.08:32:00/wx/-4.10,554.0,38.9,4.27,335,0.61
2025.098.08:33:00/wx/-4.08,554.0,38.6,3.62,334,0.65
2025.098.08:34:00/wx/-4.00,554.0,38.2,3.28,330,0.61
2025.098.08:35:00/wx/-4.41,554.0,38.5,3.52,333,0.55
2025.098.08:36:00/wx/-4.50,554.0,39.9,3.62,325,0.80
2025.098.08:37:00/wx/-4.50,554.0,39.6,4.13,325,0.56
2025.098.08:38:00/wx/-4.47,554.0,39.8,3.65,330,0.57
2025.098.08:39:00/wx/-4.10,554.0,39.8,3.74,328,0.63
2025.098.08:40:00/wx/-4.00,554.0,39.5,3.93,322,0.64
2025.098.08:41:00/wx/-3.90,554.0,38.9,3.49,329,0.62
2025.098.08:42:00/wx/-4.00,554.0,38.7,3.05,315,0.62
2025.098.08:43:00/wx/-4.10,554.0,39.1,2.92,320,0.61
2025.098.08:44:00/wx/-4.20,554.0,39.2,3.68,327,0.64
2025.098.08:45:00/wx/-4.20,554.0,39.5,4.03,328,0.60
2025.098.08:46:00/wx/-4.15,553.9,39.6,4.49,342,0.57
2025.098.08:47:00/wx/-4.10,554.0,39.2,4.23,335,0.55
2025.098.08:48:00/wx/-4.10,554.0,39.5,4.03,337,0.58
2025.098.08:49:00/wx/-4.00,554.0,39.4,3.57,337,0.62
2025.098.08:50:00/wx/-3.90,554.0,39.4,3.34,335,0.62
2025.098.08:51:00/wx/-4.10,554.0,39.0,3.83,340,0.62
2025.098.08:52:00/wx/-4.40,554.0,39.6,3.51,344,0.62
2025.098.08:53:00/wx/-4.40,554.0,39.6,3.07,332,0.60
2025.098.08:54:00/wx/-4.30,554.0,39.7,3.30,329,0.59
2025.098.08:55:00/wx/-4.30,554.0,39.9,3.66,329,0.57
2025.098.08:56:00/wx/-4.20,554.0,40.1,3.74,328,0.58
2025.098.08:57:00/wx/-4.10,554.0,40.1,3.54,332,0.58
2025.098.08:58:00/wx/-4.10,554.0,40.0,3.17,330,0.59
2025.098.08:59:00/wx/-4.10,554.0,39.8,3.59,337,0.59
2025.098.09:00:00/wx/-4.19,554.0,39.6,3.34,327,0.58
2025.098.09:01:00/wx/-4.26,554.0,39.4,3.28,329,0.57
2025.098.09:02:00/wx/-4.40,554.0,39.8,3.50,335,0.55
2025.098.09:03:00/wx/-4.30,554.0,39.3,3.34,329,0.54
2025.098.09:04:00/wx/-4.20,554.0,40.3,3.96,326,0.53
2025.098.09:05:00/wx/-4.11,554.0,39.8,3.65,328,0.52
2025.098.09:06:00/wx/-4.20,554.0,39.9,3.57,328,0.52
2025.098.09:07:00/wx/-4.20,554.0,40.0,3.93,337,0.52
2025.098.09:08:00/wx/-4.27,554.0,40.4,3.99,333,0.52
2025.098.09:09:00/wx/-4.20,554.0,40.5,3.87,337,0.51
2025.098.09:10:00/wx/-4.41,554.0,40.5,3.66,337,0.51
2025.098.09:11:00/wx/-4.23,554.0,40.9,4.06,338,0.51
2025.098.09:12:00/wx/-4.10,554.0,40.5,4.03,339,0.50
2025.098.09:13:00/wx/-4.00,554.0,40.2,3.89,338,0.50
2025.098.09:14:00/wx/-4.00,554.0,39.9,3.69,336,0.50
2025.098.09:15:00/wx/-4.10,554.0,39.8,3.77,339,0.49
2025.098.09:16:00/wx/-4.10,554.1,39.9,4.10,340,0.49
2025.098.09:17:00/wx/-4.00,554.1,40.7,3.73,335,0.50
2025.098.09:18:00/wx/-4.00,554.1,40.4,3.68,334,0.50
2025.098.09:19:00/wx/-4.00,554.0,40.5,3.73,329,0.49
2025.098.09:20:00/wx/-4.00,554.1,40.6,3.76,329,0.48
2025.098.09:21:00/wx/-4.00,554.0,39.4,3.73,330,0.48
2025.098.09:22:00/wx/-4.00,554.1,38.2,3.73,327,0.48
2025.098.09:23:00/wx/-4.00,554.0,36.3,3.54,329,0.49
2025.098.09:24:00/wx/-3.90,554.1,35.4,3.79,325,0.49
2025.098.09:25:00/wx/-3.90,554.0,36.0,3.76,327,0.47
2025.098.09:26:00/wx/-3.90,554.1,36.4,3.72,324,0.48
2025.098.09:27:00/wx/-4.00,554.1,36.6,3.75,332,0.48
2025.098.09:28:00/wx/-4.04,554.1,36.7,3.75,331,0.49
2025.098.09:29:00/wx/-4.01,554.1,36.5,3.43,329,0.48
2025.098.09:30:00/wx/-4.10,554.1,37.0,3.90,330,0.47
2025.098.09:31:00/wx/-3.90,554.1,36.0,4.22,331,0.47
2025.098.09:32:00/wx/-3.90,554.1,34.7,3.83,335,0.47
2025.098.09:33:00/wx/-3.80,554.1,33.4,3.82,338,0.47
2025.098.09:34:00/wx/-3.70,554.1,33.4,3.63,336,0.47
2025.098.09:35:00/wx/-3.70,554.1,33.4,3.79,329,0.46
2025.098.09:36:00/wx/-3.70,554.1,33.2,4.09,337,0.45
2025.098.09:37:00/wx/-3.70,554.1,32.6,4.33,334,0.45
2025.098.09:38:00/wx/-3.80,554.1,31.9,4.48,336,0.45
2025.098.09:39:00/wx/-3.70,554.1,31.7,4.13,331,0.45
2025.098.09:40:00/wx/-3.70,554.1,31.2,4.09,336,0.44
2025.098.09:41:00/wx/-3.50,554.1,29.8,4.81,336,0.44
2025.098.09:42:00/wx/-3.50,554.1,29.7,4.34,331,0.44
2025.098.09:43:00/wx/-3.40,554.1,28.0,4.23,337,0.43
2025.098.09:44:00/wx/-3.30,554.1,26.7,4.36,335,0.43
2025.098.09:45:00/wx/-3.40,554.1,26.8,4.28,339,0.44
2025.098.09:46:00/wx/-3.50,554.1,26.7,3.80,334,0.44
2025.098.09:47:00/wx/-3.39,554.1,25.3,4.10,337,0.44
2025.098.09:48:00/wx/-3.70,554.1,26.0,4.57,328,0.44
2025.098.09:49:00/wx/-3.50,554.1,24.8,4.63,335,0.44
2025.098.09:50:00/wx/-3.57,554.1,25.2,4.79,338,0.44
2025.098.09:51:00/wx/-3.50,554.1,22.4,4.66,340,0.43
2025.098.09:52:00/wx/-3.50,554.1,22.3,4.39,335,0.43
2025.098.09:53:00/wx/-3.53,554.1,22.9,4.39,338,0.43
2025.098.09:54:00/wx/-3.60,554.1,21.8,4.43,343,0.44
2025.098.09:55:00/wx/-3.71,554.2,20.2,4.83,341,0.44
2025.098.09:56:00/wx/-3.89,554.2,20.0,5.00,339,0.44
2025.098.09:57:00/wx/-3.58,554.2,20.5,4.83,340,0.43
2025.098.09:58:00/wx/-3.46,554.2,19.2,5.31,339,0.43
2025.098.09:59:00/wx/-3.50,554.2,18.3,5.13,348,0.43
2025.098.10:00:00/wx/-3.67,554.2,18.8,4.90,340,0.43
2025.098.10:01:00/wx/-3.31,554.2,19.1,4.89,337,0.42
2025.098.10:02:00/wx/-3.29,554.2,18.3,4.90,338,0.42
2025.098.10:03:00/wx/-3.25,554.2,17.7,4.63,335,0.42
2025.098.10:04:00/wx/-3.51,554.2,18.9,4.76,342,0.43
2025.098.10:05:00/wx/-3.44,554.2,18.5,4.93,347,0.43
2025.098.10:06:00/wx/-3.20,554.3,18.2,4.61,332,0.42
2025.098.10:07:00/wx/-3.10,554.3,17.4,4.57,335,0.43
2025.098.10:08:00/wx/-3.10,554.3,17.0,4.28,337,0.43
2025.098.10:09:00/wx/-3.30,554.3,16.5,4.63,339,0.44
2025.098.10:10:00/wx/-3.30,554.3,15.5,4.57,338,0.44
2025.098.10:11:00/wx/-3.20,554.3,16.0,4.44,333,0.45
2025.098.10:12:00/wx/-3.10,554.3,15.7,3.94,329,0.45
2025.098.10:13:00/wx/-3.20,554.3,16.5,4.58,334,0.44
2025.098.10:14:00/wx/-3.20,554.3,15.3,4.13,337,0.45
2025.098.10:15:00/wx/-3.20,554.3,15.9,4.13,331,0.45
2025.098.10:16:00/wx/-3.10,554.3,15.9,4.21,334,0.45
2025.098.10:17:00/wx/-3.40,554.3,16.0,4.25,332,0.45
2025.098.10:18:00/wx/-3.20,554.3,14.9,4.23,337,0.45
2025.098.10:19:00/wx/-3.20,554.3,15.0,4.24,333,0.45
2025.098.10:20:00/wx/-3.10,554.3,14.7,4.92,329,0.45
2025.098.10:21:00/wx/-3.10,554.3,14.5,4.09,332,0.44
2025.098.10:22:00/wx/-3.11,554.3,14.2,4.31,333,0.44
2025.098.10:23:00/wx/-3.16,554.3,14.2,4.14,331,0.45
2025.098.10:24:00/wx/-3.20,554.3,14.1,4.60,333,0.44
2025.098.10:25:00/wx/-3.10,554.3,13.9,4.30,332,0.44
2025.098.10:26:00/wx/-3.20,554.3,13.8,3.86,332,0.44
2025.098.10:27:00/wx/-3.30,554.3,13.7,3.63,337,0.44
2025.098.10:28:00/wx/-3.24,554.4,12.7,4.26,332,0.44
2025.098.10:29:00/wx/-3.49,554.4,12.6,3.77,336,0.44
2025.098.10:30:00/wx/-3.77,554.4,13.0,4.19,337,0.45
2025.098.10:31:00/wx/-3.40,554.4,12.8,4.27,334,0.45
2025.098.10:32:00/wx/-3.20,554.4,12.4,3.63,329,0.45
2025.098.10:33:00/wx/-3.10,554.4,12.5,3.94,328,0.45
2025.098.10:34:00/wx/-3.10,554.4,12.5,3.75,329,0.45
2025.098.10:35:00/wx/-3.18,554.4,12.2,3.91,333,0.45
2025.098.10:36:00/wx/-3.10,554.4,12.0,3.89,335,0.45
2025.098.10:37:00/wx/-3.10,554.4,11.9,3.63,335,0.45
2025.098.10:38:00/wx/-3.10,554.4,11.6,3.39,330,0.44
2025.098.10:39:00/wx/-3.00,554.4,11.4,3.95,332,0.44
2025.098.10:40:00/wx/-2.90,554.4,11.2,3.73,330,0.44
2025.098.10:41:00/wx/-3.00,554.4,11.1,3.74,329,0.44
2025.098.10:42:00/wx/-3.20,554.4,11.2,3.53,329,0.44
2025.098.10:43:00/wx/-3.20,554.4,11.2,3.77,333,0.44
2025.098.10:44:00/wx/-3.00,554.4,11.3,3.56,329,0.44
2025.098.10:45:00/wx/-2.91,554.4,11.0,3.53,343,0.44
2025.098.10:46:00/wx/-3.00,554.4,10.6,3.85,332,0.44
2025.098.10:47:00/wx/-3.00,554.4,10.8,4.13,333,0.44
2025.098.10:48:00/wx/-3.00,554.5,10.5,3.87,334,0.44
2025.098.10:49:00/wx/-3.00,554.4,10.5,3.91,339,0.44
2025.098.10:50:00/wx/-3.10,554.5,10.6,3.95,338,0.44
2025.098.10:51:00/wx/-2.95,554.5,10.4,4.23,336,0.44
2025.098.10:52:00/wx/-2.70,554.5,9.9,4.58,346,0.44
2025.098.10:53:00/wx/-2.73,554.5,9.7,3.94,334,0.44
2025.098.10:54:00/wx/-3.07,554.5,9.8,3.87,338,0.44
2025.098.10:55:00/wx/-3.42,554.5,10.3,4.55,331,0.44
2025.098.10:56:00/wx/-3.30,554.5,10.0,4.09,338,0.44
2025.098.10:57:00/wx/-3.20,554.6,10.0,3.93,344,0.44
2025.098.10:58:00/wx/-3.23,554.5,10.2,4.75,342,0.44
2025.098.10:59:00/wx/-3.12,554.5,9.7,4.26,342,0.44
2025.098.11:00:00/wx/-3.00,554.5,9.7,4.10,334,0.45
2025.098.11:01:00/wx/-2.80,554.5,9.3,4.21,340,0.45
2025.098.11:02:00/wx/-2.70,554.5,9.1,4.23,339,0.44
2025.098.11:03:00/wx/-2.60,554.6,8.9,4.69,333,0.44
2025.098.11:04:00/wx/-2.70,554.6,8.7,4.23,340,0.44
2025.098.11:05:00/wx/-2.61,554.5,8.7,4.34,337,0.44
2025.098.11:06:00/wx/-2.80,554.6,8.7,3.82,337,0.45
2025.098.11:07:00/wx/-3.00,554.6,9.1,4.53,335,0.45
2025.098.11:08:00/wx/-2.94,554.6,9.0,4.00,337,0.45
2025.098.11:09:00/wx/-3.00,554.6,9.3,4.50,333,0.45
2025.098.11:10:00/wx/-2.99,554.6,9.5,4.26,335,0.45
2025.098.11:11:00/wx/-3.00,554.6,9.2,3.90,345,0.45
2025.098.11:12:00/wx/-3.30,554.6,9.4,3.93,331,0.45
2025.098.11:13:00/wx/-3.10,554.6,9.4,4.24,344,0.45
2025.098.11:14:00/wx/-2.90,554.6,8.9,4.34,342,0.45
2025.098.11:15:00/wx/-2.90,554.6,8.8,5.42,343,0.45
2025.098.11:16:00/wx/-3.00,554.6,8.9,4.13,343,0.45
2025.098.11:17:00/wx/-2.90,554.6,8.8,4.23,350,0.46
2025.098.11:18:00/wx/-2.85,554.6,8.5,4.35,346,0.46
2025.098.11:19:00/wx/-2.81,554.6,9.0,3.94,334,0.46
2025.098.11:20:00/wx/-3.00,554.7,9.1,4.09,340,0.46
2025.098.11:21:00/wx/-2.86,554.7,8.6,3.79,334,0.46
2025.098.11:22:00/wx/-2.79,554.7,8.6,3.94,339,0.47
2025.098.11:23:00/wx/-3.03,554.7,9.1,3.63,346,0.46
2025.098.11:24:00/wx/-2.90,554.7,8.9,3.84,344,0.46
2025.098.11:25:00/wx/-2.70,554.7,8.7,3.76,337,0.47
2025.098.11:26:00/wx/-2.50,554.7,8.7,3.18,325,0.47
2025.098.11:27:00/wx/-2.60,554.7,8.6,3.33,331,0.47
2025.098.11:28:00/wx/-2.90,554.7,8.7,4.15,343,0.47
2025.098.11:29:00/wx/-2.90,554.7,8.7,3.15,335,0.47
2025.098.11:30:00/wx/-2.98,554.7,9.0,3.74,337,0.47
2025.098.11:31:00/wx/-2.93,554.7,8.9,3.34,331,0.47
2025.098.11:32:00/wx/-2.70,554.8,8.9,3.42,325,0.47
2025.098.11:33:00/wx/-3.01,554.7,9.0,3.02,338,0.47
2025.098.11:34:00/wx/-2.90,554.7,8.5,3.72,329,0.46
2025.098.11:35:00/wx/-2.77,554.7,8.3,2.97,338,0.46
2025.098.11:36:00/wx/-2.77,554.7,8.5,3.22,325,0.46
2025.098.11:37:00/wx/-3.01,554.8,9.0,2.67,333,0.47
2025.098.11:38:00/wx/-2.91,554.8,8.8,3.27,334,0.46
2025.098.11:39:00/wx/-2.70,554.8,8.8,3.03,330,0.47
2025.098.11:40:00/wx/-2.70,554.8,8.8,3.03,328,0.47
2025.098.11:41:00/wx/-2.80,554.8,8.9,2.88,331,0.47
2025.098.11:42:00/wx/-2.80,554.8,8.7,2.91,328,0.47
2025.098.11:43:00/wx/-2.70,554.8,8.9,2.48,320,0.47
2025.098.11:44:00/wx/-2.70,554.8,8.9,2.43,319,0.46
2025.098.11:45:00/wx/-2.80,554.8,8.8,2.16,338,0.47
2025.098.11:46:00/wx/-2.81,554.8,8.5,2.53,337,0.47
2025.098.11:47:00/wx/-2.60,554.8,8.6,2.41,333,0.47
2025.098.11:48:00/wx/-2.70,554.8,8.4,1.92,330,0.47
2025.098.11:49:00/wx/-2.80,554.8,8.7,2.13,328,0.47
2025.098.11:50:00/wx/-2.90,554.8,8.8,2.23,330,0.47
2025.098.11:51:00/wx/-2.71,554.8,8.6,2.63,331,0.47
2025.098.11:52:00/wx/-2.80,554.8,8.9,2.42,339,0.46
2025.098.11:53:00/wx/-2.63,554.8,8.5,2.27,329,0.46
2025.098.11:54:00/wx/-2.50,554.9,8.5,2.13,328,0.46
2025.098.11:55:00/wx/-2.60,554.8,8.5,2.23,324,0.47
2025.098.11:56:00/wx/-2.51,554.8,8.4,2.32,327,0.47
2025.098.11:57:00/wx/-2.40,554.8,8.3,2.28,329,0.47
2025.098.11:58:00/wx/-2.40,554.8,8.3,2.36,337,0.47
2025.098.11:59:00/wx/-2.50,554.9,8.5,2.35,335,0.47
2025.098.12:00:00/wx/-2.50,554.8,9.1,2.43,330,0.47
2025.098.12:01:00/wx/-2.50,554.9,8.6,2.53,327,0.47
2025.098.12:02:00/wx/-2.40,554.9,8.3,2.61,327,0.47
2025.098.12:03:00/wx/-2.40,554.9,8.1,2.63,321,0.47
2025.098.12:04:00/wx/-2.30,554.9,8.1,2.83,321,0.47
2025.098.12:05:00/wx/-2.45,554.9,9.5,2.74,326,0.47
2025.098.12:06:00/wx/-2.40,554.9,8.8,2.73,325,0.47
2025.098.12:07:00/wx/-2.50,554.9,9.0,3.06,323,0.46
2025.098.12:08:00/wx/-2.50,554.9,10.0,3.22,328,0.46
2025.098.12:09:00/wx/-2.50,554.9,9.7,3.13,327,0.46
2025.098.12:10:00/wx/-2.50,554.9,9.8,3.12,328,0.46
2025.098.12:11:00/wx/-2.50,554.9,10.8,3.25,330,0.47
2025.098.12:12:00/wx/-2.60,554.9,15.1,3.32,332,0.47
2025.098.12:13:00/wx/-2.60,554.9,15.9,3.11,325,0.47
2025.098.12:14:00/wx/-2.60,555.0,17.4,3.32,327,0.47
2025.098.12:15:00/wx/-2.60,555.0,17.3,3.38,325,0.47
2025.098.12:16:00/wx/-2.60,555.0,16.1,3.43,326,0.47
2025.098.12:17:00/wx/-2.60,555.0,15.9,3.36,322,0.47
2025.098.12:18:00/wx/-2.50,555.0,15.4,3.58,321,0.47
2025.098.12:19:00/wx/-2.39,555.0,16.1,3.41,325,0.47
2025.098.12:20:00/wx/-2.30,555.0,17.2,3.37,320,0.46
2025.098.12:21:00/wx/-2.20,555.0,16.4,3.13,322,0.47
2025.098.12:22:00/wx/-2.20,555.0,18.3,3.51,320,0.46
2025.098.12:23:00/wx/-2.20,555.0,16.3,3.02,326,0.47
2025.098.12:24:00/wx/-2.20,555.0,16.3,3.74,323,0.46
2025.098.12:25:00/wx/-2.10,555.0,16.0,3.67,322,0.47
2025.098.12:26:00/wx/-2.10,555.1,16.9,3.93,323,0.47
2025.098.12:27:00/wx/-1.97,555.1,17.5,3.83,323,0.48
2025.098.12:28:00/wx/-1.90,555.1,16.6,3.13,322,0.47
2025.098.12:29:00/wx/-1.80,555.1,17.2,3.61,323,0.48
2025.098.12:30:00/wx/-1.70,555.1,19.5,3.49,313,0.48
2025.098.12:31:00/wx/-1.51,555.1,22.4,4.51,308,0.48
2025.098.12:32:00/wx/-1.60,555.1,16.9,4.41,311,0.47
2025.098.12:33:00/wx/-1.60,555.1,14.4,4.30,305,0.47
2025.098.12:34:00/wx/-1.50,555.1,13.5,3.94,310,0.47
2025.098.12:35:00/wx/-1.50,555.1,13.7,4.33,312,0.46
2025.098.12:36:00/wx/-1.40,555.1,14.7,4.30,311,0.47
2025.098.12:37:00/wx/-1.27,555.1,14.2,4.39,305,0.46
2025.098.12:38:00/wx/-1.03,555.1,14.2,4.49,307,0.46
2025.098.12:39:00/wx/-1.10,555.1,12.7,5.34,306,0.47
2025.098.12:40:00/wx/-1.20,555.1,10.2,5.26,300,0.46
2025.098.12:41:00/wx/-1.10,555.1,11.4,4.65,306,0.47
2025.098.12:42:00/wx/-0.80,555.1,12.9,4.74,298,0.47
2025.098.12:43:00/wx/-0.77,555.2,12.6,5.20,291,0.45
2025.098.12:44:00/wx/-0.70,555.2,12.3,4.32,296,0.46
2025.098.12:45:00/wx/-0.70,555.2,11.4,4.92,291,0.47
2025.098.12:46:00/wx/-0.80,555.2,10.7,5.79,289,0.46
2025.098.12:47:00/wx/-0.80,555.2,11.8,5.15,293,0.46
2025.098.12:48:00/wx/-0.77,555.2,11.7,5.58,293,0.46
2025.098.12:49:00/wx/-0.80,555.2,11.9,5.45,300,0.46
2025.098.12:50:00/wx/-0.76,555.2,10.5,4.70,291,0.47
2025.098.12:51:00/wx/-0.50,555.2,11.7,5.40,291,0.47
2025.098.12:52:00/wx/-0.60,555.2,11.0,5.70,298,0.47
2025.098.12:53:00/wx/-0.77,555.2,9.7,5.11,295,0.47
2025.098.12:54:00/wx/-0.80,555.2,9.5,6.25,288,0.47
2025.098.12:55:00/wx/-0.70,555.2,10.1,5.98,293,0.47
2025.098.12:56:00/wx/-0.80,555.2,9.7,5.72,284,0.46
2025.098.12:57:00/wx/-0.60,555.2,9.9,6.05,283,0.45
2025.098.12:58:00/wx/-0.78,555.3,8.9,4.97,288,0.46
2025.098.12:59:00/wx/-0.70,555.3,9.5,6.11,291,0.46
2025.098.13:00:00/wx/-0.59,555.3,9.5,6.07,278,0.45
2025.098.13:01:00/wx/-0.60,555.3,8.8,5.37,284,0.46
2025.098.13:02:00/wx/-0.60,555.3,9.1,6.27,298,0.47
2025.098.13:03:00/wx/-0.60,555.3,9.4,6.03,285,0.46
2025.098.13:04:00/wx/-0.59,555.3,8.8,6.84,288,0.46
2025.098.13:05:00/wx/-0.45,555.3,8.6,5.57,292,0.48
2025.098.13:06:00/wx/-0.30,555.4,9.5,6.43,291,0.47
2025.098.13:07:00/wx/-0.29,555.4,8.9,5.79,292,0.48
2025.098.13:08:00/wx/-0.50,555.4,8.8,5.78,289,0.47
2025.098.13:09:00/wx/-0.47,555.4,8.8,5.56,293,0.46
2025.098.13:10:00/wx/-0.16,555.4,8.6,6.47,287,0.49
2025.098.13:11:00/wx/-0.20,555.4,8.3,6.93,288,0.47
2025.098.13:12:00/wx/-0.40,555.4,7.7,5.47,286,0.47
2025.098.13:13:00/wx/-0.30,555.5,8.7,5.24,299,0.47
2025.098.13:14:00/wx/-0.31,555.5,8.8,5.90,290,0.50
2025.098.13:15:00/wx/0.06,555.5,9.7,5.66,284,0.49
2025.098.13:16:00/wx/-0.20,555.5,8.8,6.13,291,0.47
2025.098.13:17:00/wx/-0.35,555.5,8.2,5.94,275,0.48
2025.098.13:18:00/wx/-0.13,555.5,8.2,7.00,288,0.47
2025.098.13:19:00/wx/-0.17,555.5,7.2,6.75,294,0.51
2025.098.13:20:00/wx/-0.20,555.5,8.2,6.06,296,0.48
2025.098.13:21:00/wx/-0.09,555.5,9.0,5.06,282,0.46
2025.098.13:22:00/wx/-0.21,555.6,8.6,5.44,295,0.50
2025.098.13:23:00/wx/0.10,555.5,8.9,6.11,290,0.47
2025.098.13:24:00/wx/-0.17,555.5,8.3,4.36,272,0.46
2025.098.13:25:00/wx/-0.20,555.5,9.0,6.56,281,0.50
2025.098.13:26:00/wx/-0.29,555.5,8.3,4.70,274,0.48
2025.098.13:27:00/wx/-0.20,555.5,8.1,4.70,285,0.49
2025.098.13:28:00/wx/-0.09,555.6,8.0,6.92,279,0.47
2025.098.13:29:00/wx/-0.18,555.5,8.4,5.24,286,0.50
2025.098.13:30:00/wx/0.20,555.5,8.5,4.96,275,0.49
2025.098.13:31:00/wx/0.31,555.6,7.7,5.21,293,0.49
2025.098.13:32:00/wx/0.25,555.6,8.5,7.19,283,0.46
2025.098.13:33:00/wx/0.11,555.6,8.6,5.27,304,0.49
2025.098.13:34:00/wx/0.20,555.5,8.8,6.10,296,0.51
2025.098.13:35:00/wx/0.30,555.6,8.6,6.97,295,0.48
2025.098.13:36:00/wx/0.00,555.6,8.0,6.23,303,0.52
2025.098.13:37:00/wx/-0.14,555.5,8.5,5.85,305,0.51
2025.098.13:38:00/wx/0.30,555.6,8.8,5.47,275,0.48
2025.098.13:39:00/wx/-0.08,555.6,8.2,6.14,289,0.48
2025.098.13:40:00/wx/-0.14,555.6,7.5,5.80,298,0.50
2025.098.13:41:00/wx/0.12,555.6,8.4,6.26,290,0.47
2025.098.13:42:00/wx/0.14,555.6,7.3,6.56,282,0.53
2025.098.13:43:00/wx/-0.40,555.6,6.5,5.53,290,0.54
2025.098.13:44:00/wx/-0.10,555.6,6.8,5.64,299,0.53
2025.098.13:45:00/wx/-0.20,555.6,8.6,4.76,311,0.50
2025.098.13:46:00/wx/-0.00,555.6,8.1,5.96,288,0.50
2025.098.13:47:00/wx/0.81,555.6,10.0,6.17,299,0.48
2025.098.13:48:00/wx/0.40,555.6,10.8,5.53,301,0.51
2025.098.13:49:00/wx/-0.06,555.6,11.1,3.47,267,0.50
2025.098.13:50:00/wx/-0.09,555.7,9.7,5.94,273,0.47
2025.098.13:51:00/wx/0.30,555.7,9.6,6.09,301,0.49
2025.098.13:52:00/wx/0.56,555.6,8.8,5.74,272,0.49
2025.098.13:53:00/wx/0.50,555.6,8.3,6.13,284,0.51
2025.098.13:54:00/wx/0.34,555.6,9.4,4.46,303,0.49
2025.098.13:55:00/wx/0.12,555.7,9.1,5.55,269,0.48
2025.098.13:56:00/wx/0.01,555.7,9.7,5.14,274,0.48
2025.098.13:57:00/wx/0.06,555.7,9.8,7.40,283,0.50
2025.098.13:58:00/wx/0.09,555.7,9.3,5.65,270,0.62
2025.098.13:59:00/wx/0.36,555.7,9.2,4.74,285,0.56
2025.098.14:00:00/wx/0.31,555.7,10.4,7.19,290,0.49
2025.098.14:01:00/wx/0.00,555.7,10.8,6.49,286,0.55
2025.098.14:02:00/wx/-0.04,555.7,11.0,6.45,281,0.57
2025.098.14:03:00/wx/0.00,555.7,11.4,5.87,293,0.59
2025.098.14:04:00/wx/0.10,555.7,11.6,5.43,277,0.57
2025.098.14:05:00/wx/0.09,555.7,12.4,5.26,269,0.62
2025.098.14:06:00/wx/-0.10,555.7,13.2,3.80,287,0.64
2025.098.14:07:00/wx/0.58,555.7,14.6,5.42,287,0.54
2025.098.14:08:00/wx/0.19,555.7,10.0,5.33,290,0.56
2025.098.14:09:00/wx/0.30,555.7,13.4,5.77,288,0.59
2025.098.14:10:00/wx/0.50,555.7,13.7,8.19,286,0.57
2025.098.14:11:00/wx/0.29,555.7,13.3,6.97,291,0.64
2025.098.14:12:00/wx/-0.03,555.7,14.3,5.35,284,0.65
2025.098.14:13:00/wx/0.60,555.7,14.4,5.32,270,0.60
2025.098.14:14:00/wx/0.33,555.8,12.6,5.88,295,0.56
2025.098.14:15:00/wx/0.30,555.7,13.1,7.55,310,0.56
2025.098.14:16:00/wx/0.28,555.7,13.0,5.37,298,0.57
2025.098.14:17:00/wx/0.41,555.8,13.9,6.22,287,0.61
2025.098.14:18:00/wx/0.50,555.7,14.7,6.61,262,0.62
2025.098.14:19:00/wx/0.56,555.8,16.4,7.21,284,0.70
2025.098.14:20:00/wx/0.40,555.8,17.2,5.34,283,0.66
2025.098.14:21:00/wx/0.20,555.8,18.2,5.03,287,0.67
2025.098.14:22:00/wx/0.00,555.8,19.0,4.31,299,0.67
2025.098.14:23:00/wx/0.31,555.8,19.2,5.74,307,0.64
2025.098.14:24:00/wx/0.08,555.8,14.5,7.31,298,0.59
2025.098.14:25:00/wx/0.30,555.8,10.6,5.85,329,0.59
2025.098.14:26:00/wx/0.31,555.8,11.9,7.10,299,0.62
2025.098.14:27:00/wx/0.62,555.8,10.6,7.43,305,0.55
2025.098.14:28:00/wx/0.72,555.8,10.6,9.09,293,0.68
2025.098.14:29:00/wx/0.73,555.8,11.0,6.64,306,0.67
2025.098.14:30:00/wx/0.80,555.8,13.6,4.23,314,0.63
2025.098.14:31:00/wx/0.96,555.8,15.0,8.01,282,0.59
2025.098.14:32:00/wx/1.33,555.8,12.4,8.55,296,0.57
2025.098.14:33:00/wx/0.91,555.9,9.7,5.59,280,0.67
2025.098.14:34:00/wx/0.59,555.8,10.0,4.65,291,0.72
2025.098.14:35:00/wx/1.10,555.9,10.7,6.23,300,0.72
2025.098.14:36:00/wx/1.47,555.9,13.3,4.23,274,0.62
2025.098.14:37:00/wx/1.65,555.9,10.4,7.86,283,0.57
2025.098.14:38:00/wx/0.99,555.8,8.7,3.16,274,0.53
2025.098.14:39:00/wx/0.96,555.8,10.0,6.15,275,0.54
2025.098.14:40:00/wx/1.18,555.9,9.2,6.74,286,0.55
2025.098.14:41:00/wx/0.55,555.9,11.0,5.10,279,0.75
2025.098.14:42:00/wx/0.39,555.9,10.8,6.32,291,0.78
2025.098.14:43:00/wx/0.50,555.9,11.5,5.09,277,0.76
2025.098.14:44:00/wx/0.60,555.9,11.4,6.38,286,0.62
2025.098.14:45:00/wx/0.30,555.8,11.2,5.11,287,0.57
2025.098.14:46:00/wx/0.87,555.9,8.5,6.68,258,0.57
2025.098.14:47:00/wx/0.19,555.9,6.7,8.30,250,0.65
2025.098.14:48:00/wx/0.65,555.9,9.7,6.25,284,0.63
2025.098.14:49:00/wx/0.69,555.9,10.1,7.70,276,0.63
2025.098.14:50:00/wx/0.48,555.9,8.5,6.66,263,0.60
2025.098.14:51:00/wx/0.67,555.9,9.5,5.81,274,0.60
2025.098.14:52:00/wx/0.40,556.0,11.2,6.38,290,0.82
2025.098.14:53:00/wx/0.26,555.9,13.1,5.74,278,0.85
2025.098.14:54:00/wx/0.10,555.9,14.4,4.68,296,0.91
2025.098.14:55:00/wx/0.20,555.9,15.6,5.85,261,0.75
2025.098.14:56:00/wx/0.55,555.9,15.2,5.92,297,0.79
2025.098.14:57:00/wx/0.59,555.9,15.0,6.50,306,0.73
2025.098.14:58:00/wx/0.61,555.9,13.3,4.00,279,0.66
2025.098.14:59:00/wx/0.45,555.9,14.1,5.24,259,0.68
2025.098.15:00:00/wx/0.72,555.9,13.9,7.78,256,0.73
2025.098.15:01:00/wx/0.60,555.9,12.7,4.79,262,0.71
2025.098.15:02:00/wx/1.00,555.9,13.8,6.63,255,0.77
2025.098.15:03:00/wx/1.02,555.9,14.1,5.80,252,0.63
2025.098.15:04:00/wx/1.50,555.9,13.9,5.27,302,0.62
2025.098.15:05:00/wx/1.20,555.9,15.0,4.97,317,0.70
2025.098.15:06:00/wx/1.37,555.9,14.1,6.40,265,0.62
2025.098.15:07:00/wx/0.90,555.9,11.6,6.73,262,0.60
2025.098.15:08:00/wx/0.76,555.9,10.9,6.62,289,0.59
2025.098.15:09:00/wx/0.57,555.9,14.2,7.96,292,0.70
2025.098.15:10:00/wx/1.12,555.9,12.1,7.25,311,0.65
2025.098.15:11:00/wx/0.92,555.8,12.0,6.58,289,0.74
2025.098.15:12:00/wx/0.90,555.9,12.7,5.73,280,0.67
2025.098.15:13:00/wx/1.40,555.8,14.3,5.47,282,0.70
2025.098.15:14:00/wx/1.70,555.9,14.9,6.61,306,0.67
2025.098.15:15:00/wx/1.77,555.8,15.1,5.00,269,0.67
2025.098.15:16:00/wx/1.20,555.8,15.8,6.43,283,0.70
2025.098.15:17:00/wx/0.60,555.8,15.8,5.93,262,0.71
2025.098.15:18:00/wx/1.35,555.8,16.3,5.75,313,0.75
2025.098.15:19:00/wx/1.26,555.8,17.1,7.45,282,0.60
2025.098.15:20:00/wx/0.81,555.8,16.2,7.12,271,0.73
2025.098.15:21:00/wx/0.80,555.8,16.0,6.15,258,0.60
2025.098.15:22:00/wx/0.89,555.8,14.6,4.80,283,0.56
2025.098.15:23:00/wx/1.00,555.8,13.8,6.01,294,0.65
2025.098.15:24:00/wx/1.46,555.8,15.2,4.23,272,0.68
2025.098.15:25:00/wx/2.15,555.8,12.8,5.48,275,0.71
2025.098.15:26:00/wx/1.40,555.8,14.2,5.55,266,0.81
2025.098.15:27:00/wx/1.89,555.8,12.6,8.63,273,0.75
2025.098.15:28:00/wx/1.26,555.8,11.7,7.46,302,0.65
2025.098.15:29:00/wx/0.89,555.8,12.0,8.73,292,0.74
2025.098.15:30:00/wx/0.78,555.8,13.4,3.82,284,0.68
2025.098.15:31:00/wx/1.16,555.8,14.4,5.69,278,0.76
2025.098.15:32:00/wx/1.30,555.8,11.2,7.88,292,0.78
2025.098.15:33:00/wx/1.96,555.8,12.4,7.64,301,0.84
2025.098.15:34:00/wx/1.60,555.8,10.9,4.88,289,0.68
2025.098.15:35:00/wx/1.60,555.8,10.8,3.73,281,0.72
2025.098.15:36:00/wx/1.83,555.8,12.9,5.81,251,0.83
2025.098.15:37:00/wx/1.42,555.8,10.2,8.00,279,0.80
