2024.098.18:31:00;APEX Database Weather Data for Timerange of e24a08
2024.098.18:31:00;The format is wx/temp[C],press[mbar],humid[%],speed[m/s],direction[deg],pwv[mm]
2024.098.18:32:00/wx/3.96,556.4,23.9,4.50,273,2.18
2024.098.18:33:00/wx/4.16,556.4,27.3,4.18,259,2.24
2024.098.18:34:00/wx/4.61,556.4,29.0,7.54,275,2.24
2024.098.18:35:00/wx/4.10,556.4,25.4,5.16,272,2.29
2024.098.18:36:00/wx/4.23,556.4,26.9,6.16,292,2.18
2024.098.18:37:00/wx/4.71,556.4,29.7,5.71,275,2.15
2024.098.18:38:00/wx/4.68,556.5,31.9,5.03,274,2.18
2024.098.18:39:00/wx/4.31,556.4,25.0,5.84,274,2.26
2024.098.18:40:00/wx/4.30,556.4,26.8,9.59,263,2.31
2024.098.18:41:00/wx/4.30,556.5,28.7,6.48,282,2.29
2024.098.18:42:00/wx/4.10,556.4,25.2,5.33,258,2.37
2024.098.18:43:00/wx/4.10,556.5,26.4,6.67,291,2.24
2024.098.18:44:00/wx/4.09,556.5,28.1,4.25,259,2.30
2024.098.18:45:00/wx/4.55,556.5,30.2,6.37,252,2.31
2024.098.18:46:00/wx/4.15,556.5,25.0,8.15,256,2.27
2024.098.18:47:00/wx/3.89,556.5,27.8,6.57,267,2.29
2024.098.18:48:00/wx/3.90,556.4,25.5,4.03,267,2.31
2024.098.18:49:00/wx/4.00,556.4,26.7,4.63,264,2.35
2024.098.18:50:00/wx/4.01,556.5,26.0,5.01,281,2.36
2024.098.18:51:00/wx/4.70,556.4,31.6,8.77,297,2.39
2024.098.18:52:00/wx/5.06,556.5,29.3,8.76,282,2.38
2024.098.18:53:00/wx/4.82,556.4,29.1,7.73,264,2.47
2024.098.18:54:00/wx/4.70,556.4,27.7,6.18,283,2.45
2024.098.18:55:00/wx/4.34,556.5,26.3,4.93,275,2.34
2024.098.18:56:00/wx/4.10,556.4,25.9,3.37,300,2.32
2024.098.18:57:00/wx/4.47,556.4,29.9,4.70,248,2.28
2024.098.18:58:00/wx/4.59,556.4,28.1,6.76,269,2.35
2024.098.18:59:00/wx/4.17,556.4,26.4,6.79,261,2.46
2024.098.19:00:00/wx/3.80,556.4,26.1,5.22,255,2.51
2024.098.19:01:00/wx/4.03,556.4,28.5,6.71,278,2.44
2024.098.19:02:00/wx/4.09,556.4,28.9,5.23,280,2.52
2024.098.19:03:00/wx/4.30,556.4,29.2,9.03,252,2.52
2024.098.19:04:00/wx/4.64,556.3,29.3,9.77,243,2.44
2024.098.19:05:00/wx/4.35,556.4,29.2,9.22,253,2.49
2024.098.19:06:00/wx/4.00,556.4,30.3,6.80,260,2.62
2024.098.19:07:00/wx/4.01,556.4,33.9,6.60,267,2.47
2024.098.19:08:00/wx/3.80,556.5,28.8,8.70,278,2.45
2024.098.19:09:00/wx/3.80,556.4,28.9,6.73,252,2.50
2024.098.19:10:00/wx/4.27,556.4,30.7,9.47,318,2.55
2024.098.19:11:00/wx/3.88,556.4,26.0,3.73,310,2.41
2024.098.19:12:00/wx/4.29,556.4,30.2,4.46,300,2.36
2024.098.19:13:00/wx/4.40,556.4,29.9,7.93,256,2.33
2024.098.19:14:00/wx/4.61,556.4,30.5,11.48,248,2.37
2024.098.19:15:00/wx/3.74,556.4,27.1,5.76,274,2.37
2024.098.19:16:00/wx/3.77,556.4,28.2,6.67,259,2.35
2024.098.19:17:00/wx/3.80,556.4,29.5,7.53,272,2.38
2024.098.19:18:00/wx/3.59,556.4,27.9,6.78,263,2.41
2024.098.19:19:00/wx/3.50,556.4,27.4,7.00,263,2.42
2024.098.19:20:00/wx/3.56,556.4,26.4,6.97,282,2.35
2024.098.19:21:00/wx/3.70,556.4,25.0,5.84,292,2.37
2024.098.19:22:00/wx/4.00,556.4,27.5,6.93,305,2.29
2024.098.19:23:00/wx/4.42,556.4,29.9,7.99,280,2.33
2024.098.19:24:00/wx/4.10,556.5,25.8,6.49,267,2.39
2024.098.19:25:00/wx/3.70,556.4,24.9,4.48,259,2.43
2024.098.19:26:00/wx/3.70,556.4,26.1,4.42,276,2.50
2024.098.19:27:00/wx/4.01,556.4,31.4,5.38,256,2.45
2024.098.19:28:00/wx/3.93,556.4,27.8,7.00,247,2.42
2024.098.19:29:00/wx/4.77,556.4,29.5,9.95,255,2.45
2024.098.19:30:00/wx/4.18,556.4,29.1,8.93,277,2.47
2024.098.19:31:00/wx/3.90,556.4,29.2,8.15,272,2.43
2024.098.19:32:00/wx/4.11,556.4,29.9,6.35,278,2.53
2024.098.19:33:00/wx/4.00,556.4,32.7,7.84,279,2.50
2024.098.19:34:00/wx/3.80,556.4,25.7,7.13,280,2.48
2024.098.19:35:00/wx/3.85,556.4,27.3,6.18,253,2.43
2024.098.19:36:00/wx/4.13,556.4,29.7,8.09,242,2.40
2024.098.19:37:00/wx/4.11,556.4,28.2,10.53,249,2.52
2024.098.19:38:00/wx/3.99,556.4,30.1,9.65,263,2.57
2024.098.19:39:00/wx/3.80,556.3,27.8,9.62,242,2.61
2024.098.19:40:00/wx/3.74,556.4,28.2,5.92,255,2.58
2024.098.19:41:00/wx/3.80,556.4,29.1,7.84,248,2.56
2024.098.19:42:00/wx/3.80,556.4,26.8,7.02,257,2.56
2024.098.19:43:00/wx/3.72,556.4,29.2,7.18,255,2.52
2024.098.19:44:00/wx/4.07,556.4,33.8,7.56,286,2.56
2024.098.19:45:00/wx/4.16,556.4,30.5,7.36,280,2.46
2024.098.19:46:00/wx/4.48,556.4,34.3,3.56,271,2.39
2024.098.19:47:00/wx/4.30,556.4,27.5,7.53,297,2.46
2024.098.19:48:00/wx/4.21,556.4,28.4,5.96,278,2.53
2024.098.19:49:00/wx/4.37,556.4,31.2,4.03,265,2.51
2024.098.19:50:00/wx/4.46,556.4,30.4,6.03,282,2.52
2024.098.19:51:00/wx/4.34,556.4,28.3,8.84,259,2.48
2024.098.19:52:00/wx/3.60,556.4,27.1,8.53,259,2.44
2024.098.19:53:00/wx/3.41,556.4,27.7,6.63,281,2.40
2024.098.19:54:00/wx/3.60,556.4,29.8,5.79,275,2.39
2024.098.19:55:00/wx/3.76,556.4,29.2,7.49,255,2.45
2024.098.19:56:00/wx/3.71,556.4,28.8,8.67,252,2.58
2024.098.19:57:00/wx/3.70,556.5,29.9,10.51,251,2.51
2024.098.19:58:00/wx/3.50,556.4,29.9,8.74,252,2.43
2024.098.19:59:00/wx/3.55,556.4,28.9,10.37,248,2.39
2024.098.20:00:00/wx/3.20,556.4,28.9,6.26,265,2.51
2024.098.20:01:00/wx/3.39,556.4,32.6,10.43,250,2.64
2024.098.20:02:00/wx/3.51,556.4,31.1,9.32,279,2.58
2024.098.20:03:00/wx/3.60,556.4,30.4,7.58,280,2.45
2024.098.20:04:00/wx/3.80,556.4,30.5,6.54,272,2.44
2024.098.20:05:00/wx/4.20,556.4,32.1,8.43,281,2.42
2024.098.20:06:00/wx/3.70,556.4,29.5,6.63,272,2.40
2024.098.20:07:00/wx/4.12,556.4,31.4,6.84,278,2.46
2024.098.20:08:00/wx/4.16,556.4,29.2,8.07,260,2.48
2024.098.20:09:00/wx/3.94,556.4,28.2,7.38,258,2.47
2024.098.20:10:00/wx/3.72,556.4,29.6,7.94,254,2.59
2024.098.20:11:00/wx/3.60,556.4,29.6,8.23,254,2.67
2024.098.20:12:00/wx/3.72,556.4,30.6,8.22,268,2.61
2024.098.20:13:00/wx/3.95,556.4,32.1,6.62,257,2.54
2024.098.20:14:00/wx/3.80,556.4,32.5,5.30,268,2.57
2024.098.20:15:00/wx/3.91,556.4,33.6,8.10,263,2.51
2024.098.20:16:00/wx/3.39,556.4,28.3,7.14,255,2.46
2024.098.20:17:00/wx/3.37,556.5,30.9,8.31,260,2.16
2024.098.20:18:00/wx/3.19,556.5,27.6,5.75,269,2.14
2024.098.20:19:00/wx/3.30,556.5,29.3,5.97,256,2.21
2024.098.20:20:00/wx/3.50,556.5,32.3,8.02,251,2.32
2024.098.20:21:00/wx/3.69,556.4,28.9,8.27,259,2.34
2024.098.20:22:00/wx/3.50,556.5,30.0,8.39,273,2.44
2024.098.20:23:00/wx/3.57,556.4,28.6,6.18,271,2.46
2024.098.20:24:00/wx/3.50,556.4,32.7,9.28,247,2.48
2024.098.20:25:00/wx/3.50,556.4,29.7,8.76,264,2.64
2024.098.20:26:00/wx/3.70,556.4,29.6,8.67,273,2.69
2024.098.20:27:00/wx/3.60,556.4,30.5,8.25,268,2.70
2024.098.20:28:00/wx/3.50,556.4,31.7,6.16,272,2.62
2024.098.20:29:00/wx/3.50,556.4,32.2,7.10,278,2.70
2024.098.20:30:00/wx/3.59,556.4,34.6,8.20,255,2.67
2024.098.20:31:00/wx/3.63,556.4,32.4,8.57,286,2.88
2024.098.20:32:00/wx/3.80,556.4,32.5,8.17,280,2.95
2024.098.20:33:00/wx/3.86,556.4,33.7,10.38,246,2.86
2024.098.20:34:00/wx/3.50,556.4,31.9,9.75,256,2.82
2024.098.20:35:00/wx/3.50,556.3,36.4,7.95,273,2.83
2024.098.20:36:00/wx/3.50,556.4,31.0,7.21,269,2.84
2024.098.20:37:00/wx/3.80,556.4,33.2,7.56,276,2.84
2024.098.20:38:00/wx/3.80,556.4,33.6,7.97,264,2.85
2024.098.20:39:00/wx/3.80,556.4,31.1,6.13,260,2.88
2024.098.20:40:00/wx/3.62,556.4,33.7,8.64,279,2.88
2024.098.20:41:00/wx/3.76,556.4,32.2,9.03,257,2.77
2024.098.20:42:00/wx/3.40,556.4,34.3,12.55,247,2.73
2024.098.20:43:00/wx/3.30,556.4,31.9,11.44,247,2.74
2024.098.20:44:00/wx/3.30,556.4,31.8,9.98,246,2.74
2024.098.20:45:00/wx/3.30,556.4,33.6,8.84,264,2.71
2024.098.20:46:00/wx/3.30,556.4,30.3,7.79,264,2.65
2024.098.20:47:00/wx/3.30,556.4,30.5,6.82,273,2.68
2024.098.20:48:00/wx/3.50,556.4,34.0,7.59,277,2.67
2024.098.20:49:00/wx/3.50,556.4,34.3,5.18,274,2.68
2024.098.20:50:00/wx/3.66,556.4,31.7,12.39,249,2.66
2024.098.20:51:00/wx/3.40,556.4,32.4,7.52,258,2.65
2024.098.20:52:00/wx/3.30,556.4,34.0,7.44,273,2.60
2024.098.20:53:00/wx/3.50,556.4,34.0,8.23,276,2.65
2024.098.20:54:00/wx/3.20,556.4,35.0,6.09,256,2.66
2024.098.20:55:00/wx/3.20,556.4,32.8,9.88,257,2.75
2024.098.20:56:00/wx/3.10,556.4,31.9,8.93,253,2.79
2024.098.20:57:00/wx/3.10,556.4,36.8,10.63,252,2.73
2024.098.20:58:00/wx/3.00,556.5,34.0,9.45,250,2.73
2024.098.20:59:00/wx/3.00,556.4,32.3,5.31,261,2.58
2024.098.21:00:00/wx/3.15,556.4,35.0,7.19,275,2.65
2024.098.21:01:00/wx/3.30,556.4,31.5,5.57,277,2.76
2024.098.21:02:00/wx/3.40,556.4,32.1,7.01,283,2.68
2024.098.21:03:00/wx/3.40,556.4,33.8,6.54,280,2.72
2024.098.21:04:00/wx/3.50,556.4,36.2,8.74,248,2.71
2024.098.21:05:00/wx/3.51,556.4,32.6,11.91,236,2.78
2024.098.21:06:00/wx/3.81,556.4,32.0,13.32,242,2.77
2024.098.21:07:00/wx/3.70,556.4,31.4,11.02,236,2.84
2024.098.21:08:00/wx/3.50,556.4,31.8,10.75,244,2.83
2024.098.21:09:00/wx/3.72,556.4,32.2,9.43,243,2.82
2024.098.21:10:00/wx/3.83,556.4,30.8,8.19,233,2.81
2024.098.21:11:00/wx/3.61,556.4,31.6,10.06,248,2.76
2024.098.21:12:00/wx/3.39,556.4,32.2,9.29,246,2.69
2024.098.21:13:00/wx/3.28,556.4,33.0,12.10,246,2.71
2024.098.21:14:00/wx/3.15,556.4,32.0,8.68,253,2.69
2024.098.21:15:00/wx/3.01,556.4,33.1,9.59,252,2.66
2024.098.21:16:00/wx/2.80,556.4,33.9,12.01,244,2.60
2024.098.21:17:00/wx/3.29,556.4,31.9,7.21,249,2.58
2024.098.21:18:00/wx/3.34,556.4,31.8,10.15,234,2.63
2024.098.21:19:00/wx/3.45,556.5,31.3,9.26,241,2.61
2024.098.21:20:00/wx/3.21,556.5,31.7,7.86,251,2.69
2024.098.21:21:00/wx/3.00,556.5,32.8,5.23,261,2.76
2024.098.21:22:00/wx/2.68,556.5,36.4,8.78,251,2.71
2024.098.21:23:00/wx/2.64,556.5,35.8,8.41,248,2.76
2024.098.21:24:00/wx/2.90,556.5,35.6,9.73,246,2.74
2024.098.21:25:00/wx/2.92,556.5,35.3,6.60,253,2.78
2024.098.21:26:00/wx/3.00,556.5,35.2,9.31,249,2.86
2024.098.21:27:00/wx/3.13,556.5,32.9,10.79,246,2.90
2024.098.21:28:00/wx/3.05,556.5,35.0,10.06,246,2.89
2024.098.21:29:00/wx/2.92,556.5,32.0,10.23,252,2.92
2024.098.21:30:00/wx/2.90,556.5,33.3,7.93,249,2.90
2024.098.21:31:00/wx/2.90,556.5,36.1,8.81,246,2.84
2024.098.21:32:00/wx/3.10,556.5,31.7,10.84,236,2.81
2024.098.21:33:00/wx/3.00,556.5,30.7,7.01,245,2.86
2024.098.21:34:00/wx/2.82,556.5,34.3,6.89,248,2.90
2024.098.21:35:00/wx/2.80,556.6,35.3,7.92,241,2.85
2024.098.21:36:00/wx/2.99,556.6,32.5,8.51,249,2.79
2024.098.21:37:00/wx/2.83,556.6,33.6,8.29,238,2.71
2024.098.21:38:00/wx/3.14,556.6,32.6,7.23,243,2.62
2024.098.21:39:00/wx/3.00,556.6,33.4,6.17,239,2.53
2024.098.21:40:00/wx/2.81,556.6,34.0,7.17,243,2.57
2024.098.21:41:00/wx/3.13,556.6,31.8,7.23,234,2.58
2024.098.21:42:00/wx/3.30,556.6,31.9,10.37,232,2.55
2024.098.21:43:00/wx/3.33,556.6,31.0,7.65,235,2.60
2024.098.21:44:00/wx/3.00,556.6,33.1,10.56,240,2.60
2024.098.21:45:00/wx/2.89,556.6,33.4,9.47,241,2.57
2024.098.21:46:00/wx/3.03,556.5,32.8,8.26,230,2.56
2024.098.21:47:00/wx/3.02,556.6,32.0,10.15,247,2.54
2024.098.21:48:00/wx/2.60,556.6,31.9,8.44,243,2.50
2024.098.21:49:00/wx/2.80,556.6,30.8,5.92,233,2.46
2024.098.21:50:00/wx/2.80,556.6,31.4,7.37,234,2.39
2024.098.21:51:00/wx/2.87,556.6,32.8,10.59,242,2.38
2024.098.21:52:00/wx/2.70,556.6,31.0,7.69,231,2.37
2024.098.21:53:00/wx/2.70,556.6,30.5,6.93,228,2.40
2024.098.21:54:00/wx/2.70,556.6,32.8,7.49,228,2.45
2024.098.21:55:00/wx/2.80,556.6,32.6,8.90,243,2.51
2024.098.21:56:00/wx/2.80,556.6,31.9,8.99,239,2.51
2024.098.21:57:00/wx/2.80,556.6,31.3,6.49,246,2.50
2024.098.21:58:00/wx/2.80,556.6,31.8,5.36,245,2.49
2024.098.21:59:00/wx/2.79,556.6,32.3,8.04,244,2.45
2024.098.22:00:00/wx/2.17,556.6,37.3,8.34,247,2.47
2024.098.22:01:00/wx/2.35,556.6,32.5,9.24,242,2.47
2024.098.22:02:00/wx/2.50,556.6,32.1,7.03,239,2.47
2024.098.22:03:00/wx/2.50,556.6,31.7,6.55,243,2.43
2024.098.22:04:00/wx/2.09,556.7,35.6,5.98,251,2.47
2024.098.22:05:00/wx/2.00,556.6,34.4,6.22,246,2.51
2024.098.22:06:00/wx/1.84,556.6,37.2,6.12,253,2.54
2024.098.22:07:00/wx/2.08,556.6,35.4,8.30,242,2.53
2024.098.22:08:00/wx/2.20,556.6,34.6,8.05,251,2.55
2024.098.22:09:00/wx/2.20,556.6,34.0,8.69,241,2.56
2024.098.22:10:00/wx/2.15,556.6,35.2,7.82,247,2.54
2024.098.22:11:00/wx/2.00,556.6,35.4,8.01,243,2.53
2024.098.22:12:00/wx/2.10,556.7,33.5,8.48,247,2.56
2024.098.22:13:00/wx/2.10,556.7,34.3,8.13,244,2.60
2024.098.22:14:00/wx/2.10,556.7,33.7,6.72,241,2.56
2024.098.22:15:00/wx/2.06,556.7,35.2,6.18,230,2.52
2024.098.22:16:00/wx/2.03,556.7,36.0,6.41,248,2.46
2024.098.22:17:00/wx/1.80,556.7,35.9,5.79,238,2.46
2024.098.22:18:00/wx/1.81,556.7,36.0,7.15,237,2.46
2024.098.22:19:00/wx/1.87,556.7,34.9,7.30,240,2.40
2024.098.22:20:00/wx/1.85,556.7,34.2,5.80,241,2.36
2024.098.22:21:00/wx/1.62,556.7,36.6,5.97,245,2.33
2024.098.22:22:00/wx/1.60,556.7,36.0,6.12,244,2.30
2024.098.22:23:00/wx/1.38,556.7,36.5,5.45,249,2.27
2024.098.22:24:00/wx/1.41,556.8,35.5,6.65,242,2.26
2024.098.22:25:00/wx/1.30,556.7,36.6,6.90,249,2.25
2024.098.22:26:00/wx/1.39,556.8,34.9,8.05,246,2.27
2024.098.22:27:00/wx/1.50,556.8,35.2,6.72,246,2.28
2024.098.22:28:00/wx/1.52,556.8,34.9,7.44,248,2.29
2024.098.22:29:00/wx/1.45,556.8,35.7,6.90,245,2.32
2024.098.22:30:00/wx/1.36,556.8,36.1,7.91,245,2.33
2024.098.22:31:00/wx/1.61,556.8,33.0,6.21,244,2.37
2024.098.22:32:00/wx/1.30,556.7,36.3,5.94,242,2.43
2024.098.22:33:00/wx/1.42,556.8,35.4,7.44,244,2.44
2024.098.22:34:00/wx/1.12,556.8,37.1,6.35,248,2.45
2024.098.22:35:00/wx/1.27,556.8,36.0,7.19,246,2.40
2024.098.22:36:00/wx/1.30,556.8,36.2,7.48,245,2.39
2024.098.22:37:00/wx/1.50,556.8,34.5,7.25,248,2.49
2024.098.22:38:00/wx/1.10,556.8,37.3,6.13,246,2.47
2024.098.22:39:00/wx/1.00,556.8,37.6,6.26,251,2.41
2024.098.22:40:00/wx/1.10,556.8,37.1,6.96,244,2.38
2024.098.22:41:00/wx/1.10,556.8,37.4,6.72,245,2.34
2024.098.22:42:00/wx/1.00,556.8,38.7,6.85,244,2.35
2024.098.22:43:00/wx/0.68,556.8,40.0,5.93,250,2.32
2024.098.22:44:00/wx/0.80,556.8,37.7,6.89,247,2.31
2024.098.22:45:00/wx/0.80,556.8,37.5,6.71,250,2.31
2024.098.22:46:00/wx/0.90,556.8,36.5,8.76,245,2.29
2024.098.22:47:00/wx/1.10,556.8,36.3,6.57,241,2.30
2024.098.22:48:00/wx/0.90,556.8,38.2,5.34,238,2.28
2024.098.22:49:00/wx/0.90,556.8,37.6,4.97,239,2.24
2024.098.22:50:00/wx/0.70,556.9,41.8,4.84,244,2.23
2024.098.22:51:00/wx/0.50,556.9,40.6,5.69,247,2.20
2024.098.22:52:00/wx/0.70,556.9,37.6,5.12,254,2.21
2024.098.22:53:00/wx/0.90,556.9,35.9,6.19,246,2.17
2024.098.22:54:00/wx/1.00,556.9,35.6,5.68,250,2.22
2024.098.22:55:00/wx/0.80,556.9,37.6,4.22,252,2.22
2024.098.22:56:00/wx/1.00,556.8,35.1,4.11,253,2.27
2024.098.22:57:00/wx/0.95,556.9,35.9,4.47,253,2.31
2024.098.22:58:00/wx/0.81,556.9,36.6,5.40,246,2.30
2024.098.22:59:00/wx/0.69,556.9,37.0,4.96,248,2.36
2024.098.23:00:00/wx/0.70,556.9,36.8,5.24,243,2.36
2024.098.23:01:00/wx/0.59,556.9,37.5,4.94,249,2.38
2024.098.23:02:00/wx/0.70,556.9,36.5,5.04,248,2.27
2024.098.23:03:00/wx/0.60,556.9,37.4,4.60,248,2.31
2024.098.23:04:00/wx/0.70,556.9,36.7,5.02,244,2.32
2024.098.23:05:00/wx/0.48,556.9,38.4,4.52,249,2.33
2024.098.23:06:00/wx/0.51,556.9,38.5,4.87,244,2.32
2024.098.23:07:00/wx/0.40,556.9,39.0,4.48,247,2.34
2024.098.23:08:00/wx/0.30,556.9,39.8,4.44,242,2.32
2024.098.23:09:00/wx/0.30,556.9,40.3,3.72,246,2.30
2024.098.23:10:00/wx/0.00,556.9,44.4,3.80,244,2.28
2024.098.23:11:00/wx/-0.35,556.9,45.1,3.38,252,2.28
2024.098.23:12:00/wx/-0.31,556.9,42.6,4.11,250,2.23
2024.098.23:13:00/wx/0.00,556.9,39.7,4.34,241,2.19
2024.098.23:14:00/wx/-0.10,556.8,42.1,3.79,241,2.17
2024.098.23:15:00/wx/-0.32,556.8,45.6,3.46,242,2.15
2024.098.23:16:00/wx/-0.40,556.8,45.1,3.20,241,2.16
2024.098.23:17:00/wx/-0.28,556.9,43.0,3.14,236,2.18
2024.098.23:18:00/wx/-0.20,556.9,42.5,3.42,232,2.17
2024.098.23:19:00/wx/-0.10,556.9,40.3,3.84,230,2.19
2024.098.23:20:00/wx/0.10,556.9,38.4,4.17,231,2.23
2024.098.23:21:00/wx/0.20,556.9,38.3,3.30,234,2.24
2024.098.23:22:00/wx/0.00,556.9,40.6,2.05,242,2.24
2024.098.23:23:00/wx/-0.10,556.9,40.9,2.34,237,2.26
2024.098.23:24:00/wx/-0.20,556.9,42.0,1.71,245,2.23
2024.098.23:25:00/wx/-0.30,556.9,42.8,1.21,240,2.23
2024.098.23:26:00/wx/-0.40,556.9,42.7,1.42,242,2.20
2024.098.23:27:00/wx/-0.40,556.9,41.7,1.63,236,2.21
2024.098.23:28:00/wx/-0.30,557.0,39.4,2.91,228,2.23
2024.098.23:29:00/wx/-0.20,557.0,39.3,1.83,229,2.21
2024.098.23:30:00/wx/0.11,557.0,37.1,2.82,231,2.20
2024.098.23:31:00/wx/0.20,557.0,36.1,2.91,230,2.13
2024.098.23:32:00/wx/0.40,556.9,35.4,2.81,225,2.15
2024.098.23:33:00/wx/0.40,556.9,35.1,3.13,232,2.05
2024.098.23:34:00/wx/0.40,557.0,34.9,3.16,226,2.05
2024.098.23:35:00/wx/0.40,557.0,34.7,4.41,222,2.00
2024.098.23:36:00/wx/0.49,557.0,33.8,4.90,217,2.01
2024.098.23:37:00/wx/0.40,557.0,34.0,4.15,225,2.04
2024.098.23:38:00/wx/0.40,557.0,34.1,3.48,245,2.06
2024.098.23:39:00/wx/0.30,557.0,34.7,3.24,228,2.08
2024.098.23:40:00/wx/0.30,557.0,35.1,2.81,224,2.11
2024.098.23:41:00/wx/0.02,557.0,37.2,3.92,226,2.06
2024.098.23:42:00/wx/-0.40,557.0,39.7,3.52,226,2.08
2024.098.23:43:00/wx/-0.60,557.1,41.4,3.51,221,2.19
2024.098.23:44:00/wx/-0.80,557.0,42.8,4.26,215,2.10
2024.098.23:45:00/wx/-0.90,557.0,42.9,5.30,214,2.08
2024.098.23:46:00/wx/-0.80,557.0,42.0,5.12,214,2.13
2024.098.23:47:00/wx/-0.69,557.0,41.0,6.63,210,2.00
2024.098.23:48:00/wx/-0.17,557.1,37.4,6.23,208,2.01
2024.098.23:49:00/wx/0.10,557.1,35.1,3.77,224,2.01
2024.098.23:50:00/wx/-0.08,557.1,36.6,3.46,212,2.03
2024.098.23:51:00/wx/-0.20,557.0,37.3,3.74,222,2.00
2024.098.23:52:00/wx/-0.30,557.1,37.9,3.77,230,2.01
2024.098.23:53:00/wx/-0.40,557.0,38.6,3.40,235,2.04
2024.098.23:54:00/wx/-0.60,557.0,39.6,3.21,235,2.02
2024.098.23:55:00/wx/-0.60,557.1,39.7,4.39,223,2.03
2024.098.23:56:00/wx/-0.30,557.0,37.3,4.42,214,2.04
2024.098.23:57:00/wx/-0.18,557.0,36.0,4.72,211,2.05
2024.098.23:58:00/wx/0.00,557.0,35.3,4.60,220,2.04
2024.098.23:59:00/wx/-0.17,557.1,36.3,4.25,227,1.99
2024.099.00:00:00/wx/-0.10,557.1,35.9,3.85,225,2.20
2024.099.00:01:00/wx/-0.10,557.1,35.4,3.52,224,2.21
2024.099.00:02:00/wx/0.00,557.1,34.8,2.97,224,2.22
2024.099.00:03:00/wx/-0.05,557.1,35.8,2.85,220,2.21
2024.099.00:04:00/wx/-0.17,557.1,36.5,3.28,242,2.22
2024.099.00:05:00/wx/-0.40,557.1,39.2,2.23,239,2.19
2024.099.00:06:00/wx/-0.60,557.1,39.5,1.11,274,2.17
2024.099.00:07:00/wx/-0.60,557.1,38.4,1.22,263,2.16
2024.099.00:08:00/wx/-0.60,557.1,39.4,1.02,232,2.16
2024.099.00:09:00/wx/-0.70,557.1,39.1,1.69,239,2.18
2024.099.00:10:00/wx/-0.70,557.1,39.9,0.92,237,2.16
2024.099.00:11:00/wx/-0.80,557.1,39.5,0.95,227,2.16
2024.099.00:12:00/wx/-0.80,557.1,39.4,1.48,215,2.17
2024.099.00:13:00/wx/-0.70,557.1,39.1,1.32,203,2.17
2024.099.00:14:00/wx/-0.70,557.1,38.9,1.42,193,2.20
2024.099.00:15:00/wx/-0.60,557.2,38.3,1.12,188,2.19
2024.099.00:16:00/wx/-0.70,557.1,38.7,0.88,190,2.20
2024.099.00:17:00/wx/-0.65,557.1,38.5,0.46,160,2.18
2024.099.00:18:00/wx/-0.70,557.2,39.4,0.77,240,2.18
2024.099.00:19:00/wx/-0.70,557.2,38.6,0.53,216,2.18
2024.099.00:20:00/wx/-0.80,557.2,38.5,0.63,311,2.16
2024.099.00:21:00/wx/-0.80,557.1,38.7,0.22,295,2.13
2024.099.00:22:00/wx/-0.90,557.2,39.7,0.22,186,2.14
2024.099.00:23:00/wx/-1.00,557.2,40.0,0.53,100,2.11
2024.099.00:24:00/wx/-1.00,557.2,38.8,0.61,100,2.13
2024.099.00:25:00/wx/-0.90,557.2,38.7,0.20,68,2.13
2024.099.00:26:00/wx/-1.00,557.2,39.2,0.16,267,2.13
2024.099.00:27:00/wx/-1.10,557.2,39.7,0.26,296,2.12
2024.099.00:28:00/wx/-1.00,557.2,38.9,0.34,300,2.14
2024.099.00:29:00/wx/-1.10,557.2,39.3,0.23,328,2.12
2024.099.00:30:00/wx/-1.10,557.2,39.5,0.30,27,2.13
2024.099.00:31:00/wx/-1.20,557.2,39.8,0.34,340,2.13
2024.099.00:32:00/wx/-1.20,557.2,39.7,0.36,313,2.16
2024.099.00:33:00/wx/-1.20,557.2,39.4,0.42,330,2.16
2024.099.00:34:00/wx/-1.20,557.2,39.4,0.33,352,2.15
2024.099.00:35:00/wx/-1.18,557.2,39.3,0.46,33,2.16
2024.099.00:36:00/wx/-1.10,557.2,39.1,0.46,72,2.13
2024.099.00:37:00/wx/-1.00,557.2,38.4,0.56,50,2.14
2024.099.00:38:00/wx/-0.90,557.2,38.2,0.90,66,2.09
2024.099.00:39:00/wx/-0.80,557.2,37.8,0.52,67,2.11
2024.099.00:40:00/wx/-0.70,557.2,37.5,0.49,54,2.13
2024.099.00:41:00/wx/-0.60,557.3,36.9,0.27,139,2.12
2024.099.00:42:00/wx/-0.60,557.3,36.8,0.69,40,2.13
2024.099.00:43:00/wx/-0.60,557.3,36.9,0.40,39,2.12
2024.099.00:44:00/wx/-0.60,557.3,37.3,0.50,56,2.13
2024.099.00:45:00/wx/-0.60,557.3,37.7,0.60,63,2.12
2024.099.00:46:00/wx/-0.53,557.3,37.3,0.84,63,2.12
2024.099.00:47:00/wx/-0.50,557.3,37.2,1.01,32,2.11
2024.099.00:48:00/wx/-0.40,557.3,36.7,0.91,51,2.11
2024.099.00:49:00/wx/-0.30,557.3,35.6,1.31,27,2.10
2024.099.00:50:00/wx/-0.20,557.3,35.1,1.05,17,2.08
2024.099.00:51:00/wx/-0.18,557.3,35.2,1.07,11,2.06
2024.099.00:52:00/wx/-0.10,557.3,35.3,1.30,27,2.05
2024.099.00:53:00/wx/-0.10,557.3,35.0,1.11,29,2.04
2024.099.00:54:00/wx/-0.10,557.3,35.3,0.65,23,2.01
2024.099.00:55:00/wx/0.00,557.3,34.5,1.11,26,1.99
2024.099.00:56:00/wx/0.00,557.3,34.2,1.02,15,1.99
2024.099.00:57:00/wx/0.00,557.3,34.4,1.50,22,1.97
2024.099.00:58:00/wx/0.10,557.3,34.1,1.24,13,1.98
2024.099.00:59:00/wx/0.10,557.3,34.4,1.34,25,1.97
2024.099.01:00:00/wx/0.10,557.3,33.9,1.50,26,1.96
2024.099.01:01:00/wx/0.20,557.3,33.5,1.50,28,1.94
2024.099.01:02:00/wx/0.20,557.3,33.5,1.50,30,1.95
2024.099.01:03:00/wx/0.22,557.3,33.5,1.12,24,1.94
2024.099.01:04:00/wx/0.23,557.3,33.9,1.49,14,1.94
2024.099.01:05:00/wx/0.20,557.3,34.3,1.49,24,1.93
2024.099.01:06:00/wx/0.30,557.3,33.7,1.40,22,1.92
2024.099.01:07:00/wx/0.40,557.3,33.2,1.41,19,1.92
2024.099.01:08:00/wx/0.40,557.3,34.1,1.75,21,1.92
2024.099.01:09:00/wx/0.40,557.3,34.4,1.80,27,1.90
2024.099.01:10:00/wx/0.42,557.3,34.4,1.53,33,1.90
2024.099.01:11:00/wx/0.50,557.3,34.4,1.21,36,1.91
2024.099.01:12:00/wx/0.40,557.4,34.7,1.21,40,1.93
2024.099.01:13:00/wx/0.40,557.3,34.5,1.21,33,1.95
2024.099.01:14:00/wx/0.50,557.3,33.1,1.11,41,1.95
2024.099.01:15:00/wx/0.50,557.3,33.0,1.09,48,1.94
2024.099.01:16:00/wx/0.40,557.3,35.8,1.20,49,1.94
2024.099.01:17:00/wx/0.40,557.3,34.6,0.88,55,1.93
2024.099.01:18:00/wx/0.40,557.3,33.7,0.71,60,1.94
2024.099.01:19:00/wx/0.40,557.3,33.1,0.71,73,1.96
2024.099.01:20:00/wx/0.40,557.3,33.9,0.81,83,1.97
2024.099.01:21:00/wx/0.40,557.4,36.4,1.21,58,1.96
2024.099.01:22:00/wx/0.20,557.4,37.0,1.42,69,1.94
2024.099.01:23:00/wx/0.10,557.4,37.9,1.25,68,1.94
2024.099.01:24:00/wx/0.10,557.4,35.6,1.44,65,1.94
2024.099.01:25:00/wx/0.00,557.4,38.8,1.21,29,1.94
2024.099.01:26:00/wx/-0.10,557.4,39.2,0.51,52,1.92
2024.099.01:27:00/wx/-0.10,557.4,38.2,0.93,75,1.92
2024.099.01:28:00/wx/-0.10,557.4,36.8,1.00,64,1.93
2024.099.01:29:00/wx/-0.20,557.4,39.4,0.93,42,1.93
2024.099.01:30:00/wx/-0.40,557.4,40.6,1.29,53,1.94
2024.099.01:31:00/wx/-0.29,557.4,38.2,1.00,55,1.95
2024.099.01:32:00/wx/-0.20,557.4,36.5,1.16,54,1.95
2024.099.01:33:00/wx/-0.10,557.4,35.9,0.96,63,1.95
2024.099.01:34:00/wx/-0.10,557.4,36.0,0.92,75,1.96
2024.099.01:35:00/wx/-0.10,557.5,36.0,1.41,96,1.94
2024.099.01:36:00/wx/-0.10,557.5,36.0,1.25,80,1.95
2024.099.01:37:00/wx/-0.16,557.4,35.5,1.00,85,1.95
2024.099.01:38:00/wx/-0.20,557.5,35.7,0.95,75,1.95
2024.099.01:39:00/wx/-0.20,557.5,36.0,1.38,87,1.97
2024.099.01:40:00/wx/-0.09,557.5,34.6,1.51,80,1.99
2024.099.01:41:00/wx/0.10,557.5,33.8,1.32,74,1.98
2024.099.01:42:00/wx/0.20,557.5,33.0,1.16,83,1.98
2024.099.01:43:00/wx/0.30,557.5,32.8,1.11,83,1.96
2024.099.01:44:00/wx/0.30,557.5,32.9,1.10,80,1.97
2024.099.01:45:00/wx/0.20,557.5,33.5,1.21,81,1.95
2024.099.01:46:00/wx/0.20,557.5,33.5,0.97,83,1.96
2024.099.01:47:00/wx/0.10,557.5,34.9,1.11,72,1.95
2024.099.01:48:00/wx/-0.10,557.5,36.7,0.92,68,1.95
2024.099.01:49:00/wx/-0.10,557.5,35.1,0.81,78,1.96
2024.099.01:50:00/wx/0.00,557.5,34.0,0.82,80,1.96
2024.099.01:51:00/wx/0.10,557.5,35.5,0.99,83,1.95
2024.099.01:52:00/wx/0.20,557.5,34.3,1.23,91,1.96
2024.099.01:53:00/wx/0.29,557.5,33.8,1.39,92,1.97
2024.099.01:54:00/wx/0.30,557.5,33.7,1.21,80,1.97
2024.099.01:55:00/wx/0.20,557.5,34.3,1.21,83,1.96
2024.099.01:56:00/wx/0.20,557.5,33.4,1.06,85,1.96
2024.099.01:57:00/wx/0.20,557.5,34.0,1.08,83,1.96
2024.099.01:58:00/wx/0.20,557.5,33.6,1.01,77,1.95
2024.099.01:59:00/wx/0.20,557.5,33.5,1.01,75,1.95
2024.099.02:00:00/wx/0.30,557.5,33.8,0.99,70,1.96
2024.099.02:01:00/wx/0.40,557.5,33.7,1.05,73,1.96
2024.099.02:02:00/wx/0.42,557.5,33.7,1.03,74,1.95
2024.099.02:03:00/wx/0.20,557.5,34.1,1.11,59,1.94
2024.099.02:04:00/wx/0.20,557.5,34.0,1.10,50,1.93
2024.099.02:05:00/wx/0.30,557.5,34.6,1.00,50,1.91
2024.099.02:06:00/wx/0.30,557.5,34.7,0.90,47,1.88
2024.099.02:07:00/wx/0.30,557.5,34.3,0.81,49,1.88
2024.099.02:08:00/wx/0.30,557.5,35.0,1.00,32,1.87
2024.099.02:09:00/wx/0.30,557.5,35.1,1.11,30,1.88
2024.099.02:10:00/wx/0.30,557.5,35.1,1.26,22,1.86
2024.099.02:11:00/wx/0.40,557.5,34.7,1.20,13,1.86
2024.099.02:12:00/wx/0.50,557.5,34.5,1.20,11,1.85
2024.099.02:13:00/wx/0.50,557.5,34.6,1.31,4,1.83
2024.099.02:14:00/wx/0.27,557.5,38.0,1.98,6,1.86
2024.099.02:15:00/wx/0.20,557.6,38.4,2.10,15,1.85
2024.099.02:16:00/wx/0.00,557.5,39.5,1.94,3,1.83
2024.099.02:17:00/wx/0.00,557.6,39.5,2.09,9,1.83
2024.099.02:18:00/wx/0.00,557.6,39.4,2.00,8,1.84
2024.099.02:19:00/wx/0.03,557.6,38.5,1.79,-0,1.80
2024.099.02:20:00/wx/0.10,557.6,38.4,2.01,356,1.83
2024.099.02:21:00/wx/0.11,557.6,38.2,1.72,358,1.82
2024.099.02:22:00/wx/0.10,557.6,38.9,1.90,355,1.82
2024.099.02:23:00/wx/0.21,557.6,38.3,2.04,356,1.81
2024.099.02:24:00/wx/0.10,557.6,38.6,2.08,350,1.83
2024.099.02:25:00/wx/0.20,557.5,38.3,2.10,347,1.81
2024.099.02:26:00/wx/0.11,557.5,39.3,2.12,343,1.80
2024.099.02:27:00/wx/0.10,557.6,38.3,2.33,341,1.82
2024.099.02:28:00/wx/0.20,557.5,37.9,2.33,340,1.79
2024.099.02:29:00/wx/0.20,557.5,37.8,2.38,339,1.79
2024.099.02:30:00/wx/0.30,557.5,37.5,2.26,339,1.79
2024.099.02:31:00/wx/0.30,557.5,37.0,2.13,331,1.77
2024.099.02:32:00/wx/0.40,557.5,36.5,2.13,335,1.74
2024.099.02:33:00/wx/0.40,557.5,36.2,2.06,329,1.78
2024.099.02:34:00/wx/0.40,557.5,36.1,1.99,327,1.76
2024.099.02:35:00/wx/0.40,557.5,36.4,2.13,332,1.75
2024.099.02:36:00/wx/0.40,557.5,36.8,1.93,334,1.73
2024.099.02:37:00/wx/0.41,557.5,36.7,1.83,334,1.74
2024.099.02:38:00/wx/0.40,557.5,36.4,2.03,337,1.73
2024.099.02:39:00/wx/0.40,557.4,36.5,1.97,339,1.71
2024.099.02:40:00/wx/0.50,557.5,36.1,1.92,329,1.74
2024.099.02:41:00/wx/0.50,557.5,35.8,2.12,330,1.73
2024.099.02:42:00/wx/0.50,557.5,35.4,1.74,329,1.69
2024.099.02:43:00/wx/0.60,557.5,35.0,2.18,326,1.70
2024.099.02:44:00/wx/0.70,557.5,34.3,2.16,329,1.65
2024.099.02:45:00/wx/0.80,557.5,34.0,2.04,330,1.68
2024.099.02:46:00/wx/0.90,557.5,33.7,1.83,319,1.67
2024.099.02:47:00/wx/0.90,557.5,33.4,1.95,321,1.69
2024.099.02:48:00/wx/0.80,557.5,34.2,1.84,317,1.70
2024.099.02:49:00/wx/0.70,557.4,34.8,2.03,334,1.70
2024.099.02:50:00/wx/0.60,557.4,35.2,1.93,338,1.70
2024.099.02:51:00/wx/0.70,557.4,34.7,2.07,343,1.69
2024.099.02:52:00/wx/0.66,557.5,34.4,2.23,342,1.70
2024.099.02:53:00/wx/0.55,557.4,34.6,1.98,339,1.69
2024.099.02:54:00/wx/0.11,557.5,36.7,2.32,329,1.68
2024.099.02:55:00/wx/0.41,557.4,34.9,1.63,325,1.67
2024.099.02:56:00/wx/0.52,557.4,34.3,1.84,329,1.65
2024.099.02:57:00/wx/0.71,557.4,33.9,2.08,325,1.66
2024.099.02:58:00/wx/0.70,557.4,34.0,2.33,326,1.66
2024.099.02:59:00/wx/0.70,557.4,33.8,2.52,330,1.67
2024.099.03:00:00/wx/0.70,557.5,33.6,2.33,328,1.65
2024.099.03:01:00/wx/0.73,557.5,33.5,2.23,324,1.65
2024.099.03:02:00/wx/0.90,557.5,33.3,2.03,328,1.65
2024.099.03:03:00/wx/0.73,557.4,34.0,2.56,331,1.66
2024.099.03:04:00/wx/0.70,557.5,33.9,2.24,333,1.65
2024.099.03:05:00/wx/0.81,557.4,33.4,2.32,331,1.66
2024.099.03:06:00/wx/0.90,557.5,33.3,2.59,335,1.67
2024.099.03:07:00/wx/1.00,557.5,33.0,2.13,334,1.67
2024.099.03:08:00/wx/0.90,557.5,33.1,2.21,333,1.68
2024.099.03:09:00/wx/0.90,557.5,33.5,2.53,336,1.69
2024.099.03:10:00/wx/0.70,557.5,34.1,2.39,330,1.70
2024.099.03:11:00/wx/0.70,557.5,34.1,2.59,336,1.68
2024.099.03:12:00/wx/0.70,557.5,34.0,2.40,329,1.67
2024.099.03:13:00/wx/0.70,557.4,34.2,2.43,332,1.66
2024.099.03:14:00/wx/0.50,557.4,35.0,2.54,332,1.66
2024.099.03:15:00/wx/0.33,557.4,36.0,2.47,329,1.63
2024.099.03:16:00/wx/0.40,557.4,35.7,2.33,331,1.62
2024.099.03:17:00/wx/0.40,557.4,35.7,2.41,331,1.60
2024.099.03:18:00/wx/0.11,557.4,37.0,2.65,316,1.59
2024.099.03:19:00/wx/-0.10,557.3,37.4,2.24,326,1.55
2024.099.03:20:00/wx/-0.27,557.3,37.5,2.52,326,1.54
2024.099.03:21:00/wx/-0.21,557.4,37.1,2.69,328,1.56
2024.099.03:22:00/wx/0.18,557.4,36.0,2.25,327,1.55
2024.099.03:23:00/wx/0.40,557.3,35.2,2.33,328,1.55
2024.099.03:24:00/wx/0.50,557.3,34.8,2.15,335,1.56
2024.099.03:25:00/wx/0.39,557.4,35.0,2.31,336,1.57
2024.099.03:26:00/wx/0.32,557.4,35.4,2.49,334,1.57
2024.099.03:27:00/wx/0.40,557.3,35.0,2.54,334,1.55
2024.099.03:28:00/wx/0.40,557.4,34.9,2.33,326,1.56
2024.099.03:29:00/wx/0.47,557.3,34.8,2.22,326,1.56
2024.099.03:30:00/wx/0.25,557.3,35.2,2.68,332,1.55
2024.099.03:31:00/wx/0.48,557.3,34.5,2.21,324,1.54
2024.099.03:32:00/wx/0.60,557.3,34.2,1.93,332,1.53
2024.099.03:33:00/wx/0.60,557.3,34.2,2.13,332,1.54
2024.099.03:34:00/wx/0.63,557.3,34.0,2.21,329,1.54
2024.099.03:35:00/wx/0.70,557.3,33.8,2.14,327,1.52
2024.099.03:36:00/wx/0.70,557.3,33.7,1.92,325,1.52
2024.099.03:37:00/wx/0.40,557.3,35.1,2.73,326,1.51
2024.099.03:38:00/wx/0.20,557.3,35.9,2.41,327,1.51
2024.099.03:39:00/wx/0.21,557.3,35.8,2.45,328,1.51
2024.099.03:40:00/wx/-0.04,557.4,36.8,2.33,326,1.52
2024.099.03:41:00/wx/0.19,557.3,35.8,2.81,319,1.50
2024.099.03:42:00/wx/0.30,557.3,35.3,2.24,326,1.51
2024.099.03:43:00/wx/0.32,557.3,35.3,2.21,330,1.49
2024.099.03:44:00/wx/0.12,557.3,36.3,2.33,321,1.50
2024.099.03:45:00/wx/-0.30,557.3,38.1,2.43,320,1.50
2024.099.03:46:00/wx/-0.60,557.3,39.1,2.51,322,1.48
2024.099.03:47:00/wx/-0.26,557.3,37.4,2.29,323,1.47
2024.099.03:48:00/wx/0.00,557.3,36.4,2.44,320,1.47
2024.099.03:49:00/wx/-0.28,557.3,37.5,2.51,315,1.47
2024.099.03:50:00/wx/-0.60,557.3,39.1,2.73,323,1.46
2024.099.03:51:00/wx/-0.80,557.3,39.6,2.72,326,1.47
2024.099.03:52:00/wx/-1.00,557.3,40.5,2.79,326,1.46
2024.099.03:53:00/wx/-1.00,557.3,40.4,2.90,331,1.46
2024.099.03:54:00/wx/-1.00,557.3,40.1,2.94,334,1.45
2024.099.03:55:00/wx/-0.79,557.3,39.4,2.82,333,1.44
2024.099.03:56:00/wx/-0.53,557.3,38.5,2.77,334,1.44
2024.099.03:57:00/wx/-0.60,557.3,39.0,2.58,335,1.43
2024.099.03:58:00/wx/-0.22,557.3,37.5,2.28,331,1.43
2024.099.03:59:00/wx/-0.30,557.3,37.8,2.63,329,1.44
2024.099.04:00:00/wx/-0.19,557.3,37.1,2.22,330,1.43
2024.099.04:01:00/wx/-0.10,557.3,36.7,2.19,329,1.44
2024.099.04:02:00/wx/-0.10,557.3,36.7,2.63,326,1.44
2024.099.04:03:00/wx/-0.48,557.3,38.2,2.35,329,1.44
2024.099.04:04:00/wx/-0.80,557.3,39.2,2.33,329,1.44
2024.099.04:05:00/wx/-0.90,557.3,39.7,2.84,342,1.43
2024.099.04:06:00/wx/-1.00,557.3,40.1,2.52,337,1.44
2024.099.04:07:00/wx/-0.93,557.3,39.6,2.63,340,1.44
2024.099.04:08:00/wx/-0.61,557.3,38.6,2.64,337,1.45
2024.099.04:09:00/wx/-0.41,557.3,38.1,2.44,338,1.44
2024.099.04:10:00/wx/-0.79,557.3,39.2,2.50,334,1.44
2024.099.04:11:00/wx/-0.34,557.3,37.6,2.27,330,1.42
2024.099.04:12:00/wx/-0.12,557.3,36.5,2.46,336,1.43
2024.099.04:13:00/wx/0.10,557.3,35.6,2.33,327,1.43
2024.099.04:14:00/wx/-0.34,557.2,37.4,2.74,332,1.42
2024.099.04:15:00/wx/-0.62,557.3,38.2,2.63,330,1.42
2024.099.04:16:00/wx/-0.27,557.3,37.0,2.81,331,1.43
2024.099.04:17:00/wx/-0.37,557.2,37.5,2.65,327,1.42
2024.099.04:18:00/wx/-0.40,557.3,37.9,2.94,340,1.41
2024.099.04:19:00/wx/-0.40,557.3,38.1,2.93,343,1.41
2024.099.04:20:00/wx/-0.04,557.2,36.2,2.32,334,1.40
2024.099.04:21:00/wx/-0.02,557.2,36.4,2.55,341,1.40
2024.099.04:22:00/wx/0.10,557.2,36.1,2.72,337,1.40
2024.099.04:23:00/wx/0.20,557.2,35.4,2.74,338,1.40
2024.099.04:24:00/wx/0.34,557.2,34.7,2.70,339,1.40
2024.099.04:25:00/wx/0.43,557.2,34.4,2.95,341,1.39
2024.099.04:26:00/wx/0.32,557.2,35.0,2.73,345,1.39
2024.099.04:27:00/wx/0.30,557.2,35.2,2.23,337,1.39
2024.099.04:28:00/wx/0.20,557.2,35.4,2.49,328,1.38
2024.099.04:29:00/wx/-0.01,557.2,35.7,2.97,332,1.39
2024.099.04:30:00/wx/-0.03,557.2,36.0,3.07,335,1.39
2024.099.04:31:00/wx/-0.10,557.2,36.2,3.02,330,1.35
2024.099.04:32:00/wx/0.10,557.2,35.6,2.94,337,1.36
2024.099.04:33:00/wx/0.10,557.2,35.7,3.05,334,1.37
2024.099.04:34:00/wx/0.26,557.2,35.0,2.82,333,1.34
2024.099.04:35:00/wx/0.32,557.2,34.4,2.86,339,1.32
2024.099.04:36:00/wx/0.30,557.2,34.8,2.64,335,1.35
2024.099.04:37:00/wx/0.10,557.2,35.3,2.64,332,1.36
2024.099.04:38:00/wx/-0.51,557.2,37.3,2.97,321,1.36
2024.099.04:39:00/wx/-0.35,557.2,36.8,2.62,322,1.37
2024.099.04:40:00/wx/-0.11,557.2,36.1,3.13,326,1.38
2024.099.04:41:00/wx/0.00,557.2,35.6,2.53,329,1.37
2024.099.04:42:00/wx/-0.20,557.2,36.3,2.91,324,1.36
2024.099.04:43:00/wx/-0.24,557.1,36.5,3.04,329,1.36
2024.099.04:44:00/wx/-0.57,557.1,37.7,2.96,335,1.35
2024.099.04:45:00/wx/-0.02,557.1,35.7,3.07,330,1.37
2024.099.04:46:00/wx/0.21,557.1,34.7,3.12,325,1.37
2024.099.04:47:00/wx/0.30,557.1,34.6,2.89,334,1.37
2024.099.04:48:00/wx/-0.20,557.1,36.5,3.40,330,1.36
2024.099.04:49:00/wx/-0.30,557.1,36.6,3.19,333,1.38
2024.099.04:50:00/wx/-0.01,557.1,35.5,3.15,334,1.37
2024.099.04:51:00/wx/0.20,557.1,34.8,3.53,334,1.36
2024.099.04:52:00/wx/0.36,557.1,34.2,3.33,336,1.36
2024.099.04:53:00/wx/0.10,557.1,35.2,3.30,334,1.35
2024.099.04:54:00/wx/0.30,557.1,34.4,3.28,336,1.33
2024.099.04:55:00/wx/0.29,557.1,34.3,2.74,336,1.34
2024.099.04:56:00/wx/0.40,557.1,34.0,3.18,338,1.33
2024.099.04:57:00/wx/-0.05,557.1,35.8,3.42,337,1.33
2024.099.04:58:00/wx/-0.60,557.1,37.8,3.27,327,1.32
2024.099.04:59:00/wx/-0.61,557.0,37.5,3.26,333,1.31
2024.099.05:00:00/wx/-0.30,557.0,36.6,3.43,336,1.31
2024.099.05:01:00/wx/-0.20,557.0,36.1,3.54,336,1.30
2024.099.05:02:00/wx/0.04,557.0,35.6,3.51,336,1.28
2024.099.05:03:00/wx/0.30,557.0,34.5,3.27,335,1.29
2024.099.05:04:00/wx/0.11,557.0,34.9,2.95,328,1.32
2024.099.05:05:00/wx/-0.00,557.0,35.5,2.92,327,1.31
2024.099.05:06:00/wx/-0.24,557.0,36.5,3.58,344,1.31
2024.099.05:07:00/wx/0.36,557.0,33.9,2.85,340,1.29
2024.099.05:08:00/wx/0.26,557.0,34.3,2.52,324,1.31
2024.099.05:09:00/wx/-0.30,557.0,36.5,2.85,332,1.30
2024.099.05:10:00/wx/-0.60,557.0,37.4,3.13,326,1.31
2024.099.05:11:00/wx/-0.60,557.0,37.5,3.09,328,1.26
2024.099.05:12:00/wx/-0.56,557.0,36.9,3.29,328,1.27
2024.099.05:13:00/wx/-0.09,557.0,35.5,3.59,320,1.27
2024.099.05:14:00/wx/-0.10,557.0,35.6,3.63,329,1.28
2024.099.05:15:00/wx/-0.10,557.0,35.8,3.40,330,1.28
2024.099.05:16:00/wx/-0.10,557.0,35.4,3.93,330,1.27
2024.099.05:17:00/wx/-0.20,557.0,35.7,3.94,329,1.26
2024.099.05:18:00/wx/-0.51,557.0,36.5,4.12,333,1.26
2024.099.05:19:00/wx/-0.39,556.9,36.2,4.04,328,1.26
2024.099.05:20:00/wx/-0.40,557.0,36.1,4.30,333,1.24
2024.099.05:21:00/wx/-0.09,557.0,35.3,4.29,333,1.24
2024.099.05:22:00/wx/-0.17,557.0,35.1,4.80,332,1.24
2024.099.05:23:00/wx/-0.30,557.0,35.4,4.44,330,1.23
2024.099.05:24:00/wx/-0.30,556.9,35.4,4.50,334,1.21
2024.099.05:25:00/wx/-0.24,557.0,35.3,4.39,332,1.21
2024.099.05:26:00/wx/-0.40,556.9,35.4,4.39,332,1.23
2024.099.05:27:00/wx/-0.21,556.9,35.2,4.55,335,1.22
2024.099.05:28:00/wx/-0.10,557.0,34.7,4.43,333,1.23
2024.099.05:29:00/wx/-0.30,556.9,35.2,5.00,337,1.21
2024.099.05:30:00/wx/0.01,556.9,34.4,4.70,335,1.21
2024.099.05:31:00/wx/-0.02,556.9,34.4,4.62,327,1.23
2024.099.05:32:00/wx/-0.59,557.0,36.2,4.94,336,1.23
2024.099.05:33:00/wx/-0.40,556.9,35.3,4.94,336,1.22
2024.099.05:34:00/wx/-0.58,556.9,36.0,4.75,335,1.21
2024.099.05:35:00/wx/-0.60,556.9,36.1,4.82,338,1.19
2024.099.05:36:00/wx/-0.60,556.9,36.4,4.83,340,1.20
2024.099.05:37:00/wx/-0.71,556.9,36.6,4.88,339,1.23
2024.099.05:38:00/wx/-0.70,556.9,36.8,5.00,338,1.25
2024.099.05:39:00/wx/-0.71,556.9,36.6,4.63,336,1.21
2024.099.05:40:00/wx/-0.41,556.9,35.9,4.68,336,1.22
2024.099.05:41:00/wx/-0.50,556.9,35.9,4.53,338,1.23
2024.099.05:42:00/wx/-0.50,556.9,36.1,4.74,341,1.20
2024.099.05:43:00/wx/-0.37,556.9,35.6,4.11,334,1.21
2024.099.05:44:00/wx/-0.20,556.8,35.2,4.41,337,1.18
2024.099.05:45:00/wx/-0.20,556.8,35.2,4.33,335,1.17
2024.099.05:46:00/wx/-0.20,556.8,35.1,4.13,333,1.19
2024.099.05:47:00/wx/-0.10,556.8,35.0,3.84,334,1.19
2024.099.05:48:00/wx/-0.20,556.8,35.2,3.92,332,1.20
2024.099.05:49:00/wx/-0.20,556.8,35.2,3.95,339,1.20
2024.099.05:50:00/wx/-0.20,556.8,35.4,3.84,336,1.19
2024.099.05:51:00/wx/-0.20,556.8,35.3,3.58,328,1.18
2024.099.05:52:00/wx/-0.10,556.7,35.1,3.65,330,1.19
2024.099.05:53:00/wx/-0.10,556.7,34.9,3.53,325,1.20
2024.099.05:54:00/wx/-0.10,556.7,34.8,3.61,329,1.19
2024.099.05:55:00/wx/-0.10,556.7,34.8,3.53,329,1.17
2024.099.05:56:00/wx/0.00,556.7,34.7,4.11,332,1.16
2024.099.05:57:00/wx/0.00,556.7,34.5,3.90,332,1.14
2024.099.05:58:00/wx/0.00,556.7,34.6,3.93,334,1.15
2024.099.05:59:00/wx/0.00,556.7,34.7,4.03,331,1.12
2024.099.06:00:00/wx/-0.41,556.6,36.1,4.65,336,1.11
2024.099.06:01:00/wx/-0.13,556.7,35.3,3.95,328,1.13
2024.099.06:02:00/wx/-0.50,556.7,36.8,3.93,329,1.14
2024.099.06:03:00/wx/-0.60,556.7,37.4,3.92,328,1.13
2024.099.06:04:00/wx/-0.91,556.6,38.2,4.23,333,1.11
2024.099.06:05:00/wx/-0.28,556.6,35.7,4.72,337,1.13
2024.099.06:06:00/wx/-0.18,556.7,35.1,4.14,334,1.18
2024.099.06:07:00/wx/-0.16,556.6,34.9,3.60,328,1.18
2024.099.06:08:00/wx/-0.09,556.6,34.7,2.85,322,1.20
2024.099.06:09:00/wx/-0.30,556.7,35.6,4.23,332,1.21
2024.099.06:10:00/wx/-0.10,556.6,34.2,3.55,326,1.21
2024.099.06:11:00/wx/-0.10,556.6,34.4,3.76,327,1.23
2024.099.06:12:00/wx/-0.25,556.7,34.8,4.03,326,1.21
2024.099.06:13:00/wx/0.00,556.7,33.9,4.20,333,1.22
2024.099.06:14:00/wx/0.10,556.6,33.6,3.54,335,1.21
2024.099.06:15:00/wx/0.12,556.6,33.0,3.65,325,1.20
2024.099.06:16:00/wx/0.20,556.7,33.0,3.69,335,1.20
2024.099.06:17:00/wx/-0.13,556.6,34.6,3.86,336,1.19
2024.099.06:18:00/wx/-0.49,556.6,35.9,3.45,323,1.20
2024.099.06:19:00/wx/-0.60,556.6,35.9,3.27,329,1.19
2024.099.06:20:00/wx/-0.19,556.6,34.3,3.43,327,1.19
2024.099.06:21:00/wx/-0.03,556.6,33.6,3.41,322,1.19
2024.099.06:22:00/wx/0.10,556.6,33.5,3.38,324,1.19
2024.099.06:23:00/wx/0.00,556.6,33.7,3.62,323,1.17
2024.099.06:24:00/wx/0.00,556.5,33.5,3.53,329,1.18
2024.099.06:25:00/wx/-0.10,556.5,33.6,3.54,328,1.18
2024.099.06:26:00/wx/0.02,556.6,33.5,3.02,317,1.17
2024.099.06:27:00/wx/-0.31,556.6,34.3,3.23,328,1.16
2024.099.06:28:00/wx/-0.10,556.6,33.7,3.23,321,1.18
2024.099.06:29:00/wx/-0.20,556.5,34.1,3.51,320,1.20
2024.099.06:30:00/wx/-0.10,556.5,33.7,3.69,324,1.21
2024.099.06:31:00/wx/-0.27,556.5,34.4,3.17,326,1.20
2024.099.06:32:00/wx/-0.10,556.5,33.5,3.26,320,1.18
2024.099.06:33:00/wx/0.10,556.5,32.9,2.85,328,1.19
2024.099.06:34:00/wx/0.12,556.5,32.7,3.27,324,1.18
2024.099.06:35:00/wx/0.10,556.5,32.8,3.45,326,1.18
2024.099.06:36:00/wx/0.10,556.5,32.6,3.48,320,1.19
2024.099.06:37:00/wx/0.20,556.5,32.4,3.64,319,1.19
2024.099.06:38:00/wx/0.00,556.5,33.0,3.35,317,1.18
2024.099.06:39:00/wx/0.03,556.5,32.8,3.26,322,1.17
2024.099.06:40:00/wx/0.07,556.5,32.7,3.42,324,1.16
2024.099.06:41:00/wx/0.10,556.4,32.4,3.05,315,1.16
2024.099.06:42:00/wx/0.00,556.4,32.8,2.63,310,1.16
2024.099.06:43:00/wx/-0.20,556.4,33.7,3.23,326,1.16
2024.099.06:44:00/wx/-0.22,556.4,33.5,2.77,323,1.15
2024.099.06:45:00/wx/-0.60,556.4,35.0,2.93,329,1.17
2024.099.06:46:00/wx/-0.49,556.4,34.5,2.74,326,1.17
2024.099.06:47:00/wx/-0.81,556.4,35.7,3.42,322,1.18
2024.099.06:48:00/wx/-1.13,556.4,36.8,2.60,305,1.18
2024.099.06:49:00/wx/-1.21,556.4,36.9,3.03,313,1.19
2024.099.06:50:00/wx/-0.99,556.4,36.3,2.40,333,1.19
2024.099.06:51:00/wx/-1.11,556.4,36.7,3.25,331,1.17
2024.099.06:52:00/wx/-0.49,556.4,34.4,3.63,335,1.16
2024.099.06:53:00/wx/-0.16,556.4,33.2,3.59,333,1.15
2024.099.06:54:00/wx/-0.10,556.4,32.9,3.32,334,1.16
2024.099.06:55:00/wx/0.00,556.4,32.7,3.77,328,1.16
2024.099.06:56:00/wx/0.10,556.4,32.3,3.13,324,1.16
2024.099.06:57:00/wx/0.10,556.4,32.2,3.36,324,1.15
2024.099.06:58:00/wx/-0.20,556.4,33.3,3.49,328,1.15
2024.099.06:59:00/wx/-0.17,556.4,32.9,3.31,320,1.15
2024.099.07:00:00/wx/-0.30,556.4,33.4,2.74,322,1.16
2024.099.07:01:00/wx/-0.30,556.4,33.4,2.82,314,1.15
2024.099.07:02:00/wx/-0.40,556.4,33.7,2.99,311,1.13
2024.099.07:03:00/wx/-0.72,556.4,34.7,3.45,313,1.13
2024.099.07:04:00/wx/-0.50,556.4,34.1,3.55,322,1.12
2024.099.07:05:00/wx/-0.51,556.4,34.0,4.02,324,1.12
2024.099.07:06:00/wx/-0.40,556.4,33.5,3.23,321,1.11
2024.099.07:07:00/wx/-0.58,556.4,34.4,3.24,335,1.10
2024.099.07:08:00/wx/-0.60,556.4,34.5,3.33,332,1.11
2024.099.07:09:00/wx/-0.50,556.4,34.1,3.63,334,1.10
2024.099.07:10:00/wx/-0.50,556.4,34.4,3.53,338,1.11
2024.099.07:11:00/wx/-0.50,556.4,34.1,3.63,339,1.11
2024.099.07:12:00/wx/-0.30,556.4,33.5,3.33,330,1.11
2024.099.07:13:00/wx/-0.20,556.4,33.4,3.82,338,1.11
2024.099.07:14:00/wx/-0.22,556.4,33.4,3.55,332,1.11
2024.099.07:15:00/wx/-0.10,556.4,33.2,3.83,333,1.11
2024.099.07:16:00/wx/-0.02,556.4,32.9,2.79,335,1.12
2024.099.07:17:00/wx/-0.34,556.4,33.9,2.80,328,1.13
2024.099.07:18:00/wx/-0.20,556.4,33.6,3.30,335,1.12
2024.099.07:19:00/wx/-0.20,556.4,33.5,3.06,330,1.17
2024.099.07:20:00/wx/-0.20,556.4,33.4,3.74,330,1.15
2024.099.07:21:00/wx/-0.20,556.3,33.4,3.64,328,1.14
2024.099.07:22:00/wx/-0.43,556.4,34.1,3.67,331,1.13
2024.099.07:23:00/wx/-1.27,556.4,37.2,3.53,319,1.13
2024.099.07:24:00/wx/-0.61,556.3,35.0,3.06,339,1.13
2024.099.07:25:00/wx/-0.50,556.4,34.5,3.63,325,1.13
2024.099.07:26:00/wx/-0.30,556.4,33.9,3.70,329,1.14
2024.099.07:27:00/wx/-0.30,556.3,33.9,3.39,329,1.15
2024.099.07:28:00/wx/-0.33,556.4,34.1,3.10,332,1.16
2024.099.07:29:00/wx/-0.40,556.4,34.0,3.24,324,1.15
2024.099.07:30:00/wx/-0.40,556.4,34.3,3.16,324,1.15
2024.099.07:31:00/wx/-0.19,556.4,33.5,2.90,313,1.15
2024.099.07:32:00/wx/-0.62,556.4,34.8,3.20,325,1.16
2024.099.07:33:00/wx/-0.80,556.4,35.6,3.41,318,1.14
2024.099.07:34:00/wx/-1.30,556.4,36.9,3.53,330,1.15
2024.099.07:35:00/wx/-1.22,556.4,36.4,3.33,322,1.13
2024.099.07:36:00/wx/-0.84,556.4,35.4,3.19,325,1.12
2024.099.07:37:00/wx/-0.95,556.3,35.8,3.53,324,1.13
2024.099.07:38:00/wx/-0.61,556.3,34.8,3.21,320,1.13
2024.099.07:39:00/wx/-1.49,556.3,37.4,2.63,324,1.14
2024.099.07:40:00/wx/-1.81,556.3,38.9,2.93,315,1.11
2024.099.07:41:00/wx/-1.92,556.4,39.1,2.97,322,1.12
2024.099.07:42:00/wx/-1.37,556.3,37.4,3.29,325,1.12
2024.099.07:43:00/wx/-1.30,556.3,36.6,2.78,322,1.12
2024.099.07:44:00/wx/-1.20,556.3,36.6,3.53,332,1.12
2024.099.07:45:00/wx/-1.38,556.3,37.2,2.25,315,1.10
2024.099.07:46:00/wx/-1.55,556.3,37.8,3.08,329,1.10
2024.099.07:47:00/wx/-1.37,556.3,37.1,3.42,324,1.10
2024.099.07:48:00/wx/-1.30,556.3,36.6,2.90,325,1.11
2024.099.07:49:00/wx/-0.99,556.3,35.7,3.63,328,1.11
2024.099.07:50:00/wx/-0.59,556.3,34.5,3.30,322,1.11
2024.099.07:51:00/wx/-0.55,556.3,34.1,3.46,327,1.11
2024.099.07:52:00/wx/-0.40,556.3,33.5,2.78,324,1.11
2024.099.07:53:00/wx/-0.40,556.2,33.6,2.95,325,1.11
2024.099.07:54:00/wx/-0.40,556.2,33.5,2.82,332,1.09
2024.099.07:55:00/wx/-0.40,556.3,33.3,2.99,325,1.11
2024.099.07:56:00/wx/-0.66,556.3,34.1,3.31,328,1.12
2024.099.07:57:00/wx/-0.76,556.2,34.4,3.19,336,1.10
2024.099.07:58:00/wx/-1.40,556.2,36.6,3.43,326,1.09
2024.099.07:59:00/wx/-1.02,556.2,35.2,2.92,332,1.09
2024.099.08:00:00/wx/-0.88,556.2,35.0,3.36,319,1.11
2024.099.08:01:00/wx/-1.30,556.2,36.2,2.38,315,1.11
2024.099.08:02:00/wx/-1.80,556.2,38.2,2.99,322,1.12
2024.099.08:03:00/wx/-1.40,556.2,36.9,2.55,333,1.11
2024.099.08:04:00/wx/-0.87,556.2,35.1,3.41,331,1.10
2024.099.08:05:00/wx/-0.55,556.2,33.9,3.66,318,1.10
2024.099.08:06:00/wx/-0.40,556.2,33.5,3.34,331,1.09
2024.099.08:07:00/wx/-0.30,556.2,33.2,3.14,327,1.08
2024.099.08:08:00/wx/-0.40,556.2,33.2,3.03,325,1.09
2024.099.08:09:00/wx/-0.38,556.2,33.1,2.80,319,1.08
2024.099.08:10:00/wx/-0.30,556.2,33.0,3.20,324,1.09
2024.099.08:11:00/wx/-0.30,556.2,33.1,3.16,320,1.09
2024.099.08:12:00/wx/-0.30,556.2,33.0,3.03,325,1.07
2024.099.08:13:00/wx/-0.40,556.2,33.1,2.99,322,1.06
2024.099.08:14:00/wx/-0.57,556.2,33.7,3.10,320,1.05
2024.099.08:15:00/wx/-0.73,556.2,34.3,2.88,324,1.05
2024.099.08:16:00/wx/-0.62,556.2,33.8,2.99,323,1.05
2024.099.08:17:00/wx/-0.40,556.2,33.2,2.73,322,1.04
2024.099.08:18:00/wx/-0.40,556.2,33.2,2.85,320,1.04
2024.099.08:19:00/wx/-0.46,556.2,33.4,2.81,319,1.02
2024.099.08:20:00/wx/-0.60,556.2,33.9,3.06,326,1.01
2024.099.08:21:00/wx/-1.39,556.2,35.7,2.92,320,1.02
2024.099.08:22:00/wx/-1.39,556.2,36.3,2.72,325,1.02
2024.099.08:23:00/wx/-1.52,556.2,36.6,2.65,300,1.03
2024.099.08:24:00/wx/-1.50,556.2,36.5,2.73,312,1.04
2024.099.08:25:00/wx/-1.57,556.2,36.7,2.62,321,1.04
2024.099.08:26:00/wx/-1.60,556.2,37.1,2.84,317,1.05
2024.099.08:27:00/wx/-1.82,556.2,37.6,2.53,326,1.03
2024.099.08:28:00/wx/-1.76,556.2,37.7,3.07,329,1.02
2024.099.08:29:00/wx/-1.20,556.2,35.9,2.92,325,1.03
2024.099.08:30:00/wx/-0.81,556.1,34.8,3.31,325,1.02
2024.099.08:31:00/wx/-0.80,556.2,34.4,3.33,335,1.02
2024.099.08:32:00/wx/-0.70,556.1,34.2,3.29,333,1.03
2024.099.08:33:00/wx/-0.60,556.1,33.9,3.29,334,1.03
2024.099.08:34:00/wx/-0.93,556.1,35.2,3.16,328,1.04
2024.099.08:35:00/wx/-0.90,556.1,35.0,2.96,337,1.03
2024.099.08:36:00/wx/-1.00,556.1,35.1,3.05,333,1.02
2024.099.08:37:00/wx/-0.77,556.1,34.7,3.35,334,1.01
2024.099.08:38:00/wx/-0.60,556.1,34.0,3.40,331,0.99
2024.099.08:39:00/wx/-0.50,556.1,33.7,3.85,337,1.00
2024.099.08:40:00/wx/-0.69,556.1,34.3,3.39,328,1.00
2024.099.08:41:00/wx/-0.70,556.1,34.4,3.51,333,0.98
2024.099.08:42:00/wx/-0.67,556.1,34.3,3.49,334,0.97
2024.099.08:43:00/wx/-0.70,556.1,34.3,3.54,333,0.97
2024.099.08:44:00/wx/-0.51,556.1,33.8,3.61,344,0.96
2024.099.08:45:00/wx/-0.50,556.1,33.7,3.73,337,0.96
2024.099.08:46:00/wx/-0.50,556.1,33.6,3.42,337,0.96
2024.099.08:47:00/wx/-0.46,556.1,33.7,3.26,340,0.95
2024.099.08:48:00/wx/-0.50,556.1,33.7,3.46,336,0.95
2024.099.08:49:00/wx/-0.69,556.1,34.4,3.07,336,0.95
2024.099.08:50:00/wx/-0.90,556.1,34.9,3.43,328,0.97
2024.099.08:51:00/wx/-0.70,556.1,34.3,3.41,333,0.97
2024.099.08:52:00/wx/-0.60,556.1,33.9,3.19,331,0.97
2024.099.08:53:00/wx/-0.60,556.1,34.0,3.33,332,0.96
2024.099.08:54:00/wx/-0.70,556.1,34.1,2.85,330,0.98
2024.099.08:55:00/wx/-1.00,556.1,35.0,3.53,332,0.97
2024.099.08:56:00/wx/-0.98,556.1,35.0,3.47,338,0.96
2024.099.08:57:00/wx/-0.80,556.1,34.5,3.50,332,0.96
2024.099.08:58:00/wx/-0.80,556.1,34.5,3.64,333,0.95
2024.099.08:59:00/wx/-0.70,556.1,34.1,3.74,332,0.95
2024.099.09:00:00/wx/-0.50,556.1,33.6,3.38,329,0.94
2024.099.09:01:00/wx/-0.54,556.1,33.4,3.47,327,0.93
2024.099.09:02:00/wx/-0.70,556.1,33.9,3.81,329,0.93
2024.099.09:03:00/wx/-0.60,556.1,33.6,3.64,319,0.93
2024.099.09:04:00/wx/-0.70,556.1,33.5,4.23,332,0.93
2024.099.09:05:00/wx/-0.70,556.1,33.5,3.98,334,0.93
2024.099.09:06:00/wx/-0.55,556.1,33.7,4.20,331,0.94
2024.099.09:07:00/wx/-0.40,556.1,33.1,4.23,337,0.93
2024.099.09:08:00/wx/-0.40,556.1,32.8,4.21,338,0.95
2024.099.09:09:00/wx/-0.40,556.1,33.0,4.43,339,0.95
2024.099.09:10:00/wx/-0.30,556.1,32.9,3.98,333,0.96
2024.099.09:11:00/wx/-0.30,556.1,32.7,3.63,337,0.95
2024.099.09:12:00/wx/-0.30,556.1,32.6,3.62,343,0.96
2024.099.09:13:00/wx/-0.40,556.1,32.5,3.95,329,0.94
2024.099.09:14:00/wx/-0.41,556.0,32.7,3.66,338,0.95
2024.099.09:15:00/wx/-0.60,556.0,33.3,3.83,333,0.93
2024.099.09:16:00/wx/-0.60,556.1,33.5,3.96,332,0.91
2024.099.09:17:00/wx/-0.60,556.0,33.3,3.60,340,0.91
2024.099.09:18:00/wx/-0.80,556.1,33.9,3.83,334,0.91
2024.099.09:19:00/wx/-0.60,556.0,33.7,3.45,340,0.91
2024.099.09:20:00/wx/-0.50,556.0,33.3,3.21,334,0.91
2024.099.09:21:00/wx/-0.66,556.0,33.6,3.35,332,0.93
2024.099.09:22:00/wx/-0.98,556.1,34.5,3.53,328,0.94
2024.099.09:23:00/wx/-1.01,556.1,34.8,3.13,324,0.93
2024.099.09:24:00/wx/-1.14,556.1,34.9,2.94,317,0.92
2024.099.09:25:00/wx/-1.30,556.1,35.1,3.99,337,0.91
2024.099.09:26:00/wx/-1.13,556.1,34.7,3.31,331,0.92
2024.099.09:27:00/wx/-1.00,556.1,34.3,3.43,330,0.94
2024.099.09:28:00/wx/-1.00,556.1,34.3,3.56,333,0.94
2024.099.09:29:00/wx/-0.90,556.1,33.9,4.42,327,0.94
2024.099.09:30:00/wx/-0.90,556.1,33.8,3.48,326,0.93
2024.099.09:31:00/wx/-0.71,556.1,33.4,3.09,329,0.94
2024.099.09:32:00/wx/-0.70,556.1,33.3,3.33,332,0.94
2024.099.09:33:00/wx/-1.10,556.1,33.8,4.41,328,0.93
2024.099.09:34:00/wx/-1.00,556.1,33.2,3.73,329,0.93
2024.099.09:35:00/wx/-0.94,556.1,33.8,4.05,338,0.92
2024.099.09:36:00/wx/-0.61,556.1,33.2,3.62,333,0.92
2024.099.09:37:00/wx/-0.70,556.1,33.2,4.04,323,0.93
2024.099.09:38:00/wx/-1.00,556.1,33.4,3.87,330,0.92
2024.099.09:39:00/wx/-1.15,556.1,33.7,4.75,334,0.91
2024.099.09:40:00/wx/-0.91,556.1,32.9,4.38,333,0.91
2024.099.09:41:00/wx/-0.50,556.1,31.9,4.46,337,0.90
2024.099.09:42:00/wx/-0.50,556.1,30.8,3.29,340,0.91
2024.099.09:43:00/wx/-0.60,556.1,32.5,4.05,333,0.91
2024.099.09:44:00/wx/-0.80,556.1,32.8,3.74,326,0.89
2024.099.09:45:00/wx/-0.70,556.1,32.3,4.06,332,0.91
2024.099.09:46:00/wx/-0.60,556.1,32.5,4.63,343,0.93
2024.099.09:47:00/wx/-0.50,556.1,31.9,4.26,340,0.93
2024.099.09:48:00/wx/-0.96,556.1,33.3,4.49,338,0.92
2024.099.09:49:00/wx/-0.63,556.1,32.3,4.32,340,0.92
2024.099.09:50:00/wx/-0.60,556.1,32.3,4.25,335,0.91
2024.099.09:51:00/wx/-0.71,556.1,32.5,4.13,334,0.90
2024.099.09:52:00/wx/-0.81,556.1,32.4,4.34,334,0.90
2024.099.09:53:00/wx/-0.97,556.1,32.8,4.54,338,0.91
2024.099.09:54:00/wx/-0.70,556.2,32.0,4.72,334,0.91
2024.099.09:55:00/wx/-0.61,556.2,31.6,3.91,341,0.90
2024.099.09:56:00/wx/-1.03,556.1,33.1,4.27,326,0.91
2024.099.09:57:00/wx/-1.34,556.2,34.1,4.40,332,0.93
2024.099.09:58:00/wx/-1.70,556.2,35.0,4.59,337,0.92
2024.099.09:59:00/wx/-1.94,556.2,36.1,4.68,334,0.92
2024.099.10:00:00/wx/-1.31,556.2,34.2,4.53,329,0.92
2024.099.10:01:00/wx/-1.83,556.2,35.0,4.27,337,0.91
2024.099.10:02:00/wx/-1.96,556.2,36.2,4.57,343,0.92
2024.099.10:03:00/wx/-1.38,556.2,33.9,5.14,342,0.91
2024.099.10:04:00/wx/-1.10,556.2,33.6,4.43,337,0.91
2024.099.10:05:00/wx/-1.90,556.2,35.9,4.73,334,0.90
2024.099.10:06:00/wx/-1.57,556.2,34.2,4.78,339,0.88
2024.099.10:07:00/wx/-1.44,556.2,33.2,4.91,339,0.88
2024.099.10:08:00/wx/-1.41,556.2,33.2,4.91,339,0.88
2024.099.10:09:00/wx/-1.41,556.2,33.0,5.13,337,0.88
2024.099.10:10:00/wx/-0.99,556.2,32.4,5.12,345,0.88
2024.099.10:11:00/wx/-0.69,556.2,31.8,4.97,345,0.87
2024.099.10:12:00/wx/-1.05,556.2,32.6,5.39,344,0.85
2024.099.10:13:00/wx/-0.73,556.2,32.0,4.72,339,0.84
2024.099.10:14:00/wx/-0.80,556.2,31.7,5.03,343,0.85
2024.099.10:15:00/wx/-0.61,556.2,30.8,4.73,345,0.85
2024.099.10:16:00/wx/-1.09,556.3,32.1,4.36,339,0.83
2024.099.10:17:00/wx/-1.09,556.3,32.2,4.95,340,0.85
2024.099.10:18:00/wx/-1.01,556.2,31.8,4.79,344,0.83
2024.099.10:19:00/wx/-1.00,556.3,31.3,4.93,339,0.83
2024.099.10:20:00/wx/-0.89,556.3,30.8,4.78,339,0.83
2024.099.10:21:00/wx/-0.70,556.3,30.4,4.62,335,0.85
2024.099.10:22:00/wx/-0.69,556.3,30.3,4.77,339,0.84
2024.099.10:23:00/wx/-0.91,556.3,30.3,4.86,339,0.83
2024.099.10:24:00/wx/-0.80,556.3,29.9,4.93,344,0.83
2024.099.10:25:00/wx/-0.77,556.3,29.9,4.90,343,0.83
2024.099.10:26:00/wx/-0.60,556.3,29.4,4.52,346,0.83
2024.099.10:27:00/wx/-0.60,556.2,29.7,4.88,344,0.82
2024.099.10:28:00/wx/-0.80,556.3,30.4,4.63,343,0.82
2024.099.10:29:00/wx/-1.12,556.3,31.2,4.85,344,0.81
2024.099.10:30:00/wx/-0.96,556.3,30.9,4.48,346,0.80
2024.099.10:31:00/wx/-0.70,556.3,30.5,4.00,344,0.80
2024.099.10:32:00/wx/-0.70,556.2,30.7,4.33,348,0.79
2024.099.10:33:00/wx/-0.72,556.2,30.9,4.36,344,0.77
2024.099.10:34:00/wx/-0.80,556.3,31.1,4.63,343,0.77
2024.099.10:35:00/wx/-0.80,556.2,31.4,3.94,346,0.77
2024.099.10:36:00/wx/-1.00,556.2,31.6,4.05,342,0.77
2024.099.10:37:00/wx/-1.00,556.3,31.6,4.07,337,0.76
2024.099.10:38:00/wx/-1.00,556.2,31.7,4.35,335,0.77
2024.099.10:39:00/wx/-0.80,556.3,30.8,4.39,341,0.74
2024.099.10:40:00/wx/-0.72,556.3,30.8,3.84,340,0.75
2024.099.10:41:00/wx/-0.90,556.3,30.9,4.13,334,0.74
2024.099.10:42:00/wx/-1.28,556.3,31.8,4.22,335,0.73
2024.099.10:43:00/wx/-1.00,556.3,31.1,4.42,338,0.72
2024.099.10:44:00/wx/-1.00,556.3,30.5,4.27,340,0.71
2024.099.10:45:00/wx/-0.89,556.3,31.1,4.28,336,0.70
2024.099.10:46:00/wx/-1.20,556.2,31.0,4.32,341,0.68
2024.099.10:47:00/wx/-1.50,556.2,31.6,4.33,330,0.69
2024.099.10:48:00/wx/-1.40,556.2,31.6,4.54,339,0.69
2024.099.10:49:00/wx/-1.23,556.3,30.9,4.65,342,0.70
2024.099.10:50:00/wx/-1.01,556.3,30.7,4.64,345,0.71
2024.099.10:51:00/wx/-0.70,556.2,30.6,4.54,341,0.70
2024.099.10:52:00/wx/-0.70,556.3,30.3,4.50,338,0.68
2024.099.10:53:00/wx/-0.87,556.3,30.0,4.14,335,0.68
2024.099.10:54:00/wx/-1.01,556.3,29.3,4.76,341,0.67
2024.099.10:55:00/wx/-0.80,556.3,28.9,4.33,344,0.66
2024.099.10:56:00/wx/-0.90,556.3,29.2,4.21,338,0.65
2024.099.10:57:00/wx/-0.76,556.3,28.1,4.16,338,0.65
2024.099.10:58:00/wx/-0.94,556.3,29.2,4.80,339,0.65
2024.099.10:59:00/wx/-0.70,556.3,28.2,4.93,341,0.64
2024.099.11:00:00/wx/-0.99,556.3,28.7,4.62,340,0.64
2024.099.11:01:00/wx/-0.77,556.3,27.4,5.42,343,0.64
2024.099.11:02:00/wx/-1.17,556.3,29.7,4.68,335,0.63
2024.099.11:03:00/wx/-0.90,556.3,29.3,5.05,336,0.64
2024.099.11:04:00/wx/-0.80,556.3,28.6,5.02,336,0.64
2024.099.11:05:00/wx/-0.59,556.3,27.1,4.38,333,0.64
2024.099.11:06:00/wx/-0.70,556.3,28.3,5.01,340,0.65
2024.099.11:07:00/wx/-0.39,556.3,28.7,4.55,336,0.65
2024.099.11:08:00/wx/-0.39,556.3,27.8,4.42,334,0.63
2024.099.11:09:00/wx/-0.40,556.3,27.5,4.83,344,0.63
2024.099.11:10:00/wx/-0.50,556.3,27.8,4.94,341,0.64
2024.099.11:11:00/wx/-0.46,556.3,28.3,4.45,339,0.64
2024.099.11:12:00/wx/-0.50,556.3,28.3,4.53,343,0.64
2024.099.11:13:00/wx/-0.30,556.3,27.3,4.83,341,0.62
2024.099.11:14:00/wx/-0.30,556.3,27.3,3.93,342,0.62
2024.099.11:15:00/wx/-0.58,556.3,27.0,4.23,340,0.62
2024.099.11:16:00/wx/-0.76,556.3,27.6,4.63,332,0.62
2024.099.11:17:00/wx/-0.62,556.3,26.7,4.63,337,0.62
2024.099.11:18:00/wx/-0.70,556.4,26.0,4.74,339,0.63
2024.099.11:19:00/wx/-0.80,556.3,26.3,4.54,336,0.62
2024.099.11:20:00/wx/-0.66,556.3,25.6,4.35,335,0.62
2024.099.11:21:00/wx/-0.50,556.3,25.0,4.66,341,0.62
2024.099.11:22:00/wx/-0.49,556.3,24.6,4.31,337,0.62
2024.099.11:23:00/wx/-0.50,556.3,25.2,4.43,338,0.62
2024.099.11:24:00/wx/-0.60,556.4,25.3,4.42,333,0.61
2024.099.11:25:00/wx/-0.70,556.4,24.9,4.28,333,0.61
2024.099.11:26:00/wx/-0.63,556.4,24.6,4.18,336,0.61
2024.099.11:27:00/wx/-0.60,556.4,24.5,4.15,332,0.60
2024.099.11:28:00/wx/-0.50,556.4,24.8,4.24,336,0.60
2024.099.11:29:00/wx/-0.37,556.4,24.6,4.69,342,0.59
2024.099.11:30:00/wx/-0.45,556.4,24.5,4.60,341,0.59
2024.099.11:31:00/wx/-0.51,556.4,24.3,4.43,339,0.59
2024.099.11:32:00/wx/-0.40,556.4,23.8,4.53,340,0.59
2024.099.11:33:00/wx/-0.40,556.4,23.7,4.75,344,0.60
2024.099.11:34:00/wx/-0.61,556.4,24.5,4.55,335,0.59
2024.099.11:35:00/wx/-0.64,556.4,24.7,4.59,342,0.58
2024.099.11:36:00/wx/-0.90,556.4,25.2,4.69,340,0.58
2024.099.11:37:00/wx/-0.60,556.4,24.7,4.43,338,0.59
2024.099.11:38:00/wx/-0.50,556.4,24.4,4.55,338,0.59
2024.099.11:39:00/wx/-0.61,556.4,25.3,4.30,338,0.59
2024.099.11:40:00/wx/-0.64,556.4,25.1,4.08,340,0.59
2024.099.11:41:00/wx/-0.70,556.4,24.9,4.04,335,0.60
2024.099.11:42:00/wx/-0.61,556.4,25.6,3.75,336,0.59
2024.099.11:43:00/wx/-0.69,556.4,25.9,4.45,337,0.59
2024.099.11:44:00/wx/-1.01,556.4,27.7,4.43,335,0.59
2024.099.11:45:00/wx/-0.92,556.5,26.5,4.01,338,0.59
2024.099.11:46:00/wx/-0.60,556.5,25.2,4.73,334,0.59
2024.099.11:47:00/wx/-0.72,556.5,26.1,4.15,339,0.59
2024.099.11:48:00/wx/-0.59,556.5,25.2,4.74,339,0.59
2024.099.11:49:00/wx/-0.55,556.5,25.0,4.53,332,0.60
2024.099.11:50:00/wx/-0.67,556.5,26.0,4.48,339,0.59
2024.099.11:51:00/wx/-0.61,556.5,25.6,4.52,332,0.60
2024.099.11:52:00/wx/-0.50,556.5,24.2,4.62,332,0.60
2024.099.11:53:00/wx/-0.56,556.5,25.2,4.17,331,0.60
2024.099.11:54:00/wx/-0.54,556.5,24.5,4.66,337,0.60
2024.099.11:55:00/wx/-0.60,556.5,25.4,4.42,336,0.60
2024.099.11:56:00/wx/-0.50,556.5,24.7,4.13,330,0.60
2024.099.11:57:00/wx/-0.50,556.5,24.9,4.38,338,0.59
2024.099.11:58:00/wx/-0.50,556.5,25.1,4.51,332,0.58
2024.099.11:59:00/wx/-0.47,556.5,25.1,4.30,340,0.58
2024.099.12:00:00/wx/-0.78,556.5,29.5,4.21,332,0.58
2024.099.12:01:00/wx/-0.79,556.6,28.2,4.74,334,0.57
2024.099.12:02:00/wx/-0.73,556.6,27.3,4.13,328,0.57
2024.099.12:03:00/wx/-1.11,556.5,29.2,4.86,337,0.57
2024.099.12:04:00/wx/-0.83,556.6,27.0,4.98,340,0.57
2024.099.12:05:00/wx/-0.70,556.6,28.5,4.83,332,0.56
2024.099.12:06:00/wx/-0.50,556.6,27.8,4.87,342,0.56
2024.099.12:07:00/wx/-0.54,556.6,25.9,4.70,336,0.56
2024.099.12:08:00/wx/-0.54,556.6,26.5,4.73,339,0.57
2024.099.12:09:00/wx/-0.71,556.6,30.9,4.49,332,0.56
2024.099.12:10:00/wx/-0.60,556.6,27.5,4.53,334,0.56
2024.099.12:11:00/wx/-0.70,556.6,29.9,4.15,332,0.55
2024.099.12:12:00/wx/-0.94,556.6,31.3,4.51,336,0.55
2024.099.12:13:00/wx/-0.84,556.6,29.2,4.92,335,0.55
2024.099.12:14:00/wx/-0.50,556.6,26.6,4.60,333,0.56
2024.099.12:15:00/wx/-0.50,556.6,27.7,5.07,344,0.56
2024.099.12:16:00/wx/-0.40,556.7,26.8,4.53,341,0.56
2024.099.12:17:00/wx/-0.60,556.7,28.6,4.86,340,0.55
2024.099.12:18:00/wx/-0.60,556.7,27.1,4.40,342,0.55
2024.099.12:19:00/wx/-0.60,556.7,28.9,4.44,337,0.55
2024.099.12:20:00/wx/-0.60,556.7,29.7,4.44,338,0.55
2024.099.12:21:00/wx/-0.60,556.7,30.7,4.41,336,0.55
2024.099.12:22:00/wx/-0.60,556.7,33.9,4.24,343,0.56
2024.099.12:23:00/wx/-0.40,556.7,28.5,5.35,342,0.56
2024.099.12:24:00/wx/-0.20,556.7,26.5,5.03,338,0.54
2024.099.12:25:00/wx/-0.10,556.7,27.0,5.10,330,0.54
2024.099.12:26:00/wx/0.00,556.7,27.3,4.72,341,0.52
2024.099.12:27:00/wx/0.10,556.7,26.1,5.44,338,0.52
2024.099.12:28:00/wx/0.01,556.7,25.2,5.38,334,0.53
2024.099.12:29:00/wx/0.20,556.7,24.3,4.83,336,0.53
2024.099.12:30:00/wx/0.10,556.7,26.7,5.08,334,0.53
2024.099.12:31:00/wx/0.14,556.7,28.0,4.57,343,0.53
2024.099.12:32:00/wx/0.30,556.7,27.1,4.57,332,0.52
2024.099.12:33:00/wx/0.30,556.7,27.3,4.86,344,0.52
2024.099.12:34:00/wx/0.40,556.8,26.3,5.20,324,0.53
2024.099.12:35:00/wx/0.30,556.8,26.9,4.63,345,0.53
2024.099.12:36:00/wx/0.40,556.7,27.5,4.93,336,0.52
2024.099.12:37:00/wx/0.40,556.8,29.6,4.26,337,0.52
2024.099.12:38:00/wx/0.50,556.8,26.6,4.83,343,0.51
2024.099.12:39:00/wx/0.60,556.8,27.5,4.61,337,0.53
2024.099.12:40:00/wx/0.60,556.8,23.7,4.73,341,0.52
2024.099.12:41:00/wx/0.67,556.8,25.7,4.39,330,0.53
2024.099.12:42:00/wx/0.70,556.8,26.3,5.06,341,0.52
2024.099.12:43:00/wx/0.60,556.8,23.7,5.63,332,0.54
2024.099.12:44:00/wx/0.59,556.8,21.9,4.78,328,0.50
2024.099.12:45:00/wx/0.60,556.8,24.8,4.37,327,0.52
2024.099.12:46:00/wx/0.60,556.8,24.1,4.19,319,0.52
2024.099.12:47:00/wx/0.60,556.8,24.6,4.54,323,0.52
2024.099.12:48:00/wx/0.70,556.9,28.2,3.57,316,0.51
2024.099.12:49:00/wx/0.80,556.9,25.0,4.80,315,0.50
2024.099.12:50:00/wx/0.85,556.9,23.4,4.85,306,0.53
2024.099.12:51:00/wx/1.00,556.9,25.6,4.89,332,0.52
2024.099.12:52:00/wx/1.00,556.9,23.9,4.64,311,0.50
2024.099.12:53:00/wx/1.10,556.9,25.5,5.01,337,0.50
2024.099.12:54:00/wx/1.10,556.8,20.6,4.04,304,0.51
2024.099.12:55:00/wx/1.04,556.9,20.8,4.43,318,0.52
2024.099.12:56:00/wx/1.10,556.9,24.8,5.00,312,0.53
2024.099.12:57:00/wx/1.20,556.9,26.4,4.93,322,0.52
2024.099.12:58:00/wx/1.20,556.9,21.4,5.05,320,0.50
2024.099.12:59:00/wx/1.20,556.9,20.8,4.58,318,0.52
2024.099.13:00:00/wx/1.30,556.9,21.2,5.37,322,0.50
2024.099.13:01:00/wx/1.39,556.8,24.5,5.12,312,0.50
2024.099.13:02:00/wx/1.40,556.9,23.4,5.23,303,0.48
2024.099.13:03:00/wx/1.29,556.9,20.4,5.72,306,0.47
2024.099.13:04:00/wx/1.30,556.9,20.2,5.72,304,0.52
2024.099.13:05:00/wx/1.37,556.9,21.8,5.07,307,0.49
2024.099.13:06:00/wx/1.50,556.9,24.0,5.08,316,0.53
2024.099.13:07:00/wx/1.60,556.9,23.6,6.33,315,0.53
2024.099.13:08:00/wx/1.60,556.9,24.0,5.91,304,0.52
2024.099.13:09:00/wx/1.50,556.9,22.6,6.27,311,0.47
2024.099.13:10:00/wx/1.40,556.9,19.5,6.54,309,0.50
2024.099.13:11:00/wx/1.50,556.9,19.8,5.65,309,0.48
2024.099.13:12:00/wx/1.71,556.9,22.7,6.24,303,0.50
2024.099.13:13:00/wx/1.88,556.9,21.4,6.49,307,0.51
2024.099.13:14:00/wx/1.54,556.9,18.3,6.41,312,0.50
2024.099.13:15:00/wx/1.60,556.9,19.5,4.56,299,0.49
2024.099.13:16:00/wx/2.00,556.9,22.8,6.33,301,0.50
2024.099.13:17:00/wx/1.88,556.9,19.7,7.55,307,0.46
2024.099.13:18:00/wx/1.67,556.9,19.6,6.88,311,0.51
2024.099.13:19:00/wx/1.81,556.9,22.9,6.53,306,0.52
2024.099.13:20:00/wx/1.70,556.9,20.3,7.35,312,0.50
2024.099.13:21:00/wx/1.50,556.9,20.2,6.64,304,0.48
2024.099.13:22:00/wx/1.49,556.9,20.6,7.09,309,0.51
2024.099.13:23:00/wx/1.60,556.9,19.8,7.06,306,0.50
2024.099.13:24:00/wx/1.61,556.9,19.7,7.92,293,0.51
2024.099.13:25:00/wx/1.50,556.9,19.9,5.41,293,0.47
2024.099.13:26:00/wx/1.53,557.0,19.9,5.74,299,0.54
2024.099.13:27:00/wx/1.65,556.9,21.7,6.18,313,0.59
2024.099.13:28:00/wx/1.51,556.9,21.2,5.14,325,0.56
2024.099.13:29:00/wx/1.80,557.0,24.3,5.67,306,0.54
2024.099.13:30:00/wx/2.01,557.0,26.0,5.36,303,0.55
2024.099.13:31:00/wx/1.85,557.0,22.2,7.02,308,0.55
2024.099.13:32:00/wx/1.90,557.0,23.8,4.78,304,0.58
2024.099.13:33:00/wx/1.92,557.0,23.0,6.20,290,0.51
2024.099.13:34:00/wx/1.90,557.0,25.0,6.13,290,0.56
2024.099.13:35:00/wx/1.68,557.0,22.1,6.53,289,0.62
2024.099.13:36:00/wx/1.70,557.0,23.3,5.90,293,0.53
2024.099.13:37:00/wx/1.63,557.0,23.1,6.90,299,0.50
2024.099.13:38:00/wx/1.70,557.0,23.5,5.66,291,0.53
2024.099.13:39:00/wx/1.80,557.0,26.3,5.83,300,0.50
2024.099.13:40:00/wx/1.49,557.0,21.5,5.88,303,0.55
2024.099.13:41:00/wx/1.92,557.0,26.6,6.99,292,0.60
2024.099.13:42:00/wx/1.62,557.0,22.1,6.99,303,0.59
2024.099.13:43:00/wx/1.91,557.1,24.3,6.83,294,0.54
2024.099.13:44:00/wx/1.60,557.0,23.4,6.35,289,0.58
2024.099.13:45:00/wx/1.91,557.0,25.9,5.88,297,0.68
2024.099.13:46:00/wx/1.94,557.0,24.0,7.97,300,0.62
2024.099.13:47:00/wx/2.08,557.0,25.3,7.16,310,0.61
2024.099.13:48:00/wx/1.90,557.1,24.6,7.13,313,0.62
2024.099.13:49:00/wx/1.71,557.1,24.9,5.99,307,0.67
2024.099.13:50:00/wx/1.80,557.0,25.0,7.07,293,0.70
2024.099.13:51:00/wx/1.70,557.1,25.2,5.68,289,0.72
2024.099.13:52:00/wx/1.60,557.1,25.1,5.98,298,0.71
2024.099.13:53:00/wx/1.99,557.1,29.4,6.42,281,0.65
2024.099.13:54:00/wx/1.60,557.0,24.6,5.64,294,0.65
2024.099.13:55:00/wx/1.90,557.1,26.6,7.02,281,0.52
2024.099.13:56:00/wx/1.80,557.1,25.0,6.04,307,0.59
2024.099.13:57:00/wx/1.80,557.1,23.1,6.32,298,0.61
2024.099.13:58:00/wx/1.70,557.1,24.4,7.65,293,0.62
2024.099.13:59:00/wx/1.54,557.1,24.0,5.59,305,0.63
2024.099.14:00:00/wx/1.80,557.1,25.8,5.22,303,0.80
2024.099.14:01:00/wx/2.22,557.1,27.9,5.62,285,0.82
2024.099.14:02:00/wx/1.80,557.1,23.6,3.93,281,0.75
2024.099.14:03:00/wx/1.80,557.2,26.3,5.01,313,0.75
2024.099.14:04:00/wx/1.76,557.1,25.4,5.51,307,0.76
2024.099.14:05:00/wx/1.69,557.1,26.3,5.82,318,0.80
2024.099.14:06:00/wx/1.90,557.1,28.2,4.78,317,0.76
2024.099.14:07:00/wx/2.00,557.2,28.4,6.28,297,0.68
2024.099.14:08:00/wx/2.55,557.2,31.3,6.00,299,0.60
2024.099.14:09:00/wx/2.56,557.2,25.9,5.90,292,0.69
2024.099.14:10:00/wx/2.30,557.1,24.5,4.87,288,0.69
2024.099.14:11:00/wx/2.39,557.1,26.2,4.66,280,0.70
2024.099.14:12:00/wx/2.69,557.1,27.6,5.88,280,0.72
2024.099.14:13:00/wx/2.51,557.2,27.3,5.15,278,0.74
2024.099.14:14:00/wx/2.19,557.2,24.4,5.37,277,0.76
2024.099.14:15:00/wx/2.10,557.1,24.6,4.95,289,0.80
2024.099.14:16:00/wx/2.30,557.2,27.8,5.63,285,0.80
2024.099.14:17:00/wx/2.18,557.1,25.6,7.07,310,0.73
2024.099.14:18:00/wx/1.94,557.2,25.3,7.14,306,0.71
2024.099.14:19:00/wx/1.90,557.1,24.5,6.00,308,0.73
2024.099.14:20:00/wx/1.90,557.1,26.6,4.96,266,0.63
2024.099.14:21:00/wx/1.80,557.1,27.9,5.01,296,0.67
2024.099.14:22:00/wx/1.97,557.1,24.2,5.50,298,0.71
2024.099.14:23:00/wx/2.20,557.1,27.8,6.65,309,0.63
2024.099.14:24:00/wx/2.30,557.2,27.9,6.20,289,0.73
2024.099.14:25:00/wx/2.21,557.1,25.5,7.15,299,0.76
2024.099.14:26:00/wx/1.89,557.2,24.9,6.03,296,0.71
2024.099.14:27:00/wx/2.04,557.2,27.2,6.16,309,0.65
2024.099.14:28:00/wx/2.68,557.2,30.3,7.03,284,0.79
2024.099.14:29:00/wx/2.42,557.2,25.4,6.40,296,0.80
2024.099.14:30:00/wx/2.50,557.2,26.3,6.35,287,0.60
2024.099.14:31:00/wx/2.18,557.2,25.2,5.95,283,0.66
2024.099.14:32:00/wx/2.10,557.2,25.8,5.84,301,0.62
2024.099.14:33:00/wx/2.30,557.2,26.4,4.86,288,0.75
2024.099.14:34:00/wx/2.53,557.2,25.7,6.65,285,0.66
2024.099.14:35:00/wx/2.50,557.2,25.7,5.63,287,0.64
2024.099.14:36:00/wx/2.39,557.2,25.4,5.93,309,0.78
2024.099.14:37:00/wx/2.34,557.2,24.9,5.50,286,0.76
2024.099.14:38:00/wx/2.56,557.2,27.6,6.22,314,0.76
2024.099.14:39:00/wx/2.58,557.2,24.7,6.31,286,0.70
2024.099.14:40:00/wx/2.79,557.2,20.5,6.29,284,0.60
2024.099.14:41:00/wx/2.47,557.2,19.3,5.51,284,0.63
2024.099.14:42:00/wx/2.66,557.2,24.6,7.18,301,0.67
2024.099.14:43:00/wx/2.40,557.2,22.3,5.04,289,0.68
2024.099.14:44:00/wx/2.29,557.2,23.6,6.51,304,0.91
2024.099.14:45:00/wx/2.70,557.2,27.1,7.51,313,0.74
2024.099.14:46:00/wx/2.81,557.2,25.3,5.74,291,0.64
2024.099.14:47:00/wx/2.43,557.2,20.4,7.19,284,0.62
2024.099.14:48:00/wx/2.70,557.2,23.0,6.48,283,0.65
2024.099.14:49:00/wx/2.50,557.1,22.7,6.93,285,0.70
2024.099.14:50:00/wx/2.34,557.2,20.5,8.31,282,0.77
2024.099.14:51:00/wx/2.66,557.2,26.0,7.55,276,0.90
2024.099.14:52:00/wx/2.30,557.2,24.8,5.83,278,0.92
2024.099.14:53:00/wx/2.08,557.2,24.3,6.80,288,0.71
2024.099.14:54:00/wx/2.30,557.2,24.8,6.13,282,0.87
2024.099.14:55:00/wx/2.08,557.2,23.7,5.88,298,0.77
2024.099.14:56:00/wx/2.44,557.1,26.8,6.91,282,0.76
2024.099.14:57:00/wx/2.38,557.1,22.1,6.10,285,0.76
2024.099.14:58:00/wx/2.92,557.2,23.9,7.19,272,0.70
2024.099.14:59:00/wx/2.40,557.1,22.8,6.93,274,0.85
2024.099.15:00:00/wx/2.68,557.2,21.5,8.62,287,0.94
2024.099.15:01:00/wx/2.57,557.2,20.9,7.31,285,0.66
2024.099.15:02:00/wx/2.30,557.2,20.7,6.32,293,0.71
2024.099.15:03:00/wx/2.19,557.2,21.8,5.33,296,0.69
2024.099.15:04:00/wx/2.59,557.2,24.2,5.72,266,0.74
2024.099.15:05:00/wx/2.40,557.2,24.5,7.98,280,0.79
2024.099.15:06:00/wx/2.44,557.2,23.3,7.88,288,0.86
2024.099.15:07:00/wx/2.32,557.2,22.4,7.06,292,0.82
2024.099.15:08:00/wx/2.70,557.2,25.3,7.82,298,0.94
2024.099.15:09:00/wx/2.72,557.2,24.8,6.76,290,0.86
2024.099.15:10:00/wx/2.49,557.1,20.0,4.76,283,0.73
2024.099.15:11:00/wx/2.82,557.1,26.7,6.74,306,0.78
2024.099.15:12:00/wx/2.87,557.1,25.2,6.93,288,0.78
2024.099.15:13:00/wx/2.70,557.1,22.2,7.33,297,0.71
2024.099.15:14:00/wx/3.09,557.1,27.7,5.76,259,0.77
2024.099.15:15:00/wx/2.67,557.2,24.9,7.06,285,0.84
2024.099.15:16:00/wx/2.14,557.1,21.7,6.24,300,0.88
2024.099.15:17:00/wx/2.39,557.1,23.9,8.10,300,0.78
2024.099.15:18:00/wx/2.49,557.1,24.3,4.50,273,0.79
2024.099.15:19:00/wx/2.90,557.2,26.3,7.54,300,0.83
2024.099.15:20:00/wx/3.11,557.1,26.5,5.98,274,0.73
2024.099.15:21:00/wx/2.98,557.1,21.8,9.30,295,0.79
2024.099.15:22:00/wx/2.99,557.2,26.7,7.57,298,0.77
2024.099.15:23:00/wx/3.00,557.1,26.6,5.05,256,0.93
2024.099.15:24:00/wx/2.60,557.2,23.9,6.33,259,0.75
2024.099.15:25:00/wx/2.89,557.2,23.1,9.13,285,0.76
2024.099.15:26:00/wx/2.48,557.2,19.2,7.00,280,0.67
2024.099.15:27:00/wx/2.40,557.1,21.6,4.93,263,0.69
2024.099.15:28:00/wx/2.93,557.2,28.1,4.90,274,0.78
2024.099.15:29:00/wx/2.74,557.2,28.2,4.52,270,0.99
2024.099.15:30:00/wx/2.42,557.2,24.2,5.93,272,1.12
2024.099.15:31:00/wx/2.21,557.2,23.9,5.94,269,0.88
2024.099.15:32:00/wx/2.20,557.1,24.8,6.06,277,0.76
2024.099.15:33:00/wx/2.38,557.1,24.2,6.67,278,0.91
2024.099.15:34:00/wx/2.74,557.1,25.5,6.29,270,0.85
2024.099.15:35:00/wx/2.70,557.1,22.8,8.41,277,0.68
2024.099.15:36:00/wx/2.11,557.1,23.2,6.63,271,0.68
2024.099.15:37:00/wx/1.90,557.1,22.7,5.93,269,0.58
2024.099.15:38:00/wx/2.09,557.1,23.6,5.23,268,0.83
2024.099.15:39:00/wx/2.76,557.1,27.1,5.06,286,0.81
2024.099.15:40:00/wx/2.82,557.1,22.6,7.43,286,0.96
2024.099.15:41:00/wx/2.90,557.1,23.3,8.53,287,0.92
2024.099.15:42:00/wx/2.77,557.1,21.8,8.49,283,0.73
2024.099.15:43:00/wx/2.68,557.1,22.0,5.05,281,0.96
2024.099.15:44:00/wx/3.04,557.1,22.0,8.56,297,0.82
2024.099.15:45:00/wx/2.97,557.1,21.4,6.87,295,0.78
2024.099.15:46:00/wx/2.80,557.1,21.1,7.83,287,0.82
2024.099.15:47:00/wx/3.31,557.1,28.9,6.22,253,0.76
2024.099.15:48:00/wx/2.90,557.1,24.7,6.56,274,0.69
2024.099.15:49:00/wx/2.22,557.1,23.1,6.88,257,0.74
2024.099.15:50:00/wx/2.20,557.0,22.3,4.94,274,0.86
2024.099.15:51:00/wx/2.69,557.1,23.6,8.03,304,0.92
2024.099.15:52:00/wx/2.66,557.1,22.2,7.95,298,0.81
2024.099.15:53:00/wx/2.92,557.1,24.0,8.03,285,0.70
2024.099.15:54:00/wx/3.19,557.1,24.9,7.31,298,0.70
2024.099.15:55:00/wx/3.11,557.1,24.7,7.22,294,0.75
2024.099.15:56:00/wx/3.08,557.1,26.2,5.90,268,0.69
2024.099.15:57:00/wx/2.52,557.1,26.0,8.75,250,0.71
2024.099.15:58:00/wx/2.59,557.1,25.0,8.77,279,0.69
2024.099.15:59:00/wx/2.42,557.2,23.8,7.66,270,0.79
2024.099.16:00:00/wx/2.00,557.1,23.6,5.83,288,0.91
2024.099.16:01:00/wx/2.33,557.1,25.4,5.23,258,0.72
2024.099.16:02:00/wx/2.78,557.1,23.0,10.26,280,0.78
2024.099.16:03:00/wx/2.62,557.1,19.7,6.17,272,0.76
2024.099.16:04:00/wx/2.30,557.1,19.0,6.60,296,0.84
2024.099.16:05:00/wx/2.61,557.1,21.8,6.90,309,0.88
2024.099.16:06:00/wx/2.72,557.1,22.6,6.36,296,1.13
2024.099.16:07:00/wx/2.75,557.1,23.0,7.69,278,0.70
2024.099.16:08:00/wx/3.05,557.1,30.0,8.96,280,0.64
2024.099.16:09:00/wx/2.90,557.1,23.8,8.21,293,0.80
2024.099.16:10:00/wx/2.49,557.1,20.0,8.22,290,0.76
2024.099.16:11:00/wx/2.20,557.1,22.2,9.15,289,0.87
2024.099.16:12:00/wx/2.56,557.1,24.4,6.80,289,0.87
2024.099.16:13:00/wx/2.42,557.0,23.5,5.07,283,0.96
2024.099.16:14:00/wx/2.60,557.1,26.9,6.23,274,0.73
2024.099.16:15:00/wx/2.48,557.1,26.1,6.50,279,0.75
2024.099.16:16:00/wx/2.60,557.1,25.4,4.88,275,0.83
2024.099.16:17:00/wx/2.69,557.1,25.8,10.18,279,0.77
2024.099.16:18:00/wx/2.38,557.1,21.2,7.53,285,0.69
2024.099.16:19:00/wx/2.69,557.1,23.4,4.60,260,0.75
2024.099.16:20:00/wx/2.50,557.1,21.8,8.31,300,0.72
2024.099.16:21:00/wx/2.84,557.1,22.9,9.21,290,0.74
2024.099.16:22:00/wx/2.60,557.1,22.5,7.09,295,0.89
2024.099.16:23:00/wx/2.50,557.0,24.4,6.55,299,1.04
2024.099.16:24:00/wx/2.51,557.0,24.3,9.18,287,1.28
2024.099.16:25:00/wx/2.69,557.0,22.0,7.74,281,0.74
2024.099.16:26:00/wx/3.50,557.1,25.7,10.35,293,0.84
2024.099.16:27:00/wx/3.41,557.1,24.1,9.24,290,0.80
2024.099.16:28:00/wx/3.00,557.1,24.0,7.43,283,0.96
2024.099.16:29:00/wx/2.47,557.1,23.0,9.16,295,0.90
2024.099.16:30:00/wx/2.54,557.1,23.9,8.49,297,0.83
2024.099.16:31:00/wx/2.80,557.1,23.1,6.71,300,1.16
2024.099.16:32:00/wx/2.80,557.1,24.9,3.74,273,1.01
2024.099.16:33:00/wx/2.78,557.1,23.0,8.03,262,0.57
2024.099.16:34:00/wx/2.77,557.1,23.2,8.27,279,0.78
2024.099.16:35:00/wx/2.15,557.1,21.5,6.66,264,0.90
2024.099.16:36:00/wx/2.09,557.1,24.3,6.72,278,0.87
2024.099.16:37:00/wx/2.40,557.1,27.6,7.86,265,1.04
2024.099.16:38:00/wx/2.38,557.1,25.9,6.70,270,1.11
2024.099.16:39:00/wx/2.30,557.1,24.5,6.02,284,1.35
2024.099.16:40:00/wx/2.80,557.1,26.5,6.61,273,1.29
2024.099.16:41:00/wx/3.52,557.1,25.0,10.67,286,0.86
2024.099.16:42:00/wx/3.10,557.1,22.0,7.33,284,0.80
2024.099.16:43:00/wx/2.96,557.1,23.6,9.34,293,0.90
2024.099.16:44:00/wx/2.94,557.1,27.8,7.14,287,1.05
2024.099.16:45:00/wx/2.98,557.1,23.9,9.93,285,1.01
2024.099.16:46:00/wx/2.41,557.1,24.5,5.62,264,1.13
2024.099.16:47:00/wx/2.71,557.1,26.0,6.64,280,1.16
2024.099.16:48:00/wx/3.07,557.1,26.6,6.96,276,0.94
2024.099.16:49:00/wx/3.27,557.1,25.6,7.43,278,0.69
2024.099.16:50:00/wx/2.93,557.0,21.9,7.35,300,0.79
2024.099.16:51:00/wx/2.51,557.1,22.1,6.99,266,0.81
2024.099.16:52:00/wx/2.40,557.1,23.7,7.18,257,1.17
2024.099.16:53:00/wx/2.61,557.1,26.1,6.96,273,0.99
2024.099.16:54:00/wx/3.14,557.1,27.9,8.29,277,1.08
2024.099.16:55:00/wx/2.45,557.1,22.2,5.08,265,0.79
2024.099.16:56:00/wx/2.89,557.1,26.9,9.05,291,0.73
2024.099.16:57:00/wx/2.76,557.2,24.8,8.56,276,0.88
2024.099.16:58:00/wx/2.49,557.1,24.3,7.05,287,0.94
2024.099.16:59:00/wx/2.54,557.1,23.7,5.02,263,1.03
2024.099.17:00:00/wx/2.39,557.1,22.0,4.88,276,1.28
2024.099.17:01:00/wx/2.90,557.1,26.1,9.43,288,1.14
2024.099.17:02:00/wx/2.80,557.1,23.9,6.71,287,1.07
2024.099.17:03:00/wx/3.15,557.1,24.7,9.20,292,0.77
2024.099.17:04:00/wx/3.20,557.1,25.0,6.89,293,0.72
2024.099.17:05:00/wx/2.91,557.1,22.3,7.72,298,1.02
2024.099.17:06:00/wx/3.10,557.1,25.1,6.31,291,0.88
2024.099.17:07:00/wx/3.13,557.1,25.3,6.58,278,0.95
2024.099.17:08:00/wx/2.60,557.1,20.8,7.26,280,0.97
2024.099.17:09:00/wx/2.60,557.1,23.4,5.67,271,1.42
2024.099.17:10:00/wx/3.00,557.0,25.5,6.32,256,1.35
2024.099.17:11:00/wx/3.00,557.1,27.2,6.99,264,1.01
2024.099.17:12:00/wx/2.31,557.0,23.1,5.00,268,1.13
2024.099.17:13:00/wx/3.57,557.1,27.5,9.46,279,1.19
2024.099.17:14:00/wx/3.06,557.0,25.4,7.51,253,1.08
2024.099.17:15:00/wx/2.30,557.0,21.6,9.92,252,0.84
2024.099.17:16:00/wx/2.40,557.0,22.3,6.13,263,0.81
2024.099.17:17:00/wx/2.40,557.1,23.0,8.06,276,0.83
2024.099.17:18:00/wx/2.02,557.0,20.6,5.39,271,1.12
2024.099.17:19:00/wx/2.47,557.0,25.3,5.40,273,0.91
2024.099.17:20:00/wx/2.80,557.0,24.0,7.65,267,0.95
2024.099.17:21:00/wx/2.41,557.0,23.0,9.36,246,0.89
2024.099.17:22:00/wx/3.42,557.0,29.6,9.01,270,0.94
2024.099.17:23:00/wx/2.89,557.0,24.2,8.71,271,0.72
2024.099.17:24:00/wx/2.70,557.0,21.5,8.25,295,0.80
2024.099.17:25:00/wx/2.58,557.0,22.0,7.27,276,0.82
2024.099.17:26:00/wx/2.73,557.0,23.3,7.42,296,0.71
2024.099.17:27:00/wx/2.50,557.0,21.8,5.10,268,0.78
2024.099.17:28:00/wx/2.51,556.9,21.5,6.91,259,0.93
2024.099.17:29:00/wx/2.80,557.0,23.5,8.93,261,0.67
2024.099.17:30:00/wx/2.40,556.9,20.7,7.60,267,0.61
2024.099.17:31:00/wx/2.08,556.9,21.6,8.15,260,0.68
2024.099.17:32:00/wx/2.23,557.0,19.4,7.76,280,0.90
2024.099.17:33:00/wx/2.60,557.0,18.8,6.61,290,0.95
2024.099.17:34:00/wx/2.91,556.9,21.2,6.88,252,0.85
2024.099.17:35:00/wx/2.79,557.0,20.9,8.39,278,0.71
2024.099.17:36:00/wx/3.00,556.9,21.5,9.12,301,1.08
2024.099.17:37:00/wx/3.40,556.9,22.6,6.73,277,1.15
2024.099.17:38:00/wx/2.90,556.9,22.0,8.24,281,0.88
2024.099.17:39:00/wx/2.50,557.0,19.8,8.01,276,0.79
2024.099.17:40:00/wx/2.56,557.0,19.1,9.25,282,0.83
2024.099.17:41:00/wx/2.70,557.0,21.1,9.05,282,0.80
2024.099.17:42:00/wx/2.60,557.0,20.9,7.52,272,0.75
2024.099.17:43:00/wx/2.80,557.0,24.2,9.73,292,0.89
2024.099.17:44:00/wx/2.60,556.9,19.6,7.53,285,0.98
2024.099.17:45:00/wx/2.57,556.9,20.9,9.52,289,0.93
2024.099.17:46:00/wx/3.24,556.9,23.8,8.16,258,0.90
2024.099.17:47:00/wx/2.60,556.9,22.2,10.45,241,0.85
2024.099.17:48:00/wx/2.30,556.9,19.6,8.60,248,1.11
2024.099.17:49:00/wx/2.10,556.9,20.1,6.97,246,0.79
2024.099.17:50:00/wx/2.65,556.9,22.3,8.58,298,0.86
2024.099.17:51:00/wx/2.97,556.9,19.4,9.54,285,0.87
2024.099.17:52:00/wx/3.19,556.9,21.3,8.17,277,0.79
2024.099.17:53:00/wx/3.93,556.9,23.8,6.85,276,0.97
2024.099.17:54:00/wx/3.16,556.9,22.0,10.77,255,0.90
2024.099.17:55:00/wx/2.24,556.9,20.0,7.15,259,0.94
2024.099.17:56:00/wx/2.29,556.9,21.2,7.46,255,0.94
2024.099.17:57:00/wx/3.00,556.9,21.9,6.93,284,1.01
2024.099.17:58:00/wx/2.93,556.9,22.0,8.08,257,0.86
2024.099.17:59:00/wx/2.32,556.9,20.5,9.15,254,0.87
2024.099.18:00:00/wx/2.37,556.9,22.9,9.20,285,0.79
2024.099.18:01:00/wx/3.06,556.9,24.6,8.05,281,0.97
2024.099.18:02:00/wx/3.09,556.9,20.5,8.39,258,0.91
2024.099.18:03:00/wx/2.77,556.9,21.9,10.88,254,0.98
2024.099.18:04:00/wx/2.30,556.9,18.9,7.27,258,1.04
2024.099.18:05:00/wx/2.67,556.9,22.0,11.09,244,1.09
2024.099.18:06:00/wx/2.31,556.9,20.3,13.21,250,0.95
2024.099.18:07:00/wx/1.91,556.9,20.3,10.15,246,0.89
2024.099.18:08:00/wx/2.03,556.9,21.8,6.31,258,0.92
2024.099.18:09:00/wx/2.26,556.8,22.7,7.71,246,1.03
2024.099.18:10:00/wx/3.11,556.9,23.7,9.53,290,1.26
2024.099.18:11:00/wx/2.80,556.9,22.6,7.63,300,1.02
2024.099.18:12:00/wx/2.89,556.9,24.6,7.81,263,0.87
2024.099.18:13:00/wx/2.66,556.9,25.4,10.28,274,1.10
2024.099.18:14:00/wx/2.16,556.9,21.5,7.30,262,1.09
2024.099.18:15:00/wx/2.06,556.9,23.2,6.58,282,1.29
2024.099.18:16:00/wx/2.29,556.9,20.9,6.52,272,1.25
2024.099.18:17:00/wx/2.40,556.9,25.0,4.35,279,1.24
2024.099.18:18:00/wx/2.58,556.9,23.5,6.87,278,0.89
2024.099.18:19:00/wx/3.00,556.9,25.0,9.99,249,1.04
2024.099.18:20:00/wx/2.62,556.9,20.9,8.43,280,0.87
2024.099.18:21:00/wx/2.81,556.9,23.4,9.51,255,0.96
2024.099.18:22:00/wx/2.53,557.0,21.9,7.50,263,0.98
2024.099.18:23:00/wx/2.61,556.9,25.7,9.46,284,1.05
2024.099.18:24:00/wx/2.66,556.9,25.1,5.89,258,1.09
2024.099.18:25:00/wx/2.40,556.9,25.0,10.63,278,1.15
2024.099.18:26:00/wx/2.61,556.9,22.1,6.48,268,1.22
2024.099.18:27:00/wx/2.43,556.9,23.3,9.28,273,1.29
2024.099.18:28:00/wx/3.04,556.9,27.1,8.67,284,1.19
2024.099.18:29:00/wx/2.80,556.8,22.2,8.62,293,1.35
2024.099.18:30:00/wx/2.90,556.9,22.3,7.55,285,1.16
2024.099.18:31:00/wx/2.72,556.9,21.3,6.65,268,0.87
2024.099.18:32:00/wx/2.13,556.9,19.4,8.61,253,0.91
2024.099.18:33:00/wx/2.33,556.9,21.7,6.93,268,0.96
2024.099.18:34:00/wx/2.51,556.9,17.0,7.67,288,0.99
2024.099.18:35:00/wx/3.00,556.9,23.4,5.73,266,0.92
2024.099.18:36:00/wx/2.70,556.9,23.9,7.79,270,0.81
2024.099.18:37:00/wx/2.34,556.9,19.7,8.21,261,0.83
2024.099.18:38:00/wx/2.03,556.9,21.7,6.99,268,0.87
2024.099.18:39:00/wx/2.01,556.9,22.8,7.55,267,1.14
2024.099.18:40:00/wx/1.80,556.8,21.1,6.22,274,1.24
2024.099.18:41:00/wx/2.79,556.8,26.3,7.93,268,1.16
2024.099.18:42:00/wx/2.65,556.9,21.9,10.07,253,1.07
2024.099.18:43:00/wx/2.23,556.8,18.7,8.65,274,1.05
2024.099.18:44:00/wx/2.30,556.8,19.0,7.49,281,1.04
2024.099.18:45:00/wx/2.80,556.8,22.2,7.34,257,1.16
2024.099.18:46:00/wx/2.86,556.8,20.7,6.51,270,1.22
2024.099.18:47:00/wx/3.33,556.8,24.7,7.66,270,1.01
2024.099.18:48:00/wx/2.55,556.8,18.6,8.57,252,0.87
2024.099.18:49:00/wx/2.40,556.8,19.0,8.13,257,1.10
2024.099.18:50:00/wx/2.12,556.8,19.0,7.00,271,1.10
2024.099.18:51:00/wx/2.56,556.8,20.1,10.72,250,1.10
2024.099.18:52:00/wx/2.81,556.8,20.5,8.86,263,1.08
2024.099.18:53:00/wx/2.63,556.8,19.9,7.42,275,1.07
2024.099.18:54:00/wx/2.51,556.8,19.7,7.93,254,0.79
2024.099.18:55:00/wx/2.87,556.9,22.3,9.65,274,0.94
2024.099.18:56:00/wx/2.60,556.8,21.1,7.98,270,1.22
2024.099.18:57:00/wx/2.70,556.8,18.9,8.98,259,1.13
2024.099.18:58:00/wx/2.70,556.8,20.3,12.51,247,1.21
2024.099.18:59:00/wx/2.70,556.8,19.1,8.89,257,1.22
2024.099.19:00:00/wx/2.58,556.8,20.6,11.11,255,1.11
2024.099.19:01:00/wx/2.35,556.8,15.8,7.16,265,0.91
