2024.094.22:32:00;APEX Database Weather Data for Timerange of e24b04
2024.094.22:32:00;The format is wx/temp[C],press[mbar],humid[%],speed[m/s],direction[deg],pwv[mm]
2024.094.22:33:00/wx/-0.21,556.2,31.2,4.75,258,2.33
2024.094.22:34:00/wx/0.12,556.2,30.0,4.81,255,2.33
2024.094.22:35:00/wx/-0.10,556.2,32.6,4.96,259,2.30
2024.094.22:36:00/wx/-0.21,556.2,32.6,4.79,260,2.30
2024.094.22:37:00/wx/-0.12,556.2,31.3,5.46,250,2.31
2024.094.22:38:00/wx/-0.20,556.2,31.7,4.65,258,2.31
2024.094.22:39:00/wx/-0.02,556.3,29.7,5.36,253,2.27
2024.094.22:40:00/wx/-0.20,556.2,31.9,6.43,249,2.27
2024.094.22:41:00/wx/-0.51,556.3,34.2,5.67,251,2.33
2024.094.22:42:00/wx/-0.60,556.2,34.4,6.11,254,2.36
2024.094.22:43:00/wx/-0.39,556.3,32.6,6.09,247,2.30
2024.094.22:44:00/wx/-0.40,556.3,32.7,5.93,249,2.33
2024.094.22:45:00/wx/-0.40,556.3,32.6,5.43,250,2.31
2024.094.22:46:00/wx/-0.30,556.3,32.1,5.46,253,2.31
2024.094.22:47:00/wx/-0.25,556.3,32.5,5.05,253,2.31
2024.094.22:48:00/wx/-0.32,556.3,33.4,4.79,258,2.34
2024.094.22:49:00/wx/-0.40,556.3,34.6,5.08,255,2.36
2024.094.22:50:00/wx/-0.50,556.3,34.9,5.95,251,2.27
2024.094.22:51:00/wx/-0.50,556.3,34.4,3.94,263,2.31
2024.094.22:52:00/wx/-0.54,556.3,34.1,5.33,254,2.35
2024.094.22:53:00/wx/-0.42,556.3,32.1,4.06,258,2.35
2024.094.22:54:00/wx/-0.40,556.4,31.4,5.03,252,2.35
2024.094.22:55:00/wx/-0.22,556.4,30.6,4.04,259,2.29
2024.094.22:56:00/wx/-0.30,556.3,31.9,5.37,253,2.35
2024.094.22:57:00/wx/-0.30,556.4,31.5,4.74,253,2.37
2024.094.22:58:00/wx/-0.30,556.4,31.9,4.26,256,2.35
2024.094.22:59:00/wx/-0.50,556.4,33.9,4.43,261,2.36
2024.094.23:00:00/wx/-0.52,556.4,33.9,4.48,264,2.38
2024.094.23:01:00/wx/-0.50,556.4,34.4,4.13,262,2.35
2024.094.23:02:00/wx/-0.50,556.4,34.3,3.88,264,2.34
2024.094.23:03:00/wx/-0.40,556.4,32.5,3.68,262,2.30
2024.094.23:04:00/wx/-0.30,556.4,31.9,3.22,256,2.26
2024.094.23:05:00/wx/-0.30,556.4,31.6,3.55,262,2.23
2024.094.23:06:00/wx/-0.35,556.4,32.9,3.51,267,2.24
2024.094.23:07:00/wx/-0.40,556.4,33.0,4.05,258,2.25
2024.094.23:08:00/wx/-0.50,556.4,33.5,3.41,266,2.29
2024.094.23:09:00/wx/-0.50,556.4,33.2,4.19,255,2.31
2024.094.23:10:00/wx/-0.53,556.4,33.9,4.47,256,2.32
2024.094.23:11:00/wx/-0.44,556.4,32.2,4.33,254,2.34
2024.094.23:12:00/wx/-0.30,556.4,31.7,3.99,260,2.34
2024.094.23:13:00/wx/-0.40,556.4,32.7,5.13,253,2.35
2024.094.23:14:00/wx/-0.30,556.3,32.0,4.01,261,2.33
2024.094.23:15:00/wx/-0.43,556.4,33.3,4.06,262,2.34
2024.094.23:16:00/wx/-0.50,556.3,34.0,4.13,260,2.36
2024.094.23:17:00/wx/-0.40,556.4,33.5,3.92,268,2.36
2024.094.23:18:00/wx/-0.50,556.4,34.8,3.73,267,2.39
2024.094.23:19:00/wx/-0.60,556.4,35.6,3.50,272,2.40
2024.094.23:20:00/wx/-0.64,556.4,35.8,3.42,282,2.40
2024.094.23:21:00/wx/-1.12,556.4,40.9,2.69,299,2.40
2024.094.23:22:00/wx/-1.49,556.4,41.6,3.41,287,2.41
2024.094.23:23:00/wx/-1.60,556.4,42.5,2.53,280,2.31
2024.094.23:24:00/wx/-1.70,556.4,42.4,3.22,272,2.31
2024.094.23:25:00/wx/-1.80,556.4,41.8,2.80,268,2.33
2024.094.23:26:00/wx/-1.53,556.4,40.3,2.72,266,2.32
2024.094.23:27:00/wx/-1.21,556.3,38.6,3.50,259,2.28
2024.094.23:28:00/wx/-0.90,556.4,37.3,2.94,261,2.26
2024.094.23:29:00/wx/-1.00,556.3,37.4,3.01,265,2.28
2024.094.23:30:00/wx/-0.95,556.3,37.2,3.47,258,2.27
2024.094.23:31:00/wx/-0.80,556.3,36.3,3.35,258,2.26
2024.094.23:32:00/wx/-0.70,556.3,35.8,3.63,253,2.27
2024.094.23:33:00/wx/-0.70,556.3,35.5,2.66,260,2.27
2024.094.23:34:00/wx/-0.70,556.3,36.6,2.86,257,2.29
2024.094.23:35:00/wx/-0.81,556.4,36.9,2.72,255,2.29
2024.094.23:36:00/wx/-0.71,556.3,36.6,2.48,258,2.30
2024.094.23:37:00/wx/-0.70,556.4,36.3,2.33,258,2.30
2024.094.23:38:00/wx/-0.70,556.4,35.6,2.71,258,2.31
2024.094.23:39:00/wx/-0.80,556.3,36.3,2.45,256,2.30
2024.094.23:40:00/wx/-0.80,556.3,36.4,2.51,261,2.28
2024.094.23:41:00/wx/-1.00,556.3,37.3,2.62,255,2.24
2024.094.23:42:00/wx/-0.90,556.3,36.6,2.84,254,2.26
2024.094.23:43:00/wx/-0.80,556.3,36.5,2.24,262,2.29
2024.094.23:44:00/wx/-0.80,556.3,36.3,2.96,255,2.31
2024.094.23:45:00/wx/-0.80,556.3,36.6,3.15,250,2.28
2024.094.23:46:00/wx/-0.90,556.3,37.7,2.15,256,2.28
2024.094.23:47:00/wx/-1.85,556.3,41.2,2.00,255,2.28
2024.094.23:48:00/wx/-2.40,556.3,44.8,1.95,239,2.33
2024.094.23:49:00/wx/-2.35,556.3,44.0,2.28,250,2.28
2024.094.23:50:00/wx/-2.01,556.4,42.5,1.78,249,2.28
2024.094.23:51:00/wx/-2.00,556.3,42.5,1.63,252,2.29
2024.094.23:52:00/wx/-2.01,556.3,42.8,1.47,245,2.33
2024.094.23:53:00/wx/-2.10,556.3,42.6,1.66,250,2.32
2024.094.23:54:00/wx/-2.00,556.3,41.7,1.72,247,2.29
2024.094.23:55:00/wx/-1.90,556.3,40.8,1.12,266,2.31
2024.094.23:56:00/wx/-1.90,556.4,40.6,1.43,265,2.37
2024.094.23:57:00/wx/-2.00,556.4,41.2,1.26,279,2.31
2024.094.23:58:00/wx/-2.10,556.4,41.5,1.02,269,2.40
2024.094.23:59:00/wx/-2.20,556.3,41.8,2.09,253,2.45
2024.095.00:00:00/wx/-2.29,556.3,42.7,2.44,214,2.48
2024.095.00:01:00/wx/-2.50,556.4,45.3,3.33,242,2.44
2024.095.00:02:00/wx/-2.60,556.4,47.3,3.47,236,2.42
2024.095.00:03:00/wx/-2.50,556.4,47.6,3.44,233,2.31
2024.095.00:04:00/wx/-2.50,556.4,48.0,2.61,242,2.36
2024.095.00:05:00/wx/-2.60,556.4,49.1,2.42,233,2.31
2024.095.00:06:00/wx/-2.70,556.4,49.4,2.38,249,2.23
2024.095.00:07:00/wx/-2.70,556.4,48.9,1.80,242,2.20
2024.095.00:08:00/wx/-2.73,556.4,48.4,2.03,231,2.17
2024.095.00:09:00/wx/-2.70,556.4,47.8,1.79,244,2.13
2024.095.00:10:00/wx/-2.60,556.4,47.7,2.51,239,2.13
2024.095.00:11:00/wx/-2.62,556.4,47.7,2.32,244,2.11
2024.095.00:12:00/wx/-2.70,556.4,48.1,1.72,239,2.15
2024.095.00:13:00/wx/-2.78,556.4,49.0,1.85,234,2.18
2024.095.00:14:00/wx/-2.70,556.4,48.4,1.83,229,2.21
2024.095.00:15:00/wx/-2.70,556.4,47.4,1.34,226,2.19
2024.095.00:16:00/wx/-2.70,556.4,48.1,2.10,231,2.20
2024.095.00:17:00/wx/-2.60,556.4,46.8,1.61,236,2.17
2024.095.00:18:00/wx/-2.60,556.4,46.8,1.86,242,2.12
2024.095.00:19:00/wx/-2.60,556.4,47.3,1.72,236,2.10
2024.095.00:20:00/wx/-2.60,556.4,47.1,1.53,226,2.12
2024.095.00:21:00/wx/-2.60,556.4,46.3,1.13,232,2.09
2024.095.00:22:00/wx/-2.60,556.4,46.5,1.29,256,2.12
2024.095.00:23:00/wx/-2.70,556.3,47.2,0.94,263,2.21
2024.095.00:24:00/wx/-2.80,556.4,47.5,1.23,271,2.23
2024.095.00:25:00/wx/-2.78,556.4,47.4,0.80,274,2.20
2024.095.00:26:00/wx/-2.70,556.4,47.1,0.66,226,2.19
2024.095.00:27:00/wx/-2.88,556.4,47.0,0.26,191,2.21
2024.095.00:28:00/wx/-2.90,556.4,48.0,0.40,146,2.23
2024.095.00:29:00/wx/-3.10,556.4,47.4,0.89,64,2.22
2024.095.00:30:00/wx/-3.20,556.4,47.4,0.40,61,2.24
2024.095.00:31:00/wx/-3.30,556.4,48.1,0.86,218,2.23
2024.095.00:32:00/wx/-3.31,556.5,48.8,1.39,218,2.21
2024.095.00:33:00/wx/-2.91,556.5,47.2,1.81,213,2.19
2024.095.00:34:00/wx/-2.60,556.4,45.0,1.86,217,2.18
2024.095.00:35:00/wx/-2.60,556.5,46.1,1.71,216,2.16
2024.095.00:36:00/wx/-2.56,556.4,46.8,1.42,219,2.13
2024.095.00:37:00/wx/-2.51,556.4,46.4,1.25,221,2.15
2024.095.00:38:00/wx/-2.50,556.4,45.5,1.32,221,2.18
2024.095.00:39:00/wx/-2.41,556.4,44.4,0.38,253,2.29
2024.095.00:40:00/wx/-2.55,556.4,45.1,0.43,160,2.44
2024.095.00:41:00/wx/-2.60,556.4,43.7,0.38,163,2.43
2024.095.00:42:00/wx/-2.50,556.4,41.7,0.35,73,2.47
2024.095.00:43:00/wx/-2.60,556.4,43.1,0.50,50,2.36
2024.095.00:44:00/wx/-2.50,556.4,42.5,0.74,45,2.30
2024.095.00:45:00/wx/-2.50,556.4,43.3,0.80,7,2.30
2024.095.00:46:00/wx/-2.60,556.4,44.4,0.80,344,2.35
2024.095.00:47:00/wx/-2.60,556.4,44.4,0.93,337,2.36
2024.095.00:48:00/wx/-2.60,556.4,43.7,1.15,281,2.28
2024.095.00:49:00/wx/-2.50,556.4,43.0,1.52,276,2.17
2024.095.00:50:00/wx/-2.41,556.5,41.4,1.80,277,2.11
2024.095.00:51:00/wx/-2.03,556.5,38.8,1.72,274,2.13
2024.095.00:52:00/wx/-1.80,556.5,37.8,2.23,278,2.35
2024.095.00:53:00/wx/-1.49,556.5,35.7,1.51,275,2.38
2024.095.00:54:00/wx/-1.27,556.5,34.0,1.38,320,2.47
2024.095.00:55:00/wx/-1.00,556.5,32.4,2.02,344,2.54
2024.095.00:56:00/wx/-0.80,556.5,31.8,2.52,44,2.52
2024.095.00:57:00/wx/-0.70,556.5,31.6,3.00,11,2.48
2024.095.00:58:00/wx/-1.77,556.5,36.5,4.16,26,2.34
2024.095.00:59:00/wx/-1.86,556.5,37.5,4.01,25,2.42
2024.095.01:00:00/wx/-1.70,556.5,36.5,4.17,24,2.40
2024.095.01:01:00/wx/-1.50,556.5,35.6,3.83,24,2.49
2024.095.01:02:00/wx/-1.40,556.5,34.7,4.29,27,2.40
2024.095.01:03:00/wx/-1.10,556.5,33.5,3.12,19,2.55
2024.095.01:04:00/wx/-1.00,556.5,33.1,2.42,6,2.52
2024.095.01:05:00/wx/-0.90,556.5,32.9,2.50,-0,2.55
2024.095.01:06:00/wx/-1.00,556.5,32.8,2.60,4,2.48
2024.095.01:07:00/wx/-1.00,556.5,32.9,2.30,6,2.46
2024.095.01:08:00/wx/-0.80,556.5,31.5,2.07,1,2.49
2024.095.01:09:00/wx/-0.61,556.5,29.8,1.90,2,2.50
2024.095.01:10:00/wx/-0.12,556.5,25.3,2.05,16,2.54
2024.095.01:11:00/wx/0.09,556.5,24.5,2.31,18,2.50
2024.095.01:12:00/wx/0.41,556.5,22.4,2.49,20,2.52
2024.095.01:13:00/wx/0.87,556.5,18.8,2.40,27,2.58
2024.095.01:14:00/wx/1.10,556.5,17.6,2.45,26,2.59
2024.095.01:15:00/wx/1.30,556.5,16.0,2.55,23,2.62
2024.095.01:16:00/wx/1.40,556.5,17.0,2.60,33,2.60
2024.095.01:17:00/wx/1.38,556.5,16.6,3.17,64,2.61
2024.095.01:18:00/wx/1.10,556.5,17.2,2.93,60,2.63
2024.095.01:19:00/wx/0.71,556.5,17.9,4.04,80,2.67
2024.095.01:20:00/wx/1.10,556.5,15.8,2.96,71,2.68
2024.095.01:21:00/wx/1.20,556.5,14.4,4.02,64,2.68
2024.095.01:22:00/wx/1.13,556.5,14.4,3.83,52,2.67
2024.095.01:23:00/wx/1.40,556.5,13.2,3.11,61,2.63
2024.095.01:24:00/wx/1.60,556.5,12.8,2.50,63,2.60
2024.095.01:25:00/wx/1.50,556.5,14.3,2.00,39,2.62
2024.095.01:26:00/wx/1.20,556.5,17.7,1.90,36,2.59
2024.095.01:27:00/wx/1.20,556.5,17.6,1.39,40,2.60
2024.095.01:28:00/wx/1.04,556.5,18.3,1.45,45,2.58
2024.095.01:29:00/wx/1.18,556.6,18.4,1.23,58,2.62
2024.095.01:30:00/wx/1.20,556.6,18.2,1.30,50,2.61
2024.095.01:31:00/wx/1.09,556.6,19.7,1.00,87,2.65
2024.095.01:32:00/wx/0.87,556.6,21.5,1.05,77,2.61
2024.095.01:33:00/wx/0.70,556.6,20.5,1.71,73,2.60
2024.095.01:34:00/wx/0.90,556.6,17.6,1.11,54,2.57
2024.095.01:35:00/wx/1.00,556.6,17.2,1.00,34,2.60
2024.095.01:36:00/wx/1.10,556.6,17.3,0.90,9,2.60
2024.095.01:37:00/wx/1.20,556.6,17.3,0.69,125,2.62
2024.095.01:38:00/wx/1.26,556.7,16.8,0.60,234,2.59
2024.095.01:39:00/wx/1.30,556.7,17.6,0.84,345,2.62
2024.095.01:40:00/wx/1.20,556.7,19.0,0.70,33,2.63
2024.095.01:41:00/wx/1.10,556.7,19.0,0.81,45,2.66
2024.095.01:42:00/wx/1.10,556.7,18.8,0.85,50,2.61
2024.095.01:43:00/wx/1.17,556.7,18.7,0.96,43,2.59
2024.095.01:44:00/wx/1.30,556.7,18.4,1.10,39,2.60
2024.095.01:45:00/wx/1.40,556.7,17.0,1.11,34,2.65
2024.095.01:46:00/wx/1.52,556.7,15.4,1.40,37,2.69
2024.095.01:47:00/wx/1.76,556.8,16.2,1.53,15,2.71
2024.095.01:48:00/wx/1.80,556.8,17.3,1.42,16,2.71
2024.095.01:49:00/wx/1.80,556.8,18.1,1.40,354,2.73
2024.095.01:50:00/wx/1.70,556.8,20.0,1.72,10,2.69
2024.095.01:51:00/wx/1.91,556.8,19.0,2.17,15,2.65
2024.095.01:52:00/wx/2.10,556.8,17.0,2.42,17,2.63
2024.095.01:53:00/wx/2.10,556.8,16.3,2.40,21,2.65
2024.095.01:54:00/wx/2.00,556.8,16.9,2.40,15,2.61
2024.095.01:55:00/wx/2.10,556.8,15.4,2.38,21,2.59
2024.095.01:56:00/wx/2.06,556.8,15.3,2.30,23,2.66
2024.095.01:57:00/wx/1.84,556.8,16.0,2.01,33,2.64
2024.095.01:58:00/wx/1.51,556.8,17.4,1.51,50,2.66
2024.095.01:59:00/wx/1.40,556.8,17.9,1.10,82,2.67
2024.095.02:00:00/wx/1.10,556.8,18.6,1.01,99,2.73
2024.095.02:01:00/wx/0.84,556.8,19.6,0.86,85,2.72
2024.095.02:02:00/wx/0.88,556.8,17.8,0.92,75,2.67
2024.095.02:03:00/wx/0.90,556.8,17.3,0.70,57,2.74
2024.095.02:04:00/wx/1.21,556.7,15.3,0.90,28,2.76
2024.095.02:05:00/wx/1.23,556.8,16.1,0.91,340,2.73
2024.095.02:06:00/wx/1.36,556.8,15.5,1.10,158,2.76
2024.095.02:07:00/wx/1.40,556.8,15.8,0.95,380,2.73
2024.095.02:08:00/wx/1.50,556.8,16.0,1.20,1,2.67
2024.095.02:09:00/wx/1.40,556.9,18.0,1.52,27,2.68
2024.095.02:10:00/wx/1.36,556.8,19.1,1.82,28,2.67
2024.095.02:11:00/wx/1.43,556.8,19.0,1.84,30,2.70
2024.095.02:12:00/wx/1.40,556.8,19.3,2.10,29,2.65
2024.095.02:13:00/wx/1.09,556.9,21.5,1.91,13,2.68
2024.095.02:14:00/wx/0.72,556.9,22.2,2.35,285,2.71
2024.095.02:15:00/wx/0.90,556.9,21.2,2.69,178,2.74
2024.095.02:16:00/wx/1.14,556.9,19.4,2.77,14,2.72
2024.095.02:17:00/wx/1.50,556.9,19.2,2.31,354,2.74
2024.095.02:18:00/wx/1.31,556.9,20.1,3.32,1,2.72
2024.095.02:19:00/wx/1.64,556.9,17.9,2.88,355,2.69
2024.095.02:20:00/wx/1.60,556.9,19.8,2.73,10,2.63
2024.095.02:21:00/wx/1.80,556.9,18.0,2.76,17,2.66
2024.095.02:22:00/wx/1.80,556.9,18.7,1.70,7,2.71
2024.095.02:23:00/wx/1.60,556.9,18.7,1.72,3,2.70
2024.095.02:24:00/wx/1.64,556.9,17.6,2.24,8,2.70
2024.095.02:25:00/wx/1.63,556.9,17.8,2.00,12,2.70
2024.095.02:26:00/wx/1.60,556.9,18.0,2.00,339,2.70
2024.095.02:27:00/wx/1.60,556.9,17.7,1.80,1,2.76
2024.095.02:28:00/wx/1.60,556.9,17.8,1.91,9,2.76
2024.095.02:29:00/wx/1.44,556.9,18.8,2.10,6,2.78
2024.095.02:30:00/wx/1.31,556.8,19.2,2.40,8,2.83
2024.095.02:31:00/wx/1.60,556.9,17.8,2.10,18,2.90
2024.095.02:32:00/wx/1.50,556.8,18.2,2.31,13,2.87
2024.095.02:33:00/wx/1.50,556.8,17.4,2.23,11,2.88
2024.095.02:34:00/wx/1.40,556.8,18.1,2.19,11,2.90
2024.095.02:35:00/wx/1.50,556.8,17.2,1.86,17,2.91
2024.095.02:36:00/wx/1.50,556.7,17.3,1.60,28,2.90
2024.095.02:37:00/wx/1.41,556.7,17.4,1.91,34,2.91
2024.095.02:38:00/wx/1.74,556.8,15.5,1.77,27,2.88
2024.095.02:39:00/wx/1.54,556.8,17.4,1.58,16,2.90
2024.095.02:40:00/wx/1.30,556.7,18.6,1.69,12,2.89
2024.095.02:41:00/wx/1.20,556.8,18.8,2.40,19,2.88
2024.095.02:42:00/wx/1.40,556.7,16.9,2.38,20,2.92
2024.095.02:43:00/wx/1.71,556.7,15.5,2.15,17,2.95
2024.095.02:44:00/wx/1.90,556.7,14.6,1.76,13,2.91
2024.095.02:45:00/wx/2.00,556.7,14.8,1.51,7,2.91
2024.095.02:46:00/wx/2.20,556.7,13.7,1.32,15,2.91
2024.095.02:47:00/wx/2.20,556.7,14.2,1.60,29,2.94
2024.095.02:48:00/wx/1.93,556.7,17.2,1.81,42,2.88
2024.095.02:49:00/wx/1.72,556.7,18.3,2.00,56,2.99
2024.095.02:50:00/wx/1.50,556.7,19.6,1.80,51,3.02
2024.095.02:51:00/wx/1.50,556.7,20.4,1.49,55,2.99
2024.095.02:52:00/wx/1.40,556.7,21.4,1.57,48,2.93
2024.095.02:53:00/wx/1.47,556.7,21.7,1.56,46,2.99
2024.095.02:54:00/wx/1.40,556.7,21.6,1.06,18,2.92
2024.095.02:55:00/wx/1.30,556.7,21.8,1.40,1,2.97
2024.095.02:56:00/wx/1.21,556.7,20.8,1.42,12,2.95
2024.095.02:57:00/wx/1.44,556.7,19.4,1.37,13,3.00
2024.095.02:58:00/wx/1.80,556.6,18.0,1.74,13,3.05
2024.095.02:59:00/wx/1.90,556.7,18.5,1.90,27,3.07
2024.095.03:00:00/wx/2.00,556.7,17.7,1.90,27,3.03
2024.095.03:01:00/wx/1.98,556.7,17.6,1.70,26,3.03
2024.095.03:02:00/wx/1.69,556.7,18.0,1.75,17,3.02
2024.095.03:03:00/wx/1.90,556.7,16.0,1.53,3,3.04
2024.095.03:04:00/wx/2.00,556.6,15.5,1.34,357,3.09
2024.095.03:05:00/wx/2.11,556.7,14.6,1.14,358,2.94
2024.095.03:06:00/wx/2.20,556.6,14.6,1.16,6,3.02
2024.095.03:07:00/wx/2.20,556.7,15.5,1.91,5,3.00
2024.095.03:08:00/wx/1.82,556.7,20.3,2.46,18,3.00
2024.095.03:09:00/wx/1.30,556.7,23.2,2.40,21,3.02
2024.095.03:10:00/wx/1.31,556.6,23.3,2.46,32,3.02
2024.095.03:11:00/wx/1.60,556.6,19.5,1.62,31,3.04
2024.095.03:12:00/wx/1.96,556.6,16.5,1.72,18,3.06
2024.095.03:13:00/wx/2.10,556.6,16.1,1.81,21,3.04
2024.095.03:14:00/wx/2.10,556.7,18.2,2.50,21,3.12
2024.095.03:15:00/wx/1.90,556.6,19.9,1.63,19,3.11
2024.095.03:16:00/wx/1.90,556.6,21.3,1.50,33,3.19
2024.095.03:17:00/wx/2.08,556.6,18.0,0.79,38,3.19
2024.095.03:18:00/wx/2.20,556.6,17.0,0.81,36,3.21
2024.095.03:19:00/wx/2.08,556.6,18.6,1.40,19,3.13
2024.095.03:20:00/wx/2.10,556.6,17.5,1.50,16,3.14
2024.095.03:21:00/wx/2.16,556.6,16.3,1.30,16,3.17
2024.095.03:22:00/wx/2.29,556.6,15.0,1.02,14,3.11
2024.095.03:23:00/wx/2.30,556.6,14.2,1.10,18,3.18
2024.095.03:24:00/wx/2.30,556.6,14.0,1.21,8,3.13
2024.095.03:25:00/wx/2.30,556.6,14.3,1.10,7,3.10
2024.095.03:26:00/wx/2.37,556.6,14.9,0.99,3,3.14
2024.095.03:27:00/wx/2.04,556.5,18.6,1.90,32,3.19
2024.095.03:28:00/wx/1.50,556.5,22.2,2.20,4,3.17
2024.095.03:29:00/wx/1.40,556.5,22.1,2.47,24,3.12
2024.095.03:30:00/wx/1.25,556.5,22.1,2.62,21,3.03
2024.095.03:31:00/wx/0.90,556.5,21.9,2.47,6,2.97
2024.095.03:32:00/wx/1.10,556.5,19.8,2.20,9,2.99
2024.095.03:33:00/wx/1.20,556.5,19.2,1.87,12,3.04
2024.095.03:34:00/wx/1.30,556.5,18.8,1.13,104,2.85
2024.095.03:35:00/wx/1.30,556.5,19.6,0.88,346,2.89
2024.095.03:36:00/wx/1.30,556.5,21.3,0.64,327,2.87
2024.095.03:37:00/wx/1.30,556.5,20.7,0.20,312,2.98
2024.095.03:38:00/wx/1.10,556.5,19.5,0.32,276,3.01
2024.095.03:39:00/wx/1.21,556.5,12.3,0.89,220,2.86
2024.095.03:40:00/wx/1.20,556.4,9.3,0.86,224,2.83
2024.095.03:41:00/wx/0.90,556.5,14.9,1.14,247,2.91
2024.095.03:42:00/wx/0.90,556.5,13.2,0.74,250,2.99
2024.095.03:43:00/wx/0.90,556.4,13.8,1.25,249,2.93
2024.095.03:44:00/wx/0.90,556.4,15.8,0.79,262,2.97
2024.095.03:45:00/wx/0.80,556.4,12.7,1.36,245,2.91
2024.095.03:46:00/wx/0.80,556.4,12.6,1.62,253,2.93
2024.095.03:47:00/wx/0.70,556.4,13.0,1.12,252,2.95
2024.095.03:48:00/wx/0.50,556.4,13.6,1.56,259,2.93
2024.095.03:49:00/wx/0.44,556.4,12.9,1.92,254,2.92
2024.095.03:50:00/wx/0.48,556.4,12.5,1.76,248,2.96
2024.095.03:51:00/wx/0.40,556.4,12.5,1.82,240,2.98
2024.095.03:52:00/wx/0.40,556.4,12.8,1.96,226,2.97
2024.095.03:53:00/wx/0.36,556.4,13.1,1.48,236,2.95
2024.095.03:54:00/wx/0.30,556.4,13.0,1.70,230,2.98
2024.095.03:55:00/wx/0.40,556.4,12.4,1.70,231,2.98
2024.095.03:56:00/wx/0.50,556.4,12.2,1.62,238,3.02
2024.095.03:57:00/wx/0.50,556.4,12.3,1.44,231,3.18
2024.095.03:58:00/wx/0.50,556.4,12.5,1.48,230,3.14
2024.095.03:59:00/wx/0.40,556.4,13.0,1.84,218,3.21
2024.095.04:00:00/wx/0.40,556.3,13.3,1.72,223,3.19
2024.095.04:01:00/wx/0.30,556.3,13.3,1.31,230,3.13
2024.095.04:02:00/wx/0.30,556.4,13.4,1.37,250,3.07
2024.095.04:03:00/wx/0.30,556.4,13.4,1.29,258,3.09
2024.095.04:04:00/wx/0.30,556.3,13.6,1.19,256,3.06
2024.095.04:05:00/wx/0.30,556.3,13.6,0.91,253,3.12
2024.095.04:06:00/wx/0.30,556.3,13.6,1.02,269,3.08
2024.095.04:07:00/wx/0.27,556.3,13.8,0.92,257,3.05
2024.095.04:08:00/wx/0.14,556.3,14.2,1.09,354,3.06
2024.095.04:09:00/wx/-0.10,556.3,15.0,1.26,348,3.08
2024.095.04:10:00/wx/-0.20,556.3,15.6,0.83,328,3.08
2024.095.04:11:00/wx/-0.20,556.3,15.5,0.45,309,3.04
2024.095.04:12:00/wx/-0.20,556.3,15.3,1.03,357,3.06
2024.095.04:13:00/wx/-0.20,556.3,15.0,0.91,352,3.09
2024.095.04:14:00/wx/-0.20,556.3,14.8,1.22,323,3.11
2024.095.04:15:00/wx/-0.20,556.3,14.7,1.03,326,3.08
2024.095.04:16:00/wx/-0.30,556.3,15.2,0.81,266,3.11
2024.095.04:17:00/wx/-0.50,556.3,16.1,0.83,250,3.13
2024.095.04:18:00/wx/-0.60,556.3,16.6,0.85,256,3.01
2024.095.04:19:00/wx/-0.50,556.3,16.2,0.82,276,3.03
2024.095.04:20:00/wx/-0.40,556.3,16.0,1.05,286,3.04
2024.095.04:21:00/wx/-0.30,556.3,16.0,0.93,277,3.18
2024.095.04:22:00/wx/-0.20,556.3,15.8,0.86,262,3.17
2024.095.04:23:00/wx/-0.20,556.3,16.4,1.04,252,3.12
2024.095.04:24:00/wx/-0.30,556.3,16.8,0.93,257,3.10
2024.095.04:25:00/wx/-0.40,556.3,16.7,0.93,284,3.11
2024.095.04:26:00/wx/-0.36,556.3,16.5,1.27,259,3.15
2024.095.04:27:00/wx/-0.27,556.3,16.3,0.83,267,3.15
2024.095.04:28:00/wx/-0.30,556.3,16.5,1.21,290,3.11
2024.095.04:29:00/wx/-0.20,556.3,16.0,1.15,298,3.14
2024.095.04:30:00/wx/-0.40,556.3,16.4,1.20,331,3.15
2024.095.04:31:00/wx/-0.40,556.3,16.7,1.69,335,3.13
2024.095.04:32:00/wx/-0.40,556.3,18.8,1.56,335,3.13
2024.095.04:33:00/wx/-0.30,556.3,17.6,1.62,8,3.11
2024.095.04:34:00/wx/-0.10,556.3,16.9,1.40,326,3.09
2024.095.04:35:00/wx/0.00,556.3,17.0,1.42,348,3.06
2024.095.04:36:00/wx/0.00,556.3,16.3,0.51,315,3.12
2024.095.04:37:00/wx/-0.10,556.2,16.8,0.93,289,3.16
2024.095.04:38:00/wx/-0.10,556.2,16.3,1.53,339,3.17
2024.095.04:39:00/wx/-0.10,556.3,16.4,1.39,353,3.14
2024.095.04:40:00/wx/-0.10,556.2,17.0,2.02,351,3.18
2024.095.04:41:00/wx/-0.10,556.2,16.7,1.31,326,3.22
2024.095.04:42:00/wx/-0.01,556.2,16.4,1.31,315,3.21
2024.095.04:43:00/wx/0.00,556.3,16.2,1.54,342,3.23
2024.095.04:44:00/wx/0.00,556.3,16.2,1.06,344,3.26
2024.095.04:45:00/wx/0.00,556.2,16.4,1.43,342,3.35
2024.095.04:46:00/wx/0.00,556.3,16.4,1.23,349,3.37
2024.095.04:47:00/wx/0.00,556.2,16.7,1.24,347,3.37
2024.095.04:48:00/wx/0.00,556.3,16.4,0.93,354,3.40
2024.095.04:49:00/wx/0.00,556.3,16.7,0.74,340,3.29
2024.095.04:50:00/wx/-0.10,556.3,16.9,0.67,4,3.30
2024.095.04:51:00/wx/-0.10,556.3,17.2,0.92,14,3.25
2024.095.04:52:00/wx/-0.10,556.3,17.8,0.70,0,3.25
2024.095.04:53:00/wx/-0.20,556.2,16.6,0.27,315,3.28
2024.095.04:54:00/wx/-0.20,556.3,16.4,0.43,267,3.25
2024.095.04:55:00/wx/-0.30,556.3,16.2,0.23,295,3.31
2024.095.04:56:00/wx/-0.40,556.3,16.1,0.32,274,3.29
2024.095.04:57:00/wx/-0.40,556.3,16.2,0.21,248,3.39
2024.095.04:58:00/wx/-0.50,556.3,16.7,0.35,225,3.45
2024.095.04:59:00/wx/-0.60,556.3,16.9,0.34,220,3.43
2024.095.05:00:00/wx/-0.70,556.3,17.1,0.56,190,3.50
2024.095.05:01:00/wx/-0.60,556.3,17.1,1.11,185,3.55
2024.095.05:02:00/wx/-0.40,556.3,17.2,0.62,200,3.58
2024.095.05:03:00/wx/-0.40,556.3,17.2,0.59,218,3.58
2024.095.05:04:00/wx/-0.40,556.3,17.3,0.56,243,3.58
2024.095.05:05:00/wx/-0.31,556.3,17.4,0.83,227,3.59
2024.095.05:06:00/wx/-0.30,556.3,17.5,0.62,216,3.60
2024.095.05:07:00/wx/-0.30,556.3,17.4,0.62,215,3.59
2024.095.05:08:00/wx/-0.30,556.3,17.6,0.88,212,3.59
2024.095.05:09:00/wx/-0.20,556.3,17.8,0.94,228,3.57
2024.095.05:10:00/wx/-0.29,556.3,17.9,0.24,315,3.58
2024.095.05:11:00/wx/-0.40,556.3,17.9,0.33,213,3.60
2024.095.05:12:00/wx/-0.40,556.3,18.2,0.45,221,3.61
2024.095.05:13:00/wx/-0.36,556.3,19.2,0.94,16,3.61
2024.095.05:14:00/wx/-0.14,556.2,22.9,0.95,54,3.65
2024.095.05:15:00/wx/0.20,556.3,29.1,0.76,46,3.64
2024.095.05:16:00/wx/0.20,556.2,25.3,1.80,51,3.63
2024.095.05:17:00/wx/0.40,556.3,25.0,1.48,24,3.61
2024.095.05:18:00/wx/0.36,556.2,21.1,1.25,24,3.60
2024.095.05:19:00/wx/0.10,556.2,20.0,1.43,22,3.59
2024.095.05:20:00/wx/0.00,556.2,19.4,1.50,16,3.58
2024.095.05:21:00/wx/0.00,556.3,18.6,1.71,15,3.59
2024.095.05:22:00/wx/0.14,556.2,22.2,1.75,12,3.60
2024.095.05:23:00/wx/0.25,556.2,22.5,1.92,9,3.61
2024.095.05:24:00/wx/0.58,556.2,22.6,1.83,10,3.58
2024.095.05:25:00/wx/1.00,556.2,30.0,2.10,18,3.57
2024.095.05:26:00/wx/1.22,556.2,28.4,2.29,13,3.52
2024.095.05:27:00/wx/1.36,556.2,26.2,2.06,26,3.51
2024.095.05:28:00/wx/1.20,556.2,25.9,1.58,26,3.55
2024.095.05:29:00/wx/1.12,556.1,30.0,2.26,9,3.53
2024.095.05:30:00/wx/0.70,556.1,37.0,1.99,34,3.51
2024.095.05:31:00/wx/0.57,556.1,38.9,2.22,32,3.52
2024.095.05:32:00/wx/0.13,556.1,40.4,2.65,25,3.50
2024.095.05:33:00/wx/0.07,556.1,40.6,4.07,33,3.48
2024.095.05:34:00/wx/0.49,556.1,41.7,4.82,38,3.49
2024.095.05:35:00/wx/1.42,556.1,38.8,4.59,32,3.50
2024.095.05:36:00/wx/1.77,556.1,36.9,3.55,34,3.50
2024.095.05:37:00/wx/1.96,556.1,37.0,4.45,31,3.50
2024.095.05:38:00/wx/1.69,556.1,38.8,3.95,28,3.51
2024.095.05:39:00/wx/1.80,556.1,36.7,4.20,31,3.50
2024.095.05:40:00/wx/1.97,556.1,37.3,4.79,35,3.49
2024.095.05:41:00/wx/1.80,556.1,37.7,5.05,27,3.46
2024.095.05:42:00/wx/1.67,556.1,38.7,4.83,33,3.47
2024.095.05:43:00/wx/1.68,556.0,37.3,3.91,30,3.47
2024.095.05:44:00/wx/1.90,556.0,37.8,5.10,33,3.47
2024.095.05:45:00/wx/1.44,556.1,39.3,4.88,22,3.45
2024.095.05:46:00/wx/1.65,556.0,38.4,4.85,24,3.40
2024.095.05:47:00/wx/1.93,556.0,38.0,4.49,40,3.39
2024.095.05:48:00/wx/2.00,556.0,38.5,5.39,36,3.41
2024.095.05:49:00/wx/1.38,556.0,38.9,5.44,31,3.41
2024.095.05:50:00/wx/1.76,556.0,38.7,4.20,39,3.42
2024.095.05:51:00/wx/1.86,556.0,38.7,5.31,33,3.42
2024.095.05:52:00/wx/1.50,556.0,40.0,5.34,29,3.42
2024.095.05:53:00/wx/1.90,556.0,38.3,4.10,22,3.38
2024.095.05:54:00/wx/1.66,556.0,39.5,4.90,13,3.39
2024.095.05:55:00/wx/1.24,556.0,40.7,5.02,28,3.34
2024.095.05:56:00/wx/1.46,555.9,40.2,5.16,25,3.34
2024.095.05:57:00/wx/1.70,556.0,39.1,5.23,24,3.33
2024.095.05:58:00/wx/1.50,555.9,39.5,5.62,35,3.27
2024.095.05:59:00/wx/1.60,555.9,39.7,4.81,24,3.27
2024.095.06:00:00/wx/1.06,555.9,41.5,5.45,22,3.15
2024.095.06:01:00/wx/0.75,555.9,42.5,4.04,23,3.16
2024.095.06:02:00/wx/0.89,555.9,42.6,5.29,26,3.24
2024.095.06:03:00/wx/1.09,555.9,41.5,5.13,28,3.27
2024.095.06:04:00/wx/1.34,555.9,41.1,5.82,31,3.30
2024.095.06:05:00/wx/1.50,555.9,40.6,5.29,30,3.26
2024.095.06:06:00/wx/1.50,555.9,40.5,4.86,20,3.24
2024.095.06:07:00/wx/1.30,555.9,41.0,5.00,21,3.21
2024.095.06:08:00/wx/0.96,555.9,41.6,4.74,28,3.21
2024.095.06:09:00/wx/1.04,555.9,42.3,4.96,21,3.18
2024.095.06:10:00/wx/1.05,555.9,42.4,4.88,30,3.15
2024.095.06:11:00/wx/0.90,555.9,43.1,4.94,30,3.16
2024.095.06:12:00/wx/1.40,555.9,41.3,5.08,18,3.18
2024.095.06:13:00/wx/0.87,555.9,42.8,3.85,7,3.19
2024.095.06:14:00/wx/0.40,555.9,44.7,4.63,16,3.19
2024.095.06:15:00/wx/0.59,555.9,44.3,4.57,25,3.12
2024.095.06:16:00/wx/0.61,555.9,44.0,3.59,16,3.13
2024.095.06:17:00/wx/0.19,555.9,45.3,3.63,10,3.14
2024.095.06:18:00/wx/0.00,555.9,46.0,3.74,102,3.16
2024.095.06:19:00/wx/-0.10,555.9,46.0,4.10,393,3.16
2024.095.06:20:00/wx/0.40,555.9,44.4,3.79,2,3.16
2024.095.06:21:00/wx/0.30,555.9,45.0,2.92,9,3.16
2024.095.06:22:00/wx/0.10,555.9,45.6,3.32,356,3.13
2024.095.06:23:00/wx/0.33,555.9,44.5,3.51,240,3.30
2024.095.06:24:00/wx/0.44,555.9,43.9,3.52,137,3.31
2024.095.06:25:00/wx/0.30,555.9,44.1,3.59,353,3.36
2024.095.06:26:00/wx/0.40,555.9,44.2,3.94,359,3.31
2024.095.06:27:00/wx/0.30,555.8,44.5,3.12,357,3.32
2024.095.06:28:00/wx/0.30,555.9,44.7,3.14,354,3.34
2024.095.06:29:00/wx/0.46,555.9,43.8,4.00,352,3.30
2024.095.06:30:00/wx/0.80,555.9,42.5,4.24,-21,3.28
2024.095.06:31:00/wx/0.69,555.9,42.2,3.88,350,3.26
2024.095.06:32:00/wx/0.93,555.9,42.3,4.08,353,3.21
2024.095.06:33:00/wx/1.30,555.8,40.4,4.39,353,3.19
2024.095.06:34:00/wx/1.24,555.8,40.8,3.75,257,3.19
2024.095.06:35:00/wx/1.01,555.8,42.0,3.69,4,3.14
2024.095.06:36:00/wx/0.80,555.8,43.3,3.59,11,3.14
2024.095.06:37:00/wx/0.60,555.8,43.6,2.91,3,3.09
2024.095.06:38:00/wx/0.71,555.8,43.8,3.49,0,3.06
2024.095.06:39:00/wx/0.60,555.8,43.9,4.09,8,3.04
2024.095.06:40:00/wx/0.31,555.8,44.7,3.50,357,3.02
2024.095.06:41:00/wx/-0.11,555.8,45.8,3.36,326,3.02
2024.095.06:42:00/wx/-0.10,555.8,46.3,3.45,-40,3.00
2024.095.06:43:00/wx/-0.05,555.8,46.5,3.77,204,3.01
2024.095.06:44:00/wx/-0.14,555.8,47.3,4.53,6,2.99
2024.095.06:45:00/wx/0.40,555.8,46.1,3.52,3,3.01
2024.095.06:46:00/wx/0.28,555.7,46.0,4.36,18,2.96
2024.095.06:47:00/wx/0.46,555.8,45.8,4.08,14,2.93
2024.095.06:48:00/wx/0.66,555.8,45.0,3.70,13,2.89
2024.095.06:49:00/wx/0.78,555.7,44.5,4.15,13,2.89
2024.095.06:50:00/wx/0.40,555.7,45.5,4.10,17,2.86
2024.095.06:51:00/wx/0.20,555.8,46.6,4.07,8,2.87
2024.095.06:52:00/wx/0.55,555.7,45.9,3.66,6,2.88
2024.095.06:53:00/wx/0.70,555.7,45.4,3.06,356,2.90
2024.095.06:54:00/wx/0.69,555.7,45.4,3.11,358,2.88
2024.095.06:55:00/wx/0.80,555.7,44.7,3.32,11,2.86
2024.095.06:56:00/wx/0.57,555.7,45.4,2.61,71,2.81
2024.095.06:57:00/wx/0.40,555.7,46.5,2.78,352,2.85
2024.095.06:58:00/wx/0.48,555.7,45.9,2.83,352,2.80
2024.095.06:59:00/wx/0.60,555.7,45.8,3.81,350,2.83
2024.095.07:00:00/wx/0.60,555.7,45.3,3.39,2,2.80
2024.095.07:01:00/wx/0.80,555.7,44.7,3.41,7,2.77
2024.095.07:02:00/wx/0.80,555.7,44.0,3.28,-21,2.75
2024.095.07:03:00/wx/0.71,555.7,43.7,3.62,11,2.72
2024.095.07:04:00/wx/0.60,555.7,43.8,2.91,6,2.71
2024.095.07:05:00/wx/0.60,555.7,43.4,3.89,347,2.70
2024.095.07:06:00/wx/0.56,555.7,42.8,3.28,347,2.69
2024.095.07:07:00/wx/0.62,555.6,42.2,4.70,226,2.67
2024.095.07:08:00/wx/1.26,555.7,41.6,3.10,11,2.63
2024.095.07:09:00/wx/0.60,555.6,41.1,3.00,354,2.60
2024.095.07:10:00/wx/0.83,555.6,41.4,4.55,290,2.55
2024.095.07:11:00/wx/1.49,555.6,38.6,3.53,339,2.53
2024.095.07:12:00/wx/1.76,555.6,38.7,2.52,338,2.54
2024.095.07:13:00/wx/1.71,555.6,39.4,2.29,354,2.51
2024.095.07:14:00/wx/1.30,555.6,40.8,2.31,335,2.48
2024.095.07:15:00/wx/1.30,555.6,40.6,2.79,345,2.45
2024.095.07:16:00/wx/1.20,555.6,40.9,3.26,347,2.43
2024.095.07:17:00/wx/1.30,555.6,39.8,3.74,345,2.42
2024.095.07:18:00/wx/1.69,555.6,38.6,3.26,349,2.40
2024.095.07:19:00/wx/1.30,555.6,39.4,3.23,342,2.39
2024.095.07:20:00/wx/1.33,555.6,39.4,4.43,348,2.38
2024.095.07:21:00/wx/1.56,555.6,38.0,3.74,340,2.32
2024.095.07:22:00/wx/1.79,555.6,37.2,3.47,335,2.31
2024.095.07:23:00/wx/2.00,555.6,35.8,3.53,345,2.30
2024.095.07:24:00/wx/1.78,555.6,36.6,3.69,329,2.32
2024.095.07:25:00/wx/1.36,555.6,38.4,3.51,324,2.30
2024.095.07:26:00/wx/1.45,555.6,38.2,3.69,334,2.28
2024.095.07:27:00/wx/1.80,555.6,36.6,4.01,332,2.28
2024.095.07:28:00/wx/1.09,555.6,38.5,3.52,335,2.30
2024.095.07:29:00/wx/0.80,555.6,40.3,3.40,329,2.27
2024.095.07:30:00/wx/1.00,555.6,39.2,3.65,325,2.27
2024.095.07:31:00/wx/1.20,555.5,38.4,3.26,332,2.23
2024.095.07:32:00/wx/0.91,555.6,39.5,3.04,331,2.34
2024.095.07:33:00/wx/0.70,555.5,40.9,2.71,337,2.35
2024.095.07:34:00/wx/0.77,555.5,40.1,2.80,333,2.30
2024.095.07:35:00/wx/0.84,555.6,40.1,3.15,330,2.32
2024.095.07:36:00/wx/1.17,555.6,38.5,3.15,324,2.27
2024.095.07:37:00/wx/1.40,555.6,37.9,3.03,331,2.30
2024.095.07:38:00/wx/1.71,555.6,36.3,2.96,328,2.29
2024.095.07:39:00/wx/2.11,555.6,33.9,2.82,344,2.29
2024.095.07:40:00/wx/1.98,555.6,34.4,2.70,334,2.28
2024.095.07:41:00/wx/1.80,555.5,34.9,2.67,343,2.24
2024.095.07:42:00/wx/1.70,555.5,35.2,2.03,333,2.01
2024.095.07:43:00/wx/1.70,555.5,35.5,2.33,344,2.03
2024.095.07:44:00/wx/1.75,555.5,34.5,2.04,349,2.04
2024.095.07:45:00/wx/1.53,555.5,35.2,1.69,10,2.03
2024.095.07:46:00/wx/1.21,555.5,36.3,1.53,351,2.05
2024.095.07:47:00/wx/1.10,555.6,36.7,1.73,358,2.06
2024.095.07:48:00/wx/1.00,555.5,37.1,1.88,352,2.09
2024.095.07:49:00/wx/0.92,555.5,37.3,1.73,345,2.09
2024.095.07:50:00/wx/1.56,555.5,34.5,1.99,337,2.08
2024.095.07:51:00/wx/1.61,555.5,34.3,1.61,351,2.06
2024.095.07:52:00/wx/1.50,555.5,34.9,2.07,355,2.02
2024.095.07:53:00/wx/1.29,555.5,35.3,1.86,335,2.02
2024.095.07:54:00/wx/1.20,555.5,35.4,1.85,341,2.02
2024.095.07:55:00/wx/1.31,555.5,35.3,1.85,330,2.02
2024.095.07:56:00/wx/1.20,555.5,35.9,1.83,326,2.01
2024.095.07:57:00/wx/1.20,555.5,36.6,1.89,327,1.97
2024.095.07:58:00/wx/0.95,555.5,38.7,2.43,328,1.97
2024.095.07:59:00/wx/1.00,555.5,38.2,2.28,338,2.02
2024.095.08:00:00/wx/1.00,555.5,37.7,2.22,337,2.00
2024.095.08:01:00/wx/0.69,555.5,39.0,2.53,344,2.78
2024.095.08:02:00/wx/0.83,555.4,38.1,2.76,346,2.05
2024.095.08:03:00/wx/0.67,555.5,38.7,3.66,337,2.02
2024.095.08:04:00/wx/1.27,555.4,36.9,4.00,343,2.01
2024.095.08:05:00/wx/1.40,555.4,36.0,3.43,341,1.99
2024.095.08:06:00/wx/1.31,555.5,35.8,3.02,342,2.00
2024.095.08:07:00/wx/1.40,555.4,34.8,2.84,350,1.97
2024.095.08:08:00/wx/0.93,555.4,36.8,2.74,350,1.95
2024.095.08:09:00/wx/0.01,555.4,39.8,2.88,354,1.99
2024.095.08:10:00/wx/0.20,555.4,39.7,2.74,353,1.92
2024.095.08:11:00/wx/0.20,555.4,39.7,2.65,355,1.95
2024.095.08:12:00/wx/0.20,555.4,39.6,2.79,348,1.93
2024.095.08:13:00/wx/0.10,555.3,39.8,2.62,345,1.93
2024.095.08:14:00/wx/0.20,555.3,39.0,2.74,336,1.93
2024.095.08:15:00/wx/0.10,555.4,39.4,2.70,358,1.92
2024.095.08:16:00/wx/0.32,555.3,38.4,2.65,285,1.90
2024.095.08:17:00/wx/0.60,555.3,37.1,2.39,356,1.89
2024.095.08:18:00/wx/0.70,555.3,36.7,2.36,357,1.85
2024.095.08:19:00/wx/0.80,555.3,36.1,2.33,346,1.85
2024.095.08:20:00/wx/0.58,555.3,37.1,1.72,11,1.84
2024.095.08:21:00/wx/0.40,555.3,37.3,1.83,9,1.82
2024.095.08:22:00/wx/0.30,555.3,37.3,1.76,2,1.81
2024.095.08:23:00/wx/0.12,555.3,37.3,1.75,357,1.82
2024.095.08:24:00/wx/-0.10,555.3,38.1,1.60,357,1.82
2024.095.08:25:00/wx/0.01,555.3,37.8,1.95,358,1.76
2024.095.08:26:00/wx/0.30,555.2,36.6,1.78,346,1.77
2024.095.08:27:00/wx/0.40,555.2,35.9,2.09,351,1.78
2024.095.08:28:00/wx/0.40,555.2,35.9,2.11,344,1.75
2024.095.08:29:00/wx/0.40,555.2,36.1,2.03,348,1.74
2024.095.08:30:00/wx/0.40,555.2,35.9,2.03,346,1.76
2024.095.08:31:00/wx/0.43,555.2,35.8,2.38,347,1.79
2024.095.08:32:00/wx/0.66,555.2,34.7,2.35,338,1.77
2024.095.08:33:00/wx/0.90,555.2,33.4,2.13,332,1.78
2024.095.08:34:00/wx/1.00,555.2,32.9,1.73,341,1.77
2024.095.08:35:00/wx/1.22,555.2,31.5,2.25,340,1.74
2024.095.08:36:00/wx/1.10,555.2,31.8,2.49,350,1.76
2024.095.08:37:00/wx/1.10,555.2,31.3,2.18,353,1.76
2024.095.08:38:00/wx/1.10,555.2,30.8,2.30,347,1.75
2024.095.08:39:00/wx/1.00,555.2,31.4,1.94,332,1.78
2024.095.08:40:00/wx/0.66,555.2,32.3,2.47,351,1.77
2024.095.08:41:00/wx/0.39,555.2,32.8,2.23,4,1.78
2024.095.08:42:00/wx/0.30,555.2,33.1,1.68,353,1.76
2024.095.08:43:00/wx/0.30,555.2,33.0,2.14,353,1.77
2024.095.08:44:00/wx/0.60,555.2,31.8,2.25,349,1.76
2024.095.08:45:00/wx/0.70,555.2,31.5,1.95,1,1.80
2024.095.08:46:00/wx/0.66,555.2,31.9,1.54,234,1.81
2024.095.08:47:00/wx/0.70,555.2,31.4,1.49,313,1.81
2024.095.08:48:00/wx/0.80,555.2,31.0,1.34,356,1.82
2024.095.08:49:00/wx/0.79,555.2,30.9,1.35,358,1.87
2024.095.08:50:00/wx/0.70,555.2,31.3,1.19,2,1.88
2024.095.08:51:00/wx/0.70,555.2,31.4,1.30,6,1.87
2024.095.08:52:00/wx/0.70,555.2,31.2,1.51,335,1.85
2024.095.08:53:00/wx/0.70,555.2,30.8,1.52,348,1.85
2024.095.08:54:00/wx/0.50,555.2,31.3,1.25,337,1.87
2024.095.08:55:00/wx/0.29,555.2,32.1,1.37,335,1.98
2024.095.08:56:00/wx/0.30,555.2,31.6,1.93,332,1.98
2024.095.08:57:00/wx/0.50,555.2,30.2,1.94,335,1.95
2024.095.08:58:00/wx/0.50,555.2,30.3,2.62,344,1.92
2024.095.08:59:00/wx/0.67,555.2,29.6,2.07,358,1.93
2024.095.09:00:00/wx/0.50,555.2,30.5,2.04,354,1.87
2024.095.09:01:00/wx/0.60,555.2,30.3,2.58,347,1.89
2024.095.09:02:00/wx/0.80,555.2,29.9,2.63,339,1.83
2024.095.09:03:00/wx/1.02,555.2,29.1,2.92,337,1.87
2024.095.09:04:00/wx/1.20,555.2,29.3,2.67,343,1.87
2024.095.09:05:00/wx/0.88,555.2,30.6,2.91,341,1.87
2024.095.09:06:00/wx/1.30,555.2,29.4,2.62,335,1.87
2024.095.09:07:00/wx/1.00,555.2,29.5,2.63,329,1.85
2024.095.09:08:00/wx/0.88,555.2,30.1,2.73,336,1.86
2024.095.09:09:00/wx/0.70,555.2,30.1,2.52,339,1.85
2024.095.09:10:00/wx/0.74,555.2,28.8,1.99,350,1.83
2024.095.09:11:00/wx/0.60,555.3,29.7,2.41,348,1.84
2024.095.09:12:00/wx/0.40,555.2,30.5,2.35,352,1.87
2024.095.09:13:00/wx/0.30,555.2,31.1,2.50,350,1.85
2024.095.09:14:00/wx/0.00,555.3,31.9,1.57,23,1.83
2024.095.09:15:00/wx/-0.60,555.3,33.5,1.65,11,1.88
2024.095.09:16:00/wx/-0.70,555.3,33.9,1.70,11,1.86
2024.095.09:17:00/wx/-0.59,555.3,33.2,1.69,6,1.88
2024.095.09:18:00/wx/-0.73,555.3,33.7,1.43,23,1.84
2024.095.09:19:00/wx/-0.80,555.3,33.9,1.95,2,1.81
2024.095.09:20:00/wx/-0.71,555.3,33.1,2.39,387,1.82
2024.095.09:21:00/wx/-0.60,555.3,32.7,2.24,355,1.81
2024.095.09:22:00/wx/-0.70,555.3,33.0,2.24,355,1.82
2024.095.09:23:00/wx/-0.60,555.3,32.5,2.28,357,1.79
2024.095.09:24:00/wx/-0.60,555.3,31.9,2.47,351,1.79
2024.095.09:25:00/wx/-0.50,555.3,31.4,2.32,351,1.79
2024.095.09:26:00/wx/-0.29,555.2,30.2,2.64,346,1.75
2024.095.09:27:00/wx/-0.02,555.3,29.2,2.35,348,1.74
2024.095.09:28:00/wx/-0.31,555.3,30.0,2.13,348,1.77
2024.095.09:29:00/wx/-0.50,555.3,30.6,1.89,358,1.76
2024.095.09:30:00/wx/-0.70,555.3,32.0,1.60,4,1.79
2024.095.09:31:00/wx/-0.69,555.3,31.5,1.99,348,1.78
2024.095.09:32:00/wx/-0.40,555.2,29.8,2.51,342,1.75
2024.095.09:33:00/wx/-0.10,555.3,28.6,2.44,334,1.75
2024.095.09:34:00/wx/0.00,555.2,28.1,1.95,327,1.76
2024.095.09:35:00/wx/-0.10,555.3,28.4,1.83,334,1.77
2024.095.09:36:00/wx/-0.10,555.2,28.2,1.91,323,1.75
2024.095.09:37:00/wx/-0.15,555.2,28.0,1.99,327,1.74
2024.095.09:38:00/wx/-0.00,555.3,27.7,1.90,338,1.70
2024.095.09:39:00/wx/0.02,555.2,27.9,1.56,42,1.71
2024.095.09:40:00/wx/-0.30,555.2,29.0,1.65,350,1.71
2024.095.09:41:00/wx/-0.18,555.2,29.0,1.65,341,1.71
2024.095.09:42:00/wx/0.00,555.2,28.7,1.66,337,1.70
2024.095.09:43:00/wx/0.10,555.2,28.5,1.59,284,1.71
2024.095.09:44:00/wx/0.09,555.3,28.7,2.12,349,1.70
2024.095.09:45:00/wx/0.41,555.3,28.2,2.02,345,1.68
2024.095.09:46:00/wx/0.70,555.3,27.7,1.78,343,1.67
2024.095.09:47:00/wx/0.80,555.3,27.3,1.91,343,1.70
2024.095.09:48:00/wx/0.90,555.3,27.0,1.72,346,1.68
2024.095.09:49:00/wx/0.90,555.3,26.8,1.93,324,1.71
2024.095.09:50:00/wx/0.90,555.3,27.1,1.85,333,1.69
2024.095.09:51:00/wx/0.90,555.3,26.9,2.02,331,1.72
2024.095.09:52:00/wx/1.00,555.3,26.8,2.27,330,1.71
2024.095.09:53:00/wx/1.10,555.3,26.2,2.07,327,1.71
2024.095.09:54:00/wx/1.20,555.3,26.0,2.64,334,1.70
2024.095.09:55:00/wx/1.10,555.3,26.1,2.37,317,1.68
2024.095.09:56:00/wx/0.90,555.3,26.8,2.84,313,1.69
2024.095.09:57:00/wx/0.70,555.3,27.5,2.79,319,1.66
2024.095.09:58:00/wx/0.60,555.3,27.7,2.64,318,1.69
2024.095.09:59:00/wx/0.60,555.4,27.4,2.93,332,1.67
2024.095.10:00:00/wx/0.53,555.3,27.5,3.18,336,1.67
2024.095.10:01:00/wx/0.50,555.3,27.5,3.04,323,1.68
2024.095.10:02:00/wx/0.12,555.4,28.6,2.98,327,1.68
2024.095.10:03:00/wx/0.10,555.4,29.0,2.83,332,1.69
2024.095.10:04:00/wx/0.10,555.4,28.8,3.51,344,1.69
2024.095.10:05:00/wx/0.10,555.4,29.0,3.43,344,1.71
2024.095.10:06:00/wx/0.02,555.4,29.3,3.33,339,1.70
2024.095.10:07:00/wx/0.18,555.4,29.3,3.60,333,1.72
2024.095.10:08:00/wx/0.20,555.4,29.3,3.34,328,1.69
2024.095.10:09:00/wx/0.30,555.4,29.3,3.46,334,1.70
2024.095.10:10:00/wx/0.20,555.4,29.4,3.32,339,1.70
2024.095.10:11:00/wx/-0.08,555.4,29.9,3.17,333,1.70
2024.095.10:12:00/wx/-0.20,555.4,30.3,4.08,341,1.72
2024.095.10:13:00/wx/-0.20,555.4,30.5,3.56,330,1.70
2024.095.10:14:00/wx/-0.22,555.4,30.9,3.87,344,1.70
2024.095.10:15:00/wx/-0.20,555.5,30.8,4.53,351,1.71
2024.095.10:16:00/wx/0.36,555.4,29.9,4.61,349,1.74
2024.095.10:17:00/wx/0.60,555.5,29.1,4.92,350,1.70
2024.095.10:18:00/wx/0.70,555.5,29.0,4.99,345,1.72
2024.095.10:19:00/wx/0.80,555.5,28.7,4.37,352,1.76
2024.095.10:20:00/wx/0.70,555.5,28.9,4.57,345,1.73
2024.095.10:21:00/wx/0.79,555.5,28.6,4.61,347,1.76
2024.095.10:22:00/wx/0.80,555.5,28.8,4.64,353,1.74
2024.095.10:23:00/wx/0.58,555.5,29.5,4.93,350,1.74
2024.095.10:24:00/wx/0.54,555.5,29.7,5.15,351,1.74
2024.095.10:25:00/wx/0.87,555.5,28.5,5.60,347,1.72
2024.095.10:26:00/wx/1.09,555.5,28.0,4.69,351,1.74
2024.095.10:27:00/wx/0.71,555.5,28.7,4.83,344,1.73
2024.095.10:28:00/wx/1.00,555.5,28.4,4.85,343,1.72
2024.095.10:29:00/wx/1.04,555.5,28.3,4.49,339,1.71
2024.095.10:30:00/wx/1.13,555.5,28.1,3.98,341,1.73
2024.095.10:31:00/wx/1.00,555.6,28.7,4.72,343,1.74
2024.095.10:32:00/wx/1.20,555.6,28.3,4.12,340,1.73
2024.095.10:33:00/wx/0.97,555.6,28.8,4.07,337,1.69
2024.095.10:34:00/wx/0.64,555.6,29.7,4.38,327,1.72
2024.095.10:35:00/wx/0.60,555.6,29.7,4.30,331,1.73
2024.095.10:36:00/wx/0.40,555.6,30.1,3.93,325,1.72
2024.095.10:37:00/wx/0.20,555.6,31.0,3.84,340,1.68
2024.095.10:38:00/wx/0.10,555.6,31.3,3.71,335,1.73
2024.095.10:39:00/wx/0.00,555.6,31.6,3.25,327,1.73
2024.095.10:40:00/wx/0.20,555.6,31.3,3.71,334,1.72
2024.095.10:41:00/wx/0.30,555.6,31.1,3.54,335,1.73
2024.095.10:42:00/wx/0.30,555.6,31.0,3.68,329,-11.00
2024.095.10:43:00/wx/0.30,555.6,30.7,3.79,335,1.74
2024.095.10:44:00/wx/0.50,555.6,30.3,4.07,337,1.76
2024.095.10:45:00/wx/0.70,555.7,29.7,3.75,336,1.80
2024.095.10:46:00/wx/0.81,555.6,29.4,4.38,339,1.82
2024.095.10:47:00/wx/0.87,555.6,29.3,3.80,331,1.79
2024.095.10:48:00/wx/0.90,555.7,29.7,4.01,331,1.77
2024.095.10:49:00/wx/0.81,555.7,30.1,4.34,328,1.77
2024.095.10:50:00/wx/0.90,555.7,29.8,4.33,335,1.76
2024.095.10:51:00/wx/1.00,555.7,29.2,4.29,336,1.77
2024.095.10:52:00/wx/1.15,555.7,28.7,4.30,337,1.76
2024.095.10:53:00/wx/1.14,555.7,28.6,3.72,335,1.73
2024.095.10:54:00/wx/1.01,555.7,29.4,3.93,337,1.73
2024.095.10:55:00/wx/0.90,555.7,29.9,3.52,336,1.74
2024.095.10:56:00/wx/0.80,555.7,29.9,3.65,333,1.75
2024.095.10:57:00/wx/0.70,555.7,30.0,3.69,333,1.70
2024.095.10:58:00/wx/0.68,555.7,30.2,3.90,340,1.72
2024.095.10:59:00/wx/0.80,555.7,29.7,3.44,340,1.72
2024.095.11:00:00/wx/0.71,555.7,29.7,4.52,338,1.69
2024.095.11:01:00/wx/0.70,555.7,29.4,3.88,330,1.70
2024.095.11:02:00/wx/1.00,555.7,28.3,3.86,331,1.69
2024.095.11:03:00/wx/0.90,555.7,28.5,3.74,329,1.71
2024.095.11:04:00/wx/0.88,555.7,28.7,3.80,338,1.70
2024.095.11:05:00/wx/0.80,555.7,29.0,3.57,331,1.68
2024.095.11:06:00/wx/0.90,555.7,28.2,3.94,327,1.69
2024.095.11:07:00/wx/1.30,555.8,27.2,4.81,328,1.69
2024.095.11:08:00/wx/1.50,555.8,26.9,4.72,325,1.68
2024.095.11:09:00/wx/1.68,555.7,26.3,4.26,333,1.70
2024.095.11:10:00/wx/1.30,555.8,27.6,4.07,326,1.71
2024.095.11:11:00/wx/1.06,555.8,27.8,4.19,332,1.71
2024.095.11:12:00/wx/1.10,555.8,27.9,4.33,335,1.72
2024.095.11:13:00/wx/0.91,555.8,27.9,3.96,335,1.69
2024.095.11:14:00/wx/1.04,555.8,28.1,4.20,335,1.66
2024.095.11:15:00/wx/0.85,555.8,28.7,4.53,334,1.71
2024.095.11:16:00/wx/0.70,555.8,29.4,3.71,330,1.70
2024.095.11:17:00/wx/0.70,555.9,29.3,4.23,331,1.65
2024.095.11:18:00/wx/0.78,555.8,28.9,4.49,329,1.70
2024.095.11:19:00/wx/0.16,555.9,30.9,4.42,326,1.70
2024.095.11:20:00/wx/0.03,555.8,31.4,4.68,328,1.68
2024.095.11:21:00/wx/0.00,555.8,31.7,4.36,333,1.64
2024.095.11:22:00/wx/0.41,555.9,30.4,4.55,345,1.68
2024.095.11:23:00/wx/0.70,555.8,29.8,4.36,333,1.66
2024.095.11:24:00/wx/0.77,555.9,29.1,4.60,341,1.67
2024.095.11:25:00/wx/0.60,555.8,29.5,4.37,333,1.63
2024.095.11:26:00/wx/0.70,555.9,29.3,4.14,339,1.67
2024.095.11:27:00/wx/0.29,555.9,30.1,4.34,335,1.64
2024.095.11:28:00/wx/0.27,555.9,30.2,4.13,339,1.65
2024.095.11:29:00/wx/0.35,555.9,29.7,4.28,336,1.64
2024.095.11:30:00/wx/0.60,555.9,29.3,3.84,345,1.59
2024.095.11:31:00/wx/0.69,555.9,29.1,3.82,343,1.62
2024.095.11:32:00/wx/0.71,555.9,28.9,3.88,20,1.64
2024.095.11:33:00/wx/0.80,555.9,28.8,3.68,345,1.67
2024.095.11:34:00/wx/0.75,556.0,28.7,3.63,343,1.65
2024.095.11:35:00/wx/0.91,556.0,28.5,4.01,339,1.67
2024.095.11:36:00/wx/0.90,556.0,28.3,3.23,346,1.64
2024.095.11:37:00/wx/0.90,556.0,28.2,2.92,349,1.68
2024.095.11:38:00/wx/0.90,556.0,27.7,3.03,347,1.65
2024.095.11:39:00/wx/1.31,556.0,26.7,2.63,347,1.61
2024.095.11:40:00/wx/1.30,556.0,26.6,2.93,24,1.64
2024.095.11:41:00/wx/1.40,556.0,26.5,2.84,355,1.67
2024.095.11:42:00/wx/1.50,556.0,25.6,2.96,342,1.62
2024.095.11:43:00/wx/1.35,556.0,25.9,3.21,332,1.66
2024.095.11:44:00/wx/0.94,556.0,26.8,4.02,336,1.62
2024.095.11:45:00/wx/0.91,556.0,27.4,2.62,318,1.66
2024.095.11:46:00/wx/0.90,556.0,27.8,3.44,308,1.69
2024.095.11:47:00/wx/1.00,556.0,27.2,3.85,307,1.67
2024.095.11:48:00/wx/1.05,556.0,26.8,4.64,320,1.66
2024.095.11:49:00/wx/1.34,556.0,25.7,4.40,320,1.67
2024.095.11:50:00/wx/1.52,556.1,25.0,4.26,318,1.69
2024.095.11:51:00/wx/0.89,556.1,27.1,4.05,316,1.76
2024.095.11:52:00/wx/0.68,556.1,29.0,3.46,314,1.75
2024.095.11:53:00/wx/0.38,556.1,29.3,4.18,323,1.80
2024.095.11:54:00/wx/0.76,556.1,28.1,4.30,332,1.80
2024.095.11:55:00/wx/1.00,556.1,27.8,4.56,322,1.77
2024.095.11:56:00/wx/0.89,556.1,28.4,3.60,321,1.78
2024.095.11:57:00/wx/1.10,556.1,26.5,4.51,340,1.70
2024.095.11:58:00/wx/1.79,556.1,24.6,5.29,344,1.72
2024.095.11:59:00/wx/1.27,556.1,26.7,3.89,328,1.77
2024.095.12:00:00/wx/0.90,556.1,27.7,4.73,338,1.74
2024.095.12:01:00/wx/1.38,556.1,26.3,4.88,330,1.72
2024.095.12:02:00/wx/1.42,556.1,26.0,3.90,332,1.75
2024.095.12:03:00/wx/1.19,556.1,27.0,4.87,344,1.72
2024.095.12:04:00/wx/1.40,556.1,26.3,4.91,333,1.73
2024.095.12:05:00/wx/1.71,556.1,25.5,4.86,338,1.77
2024.095.12:06:00/wx/2.20,556.1,23.8,4.39,333,1.77
2024.095.12:07:00/wx/2.20,556.1,24.2,4.23,338,1.80
2024.095.12:08:00/wx/1.93,556.2,25.3,4.88,337,1.79
2024.095.12:09:00/wx/1.60,556.2,26.5,4.15,331,1.79
2024.095.12:10:00/wx/1.60,556.1,26.7,4.43,329,1.82
2024.095.12:11:00/wx/1.49,556.1,27.1,4.75,331,1.80
2024.095.12:12:00/wx/1.70,556.1,26.7,4.20,335,1.83
2024.095.12:13:00/wx/1.60,556.2,27.5,4.37,335,1.82
2024.095.12:14:00/wx/1.70,556.2,26.5,5.23,339,1.81
2024.095.12:15:00/wx/1.59,556.2,27.2,3.99,333,1.84
2024.095.12:16:00/wx/1.40,556.2,28.4,4.14,332,1.85
2024.095.12:17:00/wx/1.30,556.2,29.0,4.77,337,1.89
2024.095.12:18:00/wx/1.60,556.2,27.8,5.04,332,1.85
2024.095.12:19:00/wx/2.01,556.2,25.5,4.01,343,1.88
2024.095.12:20:00/wx/2.30,556.2,25.0,3.99,332,1.92
2024.095.12:21:00/wx/2.03,556.3,26.7,4.25,330,1.89
2024.095.12:22:00/wx/2.00,556.3,26.7,3.76,331,1.91
2024.095.12:23:00/wx/1.90,556.3,27.4,4.13,328,1.97
2024.095.12:24:00/wx/2.09,556.3,26.4,4.34,323,1.93
2024.095.12:25:00/wx/1.90,556.3,27.2,4.36,328,1.92
2024.095.12:26:00/wx/1.61,556.3,29.3,4.12,325,1.95
2024.095.12:27:00/wx/1.04,556.3,32.9,3.91,318,1.93
2024.095.12:28:00/wx/0.70,556.4,34.3,3.83,306,1.96
2024.095.12:29:00/wx/0.81,556.4,32.8,4.19,309,1.96
2024.095.12:30:00/wx/1.34,556.4,30.1,3.87,314,2.03
2024.095.12:31:00/wx/1.60,556.4,28.7,3.36,317,2.03
2024.095.12:32:00/wx/1.88,556.4,26.5,4.12,314,1.95
2024.095.12:33:00/wx/2.10,556.4,25.9,3.75,312,2.04
2024.095.12:34:00/wx/2.20,556.4,25.9,4.32,316,2.04
2024.095.12:35:00/wx/2.10,556.4,26.8,4.22,316,2.04
2024.095.12:36:00/wx/2.11,556.5,26.9,4.16,318,2.08
2024.095.12:37:00/wx/2.21,556.5,27.0,4.22,319,2.06
2024.095.12:38:00/wx/1.90,556.5,27.2,3.10,300,2.08
2024.095.12:39:00/wx/1.90,556.5,26.8,3.20,292,2.09
2024.095.12:40:00/wx/2.00,556.5,26.8,2.87,291,2.06
2024.095.12:41:00/wx/2.10,556.5,26.4,2.51,290,2.00
2024.095.12:42:00/wx/2.10,556.5,26.5,2.43,290,2.01
2024.095.12:43:00/wx/2.10,556.5,27.1,2.46,286,2.05
2024.095.12:44:00/wx/2.09,556.6,26.2,2.59,290,2.06
2024.095.12:45:00/wx/2.20,556.6,26.1,2.31,282,2.08
2024.095.12:46:00/wx/2.20,556.6,26.4,2.05,281,2.07
2024.095.12:47:00/wx/2.20,556.6,27.2,1.83,278,2.07
2024.095.12:48:00/wx/2.20,556.6,26.5,1.43,279,2.12
2024.095.12:49:00/wx/2.10,556.6,26.9,1.90,278,2.11
2024.095.12:50:00/wx/2.10,556.6,26.6,2.10,280,2.16
2024.095.12:51:00/wx/2.20,556.6,26.4,2.53,293,2.19
2024.095.12:52:00/wx/2.20,556.6,26.2,2.27,277,2.20
2024.095.12:53:00/wx/2.20,556.6,27.1,2.06,280,2.17
2024.095.12:54:00/wx/2.30,556.6,26.4,2.07,275,2.17
2024.095.12:55:00/wx/2.30,556.6,26.2,1.84,271,2.19
2024.095.12:56:00/wx/2.30,556.6,26.5,2.03,277,2.20
2024.095.12:57:00/wx/2.20,556.6,27.5,2.08,282,2.21
2024.095.12:58:00/wx/2.23,556.7,27.2,2.72,287,2.22
2024.095.12:59:00/wx/2.30,556.7,27.5,2.02,282,2.23
2024.095.13:00:00/wx/2.40,556.7,27.2,2.54,286,2.15
2024.095.13:01:00/wx/2.30,556.7,27.6,2.43,287,2.22
2024.095.13:02:00/wx/2.29,556.7,27.4,2.26,300,2.25
2024.095.13:03:00/wx/1.73,556.7,35.3,1.86,19,2.23
2024.095.13:04:00/wx/1.76,556.7,33.8,1.23,39,2.33
2024.095.13:05:00/wx/2.09,556.7,31.6,1.20,33,2.33
2024.095.13:06:00/wx/2.30,556.7,31.5,1.41,39,2.31
2024.095.13:07:00/wx/2.34,556.7,29.8,0.67,18,2.35
2024.095.13:08:00/wx/2.94,556.8,29.3,0.56,21,2.30
2024.095.13:09:00/wx/3.85,556.8,27.1,0.37,327,2.39
2024.095.13:10:00/wx/4.00,556.8,25.6,1.03,322,2.38
2024.095.13:11:00/wx/3.80,556.8,25.9,0.93,340,2.38
2024.095.13:12:00/wx/4.00,556.8,25.1,0.81,124,2.41
2024.095.13:13:00/wx/4.31,556.8,26.1,0.28,59,2.03
2024.095.13:14:00/wx/4.98,556.8,23.3,0.46,145,2.40
2024.095.13:15:00/wx/5.80,556.8,22.5,0.33,329,2.40
2024.095.13:16:00/wx/6.10,556.8,21.8,0.61,343,2.42
2024.095.13:17:00/wx/5.91,556.8,22.6,0.89,286,2.44
2024.095.13:18:00/wx/5.84,556.8,23.0,0.22,330,2.37
2024.095.13:19:00/wx/5.51,556.8,23.0,0.63,311,2.43
2024.095.13:20:00/wx/5.29,556.8,23.5,0.53,256,2.45
2024.095.13:21:00/wx/4.87,556.8,24.1,0.59,270,2.48
2024.095.13:22:00/wx/4.64,556.8,24.3,0.48,283,2.42
2024.095.13:23:00/wx/4.53,556.8,24.7,0.82,253,2.38
2024.095.13:24:00/wx/4.41,556.9,24.9,0.85,282,2.43
2024.095.13:25:00/wx/4.10,556.8,25.5,0.75,281,2.33
2024.095.13:26:00/wx/4.10,556.9,26.3,0.76,292,2.38
2024.095.13:27:00/wx/3.84,556.9,27.3,0.78,276,2.45
2024.095.13:28:00/wx/3.62,556.9,26.6,1.04,276,2.39
2024.095.13:29:00/wx/3.30,556.9,27.3,1.33,281,2.40
2024.095.13:30:00/wx/3.10,556.9,28.8,1.69,280,2.44
2024.095.13:31:00/wx/2.80,556.9,31.2,2.85,302,2.51
2024.095.13:32:00/wx/2.70,556.9,32.3,3.20,299,2.49
2024.095.13:33:00/wx/2.70,556.9,30.1,2.94,305,2.51
2024.095.13:34:00/wx/2.80,556.9,29.7,3.04,305,2.51
2024.095.13:35:00/wx/2.80,557.0,30.8,3.33,310,2.54
2024.095.13:36:00/wx/2.70,557.0,31.9,2.96,303,2.52
2024.095.13:37:00/wx/2.70,557.0,32.6,3.36,299,2.54
2024.095.13:38:00/wx/2.70,557.0,33.5,3.64,306,2.62
2024.095.13:39:00/wx/2.81,557.0,29.7,3.53,302,2.62
2024.095.13:40:00/wx/2.93,557.0,28.7,3.67,309,2.63
2024.095.13:41:00/wx/3.04,557.0,28.8,3.47,301,2.67
2024.095.13:42:00/wx/2.90,557.0,32.1,3.55,301,2.71
2024.095.13:43:00/wx/2.90,557.1,32.0,3.73,302,2.66
2024.095.13:44:00/wx/3.00,557.0,30.1,3.92,305,2.66
2024.095.13:45:00/wx/2.90,557.1,33.3,3.79,299,2.70
2024.095.13:46:00/wx/2.90,557.1,34.2,3.84,299,2.66
2024.095.13:47:00/wx/2.90,557.1,30.9,4.25,291,2.68
2024.095.13:48:00/wx/2.90,557.1,31.8,4.25,300,2.67
2024.095.13:49:00/wx/3.00,557.1,30.9,4.89,302,2.66
2024.095.13:50:00/wx/3.00,557.1,30.4,4.30,296,2.75
2024.095.13:51:00/wx/3.00,557.1,31.1,4.28,297,2.75
2024.095.13:52:00/wx/3.00,557.1,29.9,3.94,301,2.73
2024.095.13:53:00/wx/2.80,557.1,34.6,4.27,302,2.74
2024.095.13:54:00/wx/2.80,557.1,33.0,4.39,280,2.84
2024.095.13:55:00/wx/2.96,557.1,28.8,2.81,302,2.83
2024.095.13:56:00/wx/3.11,557.1,29.0,3.93,281,2.81
2024.095.13:57:00/wx/3.10,557.1,30.7,4.33,295,2.83
2024.095.13:58:00/wx/2.99,557.1,30.9,4.69,288,2.87
2024.095.13:59:00/wx/3.00,557.2,29.9,3.51,277,2.90
2024.095.14:00:00/wx/3.20,557.2,29.6,4.08,293,2.92
2024.095.14:01:00/wx/3.30,557.2,29.7,3.23,280,2.97
2024.095.14:02:00/wx/3.30,557.2,29.1,4.64,299,3.01
2024.095.14:03:00/wx/3.07,557.2,30.8,4.67,289,2.95
2024.095.14:04:00/wx/2.90,557.2,31.0,4.34,279,2.98
2024.095.14:05:00/wx/3.18,557.3,29.2,2.88,268,2.99
2024.095.14:06:00/wx/3.10,557.3,32.1,3.42,279,3.03
2024.095.14:07:00/wx/3.10,557.2,29.3,3.65,271,3.02
2024.095.14:08:00/wx/3.00,557.3,34.5,3.68,281,3.06
2024.095.14:09:00/wx/3.10,557.3,31.7,4.13,284,3.07
2024.095.14:10:00/wx/3.10,557.2,28.6,3.63,279,3.16
2024.095.14:11:00/wx/3.00,557.3,29.3,4.13,283,3.02
2024.095.14:12:00/wx/3.01,557.3,29.8,4.34,279,3.05
2024.095.14:13:00/wx/3.10,557.3,28.0,3.45,280,3.04
2024.095.14:14:00/wx/3.10,557.3,28.3,4.67,289,3.03
2024.095.14:15:00/wx/3.10,557.3,28.1,4.50,296,3.09
2024.095.14:16:00/wx/3.10,557.3,28.9,3.93,287,3.09
2024.095.14:17:00/wx/3.10,557.3,28.7,4.10,287,3.05
2024.095.14:18:00/wx/3.15,557.3,30.5,3.25,282,3.17
2024.095.14:19:00/wx/3.00,557.3,32.5,4.00,298,3.12
2024.095.14:20:00/wx/3.00,557.3,30.8,3.54,281,3.13
2024.095.14:21:00/wx/3.10,557.3,28.6,3.92,295,3.23
2024.095.14:22:00/wx/3.10,557.3,28.5,3.96,296,3.22
2024.095.14:23:00/wx/3.10,557.3,28.9,3.56,285,3.21
2024.095.14:24:00/wx/3.20,557.4,28.0,3.63,285,3.08
2024.095.14:25:00/wx/3.10,557.3,28.4,3.63,288,3.10
2024.095.14:26:00/wx/3.10,557.3,28.8,3.61,294,3.16
2024.095.14:27:00/wx/3.10,557.4,31.3,3.95,302,3.12
2024.095.14:28:00/wx/3.04,557.4,31.5,4.05,297,3.10
2024.095.14:29:00/wx/3.10,557.4,30.9,4.42,305,3.09
2024.095.14:30:00/wx/3.00,557.4,31.7,3.93,289,3.03
2024.095.14:31:00/wx/2.90,557.4,35.9,3.94,293,3.18
2024.095.14:32:00/wx/2.90,557.4,35.4,3.75,294,3.11
2024.095.14:33:00/wx/2.80,557.4,37.0,3.87,298,3.10
2024.095.14:34:00/wx/2.80,557.3,35.0,4.11,291,3.14
2024.095.14:35:00/wx/2.70,557.3,37.4,4.33,297,3.20
2024.095.14:36:00/wx/2.70,557.3,37.1,4.00,298,3.21
2024.095.14:37:00/wx/2.74,557.4,35.5,4.08,297,3.18
2024.095.14:38:00/wx/2.98,557.4,30.8,4.06,293,3.16
2024.095.14:39:00/wx/3.00,557.4,31.8,4.63,293,3.21
2024.095.14:40:00/wx/2.90,557.4,32.2,4.37,285,3.25
2024.095.14:41:00/wx/3.00,557.4,32.3,3.86,287,3.30
2024.095.14:42:00/wx/3.00,557.4,32.7,4.46,293,3.07
2024.095.14:43:00/wx/3.00,557.4,31.6,3.57,288,3.10
2024.095.14:44:00/wx/3.10,557.4,32.8,3.43,295,3.14
2024.095.14:45:00/wx/3.10,557.4,32.7,3.70,306,3.13
2024.095.14:46:00/wx/3.10,557.4,36.1,3.99,308,3.18
2024.095.14:47:00/wx/2.90,557.4,39.7,3.70,305,3.26
2024.095.14:48:00/wx/2.90,557.4,40.5,3.46,301,3.19
2024.095.14:49:00/wx/2.80,557.4,36.6,4.92,295,3.11
2024.095.14:50:00/wx/3.00,557.4,32.4,4.00,300,3.13
2024.095.14:51:00/wx/2.95,557.5,35.7,4.18,300,3.13
2024.095.14:52:00/wx/3.00,557.5,34.4,4.77,302,3.10
2024.095.14:53:00/wx/3.10,557.4,33.3,4.04,306,3.07
2024.095.14:54:00/wx/3.19,557.5,35.9,3.92,313,3.04
2024.095.14:55:00/wx/3.10,557.5,36.5,3.59,310,3.07
2024.095.14:56:00/wx/3.05,557.5,37.7,4.47,295,2.95
2024.095.14:57:00/wx/2.99,557.5,33.6,4.45,288,3.07
2024.095.14:58:00/wx/3.00,557.5,32.6,4.23,297,2.99
2024.095.14:59:00/wx/3.10,557.5,32.9,3.73,305,3.00
2024.095.15:00:00/wx/3.00,557.5,37.0,3.49,305,2.96
2024.095.15:01:00/wx/2.90,557.5,38.6,3.80,292,2.91
2024.095.15:02:00/wx/2.90,557.5,37.2,4.40,301,2.95
2024.095.15:03:00/wx/2.90,557.5,33.7,4.83,300,3.00
2024.095.15:04:00/wx/3.00,557.5,33.5,4.66,301,3.03
2024.095.15:05:00/wx/3.05,557.5,33.4,4.83,302,2.97
2024.095.15:06:00/wx/3.10,557.5,34.8,4.49,314,2.95
2024.095.15:07:00/wx/3.10,557.5,33.4,4.62,310,2.88
2024.095.15:08:00/wx/2.90,557.5,37.7,5.27,296,2.92
2024.095.15:09:00/wx/2.90,557.5,35.9,5.11,305,3.14
2024.095.15:10:00/wx/3.00,557.5,34.3,4.89,310,3.24
2024.095.15:11:00/wx/3.00,557.5,38.3,4.40,309,3.24
2024.095.15:12:00/wx/2.90,557.5,41.5,4.33,306,3.41
2024.095.15:13:00/wx/2.91,557.5,35.9,4.26,298,3.24
2024.095.15:14:00/wx/3.20,557.5,33.4,4.60,307,3.27
2024.095.15:15:00/wx/3.20,557.5,34.7,4.41,309,3.29
2024.095.15:16:00/wx/3.01,557.5,37.4,5.81,298,3.34
2024.095.15:17:00/wx/3.00,557.5,34.9,4.34,297,3.31
2024.095.15:18:00/wx/3.00,557.5,37.0,4.31,303,3.29
2024.095.15:19:00/wx/3.00,557.5,39.7,4.78,303,3.17
2024.095.15:20:00/wx/2.90,557.5,37.4,5.47,306,3.17
2024.095.15:21:00/wx/3.10,557.5,34.7,4.72,310,3.22
2024.095.15:22:00/wx/3.20,557.5,31.9,5.09,309,3.27
2024.095.15:23:00/wx/3.20,557.5,33.6,6.12,314,3.37
2024.095.15:24:00/wx/3.20,557.5,33.2,5.62,305,3.35
2024.095.15:25:00/wx/3.20,557.5,35.1,5.37,308,3.32
2024.095.15:26:00/wx/3.20,557.5,33.8,5.41,307,3.33
2024.095.15:27:00/wx/3.20,557.5,34.6,4.35,309,3.28
2024.095.15:28:00/wx/3.20,557.5,34.1,5.80,309,3.35
2024.095.15:29:00/wx/3.20,557.5,34.5,5.74,306,3.38
2024.095.15:30:00/wx/3.20,557.5,35.3,5.44,306,3.31
2024.095.15:31:00/wx/3.10,557.5,37.0,5.43,288,3.32
2024.095.15:32:00/wx/3.10,557.4,37.3,4.96,299,3.33
2024.095.15:33:00/wx/3.00,557.5,38.1,6.61,291,3.39
2024.095.15:34:00/wx/3.17,557.5,33.3,5.51,301,3.43
2024.095.15:35:00/wx/3.20,557.5,37.4,5.20,312,3.30
2024.095.15:36:00/wx/3.30,557.4,34.7,5.04,299,3.34
2024.095.15:37:00/wx/3.29,557.5,36.1,5.77,298,3.34
2024.095.15:38:00/wx/3.10,557.5,38.8,6.15,289,3.55
2024.095.15:39:00/wx/3.10,557.5,37.5,6.17,289,3.68
2024.095.15:40:00/wx/3.10,557.5,36.8,5.51,294,3.53
2024.095.15:41:00/wx/3.10,557.5,37.6,6.38,299,3.60
2024.095.15:42:00/wx/3.23,557.5,35.9,6.72,295,3.73
2024.095.15:43:00/wx/3.24,557.5,37.9,5.34,294,3.64
2024.095.15:44:00/wx/3.10,557.5,39.1,6.14,286,3.62
2024.095.15:45:00/wx/3.00,557.5,36.9,6.23,290,3.69
2024.095.15:46:00/wx/3.10,557.5,35.5,6.68,304,3.58
2024.095.15:47:00/wx/3.13,557.5,37.0,6.56,298,3.51
2024.095.15:48:00/wx/3.30,557.5,36.3,5.69,303,3.61
2024.095.15:49:00/wx/3.20,557.5,38.4,6.44,301,3.58
2024.095.15:50:00/wx/3.40,557.5,34.5,6.33,297,3.77
2024.095.15:51:00/wx/3.30,557.5,36.5,6.13,296,3.55
2024.095.15:52:00/wx/3.30,557.5,34.8,5.59,297,3.65
2024.095.15:53:00/wx/3.24,557.5,39.9,4.24,301,3.23
2024.095.15:54:00/wx/3.10,557.5,42.0,5.92,294,3.57
2024.095.15:55:00/wx/3.10,557.5,39.3,6.43,296,3.55
2024.095.15:56:00/wx/3.20,557.5,39.3,6.65,289,3.41
2024.095.15:57:00/wx/3.30,557.5,35.3,6.41,279,3.50
2024.095.15:58:00/wx/3.40,557.5,34.1,5.84,287,3.57
2024.095.15:59:00/wx/3.20,557.5,37.5,6.49,288,3.54
2024.095.16:00:00/wx/3.10,557.5,37.4,7.49,305,3.44
2024.095.16:01:00/wx/3.30,557.5,35.4,7.86,315,3.50
2024.095.16:02:00/wx/3.20,557.5,37.8,5.21,294,3.52
2024.095.16:03:00/wx/3.18,557.5,39.7,6.01,293,3.55
2024.095.16:04:00/wx/3.20,557.5,40.6,6.12,300,3.53
2024.095.16:05:00/wx/3.20,557.5,38.1,6.91,307,3.54
2024.095.16:06:00/wx/3.43,557.5,35.0,6.33,305,3.48
2024.095.16:07:00/wx/3.40,557.5,35.5,8.08,300,3.44
2024.095.16:08:00/wx/3.50,557.5,34.7,6.07,299,3.43
2024.095.16:09:00/wx/3.50,557.5,35.7,6.13,288,3.51
2024.095.16:10:00/wx/3.29,557.5,39.8,7.16,291,3.52
2024.095.16:11:00/wx/3.36,557.5,36.9,6.49,294,3.46
2024.095.16:12:00/wx/3.30,557.5,39.3,6.26,300,3.36
2024.095.16:13:00/wx/3.10,557.4,42.1,6.81,283,3.42
2024.095.16:14:00/wx/3.10,557.5,38.2,7.03,289,3.33
