2024.099.22:12:00;APEX Database Weather Data for Timerange of e24c09
2024.099.22:12:00;The format is wx/temp[C],press[mbar],humid[%],speed[m/s],direction[deg],pwv[mm]
2024.099.22:13:00/wx/0.40,556.7,26.3,11.00,249,1.48
2024.099.22:14:00/wx/0.40,556.8,27.2,10.62,248,1.47
2024.099.22:15:00/wx/0.61,556.8,25.2,9.95,240,1.47
2024.099.22:16:00/wx/0.70,556.7,24.7,9.38,237,1.43
2024.099.22:17:00/wx/0.50,556.7,26.3,9.43,249,1.46
2024.099.22:18:00/wx/0.20,556.8,29.0,8.60,238,1.43
2024.099.22:19:00/wx/0.51,556.8,25.4,10.77,237,1.41
2024.099.22:20:00/wx/0.68,556.8,24.0,9.45,228,1.37
2024.099.22:21:00/wx/0.50,556.8,25.6,8.95,228,1.40
2024.099.22:22:00/wx/0.60,556.7,24.4,8.79,241,1.41
2024.099.22:23:00/wx/0.60,556.8,24.0,10.75,230,1.42
2024.099.22:24:00/wx/0.50,556.8,24.1,8.66,228,1.43
2024.099.22:25:00/wx/0.36,556.8,25.1,8.22,229,1.48
2024.099.22:26:00/wx/0.30,556.8,25.5,7.59,233,1.43
2024.099.22:27:00/wx/0.30,556.8,26.0,8.81,239,1.49
2024.099.22:28:00/wx/0.40,556.8,24.6,8.92,237,1.45
2024.099.22:29:00/wx/0.40,556.8,24.7,9.45,240,1.44
2024.099.22:30:00/wx/0.26,556.8,26.2,7.72,249,1.43
2024.099.22:31:00/wx/-0.12,556.8,29.2,6.84,243,1.42
2024.099.22:32:00/wx/0.09,556.8,26.9,7.04,229,1.43
2024.099.22:33:00/wx/0.30,556.8,24.9,6.40,229,1.42
2024.099.22:34:00/wx/0.08,556.8,25.7,7.40,231,1.43
2024.099.22:35:00/wx/0.00,556.8,25.9,8.91,227,1.41
2024.099.22:36:00/wx/0.10,556.8,24.3,9.40,232,1.39
2024.099.22:37:00/wx/-0.10,556.8,25.6,8.71,230,1.42
2024.099.22:38:00/wx/0.00,556.8,25.0,7.82,228,1.37
2024.099.22:39:00/wx/0.00,556.8,25.0,8.11,227,1.30
2024.099.22:40:00/wx/-0.10,556.8,25.4,8.06,224,1.36
2024.099.22:41:00/wx/-0.10,556.8,25.3,8.59,229,1.32
2024.099.22:42:00/wx/-0.20,556.8,26.0,7.92,228,1.35
2024.099.22:43:00/wx/-0.20,556.8,26.0,6.43,227,1.35
2024.099.22:44:00/wx/-0.24,556.8,25.9,6.44,231,1.36
2024.099.22:45:00/wx/-0.29,556.8,26.3,6.92,222,1.34
2024.099.22:46:00/wx/-0.39,556.8,26.7,7.82,227,1.35
2024.099.22:47:00/wx/-0.40,556.8,26.5,6.98,233,1.36
2024.099.22:48:00/wx/-0.29,556.8,26.1,7.72,230,1.34
2024.099.22:49:00/wx/-0.29,556.8,26.2,6.62,228,1.36
2024.099.22:50:00/wx/-0.50,556.8,27.5,7.09,229,1.32
2024.099.22:51:00/wx/-0.50,556.8,27.4,6.49,223,1.28
2024.099.22:52:00/wx/-0.40,556.8,26.6,7.35,228,1.31
2024.099.22:53:00/wx/-0.50,556.8,27.0,5.57,231,1.29
2024.099.22:54:00/wx/-0.50,556.8,27.0,6.08,230,1.28
2024.099.22:55:00/wx/-0.50,556.8,26.8,6.36,235,1.30
2024.099.22:56:00/wx/-0.60,556.9,27.4,5.82,244,1.28
2024.099.22:57:00/wx/-0.80,556.9,30.0,6.50,239,1.57
2024.099.22:58:00/wx/-0.83,556.9,35.8,5.69,234,1.59
2024.099.22:59:00/wx/-1.00,556.9,37.0,6.91,225,1.57
2024.099.23:00:00/wx/-1.00,556.8,37.4,7.88,234,1.71
2024.099.23:01:00/wx/-1.10,556.9,39.8,8.42,226,1.76
2024.099.23:02:00/wx/-1.10,556.9,40.8,8.08,227,1.76
2024.099.23:03:00/wx/-1.30,556.9,42.5,8.66,226,1.74
2024.099.23:04:00/wx/-1.30,556.9,43.0,8.52,228,1.72
2024.099.23:05:00/wx/-1.20,556.9,42.6,7.99,227,1.73
2024.099.23:06:00/wx/-1.30,556.9,43.2,7.93,226,1.51
2024.099.23:07:00/wx/-1.30,556.9,43.0,7.18,226,1.54
2024.099.23:08:00/wx/-1.40,556.9,43.2,6.77,229,1.55
2024.099.23:09:00/wx/-1.30,556.9,42.6,7.85,227,1.50
2024.099.23:10:00/wx/-1.30,556.9,42.6,7.47,223,1.50
2024.099.23:11:00/wx/-1.40,556.9,43.4,8.31,221,1.54
2024.099.23:12:00/wx/-1.36,556.9,42.5,7.64,226,1.59
2024.099.23:13:00/wx/-1.40,556.9,43.2,7.82,221,1.61
2024.099.23:14:00/wx/-1.50,557.0,44.3,8.11,224,1.66
2024.099.23:15:00/wx/-1.60,557.0,45.4,7.22,229,1.65
2024.099.23:16:00/wx/-1.59,557.0,45.8,7.69,223,1.64
2024.099.23:17:00/wx/-1.65,557.0,46.5,6.95,228,1.64
2024.099.23:18:00/wx/-1.70,557.0,46.5,7.83,227,1.71
2024.099.23:19:00/wx/-1.61,557.0,46.2,6.91,223,1.78
2024.099.23:20:00/wx/-1.70,557.0,46.4,7.45,229,1.76
2024.099.23:21:00/wx/-1.70,557.0,46.9,8.38,224,1.74
2024.099.23:22:00/wx/-1.70,557.0,46.8,7.79,223,1.71
2024.099.23:23:00/wx/-1.70,557.0,47.1,7.68,225,1.68
2024.099.23:24:00/wx/-1.80,557.0,47.1,8.37,226,1.75
2024.099.23:25:00/wx/-1.80,557.0,47.5,7.11,223,1.75
2024.099.23:26:00/wx/-1.80,557.0,47.4,7.91,227,1.78
2024.099.23:27:00/wx/-1.80,557.0,47.4,6.70,226,1.75
2024.099.23:28:00/wx/-1.81,557.0,47.5,7.56,225,1.73
2024.099.23:29:00/wx/-1.90,557.0,47.6,7.22,225,1.74
2024.099.23:30:00/wx/-1.90,557.0,47.9,7.79,223,1.73
2024.099.23:31:00/wx/-1.80,557.0,47.2,7.05,228,1.72
2024.099.23:32:00/wx/-1.90,557.0,47.5,7.48,224,1.73
2024.099.23:33:00/wx/-1.90,557.0,47.9,8.52,225,1.74
2024.099.23:34:00/wx/-1.90,557.0,48.0,8.02,229,1.75
2024.099.23:35:00/wx/-1.91,557.0,48.4,7.55,225,1.71
2024.099.23:36:00/wx/-2.00,557.0,48.7,7.79,225,1.70
2024.099.23:37:00/wx/-2.10,557.0,49.2,7.52,223,1.70
2024.099.23:38:00/wx/-2.10,557.0,49.3,6.88,227,1.55
2024.099.23:39:00/wx/-2.10,557.1,49.3,6.72,227,1.54
2024.099.23:40:00/wx/-2.20,557.0,49.5,7.60,223,1.54
2024.099.23:41:00/wx/-2.20,557.0,49.9,6.65,226,1.54
2024.099.23:42:00/wx/-2.20,557.0,50.0,7.29,225,1.54
2024.099.23:43:00/wx/-2.30,557.0,50.1,7.21,223,1.53
2024.099.23:44:00/wx/-2.30,557.0,50.5,6.58,229,1.53
2024.099.23:45:00/wx/-2.40,557.0,50.7,6.62,222,1.61
2024.099.23:46:00/wx/-2.30,557.1,50.5,7.24,222,1.52
2024.099.23:47:00/wx/-2.30,557.1,50.1,6.80,224,1.53
2024.099.23:48:00/wx/-2.30,557.1,50.2,5.82,218,1.51
2024.099.23:49:00/wx/-2.30,557.1,50.3,7.02,227,1.49
2024.099.23:50:00/wx/-2.40,557.1,50.7,7.01,221,1.48
2024.099.23:51:00/wx/-2.40,557.1,50.6,6.92,221,1.50
2024.099.23:52:00/wx/-2.49,557.1,50.7,7.22,221,1.47
2024.099.23:53:00/wx/-2.50,557.2,50.9,6.75,224,1.47
2024.099.23:54:00/wx/-2.50,557.1,51.1,6.41,223,1.48
2024.099.23:55:00/wx/-2.60,557.1,51.4,6.09,225,1.45
2024.099.23:56:00/wx/-2.60,557.1,51.6,6.19,225,1.52
2024.099.23:57:00/wx/-2.70,557.1,51.8,5.86,224,1.49
2024.099.23:58:00/wx/-2.60,557.2,51.6,6.63,222,1.51
2024.099.23:59:00/wx/-2.60,557.2,51.2,6.86,223,1.46
2024.100.00:00:00/wx/-2.60,557.2,51.3,6.71,225,1.47
2024.100.00:01:00/wx/-2.60,557.2,51.2,7.37,222,1.48
2024.100.00:02:00/wx/-2.60,557.2,51.1,6.02,223,1.45
2024.100.00:03:00/wx/-2.60,557.2,51.4,6.54,219,1.41
2024.100.00:04:00/wx/-2.60,557.2,51.3,6.46,223,1.39
2024.100.00:05:00/wx/-2.64,557.2,51.5,7.06,226,1.41
2024.100.00:06:00/wx/-2.60,557.2,51.1,6.67,220,1.38
2024.100.00:07:00/wx/-2.70,557.2,51.5,6.42,224,1.40
2024.100.00:08:00/wx/-2.70,557.3,51.7,6.12,222,1.41
2024.100.00:09:00/wx/-2.80,557.2,52.0,5.68,227,1.38
2024.100.00:10:00/wx/-2.90,557.2,52.4,5.39,221,1.26
2024.100.00:11:00/wx/-2.90,557.2,52.6,6.48,222,1.25
2024.100.00:12:00/wx/-2.80,557.2,52.1,6.74,218,1.23
2024.100.00:13:00/wx/-2.80,557.2,51.8,6.79,220,1.22
2024.100.00:14:00/wx/-2.75,557.2,51.6,6.19,219,1.24
2024.100.00:15:00/wx/-2.80,557.3,51.6,6.64,221,1.24
2024.100.00:16:00/wx/-2.80,557.3,51.5,6.43,222,1.24
2024.100.00:17:00/wx/-2.90,557.3,52.2,6.83,221,1.27
2024.100.00:18:00/wx/-2.90,557.3,52.3,6.44,219,1.26
2024.100.00:19:00/wx/-2.80,557.3,51.7,6.77,218,1.27
2024.100.00:20:00/wx/-2.90,557.3,51.7,5.93,214,1.26
2024.100.00:21:00/wx/-2.90,557.3,51.7,5.82,221,1.26
2024.100.00:22:00/wx/-2.90,557.3,51.8,5.93,221,1.26
2024.100.00:23:00/wx/-2.96,557.4,51.9,5.54,227,1.28
2024.100.00:24:00/wx/-3.07,557.3,52.3,5.30,226,1.31
2024.100.00:25:00/wx/-3.20,557.4,52.9,5.28,227,1.30
2024.100.00:26:00/wx/-3.20,557.4,52.9,5.06,221,1.27
2024.100.00:27:00/wx/-3.17,557.4,52.9,5.47,225,1.35
2024.100.00:28:00/wx/-3.10,557.4,52.4,5.93,218,1.34
2024.100.00:29:00/wx/-3.10,557.4,52.2,5.61,220,1.36
2024.100.00:30:00/wx/-3.00,557.4,52.0,5.53,217,1.31
2024.100.00:31:00/wx/-3.00,557.3,51.7,5.24,220,1.28
2024.100.00:32:00/wx/-3.00,557.4,51.9,6.28,217,1.28
2024.100.00:33:00/wx/-3.00,557.4,51.9,5.82,218,1.27
2024.100.00:34:00/wx/-3.08,557.4,52.2,6.33,217,1.25
2024.100.00:35:00/wx/-3.00,557.4,51.8,5.72,213,1.26
2024.100.00:36:00/wx/-2.90,557.4,51.4,6.29,212,1.19
2024.100.00:37:00/wx/-2.90,557.4,51.0,5.32,214,1.18
2024.100.00:38:00/wx/-2.90,557.4,51.0,5.28,211,1.19
2024.100.00:39:00/wx/-2.90,557.5,51.1,4.79,210,1.16
2024.100.00:40:00/wx/-3.00,557.4,51.8,4.53,212,1.16
2024.100.00:41:00/wx/-3.00,557.5,51.6,5.06,207,1.18
2024.100.00:42:00/wx/-3.00,557.5,51.3,4.97,212,1.22
2024.100.00:43:00/wx/-3.00,557.5,51.5,4.72,211,1.24
2024.100.00:44:00/wx/-3.00,557.5,50.9,4.63,212,1.25
2024.100.00:45:00/wx/-3.01,557.6,51.2,4.11,213,1.26
2024.100.00:46:00/wx/-3.03,557.6,51.2,3.84,215,1.27
2024.100.00:47:00/wx/-3.10,557.6,51.6,3.58,216,1.27
2024.100.00:48:00/wx/-3.20,557.6,52.0,3.19,218,1.27
2024.100.00:49:00/wx/-3.20,557.6,52.2,3.12,207,1.25
2024.100.00:50:00/wx/-3.29,557.6,52.2,3.11,215,1.30
2024.100.00:51:00/wx/-3.35,557.7,52.5,2.78,220,1.30
2024.100.00:52:00/wx/-3.40,557.7,52.9,2.93,214,1.30
2024.100.00:53:00/wx/-3.50,557.7,53.5,2.64,211,1.30
2024.100.00:54:00/wx/-3.60,557.7,54.0,2.41,211,1.31
2024.100.00:55:00/wx/-3.60,557.7,54.1,1.79,217,1.20
2024.100.00:56:00/wx/-3.70,557.7,54.7,1.62,215,1.36
2024.100.00:57:00/wx/-3.80,557.7,56.0,1.15,222,1.37
2024.100.00:58:00/wx/-3.90,557.7,57.4,1.04,227,1.36
2024.100.00:59:00/wx/-4.00,557.8,58.2,0.24,208,1.37
2024.100.01:00:00/wx/-4.13,557.8,58.2,0.35,139,1.38
2024.100.01:01:00/wx/-4.20,557.8,57.6,0.74,141,1.37
2024.100.01:02:00/wx/-4.20,557.8,56.7,0.81,81,1.39
2024.100.01:03:00/wx/-4.10,557.8,56.2,0.81,86,1.39
2024.100.01:04:00/wx/-3.89,557.8,55.4,1.50,36,1.42
2024.100.01:05:00/wx/-3.70,557.8,54.7,1.20,39,1.45
2024.100.01:06:00/wx/-3.60,557.8,54.3,2.00,38,1.49
2024.100.01:07:00/wx/-3.60,557.8,54.2,1.73,63,1.45
2024.100.01:08:00/wx/-3.60,557.8,55.1,1.41,66,1.45
2024.100.01:09:00/wx/-3.50,557.8,53.7,1.08,57,1.41
2024.100.01:10:00/wx/-3.50,557.9,53.7,1.40,76,1.41
2024.100.01:11:00/wx/-3.53,557.8,53.6,1.85,62,1.41
2024.100.01:12:00/wx/-3.50,557.9,53.3,1.02,98,1.41
2024.100.01:13:00/wx/-3.40,557.9,52.9,1.02,80,1.42
2024.100.01:14:00/wx/-3.47,557.9,52.9,0.84,114,1.42
2024.100.01:15:00/wx/-3.40,557.9,51.8,1.30,82,1.39
2024.100.01:16:00/wx/-3.30,557.9,51.4,1.33,59,1.34
2024.100.01:17:00/wx/-3.20,557.9,50.6,1.40,29,1.33
2024.100.01:18:00/wx/-3.09,557.9,50.1,1.42,1,1.28
2024.100.01:19:00/wx/-3.00,557.8,50.1,1.35,18,1.30
2024.100.01:20:00/wx/-3.00,557.8,49.6,1.31,34,1.28
2024.100.01:21:00/wx/-3.00,557.9,49.0,1.28,37,1.28
2024.100.01:22:00/wx/-2.90,557.9,48.8,1.40,22,1.27
2024.100.01:23:00/wx/-2.90,557.8,48.5,2.18,45,1.23
2024.100.01:24:00/wx/-2.80,557.8,46.4,1.77,36,1.20
2024.100.01:25:00/wx/-2.80,557.9,45.8,3.22,64,1.18
2024.100.01:26:00/wx/-2.70,557.9,44.1,1.93,43,1.16
2024.100.01:27:00/wx/-2.60,557.9,43.0,1.12,65,1.14
2024.100.01:28:00/wx/-2.60,557.8,41.6,0.80,17,1.07
2024.100.01:29:00/wx/-2.70,557.9,41.7,1.73,347,1.03
2024.100.01:30:00/wx/-2.70,557.9,41.2,2.03,91,1.04
2024.100.01:31:00/wx/-2.70,557.9,40.0,2.61,347,1.02
2024.100.01:32:00/wx/-2.50,557.9,33.7,2.40,312,0.99
2024.100.01:33:00/wx/-2.50,557.9,32.9,2.36,291,0.95
2024.100.01:34:00/wx/-2.50,557.9,35.0,2.75,294,0.93
2024.100.01:35:00/wx/-2.60,557.9,36.4,3.29,284,0.96
2024.100.01:36:00/wx/-2.60,557.9,34.5,3.03,279,0.91
2024.100.01:37:00/wx/-2.50,557.9,31.6,2.29,269,0.90
2024.100.01:38:00/wx/-2.50,557.8,33.3,3.23,291,0.85
2024.100.01:39:00/wx/-2.66,557.8,35.5,3.42,278,0.82
2024.100.01:40:00/wx/-2.60,557.8,35.7,4.22,280,0.79
2024.100.01:41:00/wx/-2.50,557.8,32.1,3.63,272,0.79
2024.100.01:42:00/wx/-2.40,557.7,30.8,3.87,277,0.72
2024.100.01:43:00/wx/-2.40,557.7,31.2,4.34,275,0.69
2024.100.01:44:00/wx/-2.57,557.7,31.4,3.93,272,0.69
2024.100.01:45:00/wx/-2.60,557.7,31.0,4.71,277,0.69
2024.100.01:46:00/wx/-2.60,557.7,37.2,4.57,277,0.68
2024.100.01:47:00/wx/-2.60,557.7,43.8,4.93,274,0.66
2024.100.01:48:00/wx/-2.40,557.6,44.5,4.93,276,0.65
2024.100.01:49:00/wx/-2.40,557.6,42.1,4.99,276,0.64
2024.100.01:50:00/wx/-2.40,557.6,42.9,5.23,276,0.63
2024.100.01:51:00/wx/-2.60,557.6,41.3,5.98,278,0.62
2024.100.01:52:00/wx/-2.98,557.6,40.5,5.88,282,0.61
2024.100.01:53:00/wx/-3.56,557.5,40.2,5.86,288,0.58
2024.100.01:54:00/wx/-4.10,557.5,41.4,5.88,285,0.57
2024.100.01:55:00/wx/-4.20,557.5,42.2,6.11,287,0.55
2024.100.01:56:00/wx/-4.50,557.5,43.7,6.25,288,0.55
2024.100.01:57:00/wx/-4.65,557.5,45.0,5.45,290,0.54
2024.100.01:58:00/wx/-5.08,557.5,46.3,5.15,293,0.53
2024.100.01:59:00/wx/-4.91,557.5,45.1,5.44,297,0.53
2024.100.02:00:00/wx/-4.39,557.5,41.5,5.98,298,0.53
2024.100.02:01:00/wx/-4.40,557.5,40.8,5.45,298,0.54
2024.100.02:02:00/wx/-4.20,557.5,39.9,5.31,301,0.55
2024.100.02:03:00/wx/-4.12,557.5,39.2,5.25,300,0.56
2024.100.02:04:00/wx/-4.00,557.5,38.1,4.93,311,0.58
2024.100.02:05:00/wx/-4.33,557.5,39.3,4.51,317,0.59
2024.100.02:06:00/wx/-4.92,557.6,44.6,4.52,324,0.61
2024.100.02:07:00/wx/-4.70,557.6,43.7,4.88,318,0.64
2024.100.02:08:00/wx/-4.60,557.6,42.9,4.59,328,0.66
2024.100.02:09:00/wx/-4.40,557.6,41.3,4.43,332,0.68
2024.100.02:10:00/wx/-4.20,557.6,40.6,3.60,327,0.70
2024.100.02:11:00/wx/-4.24,557.6,41.0,3.13,325,0.71
2024.100.02:12:00/wx/-4.24,557.6,42.8,3.96,329,0.71
2024.100.02:13:00/wx/-3.63,557.6,39.1,5.04,345,0.71
2024.100.02:14:00/wx/-3.10,557.6,38.1,4.83,341,0.72
2024.100.02:15:00/wx/-3.08,557.6,38.8,5.33,329,0.72
2024.100.02:16:00/wx/-3.05,557.6,38.8,4.60,338,0.72
2024.100.02:17:00/wx/-3.10,557.6,39.9,4.39,330,0.73
2024.100.02:18:00/wx/-2.90,557.6,40.4,4.54,324,0.73
2024.100.02:19:00/wx/-3.30,557.6,42.5,3.16,315,0.72
2024.100.02:20:00/wx/-3.23,557.6,42.3,4.38,305,0.73
2024.100.02:21:00/wx/-3.10,557.6,42.2,4.65,293,0.73
2024.100.02:22:00/wx/-3.42,557.6,44.3,5.13,300,0.74
2024.100.02:23:00/wx/-3.11,557.5,43.3,4.52,309,0.75
2024.100.02:24:00/wx/-2.80,557.5,42.5,4.38,298,0.76
2024.100.02:25:00/wx/-3.04,557.5,41.1,5.06,289,0.76
2024.100.02:26:00/wx/-3.03,557.5,40.5,5.01,291,0.75
2024.100.02:27:00/wx/-3.00,557.5,40.5,5.30,291,0.73
2024.100.02:28:00/wx/-3.50,557.4,40.2,5.43,290,0.73
2024.100.02:29:00/wx/-3.49,557.3,39.9,5.77,293,0.73
2024.100.02:30:00/wx/-3.47,557.3,40.1,5.71,293,0.71
2024.100.02:31:00/wx/-3.80,557.3,41.1,6.09,298,0.70
2024.100.02:32:00/wx/-3.99,557.2,41.6,5.72,298,0.69
2024.100.02:33:00/wx/-4.20,557.2,42.3,5.63,302,0.70
2024.100.02:34:00/wx/-4.55,557.3,46.2,5.49,307,0.73
2024.100.02:35:00/wx/-4.85,557.3,49.7,4.69,311,0.72
2024.100.02:36:00/wx/-5.18,557.4,51.9,4.30,317,0.75
2024.100.02:37:00/wx/-5.10,557.4,51.1,4.24,324,0.77
2024.100.02:38:00/wx/-4.79,557.5,50.4,3.54,339,0.80
2024.100.02:39:00/wx/-4.92,557.5,52.7,3.97,347,0.81
2024.100.02:40:00/wx/-4.09,557.5,47.9,4.08,342,0.91
2024.100.02:41:00/wx/-3.33,557.6,45.2,2.39,354,0.92
2024.100.02:42:00/wx/-3.20,557.6,46.0,2.53,332,0.96
2024.100.02:43:00/wx/-2.99,557.6,45.4,2.94,344,1.00
2024.100.02:44:00/wx/-2.90,557.6,43.4,2.16,328,1.00
2024.100.02:45:00/wx/-2.85,557.7,42.8,2.70,334,0.99
2024.100.02:46:00/wx/-2.70,557.6,42.7,2.17,343,0.97
2024.100.02:47:00/wx/-2.80,557.6,42.1,3.23,305,0.93
2024.100.02:48:00/wx/-3.02,557.6,42.4,3.83,315,0.91
2024.100.02:49:00/wx/-3.54,557.6,45.2,4.15,319,0.87
2024.100.02:50:00/wx/-3.09,557.6,42.9,4.18,293,0.85
2024.100.02:51:00/wx/-2.82,557.5,39.7,4.70,312,0.82
2024.100.02:52:00/wx/-2.50,557.5,37.7,4.33,310,0.80
2024.100.02:53:00/wx/-2.30,557.4,36.5,4.29,312,0.79
2024.100.02:54:00/wx/-2.50,557.4,37.8,5.26,316,0.78
2024.100.02:55:00/wx/-2.68,557.4,38.0,5.28,303,0.77
2024.100.02:56:00/wx/-2.89,557.4,38.2,4.71,314,0.77
2024.100.02:57:00/wx/-3.10,557.5,38.6,5.21,300,0.77
2024.100.02:58:00/wx/-3.20,557.4,38.8,4.33,301,0.79
2024.100.02:59:00/wx/-3.34,557.5,39.3,4.18,310,0.79
2024.100.03:00:00/wx/-3.20,557.5,38.2,4.07,311,0.79
2024.100.03:01:00/wx/-3.29,557.5,39.3,3.24,318,0.77
2024.100.03:02:00/wx/-3.61,557.6,41.9,3.53,320,0.77
2024.100.03:03:00/wx/-4.06,557.6,43.8,3.44,314,0.77
2024.100.03:04:00/wx/-3.74,557.6,40.0,3.32,311,0.77
2024.100.03:05:00/wx/-3.59,557.6,38.6,3.31,315,0.75
2024.100.03:06:00/wx/-3.60,557.5,38.8,3.33,317,0.74
2024.100.03:07:00/wx/-3.40,557.5,37.8,3.80,322,0.75
2024.100.03:08:00/wx/-3.50,557.5,38.0,3.69,324,0.74
2024.100.03:09:00/wx/-3.40,557.5,36.7,4.36,318,0.74
2024.100.03:10:00/wx/-3.48,557.5,37.2,3.95,314,0.74
2024.100.03:11:00/wx/-3.30,557.5,35.7,3.93,323,0.75
2024.100.03:12:00/wx/-3.09,557.5,34.8,3.93,323,0.74
2024.100.03:13:00/wx/-3.09,557.4,34.3,4.03,330,0.74
2024.100.03:14:00/wx/-3.47,557.4,36.6,4.64,323,0.72
2024.100.03:15:00/wx/-3.21,557.4,34.6,4.63,328,0.73
2024.100.03:16:00/wx/-2.90,557.4,32.5,4.03,332,0.74
2024.100.03:17:00/wx/-2.80,557.4,31.9,4.91,324,0.73
2024.100.03:18:00/wx/-2.88,557.4,32.8,4.42,330,0.71
2024.100.03:19:00/wx/-3.13,557.4,32.9,3.68,326,0.71
2024.100.03:20:00/wx/-3.00,557.4,32.1,3.73,348,0.69
2024.100.03:21:00/wx/-2.70,557.4,30.5,3.90,335,0.71
2024.100.03:22:00/wx/-2.97,557.4,32.2,3.50,338,0.72
2024.100.03:23:00/wx/-3.30,557.4,33.9,3.66,325,0.71
2024.100.03:24:00/wx/-3.40,557.4,34.2,4.37,334,0.72
2024.100.03:25:00/wx/-2.91,557.4,31.6,3.76,345,0.71
2024.100.03:26:00/wx/-2.80,557.4,29.9,4.18,337,0.72
2024.100.03:27:00/wx/-2.60,557.4,28.9,3.31,328,0.72
2024.100.03:28:00/wx/-2.90,557.4,30.7,3.37,316,0.69
2024.100.03:29:00/wx/-2.97,557.3,30.9,4.01,338,0.69
2024.100.03:30:00/wx/-3.20,557.3,31.3,3.93,343,0.69
2024.100.03:31:00/wx/-2.90,557.3,29.3,4.24,327,0.70
2024.100.03:32:00/wx/-2.90,557.3,29.2,3.75,326,0.70
2024.100.03:33:00/wx/-2.90,557.3,29.0,3.87,337,0.69
2024.100.03:34:00/wx/-2.99,557.4,29.1,3.83,322,0.69
2024.100.03:35:00/wx/-3.09,557.4,30.1,3.44,333,0.71
2024.100.03:36:00/wx/-3.00,557.4,29.2,4.36,329,0.71
2024.100.03:37:00/wx/-2.79,557.4,28.1,3.79,335,0.72
2024.100.03:38:00/wx/-3.00,557.4,28.7,3.79,330,0.74
2024.100.03:39:00/wx/-2.80,557.4,27.5,3.26,350,0.73
2024.100.03:40:00/wx/-2.80,557.4,27.4,2.49,334,0.74
2024.100.03:41:00/wx/-3.10,557.4,29.3,3.74,341,0.74
2024.100.03:42:00/wx/-3.00,557.4,28.4,3.81,335,0.74
2024.100.03:43:00/wx/-2.90,557.4,27.6,3.94,329,0.75
2024.100.03:44:00/wx/-2.90,557.4,28.0,3.24,318,0.74
2024.100.03:45:00/wx/-2.91,557.4,28.0,4.05,329,0.74
2024.100.03:46:00/wx/-3.02,557.4,28.0,4.84,321,0.74
2024.100.03:47:00/wx/-2.80,557.4,27.0,3.78,333,0.75
2024.100.03:48:00/wx/-2.99,557.4,28.0,3.46,327,0.75
2024.100.03:49:00/wx/-3.20,557.3,28.4,4.93,321,0.75
2024.100.03:50:00/wx/-2.98,557.4,27.4,3.73,319,0.76
2024.100.03:51:00/wx/-2.90,557.4,27.2,4.07,329,0.76
2024.100.03:52:00/wx/-2.76,557.4,26.1,3.06,341,0.76
2024.100.03:53:00/wx/-2.90,557.3,27.2,3.51,341,0.74
2024.100.03:54:00/wx/-3.30,557.4,29.2,3.33,326,0.75
2024.100.03:55:00/wx/-3.77,557.3,31.0,3.44,328,0.75
2024.100.03:56:00/wx/-3.26,557.4,28.1,3.56,335,0.75
2024.100.03:57:00/wx/-2.93,557.4,26.3,3.86,341,0.75
2024.100.03:58:00/wx/-3.26,557.4,28.4,2.97,324,0.75
2024.100.03:59:00/wx/-4.21,557.4,33.4,3.50,316,0.76
2024.100.04:00:00/wx/-3.90,557.4,31.0,2.87,320,0.76
2024.100.04:01:00/wx/-4.06,557.3,32.1,3.87,337,0.74
2024.100.04:02:00/wx/-3.97,557.3,31.2,4.09,322,0.75
2024.100.04:03:00/wx/-3.60,557.3,29.3,3.05,311,0.75
2024.100.04:04:00/wx/-3.60,557.3,28.9,4.15,331,0.73
2024.100.04:05:00/wx/-3.28,557.3,27.5,3.61,326,0.75
2024.100.04:06:00/wx/-3.30,557.3,27.2,4.20,308,0.74
2024.100.04:07:00/wx/-3.12,557.3,26.3,3.37,293,0.73
2024.100.04:08:00/wx/-3.60,557.3,29.1,2.73,306,0.74
2024.100.04:09:00/wx/-3.92,557.3,30.3,3.96,310,0.74
2024.100.04:10:00/wx/-4.09,557.3,31.2,2.73,314,0.76
2024.100.04:11:00/wx/-4.17,557.3,31.3,3.16,307,0.75
2024.100.04:12:00/wx/-4.09,557.3,30.5,2.50,311,0.74
2024.100.04:13:00/wx/-3.90,557.3,29.7,2.73,333,0.74
2024.100.04:14:00/wx/-4.12,557.3,31.1,2.72,292,0.73
2024.100.04:15:00/wx/-3.84,557.3,29.0,2.90,297,0.76
2024.100.04:16:00/wx/-3.73,557.3,28.2,2.86,321,0.74
2024.100.04:17:00/wx/-3.70,557.3,28.1,2.47,313,0.74
2024.100.04:18:00/wx/-3.50,557.3,27.1,2.33,322,0.74
2024.100.04:19:00/wx/-3.52,557.3,27.5,2.33,304,0.73
2024.100.04:20:00/wx/-3.70,557.3,28.1,2.28,314,0.72
2024.100.04:21:00/wx/-3.42,557.2,26.6,2.94,315,0.73
2024.100.04:22:00/wx/-3.30,557.3,25.9,2.32,294,0.74
2024.100.04:23:00/wx/-3.40,557.2,26.2,2.23,306,0.74
2024.100.04:24:00/wx/-3.29,557.2,25.7,1.33,323,0.74
2024.100.04:25:00/wx/-3.45,557.2,26.5,2.74,298,0.74
2024.100.04:26:00/wx/-3.60,557.2,27.1,2.46,295,0.75
2024.100.04:27:00/wx/-3.60,557.2,26.7,2.33,306,0.77
2024.100.04:28:00/wx/-3.60,557.2,27.1,2.19,307,0.76
2024.100.04:29:00/wx/-3.60,557.2,26.7,1.96,312,0.76
2024.100.04:30:00/wx/-3.60,557.2,26.6,2.89,317,0.75
2024.100.04:31:00/wx/-3.40,557.2,25.5,2.52,314,0.76
2024.100.04:32:00/wx/-3.40,557.2,25.8,2.23,321,0.78
2024.100.04:33:00/wx/-3.40,557.3,25.9,1.78,324,0.78
2024.100.04:34:00/wx/-3.40,557.3,26.0,2.22,300,0.79
2024.100.04:35:00/wx/-3.40,557.2,25.6,0.93,134,0.80
2024.100.04:36:00/wx/-3.40,557.2,25.7,0.66,266,0.79
2024.100.04:37:00/wx/-3.40,557.3,25.4,2.74,331,0.78
2024.100.04:38:00/wx/-3.28,557.3,25.0,2.74,326,0.78
2024.100.04:39:00/wx/-3.30,557.3,25.6,2.39,306,0.78
2024.100.04:40:00/wx/-3.47,557.3,26.5,1.21,315,0.78
2024.100.04:41:00/wx/-3.40,557.3,26.0,1.88,310,0.77
2024.100.04:42:00/wx/-3.40,557.3,25.8,2.51,277,0.76
2024.100.04:43:00/wx/-3.30,557.3,25.2,1.77,321,0.77
2024.100.04:44:00/wx/-3.66,557.3,26.9,2.11,292,0.75
2024.100.04:45:00/wx/-3.60,557.2,26.4,1.74,288,0.74
2024.100.04:46:00/wx/-3.60,557.3,26.6,1.43,313,0.75
2024.100.04:47:00/wx/-3.91,557.3,27.8,1.90,279,0.75
2024.100.04:48:00/wx/-3.80,557.2,27.1,1.99,285,0.74
2024.100.04:49:00/wx/-3.80,557.2,27.2,2.84,297,0.75
2024.100.04:50:00/wx/-3.52,557.2,25.9,1.83,282,0.74
2024.100.04:51:00/wx/-3.40,557.2,25.7,2.63,328,0.74
2024.100.04:52:00/wx/-3.30,557.2,25.2,3.30,332,0.73
2024.100.04:53:00/wx/-3.10,557.2,24.5,2.73,334,0.72
2024.100.04:54:00/wx/-3.10,557.2,24.4,2.89,327,0.72
2024.100.04:55:00/wx/-3.18,557.2,25.1,3.11,329,0.72
2024.100.04:56:00/wx/-3.20,557.2,25.1,2.53,344,0.71
2024.100.04:57:00/wx/-3.20,557.1,24.8,3.26,331,0.72
2024.100.04:58:00/wx/-3.10,557.1,24.3,3.32,342,0.72
2024.100.04:59:00/wx/-3.10,557.1,24.4,2.66,323,0.71
2024.100.05:00:00/wx/-3.10,557.1,24.5,2.81,319,0.72
2024.100.05:01:00/wx/-3.20,557.1,25.2,2.63,320,0.73
2024.100.05:02:00/wx/-3.20,557.1,24.9,2.87,332,0.72
2024.100.05:03:00/wx/-3.10,557.1,24.3,2.13,334,0.72
2024.100.05:04:00/wx/-3.00,557.1,24.1,2.64,334,0.73
2024.100.05:05:00/wx/-3.00,557.0,24.1,2.33,333,0.73
2024.100.05:06:00/wx/-3.00,557.0,24.3,2.40,322,0.67
2024.100.05:07:00/wx/-3.10,557.0,24.4,2.77,326,0.70
2024.100.05:08:00/wx/-3.04,557.0,24.2,2.31,328,0.70
2024.100.05:09:00/wx/-3.10,557.0,24.4,2.80,333,0.69
2024.100.05:10:00/wx/-3.10,557.0,24.2,2.23,332,0.69
2024.100.05:11:00/wx/-3.10,557.0,24.4,1.77,330,0.69
2024.100.05:12:00/wx/-3.06,557.0,24.3,3.30,330,0.69
2024.100.05:13:00/wx/-3.00,557.0,23.8,1.98,332,0.70
2024.100.05:14:00/wx/-3.10,557.0,24.4,2.83,310,0.70
2024.100.05:15:00/wx/-3.10,557.0,24.5,2.23,345,0.70
2024.100.05:16:00/wx/-3.01,557.0,24.1,2.35,302,0.71
2024.100.05:17:00/wx/-3.10,557.0,24.2,2.01,337,0.71
2024.100.05:18:00/wx/-3.23,557.1,24.7,2.06,327,0.71
2024.100.05:19:00/wx/-3.30,557.0,25.2,2.21,304,0.72
2024.100.05:20:00/wx/-3.30,557.1,24.9,2.95,332,0.71
2024.100.05:21:00/wx/-3.07,557.0,24.0,1.99,320,0.72
2024.100.05:22:00/wx/-3.00,557.0,24.0,1.66,332,0.71
2024.100.05:23:00/wx/-3.00,557.0,24.0,1.33,322,0.71
2024.100.05:24:00/wx/-3.10,557.0,24.2,1.91,292,0.71
2024.100.05:25:00/wx/-3.20,557.0,24.4,1.28,307,0.72
2024.100.05:26:00/wx/-3.17,557.0,24.2,1.89,313,0.72
2024.100.05:27:00/wx/-3.10,556.9,24.1,1.89,314,0.70
2024.100.05:28:00/wx/-3.12,557.0,24.0,2.23,318,0.70
2024.100.05:29:00/wx/-3.20,556.9,24.3,2.43,336,0.69
2024.100.05:30:00/wx/-3.18,557.0,24.4,2.28,327,0.70
2024.100.05:31:00/wx/-3.10,556.9,23.8,2.02,332,0.71
2024.100.05:32:00/wx/-3.00,556.9,23.7,2.23,326,0.71
2024.100.05:33:00/wx/-3.00,556.9,24.0,2.56,339,0.70
2024.100.05:34:00/wx/-3.10,556.9,24.6,1.82,329,0.70
2024.100.05:35:00/wx/-2.99,556.9,23.9,1.51,342,0.72
2024.100.05:36:00/wx/-2.90,556.9,23.6,1.55,333,0.72
2024.100.05:37:00/wx/-2.90,556.9,23.5,1.05,345,0.69
2024.100.05:38:00/wx/-3.00,556.9,23.8,1.12,335,0.70
2024.100.05:39:00/wx/-3.10,556.9,24.0,1.34,326,0.70
2024.100.05:40:00/wx/-3.10,556.9,23.8,2.15,342,0.70
2024.100.05:41:00/wx/-3.00,556.9,23.3,1.38,351,0.67
2024.100.05:42:00/wx/-3.00,556.9,23.5,1.61,331,0.66
2024.100.05:43:00/wx/-3.10,556.8,24.3,1.62,312,0.65
2024.100.05:44:00/wx/-3.20,556.8,25.5,2.51,337,0.64
2024.100.05:45:00/wx/-3.27,556.8,26.8,1.83,313,0.64
2024.100.05:46:00/wx/-3.25,556.8,26.3,2.06,326,0.63
2024.100.05:47:00/wx/-3.40,556.8,26.7,3.11,322,0.64
2024.100.05:48:00/wx/-3.00,556.7,24.6,2.93,317,0.63
2024.100.05:49:00/wx/-2.80,556.7,24.1,3.41,329,0.63
2024.100.05:50:00/wx/-2.70,556.7,24.7,3.48,340,0.63
2024.100.05:51:00/wx/-2.60,556.7,24.3,2.52,338,0.63
2024.100.05:52:00/wx/-2.50,556.7,24.5,2.74,327,0.63
2024.100.05:53:00/wx/-2.50,556.7,24.0,3.53,328,0.63
2024.100.05:54:00/wx/-2.51,556.7,23.9,3.17,321,0.64
2024.100.05:55:00/wx/-2.60,556.7,24.6,2.60,332,0.64
2024.100.05:56:00/wx/-2.64,556.7,25.2,2.89,329,0.62
2024.100.05:57:00/wx/-2.79,556.7,25.9,2.95,331,0.64
2024.100.05:58:00/wx/-2.80,556.7,25.2,2.03,329,0.63
2024.100.05:59:00/wx/-2.60,556.7,25.0,2.87,339,0.65
2024.100.06:00:00/wx/-2.56,556.7,24.9,3.14,335,0.64
2024.100.06:01:00/wx/-2.53,556.7,24.4,3.46,340,0.65
2024.100.06:02:00/wx/-2.50,556.7,24.5,3.45,336,0.63
2024.100.06:03:00/wx/-2.40,556.7,24.4,3.54,335,0.63
2024.100.06:04:00/wx/-2.40,556.7,23.9,3.09,335,0.62
2024.100.06:05:00/wx/-2.45,556.6,24.3,3.18,335,0.63
2024.100.06:06:00/wx/-2.58,556.7,24.8,3.97,334,0.62
2024.100.06:07:00/wx/-2.60,556.6,25.3,3.43,330,0.61
2024.100.06:08:00/wx/-2.80,556.6,26.2,3.44,337,0.61
2024.100.06:09:00/wx/-2.96,556.7,26.8,3.70,341,0.63
2024.100.06:10:00/wx/-2.80,556.7,25.6,3.70,339,0.62
2024.100.06:11:00/wx/-2.98,556.7,26.0,3.65,340,0.62
2024.100.06:12:00/wx/-3.20,556.6,26.1,3.23,338,0.62
2024.100.06:13:00/wx/-3.20,556.6,26.6,3.62,341,0.60
2024.100.06:14:00/wx/-2.93,556.7,25.9,3.82,346,0.60
2024.100.06:15:00/wx/-3.36,556.6,27.0,3.79,347,0.58
2024.100.06:16:00/wx/-3.01,556.6,26.3,4.01,347,0.61
2024.100.06:17:00/wx/-2.89,556.6,25.8,4.04,339,0.60
2024.100.06:18:00/wx/-2.49,556.6,24.5,3.32,333,0.60
2024.100.06:19:00/wx/-2.58,556.6,25.1,3.39,330,0.59
2024.100.06:20:00/wx/-2.87,556.6,25.9,3.53,345,0.59
2024.100.06:21:00/wx/-3.49,556.6,28.3,3.60,342,0.60
2024.100.06:22:00/wx/-3.78,556.6,30.0,3.79,341,0.60
2024.100.06:23:00/wx/-2.85,556.6,27.7,3.66,337,0.61
2024.100.06:24:00/wx/-2.50,556.6,27.1,4.20,343,0.60
2024.100.06:25:00/wx/-2.40,556.6,26.5,3.35,339,0.58
2024.100.06:26:00/wx/-2.30,556.6,26.8,3.83,345,0.59
2024.100.06:27:00/wx/-2.40,556.6,26.7,3.72,344,0.59
2024.100.06:28:00/wx/-2.40,556.5,26.3,3.31,344,0.59
2024.100.06:29:00/wx/-2.49,556.6,26.4,3.61,344,0.60
2024.100.06:30:00/wx/-2.80,556.5,27.0,3.93,341,0.60
2024.100.06:31:00/wx/-2.61,556.5,26.8,4.14,350,0.60
2024.100.06:32:00/wx/-2.59,556.5,26.3,3.15,350,0.61
2024.100.06:33:00/wx/-2.50,556.5,26.3,3.03,355,0.61
2024.100.06:34:00/wx/-2.60,556.5,26.8,3.65,357,0.63
2024.100.06:35:00/wx/-2.50,556.5,26.7,3.45,5,0.62
2024.100.06:36:00/wx/-2.41,556.5,26.5,3.49,-15,0.62
2024.100.06:37:00/wx/-2.40,556.5,26.2,2.41,264,0.62
2024.100.06:38:00/wx/-2.40,556.6,26.3,2.96,346,0.63
2024.100.06:39:00/wx/-2.40,556.6,26.1,2.79,346,0.63
2024.100.06:40:00/wx/-2.50,556.6,26.3,3.13,351,0.64
2024.100.06:41:00/wx/-2.40,556.6,25.8,2.78,347,0.66
2024.100.06:42:00/wx/-2.40,556.6,26.0,3.03,351,0.67
2024.100.06:43:00/wx/-2.40,556.6,25.9,2.29,356,0.67
2024.100.06:44:00/wx/-2.40,556.6,25.8,1.94,343,0.65
2024.100.06:45:00/wx/-2.40,556.6,25.7,2.24,345,0.68
2024.100.06:46:00/wx/-2.40,556.6,25.5,1.46,341,0.67
2024.100.06:47:00/wx/-2.45,556.6,25.6,2.21,333,0.64
2024.100.06:48:00/wx/-2.60,556.6,25.9,2.54,322,0.63
2024.100.06:49:00/wx/-2.60,556.6,25.8,2.93,332,0.62
2024.100.06:50:00/wx/-2.60,556.5,25.8,2.85,334,0.61
2024.100.06:51:00/wx/-2.50,556.5,25.8,2.78,330,0.58
2024.100.06:52:00/wx/-2.45,556.5,25.5,2.94,332,0.59
2024.100.06:53:00/wx/-2.48,556.5,25.5,3.23,334,0.58
2024.100.06:54:00/wx/-2.50,556.5,25.5,3.13,334,0.57
2024.100.06:55:00/wx/-2.50,556.5,25.7,3.58,333,0.57
2024.100.06:56:00/wx/-2.71,556.5,26.3,3.51,336,0.58
2024.100.06:57:00/wx/-2.60,556.5,26.2,3.79,337,0.59
2024.100.06:58:00/wx/-2.80,556.5,26.3,4.08,336,0.58
2024.100.06:59:00/wx/-2.80,556.5,26.3,4.04,337,0.57
2024.100.07:00:00/wx/-2.69,556.5,26.3,3.81,341,0.58
2024.100.07:01:00/wx/-2.70,556.5,26.0,3.65,329,0.60
2024.100.07:02:00/wx/-2.70,556.5,26.2,3.40,308,0.59
2024.100.07:03:00/wx/-2.60,556.5,26.1,2.41,329,0.59
2024.100.07:04:00/wx/-2.70,556.5,26.2,2.74,337,0.59
2024.100.07:05:00/wx/-2.68,556.5,26.0,3.13,342,0.59
2024.100.07:06:00/wx/-2.54,556.4,25.2,2.79,354,0.58
2024.100.07:07:00/wx/-2.50,556.4,25.6,2.94,345,0.57
2024.100.07:08:00/wx/-2.50,556.4,25.7,3.04,348,0.58
2024.100.07:09:00/wx/-2.50,556.4,25.8,2.48,357,0.59
2024.100.07:10:00/wx/-2.50,556.4,26.0,2.55,348,0.59
2024.100.07:11:00/wx/-2.50,556.4,25.9,2.34,351,0.59
2024.100.07:12:00/wx/-2.59,556.4,26.2,2.83,342,0.58
2024.100.07:13:00/wx/-2.80,556.4,26.8,2.73,331,0.58
2024.100.07:14:00/wx/-2.70,556.4,25.8,3.28,341,0.59
2024.100.07:15:00/wx/-2.63,556.4,25.7,4.30,344,0.60
2024.100.07:16:00/wx/-2.53,556.4,25.2,3.30,346,0.57
2024.100.07:17:00/wx/-2.50,556.4,25.8,2.36,323,0.55
2024.100.07:18:00/wx/-2.60,556.4,26.1,3.44,328,0.58
2024.100.07:19:00/wx/-2.50,556.4,25.9,2.57,342,0.57
2024.100.07:20:00/wx/-2.60,556.4,25.9,2.59,355,0.57
2024.100.07:21:00/wx/-2.60,556.4,25.5,2.33,334,0.54
2024.100.07:22:00/wx/-2.70,556.4,25.9,2.65,333,0.56
2024.100.07:23:00/wx/-2.70,556.4,26.1,2.34,332,0.56
2024.100.07:24:00/wx/-2.80,556.4,26.4,2.34,339,0.55
2024.100.07:25:00/wx/-2.90,556.4,26.4,2.28,321,0.54
2024.100.07:26:00/wx/-3.00,556.4,26.6,2.69,317,0.52
2024.100.07:27:00/wx/-3.00,556.4,26.1,3.22,329,0.51
2024.100.07:28:00/wx/-2.80,556.4,25.7,2.99,327,0.52
2024.100.07:29:00/wx/-2.73,556.4,26.0,2.73,328,0.51
2024.100.07:30:00/wx/-2.77,556.4,25.7,3.19,334,0.51
2024.100.07:31:00/wx/-2.70,556.4,26.2,3.01,330,0.51
2024.100.07:32:00/wx/-2.80,556.3,25.8,3.43,331,0.50
2024.100.07:33:00/wx/-2.80,556.3,26.0,3.49,336,0.50
2024.100.07:34:00/wx/-2.80,556.3,26.4,3.62,336,0.49
2024.100.07:35:00/wx/-2.70,556.3,26.5,3.64,335,0.49
2024.100.07:36:00/wx/-2.70,556.3,26.0,3.77,341,0.48
2024.100.07:37:00/wx/-2.80,556.3,25.5,3.66,355,0.48
2024.100.07:38:00/wx/-2.80,556.3,25.3,4.05,346,0.48
2024.100.07:39:00/wx/-2.70,556.3,25.6,3.42,354,0.48
2024.100.07:40:00/wx/-2.60,556.3,24.7,3.40,358,0.47
2024.100.07:41:00/wx/-2.69,556.3,24.8,3.95,358,0.47
2024.100.07:42:00/wx/-2.70,556.3,25.0,4.33,353,0.46
2024.100.07:43:00/wx/-2.73,556.3,25.5,4.47,345,0.46
2024.100.07:44:00/wx/-2.92,556.3,26.2,4.31,353,0.45
2024.100.07:45:00/wx/-2.70,556.3,25.1,3.72,63,0.44
2024.100.07:46:00/wx/-2.60,556.3,23.9,3.00,349,0.44
2024.100.07:47:00/wx/-2.72,556.3,24.1,3.46,340,0.43
2024.100.07:48:00/wx/-2.70,556.3,24.6,2.93,341,0.41
2024.100.07:49:00/wx/-2.49,556.3,22.7,3.17,355,0.39
2024.100.07:50:00/wx/-2.60,556.3,23.1,2.79,335,0.39
2024.100.07:51:00/wx/-2.80,556.3,23.2,3.24,342,0.37
2024.100.07:52:00/wx/-2.80,556.2,23.4,3.11,327,0.37
2024.100.07:53:00/wx/-2.75,556.3,24.0,3.13,330,0.37
2024.100.07:54:00/wx/-2.70,556.3,23.6,2.60,343,0.37
2024.100.07:55:00/wx/-2.70,556.3,23.9,2.85,336,0.37
2024.100.07:56:00/wx/-2.60,556.2,23.6,2.76,328,0.36
2024.100.07:57:00/wx/-2.60,556.3,23.6,2.47,328,0.38
2024.100.07:58:00/wx/-2.70,556.3,23.7,2.36,327,0.39
2024.100.07:59:00/wx/-2.78,556.3,23.4,3.17,339,0.39
2024.100.08:00:00/wx/-2.80,556.3,23.1,3.33,327,0.39
2024.100.08:01:00/wx/-2.70,556.3,23.0,3.43,331,0.39
2024.100.08:02:00/wx/-2.60,556.3,22.6,3.34,324,0.40
2024.100.08:03:00/wx/-2.59,556.3,22.6,3.73,323,0.40
2024.100.08:04:00/wx/-2.91,556.3,23.0,4.03,326,0.40
2024.100.08:05:00/wx/-2.80,556.3,22.6,4.73,329,0.40
2024.100.08:06:00/wx/-2.68,556.2,22.5,3.75,327,0.40
2024.100.08:07:00/wx/-2.45,556.2,22.4,3.48,335,0.40
2024.100.08:08:00/wx/-3.10,556.2,24.0,3.95,331,0.40
2024.100.08:09:00/wx/-2.90,556.2,22.9,3.81,329,0.40
2024.100.08:10:00/wx/-2.79,556.2,23.1,3.76,334,0.41
2024.100.08:11:00/wx/-2.80,556.2,23.2,4.08,341,0.43
2024.100.08:12:00/wx/-2.69,556.2,22.7,3.53,335,0.42
2024.100.08:13:00/wx/-2.83,556.2,23.0,4.13,337,0.40
2024.100.08:14:00/wx/-2.70,556.3,22.8,3.84,345,0.40
2024.100.08:15:00/wx/-3.04,556.3,23.0,3.66,345,0.39
2024.100.08:16:00/wx/-3.37,556.3,24.2,4.18,338,0.40
2024.100.08:17:00/wx/-2.94,556.2,23.0,3.88,342,0.41
2024.100.08:18:00/wx/-2.71,556.3,21.9,3.01,345,0.41
2024.100.08:19:00/wx/-2.90,556.2,21.6,4.53,342,0.40
2024.100.08:20:00/wx/-3.35,556.3,22.9,4.17,334,0.39
2024.100.08:21:00/wx/-2.92,556.2,23.2,3.45,336,0.39
2024.100.08:22:00/wx/-3.01,556.2,23.1,3.70,326,0.40
2024.100.08:23:00/wx/-2.80,556.2,22.2,3.30,330,0.39
2024.100.08:24:00/wx/-2.80,556.2,22.1,3.95,350,0.38
2024.100.08:25:00/wx/-2.98,556.2,21.4,4.05,336,0.39
2024.100.08:26:00/wx/-2.65,556.2,20.0,2.93,15,0.40
2024.100.08:27:00/wx/-2.59,556.2,20.5,3.11,358,0.39
2024.100.08:28:00/wx/-2.70,556.2,20.3,3.65,357,0.41
2024.100.08:29:00/wx/-2.87,556.2,20.3,3.26,37,0.38
2024.100.08:30:00/wx/-2.26,556.2,16.6,2.41,-13,0.42
2024.100.08:31:00/wx/-2.48,556.2,17.1,3.39,147,0.41
2024.100.08:32:00/wx/-2.98,556.2,19.0,3.74,312,0.40
2024.100.08:33:00/wx/-2.70,556.2,18.7,2.00,9,0.41
2024.100.08:34:00/wx/-2.82,556.3,18.7,2.21,344,0.43
2024.100.08:35:00/wx/-2.75,556.3,20.6,2.05,331,0.41
2024.100.08:36:00/wx/-2.70,556.3,21.2,1.53,285,0.41
2024.100.08:37:00/wx/-2.70,556.3,21.2,0.72,311,0.40
2024.100.08:38:00/wx/-2.80,556.3,21.0,0.66,330,0.41
2024.100.08:39:00/wx/-2.80,556.3,20.6,1.24,306,0.40
2024.100.08:40:00/wx/-2.70,556.3,20.2,0.74,324,0.40
2024.100.08:41:00/wx/-2.70,556.3,19.9,1.80,332,0.39
2024.100.08:42:00/wx/-2.80,556.3,19.5,1.44,288,0.40
2024.100.08:43:00/wx/-3.10,556.3,20.5,1.22,298,0.39
2024.100.08:44:00/wx/-3.10,556.3,20.6,1.50,306,0.41
2024.100.08:45:00/wx/-3.00,556.3,19.8,1.33,283,0.40
2024.100.08:46:00/wx/-2.90,556.3,20.0,0.52,287,0.41
2024.100.08:47:00/wx/-3.00,556.3,20.8,0.41,97,0.39
2024.100.08:48:00/wx/-3.00,556.2,20.5,1.39,342,0.38
2024.100.08:49:00/wx/-3.00,556.3,19.5,1.61,351,0.38
2024.100.08:50:00/wx/-2.90,556.3,17.2,1.22,343,0.37
2024.100.08:51:00/wx/-2.90,556.2,17.1,1.67,345,0.38
2024.100.08:52:00/wx/-2.80,556.2,17.4,1.34,337,0.38
2024.100.08:53:00/wx/-2.93,556.2,18.4,2.16,308,0.38
2024.100.08:54:00/wx/-2.75,556.2,18.2,2.22,312,0.39
2024.100.08:55:00/wx/-2.60,556.2,18.2,1.53,323,0.38
2024.100.08:56:00/wx/-2.60,556.2,18.9,1.51,333,0.37
2024.100.08:57:00/wx/-2.51,556.2,18.5,1.67,341,0.38
2024.100.08:58:00/wx/-2.67,556.2,17.6,2.28,315,0.39
2024.100.08:59:00/wx/-2.60,556.2,17.3,2.03,308,0.37
2024.100.09:00:00/wx/-2.70,556.2,17.9,2.03,320,0.37
2024.100.09:01:00/wx/-2.70,556.2,18.6,1.83,296,0.37
2024.100.09:02:00/wx/-2.70,556.2,18.9,2.19,315,0.37
2024.100.09:03:00/wx/-2.70,556.2,18.5,2.53,336,0.35
2024.100.09:04:00/wx/-2.63,556.2,18.2,2.21,311,0.37
2024.100.09:05:00/wx/-2.60,556.2,18.6,2.42,312,0.36
2024.100.09:06:00/wx/-2.70,556.2,18.0,2.35,335,0.36
2024.100.09:07:00/wx/-2.60,556.2,17.6,2.98,321,0.36
2024.100.09:08:00/wx/-2.70,556.2,15.8,3.02,336,0.36
2024.100.09:09:00/wx/-2.60,556.2,14.9,2.83,334,0.35
2024.100.09:10:00/wx/-2.50,556.2,15.5,3.12,337,0.36
2024.100.09:11:00/wx/-2.40,556.2,14.8,3.42,339,0.36
2024.100.09:12:00/wx/-2.43,556.2,14.0,4.24,333,0.36
2024.100.09:13:00/wx/-2.30,556.2,13.6,2.75,326,0.35
2024.100.09:14:00/wx/-2.20,556.2,12.6,3.58,343,0.35
2024.100.09:15:00/wx/-2.20,556.2,11.9,2.33,331,0.34
2024.100.09:16:00/wx/-2.40,556.2,11.9,2.77,331,0.34
2024.100.09:17:00/wx/-2.40,556.2,11.9,2.31,331,0.34
2024.100.09:18:00/wx/-2.61,556.2,13.3,2.88,339,0.35
2024.100.09:19:00/wx/-2.61,556.2,13.1,2.30,341,0.35
2024.100.09:20:00/wx/-2.70,556.2,13.5,2.43,328,0.35
2024.100.09:21:00/wx/-2.91,556.2,15.0,3.29,334,0.35
2024.100.09:22:00/wx/-2.77,556.2,15.3,2.88,344,0.35
2024.100.09:23:00/wx/-2.60,556.2,14.4,2.54,329,0.36
2024.100.09:24:00/wx/-2.88,556.2,15.4,2.64,341,0.36
2024.100.09:25:00/wx/-3.10,556.2,16.1,2.92,339,0.36
2024.100.09:26:00/wx/-3.18,556.2,16.4,2.70,346,0.35
2024.100.09:27:00/wx/-3.15,556.2,15.6,2.74,207,0.34
2024.100.09:28:00/wx/-2.86,556.2,14.4,2.61,350,0.34
2024.100.09:29:00/wx/-3.10,556.2,15.4,3.03,324,0.34
2024.100.09:30:00/wx/-3.10,556.2,15.1,2.52,332,0.34
2024.100.09:31:00/wx/-2.66,556.2,12.4,2.33,323,0.33
2024.100.09:32:00/wx/-2.33,556.2,11.2,2.59,332,0.34
2024.100.09:33:00/wx/-2.88,556.1,12.5,3.42,328,0.34
2024.100.09:34:00/wx/-2.40,556.2,11.6,3.23,335,0.33
2024.100.09:35:00/wx/-2.40,556.2,11.6,3.19,336,0.34
2024.100.09:36:00/wx/-2.50,556.2,12.0,2.79,345,0.34
2024.100.09:37:00/wx/-2.77,556.2,12.4,2.47,339,0.34
2024.100.09:38:00/wx/-3.11,556.2,13.4,2.74,343,0.34
2024.100.09:39:00/wx/-2.90,556.2,12.7,2.23,-0,0.35
2024.100.09:40:00/wx/-3.13,556.3,12.6,2.03,7,0.35
2024.100.09:41:00/wx/-3.40,556.3,13.7,1.38,333,0.35
2024.100.09:42:00/wx/-3.50,556.3,13.5,2.14,340,0.35
2024.100.09:43:00/wx/-3.30,556.2,12.5,1.94,338,0.35
2024.100.09:44:00/wx/-3.61,556.3,12.7,1.85,330,0.35
2024.100.09:45:00/wx/-3.79,556.3,13.5,2.52,332,0.34
2024.100.09:46:00/wx/-3.14,556.3,12.2,2.34,340,0.34
2024.100.09:47:00/wx/-2.92,556.3,11.7,2.12,326,0.34
2024.100.09:48:00/wx/-2.60,556.3,11.3,2.03,328,0.34
2024.100.09:49:00/wx/-2.40,556.3,11.1,1.91,335,0.33
2024.100.09:50:00/wx/-2.30,556.3,11.3,2.16,337,0.33
2024.100.09:51:00/wx/-2.20,556.3,11.0,2.04,340,0.33
2024.100.09:52:00/wx/-2.00,556.3,10.2,1.81,329,0.33
2024.100.09:53:00/wx/-2.00,556.3,9.7,2.15,310,0.33
2024.100.09:54:00/wx/-1.90,556.3,9.4,1.84,314,0.33
2024.100.09:55:00/wx/-1.71,556.3,8.6,1.63,309,0.33
2024.100.09:56:00/wx/-1.70,556.3,8.2,1.53,314,0.33
2024.100.09:57:00/wx/-1.60,556.3,8.0,1.00,273,0.33
2024.100.09:58:00/wx/-1.70,556.3,8.4,1.67,315,0.33
2024.100.09:59:00/wx/-1.70,556.3,8.7,1.48,321,0.33
2024.100.10:00:00/wx/-1.80,556.3,9.2,1.53,321,0.32
2024.100.10:01:00/wx/-1.90,556.3,9.7,1.53,315,0.33
2024.100.10:02:00/wx/-1.90,556.3,9.5,1.32,307,0.33
2024.100.10:03:00/wx/-1.90,556.3,9.2,1.21,306,0.33
2024.100.10:04:00/wx/-1.90,556.3,9.2,1.23,284,0.33
2024.100.10:05:00/wx/-2.09,556.3,9.8,0.85,298,0.33
2024.100.10:06:00/wx/-2.30,556.4,10.1,1.03,290,0.33
2024.100.10:07:00/wx/-2.20,556.3,9.7,0.95,269,0.33
2024.100.10:08:00/wx/-2.20,556.4,9.6,0.88,268,0.33
2024.100.10:09:00/wx/-2.20,556.4,10.0,1.13,281,0.33
2024.100.10:10:00/wx/-2.20,556.4,10.1,0.92,280,0.33
2024.100.10:11:00/wx/-2.20,556.4,10.1,1.11,258,0.33
2024.100.10:12:00/wx/-2.20,556.4,10.1,1.04,244,0.33
2024.100.10:13:00/wx/-2.10,556.4,9.6,0.92,233,0.33
2024.100.10:14:00/wx/-2.10,556.4,9.4,1.21,213,0.33
2024.100.10:15:00/wx/-2.10,556.4,9.7,1.42,211,0.33
2024.100.10:16:00/wx/-2.00,556.4,9.1,1.73,219,0.33
2024.100.10:17:00/wx/-1.90,556.4,9.0,1.56,223,0.33
2024.100.10:18:00/wx/-1.80,556.4,8.4,1.62,231,0.32
2024.100.10:19:00/wx/-1.70,556.4,7.9,1.42,238,0.32
2024.100.10:20:00/wx/-1.70,556.4,8.1,1.42,236,0.32
2024.100.10:21:00/wx/-1.70,556.4,8.1,1.52,231,0.32
2024.100.10:22:00/wx/-1.80,556.5,8.5,1.41,219,0.32
2024.100.10:23:00/wx/-1.80,556.5,8.6,1.42,219,0.33
2024.100.10:24:00/wx/-1.80,556.5,8.3,1.42,209,0.33
2024.100.10:25:00/wx/-1.90,556.5,8.8,1.42,205,0.32
2024.100.10:26:00/wx/-1.90,556.5,8.6,1.42,205,0.32
2024.100.10:27:00/wx/-1.90,556.5,8.4,1.49,213,0.32
2024.100.10:28:00/wx/-1.80,556.5,8.4,1.32,224,0.32
2024.100.10:29:00/wx/-1.80,556.5,8.4,1.22,240,0.32
2024.100.10:30:00/wx/-1.80,556.5,8.3,1.22,249,0.32
2024.100.10:31:00/wx/-1.80,556.4,8.1,1.23,252,0.32
2024.100.10:32:00/wx/-1.80,556.5,7.9,1.04,257,0.32
2024.100.10:33:00/wx/-1.80,556.4,8.2,0.83,252,0.32
2024.100.10:34:00/wx/-2.10,556.5,9.2,0.85,250,0.32
2024.100.10:35:00/wx/-2.10,556.5,8.7,1.02,247,0.32
2024.100.10:36:00/wx/-2.10,556.5,8.5,0.82,248,0.32
2024.100.10:37:00/wx/-2.28,556.5,9.2,0.72,251,0.32
2024.100.10:38:00/wx/-2.30,556.5,8.9,0.72,265,0.32
2024.100.10:39:00/wx/-2.21,556.5,8.5,0.63,281,0.32
2024.100.10:40:00/wx/-2.30,556.5,8.9,0.73,302,0.32
2024.100.10:41:00/wx/-2.20,556.5,7.9,1.03,328,0.32
2024.100.10:42:00/wx/-2.00,556.6,6.7,1.13,332,0.32
2024.100.10:43:00/wx/-1.90,556.5,7.3,1.63,343,0.32
2024.100.10:44:00/wx/-1.48,556.6,5.6,1.84,343,0.32
2024.100.10:45:00/wx/-1.06,556.6,3.9,1.98,353,0.32
2024.100.10:46:00/wx/-0.74,556.6,3.0,2.13,348,0.32
2024.100.10:47:00/wx/-0.41,556.6,2.9,1.84,346,0.32
2024.100.10:48:00/wx/-0.30,556.6,2.9,1.94,347,0.32
2024.100.10:49:00/wx/-0.07,556.6,2.8,2.07,334,0.32
2024.100.10:50:00/wx/0.16,556.6,2.5,1.38,338,0.32
2024.100.10:51:00/wx/0.20,556.6,2.5,1.34,355,0.32
2024.100.10:52:00/wx/-0.09,556.6,3.1,0.75,328,0.32
2024.100.10:53:00/wx/-0.62,556.6,4.7,1.15,203,0.32
2024.100.10:54:00/wx/-0.80,556.6,4.6,1.03,241,0.32
2024.100.10:55:00/wx/-0.74,556.6,4.0,0.79,240,0.32
2024.100.10:56:00/wx/-0.70,556.6,3.5,0.72,317,0.32
2024.100.10:57:00/wx/-0.60,556.6,3.3,0.43,323,0.32
2024.100.10:58:00/wx/-0.50,556.6,2.9,0.53,314,0.32
2024.100.10:59:00/wx/-0.30,556.6,2.6,0.48,358,0.32
2024.100.11:00:00/wx/-0.10,556.5,2.4,0.70,343,0.31
2024.100.11:01:00/wx/0.00,556.6,2.5,0.66,329,0.32
2024.100.11:02:00/wx/0.00,556.5,2.4,0.42,333,0.32
2024.100.11:03:00/wx/0.12,556.6,2.4,0.32,93,0.32
2024.100.11:04:00/wx/0.20,556.6,2.4,0.60,319,0.32
2024.100.11:05:00/wx/0.20,556.6,2.3,0.43,308,0.32
2024.100.11:06:00/wx/0.29,556.6,2.2,0.44,349,0.32
2024.100.11:07:00/wx/0.40,556.5,2.2,0.34,11,0.32
2024.100.11:08:00/wx/0.50,556.5,2.2,0.51,274,0.32
2024.100.11:09:00/wx/0.50,556.5,2.3,0.81,17,0.32
2024.100.11:10:00/wx/0.50,556.5,2.7,0.80,8,0.32
2024.100.11:11:00/wx/0.50,556.5,2.9,0.79,16,0.32
2024.100.11:12:00/wx/0.60,556.5,2.7,0.70,32,0.32
2024.100.11:13:00/wx/0.70,556.5,2.5,0.74,43,0.32
2024.100.11:14:00/wx/0.90,556.5,2.5,0.56,31,0.33
2024.100.11:15:00/wx/0.90,556.6,2.6,0.69,44,0.32
2024.100.11:16:00/wx/1.00,556.6,2.6,0.90,36,0.33
2024.100.11:17:00/wx/0.90,556.6,2.6,1.11,35,0.33
2024.100.11:18:00/wx/0.80,556.6,2.6,0.83,235,0.33
2024.100.11:19:00/wx/0.80,556.6,2.5,1.04,7,0.33
2024.100.11:20:00/wx/0.80,556.6,2.4,0.89,9,0.33
2024.100.11:21:00/wx/0.90,556.6,2.4,1.01,19,0.32
2024.100.11:22:00/wx/0.90,556.6,2.4,0.69,33,0.32
2024.100.11:23:00/wx/1.00,556.6,2.4,0.90,24,0.32
2024.100.11:24:00/wx/1.08,556.6,2.2,0.93,41,0.33
2024.100.11:25:00/wx/1.20,556.6,2.1,0.90,49,0.32
2024.100.11:26:00/wx/1.10,556.6,2.4,1.51,38,0.32
2024.100.11:27:00/wx/1.10,556.6,2.6,1.40,39,0.33
2024.100.11:28:00/wx/1.10,556.6,2.6,1.20,38,0.33
2024.100.11:29:00/wx/1.03,556.6,2.9,1.28,57,0.33
2024.100.11:30:00/wx/0.90,556.6,3.2,0.83,80,0.33
2024.100.11:31:00/wx/1.10,556.6,3.2,0.90,90,0.33
2024.100.11:32:00/wx/1.31,556.7,2.8,1.21,78,0.33
2024.100.11:33:00/wx/1.39,556.6,2.6,1.10,69,0.32
2024.100.11:34:00/wx/1.60,556.6,2.3,1.11,63,0.33
2024.100.11:35:00/wx/1.50,556.7,2.2,1.31,69,0.32
2024.100.11:36:00/wx/1.60,556.6,2.3,1.12,90,0.32
2024.100.11:37:00/wx/1.50,556.7,2.7,1.47,74,0.32
2024.100.11:38:00/wx/1.34,556.7,3.3,1.38,78,0.32
2024.100.11:39:00/wx/1.40,556.7,4.2,1.31,129,0.32
2024.100.11:40:00/wx/1.40,556.7,3.9,1.21,150,0.32
2024.100.11:41:00/wx/1.50,556.7,3.0,1.24,135,0.33
2024.100.11:42:00/wx/1.65,556.7,2.7,1.49,105,0.32
2024.100.11:43:00/wx/1.80,556.7,2.9,1.57,99,0.32
2024.100.11:44:00/wx/1.80,556.7,3.2,1.14,78,0.32
2024.100.11:45:00/wx/1.90,556.7,4.4,0.62,84,0.32
2024.100.11:46:00/wx/1.92,556.7,3.9,0.66,99,0.33
2024.100.11:47:00/wx/2.20,556.7,5.8,0.48,129,0.33
2024.100.11:48:00/wx/2.30,556.8,5.6,1.13,95,0.32
2024.100.11:49:00/wx/2.40,556.8,4.2,1.12,141,0.33
2024.100.11:50:00/wx/2.42,556.7,3.9,0.82,135,0.33
2024.100.11:51:00/wx/2.53,556.8,3.9,1.35,100,0.33
2024.100.11:52:00/wx/2.39,556.8,4.0,1.56,81,0.33
2024.100.11:53:00/wx/2.20,556.7,3.6,1.32,95,0.33
2024.100.11:54:00/wx/2.20,556.8,5.0,1.30,79,0.33
2024.100.11:55:00/wx/2.11,556.8,6.6,1.02,88,0.33
2024.100.11:56:00/wx/2.30,556.8,6.0,0.82,114,0.33
2024.100.11:57:00/wx/2.40,556.8,5.6,1.40,117,0.33
2024.100.11:58:00/wx/2.60,556.8,6.6,0.58,147,0.33
2024.100.11:59:00/wx/2.50,556.8,4.6,0.61,64,0.33
2024.100.12:00:00/wx/2.82,556.8,4.2,0.32,51,0.32
2024.100.12:01:00/wx/3.06,556.8,3.9,0.93,149,0.33
2024.100.12:02:00/wx/3.00,556.8,4.1,1.11,92,0.33
2024.100.12:03:00/wx/2.90,556.8,4.6,0.98,109,0.33
2024.100.12:04:00/wx/2.90,556.8,4.6,0.82,125,0.33
2024.100.12:05:00/wx/2.87,556.8,4.5,1.24,136,0.33
2024.100.12:06:00/wx/2.55,556.8,4.2,1.24,148,0.33
2024.100.12:07:00/wx/2.28,556.8,4.0,1.01,107,0.33
2024.100.12:08:00/wx/2.40,556.8,4.1,0.84,142,0.33
2024.100.12:09:00/wx/2.30,556.8,4.1,1.30,127,0.33
2024.100.12:10:00/wx/2.30,556.8,3.8,1.20,142,0.32
2024.100.12:11:00/wx/2.20,556.8,4.0,1.16,161,0.33
2024.100.12:12:00/wx/2.13,556.8,5.1,1.51,162,0.33
2024.100.12:13:00/wx/2.00,556.8,4.3,0.93,153,0.33
2024.100.12:14:00/wx/2.10,556.8,5.2,1.49,128,0.33
2024.100.12:15:00/wx/2.00,556.8,5.9,1.75,148,0.33
2024.100.12:16:00/wx/2.07,556.8,5.5,0.94,108,0.33
2024.100.12:17:00/wx/2.12,556.8,5.8,2.08,131,0.34
2024.100.12:18:00/wx/2.20,556.8,6.1,2.11,106,0.33
2024.100.12:19:00/wx/2.31,556.8,4.9,1.31,125,0.33
2024.100.12:20:00/wx/2.54,556.8,6.1,1.66,109,0.33
2024.100.12:21:00/wx/2.71,556.8,5.5,1.60,83,0.33
2024.100.12:22:00/wx/2.59,556.9,5.2,1.78,91,0.33
2024.100.12:23:00/wx/2.80,556.9,5.4,1.71,94,0.32
2024.100.12:24:00/wx/2.80,556.9,5.6,1.04,94,0.33
2024.100.12:25:00/wx/2.95,556.9,5.6,1.67,93,0.33
2024.100.12:26:00/wx/3.11,556.9,5.0,1.71,128,0.33
2024.100.12:27:00/wx/2.91,556.9,4.2,1.79,152,0.33
2024.100.12:28:00/wx/2.70,556.9,4.8,0.75,156,0.33
2024.100.12:29:00/wx/2.80,556.9,4.9,1.23,105,0.34
2024.100.12:30:00/wx/3.10,556.9,4.5,0.56,95,0.34
2024.100.12:31:00/wx/3.49,556.9,4.9,0.58,77,0.34
2024.100.12:32:00/wx/3.70,556.9,5.2,0.72,162,0.34
2024.100.12:33:00/wx/3.41,556.9,4.6,0.92,114,0.35
2024.100.12:34:00/wx/3.40,556.9,4.8,0.95,132,0.35
2024.100.12:35:00/wx/3.50,556.9,5.8,1.19,125,0.35
2024.100.12:36:00/wx/3.53,556.9,6.6,1.56,75,0.35
2024.100.12:37:00/wx/3.50,556.9,5.8,1.11,70,0.35
2024.100.12:38:00/wx/3.50,556.9,5.6,1.41,100,0.35
2024.100.12:39:00/wx/3.40,556.9,5.8,1.25,90,0.35
2024.100.12:40:00/wx/3.30,556.9,5.7,1.06,141,0.36
2024.100.12:41:00/wx/3.20,557.0,6.2,0.67,143,0.34
2024.100.12:42:00/wx/3.10,556.9,7.2,1.21,139,0.34
2024.100.12:43:00/wx/2.99,556.9,6.9,2.93,170,0.34
2024.100.12:44:00/wx/2.59,556.9,4.5,1.93,169,0.34
2024.100.12:45:00/wx/2.60,557.0,5.6,1.94,150,0.34
2024.100.12:46:00/wx/2.51,556.9,6.4,3.37,183,0.34
2024.100.12:47:00/wx/2.50,556.9,6.5,3.61,182,0.34
2024.100.12:48:00/wx/2.50,556.9,5.1,3.11,182,0.34
2024.100.12:49:00/wx/2.54,556.9,6.4,3.24,174,0.34
2024.100.12:50:00/wx/2.68,556.9,6.1,4.29,165,0.34
2024.100.12:51:00/wx/2.60,556.9,5.3,4.32,160,0.34
2024.100.12:52:00/wx/2.50,556.9,5.0,3.45,182,0.34
2024.100.12:53:00/wx/2.50,556.9,4.8,3.11,178,0.34
2024.100.12:54:00/wx/2.66,556.9,6.7,4.14,188,0.34
2024.100.12:55:00/wx/2.69,556.9,5.9,4.28,185,0.34
2024.100.12:56:00/wx/2.60,556.9,5.0,5.12,178,0.33
2024.100.12:57:00/wx/2.60,557.0,5.1,3.95,174,0.33
2024.100.12:58:00/wx/2.60,556.9,4.5,3.98,183,0.33
2024.100.12:59:00/wx/2.60,556.9,4.6,3.25,163,0.34
2024.100.13:00:00/wx/2.80,556.9,5.4,2.44,181,0.34
2024.100.13:01:00/wx/3.00,556.9,7.1,3.61,171,0.33
2024.100.13:02:00/wx/3.10,556.9,7.0,4.38,178,0.32
2024.100.13:03:00/wx/2.90,556.9,6.1,5.03,191,0.33
2024.100.13:04:00/wx/2.87,556.9,7.8,4.26,167,0.33
2024.100.13:05:00/wx/2.81,556.9,6.0,5.84,174,0.34
2024.100.13:06:00/wx/2.90,556.9,5.7,4.71,173,0.35
2024.100.13:07:00/wx/2.90,556.9,5.9,5.21,175,0.35
2024.100.13:08:00/wx/2.95,556.9,6.8,4.10,151,0.36
2024.100.13:09:00/wx/2.90,556.9,8.0,5.71,153,0.37
2024.100.13:10:00/wx/3.00,556.9,7.2,2.54,157,0.36
2024.100.13:11:00/wx/3.30,557.0,7.9,1.63,163,0.35
2024.100.13:12:00/wx/3.30,557.0,7.4,2.07,120,0.36
2024.100.13:13:00/wx/3.30,557.0,6.4,1.07,145,0.36
2024.100.13:14:00/wx/3.67,557.0,7.0,2.34,96,0.37
2024.100.13:15:00/wx/3.70,557.0,7.2,3.71,137,0.38
2024.100.13:16:00/wx/3.50,557.0,7.6,1.60,157,0.36
2024.100.13:17:00/wx/3.35,557.0,6.8,2.40,151,0.36
2024.100.13:18:00/wx/3.08,557.0,7.6,2.19,108,0.36
2024.100.13:19:00/wx/3.49,557.0,6.2,1.91,92,0.36
2024.100.13:20:00/wx/3.70,557.0,6.6,0.63,174,0.36
2024.100.13:21:00/wx/3.68,557.0,7.5,2.16,169,0.37
2024.100.13:22:00/wx/3.54,557.0,7.8,0.69,174,0.36
2024.100.13:23:00/wx/3.87,557.0,9.8,2.23,107,0.37
2024.100.13:24:00/wx/4.00,557.0,6.9,2.19,100,0.39
2024.100.13:25:00/wx/3.90,557.0,6.1,2.50,105,0.38
2024.100.13:26:00/wx/3.93,557.0,6.6,1.49,124,0.40
2024.100.13:27:00/wx/3.86,557.0,7.2,0.50,150,0.39
2024.100.13:28:00/wx/3.99,557.0,6.5,3.50,97,0.40
2024.100.13:29:00/wx/4.00,557.0,6.1,2.81,121,0.39
2024.100.13:30:00/wx/4.20,557.0,6.8,1.54,143,0.39
2024.100.13:31:00/wx/3.86,557.0,6.2,2.06,165,0.40
2024.100.13:32:00/wx/3.76,557.0,7.8,3.72,94,0.39
2024.100.13:33:00/wx/3.70,557.1,7.9,3.73,85,0.42
2024.100.13:34:00/wx/3.80,557.0,7.1,2.33,93,0.40
2024.100.13:35:00/wx/3.90,557.0,7.6,2.24,42,0.42
2024.100.13:36:00/wx/3.55,557.0,6.8,3.33,54,0.44
2024.100.13:37:00/wx/3.28,557.1,6.5,3.14,87,0.42
2024.100.13:38:00/wx/3.80,557.1,8.1,4.09,85,0.39
2024.100.13:39:00/wx/3.79,557.1,5.9,3.45,96,0.39
2024.100.13:40:00/wx/3.80,557.0,5.5,2.65,104,0.40
2024.100.13:41:00/wx/3.93,557.1,6.5,1.84,105,0.40
2024.100.13:42:00/wx/3.91,557.1,6.3,2.22,162,0.40
2024.100.13:43:00/wx/3.50,557.1,5.4,1.82,211,0.41
2024.100.13:44:00/wx/3.53,557.1,5.4,0.53,282,0.42
2024.100.13:45:00/wx/4.00,557.1,5.9,0.63,157,0.39
2024.100.13:46:00/wx/3.83,557.1,5.2,0.83,270,0.39
2024.100.13:47:00/wx/3.79,557.1,5.2,0.50,322,0.39
2024.100.13:48:00/wx/4.10,557.1,6.3,2.40,118,0.37
2024.100.13:49:00/wx/4.00,557.1,5.7,2.87,109,0.37
2024.100.13:50:00/wx/4.10,557.1,5.9,1.63,97,0.38
2024.100.13:51:00/wx/4.10,557.1,6.1,1.77,86,0.36
2024.100.13:52:00/wx/4.11,557.0,6.9,2.75,162,0.36
2024.100.13:53:00/wx/4.20,557.1,7.1,2.85,93,0.36
2024.100.13:54:00/wx/4.34,557.1,6.2,1.05,100,0.36
2024.100.13:55:00/wx/4.13,557.1,6.2,1.76,59,0.40
2024.100.13:56:00/wx/3.91,557.1,5.8,1.93,51,0.40
2024.100.13:57:00/wx/4.10,557.1,7.3,1.80,51,0.40
2024.100.13:58:00/wx/4.30,557.1,7.4,1.72,68,0.40
2024.100.13:59:00/wx/4.30,557.1,6.7,1.93,108,0.38
2024.100.14:00:00/wx/4.11,557.1,6.7,2.55,132,0.38
2024.100.14:01:00/wx/4.08,557.1,7.4,2.03,136,0.38
2024.100.14:02:00/wx/3.70,557.1,6.4,3.22,144,0.42
2024.100.14:03:00/wx/3.79,557.1,7.3,2.43,138,0.42
2024.100.14:04:00/wx/3.50,557.1,6.5,2.16,142,0.43
2024.100.14:05:00/wx/3.40,557.1,6.0,1.77,190,0.43
2024.100.14:06:00/wx/3.49,557.1,6.7,1.77,103,0.41
2024.100.14:07:00/wx/3.80,557.1,6.8,3.22,70,0.41
2024.100.14:08:00/wx/3.71,557.1,7.1,3.28,81,0.43
2024.100.14:09:00/wx/4.00,557.1,7.6,3.07,86,0.43
2024.100.14:10:00/wx/3.83,557.1,6.6,3.29,65,0.43
2024.100.14:11:00/wx/4.00,557.1,6.8,2.45,93,0.42
2024.100.14:12:00/wx/4.11,557.1,7.7,2.33,94,0.43
2024.100.14:13:00/wx/4.40,557.1,7.8,3.11,67,0.44
2024.100.14:14:00/wx/3.84,557.1,6.1,2.83,69,0.44
2024.100.14:15:00/wx/3.72,557.1,6.4,3.22,75,0.42
2024.100.14:16:00/wx/3.69,557.1,6.7,3.71,84,0.43
2024.100.14:17:00/wx/4.02,557.1,6.5,2.45,115,0.44
2024.100.14:18:00/wx/3.97,557.1,5.8,1.05,92,0.45
2024.100.14:19:00/wx/3.82,557.1,6.0,3.30,44,0.46
2024.100.14:20:00/wx/3.80,557.1,5.8,1.44,45,0.48
2024.100.14:21:00/wx/4.00,557.1,7.1,4.11,83,0.48
2024.100.14:22:00/wx/4.07,557.2,7.5,3.17,29,0.48
2024.100.14:23:00/wx/3.59,557.1,6.3,2.41,36,0.47
2024.100.14:24:00/wx/3.74,557.1,7.4,2.87,44,0.53
2024.100.14:25:00/wx/3.70,557.2,6.8,2.67,65,0.52
2024.100.14:26:00/wx/3.90,557.2,6.7,1.60,106,0.51
2024.100.14:27:00/wx/4.13,557.1,7.7,1.56,126,0.50
2024.100.14:28:00/wx/4.46,557.1,7.0,2.33,133,0.50
2024.100.14:29:00/wx/4.20,557.2,5.8,1.12,165,0.49
2024.100.14:30:00/wx/4.10,557.2,5.6,1.01,159,0.44
2024.100.14:31:00/wx/4.00,557.2,5.3,0.42,180,0.44
2024.100.14:32:00/wx/4.10,557.2,5.5,0.33,304,0.44
2024.100.14:33:00/wx/4.30,557.2,5.8,0.88,280,0.43
2024.100.14:34:00/wx/4.20,557.2,5.6,0.95,281,0.42
2024.100.14:35:00/wx/4.10,557.1,6.0,1.92,254,0.42
2024.100.14:36:00/wx/3.90,557.1,5.2,1.98,259,0.42
2024.100.14:37:00/wx/3.93,557.1,6.5,1.39,229,0.43
2024.100.14:38:00/wx/4.10,557.1,7.4,1.46,144,0.42
2024.100.14:39:00/wx/4.19,557.1,6.8,1.14,182,0.46
2024.100.14:40:00/wx/4.30,557.1,7.9,1.32,173,0.45
2024.100.14:41:00/wx/4.29,557.1,6.7,0.77,137,0.45
2024.100.14:42:00/wx/4.47,557.1,6.5,1.00,100,0.46
2024.100.14:43:00/wx/4.70,557.1,7.5,0.92,192,0.50
2024.100.14:44:00/wx/4.61,557.1,7.0,1.70,181,0.51
2024.100.14:45:00/wx/4.50,557.1,5.5,1.22,195,0.50
2024.100.14:46:00/wx/4.60,557.1,7.2,1.15,182,0.48
2024.100.14:47:00/wx/4.60,557.1,5.4,0.66,142,0.48
2024.100.14:48:00/wx/4.90,557.1,5.9,1.84,-24,0.48
2024.100.14:49:00/wx/5.00,557.1,6.2,2.25,358,0.49
2024.100.14:50:00/wx/4.90,557.1,7.1,2.35,333,0.50
2024.100.14:51:00/wx/4.57,557.1,5.6,2.19,323,0.49
2024.100.14:52:00/wx/4.65,557.1,6.6,1.98,333,0.47
2024.100.14:53:00/wx/4.58,557.1,6.1,3.52,327,0.46
2024.100.14:54:00/wx/4.40,557.1,5.4,2.27,346,0.48
2024.100.14:55:00/wx/4.41,557.1,5.8,1.65,341,0.48
2024.100.14:56:00/wx/4.80,557.1,5.4,0.62,269,0.48
2024.100.14:57:00/wx/5.02,557.1,6.4,2.22,325,0.47
2024.100.14:58:00/wx/4.90,557.1,5.5,2.44,307,0.47
2024.100.14:59:00/wx/4.90,557.1,5.7,1.63,340,0.46
2024.100.15:00:00/wx/5.02,557.1,5.5,0.91,306,0.46
2024.100.15:01:00/wx/5.00,557.1,5.7,1.29,35,0.48
2024.100.15:02:00/wx/5.03,557.1,5.4,1.66,30,0.49
2024.100.15:03:00/wx/5.08,557.1,5.8,0.81,41,0.49
2024.100.15:04:00/wx/5.50,557.1,5.4,0.42,170,0.49
2024.100.15:05:00/wx/5.62,557.1,5.2,0.32,203,0.48
2024.100.15:06:00/wx/6.04,557.1,6.3,0.54,183,0.49
2024.100.15:07:00/wx/6.05,557.1,8.2,2.34,246,0.49
2024.100.15:08:00/wx/5.51,557.1,8.2,2.52,322,0.51
2024.100.15:09:00/wx/5.29,557.1,7.6,2.40,310,0.55
2024.100.15:10:00/wx/5.15,557.1,7.7,4.18,285,0.57
2024.100.15:11:00/wx/4.80,557.1,7.9,2.81,284,0.59
2024.100.15:12:00/wx/4.69,557.1,8.0,1.73,340,0.59
2024.100.15:13:00/wx/4.90,557.1,9.5,3.99,288,0.59
2024.100.15:14:00/wx/4.60,557.1,8.8,3.10,307,0.57
2024.100.15:15:00/wx/4.60,557.1,9.3,5.30,294,0.59
2024.100.15:16:00/wx/4.40,557.1,9.2,3.95,295,0.60
2024.100.15:17:00/wx/4.38,557.1,9.5,2.90,281,0.60
2024.100.15:18:00/wx/4.60,557.1,10.5,1.83,276,0.61
2024.100.15:19:00/wx/4.49,557.1,9.2,3.52,246,0.60
2024.100.15:20:00/wx/4.60,557.1,9.8,2.13,247,0.59
2024.100.15:21:00/wx/4.50,557.1,8.8,3.06,243,0.68
2024.100.15:22:00/wx/4.50,557.1,7.7,0.97,234,0.65
2024.100.15:23:00/wx/4.70,557.1,8.2,1.72,207,0.65
2024.100.15:24:00/wx/4.80,557.1,9.2,3.08,280,0.66
2024.100.15:25:00/wx/4.84,557.1,11.1,2.48,268,0.69
2024.100.15:26:00/wx/4.80,557.1,9.6,1.26,288,0.71
2024.100.15:27:00/wx/4.91,557.1,7.9,2.71,300,0.72
