2024.100.22:59:00;APEX Database Weather Data for Timerange of e24d10
2024.100.22:59:00;The format is wx/temp[C],press[mbar],humid[%],speed[m/s],direction[deg],pwv[mm]
2024.100.23:00:00/wx/-0.70,556.7,23.2,4.31,294,1.05
2024.100.23:01:00/wx/-0.50,556.7,21.8,4.19,287,1.05
2024.100.23:02:00/wx/-0.60,556.7,22.9,3.93,294,1.05
2024.100.23:03:00/wx/-0.91,556.7,24.8,3.84,299,1.08
2024.100.23:04:00/wx/-1.00,556.7,24.8,3.89,298,1.07
2024.100.23:05:00/wx/-1.17,556.7,25.9,3.81,298,1.05
2024.100.23:06:00/wx/-1.20,556.7,25.5,4.19,298,1.06
2024.100.23:07:00/wx/-1.20,556.7,25.4,3.83,302,1.07
2024.100.23:08:00/wx/-1.20,556.7,25.1,3.75,305,1.08
2024.100.23:09:00/wx/-1.10,556.7,24.0,3.57,297,1.12
2024.100.23:10:00/wx/-1.20,556.7,25.6,3.41,299,1.18
2024.100.23:11:00/wx/-1.11,556.7,27.2,3.75,300,1.23
2024.100.23:12:00/wx/-1.20,556.7,30.6,3.54,302,1.20
2024.100.23:13:00/wx/-1.20,556.7,31.3,3.77,301,1.17
2024.100.23:14:00/wx/-1.30,556.7,31.5,3.95,300,1.22
2024.100.23:15:00/wx/-1.20,556.7,30.9,3.48,294,1.23
2024.100.23:16:00/wx/-1.49,556.7,33.6,3.03,296,1.28
2024.100.23:17:00/wx/-1.91,556.7,36.3,3.16,304,1.27
2024.100.23:18:00/wx/-2.34,556.7,39.6,2.88,307,1.29
2024.100.23:19:00/wx/-2.67,556.7,42.6,2.79,308,1.27
2024.100.23:20:00/wx/-2.62,556.7,44.3,3.70,315,1.30
2024.100.23:21:00/wx/-2.20,556.7,40.8,3.73,312,1.24
2024.100.23:22:00/wx/-1.88,556.7,39.0,3.93,316,1.25
2024.100.23:23:00/wx/-1.77,556.7,37.5,3.96,317,1.31
2024.100.23:24:00/wx/-1.50,556.8,35.8,3.93,322,1.34
2024.100.23:25:00/wx/-1.41,556.7,35.3,3.66,321,1.32
2024.100.23:26:00/wx/-1.30,556.7,34.1,3.83,320,1.33
2024.100.23:27:00/wx/-1.30,556.8,34.1,3.72,322,1.34
2024.100.23:28:00/wx/-1.35,556.7,34.3,3.71,325,1.36
2024.100.23:29:00/wx/-1.30,556.7,33.1,4.15,329,1.28
2024.100.23:30:00/wx/-1.20,556.7,32.7,4.05,329,1.28
2024.100.23:31:00/wx/-1.09,556.8,32.3,4.34,328,1.29
2024.100.23:32:00/wx/-1.00,556.7,31.2,4.40,335,1.29
2024.100.23:33:00/wx/-0.86,556.8,31.4,4.60,335,1.31
2024.100.23:34:00/wx/-0.60,556.8,30.7,4.57,333,1.33
2024.100.23:35:00/wx/-0.50,556.8,30.3,4.77,332,1.35
2024.100.23:36:00/wx/-0.60,556.7,32.0,4.40,334,1.33
2024.100.23:37:00/wx/-1.01,556.8,35.1,4.51,340,1.31
2024.100.23:38:00/wx/-0.69,556.7,32.6,4.82,336,1.29
2024.100.23:39:00/wx/-0.80,556.7,34.2,4.35,338,1.26
2024.100.23:40:00/wx/-0.90,556.7,34.4,4.62,338,1.27
2024.100.23:41:00/wx/-0.70,556.7,33.1,4.53,336,1.26
2024.100.23:42:00/wx/-0.60,556.7,32.5,4.87,334,1.25
2024.100.23:43:00/wx/-0.44,556.7,31.8,4.56,338,1.23
2024.100.23:44:00/wx/-0.50,556.7,32.9,4.39,336,1.18
2024.100.23:45:00/wx/-0.50,556.7,32.9,4.53,336,1.15
2024.100.23:46:00/wx/-0.60,556.8,33.5,4.78,335,1.17
2024.100.23:47:00/wx/-0.57,556.7,33.2,4.45,333,1.16
2024.100.23:48:00/wx/-0.67,556.7,34.3,4.53,337,1.11
2024.100.23:49:00/wx/-0.50,556.7,33.5,4.15,333,1.16
2024.100.23:50:00/wx/-0.50,556.7,33.4,4.64,333,1.16
2024.100.23:51:00/wx/-0.50,556.7,32.7,4.78,334,1.20
2024.100.23:52:00/wx/-0.60,556.7,33.5,4.80,337,1.16
2024.100.23:53:00/wx/-0.50,556.7,32.8,5.07,332,1.13
2024.100.23:54:00/wx/-0.30,556.8,32.7,4.34,339,1.14
2024.100.23:55:00/wx/-0.30,556.7,32.6,4.54,332,1.10
2024.100.23:56:00/wx/-0.20,556.7,32.0,4.43,333,1.10
2024.100.23:57:00/wx/-0.20,556.7,32.0,4.32,333,1.12
2024.100.23:58:00/wx/-0.20,556.7,31.7,4.58,333,1.10
2024.100.23:59:00/wx/-0.20,556.7,31.9,4.53,336,1.14
2024.101.00:00:00/wx/-0.20,556.7,31.7,4.61,335,1.15
2024.101.00:01:00/wx/-0.46,556.7,33.3,4.42,337,1.11
2024.101.00:02:00/wx/-0.40,556.7,33.0,4.59,337,1.15
2024.101.00:03:00/wx/-0.86,556.7,36.3,4.51,338,1.12
2024.101.00:04:00/wx/-1.20,556.7,37.7,4.83,334,1.10
2024.101.00:05:00/wx/-1.39,556.7,37.9,4.82,334,1.10
2024.101.00:06:00/wx/-1.00,556.7,35.9,4.79,331,1.11
2024.101.00:07:00/wx/-0.84,556.7,35.0,4.66,332,1.11
2024.101.00:08:00/wx/-0.70,556.7,34.4,4.83,334,1.09
2024.101.00:09:00/wx/-0.91,556.7,36.7,4.85,331,1.08
2024.101.00:10:00/wx/-0.77,556.7,35.7,4.88,335,1.11
2024.101.00:11:00/wx/-0.41,556.7,33.4,4.49,337,1.07
2024.101.00:12:00/wx/-1.77,556.7,43.2,3.83,311,1.03
2024.101.00:13:00/wx/-1.61,556.7,39.2,4.74,322,1.04
2024.101.00:14:00/wx/-0.77,556.7,35.0,4.62,330,1.05
2024.101.00:15:00/wx/-1.05,556.7,37.0,4.84,338,1.07
2024.101.00:16:00/wx/-0.75,556.7,35.4,4.82,333,1.06
2024.101.00:17:00/wx/-0.33,556.7,33.4,4.50,330,1.06
2024.101.00:18:00/wx/-0.29,556.7,33.4,3.94,329,1.05
2024.101.00:19:00/wx/-0.82,556.7,35.9,4.54,324,1.03
2024.101.00:20:00/wx/-1.00,556.7,36.5,4.67,328,1.06
2024.101.00:21:00/wx/-0.90,556.7,35.6,4.66,332,1.02
2024.101.00:22:00/wx/-1.10,556.6,37.6,4.46,332,1.00
2024.101.00:23:00/wx/-0.70,556.6,35.4,4.73,332,1.01
2024.101.00:24:00/wx/-1.32,556.6,39.0,4.91,337,1.03
2024.101.00:25:00/wx/-0.97,556.7,36.3,4.66,336,0.99
2024.101.00:26:00/wx/-0.83,556.6,35.4,3.84,339,1.00
2024.101.00:27:00/wx/-0.61,556.7,34.5,4.04,330,0.98
2024.101.00:28:00/wx/-0.50,556.7,33.5,4.15,328,0.99
2024.101.00:29:00/wx/-0.70,556.7,35.0,3.90,329,0.99
2024.101.00:30:00/wx/-0.48,556.7,34.0,4.38,328,0.98
2024.101.00:31:00/wx/-0.50,556.7,33.8,4.33,330,0.97
2024.101.00:32:00/wx/-0.29,556.7,32.6,4.31,330,0.97
2024.101.00:33:00/wx/-0.60,556.7,34.4,5.03,339,0.97
2024.101.00:34:00/wx/-0.63,556.7,34.7,4.09,330,0.98
2024.101.00:35:00/wx/-0.76,556.7,35.1,4.58,325,1.00
2024.101.00:36:00/wx/-0.50,556.7,34.0,4.38,329,1.00
2024.101.00:37:00/wx/-0.69,556.7,35.0,4.45,333,1.01
2024.101.00:38:00/wx/-0.61,556.6,34.5,4.32,324,1.00
2024.101.00:39:00/wx/-1.30,556.7,38.7,4.40,323,1.02
2024.101.00:40:00/wx/-1.35,556.7,38.7,4.20,321,1.03
2024.101.00:41:00/wx/-1.02,556.7,36.1,4.33,322,1.04
2024.101.00:42:00/wx/-0.70,556.7,34.5,4.13,326,1.06
2024.101.00:43:00/wx/-0.60,556.6,34.3,4.36,331,1.05
2024.101.00:44:00/wx/-0.50,556.7,33.9,4.37,333,1.06
2024.101.00:45:00/wx/-0.40,556.7,33.5,4.33,332,1.06
2024.101.00:46:00/wx/-0.79,556.7,35.6,4.23,334,1.05
2024.101.00:47:00/wx/-0.70,556.6,35.2,4.13,334,1.04
2024.101.00:48:00/wx/-0.79,556.6,35.7,4.13,341,1.03
2024.101.00:49:00/wx/-0.45,556.6,33.7,3.75,337,1.02
2024.101.00:50:00/wx/-0.40,556.6,33.2,3.81,332,1.00
2024.101.00:51:00/wx/-0.40,556.7,33.7,4.14,334,0.99
2024.101.00:52:00/wx/-0.40,556.6,33.4,4.15,336,0.98
2024.101.00:53:00/wx/-0.50,556.6,34.4,4.07,331,0.96
2024.101.00:54:00/wx/-0.60,556.6,34.7,4.33,333,0.96
2024.101.00:55:00/wx/-0.50,556.6,34.0,4.32,331,0.94
2024.101.00:56:00/wx/-0.50,556.6,33.6,3.93,329,0.93
2024.101.00:57:00/wx/-0.40,556.6,33.5,4.13,332,0.93
2024.101.00:58:00/wx/-0.40,556.6,33.7,4.00,336,0.94
2024.101.00:59:00/wx/-0.40,556.6,33.4,4.03,338,0.95
2024.101.01:00:00/wx/-0.40,556.6,33.3,4.19,338,0.94
2024.101.01:01:00/wx/-0.40,556.6,33.3,4.24,339,0.94
2024.101.01:02:00/wx/-0.50,556.6,33.9,4.14,338,0.92
2024.101.01:03:00/wx/-0.40,556.6,33.6,4.03,338,0.93
2024.101.01:04:00/wx/-0.39,556.6,33.6,4.03,335,0.91
2024.101.01:05:00/wx/-0.60,556.6,34.7,4.20,337,0.89
2024.101.01:06:00/wx/-0.60,556.5,34.7,4.03,336,0.90
2024.101.01:07:00/wx/-0.48,556.5,33.8,3.91,338,0.86
2024.101.01:08:00/wx/-0.40,556.5,33.5,3.78,335,0.86
2024.101.01:09:00/wx/-0.40,556.5,33.5,3.83,335,0.86
2024.101.01:10:00/wx/-0.87,556.5,35.9,3.74,337,0.89
2024.101.01:11:00/wx/-1.41,556.5,38.7,4.13,341,0.90
2024.101.01:12:00/wx/-1.10,556.5,37.2,4.23,341,0.89
2024.101.01:13:00/wx/-0.85,556.5,35.8,4.08,339,0.89
2024.101.01:14:00/wx/-0.52,556.5,34.3,3.96,335,0.86
2024.101.01:15:00/wx/-0.50,556.5,33.8,3.93,332,0.84
2024.101.01:16:00/wx/-0.40,556.5,33.7,4.01,333,0.83
2024.101.01:17:00/wx/-0.37,556.5,33.6,3.95,326,0.83
2024.101.01:18:00/wx/-0.30,556.5,33.5,3.68,328,0.83
2024.101.01:19:00/wx/-0.22,556.5,33.7,3.34,325,0.80
2024.101.01:20:00/wx/-0.30,556.5,33.6,3.34,326,0.80
2024.101.01:21:00/wx/-0.30,556.5,33.6,3.33,320,0.79
2024.101.01:22:00/wx/-0.33,556.5,33.6,3.33,317,0.79
2024.101.01:23:00/wx/-0.46,556.5,33.8,3.13,314,0.81
2024.101.01:24:00/wx/-0.50,556.6,34.2,3.41,305,0.83
2024.101.01:25:00/wx/-0.40,556.6,34.4,3.23,301,0.86
2024.101.01:26:00/wx/-0.40,556.6,34.2,3.10,306,0.87
2024.101.01:27:00/wx/-0.40,556.6,34.1,2.79,312,0.85
2024.101.01:28:00/wx/-0.47,556.6,34.2,2.57,313,0.83
2024.101.01:29:00/wx/-0.59,556.6,34.4,2.43,312,0.82
2024.101.01:30:00/wx/-0.81,556.6,35.5,2.33,315,0.80
2024.101.01:31:00/wx/-0.98,556.6,35.7,2.23,330,0.76
2024.101.01:32:00/wx/-0.80,556.6,35.2,2.29,329,0.73
2024.101.01:33:00/wx/-0.70,556.6,34.8,2.40,326,0.69
2024.101.01:34:00/wx/-0.60,556.6,34.9,2.42,323,0.64
2024.101.01:35:00/wx/-0.50,556.6,35.1,2.63,308,0.64
2024.101.01:36:00/wx/-0.40,556.6,35.7,2.60,283,0.62
2024.101.01:37:00/wx/-0.40,556.7,35.4,2.96,258,0.74
2024.101.01:38:00/wx/-0.40,556.7,34.6,2.65,280,0.73
2024.101.01:39:00/wx/-0.50,556.6,34.7,2.75,310,0.68
2024.101.01:40:00/wx/-0.50,556.6,34.9,2.47,307,0.66
2024.101.01:41:00/wx/-0.43,556.7,35.2,2.57,300,0.63
2024.101.01:42:00/wx/-0.50,556.6,35.2,2.68,306,0.61
2024.101.01:43:00/wx/-0.50,556.7,35.5,2.93,303,0.64
2024.101.01:44:00/wx/-0.40,556.7,35.3,2.73,298,0.62
2024.101.01:45:00/wx/-0.50,556.7,35.2,2.64,300,0.62
2024.101.01:46:00/wx/-0.50,556.7,35.7,2.80,302,0.60
2024.101.01:47:00/wx/-0.50,556.7,35.7,2.85,306,0.58
2024.101.01:48:00/wx/-0.40,556.7,35.5,2.82,308,0.59
2024.101.01:49:00/wx/-0.40,556.6,35.2,2.83,315,0.58
2024.101.01:50:00/wx/-0.40,556.7,35.1,2.86,324,0.57
2024.101.01:51:00/wx/-0.19,556.7,31.7,2.96,324,0.57
2024.101.01:52:00/wx/-0.21,556.7,33.2,3.38,322,0.57
2024.101.01:53:00/wx/0.19,556.7,26.8,3.54,324,0.57
2024.101.01:54:00/wx/0.19,556.7,28.8,3.43,340,0.57
2024.101.01:55:00/wx/-0.48,556.7,32.5,3.52,337,0.56
2024.101.01:56:00/wx/-0.10,556.7,26.4,4.27,340,0.55
2024.101.01:57:00/wx/0.47,556.7,20.8,4.45,338,0.56
2024.101.01:58:00/wx/0.89,556.7,17.4,4.25,349,0.54
2024.101.01:59:00/wx/1.00,556.7,17.1,4.23,333,0.55
2024.101.02:00:00/wx/0.96,556.6,15.9,4.41,342,0.54
2024.101.02:01:00/wx/1.05,556.7,14.5,4.20,335,0.54
2024.101.02:02:00/wx/1.10,556.7,13.2,4.27,340,0.53
2024.101.02:03:00/wx/0.51,556.7,16.2,3.81,322,0.54
2024.101.02:04:00/wx/1.12,556.7,12.4,4.27,335,0.52
2024.101.02:05:00/wx/1.17,556.6,12.4,4.14,329,0.53
2024.101.02:06:00/wx/1.24,556.6,11.5,4.61,335,0.52
2024.101.02:07:00/wx/1.39,556.6,11.1,4.89,333,0.51
2024.101.02:08:00/wx/1.20,556.6,11.8,4.33,337,0.51
2024.101.02:09:00/wx/1.30,556.6,11.5,4.25,329,0.51
2024.101.02:10:00/wx/1.01,556.6,12.0,5.10,336,0.51
2024.101.02:11:00/wx/1.06,556.6,10.8,5.12,337,0.50
2024.101.02:12:00/wx/1.11,556.6,10.4,5.05,354,0.50
2024.101.02:13:00/wx/1.31,556.6,9.3,5.06,338,0.50
2024.101.02:14:00/wx/1.40,556.6,9.4,5.32,334,0.49
2024.101.02:15:00/wx/1.36,556.6,9.6,5.38,339,0.49
2024.101.02:16:00/wx/1.23,556.6,9.3,5.12,339,0.48
2024.101.02:17:00/wx/1.41,556.6,7.8,4.89,334,0.49
2024.101.02:18:00/wx/1.41,556.6,8.1,5.16,346,0.49
2024.101.02:19:00/wx/0.94,556.6,9.2,5.23,335,0.48
2024.101.02:20:00/wx/1.00,556.6,9.9,5.98,335,0.48
2024.101.02:21:00/wx/1.12,556.6,10.2,5.19,336,0.48
2024.101.02:22:00/wx/1.40,556.6,8.6,5.23,343,0.48
2024.101.02:23:00/wx/1.60,556.6,7.6,5.52,340,0.48
2024.101.02:24:00/wx/1.70,556.6,7.1,5.44,336,0.48
2024.101.02:25:00/wx/1.60,556.6,7.1,5.22,336,0.48
2024.101.02:26:00/wx/1.54,556.6,7.0,5.15,341,0.48
2024.101.02:27:00/wx/1.50,556.6,7.5,5.13,342,0.49
2024.101.02:28:00/wx/1.02,556.6,8.7,4.75,348,0.49
2024.101.02:29:00/wx/1.45,556.6,7.0,4.61,340,0.48
2024.101.02:30:00/wx/1.40,556.6,7.0,5.36,347,0.49
2024.101.02:31:00/wx/1.40,556.6,6.7,5.41,343,0.49
2024.101.02:32:00/wx/1.30,556.6,6.9,4.47,343,0.48
2024.101.02:33:00/wx/1.27,556.6,6.7,5.58,334,0.49
2024.101.02:34:00/wx/1.41,556.6,6.7,4.81,334,0.49
2024.101.02:35:00/wx/0.79,556.6,9.3,5.03,330,0.49
2024.101.02:36:00/wx/1.30,556.6,6.9,4.33,330,0.49
2024.101.02:37:00/wx/1.41,556.6,6.4,4.64,325,0.50
2024.101.02:38:00/wx/1.64,556.6,5.7,4.08,331,0.49
2024.101.02:39:00/wx/1.54,556.6,6.1,4.02,338,0.50
2024.101.02:40:00/wx/1.00,556.6,7.4,4.57,330,0.49
2024.101.02:41:00/wx/1.20,556.6,6.4,4.23,332,0.49
2024.101.02:42:00/wx/1.40,556.6,5.8,4.70,322,0.49
2024.101.02:43:00/wx/1.60,556.6,5.3,3.76,331,0.50
2024.101.02:44:00/wx/1.60,556.6,5.2,5.26,333,0.49
2024.101.02:45:00/wx/1.70,556.5,4.8,3.58,326,0.50
2024.101.02:46:00/wx/1.29,556.6,5.9,4.46,329,0.50
2024.101.02:47:00/wx/0.88,556.5,7.3,4.29,334,0.49
2024.101.02:48:00/wx/0.55,556.5,8.0,4.47,340,0.50
2024.101.02:49:00/wx/1.07,556.5,6.1,4.38,325,0.50
2024.101.02:50:00/wx/0.90,556.5,6.7,4.68,333,0.50
2024.101.02:51:00/wx/0.70,556.4,7.6,5.79,344,0.50
2024.101.02:52:00/wx/1.40,556.5,5.4,5.13,335,0.49
2024.101.02:53:00/wx/1.50,556.5,5.0,4.87,338,0.48
2024.101.02:54:00/wx/1.39,556.5,5.3,3.97,336,0.49
2024.101.02:55:00/wx/1.30,556.4,5.5,5.03,330,0.49
2024.101.02:56:00/wx/1.60,556.4,4.8,4.58,333,0.49
2024.101.02:57:00/wx/1.50,556.4,5.0,5.10,332,0.49
2024.101.02:58:00/wx/1.25,556.4,5.7,4.23,333,0.50
2024.101.02:59:00/wx/0.31,556.4,8.7,4.81,336,0.50
2024.101.03:00:00/wx/0.71,556.4,7.0,5.43,336,0.50
2024.101.03:01:00/wx/1.12,556.4,5.8,4.94,334,0.50
2024.101.03:02:00/wx/1.14,556.4,5.6,4.95,344,0.50
2024.101.03:03:00/wx/1.37,556.4,5.3,4.36,333,0.50
2024.101.03:04:00/wx/1.11,556.5,6.1,4.35,328,0.50
2024.101.03:05:00/wx/1.11,556.4,6.0,4.91,333,0.50
2024.101.03:06:00/wx/1.30,556.5,5.3,4.80,330,0.50
2024.101.03:07:00/wx/1.40,556.4,4.9,4.53,334,0.50
2024.101.03:08:00/wx/1.48,556.4,4.9,5.19,331,0.51
2024.101.03:09:00/wx/1.70,556.4,4.4,4.53,337,0.51
2024.101.03:10:00/wx/1.36,556.4,5.4,4.53,326,0.51
2024.101.03:11:00/wx/0.65,556.4,7.5,4.18,330,0.51
2024.101.03:12:00/wx/0.76,556.4,6.5,5.41,335,0.52
2024.101.03:13:00/wx/1.19,556.4,5.4,5.45,339,0.51
2024.101.03:14:00/wx/1.20,556.4,5.4,5.23,334,0.51
2024.101.03:15:00/wx/1.10,556.4,5.8,4.97,333,0.50
2024.101.03:16:00/wx/1.26,556.4,5.3,5.45,338,0.50
2024.101.03:17:00/wx/1.40,556.4,4.8,5.35,337,0.50
2024.101.03:18:00/wx/1.31,556.3,5.4,4.84,340,0.50
2024.101.03:19:00/wx/1.40,556.4,5.1,4.49,331,0.49
2024.101.03:20:00/wx/1.30,556.3,5.2,5.00,341,0.49
2024.101.03:21:00/wx/1.10,556.4,5.5,5.23,341,0.50
2024.101.03:22:00/wx/0.92,556.4,5.9,5.04,334,0.50
2024.101.03:23:00/wx/0.80,556.4,6.1,5.33,341,0.50
2024.101.03:24:00/wx/1.22,556.4,5.1,4.98,338,0.50
2024.101.03:25:00/wx/1.12,556.4,5.7,4.75,335,0.50
2024.101.03:26:00/wx/1.01,556.4,5.8,5.20,340,0.50
2024.101.03:27:00/wx/1.01,556.3,6.0,4.99,329,0.50
2024.101.03:28:00/wx/1.10,556.3,5.8,5.33,340,0.50
2024.101.03:29:00/wx/0.99,556.3,5.9,5.69,336,0.50
2024.101.03:30:00/wx/0.94,556.3,6.2,4.84,330,0.48
2024.101.03:31:00/wx/1.15,556.3,5.5,4.68,341,0.48
2024.101.03:32:00/wx/0.69,556.3,6.8,5.74,333,0.48
2024.101.03:33:00/wx/1.10,556.3,5.5,4.96,333,0.47
2024.101.03:34:00/wx/1.30,556.3,5.0,4.72,339,0.49
2024.101.03:35:00/wx/1.25,556.3,5.1,5.05,336,0.49
2024.101.03:36:00/wx/1.38,556.3,4.9,4.88,340,0.49
2024.101.03:37:00/wx/1.30,556.3,5.1,4.34,345,0.51
2024.101.03:38:00/wx/1.40,556.3,4.9,4.66,337,0.51
2024.101.03:39:00/wx/1.40,556.3,4.7,4.33,335,0.51
2024.101.03:40:00/wx/1.29,556.3,4.8,4.54,343,0.51
2024.101.03:41:00/wx/1.40,556.3,4.8,4.64,337,0.51
2024.101.03:42:00/wx/1.60,556.3,4.5,3.93,338,0.50
2024.101.03:43:00/wx/1.03,556.3,5.7,4.07,335,0.50
2024.101.03:44:00/wx/0.80,556.3,6.2,4.23,337,0.50
2024.101.03:45:00/wx/1.00,556.3,5.8,4.82,338,0.50
2024.101.03:46:00/wx/1.02,556.3,5.9,5.20,339,0.50
2024.101.03:47:00/wx/0.90,556.3,6.3,4.83,346,0.50
2024.101.03:48:00/wx/0.90,556.2,6.4,5.05,351,0.50
2024.101.03:49:00/wx/0.34,556.2,7.6,4.78,341,0.50
2024.101.03:50:00/wx/0.91,556.2,6.2,4.77,342,0.50
2024.101.03:51:00/wx/0.69,556.2,6.5,5.22,345,0.50
2024.101.03:52:00/wx/1.10,556.2,5.8,5.22,343,0.50
2024.101.03:53:00/wx/1.23,556.2,5.4,5.27,341,0.50
2024.101.03:54:00/wx/1.23,556.2,5.6,5.22,344,0.50
2024.101.03:55:00/wx/1.28,556.2,5.4,4.61,342,0.50
2024.101.03:56:00/wx/1.19,556.2,5.6,5.03,340,0.50
2024.101.03:57:00/wx/1.07,556.2,6.3,4.74,340,0.50
2024.101.03:58:00/wx/0.84,556.2,6.3,4.38,340,0.51
2024.101.03:59:00/wx/0.74,556.2,6.7,4.75,339,0.50
2024.101.04:00:00/wx/0.79,556.2,6.3,4.90,341,0.50
2024.101.04:01:00/wx/1.00,556.2,6.0,4.63,335,0.50
2024.101.04:02:00/wx/1.21,556.1,5.5,4.66,343,0.50
2024.101.04:03:00/wx/1.20,556.2,5.6,5.01,342,0.50
2024.101.04:04:00/wx/1.10,556.1,5.8,4.90,337,0.51
2024.101.04:05:00/wx/0.71,556.1,7.1,4.72,341,0.50
2024.101.04:06:00/wx/0.90,556.1,6.4,4.46,334,0.50
2024.101.04:07:00/wx/1.02,556.1,5.7,4.22,334,0.50
2024.101.04:08:00/wx/1.00,556.1,5.8,4.75,338,0.51
2024.101.04:09:00/wx/1.10,556.2,5.5,4.37,334,0.49
2024.101.04:10:00/wx/1.20,556.1,5.5,4.64,338,0.49
2024.101.04:11:00/wx/1.10,556.1,5.8,4.55,340,0.50
2024.101.04:12:00/wx/1.04,556.1,5.9,4.60,341,0.50
2024.101.04:13:00/wx/1.17,556.1,5.5,4.53,339,0.52
2024.101.04:14:00/wx/1.09,556.2,5.7,4.38,335,0.52
2024.101.04:15:00/wx/1.20,556.2,5.4,4.83,341,0.52
2024.101.04:16:00/wx/1.00,556.1,6.2,4.80,343,0.51
2024.101.04:17:00/wx/1.20,556.1,5.5,4.60,344,0.51
2024.101.04:18:00/wx/1.30,556.1,5.2,4.42,349,0.50
2024.101.04:19:00/wx/0.64,556.1,6.8,3.76,346,0.50
2024.101.04:20:00/wx/0.71,556.2,6.5,4.14,355,0.50
2024.101.04:21:00/wx/0.26,556.1,7.3,4.97,349,0.50
2024.101.04:22:00/wx/0.45,556.1,7.1,4.41,346,0.50
2024.101.04:23:00/wx/0.08,556.1,8.0,4.83,354,0.50
2024.101.04:24:00/wx/0.10,556.1,7.9,4.24,347,0.50
2024.101.04:25:00/wx/0.29,556.1,7.4,4.24,335,0.50
2024.101.04:26:00/wx/0.65,556.1,6.3,3.60,337,0.51
2024.101.04:27:00/wx/-0.17,556.1,9.0,4.43,340,0.50
2024.101.04:28:00/wx/0.56,556.1,6.8,4.29,342,0.50
2024.101.04:29:00/wx/1.00,556.1,5.6,4.53,346,0.50
2024.101.04:30:00/wx/1.00,556.1,5.8,4.32,337,0.51
2024.101.04:31:00/wx/0.86,556.1,6.1,4.15,339,0.50
2024.101.04:32:00/wx/0.77,556.1,6.4,4.15,332,0.50
2024.101.04:33:00/wx/1.01,556.0,6.1,4.34,343,0.51
2024.101.04:34:00/wx/0.70,556.1,6.7,4.84,349,0.51
2024.101.04:35:00/wx/0.40,556.1,7.2,4.00,325,0.51
2024.101.04:36:00/wx/0.65,556.0,6.6,3.56,342,0.51
2024.101.04:37:00/wx/0.38,556.0,7.5,4.78,335,0.51
2024.101.04:38:00/wx/0.80,556.1,6.2,4.60,349,0.52
2024.101.04:39:00/wx/0.58,556.0,6.6,3.98,338,0.51
2024.101.04:40:00/wx/0.80,556.1,6.1,4.03,345,0.52
2024.101.04:41:00/wx/1.00,556.0,5.8,4.36,345,0.52
2024.101.04:42:00/wx/1.10,556.0,5.7,3.47,337,0.51
2024.101.04:43:00/wx/0.80,556.0,6.2,3.43,348,0.52
2024.101.04:44:00/wx/0.16,556.0,7.6,3.97,327,0.52
2024.101.04:45:00/wx/0.60,556.0,6.4,4.51,343,0.52
2024.101.04:46:00/wx/0.70,556.0,6.4,4.07,336,0.52
2024.101.04:47:00/wx/0.80,556.0,6.4,4.10,340,0.51
2024.101.04:48:00/wx/0.70,556.0,6.5,4.44,335,0.51
2024.101.04:49:00/wx/0.49,556.0,7.1,4.29,321,0.51
2024.101.04:50:00/wx/0.60,556.0,6.4,4.49,341,0.52
2024.101.04:51:00/wx/0.64,556.0,6.5,4.72,342,0.52
2024.101.04:52:00/wx/0.59,555.9,6.5,4.54,338,0.52
2024.101.04:53:00/wx/0.90,556.0,6.0,4.35,329,0.52
2024.101.04:54:00/wx/0.79,556.0,6.0,4.56,334,0.52
2024.101.04:55:00/wx/0.23,555.9,7.6,3.83,342,0.52
2024.101.04:56:00/wx/-0.13,555.9,8.1,4.66,338,0.52
2024.101.04:57:00/wx/0.70,555.9,6.1,4.33,334,0.52
2024.101.04:58:00/wx/0.70,555.9,6.3,4.46,336,0.52
2024.101.04:59:00/wx/0.70,555.9,6.0,4.53,341,0.52
2024.101.05:00:00/wx/0.54,555.9,6.4,5.16,343,0.52
2024.101.05:01:00/wx/0.80,555.9,6.0,4.82,342,0.51
2024.101.05:02:00/wx/0.80,555.9,5.9,4.22,343,0.51
2024.101.05:03:00/wx/0.59,555.9,6.4,6.25,340,0.51
2024.101.05:04:00/wx/0.65,555.9,6.3,4.65,332,0.51
2024.101.05:05:00/wx/1.09,555.9,5.3,4.91,344,0.51
2024.101.05:06:00/wx/1.30,555.9,4.9,5.04,334,0.51
2024.101.05:07:00/wx/1.09,555.9,5.4,4.32,330,0.51
2024.101.05:08:00/wx/0.58,555.9,6.6,4.77,332,0.51
2024.101.05:09:00/wx/0.86,555.9,6.0,4.49,334,0.52
2024.101.05:10:00/wx/0.90,555.9,5.9,5.21,339,0.51
2024.101.05:11:00/wx/1.20,555.9,5.3,5.33,340,0.51
2024.101.05:12:00/wx/1.10,555.8,5.5,5.02,337,0.52
2024.101.05:13:00/wx/1.04,555.8,5.5,4.99,343,0.52
2024.101.05:14:00/wx/0.94,555.8,5.7,4.99,336,0.52
2024.101.05:15:00/wx/0.82,555.8,6.0,4.96,337,0.52
2024.101.05:16:00/wx/0.48,555.8,6.7,4.72,332,0.51
2024.101.05:17:00/wx/0.41,555.8,6.9,4.93,339,0.51
2024.101.05:18:00/wx/0.75,555.8,6.2,5.08,341,0.52
2024.101.05:19:00/wx/0.70,555.8,6.2,4.59,345,0.51
2024.101.05:20:00/wx/0.32,555.8,7.0,4.24,334,0.51
2024.101.05:21:00/wx/-0.10,555.7,7.8,5.03,336,0.52
2024.101.05:22:00/wx/0.30,555.7,6.8,4.96,333,0.52
2024.101.05:23:00/wx/0.70,555.7,6.0,4.49,342,0.52
2024.101.05:24:00/wx/0.07,555.7,7.7,5.01,338,0.52
2024.101.05:25:00/wx/0.39,555.8,6.7,5.12,341,0.51
2024.101.05:26:00/wx/0.49,555.7,6.5,5.35,343,0.50
2024.101.05:27:00/wx/0.34,555.8,6.9,5.01,336,0.51
2024.101.05:28:00/wx/0.60,555.8,6.2,5.06,336,0.51
2024.101.05:29:00/wx/0.70,555.7,6.1,5.19,332,0.51
2024.101.05:30:00/wx/0.80,555.7,5.9,5.03,336,0.51
2024.101.05:31:00/wx/0.24,555.7,7.0,5.49,342,0.51
2024.101.05:32:00/wx/-0.11,555.7,7.8,4.96,342,0.51
2024.101.05:33:00/wx/0.37,555.7,6.8,4.98,341,0.51
2024.101.05:34:00/wx/0.41,555.7,6.8,5.24,342,0.51
2024.101.05:35:00/wx/0.51,555.7,6.5,4.65,342,0.51
2024.101.05:36:00/wx/0.68,555.6,6.2,5.37,339,0.50
2024.101.05:37:00/wx/0.68,555.7,6.1,5.07,343,0.50
2024.101.05:38:00/wx/0.50,555.7,6.4,5.11,340,0.50
2024.101.05:39:00/wx/0.70,555.7,5.9,5.03,334,0.50
2024.101.05:40:00/wx/0.59,555.7,6.2,5.46,340,0.50
2024.101.05:41:00/wx/0.17,555.7,7.2,5.32,339,0.51
2024.101.05:42:00/wx/0.87,555.7,5.7,5.12,339,0.51
2024.101.05:43:00/wx/0.80,555.7,5.7,5.19,340,0.50
2024.101.05:44:00/wx/0.90,555.7,5.6,5.73,339,0.51
2024.101.05:45:00/wx/0.90,555.6,5.7,5.43,338,0.51
2024.101.05:46:00/wx/0.90,555.6,5.6,5.25,341,0.51
2024.101.05:47:00/wx/0.89,555.7,5.7,5.58,340,0.51
2024.101.05:48:00/wx/0.70,555.6,6.0,4.94,339,0.51
2024.101.05:49:00/wx/0.70,555.6,6.0,4.83,337,0.51
2024.101.05:50:00/wx/0.77,555.6,5.7,5.05,343,0.51
2024.101.05:51:00/wx/0.35,555.6,6.7,4.72,344,0.51
2024.101.05:52:00/wx/0.57,555.6,6.1,4.54,345,0.50
2024.101.05:53:00/wx/0.39,555.6,6.4,5.14,344,0.50
2024.101.05:54:00/wx/0.60,555.6,6.1,4.66,343,0.51
2024.101.05:55:00/wx/0.46,555.6,6.3,4.64,342,0.51
2024.101.05:56:00/wx/0.50,555.6,6.1,4.57,343,0.51
2024.101.05:57:00/wx/0.40,555.6,6.3,4.19,343,0.51
2024.101.05:58:00/wx/0.30,555.6,6.4,4.23,347,0.51
2024.101.05:59:00/wx/0.48,555.6,6.1,4.46,346,0.51
2024.101.06:00:00/wx/0.55,555.6,6.0,4.57,341,0.51
2024.101.06:01:00/wx/0.66,555.6,5.7,4.79,343,0.52
2024.101.06:02:00/wx/0.90,555.6,5.3,4.95,343,0.52
2024.101.06:03:00/wx/1.00,555.6,5.2,4.73,337,0.52
2024.101.06:04:00/wx/0.80,555.6,5.7,4.86,336,0.52
2024.101.06:05:00/wx/1.00,555.6,5.2,4.32,340,0.53
2024.101.06:06:00/wx/0.83,555.6,5.5,4.63,341,0.53
2024.101.06:07:00/wx/0.81,555.5,5.7,4.43,347,0.53
2024.101.06:08:00/wx/0.50,555.5,6.4,4.42,337,0.53
2024.101.06:09:00/wx/0.40,555.5,6.5,4.37,343,0.53
2024.101.06:10:00/wx/0.39,555.5,6.4,4.67,341,0.53
2024.101.06:11:00/wx/0.73,555.5,5.7,4.15,347,0.53
2024.101.06:12:00/wx/0.70,555.5,5.8,4.53,346,0.53
2024.101.06:13:00/wx/0.60,555.5,6.1,4.27,343,0.53
2024.101.06:14:00/wx/0.60,555.5,6.2,4.15,338,0.53
2024.101.06:15:00/wx/0.55,555.5,6.2,4.10,337,0.52
2024.101.06:16:00/wx/0.50,555.5,6.1,4.63,350,0.53
2024.101.06:17:00/wx/0.69,555.5,5.7,4.92,339,0.53
2024.101.06:18:00/wx/0.90,555.5,5.4,4.54,344,0.53
2024.101.06:19:00/wx/0.82,555.5,5.7,4.41,355,0.53
2024.101.06:20:00/wx/0.84,555.5,5.7,4.23,345,0.53
2024.101.06:21:00/wx/0.27,555.5,6.7,4.30,342,0.53
2024.101.06:22:00/wx/0.00,555.5,7.1,4.33,351,0.53
2024.101.06:23:00/wx/0.25,555.4,6.3,4.62,341,0.53
2024.101.06:24:00/wx/-0.96,555.4,9.9,3.67,338,0.53
2024.101.06:25:00/wx/-0.64,555.4,8.5,4.38,338,0.53
2024.101.06:26:00/wx/-0.30,555.4,7.4,4.05,331,0.53
2024.101.06:27:00/wx/-0.20,555.4,7.1,5.15,336,0.53
2024.101.06:28:00/wx/0.22,555.4,6.2,4.01,331,0.54
2024.101.06:29:00/wx/0.15,555.4,6.7,4.04,338,0.53
2024.101.06:30:00/wx/0.33,555.4,6.2,3.69,339,0.53
2024.101.06:31:00/wx/0.29,555.4,6.2,4.06,339,0.53
2024.101.06:32:00/wx/0.19,555.4,6.3,4.52,343,0.53
2024.101.06:33:00/wx/0.27,555.4,6.2,4.41,338,0.53
2024.101.06:34:00/wx/0.20,555.4,6.4,4.65,339,0.52
2024.101.06:35:00/wx/0.61,555.4,5.9,3.79,336,0.52
2024.101.06:36:00/wx/0.71,555.4,5.6,4.63,348,0.52
2024.101.06:37:00/wx/0.50,555.4,5.9,4.41,339,0.52
2024.101.06:38:00/wx/0.70,555.4,5.6,4.45,337,0.52
2024.101.06:39:00/wx/0.80,555.4,5.5,4.37,351,0.51
2024.101.06:40:00/wx/0.61,555.3,5.8,4.59,345,0.51
2024.101.06:41:00/wx/0.70,555.3,5.9,4.43,344,0.51
2024.101.06:42:00/wx/0.46,555.3,6.2,4.08,342,0.51
2024.101.06:43:00/wx/0.22,555.3,6.6,4.79,347,0.51
2024.101.06:44:00/wx/-0.27,555.3,7.7,4.35,346,0.51
2024.101.06:45:00/wx/0.31,555.3,6.6,4.98,337,0.50
2024.101.06:46:00/wx/0.40,555.3,6.4,4.43,348,0.50
2024.101.06:47:00/wx/0.60,555.3,6.1,4.24,346,0.49
2024.101.06:48:00/wx/0.46,555.3,6.4,4.15,343,0.49
2024.101.06:49:00/wx/0.34,555.3,6.7,4.43,347,0.49
2024.101.06:50:00/wx/0.17,555.2,6.9,5.25,349,0.50
2024.101.06:51:00/wx/0.80,555.2,5.7,4.13,343,0.50
2024.101.06:52:00/wx/0.77,555.2,5.8,3.48,349,0.50
2024.101.06:53:00/wx/0.54,555.2,6.2,4.12,342,0.50
2024.101.06:54:00/wx/0.80,555.2,5.7,3.91,346,0.50
2024.101.06:55:00/wx/0.70,555.2,5.9,4.14,339,0.51
2024.101.06:56:00/wx/0.71,555.2,5.7,4.61,344,0.50
2024.101.06:57:00/wx/0.33,555.2,6.2,3.95,335,0.51
2024.101.06:58:00/wx/0.44,555.2,6.2,3.89,341,0.50
2024.101.06:59:00/wx/-0.11,555.1,7.3,4.64,340,0.50
2024.101.07:00:00/wx/0.10,555.1,6.7,3.63,343,0.48
2024.101.07:01:00/wx/0.20,555.1,6.3,3.99,338,0.47
2024.101.07:02:00/wx/0.30,555.2,6.1,4.13,347,0.48
2024.101.07:03:00/wx/0.36,555.1,6.2,4.04,342,0.49
2024.101.07:04:00/wx/0.50,555.1,5.9,4.15,338,0.49
2024.101.07:05:00/wx/0.40,555.1,6.1,4.03,336,0.49
2024.101.07:06:00/wx/0.39,555.1,6.0,3.46,339,0.49
2024.101.07:07:00/wx/0.44,555.1,6.0,3.88,344,0.48
2024.101.07:08:00/wx/0.17,555.1,6.7,4.21,353,0.48
2024.101.07:09:00/wx/0.61,555.1,5.7,4.17,348,0.48
2024.101.07:10:00/wx/0.71,555.1,5.5,4.05,346,0.48
2024.101.07:11:00/wx/0.80,555.1,5.2,3.95,349,0.48
2024.101.07:12:00/wx/0.80,555.1,5.3,4.38,346,0.47
2024.101.07:13:00/wx/0.77,555.1,5.3,3.91,338,0.48
2024.101.07:14:00/wx/0.51,555.1,5.6,4.22,343,0.48
2024.101.07:15:00/wx/0.60,555.0,5.5,4.30,345,0.48
2024.101.07:16:00/wx/0.29,555.0,5.9,4.43,342,0.47
2024.101.07:17:00/wx/0.36,555.0,5.9,4.14,335,0.48
2024.101.07:18:00/wx/0.22,555.0,6.2,4.18,333,0.48
2024.101.07:19:00/wx/0.11,555.0,6.4,4.13,343,0.48
2024.101.07:20:00/wx/0.41,555.0,5.8,4.08,345,0.48
2024.101.07:21:00/wx/0.30,555.0,6.0,4.07,343,0.48
2024.101.07:22:00/wx/0.20,555.0,6.3,4.40,351,0.48
2024.101.07:23:00/wx/0.09,555.0,6.6,3.94,343,0.48
2024.101.07:24:00/wx/0.00,555.0,6.7,3.83,343,0.49
2024.101.07:25:00/wx/-0.58,555.0,7.8,3.70,338,0.50
2024.101.07:26:00/wx/-0.26,555.0,7.1,4.00,341,0.50
2024.101.07:27:00/wx/0.10,555.0,6.1,3.98,342,0.50
2024.101.07:28:00/wx/0.29,555.0,6.0,4.31,341,0.49
2024.101.07:29:00/wx/0.50,554.9,5.5,4.25,339,0.49
2024.101.07:30:00/wx/0.28,554.9,6.0,4.11,340,0.49
2024.101.07:31:00/wx/0.05,554.9,6.3,4.09,341,0.50
2024.101.07:32:00/wx/-0.49,554.9,7.4,4.10,343,0.50
2024.101.07:33:00/wx/-0.41,555.0,7.5,4.04,343,0.50
2024.101.07:34:00/wx/-0.20,554.9,7.1,3.93,330,0.50
2024.101.07:35:00/wx/-0.07,554.9,6.5,3.51,336,0.50
2024.101.07:36:00/wx/-0.06,554.9,6.5,3.60,337,0.50
2024.101.07:37:00/wx/-0.10,555.0,6.6,4.20,339,0.51
2024.101.07:38:00/wx/0.00,554.9,6.4,3.73,345,0.51
2024.101.07:39:00/wx/-0.21,554.9,6.8,3.93,341,0.51
2024.101.07:40:00/wx/-0.06,554.9,6.4,3.97,344,0.51
2024.101.07:41:00/wx/0.10,554.9,6.1,3.81,343,0.50
2024.101.07:42:00/wx/0.12,554.9,6.1,3.67,342,0.51
2024.101.07:43:00/wx/0.20,554.9,6.0,3.93,338,0.51
2024.101.07:44:00/wx/0.18,554.9,6.1,3.74,339,0.51
2024.101.07:45:00/wx/0.10,554.9,6.2,4.16,345,0.51
2024.101.07:46:00/wx/-0.03,554.9,6.4,3.54,332,0.51
2024.101.07:47:00/wx/0.00,554.9,6.2,3.93,336,0.51
2024.101.07:48:00/wx/0.40,554.9,5.5,4.13,342,0.51
2024.101.07:49:00/wx/0.46,554.9,5.5,4.09,342,0.51
2024.101.07:50:00/wx/0.44,555.0,5.7,4.14,341,0.51
2024.101.07:51:00/wx/0.50,554.9,5.5,4.08,335,0.51
2024.101.07:52:00/wx/0.40,555.0,5.6,4.42,339,0.51
2024.101.07:53:00/wx/0.30,555.0,5.8,4.34,342,0.51
2024.101.07:54:00/wx/0.20,555.0,5.9,4.12,337,0.51
2024.101.07:55:00/wx/0.21,555.0,5.8,4.37,341,0.52
2024.101.07:56:00/wx/0.00,554.9,6.2,4.33,337,0.51
2024.101.07:57:00/wx/-0.00,554.9,6.0,4.54,333,0.51
2024.101.07:58:00/wx/-0.10,554.9,6.2,4.24,335,0.51
2024.101.07:59:00/wx/-0.02,554.9,6.1,4.52,335,0.51
2024.101.08:00:00/wx/0.26,554.9,5.8,3.99,336,0.51
2024.101.08:01:00/wx/0.10,554.9,6.2,4.87,341,0.53
2024.101.08:02:00/wx/0.20,554.9,6.1,4.33,336,0.53
2024.101.08:03:00/wx/-0.09,554.9,6.3,4.75,335,0.53
2024.101.08:04:00/wx/-0.14,554.9,6.4,4.80,343,0.53
2024.101.08:05:00/wx/-0.14,554.9,6.7,4.84,341,0.52
2024.101.08:06:00/wx/-0.12,554.8,6.9,4.65,337,0.53
2024.101.08:07:00/wx/0.00,554.8,6.5,4.83,336,0.53
2024.101.08:08:00/wx/0.00,554.8,6.6,4.67,335,0.53
2024.101.08:09:00/wx/0.00,554.8,6.4,4.86,340,0.53
2024.101.08:10:00/wx/0.00,554.8,6.5,5.17,339,0.53
2024.101.08:11:00/wx/-0.21,554.8,7.0,4.94,336,0.54
2024.101.08:12:00/wx/-0.19,554.8,7.1,5.33,338,0.53
2024.101.08:13:00/wx/0.10,554.8,6.6,4.86,345,0.53
2024.101.08:14:00/wx/-0.12,554.8,7.0,4.77,344,0.53
2024.101.08:15:00/wx/0.00,554.8,6.7,4.92,340,0.53
2024.101.08:16:00/wx/0.10,554.7,6.5,4.64,342,0.53
2024.101.08:17:00/wx/0.20,554.7,6.4,5.25,337,0.53
2024.101.08:18:00/wx/0.16,554.7,6.3,4.83,339,0.53
2024.101.08:19:00/wx/-0.13,554.8,6.9,4.67,344,0.51
2024.101.08:20:00/wx/-0.37,554.8,7.3,4.91,331,0.51
2024.101.08:21:00/wx/-0.40,554.7,7.2,4.94,338,0.51
2024.101.08:22:00/wx/-0.29,554.7,7.1,4.81,338,0.51
2024.101.08:23:00/wx/-0.47,554.7,7.4,4.57,338,0.51
2024.101.08:24:00/wx/-0.77,554.7,7.9,4.71,342,0.50
2024.101.08:25:00/wx/-1.12,554.7,8.4,5.38,336,0.50
2024.101.08:26:00/wx/-0.60,554.7,7.4,4.83,329,0.50
2024.101.08:27:00/wx/-0.27,554.7,7.1,5.27,332,0.50
2024.101.08:28:00/wx/-0.26,554.7,7.0,5.40,333,0.50
2024.101.08:29:00/wx/0.06,554.7,6.7,5.35,336,0.50
2024.101.08:30:00/wx/0.20,554.7,6.5,4.97,337,0.50
2024.101.08:31:00/wx/-0.01,554.7,6.7,4.95,331,0.50
2024.101.08:32:00/wx/0.10,554.7,6.6,4.90,332,0.49
2024.101.08:33:00/wx/-0.04,554.7,6.7,5.23,338,0.49
2024.101.08:34:00/wx/-0.20,554.7,6.9,5.13,341,0.49
2024.101.08:35:00/wx/-0.20,554.7,7.1,4.84,336,0.49
2024.101.08:36:00/wx/0.10,554.7,6.7,5.15,339,0.49
2024.101.08:37:00/wx/0.34,554.7,6.4,4.78,335,0.49
2024.101.08:38:00/wx/0.40,554.8,6.3,5.80,339,0.49
2024.101.08:39:00/wx/0.20,554.8,6.2,4.38,336,0.49
2024.101.08:40:00/wx/0.30,554.8,5.9,4.83,338,0.52
2024.101.08:41:00/wx/0.07,554.8,6.3,4.17,345,0.52
2024.101.08:42:00/wx/-0.26,554.8,6.8,4.92,333,0.52
2024.101.08:43:00/wx/0.15,554.8,6.2,4.86,335,0.52
2024.101.08:44:00/wx/0.10,554.8,6.1,5.65,341,0.52
2024.101.08:45:00/wx/0.51,554.8,5.4,4.86,349,0.49
2024.101.08:46:00/wx/0.62,554.8,5.1,4.77,348,0.52
2024.101.08:47:00/wx/0.32,554.8,5.5,5.04,345,0.52
2024.101.08:48:00/wx/-0.13,554.8,6.2,5.48,339,0.52
2024.101.08:49:00/wx/0.09,554.8,5.9,5.03,341,0.51
2024.101.08:50:00/wx/0.11,554.8,5.7,4.69,340,0.55
2024.101.08:51:00/wx/0.23,554.8,5.6,4.97,340,0.46
2024.101.08:52:00/wx/0.30,554.8,5.5,5.14,342,0.47
2024.101.08:53:00/wx/-0.15,554.8,6.2,4.95,345,0.47
2024.101.08:54:00/wx/0.20,554.8,5.5,4.63,344,0.46
2024.101.08:55:00/wx/0.42,554.8,5.0,4.81,344,0.47
2024.101.08:56:00/wx/0.50,554.8,4.8,4.59,342,0.46
2024.101.08:57:00/wx/0.50,554.8,4.8,4.73,344,0.52
2024.101.08:58:00/wx/0.42,554.8,4.9,5.16,346,0.55
2024.101.08:59:00/wx/0.29,554.8,5.0,4.44,343,0.55
2024.101.09:00:00/wx/0.20,554.8,5.3,4.59,341,0.55
2024.101.09:01:00/wx/0.45,554.8,4.8,4.81,345,0.55
2024.101.09:02:00/wx/0.01,554.8,5.5,4.69,341,0.54
2024.101.09:03:00/wx/0.19,554.8,5.1,4.64,336,0.54
2024.101.09:04:00/wx/0.00,554.8,5.5,4.92,332,0.54
2024.101.09:05:00/wx/-0.03,554.8,5.5,4.95,344,0.55
2024.101.09:06:00/wx/0.27,554.8,5.0,4.47,338,0.55
2024.101.09:07:00/wx/-0.16,554.8,5.5,5.16,342,0.54
2024.101.09:08:00/wx/-0.80,554.8,6.9,5.33,335,0.54
2024.101.09:09:00/wx/-0.01,554.8,5.3,4.90,342,0.54
2024.101.09:10:00/wx/-0.16,554.8,5.6,4.80,341,0.54
2024.101.09:11:00/wx/0.22,554.8,5.0,4.94,337,0.54
2024.101.09:12:00/wx/0.29,554.9,4.8,4.98,332,0.54
2024.101.09:13:00/wx/0.50,554.8,4.5,5.06,337,0.54
2024.101.09:14:00/wx/0.19,554.8,4.9,4.82,335,0.55
2024.101.09:15:00/wx/-0.12,554.8,5.5,4.71,335,0.55
2024.101.09:16:00/wx/0.10,554.8,5.0,5.55,327,0.55
2024.101.09:17:00/wx/0.11,554.9,4.9,4.44,321,0.55
2024.101.09:18:00/wx/-0.39,554.9,5.9,5.41,337,0.55
2024.101.09:19:00/wx/0.03,554.9,5.2,5.37,324,0.55
2024.101.09:20:00/wx/-0.25,554.9,5.7,4.82,327,0.55
2024.101.09:21:00/wx/0.00,554.9,5.4,5.26,328,0.55
2024.101.09:22:00/wx/0.00,554.9,5.2,5.33,331,0.56
2024.101.09:23:00/wx/-0.15,554.9,5.6,4.90,338,0.56
2024.101.09:24:00/wx/-0.09,554.9,5.7,4.51,335,0.56
2024.101.09:25:00/wx/-0.16,554.9,5.9,5.20,329,0.56
2024.101.09:26:00/wx/-0.01,554.9,5.6,5.90,331,0.56
2024.101.09:27:00/wx/0.20,554.9,5.2,5.43,326,0.57
2024.101.09:28:00/wx/0.30,554.9,5.0,5.21,345,0.56
2024.101.09:29:00/wx/-0.40,554.9,6.2,5.23,336,0.56
2024.101.09:30:00/wx/-0.09,554.9,5.6,4.93,338,0.56
2024.101.09:31:00/wx/-0.01,554.9,5.6,4.82,337,0.56
2024.101.09:32:00/wx/-0.09,554.9,5.7,5.51,341,0.56
2024.101.09:33:00/wx/-0.84,554.9,7.4,5.10,336,0.56
2024.101.09:34:00/wx/-0.30,554.9,6.4,4.75,335,0.56
2024.101.09:35:00/wx/-0.25,554.9,6.1,5.53,338,0.56
2024.101.09:36:00/wx/-0.40,554.9,6.5,4.73,332,0.56
2024.101.09:37:00/wx/-0.09,554.9,6.1,4.98,337,0.56
2024.101.09:38:00/wx/-0.16,554.9,6.1,5.32,337,0.56
2024.101.09:39:00/wx/0.10,554.9,5.7,5.51,338,0.56
2024.101.09:40:00/wx/0.20,554.9,5.5,6.00,332,0.56
2024.101.09:41:00/wx/-0.00,554.9,5.8,5.34,332,0.56
2024.101.09:42:00/wx/0.20,554.9,5.6,5.03,339,0.56
2024.101.09:43:00/wx/0.25,554.9,5.5,6.05,337,0.56
2024.101.09:44:00/wx/0.03,554.9,5.9,5.66,337,0.56
2024.101.09:45:00/wx/0.01,554.9,5.8,5.64,332,0.57
2024.101.09:46:00/wx/0.29,554.9,5.5,6.04,329,0.57
2024.101.09:47:00/wx/0.26,554.9,5.4,5.85,337,0.57
2024.101.09:48:00/wx/0.25,554.9,5.5,5.64,341,0.56
2024.101.09:49:00/wx/0.03,554.9,5.8,5.18,335,0.56
2024.101.09:50:00/wx/-0.10,554.9,5.9,5.73,336,0.56
2024.101.09:51:00/wx/-0.56,554.9,6.6,5.98,334,0.56
2024.101.09:52:00/wx/-0.06,554.9,6.0,5.81,331,0.57
2024.101.09:53:00/wx/0.14,554.9,5.5,5.65,337,0.57
2024.101.09:54:00/wx/-0.09,554.9,6.0,5.28,335,0.57
2024.101.09:55:00/wx/0.00,554.9,5.6,5.45,329,0.56
2024.101.09:56:00/wx/-0.10,554.9,5.8,5.41,328,0.57
2024.101.09:57:00/wx/-0.31,554.9,6.2,5.58,333,0.57
2024.101.09:58:00/wx/-0.17,554.9,6.0,5.65,336,0.56
2024.101.09:59:00/wx/-0.40,554.9,5.9,6.23,339,0.56
2024.101.10:00:00/wx/-0.61,554.9,6.5,5.54,334,0.56
2024.101.10:01:00/wx/-1.10,555.0,7.6,5.71,336,0.55
2024.101.10:02:00/wx/-0.95,555.0,7.2,5.68,338,0.56
2024.101.10:03:00/wx/-0.41,555.0,6.3,5.66,335,0.56
2024.101.10:04:00/wx/0.09,555.0,5.4,6.01,342,0.57
2024.101.10:05:00/wx/0.10,555.0,5.4,5.23,341,0.58
2024.101.10:06:00/wx/-1.04,555.0,7.4,5.75,334,0.57
2024.101.10:07:00/wx/-0.78,555.0,7.0,5.45,326,0.57
2024.101.10:08:00/wx/-0.90,555.1,7.0,5.53,339,0.58
2024.101.10:09:00/wx/-0.60,555.0,6.5,5.13,332,0.58
2024.101.10:10:00/wx/-0.71,555.0,6.7,5.39,333,0.57
2024.101.10:11:00/wx/-0.13,555.0,5.8,5.21,346,0.58
2024.101.10:12:00/wx/-0.16,555.1,5.4,5.41,328,0.59
2024.101.10:13:00/wx/-0.49,555.1,6.1,5.63,334,0.59
2024.101.10:14:00/wx/-0.41,555.1,5.9,6.14,338,0.58
2024.101.10:15:00/wx/-0.54,555.1,6.3,5.43,328,0.59
2024.101.10:16:00/wx/-0.05,555.1,5.3,5.62,326,0.59
2024.101.10:17:00/wx/-0.24,555.1,5.6,5.46,326,0.59
2024.101.10:18:00/wx/-0.51,555.1,5.9,6.02,339,0.59
2024.101.10:19:00/wx/-0.11,555.1,5.4,5.12,334,0.59
2024.101.10:20:00/wx/0.03,555.1,5.4,5.34,336,0.59
2024.101.10:21:00/wx/0.21,555.1,5.0,5.79,334,0.60
2024.101.10:22:00/wx/0.11,555.1,5.2,5.42,337,0.60
2024.101.10:23:00/wx/-0.10,555.1,5.4,5.33,332,0.60
2024.101.10:24:00/wx/0.20,555.1,5.0,6.67,321,0.59
2024.101.10:25:00/wx/0.26,555.1,4.7,5.32,334,0.60
2024.101.10:26:00/wx/0.10,555.1,5.1,5.92,343,0.60
2024.101.10:27:00/wx/0.10,555.1,5.0,5.58,332,0.60
2024.101.10:28:00/wx/0.11,555.1,5.0,5.17,334,0.60
2024.101.10:29:00/wx/0.13,555.2,5.0,5.49,336,0.59
2024.101.10:30:00/wx/0.04,555.1,5.1,5.38,336,0.59
2024.101.10:31:00/wx/0.00,555.1,5.2,5.77,337,0.60
2024.101.10:32:00/wx/0.00,555.2,5.2,5.06,328,0.60
2024.101.10:33:00/wx/-0.69,555.1,6.4,5.82,337,0.60
2024.101.10:34:00/wx/-0.33,555.1,5.7,5.96,346,0.60
2024.101.10:35:00/wx/-0.10,555.2,5.2,5.28,332,0.60
2024.101.10:36:00/wx/-0.03,555.2,5.0,5.38,340,0.60
2024.101.10:37:00/wx/0.30,555.2,4.7,5.23,330,0.60
2024.101.10:38:00/wx/-0.08,555.2,5.4,4.95,338,0.62
2024.101.10:39:00/wx/0.20,555.2,4.8,5.79,330,0.61
2024.101.10:40:00/wx/-0.29,555.2,5.5,4.62,336,0.62
2024.101.10:41:00/wx/-0.56,555.2,6.1,5.73,342,0.62
