2024.098.00:59:00;APEX Database Weather Data for Timerange of e24e07
2024.098.00:59:00;The format is wx/temp[C],press[mbar],humid[%],speed[m/s],direction[deg],pwv[mm]
2024.098.01:00:00/wx/-0.10,557.6,52.7,1.89,318,3.87
2024.098.01:01:00/wx/0.00,557.6,52.5,1.56,315,3.87
2024.098.01:02:00/wx/0.00,557.6,52.5,1.63,314,3.86
2024.098.01:03:00/wx/-0.10,557.6,52.7,1.75,308,3.84
2024.098.01:04:00/wx/-0.10,557.6,52.6,1.75,297,3.86
2024.098.01:05:00/wx/-0.10,557.6,52.9,1.59,297,3.83
2024.098.01:06:00/wx/0.00,557.6,52.0,1.63,303,3.85
2024.098.01:07:00/wx/0.00,557.7,51.9,1.98,298,3.83
2024.098.01:08:00/wx/-0.10,557.6,52.5,2.23,291,3.82
2024.098.01:09:00/wx/-0.20,557.7,53.0,2.49,313,3.83
2024.098.01:10:00/wx/-0.10,557.6,52.6,1.96,342,3.85
2024.098.01:11:00/wx/-0.04,557.7,51.9,2.05,342,3.84
2024.098.01:12:00/wx/0.30,557.6,49.7,2.15,331,3.80
2024.098.01:13:00/wx/0.50,557.6,49.4,1.44,330,3.82
2024.098.01:14:00/wx/0.50,557.7,49.2,1.93,334,3.85
2024.098.01:15:00/wx/0.50,557.7,49.2,1.64,350,3.82
2024.098.01:16:00/wx/0.40,557.7,49.9,1.74,351,3.83
2024.098.01:17:00/wx/0.30,557.7,50.3,1.94,340,3.73
2024.098.01:18:00/wx/0.30,557.7,50.4,1.12,321,3.70
2024.098.01:19:00/wx/0.40,557.7,49.4,0.79,318,3.72
2024.098.01:20:00/wx/0.40,557.7,49.6,0.77,340,3.68
2024.098.01:21:00/wx/0.39,557.7,49.7,1.34,4,3.69
2024.098.01:22:00/wx/0.40,557.7,49.4,1.30,351,3.72
2024.098.01:23:00/wx/0.39,557.7,49.7,1.35,8,3.70
2024.098.01:24:00/wx/0.50,557.7,48.8,1.81,22,3.80
2024.098.01:25:00/wx/0.60,557.7,48.2,1.59,96,3.68
2024.098.01:26:00/wx/0.50,557.7,49.7,1.60,334,3.72
2024.098.01:27:00/wx/0.60,557.7,48.5,1.10,351,3.72
2024.098.01:28:00/wx/0.58,557.7,48.9,1.36,4,3.71
2024.098.01:29:00/wx/0.60,557.7,48.2,2.28,4,3.71
2024.098.01:30:00/wx/0.78,557.7,47.4,1.26,16,3.72
2024.098.01:31:00/wx/0.70,557.7,47.9,2.23,356,3.64
2024.098.01:32:00/wx/0.60,557.7,48.5,1.51,348,3.62
2024.098.01:33:00/wx/0.50,557.7,49.0,1.70,243,3.61
2024.098.01:34:00/wx/0.34,557.7,50.1,1.82,24,3.63
2024.098.01:35:00/wx/0.39,557.7,49.5,2.60,38,3.62
2024.098.01:36:00/wx/0.20,557.7,50.5,0.70,16,3.61
2024.098.01:37:00/wx/0.30,557.7,49.9,0.97,344,3.58
2024.098.01:38:00/wx/0.40,557.7,48.6,1.55,116,3.56
2024.098.01:39:00/wx/0.40,557.7,48.9,1.63,332,3.55
2024.098.01:40:00/wx/0.20,557.7,50.4,0.91,13,3.55
2024.098.01:41:00/wx/0.10,557.7,50.7,0.43,27,3.54
2024.098.01:42:00/wx/0.10,557.8,50.6,0.36,93,3.54
2024.098.01:43:00/wx/0.00,557.7,51.4,0.74,21,3.55
2024.098.01:44:00/wx/0.06,557.7,50.0,1.42,22,3.54
2024.098.01:45:00/wx/0.20,557.7,49.4,1.22,6,3.54
2024.098.01:46:00/wx/0.30,557.8,49.6,1.68,31,3.53
2024.098.01:47:00/wx/0.40,557.7,48.7,0.84,19,3.53
2024.098.01:48:00/wx/0.50,557.8,48.2,1.13,46,3.51
2024.098.01:49:00/wx/0.50,557.7,48.6,1.10,33,3.54
2024.098.01:50:00/wx/0.50,557.7,48.2,1.38,27,3.53
2024.098.01:51:00/wx/0.70,557.8,46.8,0.81,45,3.57
2024.098.01:52:00/wx/0.70,557.7,46.9,1.20,79,3.53
2024.098.01:53:00/wx/0.60,557.8,47.7,1.04,59,3.54
2024.098.01:54:00/wx/0.60,557.8,47.8,0.91,71,3.53
2024.098.01:55:00/wx/0.50,557.8,48.5,0.80,43,3.52
2024.098.01:56:00/wx/0.40,557.8,48.9,1.02,27,3.53
2024.098.01:57:00/wx/0.33,557.8,49.3,1.24,39,3.50
2024.098.01:58:00/wx/0.30,557.8,49.5,1.01,55,3.48
2024.098.01:59:00/wx/0.30,557.8,49.5,1.00,63,3.50
2024.098.02:00:00/wx/0.22,557.8,49.4,0.76,42,3.52
2024.098.02:01:00/wx/0.40,557.8,48.2,0.71,27,3.48
2024.098.02:02:00/wx/0.40,557.8,48.3,0.73,44,3.49
2024.098.02:03:00/wx/0.50,557.8,48.0,1.10,14,3.46
2024.098.02:04:00/wx/0.40,557.8,48.4,0.72,337,3.44
2024.098.02:05:00/wx/0.50,557.8,48.2,1.23,10,3.44
2024.098.02:06:00/wx/0.50,557.8,47.8,0.76,36,3.43
2024.098.02:07:00/wx/0.60,557.8,47.3,0.72,36,3.40
2024.098.02:08:00/wx/0.60,557.8,47.4,0.90,38,3.39
2024.098.02:09:00/wx/0.60,557.7,47.1,0.79,29,3.37
2024.098.02:10:00/wx/0.70,557.7,46.8,0.67,43,3.35
2024.098.02:11:00/wx/0.70,557.7,46.7,0.98,32,3.35
2024.098.02:12:00/wx/0.70,557.7,46.3,0.41,38,3.36
2024.098.02:13:00/wx/0.80,557.7,46.3,0.91,67,3.40
2024.098.02:14:00/wx/0.71,557.7,46.3,1.00,61,3.40
2024.098.02:15:00/wx/0.80,557.7,46.0,0.81,59,3.41
2024.098.02:16:00/wx/0.70,557.7,46.5,1.34,61,3.42
2024.098.02:17:00/wx/0.61,557.7,47.5,1.31,62,3.40
2024.098.02:18:00/wx/0.50,557.7,48.3,1.51,50,3.38
2024.098.02:19:00/wx/0.60,557.7,47.3,0.88,65,3.38
2024.098.02:20:00/wx/0.60,557.7,47.5,1.21,47,3.39
2024.098.02:21:00/wx/0.42,557.8,48.6,1.25,80,3.41
2024.098.02:22:00/wx/0.40,557.8,48.6,1.30,72,3.43
2024.098.02:23:00/wx/0.40,557.7,48.4,1.31,73,3.45
2024.098.02:24:00/wx/0.40,557.7,48.3,1.40,68,3.45
2024.098.02:25:00/wx/0.51,557.8,48.0,1.58,78,3.46
2024.098.02:26:00/wx/0.40,557.8,47.8,1.51,84,3.44
2024.098.02:27:00/wx/0.40,557.8,48.2,1.71,87,3.47
2024.098.02:28:00/wx/0.30,557.8,48.6,1.58,86,3.47
2024.098.02:29:00/wx/0.16,557.8,49.3,1.71,97,3.46
2024.098.02:30:00/wx/0.10,557.8,49.5,1.57,92,3.46
2024.098.02:31:00/wx/0.00,557.8,49.9,1.81,92,3.46
2024.098.02:32:00/wx/0.00,557.8,49.9,2.00,84,3.48
2024.098.02:33:00/wx/0.10,557.8,49.3,1.80,84,3.47
2024.098.02:34:00/wx/0.15,557.8,49.2,1.91,82,3.49
2024.098.02:35:00/wx/0.28,557.8,48.7,1.80,85,3.47
2024.098.02:36:00/wx/0.20,557.8,48.9,1.71,77,3.47
2024.098.02:37:00/wx/0.10,557.8,49.4,2.02,74,3.44
2024.098.02:38:00/wx/0.13,557.8,49.2,2.12,82,3.46
2024.098.02:39:00/wx/0.20,557.8,48.9,2.16,77,3.43
2024.098.02:40:00/wx/0.20,557.8,49.0,2.21,76,3.43
2024.098.02:41:00/wx/0.30,557.8,48.6,2.51,74,3.46
2024.098.02:42:00/wx/0.50,557.8,47.9,2.40,78,3.41
2024.098.02:43:00/wx/0.60,557.8,47.2,2.41,76,3.41
2024.098.02:44:00/wx/0.70,557.8,46.7,2.41,80,3.38
2024.098.02:45:00/wx/0.79,557.8,46.5,2.39,81,3.38
2024.098.02:46:00/wx/0.80,557.8,46.3,2.71,86,3.39
2024.098.02:47:00/wx/0.80,557.8,46.2,2.58,86,3.36
2024.098.02:48:00/wx/0.80,557.8,46.0,2.41,86,3.37
2024.098.02:49:00/wx/0.80,557.8,46.2,2.40,85,3.35
2024.098.02:50:00/wx/0.80,557.8,46.3,2.32,87,3.37
2024.098.02:51:00/wx/0.70,557.8,46.3,2.41,92,3.35
2024.098.02:52:00/wx/0.70,557.8,46.4,2.41,96,3.35
2024.098.02:53:00/wx/0.60,557.8,46.6,2.57,87,3.35
2024.098.02:54:00/wx/0.60,557.8,46.7,2.42,94,3.33
2024.098.02:55:00/wx/0.50,557.8,46.9,2.31,91,3.34
2024.098.02:56:00/wx/0.40,557.7,47.2,2.52,94,3.33
2024.098.02:57:00/wx/0.30,557.7,47.4,2.30,92,3.34
2024.098.02:58:00/wx/0.30,557.7,47.8,2.76,98,3.30
2024.098.02:59:00/wx/0.20,557.7,48.6,2.42,102,3.29
2024.098.03:00:00/wx/0.10,557.7,48.5,2.51,93,3.27
2024.098.03:01:00/wx/0.10,557.7,48.5,2.36,93,3.31
2024.098.03:02:00/wx/0.00,557.7,48.7,2.46,91,3.24
2024.098.03:03:00/wx/-0.10,557.7,49.1,2.23,92,3.36
2024.098.03:04:00/wx/-0.10,557.7,49.2,2.32,94,3.25
2024.098.03:05:00/wx/0.00,557.7,48.8,2.22,96,3.28
2024.098.03:06:00/wx/0.00,557.7,48.1,2.08,94,3.24
2024.098.03:07:00/wx/0.10,557.7,47.6,2.05,92,3.21
2024.098.03:08:00/wx/0.20,557.7,46.9,2.01,94,3.17
2024.098.03:09:00/wx/0.30,557.7,46.4,2.01,95,3.10
2024.098.03:10:00/wx/0.20,557.7,47.1,1.97,95,3.19
2024.098.03:11:00/wx/0.40,557.7,45.3,1.86,86,3.12
2024.098.03:12:00/wx/0.47,557.7,45.0,1.78,87,3.18
2024.098.03:13:00/wx/0.50,557.7,44.9,1.89,89,3.14
2024.098.03:14:00/wx/0.50,557.7,44.8,2.12,95,3.02
2024.098.03:15:00/wx/0.50,557.7,44.4,2.19,62,3.00
2024.098.03:16:00/wx/0.70,557.7,44.0,1.56,75,2.88
2024.098.03:17:00/wx/0.67,557.7,43.9,1.83,72,2.94
2024.098.03:18:00/wx/0.60,557.7,43.7,1.60,91,2.95
2024.098.03:19:00/wx/0.60,557.7,44.2,1.72,65,2.95
2024.098.03:20:00/wx/0.60,557.7,43.4,1.73,64,2.98
2024.098.03:21:00/wx/0.60,557.8,43.1,1.40,71,2.94
2024.098.03:22:00/wx/0.60,557.7,42.6,1.51,73,2.85
2024.098.03:23:00/wx/0.50,557.7,42.9,1.27,67,2.93
2024.098.03:24:00/wx/0.50,557.8,42.6,1.29,84,3.01
2024.098.03:25:00/wx/0.40,557.8,41.9,1.34,96,2.97
2024.098.03:26:00/wx/0.40,557.8,41.5,1.12,95,2.96
2024.098.03:27:00/wx/0.40,557.8,40.6,1.30,78,2.96
2024.098.03:28:00/wx/0.50,557.8,38.8,1.42,69,2.86
2024.098.03:29:00/wx/0.70,557.7,38.5,1.57,62,2.85
2024.098.03:30:00/wx/0.70,557.7,37.5,1.11,103,2.75
2024.098.03:31:00/wx/0.70,557.8,37.4,1.38,83,2.83
2024.098.03:32:00/wx/0.60,557.8,37.6,1.93,96,2.86
2024.098.03:33:00/wx/0.60,557.7,37.5,2.31,72,2.83
2024.098.03:34:00/wx/0.70,557.7,37.5,1.78,57,2.90
2024.098.03:35:00/wx/0.53,557.7,39.2,2.20,91,2.92
2024.098.03:36:00/wx/0.70,557.8,37.2,2.40,82,2.91
2024.098.03:37:00/wx/0.60,557.8,38.4,2.15,93,2.91
2024.098.03:38:00/wx/0.70,557.7,37.7,1.41,93,2.99
2024.098.03:39:00/wx/0.70,557.8,37.7,1.74,102,2.98
2024.098.03:40:00/wx/0.74,557.7,37.3,2.46,80,2.99
2024.098.03:41:00/wx/0.90,557.8,36.1,1.91,108,2.98
2024.098.03:42:00/wx/0.60,557.8,38.7,2.08,89,2.87
2024.098.03:43:00/wx/0.70,557.8,37.8,3.02,96,2.88
2024.098.03:44:00/wx/0.93,557.8,35.7,2.40,78,2.90
2024.098.03:45:00/wx/1.00,557.7,35.6,2.10,84,2.93
2024.098.03:46:00/wx/0.80,557.7,38.4,1.79,103,2.96
2024.098.03:47:00/wx/0.70,557.7,37.7,1.72,90,2.87
2024.098.03:48:00/wx/0.80,557.7,36.4,1.83,97,2.78
2024.098.03:49:00/wx/0.90,557.7,35.9,2.51,106,2.80
2024.098.03:50:00/wx/0.84,557.7,36.9,1.94,99,2.95
2024.098.03:51:00/wx/0.62,557.7,40.0,1.46,119,2.86
2024.098.03:52:00/wx/0.50,557.7,40.0,2.01,111,2.81
2024.098.03:53:00/wx/0.28,557.7,42.6,1.75,113,2.90
2024.098.03:54:00/wx/0.10,557.7,43.8,1.87,96,2.73
2024.098.03:55:00/wx/0.20,557.7,41.2,2.34,97,2.84
2024.098.03:56:00/wx/0.29,557.7,39.3,2.83,96,2.87
2024.098.03:57:00/wx/0.40,557.7,38.5,2.31,87,2.80
2024.098.03:58:00/wx/0.40,557.7,39.7,2.72,88,2.82
2024.098.03:59:00/wx/0.65,557.7,38.5,2.76,77,2.74
2024.098.04:00:00/wx/0.80,557.7,38.1,3.02,89,2.81
2024.098.04:01:00/wx/0.60,557.7,39.4,2.61,97,2.71
2024.098.04:02:00/wx/0.40,557.7,40.0,2.43,89,2.72
2024.098.04:03:00/wx/0.30,557.7,40.2,2.95,83,2.71
2024.098.04:04:00/wx/0.25,557.7,39.7,2.92,77,2.62
2024.098.04:05:00/wx/0.28,557.7,39.2,3.03,75,2.53
2024.098.04:06:00/wx/0.50,557.7,38.0,3.11,72,2.47
2024.098.04:07:00/wx/0.40,557.7,38.0,2.80,75,2.48
2024.098.04:08:00/wx/0.42,557.7,37.4,3.21,67,2.50
2024.098.04:09:00/wx/0.90,557.7,34.9,2.63,68,2.56
2024.098.04:10:00/wx/1.28,557.7,32.7,2.71,75,2.52
2024.098.04:11:00/wx/1.10,557.7,33.8,2.71,84,2.44
2024.098.04:12:00/wx/1.10,557.7,33.0,2.28,83,2.43
2024.098.04:13:00/wx/1.20,557.7,32.2,1.83,80,2.37
2024.098.04:14:00/wx/1.14,557.7,32.1,1.84,99,2.38
2024.098.04:15:00/wx/0.91,557.7,33.3,1.87,85,2.35
2024.098.04:16:00/wx/0.90,557.7,33.3,3.72,83,2.35
2024.098.04:17:00/wx/1.20,557.7,32.1,3.62,87,2.38
2024.098.04:18:00/wx/1.26,557.7,31.8,3.10,79,2.33
2024.098.04:19:00/wx/1.06,557.6,32.9,3.26,82,2.33
2024.098.04:20:00/wx/0.99,557.7,32.8,3.42,88,2.38
2024.098.04:21:00/wx/1.20,557.7,31.2,3.12,74,2.40
2024.098.04:22:00/wx/1.25,557.7,31.1,3.39,88,2.36
2024.098.04:23:00/wx/1.50,557.7,29.7,2.76,74,2.30
2024.098.04:24:00/wx/1.43,557.7,29.6,3.08,80,2.27
2024.098.04:25:00/wx/1.59,557.7,27.9,3.33,73,2.21
2024.098.04:26:00/wx/1.80,557.7,26.5,2.62,78,2.19
2024.098.04:27:00/wx/1.70,557.7,26.3,3.17,76,2.14
2024.098.04:28:00/wx/1.59,557.7,27.2,2.72,76,2.14
2024.098.04:29:00/wx/1.64,557.7,26.6,2.61,82,2.13
2024.098.04:30:00/wx/1.70,557.7,25.6,2.82,92,2.11
2024.098.04:31:00/wx/1.69,557.6,25.6,2.38,91,2.16
2024.098.04:32:00/wx/1.64,557.6,25.1,2.11,88,2.13
2024.098.04:33:00/wx/1.76,557.6,24.1,1.64,81,2.10
2024.098.04:34:00/wx/1.80,557.6,23.7,1.85,90,2.06
2024.098.04:35:00/wx/1.80,557.6,23.9,1.51,91,2.10
2024.098.04:36:00/wx/1.80,557.6,23.4,1.20,92,2.08
2024.098.04:37:00/wx/1.75,557.6,23.3,1.33,129,2.11
2024.098.04:38:00/wx/1.80,557.6,23.5,0.86,142,2.10
2024.098.04:39:00/wx/1.80,557.6,23.9,1.06,144,2.13
2024.098.04:40:00/wx/1.70,557.6,23.7,1.13,125,2.10
2024.098.04:41:00/wx/1.72,557.6,23.0,0.88,117,2.12
2024.098.04:42:00/wx/1.80,557.6,23.4,1.16,129,2.12
2024.098.04:43:00/wx/1.80,557.6,22.9,1.11,93,2.12
2024.098.04:44:00/wx/1.70,557.6,22.8,0.54,88,2.13
2024.098.04:45:00/wx/1.60,557.6,23.0,1.09,99,2.12
2024.098.04:46:00/wx/1.60,557.6,23.0,1.24,93,2.12
2024.098.04:47:00/wx/1.50,557.6,23.3,1.12,112,2.22
2024.098.04:48:00/wx/1.50,557.6,23.1,1.11,97,2.24
2024.098.04:49:00/wx/1.50,557.6,22.4,1.19,78,2.25
2024.098.04:50:00/wx/1.60,557.6,22.0,0.81,85,2.27
2024.098.04:51:00/wx/1.60,557.6,22.4,0.81,74,2.26
2024.098.04:52:00/wx/1.60,557.6,21.9,0.61,79,2.29
2024.098.04:53:00/wx/1.60,557.6,21.7,0.51,51,2.29
2024.098.04:54:00/wx/1.50,557.6,22.1,0.86,61,2.31
2024.098.04:55:00/wx/1.50,557.6,21.4,0.66,69,2.32
2024.098.04:56:00/wx/1.60,557.6,21.0,0.94,57,2.31
2024.098.04:57:00/wx/1.70,557.6,20.3,0.81,51,2.29
2024.098.04:58:00/wx/1.70,557.6,20.1,0.69,60,2.31
2024.098.04:59:00/wx/1.70,557.6,20.1,0.68,53,2.32
2024.098.05:00:00/wx/1.70,557.6,19.6,0.66,36,2.31
2024.098.05:01:00/wx/1.70,557.6,19.6,0.57,43,2.33
2024.098.05:02:00/wx/1.70,557.5,19.5,0.40,33,2.31
2024.098.05:03:00/wx/1.69,557.6,19.3,0.42,21,2.30
2024.098.05:04:00/wx/1.74,557.5,19.3,0.39,16,2.30
2024.098.05:05:00/wx/1.76,557.5,19.0,0.44,241,2.31
2024.098.05:06:00/wx/1.70,557.5,18.9,0.52,358,2.34
2024.098.05:07:00/wx/1.70,557.5,18.8,0.60,358,2.31
2024.098.05:08:00/wx/1.70,557.5,18.5,0.74,341,2.31
2024.098.05:09:00/wx/1.80,557.5,18.4,0.78,352,2.32
2024.098.05:10:00/wx/1.80,557.5,18.1,0.70,353,2.29
2024.098.05:11:00/wx/1.80,557.5,17.9,0.74,359,2.26
2024.098.05:12:00/wx/1.80,557.5,17.7,0.74,-17,2.24
2024.098.05:13:00/wx/1.80,557.5,17.5,0.76,241,2.22
2024.098.05:14:00/wx/1.80,557.4,17.3,0.68,342,2.21
2024.098.05:15:00/wx/1.80,557.5,17.2,0.62,353,2.21
2024.098.05:16:00/wx/1.70,557.5,16.9,0.53,342,2.22
2024.098.05:17:00/wx/1.70,557.4,16.7,0.41,304,2.19
2024.098.05:18:00/wx/1.70,557.4,16.4,0.46,145,2.22
2024.098.05:19:00/wx/1.63,557.4,16.5,0.34,254,2.20
2024.098.05:20:00/wx/1.60,557.4,16.3,0.52,318,2.18
2024.098.05:21:00/wx/1.60,557.4,16.1,0.23,231,2.21
2024.098.05:22:00/wx/1.50,557.4,16.3,0.17,238,2.26
2024.098.05:23:00/wx/1.40,557.4,15.9,0.16,254,2.25
2024.098.05:24:00/wx/1.40,557.4,16.0,0.50,277,2.22
2024.098.05:25:00/wx/1.40,557.4,16.1,0.43,281,2.20
2024.098.05:26:00/wx/1.50,557.3,15.8,0.42,275,2.19
2024.098.05:27:00/wx/1.50,557.3,15.6,0.66,265,2.21
2024.098.05:28:00/wx/1.44,557.3,15.7,0.38,239,2.22
2024.098.05:29:00/wx/1.40,557.3,15.6,0.52,241,2.24
2024.098.05:30:00/wx/1.40,557.3,15.8,0.33,289,2.21
2024.098.05:31:00/wx/1.40,557.3,15.6,0.49,315,2.25
2024.098.05:32:00/wx/1.40,557.3,15.6,0.47,311,2.27
2024.098.05:33:00/wx/1.40,557.3,15.4,0.59,341,2.26
2024.098.05:34:00/wx/1.49,557.3,15.2,0.91,26,2.25
2024.098.05:35:00/wx/1.50,557.3,14.8,0.91,351,2.24
2024.098.05:36:00/wx/1.70,557.3,14.2,0.96,9,2.21
2024.098.05:37:00/wx/1.86,557.2,13.4,1.37,8,2.20
2024.098.05:38:00/wx/1.98,557.2,12.6,1.45,16,2.19
2024.098.05:39:00/wx/2.10,557.2,12.4,1.34,17,2.19
2024.098.05:40:00/wx/2.10,557.2,12.1,1.42,37,2.16
2024.098.05:41:00/wx/2.16,557.3,12.1,1.20,23,2.16
2024.098.05:42:00/wx/2.10,557.2,12.1,0.79,13,2.17
2024.098.05:43:00/wx/2.10,557.2,12.5,0.81,25,2.16
2024.098.05:44:00/wx/2.00,557.2,12.5,1.00,50,2.16
2024.098.05:45:00/wx/1.99,557.2,12.7,0.68,25,2.17
2024.098.05:46:00/wx/1.90,557.2,13.3,0.62,7,2.20
2024.098.05:47:00/wx/1.90,557.1,12.3,0.45,26,2.19
2024.098.05:48:00/wx/2.00,557.1,11.7,0.25,256,2.20
2024.098.05:49:00/wx/2.00,557.1,12.7,0.60,57,2.20
2024.098.05:50:00/wx/1.90,557.1,12.2,0.32,24,2.20
2024.098.05:51:00/wx/1.90,557.1,12.4,0.76,30,2.18
2024.098.05:52:00/wx/1.90,557.1,12.1,0.84,11,2.15
2024.098.05:53:00/wx/2.00,557.0,11.7,0.60,15,2.12
2024.098.05:54:00/wx/2.10,557.1,11.3,0.31,92,2.14
2024.098.05:55:00/wx/2.20,557.0,11.4,0.88,75,2.12
2024.098.05:56:00/wx/2.20,557.0,11.4,0.75,335,2.13
2024.098.05:57:00/wx/2.20,557.0,11.3,0.73,355,2.11
2024.098.05:58:00/wx/2.20,557.0,11.2,0.94,353,2.12
2024.098.05:59:00/wx/2.20,557.0,10.8,0.62,296,2.14
2024.098.06:00:00/wx/2.20,557.0,10.8,0.90,331,2.16
2024.098.06:01:00/wx/2.20,557.0,10.7,0.94,311,2.19
2024.098.06:02:00/wx/2.20,557.0,10.2,1.07,333,2.18
2024.098.06:03:00/wx/2.30,557.0,11.0,1.94,354,2.18
2024.098.06:04:00/wx/2.29,557.0,11.6,1.59,343,2.17
2024.098.06:05:00/wx/2.20,557.0,10.8,1.25,332,2.15
2024.098.06:06:00/wx/2.20,557.0,10.9,1.41,95,2.17
2024.098.06:07:00/wx/2.21,557.0,10.8,1.50,348,2.16
2024.098.06:08:00/wx/2.00,557.0,12.2,1.30,11,2.15
2024.098.06:09:00/wx/1.82,557.0,12.1,0.98,257,2.17
2024.098.06:10:00/wx/1.70,556.9,14.0,1.71,15,2.15
2024.098.06:11:00/wx/1.78,556.9,12.7,1.08,352,2.15
2024.098.06:12:00/wx/1.80,557.0,13.0,1.10,335,2.15
2024.098.06:13:00/wx/1.61,556.9,13.6,1.54,10,2.16
2024.098.06:14:00/wx/1.80,556.9,12.7,1.31,248,2.17
2024.098.06:15:00/wx/1.90,556.9,12.0,1.20,22,2.16
2024.098.06:16:00/wx/2.09,556.9,11.2,1.34,23,2.18
2024.098.06:17:00/wx/2.20,556.9,10.7,1.00,9,2.15
2024.098.06:18:00/wx/2.20,556.9,10.8,0.70,39,2.16
2024.098.06:19:00/wx/2.20,556.9,10.8,0.81,52,2.12
2024.098.06:20:00/wx/2.17,556.8,10.8,1.04,20,2.15
2024.098.06:21:00/wx/2.20,556.8,10.8,1.01,41,2.14
2024.098.06:22:00/wx/2.20,556.8,10.4,1.00,29,2.13
2024.098.06:23:00/wx/2.30,556.8,9.8,0.50,23,2.13
2024.098.06:24:00/wx/2.41,556.8,9.5,0.83,350,2.13
2024.098.06:25:00/wx/2.30,556.8,9.1,0.55,226,2.12
2024.098.06:26:00/wx/2.30,556.8,8.5,0.23,261,2.12
2024.098.06:27:00/wx/2.29,556.8,9.0,0.12,227,2.12
2024.098.06:28:00/wx/2.10,556.8,10.0,0.30,104,2.12
2024.098.06:29:00/wx/2.00,556.8,9.5,0.17,108,2.09
2024.098.06:30:00/wx/1.90,556.8,9.3,0.21,357,2.05
2024.098.06:31:00/wx/1.80,556.8,9.3,0.33,333,2.06
2024.098.06:32:00/wx/1.80,556.8,9.2,0.43,18,2.05
2024.098.06:33:00/wx/1.84,556.7,9.2,0.54,152,2.04
2024.098.06:34:00/wx/1.90,556.7,9.1,0.50,316,2.05
2024.098.06:35:00/wx/1.90,556.7,9.2,0.52,318,2.07
2024.098.06:36:00/wx/1.90,556.7,9.1,0.53,337,2.08
2024.098.06:37:00/wx/2.00,556.7,9.1,0.43,341,2.07
2024.098.06:38:00/wx/1.90,556.7,9.0,0.55,288,2.08
2024.098.06:39:00/wx/2.00,556.7,8.9,0.53,316,2.06
2024.098.06:40:00/wx/2.10,556.7,8.5,0.43,260,2.06
2024.098.06:41:00/wx/2.10,556.7,8.5,0.74,313,2.09
2024.098.06:42:00/wx/2.17,556.7,8.4,0.81,316,2.15
2024.098.06:43:00/wx/2.10,556.7,8.8,0.71,334,2.13
2024.098.06:44:00/wx/2.10,556.7,9.1,0.81,325,2.14
2024.098.06:45:00/wx/2.10,556.6,9.3,0.83,336,2.12
2024.098.06:46:00/wx/2.10,556.7,9.7,1.01,346,2.15
2024.098.06:47:00/wx/2.10,556.6,9.6,0.65,304,2.15
2024.098.06:48:00/wx/2.10,556.7,9.1,0.69,315,2.12
2024.098.06:49:00/wx/2.10,556.6,9.5,1.12,330,2.11
2024.098.06:50:00/wx/2.00,556.6,9.7,1.04,332,2.12
2024.098.06:51:00/wx/2.10,556.6,9.2,0.98,348,2.12
2024.098.06:52:00/wx/2.10,556.6,9.5,0.99,350,2.11
2024.098.06:53:00/wx/2.10,556.6,9.6,1.13,344,2.15
2024.098.06:54:00/wx/2.10,556.6,9.3,0.93,336,2.14
2024.098.06:55:00/wx/2.10,556.6,9.3,0.92,349,2.12
2024.098.06:56:00/wx/2.10,556.6,9.8,1.38,6,2.13
2024.098.06:57:00/wx/2.10,556.5,9.8,1.18,398,2.12
2024.098.06:58:00/wx/2.10,556.5,9.6,1.40,308,2.13
2024.098.06:59:00/wx/2.10,556.6,9.4,1.24,344,2.13
2024.098.07:00:00/wx/2.20,556.5,8.9,1.45,333,2.12
2024.098.07:01:00/wx/2.14,556.6,9.2,1.60,342,2.10
2024.098.07:02:00/wx/2.10,556.5,9.6,1.11,351,2.08
2024.098.07:03:00/wx/2.10,556.5,8.8,1.39,351,2.07
2024.098.07:04:00/wx/2.10,556.5,8.9,0.93,316,2.05
2024.098.07:05:00/wx/2.10,556.5,9.1,0.97,338,2.03
2024.098.07:06:00/wx/2.10,556.5,8.7,1.15,318,2.01
2024.098.07:07:00/wx/2.10,556.5,8.9,1.43,340,2.01
2024.098.07:08:00/wx/2.10,556.5,8.7,0.56,326,2.01
2024.098.07:09:00/wx/2.00,556.5,9.1,0.84,296,1.99
2024.098.07:10:00/wx/2.00,556.5,8.5,1.06,319,2.02
2024.098.07:11:00/wx/2.00,556.5,8.3,0.91,309,2.02
2024.098.07:12:00/wx/2.00,556.5,8.4,1.21,306,2.06
2024.098.07:13:00/wx/1.90,556.5,8.8,1.22,292,2.05
2024.098.07:14:00/wx/1.89,556.5,8.5,0.68,277,2.01
2024.098.07:15:00/wx/1.80,556.4,8.7,1.27,275,2.01
2024.098.07:16:00/wx/1.70,556.4,9.2,1.19,262,2.03
2024.098.07:17:00/wx/1.80,556.4,8.5,0.74,285,2.05
2024.098.07:18:00/wx/1.70,556.4,8.8,1.13,275,2.05
2024.098.07:19:00/wx/1.80,556.4,8.3,0.86,258,2.07
2024.098.07:20:00/wx/1.70,556.4,8.5,0.88,279,2.06
2024.098.07:21:00/wx/1.70,556.4,8.3,0.70,268,2.05
2024.098.07:22:00/wx/1.80,556.4,8.2,1.03,250,2.05
2024.098.07:23:00/wx/1.70,556.4,8.4,1.34,251,2.02
2024.098.07:24:00/wx/1.70,556.4,8.6,1.03,266,2.02
2024.098.07:25:00/wx/1.60,556.4,8.7,1.43,253,2.03
2024.098.07:26:00/wx/1.60,556.3,9.0,1.11,270,2.02
2024.098.07:27:00/wx/1.50,556.3,9.0,1.23,274,2.03
2024.098.07:28:00/wx/1.60,556.4,8.7,1.44,255,2.04
2024.098.07:29:00/wx/1.60,556.3,8.9,1.68,250,2.02
2024.098.07:30:00/wx/1.50,556.4,9.3,1.44,250,2.07
2024.098.07:31:00/wx/1.41,556.3,9.4,1.25,262,2.05
2024.098.07:32:00/wx/1.20,556.4,10.6,1.13,269,2.06
2024.098.07:33:00/wx/1.00,556.3,10.9,1.19,257,2.04
2024.098.07:34:00/wx/1.10,556.4,10.1,1.27,257,2.01
2024.098.07:35:00/wx/1.20,556.3,9.7,1.15,262,2.02
2024.098.07:36:00/wx/1.20,556.3,10.2,1.03,266,2.02
2024.098.07:37:00/wx/1.10,556.3,10.7,1.31,250,2.03
2024.098.07:38:00/wx/0.93,556.3,10.9,1.02,265,2.04
2024.098.07:39:00/wx/1.00,556.3,10.3,1.08,260,2.07
2024.098.07:40:00/wx/1.10,556.3,10.2,1.04,274,2.06
2024.098.07:41:00/wx/1.00,556.3,10.4,1.22,290,2.05
2024.098.07:42:00/wx/0.99,556.3,10.5,1.13,293,2.03
2024.098.07:43:00/wx/1.03,556.3,9.8,1.15,286,2.03
2024.098.07:44:00/wx/1.10,556.3,9.6,1.33,273,2.03
2024.098.07:45:00/wx/1.20,556.3,9.6,1.09,279,2.02
2024.098.07:46:00/wx/1.10,556.2,10.2,1.13,253,2.05
2024.098.07:47:00/wx/1.10,556.3,10.2,0.98,259,2.02
2024.098.07:48:00/wx/0.95,556.2,10.9,1.17,286,2.03
2024.098.07:49:00/wx/0.90,556.3,10.8,1.16,285,2.00
2024.098.07:50:00/wx/0.80,556.2,10.9,1.22,299,1.98
2024.098.07:51:00/wx/0.90,556.2,10.4,1.14,298,2.03
2024.098.07:52:00/wx/1.00,556.2,10.2,0.73,287,2.01
2024.098.07:53:00/wx/1.00,556.2,10.1,1.13,297,1.99
2024.098.07:54:00/wx/1.00,556.2,10.3,1.09,288,1.99
2024.098.07:55:00/wx/1.00,556.1,10.2,1.33,299,1.98
2024.098.07:56:00/wx/1.10,556.2,10.0,1.26,287,1.98
2024.098.07:57:00/wx/1.10,556.2,10.2,1.67,293,1.98
2024.098.07:58:00/wx/1.20,556.2,9.6,1.44,283,2.00
2024.098.07:59:00/wx/1.10,556.2,10.3,1.23,278,1.99
2024.098.08:00:00/wx/1.00,556.2,10.6,1.13,270,1.97
2024.098.08:01:00/wx/0.90,556.2,11.0,1.32,279,1.98
2024.098.08:02:00/wx/0.86,556.2,11.2,1.39,270,2.01
2024.098.08:03:00/wx/0.80,556.2,11.0,1.49,267,2.02
2024.098.08:04:00/wx/0.71,556.2,11.6,1.63,262,1.98
2024.098.08:05:00/wx/0.80,556.2,10.9,1.63,255,1.97
2024.098.08:06:00/wx/0.80,556.2,11.4,1.53,261,1.96
2024.098.08:07:00/wx/0.70,556.2,12.0,1.48,267,1.96
2024.098.08:08:00/wx/0.63,556.2,11.9,1.59,262,1.94
2024.098.08:09:00/wx/0.50,556.1,12.4,1.73,264,1.94
2024.098.08:10:00/wx/0.50,556.2,12.6,1.73,265,1.93
2024.098.08:11:00/wx/0.70,556.1,11.3,2.07,258,1.91
2024.098.08:12:00/wx/0.70,556.2,11.7,2.36,256,1.94
2024.098.08:13:00/wx/0.68,556.2,11.7,1.97,252,1.97
2024.098.08:14:00/wx/0.90,556.1,10.9,1.43,266,1.98
2024.098.08:15:00/wx/0.69,556.1,12.1,1.70,258,1.95
2024.098.08:16:00/wx/0.50,556.1,12.6,1.45,267,1.94
2024.098.08:17:00/wx/0.50,556.1,12.4,1.44,258,1.95
2024.098.08:18:00/wx/0.50,556.1,12.0,1.52,268,1.95
2024.098.08:19:00/wx/0.50,556.1,12.1,1.13,266,1.94
2024.098.08:20:00/wx/0.40,556.1,12.6,1.20,268,1.93
2024.098.08:21:00/wx/0.40,556.1,12.3,1.43,269,1.94
2024.098.08:22:00/wx/0.40,556.1,12.3,1.13,268,1.91
2024.098.08:23:00/wx/0.50,556.1,12.0,0.82,276,1.90
2024.098.08:24:00/wx/0.40,556.1,12.3,1.03,273,1.90
2024.098.08:25:00/wx/0.30,556.1,12.7,1.13,273,1.91
2024.098.08:26:00/wx/0.30,556.1,12.9,0.86,273,1.91
2024.098.08:27:00/wx/0.30,556.1,12.9,0.89,270,1.89
2024.098.08:28:00/wx/0.30,556.1,13.0,1.12,276,1.89
2024.098.08:29:00/wx/0.30,556.1,12.9,1.22,261,1.87
2024.098.08:30:00/wx/0.20,556.1,13.1,1.14,259,1.84
2024.098.08:31:00/wx/0.20,556.1,13.3,1.05,261,1.84
2024.098.08:32:00/wx/0.20,556.1,13.5,1.14,259,1.83
2024.098.08:33:00/wx/0.10,556.1,13.6,0.73,270,1.82
2024.098.08:34:00/wx/0.00,556.1,14.1,0.94,265,1.82
2024.098.08:35:00/wx/-0.01,556.1,14.0,1.30,279,1.84
2024.098.08:36:00/wx/0.10,556.1,12.9,1.74,281,1.85
2024.098.08:37:00/wx/0.29,556.1,12.7,1.33,274,1.84
2024.098.08:38:00/wx/0.30,556.1,12.5,1.04,289,1.81
2024.098.08:39:00/wx/0.40,556.1,12.0,1.22,280,1.82
2024.098.08:40:00/wx/0.30,556.1,12.9,1.33,280,1.81
2024.098.08:41:00/wx/0.20,556.1,13.0,1.34,281,1.83
2024.098.08:42:00/wx/0.10,556.1,13.9,1.43,275,1.82
2024.098.08:43:00/wx/0.20,556.1,12.6,1.22,288,1.81
2024.098.08:44:00/wx/0.30,556.1,12.4,1.43,281,1.81
2024.098.08:45:00/wx/0.30,556.1,12.5,1.20,282,1.80
2024.098.08:46:00/wx/0.29,556.1,12.8,1.15,279,1.82
2024.098.08:47:00/wx/0.40,556.1,12.1,1.33,284,1.82
2024.098.08:48:00/wx/0.29,556.1,13.7,1.25,280,1.81
2024.098.08:49:00/wx/-0.04,556.1,16.0,1.06,266,1.82
2024.098.08:50:00/wx/-0.30,556.1,16.1,1.08,279,1.82
2024.098.08:51:00/wx/-0.20,556.1,14.4,1.41,270,1.82
2024.098.08:52:00/wx/0.11,556.0,13.0,1.62,280,1.83
2024.098.08:53:00/wx/0.10,556.1,13.7,1.40,276,1.87
2024.098.08:54:00/wx/-0.01,556.1,14.4,1.31,278,1.86
2024.098.08:55:00/wx/0.08,556.1,14.0,1.48,275,1.87
2024.098.08:56:00/wx/0.09,556.0,13.7,1.53,272,1.88
2024.098.08:57:00/wx/0.21,556.1,14.1,1.43,263,1.89
2024.098.08:58:00/wx/0.50,556.1,12.6,1.43,264,1.90
2024.098.08:59:00/wx/0.54,556.1,13.2,1.73,270,1.91
2024.098.09:00:00/wx/0.60,556.1,12.3,1.88,273,1.91
2024.098.09:01:00/wx/0.80,556.1,11.3,1.53,273,1.90
2024.098.09:02:00/wx/0.36,556.1,14.9,1.07,266,1.77
2024.098.09:03:00/wx/-0.04,556.1,15.9,1.43,277,1.76
2024.098.09:04:00/wx/-0.30,556.1,17.0,1.60,287,1.75
2024.098.09:05:00/wx/-0.20,556.1,15.8,1.64,293,1.74
2024.098.09:06:00/wx/-0.20,556.1,16.0,1.82,295,1.75
2024.098.09:07:00/wx/0.11,556.1,14.2,1.75,306,1.76
2024.098.09:08:00/wx/0.30,556.2,13.7,1.64,324,1.77
2024.098.09:09:00/wx/0.40,556.2,13.6,1.19,322,1.77
2024.098.09:10:00/wx/0.40,556.1,13.9,1.64,285,1.84
2024.098.09:11:00/wx/0.40,556.2,13.7,1.64,313,1.82
2024.098.09:12:00/wx/0.40,556.2,13.6,1.65,302,1.84
2024.098.09:13:00/wx/0.40,556.2,13.6,1.20,312,1.83
2024.098.09:14:00/wx/0.30,556.2,14.0,1.26,313,1.83
2024.098.09:15:00/wx/0.30,556.1,14.0,1.33,307,1.84
2024.098.09:16:00/wx/0.19,556.1,14.9,1.23,290,1.86
2024.098.09:17:00/wx/0.10,556.2,14.8,1.33,290,1.85
2024.098.09:18:00/wx/0.00,556.1,15.3,1.41,295,1.86
2024.098.09:19:00/wx/0.00,556.2,15.1,1.15,313,1.85
2024.098.09:20:00/wx/0.10,556.2,14.6,1.53,319,1.84
2024.098.09:21:00/wx/0.11,556.2,14.5,1.57,317,1.83
2024.098.09:22:00/wx/0.24,556.1,14.0,1.16,320,1.82
2024.098.09:23:00/wx/0.40,556.2,13.4,1.10,319,1.86
2024.098.09:24:00/wx/0.50,556.2,13.0,0.94,328,1.85
2024.098.09:25:00/wx/0.60,556.2,12.8,0.92,295,1.87
2024.098.09:26:00/wx/0.60,556.1,12.8,1.15,329,1.85
2024.098.09:27:00/wx/0.60,556.2,13.0,1.53,323,1.85
2024.098.09:28:00/wx/0.50,556.2,13.3,1.62,328,1.83
2024.098.09:29:00/wx/0.60,556.2,13.0,1.24,339,1.83
2024.098.09:30:00/wx/0.70,556.2,12.5,1.14,345,1.81
2024.098.09:31:00/wx/0.80,556.2,12.3,1.35,335,1.82
2024.098.09:32:00/wx/0.80,556.2,12.3,1.15,339,1.80
2024.098.09:33:00/wx/0.80,556.2,12.3,1.21,321,1.78
2024.098.09:34:00/wx/0.70,556.2,12.4,1.03,335,1.81
2024.098.09:35:00/wx/0.70,556.2,12.4,1.24,326,1.82
2024.098.09:36:00/wx/0.56,556.2,13.3,1.25,300,1.82
2024.098.09:37:00/wx/0.53,556.2,13.2,1.29,297,1.82
2024.098.09:38:00/wx/0.60,556.2,13.0,1.33,281,1.83
2024.098.09:39:00/wx/0.50,556.2,13.7,1.03,286,1.83
2024.098.09:40:00/wx/0.72,556.2,12.0,1.36,301,1.83
2024.098.09:41:00/wx/0.70,556.2,12.5,1.66,315,1.82
2024.098.09:42:00/wx/0.53,556.2,13.3,1.56,313,1.83
2024.098.09:43:00/wx/0.50,556.2,13.6,1.44,297,1.82
2024.098.09:44:00/wx/0.50,556.2,13.3,1.14,329,1.81
2024.098.09:45:00/wx/0.60,556.2,12.6,1.53,321,1.79
2024.098.09:46:00/wx/0.60,556.2,12.5,1.70,325,1.81
2024.098.09:47:00/wx/0.68,556.1,12.3,1.32,313,1.80
2024.098.09:48:00/wx/0.70,556.2,12.0,1.43,319,1.80
2024.098.09:49:00/wx/0.80,556.2,12.1,1.46,336,1.80
2024.098.09:50:00/wx/0.80,556.2,12.0,1.48,333,1.80
2024.098.09:51:00/wx/0.90,556.1,12.4,1.83,346,1.82
2024.098.09:52:00/wx/0.90,556.2,12.6,1.32,353,1.82
2024.098.09:53:00/wx/0.90,556.1,12.6,1.23,340,1.82
2024.098.09:54:00/wx/0.80,556.2,13.3,2.11,56,1.81
2024.098.09:55:00/wx/0.90,556.2,12.8,2.02,356,1.83
2024.098.09:56:00/wx/0.89,556.1,12.9,2.28,12,1.83
2024.098.09:57:00/wx/0.99,556.1,13.3,1.72,345,1.83
2024.098.09:58:00/wx/0.82,556.1,13.7,2.27,358,1.82
2024.098.09:59:00/wx/1.06,556.1,12.9,2.21,175,1.82
2024.098.10:00:00/wx/0.95,556.1,13.8,2.64,101,1.83
2024.098.10:01:00/wx/0.70,556.2,14.1,1.63,344,1.82
2024.098.10:02:00/wx/0.70,556.2,14.7,2.49,356,1.81
2024.098.10:03:00/wx/0.84,556.2,13.9,2.27,-30,1.80
2024.098.10:04:00/wx/0.96,556.2,13.6,2.52,347,1.82
2024.098.10:05:00/wx/1.10,556.2,13.3,1.70,347,1.80
2024.098.10:06:00/wx/0.80,556.1,15.4,1.60,358,1.78
2024.098.10:07:00/wx/0.70,556.2,15.3,1.81,344,1.79
2024.098.10:08:00/wx/0.80,556.2,13.7,1.46,322,1.79
2024.098.10:09:00/wx/0.87,556.2,13.8,1.57,327,1.78
2024.098.10:10:00/wx/0.73,556.2,15.4,2.11,332,1.76
2024.098.10:11:00/wx/0.81,556.2,13.5,1.84,333,1.79
2024.098.10:12:00/wx/0.98,556.2,13.5,1.81,338,1.78
2024.098.10:13:00/wx/0.80,556.2,15.4,1.79,357,1.75
2024.098.10:14:00/wx/0.60,556.2,17.0,1.90,55,1.76
2024.098.10:15:00/wx/0.40,556.2,17.4,1.63,348,1.73
2024.098.10:16:00/wx/0.51,556.2,15.8,2.03,348,1.74
2024.098.10:17:00/wx/0.84,556.2,14.5,1.60,-0,1.76
2024.098.10:18:00/wx/0.90,556.2,14.5,1.80,335,1.75
2024.098.10:19:00/wx/0.80,556.2,15.4,1.61,305,1.75
2024.098.10:20:00/wx/0.80,556.2,14.8,2.04,352,1.75
2024.098.10:21:00/wx/0.80,556.2,15.7,1.74,-2,1.73
2024.098.10:22:00/wx/0.79,556.2,14.9,2.00,350,1.76
2024.098.10:23:00/wx/0.74,556.3,15.6,2.40,264,1.79
2024.098.10:24:00/wx/1.09,556.3,13.4,1.98,352,1.79
2024.098.10:25:00/wx/0.60,556.3,17.2,2.23,339,1.78
2024.098.10:26:00/wx/0.30,556.3,19.6,1.98,280,1.82
2024.098.10:27:00/wx/0.30,556.2,19.9,2.21,1,1.82
2024.098.10:28:00/wx/0.40,556.3,18.7,2.33,72,1.76
2024.098.10:29:00/wx/0.31,556.3,18.8,2.22,354,1.79
2024.098.10:30:00/wx/-0.08,556.3,21.0,2.38,357,1.77
2024.098.10:31:00/wx/0.33,556.3,17.6,1.86,334,1.75
2024.098.10:32:00/wx/0.76,556.3,14.6,1.57,339,1.74
2024.098.10:33:00/wx/1.00,556.3,13.5,1.75,62,1.75
2024.098.10:34:00/wx/0.60,556.3,18.6,1.20,345,1.73
2024.098.10:35:00/wx/0.82,556.3,17.7,2.09,64,1.72
2024.098.10:36:00/wx/0.46,556.3,18.9,2.61,152,1.74
2024.098.10:37:00/wx/0.73,556.3,16.9,2.00,11,1.74
2024.098.10:38:00/wx/0.90,556.3,17.0,2.19,11,1.75
2024.098.10:39:00/wx/0.90,556.3,17.4,2.00,14,1.79
2024.098.10:40:00/wx/0.38,556.3,20.0,1.86,357,1.80
2024.098.10:41:00/wx/0.54,556.3,17.5,1.77,192,1.81
2024.098.10:42:00/wx/0.97,556.3,15.6,1.76,329,1.81
2024.098.10:43:00/wx/1.10,556.3,14.6,1.93,322,1.83
2024.098.10:44:00/wx/1.11,556.3,15.3,2.33,333,1.81
2024.098.10:45:00/wx/0.99,556.3,16.0,2.16,105,1.81
2024.098.10:46:00/wx/0.60,556.3,17.8,2.55,4,1.81
2024.098.10:47:00/wx/0.60,556.4,17.8,2.32,353,1.84
2024.098.10:48:00/wx/0.50,556.3,17.8,2.43,0,1.85
2024.098.10:49:00/wx/0.06,556.4,19.7,2.25,5,1.84
2024.098.10:50:00/wx/-0.05,556.4,19.6,2.39,9,1.84
2024.098.10:51:00/wx/0.16,556.3,18.4,2.00,349,1.84
2024.098.10:52:00/wx/0.58,556.3,16.6,1.55,341,1.84
2024.098.10:53:00/wx/0.90,556.4,15.1,1.63,329,1.84
2024.098.10:54:00/wx/1.10,556.3,14.3,1.24,345,1.84
2024.098.10:55:00/wx/1.24,556.3,14.1,1.54,320,1.81
2024.098.10:56:00/wx/1.40,556.3,12.9,1.31,330,1.84
2024.098.10:57:00/wx/1.23,556.3,14.8,1.23,339,1.86
2024.098.10:58:00/wx/0.39,556.4,18.4,1.64,357,1.87
2024.098.10:59:00/wx/0.32,556.4,17.7,2.13,4,1.88
2024.098.11:00:00/wx/0.36,556.4,17.5,2.32,1,1.88
2024.098.11:01:00/wx/0.12,556.4,18.2,2.30,7,1.91
2024.098.11:02:00/wx/0.20,556.4,17.4,2.01,361,1.93
2024.098.11:03:00/wx/0.30,556.4,17.2,1.93,355,1.92
2024.098.11:04:00/wx/0.40,556.4,16.7,1.81,258,1.92
2024.098.11:05:00/wx/0.56,556.4,16.1,1.82,234,1.91
2024.098.11:06:00/wx/0.50,556.4,16.3,1.73,31,1.91
2024.098.11:07:00/wx/0.40,556.4,17.0,1.94,344,1.92
2024.098.11:08:00/wx/0.60,556.4,15.7,1.88,353,1.91
2024.098.11:09:00/wx/0.67,556.4,15.9,2.44,359,1.92
2024.098.11:10:00/wx/0.43,556.4,17.1,2.68,5,1.93
2024.098.11:11:00/wx/0.59,556.4,17.5,2.29,6,1.92
2024.098.11:12:00/wx/0.30,556.4,18.9,2.10,0,1.90
2024.098.11:13:00/wx/0.42,556.4,17.3,1.82,7,1.90
2024.098.11:14:00/wx/0.16,556.4,19.5,2.56,3,1.90
2024.098.11:15:00/wx/0.41,556.5,18.0,2.46,10,1.93
2024.098.11:16:00/wx/0.70,556.4,17.4,2.13,9,1.95
2024.098.11:17:00/wx/0.81,556.4,17.3,2.03,346,1.95
2024.098.11:18:00/wx/0.77,556.4,17.8,1.91,354,1.96
2024.098.11:19:00/wx/0.71,556.4,18.2,2.17,351,1.96
2024.098.11:20:00/wx/0.13,556.4,22.1,1.19,298,1.96
2024.098.11:21:00/wx/-0.10,556.5,21.8,0.84,305,1.97
2024.098.11:22:00/wx/-0.10,556.4,20.4,1.06,336,1.97
2024.098.11:23:00/wx/0.10,556.5,18.8,1.35,289,1.97
2024.098.11:24:00/wx/0.15,556.4,17.4,1.18,294,1.98
2024.098.11:25:00/wx/0.20,556.4,17.3,0.92,308,2.00
2024.098.11:26:00/wx/0.10,556.5,19.0,1.64,356,1.99
2024.098.11:27:00/wx/0.19,556.4,20.5,1.28,335,1.98
2024.098.11:28:00/wx/0.20,556.4,20.1,1.67,340,1.99
2024.098.11:29:00/wx/0.40,556.4,18.6,1.59,310,2.02
2024.098.11:30:00/wx/0.68,556.4,16.6,1.57,337,2.01
2024.098.11:31:00/wx/0.80,556.5,16.6,1.83,326,2.00
2024.098.11:32:00/wx/0.91,556.5,16.1,1.87,310,2.03
2024.098.11:33:00/wx/1.24,556.4,15.5,1.72,313,2.03
2024.098.11:34:00/wx/1.33,556.5,15.3,1.43,314,2.02
2024.098.11:35:00/wx/1.48,556.5,14.6,1.62,298,2.05
2024.098.11:36:00/wx/1.30,556.5,16.1,1.23,297,2.05
2024.098.11:37:00/wx/1.19,556.5,16.5,1.73,304,2.04
2024.098.11:38:00/wx/1.41,556.5,14.5,1.75,298,2.07
2024.098.11:39:00/wx/1.17,556.5,17.9,1.40,285,2.05
2024.098.11:40:00/wx/0.90,556.5,22.8,1.65,280,2.05
2024.098.11:41:00/wx/0.80,556.5,24.8,1.13,271,2.06
2024.098.11:42:00/wx/0.80,556.5,21.5,1.48,281,2.05
2024.098.11:43:00/wx/0.90,556.5,18.4,1.32,294,2.06
2024.098.11:44:00/wx/1.08,556.5,17.2,1.48,286,2.06
2024.098.11:45:00/wx/1.20,556.6,17.0,1.83,293,2.04
2024.098.11:46:00/wx/1.30,556.5,15.3,1.73,298,2.05
2024.098.11:47:00/wx/1.40,556.5,13.5,1.72,301,2.06
2024.098.11:48:00/wx/1.34,556.6,16.4,1.72,316,2.05
2024.098.11:49:00/wx/1.38,556.5,15.7,1.74,318,2.02
2024.098.11:50:00/wx/1.30,556.5,17.6,1.73,317,2.03
2024.098.11:51:00/wx/1.39,556.6,15.4,1.77,298,2.02
2024.098.11:52:00/wx/1.30,556.6,16.4,1.58,307,2.02
2024.098.11:53:00/wx/1.20,556.6,20.5,1.37,324,2.01
2024.098.11:54:00/wx/1.20,556.5,20.9,1.43,292,2.03
2024.098.11:55:00/wx/0.89,556.6,26.1,1.12,315,2.00
2024.098.11:56:00/wx/0.58,556.6,28.1,2.02,331,2.02
2024.098.11:57:00/wx/1.16,556.6,17.8,2.21,327,2.05
2024.098.11:58:00/wx/1.47,556.6,16.1,2.20,332,2.03
2024.098.11:59:00/wx/1.70,556.6,15.3,2.42,326,2.03
2024.098.12:00:00/wx/1.80,556.6,14.7,2.05,321,2.04
2024.098.12:01:00/wx/1.80,556.6,15.5,2.28,332,2.04
2024.098.12:02:00/wx/1.74,556.6,17.5,2.10,329,2.05
2024.098.12:03:00/wx/1.70,556.6,17.6,1.69,330,2.04
2024.098.12:04:00/wx/1.60,556.6,18.8,2.13,342,2.06
2024.098.12:05:00/wx/1.70,556.6,16.7,2.18,326,2.08
2024.098.12:06:00/wx/1.80,556.6,15.9,2.17,332,2.08
2024.098.12:07:00/wx/1.80,556.6,17.7,1.92,330,2.08
2024.098.12:08:00/wx/1.60,556.6,21.4,2.43,343,2.08
2024.098.12:09:00/wx/1.50,556.6,22.5,2.33,337,2.10
2024.098.12:10:00/wx/1.50,556.6,23.2,2.37,346,2.09
2024.098.12:11:00/wx/1.45,556.7,24.6,2.33,335,2.09
2024.098.12:12:00/wx/1.61,556.7,22.2,2.01,343,2.09
2024.098.12:13:00/wx/1.40,556.7,27.1,2.22,321,2.09
2024.098.12:14:00/wx/1.30,556.7,27.9,1.65,339,2.09
2024.098.12:15:00/wx/1.40,556.7,25.9,1.87,340,2.08
2024.098.12:16:00/wx/1.30,556.7,36.8,1.22,318,2.08
2024.098.12:17:00/wx/1.28,556.7,36.2,1.69,338,2.09
2024.098.12:18:00/wx/1.40,556.7,37.3,1.23,343,2.06
2024.098.12:19:00/wx/1.50,556.7,31.1,2.00,334,2.10
2024.098.12:20:00/wx/1.56,556.7,31.2,1.31,335,2.10
2024.098.12:21:00/wx/1.60,556.7,33.0,2.20,338,2.08
2024.098.12:22:00/wx/1.89,556.7,20.2,1.66,321,2.08
2024.098.12:23:00/wx/2.00,556.7,21.8,1.85,319,2.10
2024.098.12:24:00/wx/2.10,556.7,19.0,1.36,322,2.10
2024.098.12:25:00/wx/2.10,556.7,22.6,2.32,333,2.11
2024.098.12:26:00/wx/2.00,556.8,25.5,2.24,338,2.12
2024.098.12:27:00/wx/2.00,556.7,31.5,2.10,324,2.12
2024.098.12:28:00/wx/2.10,556.8,22.8,2.22,336,2.11
2024.098.12:29:00/wx/2.10,556.7,20.1,1.72,325,2.13
2024.098.12:30:00/wx/2.20,556.8,22.5,2.07,338,2.11
2024.098.12:31:00/wx/2.20,556.8,26.5,1.87,316,2.11
2024.098.12:32:00/wx/2.10,556.8,29.3,1.93,325,2.09
2024.098.12:33:00/wx/2.10,556.8,27.0,1.96,312,2.11
2024.098.12:34:00/wx/2.10,556.8,22.0,1.87,313,2.10
2024.098.12:35:00/wx/2.10,556.8,26.8,1.63,316,2.09
2024.098.12:36:00/wx/2.10,556.8,25.7,1.93,324,2.12
2024.098.12:37:00/wx/2.10,556.8,30.1,1.53,318,2.11
2024.098.12:38:00/wx/2.02,556.8,23.6,2.07,322,2.13
2024.098.12:39:00/wx/2.10,556.8,28.7,2.23,321,2.10
2024.098.12:40:00/wx/2.10,556.9,25.6,2.00,333,2.11
2024.098.12:41:00/wx/2.10,556.8,30.1,2.03,319,2.13
2024.098.12:42:00/wx/2.10,556.8,26.3,2.31,326,2.12
2024.098.12:43:00/wx/2.13,556.8,25.4,2.34,325,2.15
2024.098.12:44:00/wx/2.20,556.8,26.5,2.28,320,2.15
2024.098.12:45:00/wx/2.28,556.8,27.3,2.78,322,2.14
2024.098.12:46:00/wx/2.30,556.8,23.0,2.73,318,2.11
2024.098.12:47:00/wx/2.30,556.8,25.5,2.54,337,2.09
2024.098.12:48:00/wx/2.30,556.9,26.4,2.62,320,2.10
2024.098.12:49:00/wx/2.30,556.9,25.1,2.20,301,2.10
2024.098.12:50:00/wx/2.40,556.8,30.8,2.17,345,2.08
2024.098.12:51:00/wx/2.50,556.9,26.3,2.43,321,2.10
2024.098.12:52:00/wx/2.50,556.9,21.9,2.47,316,2.08
2024.098.12:53:00/wx/2.55,556.8,21.5,2.11,310,2.11
2024.098.12:54:00/wx/2.60,556.9,23.2,2.29,313,2.12
2024.098.12:55:00/wx/2.60,556.9,25.6,2.91,322,2.10
2024.098.12:56:00/wx/2.60,556.9,23.2,1.72,318,2.11
2024.098.12:57:00/wx/2.68,556.9,24.0,2.29,311,2.11
2024.098.12:58:00/wx/2.70,556.9,26.1,2.48,338,2.14
2024.098.12:59:00/wx/2.70,556.9,24.5,2.93,320,2.18
2024.098.13:00:00/wx/2.70,556.9,21.0,2.35,330,2.16
2024.098.13:01:00/wx/2.70,556.9,23.7,2.53,319,2.17
2024.098.13:02:00/wx/2.70,556.9,22.0,2.16,328,2.14
2024.098.13:03:00/wx/2.70,556.9,22.3,1.66,312,2.17
2024.098.13:04:00/wx/2.87,557.0,26.0,2.71,327,2.22
2024.098.13:05:00/wx/2.80,556.9,21.2,1.76,325,2.21
2024.098.13:06:00/wx/2.80,556.9,21.2,2.31,314,2.21
2024.098.13:07:00/wx/2.83,557.0,22.4,2.13,325,2.25
2024.098.13:08:00/wx/2.80,557.0,23.3,2.80,322,2.26
2024.098.13:09:00/wx/2.80,557.0,21.2,1.48,319,2.24
2024.098.13:10:00/wx/2.80,557.0,21.7,2.23,334,2.26
2024.098.13:11:00/wx/2.90,557.0,24.3,2.21,330,2.27
2024.098.13:12:00/wx/2.96,557.0,25.1,2.82,336,2.27
2024.098.13:13:00/wx/2.90,557.0,21.8,2.54,333,2.27
2024.098.13:14:00/wx/2.90,557.0,21.5,3.31,324,2.25
2024.098.13:15:00/wx/2.90,557.0,22.3,3.18,328,2.25
2024.098.13:16:00/wx/2.90,557.0,22.4,3.67,325,2.23
2024.098.13:17:00/wx/2.90,557.0,21.6,3.45,319,2.24
2024.098.13:18:00/wx/2.98,557.0,21.9,2.36,329,2.22
2024.098.13:19:00/wx/3.00,557.0,22.2,3.39,320,2.21
2024.098.13:20:00/wx/3.00,557.0,21.0,2.38,336,2.19
2024.098.13:21:00/wx/3.00,557.0,24.3,3.39,335,2.16
2024.098.13:22:00/wx/3.00,557.0,27.3,2.48,337,2.21
2024.098.13:23:00/wx/3.10,557.0,27.6,2.02,341,2.21
2024.098.13:24:00/wx/3.20,557.0,24.9,2.53,315,2.21
2024.098.13:25:00/wx/3.09,557.0,24.6,2.20,332,2.21
2024.098.13:26:00/wx/3.10,557.0,24.4,2.50,322,2.22
2024.098.13:27:00/wx/3.20,557.0,25.4,2.67,328,2.17
2024.098.13:28:00/wx/3.20,557.0,23.9,2.34,335,2.21
2024.098.13:29:00/wx/3.30,557.0,23.6,2.21,313,2.20
2024.098.13:30:00/wx/3.30,557.0,25.6,3.34,346,2.18
2024.098.13:31:00/wx/3.20,557.0,22.7,3.09,335,2.18
2024.098.13:32:00/wx/3.20,557.0,23.2,3.22,319,2.18
2024.098.13:33:00/wx/3.20,557.0,20.5,2.13,308,2.16
2024.098.13:34:00/wx/3.30,557.0,23.2,4.19,312,2.20
2024.098.13:35:00/wx/3.32,557.0,24.7,2.67,299,2.19
2024.098.13:36:00/wx/3.35,557.0,23.1,1.86,311,2.18
2024.098.13:37:00/wx/3.40,557.0,23.1,2.85,314,2.19
2024.098.13:38:00/wx/3.60,557.0,28.5,3.22,315,2.16
2024.098.13:39:00/wx/3.69,557.1,26.2,3.80,298,2.14
2024.098.13:40:00/wx/3.50,557.0,21.7,4.19,301,2.15
2024.098.13:41:00/wx/3.40,557.0,21.2,3.51,299,2.15
2024.098.13:42:00/wx/3.40,557.1,23.8,3.79,308,2.23
2024.098.13:43:00/wx/3.50,557.1,24.0,3.63,280,2.20
2024.098.13:44:00/wx/3.39,557.1,23.6,4.34,281,2.18
2024.098.13:45:00/wx/3.40,557.1,22.5,3.81,292,2.18
2024.098.13:46:00/wx/3.37,557.1,20.7,2.39,305,2.21
2024.098.13:47:00/wx/3.40,557.1,22.6,3.88,319,2.20
2024.098.13:48:00/wx/3.50,557.1,23.1,3.50,303,2.19
2024.098.13:49:00/wx/3.52,557.1,24.1,2.83,312,2.24
2024.098.13:50:00/wx/3.65,557.1,26.1,2.56,292,2.21
2024.098.13:51:00/wx/3.70,557.1,24.5,3.51,286,2.18
2024.098.13:52:00/wx/3.70,557.1,28.9,5.37,286,2.21
2024.098.13:53:00/wx/3.59,557.1,21.9,4.14,274,2.16
2024.098.13:54:00/wx/3.40,557.1,21.1,2.33,264,2.17
2024.098.13:55:00/wx/3.45,557.1,22.3,2.93,275,2.19
2024.098.13:56:00/wx/3.31,557.1,24.3,2.85,275,2.16
2024.098.13:57:00/wx/3.30,557.1,22.9,2.93,278,2.15
2024.098.13:58:00/wx/3.50,557.1,24.6,3.26,286,2.12
2024.098.13:59:00/wx/3.50,557.1,20.8,2.76,277,2.17
2024.098.14:00:00/wx/3.50,557.1,20.1,2.26,269,2.16
2024.098.14:01:00/wx/3.60,557.1,20.4,2.81,280,2.21
2024.098.14:02:00/wx/3.70,557.1,22.5,3.00,319,2.19
2024.098.14:03:00/wx/3.62,557.1,22.4,3.92,308,2.23
2024.098.14:04:00/wx/3.66,557.1,21.3,2.80,297,2.18
2024.098.14:05:00/wx/3.70,557.1,21.3,3.64,316,2.19
2024.098.14:06:00/wx/3.80,557.0,24.2,2.37,288,2.18
2024.098.14:07:00/wx/4.00,557.0,24.5,2.88,288,2.22
2024.098.14:08:00/wx/3.90,557.0,21.6,3.41,275,2.22
2024.098.14:09:00/wx/3.85,557.0,26.3,3.87,305,2.26
2024.098.14:10:00/wx/3.89,557.0,23.8,3.00,307,2.25
2024.098.14:11:00/wx/3.90,557.1,22.6,3.23,278,2.21
2024.098.14:12:00/wx/3.68,557.1,21.8,3.84,259,2.20
2024.098.14:13:00/wx/3.59,557.1,22.9,3.39,280,2.50
2024.098.14:14:00/wx/3.80,557.1,23.6,4.17,283,2.16
2024.098.14:15:00/wx/3.90,557.1,24.2,5.51,296,2.21
2024.098.14:16:00/wx/3.80,557.1,24.9,3.17,310,2.21
2024.098.14:17:00/wx/3.90,557.1,23.2,4.55,301,2.18
2024.098.14:18:00/wx/3.86,557.1,23.8,3.38,288,2.16
2024.098.14:19:00/wx/3.92,557.1,23.4,3.53,316,2.17
2024.098.14:20:00/wx/3.99,557.0,25.7,2.01,311,2.18
2024.098.14:21:00/wx/4.00,557.1,21.4,3.36,317,2.19
2024.098.14:22:00/wx/4.00,557.1,22.5,4.52,319,2.23
2024.098.14:23:00/wx/4.04,557.1,24.3,2.07,270,2.20
2024.098.14:24:00/wx/3.90,557.1,24.9,2.91,267,2.19
2024.098.14:25:00/wx/3.90,557.1,25.1,2.13,272,2.21
2024.098.14:26:00/wx/4.00,557.1,26.6,4.14,270,2.18
2024.098.14:27:00/wx/4.10,557.1,26.0,5.47,294,2.19
2024.098.14:28:00/wx/3.90,557.2,22.0,4.21,277,2.19
2024.098.14:29:00/wx/3.90,557.1,24.4,2.09,268,2.17
2024.098.14:30:00/wx/3.90,557.1,22.0,2.80,283,2.18
2024.098.14:31:00/wx/3.87,557.1,22.3,2.98,260,2.12
2024.098.14:32:00/wx/3.80,557.1,21.4,2.86,259,2.21
2024.098.14:33:00/wx/3.88,557.1,22.4,4.56,253,2.21
2024.098.14:34:00/wx/3.70,557.1,23.6,3.34,250,2.20
2024.098.14:35:00/wx/3.80,557.2,23.4,3.48,251,2.18
2024.098.14:36:00/wx/4.04,557.2,26.2,4.51,275,2.16
2024.098.14:37:00/wx/4.10,557.2,23.1,5.56,293,2.09
2024.098.14:38:00/wx/4.02,557.2,22.1,5.92,301,2.10
2024.098.14:39:00/wx/4.00,557.2,21.4,5.13,291,2.12
2024.098.14:40:00/wx/4.11,557.2,27.7,5.92,278,2.24
2024.098.14:41:00/wx/3.86,557.1,22.2,3.51,269,2.21
2024.098.14:42:00/wx/3.90,557.2,23.5,4.31,284,2.14
2024.098.14:43:00/wx/3.89,557.2,22.5,3.61,288,2.10
2024.098.14:44:00/wx/4.11,557.2,23.2,5.39,307,2.15
2024.098.14:45:00/wx/4.18,557.2,22.6,4.81,288,2.22
2024.098.14:46:00/wx/4.20,557.2,25.2,2.65,254,2.26
2024.098.14:47:00/wx/4.20,557.2,25.4,5.36,276,2.29
2024.098.14:48:00/wx/3.90,557.2,22.3,4.55,275,2.24
2024.098.14:49:00/wx/3.79,557.2,21.7,3.89,291,2.22
2024.098.14:50:00/wx/3.90,557.2,22.3,3.05,277,2.27
2024.098.14:51:00/wx/3.79,557.1,20.9,2.84,248,2.26
2024.098.14:52:00/wx/4.15,557.1,26.9,4.45,247,2.25
2024.098.14:53:00/wx/4.20,557.1,21.4,4.47,241,2.26
2024.098.14:54:00/wx/4.10,557.1,24.1,3.96,274,2.27
2024.098.14:55:00/wx/4.10,557.2,24.5,4.85,291,2.38
2024.098.14:56:00/wx/4.33,557.2,27.2,5.76,267,2.36
2024.098.14:57:00/wx/3.97,557.2,27.4,6.05,293,2.34
2024.098.14:58:00/wx/4.00,557.2,21.8,3.23,289,2.36
2024.098.14:59:00/wx/4.00,557.2,24.2,4.43,288,2.34
2024.098.15:00:00/wx/3.99,557.2,21.7,3.57,297,2.29
2024.098.15:01:00/wx/4.30,557.1,25.5,5.01,272,2.26
2024.098.15:02:00/wx/4.01,557.1,20.8,4.86,257,2.24
2024.098.15:03:00/wx/4.10,557.2,24.9,5.48,301,2.21
2024.098.15:04:00/wx/4.00,557.2,21.6,2.62,287,2.25
2024.098.15:05:00/wx/4.26,557.2,24.4,3.26,277,2.24
2024.098.15:06:00/wx/4.30,557.2,25.2,4.47,300,2.32
2024.098.15:07:00/wx/4.30,557.2,22.1,3.42,275,2.30
2024.098.15:08:00/wx/4.30,557.2,26.3,3.88,268,2.20
2024.098.15:09:00/wx/4.33,557.2,24.5,5.80,289,2.21
2024.098.15:10:00/wx/4.34,557.2,24.2,5.36,300,2.30
2024.098.15:11:00/wx/4.30,557.2,23.7,5.67,294,2.35
2024.098.15:12:00/wx/4.40,557.2,25.1,5.13,277,2.34
2024.098.15:13:00/wx/4.30,557.2,22.6,5.27,284,2.39
2024.098.15:14:00/wx/4.31,557.2,23.7,4.72,273,2.39
2024.098.15:15:00/wx/4.10,557.2,21.8,3.30,279,2.42
2024.098.15:16:00/wx/4.19,557.2,26.4,4.06,306,2.36
2024.098.15:17:00/wx/4.50,557.1,26.8,5.08,319,2.39
2024.098.15:18:00/wx/4.62,557.2,27.8,4.98,282,2.35
2024.098.15:19:00/wx/4.45,557.2,27.1,6.04,269,2.34
2024.098.15:20:00/wx/4.37,557.1,26.7,6.84,281,2.42
2024.098.15:21:00/wx/4.41,557.2,25.4,5.20,267,2.41
2024.098.15:22:00/wx/3.90,557.2,22.2,5.70,270,2.35
2024.098.15:23:00/wx/4.00,557.2,22.5,4.56,276,2.33
2024.098.15:24:00/wx/4.05,557.2,21.8,2.87,286,2.35
2024.098.15:25:00/wx/4.50,557.2,27.9,5.30,272,2.33
2024.098.15:26:00/wx/4.10,557.2,21.9,5.73,273,2.28
2024.098.15:27:00/wx/3.89,557.2,22.1,4.33,274,2.24
2024.098.15:28:00/wx/4.19,557.2,24.5,5.38,300,2.27
2024.098.15:29:00/wx/4.50,557.2,27.8,5.10,287,2.23
2024.098.15:30:00/wx/4.49,557.2,27.0,4.88,276,2.24
2024.098.15:31:00/wx/4.60,557.2,25.3,8.43,283,2.30
2024.098.15:32:00/wx/4.40,557.1,25.7,4.11,268,2.27
2024.098.15:33:00/wx/4.51,557.2,27.1,5.16,291,2.30
2024.098.15:34:00/wx/4.67,557.2,25.7,7.92,292,2.28
2024.098.15:35:00/wx/4.31,557.2,23.6,6.02,280,2.24
2024.098.15:36:00/wx/4.30,557.2,25.3,4.82,280,2.19
2024.098.15:37:00/wx/4.20,557.2,22.8,3.06,281,2.24
2024.098.15:38:00/wx/4.19,557.2,24.2,5.12,278,2.23
2024.098.15:39:00/wx/4.40,557.2,25.7,5.98,244,2.20
2024.098.15:40:00/wx/4.31,557.2,23.1,7.04,247,2.24
2024.098.15:41:00/wx/4.00,557.2,21.8,5.77,268,2.22
2024.098.15:42:00/wx/4.20,557.1,26.0,3.85,263,2.20
2024.098.15:43:00/wx/4.24,557.2,24.1,6.01,280,2.19
2024.098.15:44:00/wx/4.22,557.2,23.1,5.36,288,2.10
2024.098.15:45:00/wx/4.40,557.1,26.3,5.53,284,2.10
2024.098.15:46:00/wx/4.40,557.1,24.6,5.21,299,2.06
2024.098.15:47:00/wx/4.44,557.1,25.4,4.34,284,2.05
2024.098.15:48:00/wx/4.70,557.1,28.0,4.11,255,2.06
2024.098.15:49:00/wx/4.71,557.1,26.2,7.70,239,2.10
2024.098.15:50:00/wx/4.40,557.1,21.3,7.84,244,2.12
2024.098.15:51:00/wx/4.72,557.1,26.0,5.34,278,2.08
2024.098.15:52:00/wx/4.39,557.1,23.6,5.54,280,2.13
2024.098.15:53:00/wx/4.30,557.1,22.1,4.64,266,2.17
2024.098.15:54:00/wx/4.40,557.1,23.0,3.04,275,2.29
2024.098.15:55:00/wx/4.71,557.1,25.4,5.48,288,2.24
2024.098.15:56:00/wx/4.50,557.1,23.9,4.70,276,2.22
2024.098.15:57:00/wx/4.30,557.1,25.1,5.47,262,2.16
2024.098.15:58:00/wx/4.08,557.1,22.9,4.80,278,2.11
2024.098.15:59:00/wx/4.10,557.1,23.0,4.49,240,2.15
2024.098.16:00:00/wx/4.20,557.0,25.3,6.44,270,2.16
2024.098.16:01:00/wx/4.17,557.1,24.2,5.23,268,2.14
2024.098.16:02:00/wx/4.32,557.1,25.5,4.99,272,2.13
2024.098.16:03:00/wx/4.20,557.0,22.4,4.61,268,2.12
2024.098.16:04:00/wx/4.40,557.0,24.3,5.83,304,2.18
2024.098.16:05:00/wx/4.40,557.0,23.0,5.24,293,2.13
2024.098.16:06:00/wx/4.39,557.0,22.3,4.59,290,2.15
2024.098.16:07:00/wx/4.53,557.0,23.5,3.59,259,2.21
