2024.101.22:55:00;APEX Database Weather Data for Timerange of e24g11
2024.101.22:55:00;The format is wx/temp[C],press[mbar],humid[%],speed[m/s],direction[deg],pwv[mm]
2024.101.22:56:00/wx/-1.40,556.1,41.2,5.23,294,-999.00
2024.101.22:57:00/wx/-1.10,556.1,39.2,5.06,290,-999.00
2024.101.22:58:00/wx/-1.30,556.2,40.4,4.93,296,-999.00
2024.101.22:59:00/wx/-1.42,556.2,41.3,5.53,291,-999.00
2024.101.23:00:00/wx/-1.30,556.2,40.4,5.42,288,-999.00
2024.101.23:01:00/wx/-1.20,556.2,39.4,5.38,285,-999.00
2024.101.23:02:00/wx/-1.23,556.2,40.2,4.71,289,-999.00
2024.101.23:03:00/wx/-1.24,556.2,39.8,5.19,290,-999.00
2024.101.23:04:00/wx/-1.10,556.2,38.7,5.60,287,-999.00
2024.101.23:05:00/wx/-1.20,556.2,39.3,4.93,287,-999.00
2024.101.23:06:00/wx/-1.30,556.2,39.9,4.79,288,-999.00
2024.101.23:07:00/wx/-1.45,556.2,40.3,4.81,289,-999.00
2024.101.23:08:00/wx/-1.43,556.2,40.2,5.09,285,-999.00
2024.101.23:09:00/wx/-1.40,556.2,39.8,5.23,286,-999.00
2024.101.23:10:00/wx/-1.40,556.2,39.7,5.01,285,-999.00
2024.101.23:11:00/wx/-1.50,556.2,40.4,4.48,286,-999.00
2024.101.23:12:00/wx/-1.50,556.2,40.4,4.98,289,-999.00
2024.101.23:13:00/wx/-1.50,556.3,39.9,5.06,285,-999.00
2024.101.23:14:00/wx/-1.50,556.2,39.7,4.54,286,-999.00
2024.101.23:15:00/wx/-1.41,556.3,39.6,4.44,288,-999.00
2024.101.23:16:00/wx/-1.50,556.2,40.0,4.55,287,-999.00
2024.101.23:17:00/wx/-1.60,556.3,40.4,4.47,289,-999.00
2024.101.23:18:00/wx/-1.50,556.3,40.2,5.07,287,-999.00
2024.101.23:19:00/wx/-1.40,556.2,39.1,4.33,294,-999.00
2024.101.23:20:00/wx/-1.42,556.2,39.6,5.16,288,-999.00
2024.101.23:21:00/wx/-1.50,556.3,40.3,5.05,290,-999.00
2024.101.23:22:00/wx/-1.60,556.2,40.6,5.19,287,-999.00
2024.101.23:23:00/wx/-1.50,556.2,39.9,5.01,288,-999.00
2024.101.23:24:00/wx/-1.60,556.2,40.6,5.41,285,-999.00
2024.101.23:25:00/wx/-1.70,556.2,41.0,4.85,288,-999.00
2024.101.23:26:00/wx/-1.85,556.2,42.1,4.62,296,-999.00
2024.101.23:27:00/wx/-1.90,556.2,42.5,4.55,298,-999.00
2024.101.23:28:00/wx/-1.90,556.2,43.5,4.33,299,-999.00
2024.101.23:29:00/wx/nan,nan,nan,nan,nan,nan
2024.101.23:30:00/wx/nan,nan,nan,nan,nan,nan
2024.101.23:31:00/wx/nan,nan,nan,nan,nan,nan
2024.101.23:32:00/wx/nan,nan,nan,nan,nan,nan
2024.101.23:33:00/wx/nan,nan,nan,nan,nan,nan
2024.101.23:34:00/wx/nan,nan,nan,nan,nan,nan
2024.101.23:35:00/wx/nan,nan,nan,nan,nan,nan
2024.101.23:36:00/wx/nan,nan,nan,nan,nan,nan
2024.101.23:37:00/wx/nan,nan,nan,nan,nan,nan
2024.101.23:38:00/wx/nan,nan,nan,nan,nan,nan
2024.101.23:39:00/wx/nan,nan,nan,nan,nan,nan
2024.101.23:40:00/wx/nan,nan,nan,nan,nan,nan
2024.101.23:41:00/wx/nan,nan,nan,nan,nan,nan
2024.101.23:42:00/wx/nan,nan,nan,nan,nan,nan
2024.101.23:43:00/wx/nan,nan,nan,nan,nan,nan
2024.101.23:44:00/wx/nan,nan,nan,nan,nan,nan
2024.101.23:45:00/wx/nan,nan,nan,nan,nan,nan
2024.101.23:46:00/wx/nan,nan,nan,nan,nan,nan
2024.101.23:47:00/wx/nan,nan,nan,nan,nan,nan
2024.101.23:48:00/wx/nan,nan,nan,nan,nan,nan
2024.101.23:49:00/wx/nan,nan,nan,nan,nan,nan
2024.101.23:50:00/wx/nan,nan,nan,nan,nan,nan
2024.101.23:51:00/wx/nan,nan,nan,nan,nan,nan
2024.101.23:52:00/wx/nan,nan,nan,nan,nan,nan
2024.101.23:53:00/wx/nan,nan,nan,nan,nan,nan
2024.101.23:54:00/wx/nan,nan,nan,nan,nan,nan
2024.101.23:55:00/wx/nan,nan,nan,nan,nan,nan
2024.101.23:56:00/wx/nan,nan,nan,nan,nan,nan
2024.101.23:57:00/wx/nan,nan,nan,nan,nan,nan
2024.101.23:58:00/wx/nan,nan,nan,nan,nan,nan
2024.101.23:59:00/wx/nan,nan,nan,nan,nan,nan
2024.102.00:00:00/wx/nan,nan,nan,nan,nan,nan
2024.102.00:01:00/wx/nan,nan,nan,nan,nan,nan
2024.102.00:02:00/wx/nan,nan,nan,nan,nan,nan
2024.102.00:03:00/wx/nan,nan,nan,nan,nan,nan
2024.102.00:04:00/wx/nan,nan,nan,nan,nan,nan
2024.102.00:05:00/wx/nan,nan,nan,nan,nan,nan
2024.102.00:06:00/wx/nan,nan,nan,nan,nan,nan
2024.102.00:07:00/wx/nan,nan,nan,nan,nan,nan
2024.102.00:08:00/wx/nan,nan,nan,nan,nan,nan
2024.102.00:09:00/wx/nan,nan,nan,nan,nan,nan
2024.102.00:10:00/wx/nan,nan,nan,nan,nan,nan
2024.102.00:11:00/wx/nan,nan,nan,nan,nan,nan
2024.102.00:12:00/wx/nan,nan,nan,nan,nan,nan
2024.102.00:13:00/wx/nan,nan,nan,nan,nan,nan
2024.102.00:14:00/wx/nan,nan,nan,nan,nan,nan
2024.102.00:15:00/wx/nan,nan,nan,nan,nan,nan
2024.102.00:16:00/wx/nan,nan,nan,nan,nan,nan
2024.102.00:17:00/wx/nan,nan,nan,nan,nan,nan
2024.102.00:18:00/wx/nan,nan,nan,nan,nan,nan
2024.102.00:19:00/wx/nan,nan,nan,nan,nan,nan
2024.102.00:20:00/wx/nan,nan,nan,nan,nan,nan
2024.102.00:21:00/wx/nan,nan,nan,nan,nan,nan
2024.102.00:22:00/wx/nan,nan,nan,nan,nan,nan
2024.102.00:23:00/wx/nan,nan,nan,nan,nan,nan
2024.102.00:24:00/wx/nan,nan,nan,nan,nan,nan
2024.102.00:25:00/wx/nan,nan,nan,nan,nan,nan
2024.102.00:26:00/wx/nan,nan,nan,nan,nan,nan
2024.102.00:27:00/wx/nan,nan,nan,nan,nan,nan
2024.102.00:28:00/wx/nan,nan,nan,nan,nan,nan
2024.102.00:29:00/wx/nan,nan,nan,nan,nan,nan
2024.102.00:30:00/wx/nan,nan,nan,nan,nan,nan
2024.102.00:31:00/wx/nan,nan,nan,nan,nan,nan
2024.102.00:32:00/wx/nan,nan,nan,nan,nan,nan
2024.102.00:33:00/wx/nan,nan,nan,nan,nan,nan
2024.102.00:34:00/wx/nan,nan,nan,nan,nan,nan
2024.102.00:35:00/wx/nan,nan,nan,nan,nan,nan
2024.102.00:36:00/wx/nan,nan,nan,nan,nan,nan
2024.102.00:37:00/wx/nan,nan,nan,nan,nan,nan
2024.102.00:38:00/wx/nan,nan,nan,nan,nan,nan
2024.102.00:39:00/wx/nan,nan,nan,nan,nan,nan
2024.102.00:40:00/wx/nan,nan,nan,nan,nan,nan
2024.102.00:41:00/wx/nan,nan,nan,nan,nan,nan
2024.102.00:42:00/wx/nan,nan,nan,nan,nan,nan
2024.102.00:43:00/wx/nan,nan,nan,nan,nan,nan
2024.102.00:44:00/wx/nan,nan,nan,nan,nan,nan
2024.102.00:45:00/wx/nan,nan,nan,nan,nan,nan
2024.102.00:46:00/wx/nan,nan,nan,nan,nan,nan
2024.102.00:47:00/wx/nan,nan,nan,nan,nan,nan
2024.102.00:48:00/wx/nan,nan,nan,nan,nan,nan
2024.102.00:49:00/wx/nan,nan,nan,nan,nan,nan
2024.102.00:50:00/wx/nan,nan,nan,nan,nan,nan
2024.102.00:51:00/wx/nan,nan,nan,nan,nan,nan
2024.102.00:52:00/wx/nan,nan,nan,nan,nan,nan
2024.102.00:53:00/wx/nan,nan,nan,nan,nan,nan
2024.102.00:54:00/wx/nan,nan,nan,nan,nan,nan
2024.102.00:55:00/wx/nan,nan,nan,nan,nan,nan
2024.102.00:56:00/wx/nan,nan,nan,nan,nan,nan
2024.102.00:57:00/wx/nan,nan,nan,nan,nan,nan
2024.102.00:58:00/wx/nan,nan,nan,nan,nan,nan
2024.102.00:59:00/wx/nan,nan,nan,nan,nan,nan
2024.102.01:00:00/wx/nan,nan,nan,nan,nan,nan
2024.102.01:01:00/wx/nan,nan,nan,nan,nan,nan
2024.102.01:02:00/wx/nan,nan,nan,nan,nan,nan
2024.102.01:03:00/wx/nan,nan,nan,nan,nan,nan
2024.102.01:04:00/wx/nan,nan,nan,nan,nan,nan
2024.102.01:05:00/wx/nan,nan,nan,nan,nan,nan
2024.102.01:06:00/wx/nan,nan,nan,nan,nan,nan
2024.102.01:07:00/wx/nan,nan,nan,nan,nan,nan
2024.102.01:08:00/wx/nan,nan,nan,nan,nan,nan
2024.102.01:09:00/wx/nan,nan,nan,nan,nan,nan
2024.102.01:10:00/wx/nan,nan,nan,nan,nan,nan
2024.102.01:11:00/wx/nan,nan,nan,nan,nan,nan
2024.102.01:12:00/wx/nan,nan,nan,nan,nan,nan
2024.102.01:13:00/wx/nan,nan,nan,nan,nan,nan
2024.102.01:14:00/wx/nan,nan,nan,nan,nan,nan
2024.102.01:15:00/wx/nan,nan,nan,nan,nan,nan
2024.102.01:16:00/wx/nan,nan,nan,nan,nan,nan
2024.102.01:17:00/wx/nan,nan,nan,nan,nan,nan
2024.102.01:18:00/wx/nan,nan,nan,nan,nan,nan
2024.102.01:19:00/wx/nan,nan,nan,nan,nan,nan
2024.102.01:20:00/wx/nan,nan,nan,nan,nan,nan
2024.102.01:21:00/wx/nan,nan,nan,nan,nan,nan
2024.102.01:22:00/wx/nan,nan,nan,nan,nan,nan
2024.102.01:23:00/wx/nan,nan,nan,nan,nan,nan
2024.102.01:24:00/wx/nan,nan,nan,nan,nan,nan
2024.102.01:25:00/wx/nan,nan,nan,nan,nan,nan
2024.102.01:26:00/wx/nan,nan,nan,nan,nan,nan
2024.102.01:27:00/wx/nan,nan,nan,nan,nan,nan
2024.102.01:28:00/wx/nan,nan,nan,nan,nan,nan
2024.102.01:29:00/wx/nan,nan,nan,nan,nan,nan
2024.102.01:30:00/wx/nan,nan,nan,nan,nan,nan
2024.102.01:31:00/wx/nan,nan,nan,nan,nan,nan
2024.102.01:32:00/wx/nan,nan,nan,nan,nan,nan
2024.102.01:33:00/wx/nan,nan,nan,nan,nan,nan
2024.102.01:34:00/wx/nan,nan,nan,nan,nan,nan
2024.102.01:35:00/wx/nan,nan,nan,nan,nan,nan
2024.102.01:36:00/wx/nan,nan,nan,nan,nan,nan
2024.102.01:37:00/wx/nan,nan,nan,nan,nan,nan
2024.102.01:38:00/wx/nan,nan,nan,nan,nan,nan
2024.102.01:39:00/wx/nan,nan,nan,nan,nan,nan
2024.102.01:40:00/wx/nan,nan,nan,nan,nan,nan
2024.102.01:41:00/wx/nan,nan,nan,nan,nan,nan
2024.102.01:42:00/wx/nan,nan,nan,nan,nan,nan
2024.102.01:43:00/wx/nan,nan,nan,nan,nan,nan
2024.102.01:44:00/wx/nan,nan,nan,nan,nan,nan
2024.102.01:45:00/wx/nan,nan,nan,nan,nan,nan
2024.102.01:46:00/wx/nan,nan,nan,nan,nan,nan
2024.102.01:47:00/wx/nan,nan,nan,nan,nan,nan
2024.102.01:48:00/wx/nan,nan,nan,nan,nan,nan
2024.102.01:49:00/wx/nan,nan,nan,nan,nan,nan
2024.102.01:50:00/wx/nan,nan,nan,nan,nan,nan
2024.102.01:51:00/wx/nan,nan,nan,nan,nan,nan
2024.102.01:52:00/wx/nan,nan,nan,nan,nan,nan
2024.102.01:53:00/wx/nan,nan,nan,nan,nan,nan
2024.102.01:54:00/wx/nan,nan,nan,nan,nan,nan
2024.102.01:55:00/wx/nan,nan,nan,nan,nan,nan
2024.102.01:56:00/wx/nan,nan,nan,nan,nan,nan
2024.102.01:57:00/wx/nan,nan,nan,nan,nan,nan
2024.102.01:58:00/wx/nan,nan,nan,nan,nan,nan
2024.102.01:59:00/wx/nan,nan,nan,nan,nan,nan
2024.102.02:00:00/wx/nan,nan,nan,nan,nan,nan
2024.102.02:01:00/wx/nan,nan,nan,nan,nan,nan
2024.102.02:02:00/wx/nan,nan,nan,nan,nan,nan
2024.102.02:03:00/wx/nan,nan,nan,nan,nan,nan
2024.102.02:04:00/wx/nan,nan,nan,nan,nan,nan
2024.102.02:05:00/wx/nan,nan,nan,nan,nan,nan
2024.102.02:06:00/wx/nan,nan,nan,nan,nan,nan
2024.102.02:07:00/wx/nan,nan,nan,nan,nan,nan
2024.102.02:08:00/wx/nan,nan,nan,nan,nan,nan
2024.102.02:09:00/wx/nan,nan,nan,nan,nan,nan
2024.102.02:10:00/wx/nan,nan,nan,nan,nan,nan
2024.102.02:11:00/wx/nan,nan,nan,nan,nan,nan
2024.102.02:12:00/wx/nan,nan,nan,nan,nan,nan
2024.102.02:13:00/wx/nan,nan,nan,nan,nan,nan
2024.102.02:14:00/wx/nan,nan,nan,nan,nan,nan
2024.102.02:15:00/wx/nan,nan,nan,nan,nan,nan
2024.102.02:16:00/wx/nan,nan,nan,nan,nan,nan
2024.102.02:17:00/wx/nan,nan,nan,nan,nan,nan
2024.102.02:18:00/wx/nan,nan,nan,nan,nan,nan
2024.102.02:19:00/wx/nan,nan,nan,nan,nan,nan
2024.102.02:20:00/wx/nan,nan,nan,nan,nan,nan
2024.102.02:21:00/wx/nan,nan,nan,nan,nan,nan
2024.102.02:22:00/wx/nan,nan,nan,nan,nan,nan
2024.102.02:23:00/wx/nan,nan,nan,nan,nan,nan
2024.102.02:24:00/wx/nan,nan,nan,nan,nan,nan
2024.102.02:25:00/wx/nan,nan,nan,nan,nan,nan
2024.102.02:26:00/wx/nan,nan,nan,nan,nan,nan
2024.102.02:27:00/wx/nan,nan,nan,nan,nan,nan
2024.102.02:28:00/wx/nan,nan,nan,nan,nan,nan
2024.102.02:29:00/wx/nan,nan,nan,nan,nan,nan
2024.102.02:30:00/wx/nan,nan,nan,nan,nan,nan
2024.102.02:31:00/wx/nan,nan,nan,nan,nan,nan
2024.102.02:32:00/wx/nan,nan,nan,nan,nan,nan
2024.102.02:33:00/wx/nan,nan,nan,nan,nan,nan
2024.102.02:34:00/wx/nan,nan,nan,nan,nan,nan
2024.102.02:35:00/wx/nan,nan,nan,nan,nan,nan
2024.102.02:36:00/wx/nan,nan,nan,nan,nan,nan
2024.102.02:37:00/wx/nan,nan,nan,nan,nan,nan
2024.102.02:38:00/wx/nan,nan,nan,nan,nan,nan
2024.102.02:39:00/wx/nan,nan,nan,nan,nan,nan
2024.102.02:40:00/wx/nan,nan,nan,nan,nan,nan
2024.102.02:41:00/wx/nan,nan,nan,nan,nan,nan
2024.102.02:42:00/wx/nan,nan,nan,nan,nan,nan
2024.102.02:43:00/wx/nan,nan,nan,nan,nan,nan
2024.102.02:44:00/wx/nan,nan,nan,nan,nan,nan
2024.102.02:45:00/wx/nan,nan,nan,nan,nan,nan
2024.102.02:46:00/wx/nan,nan,nan,nan,nan,nan
2024.102.02:47:00/wx/nan,nan,nan,nan,nan,nan
2024.102.02:48:00/wx/nan,nan,nan,nan,nan,nan
2024.102.02:49:00/wx/nan,nan,nan,nan,nan,nan
2024.102.02:50:00/wx/nan,nan,nan,nan,nan,nan
2024.102.02:51:00/wx/nan,nan,nan,nan,nan,nan
2024.102.02:52:00/wx/nan,nan,nan,nan,nan,nan
2024.102.02:53:00/wx/nan,nan,nan,nan,nan,nan
2024.102.02:54:00/wx/nan,nan,nan,nan,nan,nan
2024.102.02:55:00/wx/nan,nan,nan,nan,nan,nan
2024.102.02:56:00/wx/nan,nan,nan,nan,nan,nan
2024.102.02:57:00/wx/nan,nan,nan,nan,nan,nan
2024.102.02:58:00/wx/nan,nan,nan,nan,nan,nan
2024.102.02:59:00/wx/nan,nan,nan,nan,nan,nan
2024.102.03:00:00/wx/nan,nan,nan,nan,nan,nan
2024.102.03:01:00/wx/nan,nan,nan,nan,nan,nan
2024.102.03:02:00/wx/nan,nan,nan,nan,nan,nan
2024.102.03:03:00/wx/nan,nan,nan,nan,nan,nan
2024.102.03:04:00/wx/nan,nan,nan,nan,nan,nan
2024.102.03:05:00/wx/nan,nan,nan,nan,nan,nan
2024.102.03:06:00/wx/nan,nan,nan,nan,nan,nan
2024.102.03:07:00/wx/nan,nan,nan,nan,nan,nan
2024.102.03:08:00/wx/nan,nan,nan,nan,nan,nan
2024.102.03:09:00/wx/nan,nan,nan,nan,nan,nan
2024.102.03:10:00/wx/nan,nan,nan,nan,nan,nan
2024.102.03:11:00/wx/nan,nan,nan,nan,nan,nan
2024.102.03:12:00/wx/nan,nan,nan,nan,nan,nan
2024.102.03:13:00/wx/nan,nan,nan,nan,nan,nan
2024.102.03:14:00/wx/nan,nan,nan,nan,nan,nan
2024.102.03:15:00/wx/nan,nan,nan,nan,nan,nan
2024.102.03:16:00/wx/nan,nan,nan,nan,nan,nan
2024.102.03:17:00/wx/nan,nan,nan,nan,nan,nan
2024.102.03:18:00/wx/nan,nan,nan,nan,nan,nan
2024.102.03:19:00/wx/nan,nan,nan,nan,nan,nan
2024.102.03:20:00/wx/nan,nan,nan,nan,nan,nan
2024.102.03:21:00/wx/nan,nan,nan,nan,nan,nan
2024.102.03:22:00/wx/nan,nan,nan,nan,nan,nan
2024.102.03:23:00/wx/nan,nan,nan,nan,nan,nan
2024.102.03:24:00/wx/nan,nan,nan,nan,nan,nan
2024.102.03:25:00/wx/nan,nan,nan,nan,nan,nan
2024.102.03:26:00/wx/nan,nan,nan,nan,nan,nan
2024.102.03:27:00/wx/nan,nan,nan,nan,nan,nan
2024.102.03:28:00/wx/nan,nan,nan,nan,nan,nan
2024.102.03:29:00/wx/nan,nan,nan,nan,nan,nan
2024.102.03:30:00/wx/nan,nan,nan,nan,nan,nan
2024.102.03:31:00/wx/nan,nan,nan,nan,nan,nan
2024.102.03:32:00/wx/nan,nan,nan,nan,nan,nan
2024.102.03:33:00/wx/nan,nan,nan,nan,nan,nan
2024.102.03:34:00/wx/nan,nan,nan,nan,nan,nan
2024.102.03:35:00/wx/nan,nan,nan,nan,nan,nan
2024.102.03:36:00/wx/nan,nan,nan,nan,nan,nan
2024.102.03:37:00/wx/nan,nan,nan,nan,nan,nan
2024.102.03:38:00/wx/nan,nan,nan,nan,nan,nan
2024.102.03:39:00/wx/nan,nan,nan,nan,nan,nan
2024.102.03:40:00/wx/nan,nan,nan,nan,nan,nan
2024.102.03:41:00/wx/nan,nan,nan,nan,nan,nan
2024.102.03:42:00/wx/nan,nan,nan,nan,nan,nan
2024.102.03:43:00/wx/nan,nan,nan,nan,nan,nan
2024.102.03:44:00/wx/nan,nan,nan,nan,nan,nan
2024.102.03:45:00/wx/nan,nan,nan,nan,nan,nan
2024.102.03:46:00/wx/nan,nan,nan,nan,nan,nan
2024.102.03:47:00/wx/nan,nan,nan,nan,nan,nan
2024.102.03:48:00/wx/nan,nan,nan,nan,nan,nan
2024.102.03:49:00/wx/nan,nan,nan,nan,nan,nan
2024.102.03:50:00/wx/nan,nan,nan,nan,nan,nan
2024.102.03:51:00/wx/nan,nan,nan,nan,nan,nan
2024.102.03:52:00/wx/nan,nan,nan,nan,nan,nan
2024.102.03:53:00/wx/nan,nan,nan,nan,nan,nan
2024.102.03:54:00/wx/nan,nan,nan,nan,nan,nan
2024.102.03:55:00/wx/nan,nan,nan,nan,nan,nan
2024.102.03:56:00/wx/nan,nan,nan,nan,nan,nan
2024.102.03:57:00/wx/nan,nan,nan,nan,nan,nan
2024.102.03:58:00/wx/nan,nan,nan,nan,nan,nan
2024.102.03:59:00/wx/nan,nan,nan,nan,nan,nan
2024.102.04:00:00/wx/nan,nan,nan,nan,nan,nan
2024.102.04:01:00/wx/nan,nan,nan,nan,nan,nan
2024.102.04:02:00/wx/nan,nan,nan,nan,nan,nan
2024.102.04:03:00/wx/nan,nan,nan,nan,nan,nan
2024.102.04:04:00/wx/nan,nan,nan,nan,nan,nan
2024.102.04:05:00/wx/nan,nan,nan,nan,nan,nan
2024.102.04:06:00/wx/nan,nan,nan,nan,nan,nan
2024.102.04:07:00/wx/nan,nan,nan,nan,nan,nan
2024.102.04:08:00/wx/nan,nan,nan,nan,nan,nan
2024.102.04:09:00/wx/nan,nan,nan,nan,nan,nan
2024.102.04:10:00/wx/nan,nan,nan,nan,nan,nan
2024.102.04:11:00/wx/nan,nan,nan,nan,nan,nan
2024.102.04:12:00/wx/nan,nan,nan,nan,nan,nan
2024.102.04:13:00/wx/nan,nan,nan,nan,nan,nan
2024.102.04:14:00/wx/nan,nan,nan,nan,nan,nan
2024.102.04:15:00/wx/nan,nan,nan,nan,nan,nan
2024.102.04:16:00/wx/nan,nan,nan,nan,nan,nan
2024.102.04:17:00/wx/nan,nan,nan,nan,nan,nan
2024.102.04:18:00/wx/nan,nan,nan,nan,nan,nan
2024.102.04:19:00/wx/nan,nan,nan,nan,nan,nan
2024.102.04:20:00/wx/nan,nan,nan,nan,nan,nan
2024.102.04:21:00/wx/nan,nan,nan,nan,nan,nan
2024.102.04:22:00/wx/nan,nan,nan,nan,nan,nan
2024.102.04:23:00/wx/nan,nan,nan,nan,nan,nan
2024.102.04:24:00/wx/nan,nan,nan,nan,nan,nan
2024.102.04:25:00/wx/nan,nan,nan,nan,nan,nan
2024.102.04:26:00/wx/nan,nan,nan,nan,nan,nan
2024.102.04:27:00/wx/nan,nan,nan,nan,nan,nan
2024.102.04:28:00/wx/nan,nan,nan,nan,nan,nan
2024.102.04:29:00/wx/nan,nan,nan,nan,nan,nan
2024.102.04:30:00/wx/nan,nan,nan,nan,nan,nan
2024.102.04:31:00/wx/nan,nan,nan,nan,nan,nan
2024.102.04:32:00/wx/nan,nan,nan,nan,nan,nan
2024.102.04:33:00/wx/nan,nan,nan,nan,nan,nan
2024.102.04:34:00/wx/nan,nan,nan,nan,nan,nan
2024.102.04:35:00/wx/nan,nan,nan,nan,nan,nan
2024.102.04:36:00/wx/nan,nan,nan,nan,nan,nan
2024.102.04:37:00/wx/nan,nan,nan,nan,nan,nan
2024.102.04:38:00/wx/nan,nan,nan,nan,nan,nan
2024.102.04:39:00/wx/nan,nan,nan,nan,nan,nan
2024.102.04:40:00/wx/nan,nan,nan,nan,nan,nan
2024.102.04:41:00/wx/nan,nan,nan,nan,nan,nan
2024.102.04:42:00/wx/nan,nan,nan,nan,nan,nan
2024.102.04:43:00/wx/nan,nan,nan,nan,nan,nan
2024.102.04:44:00/wx/nan,nan,nan,nan,nan,nan
2024.102.04:45:00/wx/nan,nan,nan,nan,nan,nan
2024.102.04:46:00/wx/nan,nan,nan,nan,nan,nan
2024.102.04:47:00/wx/nan,nan,nan,nan,nan,nan
2024.102.04:48:00/wx/nan,nan,nan,nan,nan,nan
2024.102.04:49:00/wx/nan,nan,nan,nan,nan,nan
2024.102.04:50:00/wx/nan,nan,nan,nan,nan,nan
2024.102.04:51:00/wx/nan,nan,nan,nan,nan,nan
2024.102.04:52:00/wx/nan,nan,nan,nan,nan,nan
2024.102.04:53:00/wx/nan,nan,nan,nan,nan,nan
2024.102.04:54:00/wx/nan,nan,nan,nan,nan,nan
2024.102.04:55:00/wx/nan,nan,nan,nan,nan,nan
2024.102.04:56:00/wx/nan,nan,nan,nan,nan,nan
2024.102.04:57:00/wx/nan,nan,nan,nan,nan,nan
2024.102.04:58:00/wx/nan,nan,nan,nan,nan,nan
2024.102.04:59:00/wx/nan,nan,nan,nan,nan,nan
2024.102.05:00:00/wx/nan,nan,nan,nan,nan,nan
2024.102.05:01:00/wx/nan,nan,nan,nan,nan,nan
2024.102.05:02:00/wx/nan,nan,nan,nan,nan,nan
2024.102.05:03:00/wx/nan,nan,nan,nan,nan,nan
2024.102.05:04:00/wx/nan,nan,nan,nan,nan,nan
2024.102.05:05:00/wx/nan,nan,nan,nan,nan,nan
2024.102.05:06:00/wx/nan,nan,nan,nan,nan,nan
2024.102.05:07:00/wx/nan,nan,nan,nan,nan,nan
2024.102.05:08:00/wx/nan,nan,nan,nan,nan,nan
2024.102.05:09:00/wx/nan,nan,nan,nan,nan,nan
2024.102.05:10:00/wx/nan,nan,nan,nan,nan,nan
2024.102.05:11:00/wx/nan,nan,nan,nan,nan,nan
2024.102.05:12:00/wx/nan,nan,nan,nan,nan,nan
2024.102.05:13:00/wx/nan,nan,nan,nan,nan,nan
2024.102.05:14:00/wx/nan,nan,nan,nan,nan,nan
2024.102.05:15:00/wx/nan,nan,nan,nan,nan,nan
2024.102.05:16:00/wx/nan,nan,nan,nan,nan,nan
2024.102.05:17:00/wx/nan,nan,nan,nan,nan,nan
2024.102.05:18:00/wx/nan,nan,nan,nan,nan,nan
2024.102.05:19:00/wx/nan,nan,nan,nan,nan,nan
2024.102.05:20:00/wx/nan,nan,nan,nan,nan,nan
2024.102.05:21:00/wx/nan,nan,nan,nan,nan,nan
2024.102.05:22:00/wx/nan,nan,nan,nan,nan,nan
2024.102.05:23:00/wx/nan,nan,nan,nan,nan,nan
2024.102.05:24:00/wx/nan,nan,nan,nan,nan,nan
2024.102.05:25:00/wx/nan,nan,nan,nan,nan,nan
2024.102.05:26:00/wx/nan,nan,nan,nan,nan,nan
2024.102.05:27:00/wx/nan,nan,nan,nan,nan,nan
2024.102.05:28:00/wx/nan,nan,nan,nan,nan,nan
2024.102.05:29:00/wx/nan,nan,nan,nan,nan,nan
2024.102.05:30:00/wx/nan,nan,nan,nan,nan,nan
2024.102.05:31:00/wx/nan,nan,nan,nan,nan,nan
2024.102.05:32:00/wx/nan,nan,nan,nan,nan,nan
2024.102.05:33:00/wx/nan,nan,nan,nan,nan,nan
2024.102.05:34:00/wx/nan,nan,nan,nan,nan,nan
2024.102.05:35:00/wx/nan,nan,nan,nan,nan,nan
2024.102.05:36:00/wx/nan,nan,nan,nan,nan,nan
2024.102.05:37:00/wx/nan,nan,nan,nan,nan,nan
2024.102.05:38:00/wx/nan,nan,nan,nan,nan,nan
2024.102.05:39:00/wx/nan,nan,nan,nan,nan,nan
2024.102.05:40:00/wx/nan,nan,nan,nan,nan,nan
2024.102.05:41:00/wx/nan,nan,nan,nan,nan,nan
2024.102.05:42:00/wx/nan,nan,nan,nan,nan,nan
2024.102.05:43:00/wx/nan,nan,nan,nan,nan,nan
2024.102.05:44:00/wx/nan,nan,nan,nan,nan,nan
2024.102.05:45:00/wx/nan,nan,nan,nan,nan,nan
2024.102.05:46:00/wx/nan,nan,nan,nan,nan,nan
2024.102.05:47:00/wx/nan,nan,nan,nan,nan,nan
2024.102.05:48:00/wx/nan,nan,nan,nan,nan,nan
2024.102.05:49:00/wx/nan,nan,nan,nan,nan,nan
2024.102.05:50:00/wx/nan,nan,nan,nan,nan,nan
2024.102.05:51:00/wx/nan,nan,nan,nan,nan,nan
2024.102.05:52:00/wx/nan,nan,nan,nan,nan,nan
2024.102.05:53:00/wx/nan,nan,nan,nan,nan,nan
2024.102.05:54:00/wx/nan,nan,nan,nan,nan,nan
2024.102.05:55:00/wx/nan,nan,nan,nan,nan,nan
2024.102.05:56:00/wx/nan,nan,nan,nan,nan,nan
2024.102.05:57:00/wx/nan,nan,nan,nan,nan,nan
2024.102.05:58:00/wx/nan,nan,nan,nan,nan,nan
2024.102.05:59:00/wx/nan,nan,nan,nan,nan,nan
2024.102.06:00:00/wx/nan,nan,nan,nan,nan,nan
2024.102.06:01:00/wx/nan,nan,nan,nan,nan,nan
2024.102.06:02:00/wx/nan,nan,nan,nan,nan,nan
2024.102.06:03:00/wx/nan,nan,nan,nan,nan,nan
2024.102.06:04:00/wx/nan,nan,nan,nan,nan,nan
2024.102.06:05:00/wx/nan,nan,nan,nan,nan,nan
2024.102.06:06:00/wx/nan,nan,nan,nan,nan,nan
2024.102.06:07:00/wx/nan,nan,nan,nan,nan,nan
2024.102.06:08:00/wx/nan,nan,nan,nan,nan,nan
2024.102.06:09:00/wx/nan,nan,nan,nan,nan,nan
2024.102.06:10:00/wx/nan,nan,nan,nan,nan,nan
2024.102.06:11:00/wx/nan,nan,nan,nan,nan,nan
2024.102.06:12:00/wx/nan,nan,nan,nan,nan,nan
2024.102.06:13:00/wx/nan,nan,nan,nan,nan,nan
2024.102.06:14:00/wx/nan,nan,nan,nan,nan,nan
2024.102.06:15:00/wx/nan,nan,nan,nan,nan,nan
2024.102.06:16:00/wx/nan,nan,nan,nan,nan,nan
2024.102.06:17:00/wx/nan,nan,nan,nan,nan,nan
2024.102.06:18:00/wx/nan,nan,nan,nan,nan,nan
2024.102.06:19:00/wx/nan,nan,nan,nan,nan,nan
2024.102.06:20:00/wx/nan,nan,nan,nan,nan,nan
2024.102.06:21:00/wx/nan,nan,nan,nan,nan,nan
2024.102.06:22:00/wx/nan,nan,nan,nan,nan,nan
2024.102.06:23:00/wx/nan,nan,nan,nan,nan,nan
2024.102.06:24:00/wx/nan,nan,nan,nan,nan,nan
2024.102.06:25:00/wx/nan,nan,nan,nan,nan,nan
2024.102.06:26:00/wx/nan,nan,nan,nan,nan,nan
2024.102.06:27:00/wx/nan,nan,nan,nan,nan,nan
2024.102.06:28:00/wx/nan,nan,nan,nan,nan,nan
2024.102.06:29:00/wx/nan,nan,nan,nan,nan,nan
2024.102.06:30:00/wx/nan,nan,nan,nan,nan,nan
2024.102.06:31:00/wx/nan,nan,nan,nan,nan,nan
2024.102.06:32:00/wx/nan,nan,nan,nan,nan,nan
2024.102.06:33:00/wx/nan,nan,nan,nan,nan,nan
2024.102.06:34:00/wx/nan,nan,nan,nan,nan,nan
2024.102.06:35:00/wx/nan,nan,nan,nan,nan,nan
2024.102.06:36:00/wx/nan,nan,nan,nan,nan,nan
2024.102.06:37:00/wx/nan,nan,nan,nan,nan,nan
2024.102.06:38:00/wx/nan,nan,nan,nan,nan,nan
2024.102.06:39:00/wx/nan,nan,nan,nan,nan,nan
2024.102.06:40:00/wx/nan,nan,nan,nan,nan,nan
2024.102.06:41:00/wx/nan,nan,nan,nan,nan,nan
2024.102.06:42:00/wx/nan,nan,nan,nan,nan,nan
2024.102.06:43:00/wx/nan,nan,nan,nan,nan,nan
2024.102.06:44:00/wx/nan,nan,nan,nan,nan,nan
2024.102.06:45:00/wx/nan,nan,nan,nan,nan,nan
2024.102.06:46:00/wx/nan,nan,nan,nan,nan,nan
2024.102.06:47:00/wx/nan,nan,nan,nan,nan,nan
2024.102.06:48:00/wx/nan,nan,nan,nan,nan,nan
2024.102.06:49:00/wx/nan,nan,nan,nan,nan,nan
2024.102.06:50:00/wx/nan,nan,nan,nan,nan,nan
2024.102.06:51:00/wx/nan,nan,nan,nan,nan,nan
2024.102.06:52:00/wx/nan,nan,nan,nan,nan,nan
2024.102.06:53:00/wx/nan,nan,nan,nan,nan,nan
2024.102.06:54:00/wx/nan,nan,nan,nan,nan,nan
2024.102.06:55:00/wx/nan,nan,nan,nan,nan,nan
2024.102.06:56:00/wx/nan,nan,nan,nan,nan,nan
2024.102.06:57:00/wx/nan,nan,nan,nan,nan,nan
2024.102.06:58:00/wx/nan,nan,nan,nan,nan,nan
2024.102.06:59:00/wx/nan,nan,nan,nan,nan,nan
2024.102.07:00:00/wx/nan,nan,nan,nan,nan,nan
2024.102.07:01:00/wx/nan,nan,nan,nan,nan,nan
2024.102.07:02:00/wx/nan,nan,nan,nan,nan,nan
2024.102.07:03:00/wx/nan,nan,nan,nan,nan,nan
2024.102.07:04:00/wx/nan,nan,nan,nan,nan,nan
2024.102.07:05:00/wx/nan,nan,nan,nan,nan,nan
2024.102.07:06:00/wx/nan,nan,nan,nan,nan,nan
2024.102.07:07:00/wx/nan,nan,nan,nan,nan,nan
2024.102.07:08:00/wx/nan,nan,nan,nan,nan,nan
2024.102.07:09:00/wx/nan,nan,nan,nan,nan,nan
2024.102.07:10:00/wx/nan,nan,nan,nan,nan,nan
2024.102.07:11:00/wx/nan,nan,nan,nan,nan,nan
2024.102.07:12:00/wx/nan,nan,nan,nan,nan,nan
2024.102.07:13:00/wx/nan,nan,nan,nan,nan,nan
2024.102.07:14:00/wx/nan,nan,nan,nan,nan,nan
2024.102.07:15:00/wx/nan,nan,nan,nan,nan,nan
2024.102.07:16:00/wx/nan,nan,nan,nan,nan,nan
2024.102.07:17:00/wx/nan,nan,nan,nan,nan,nan
2024.102.07:18:00/wx/nan,nan,nan,nan,nan,nan
2024.102.07:19:00/wx/nan,nan,nan,nan,nan,nan
2024.102.07:20:00/wx/nan,nan,nan,nan,nan,nan
2024.102.07:21:00/wx/nan,nan,nan,nan,nan,nan
2024.102.07:22:00/wx/nan,nan,nan,nan,nan,nan
2024.102.07:23:00/wx/nan,nan,nan,nan,nan,nan
2024.102.07:24:00/wx/nan,nan,nan,nan,nan,nan
2024.102.07:25:00/wx/nan,nan,nan,nan,nan,nan
2024.102.07:26:00/wx/nan,nan,nan,nan,nan,nan
2024.102.07:27:00/wx/nan,nan,nan,nan,nan,nan
2024.102.07:28:00/wx/nan,nan,nan,nan,nan,nan
2024.102.07:29:00/wx/nan,nan,nan,nan,nan,nan
2024.102.07:30:00/wx/nan,nan,nan,nan,nan,nan
2024.102.07:31:00/wx/nan,nan,nan,nan,nan,nan
2024.102.07:32:00/wx/nan,nan,nan,nan,nan,nan
2024.102.07:33:00/wx/nan,nan,nan,nan,nan,nan
2024.102.07:34:00/wx/nan,nan,nan,nan,nan,nan
2024.102.07:35:00/wx/nan,nan,nan,nan,nan,nan
2024.102.07:36:00/wx/nan,nan,nan,nan,nan,nan
2024.102.07:37:00/wx/nan,nan,nan,nan,nan,nan
2024.102.07:38:00/wx/nan,nan,nan,nan,nan,nan
2024.102.07:39:00/wx/nan,nan,nan,nan,nan,nan
2024.102.07:40:00/wx/nan,nan,nan,nan,nan,nan
2024.102.07:41:00/wx/nan,nan,nan,nan,nan,nan
2024.102.07:42:00/wx/nan,nan,nan,nan,nan,nan
2024.102.07:43:00/wx/nan,nan,nan,nan,nan,nan
2024.102.07:44:00/wx/nan,nan,nan,nan,nan,nan
2024.102.07:45:00/wx/nan,nan,nan,nan,nan,nan
2024.102.07:46:00/wx/nan,nan,nan,nan,nan,nan
2024.102.07:47:00/wx/nan,nan,nan,nan,nan,nan
2024.102.07:48:00/wx/nan,nan,nan,nan,nan,nan
2024.102.07:49:00/wx/nan,nan,nan,nan,nan,nan
2024.102.07:50:00/wx/nan,nan,nan,nan,nan,nan
2024.102.07:51:00/wx/nan,nan,nan,nan,nan,nan
2024.102.07:52:00/wx/nan,nan,nan,nan,nan,nan
2024.102.07:53:00/wx/nan,nan,nan,nan,nan,nan
2024.102.07:54:00/wx/nan,nan,nan,nan,nan,nan
2024.102.07:55:00/wx/nan,nan,nan,nan,nan,nan
2024.102.07:56:00/wx/nan,nan,nan,nan,nan,nan
2024.102.07:57:00/wx/nan,nan,nan,nan,nan,nan
2024.102.07:58:00/wx/nan,nan,nan,nan,nan,nan
2024.102.07:59:00/wx/nan,nan,nan,nan,nan,nan
2024.102.08:00:00/wx/nan,nan,nan,nan,nan,nan
2024.102.08:01:00/wx/nan,nan,nan,nan,nan,nan
2024.102.08:02:00/wx/nan,nan,nan,nan,nan,nan
2024.102.08:03:00/wx/nan,nan,nan,nan,nan,nan
2024.102.08:04:00/wx/nan,nan,nan,nan,nan,nan
2024.102.08:05:00/wx/nan,nan,nan,nan,nan,nan
2024.102.08:06:00/wx/nan,nan,nan,nan,nan,nan
2024.102.08:07:00/wx/nan,nan,nan,nan,nan,nan
2024.102.08:08:00/wx/nan,nan,nan,nan,nan,nan
2024.102.08:09:00/wx/nan,nan,nan,nan,nan,nan
2024.102.08:10:00/wx/nan,nan,nan,nan,nan,nan
2024.102.08:11:00/wx/nan,nan,nan,nan,nan,nan
2024.102.08:12:00/wx/nan,nan,nan,nan,nan,nan
2024.102.08:13:00/wx/nan,nan,nan,nan,nan,nan
2024.102.08:14:00/wx/nan,nan,nan,nan,nan,nan
2024.102.08:15:00/wx/nan,nan,nan,nan,nan,nan
2024.102.08:16:00/wx/nan,nan,nan,nan,nan,nan
2024.102.08:17:00/wx/nan,nan,nan,nan,nan,nan
2024.102.08:18:00/wx/nan,nan,nan,nan,nan,nan
2024.102.08:19:00/wx/nan,nan,nan,nan,nan,nan
2024.102.08:20:00/wx/nan,nan,nan,nan,nan,nan
2024.102.08:21:00/wx/nan,nan,nan,nan,nan,nan
2024.102.08:22:00/wx/nan,nan,nan,nan,nan,nan
2024.102.08:23:00/wx/nan,nan,nan,nan,nan,nan
2024.102.08:24:00/wx/nan,nan,nan,nan,nan,nan
2024.102.08:25:00/wx/nan,nan,nan,nan,nan,nan
2024.102.08:26:00/wx/nan,nan,nan,nan,nan,nan
2024.102.08:27:00/wx/nan,nan,nan,nan,nan,nan
2024.102.08:28:00/wx/nan,nan,nan,nan,nan,nan
2024.102.08:29:00/wx/nan,nan,nan,nan,nan,nan
2024.102.08:30:00/wx/nan,nan,nan,nan,nan,nan
2024.102.08:31:00/wx/nan,nan,nan,nan,nan,nan
2024.102.08:32:00/wx/nan,nan,nan,nan,nan,nan
2024.102.08:33:00/wx/nan,nan,nan,nan,nan,nan
2024.102.08:34:00/wx/nan,nan,nan,nan,nan,nan
2024.102.08:35:00/wx/nan,nan,nan,nan,nan,nan
2024.102.08:36:00/wx/nan,nan,nan,nan,nan,nan
2024.102.08:37:00/wx/nan,nan,nan,nan,nan,nan
2024.102.08:38:00/wx/nan,nan,nan,nan,nan,nan
2024.102.08:39:00/wx/nan,nan,nan,nan,nan,nan
2024.102.08:40:00/wx/nan,nan,nan,nan,nan,nan
2024.102.08:41:00/wx/nan,nan,nan,nan,nan,nan
2024.102.08:42:00/wx/nan,nan,nan,nan,nan,nan
2024.102.08:43:00/wx/nan,nan,nan,nan,nan,nan
2024.102.08:44:00/wx/nan,nan,nan,nan,nan,nan
2024.102.08:45:00/wx/nan,nan,nan,nan,nan,nan
2024.102.08:46:00/wx/nan,nan,nan,nan,nan,nan
2024.102.08:47:00/wx/nan,nan,nan,nan,nan,nan
2024.102.08:48:00/wx/nan,nan,nan,nan,nan,nan
2024.102.08:49:00/wx/nan,nan,nan,nan,nan,nan
2024.102.08:50:00/wx/nan,nan,nan,nan,nan,nan
2024.102.08:51:00/wx/nan,nan,nan,nan,nan,nan
