## apt-mark showmanual
acpi
acpi-support-base
acpid
adduser
apt
apt-listchanges
apt-ntop
apt-utils
aptitude
aptitude-common
at
autoconf
automake
autotools-dev
base-files
base-passwd
bash
bash-completion
bc
bind9-host
bison
bsd-mailx
bsdmainutils
bsdutils
build-essential
busybox
bzip2
console-setup
coreutils
cpio
cron
curl
cvs
dash
db5.1-util
dc
debconf
debconf-i18n
debian-archive-keyring
debian-faq
debianutils
diffutils
discover
dmidecode
dnsmasq
dnsmasq-utils
dnsutils
doc-debian
doxygen
doxygen-doc
doxygen-gui
doxygen-latex
dpkg
e2fslibs
e2fsprogs
eject
elinks
ethtool
exim4
exim4-base
exim4-config
exim4-daemon-light
expat
fftw-dev
fftw2
file
findutils
flex
flex-doc
fonts-liberation
ftp
g++-multilib
gcc-4.7-base
gcc-multilib
gettext-base
gfortran
gfortran-multilib
git
gnome-mime-data
gnupg
gpgv
grep
groff-base
grub-common
grub-pc
gzip
hostname
htop
iftop
ifupdown
info
initramfs-tools
initscripts
insserv
install-info
installation-report
iperf
iproute
iptables
iptraf
iputils-ping
isc-dhcp-client
isc-dhcp-common
keyboard-configuration
kmod
krb5-locales
laptop-detect
less
libacl1
libapt-inst1.5
libapt-pkg4.12
libattr1
libblas3
libblkid1
libboost-all-dev
libboost-iostreams1.49.0
libbz2-1.0
libc-bin
libc6
libclass-isa-perl
libcomerr2
libcwidget3
libdb5.1
libept1.4.12
libexpat1-dev
libf2c2
libf2c2-dev
libfam0
libfftw3-dev
libfuse-dev
libgcc1
libgcrypt11
libgdbm3
libgnomevfs2-common
libgnomevfs2-extra
libgnutls26
libgpg-error0
libidn11
libjbig0
libkmod2
liblocale-gettext-perl
liblockfile-bin
liblzma5
libmount1
libncurses5
libncursesw5
libnewt0.52
libnfnetlink0
libopenmpi-dev
libp11-kit0
libpam-modules
libpam-modules-bin
libpam-runtime
libpam0g
libpcap-dev
libpipeline1
libpng12-dev
libpopt0
libprocps0
libreadline6
libselinux1
libsemanage-common
libsemanage1
libsepol1
libsigc++-2.0-0c2a
libslang2
libsqlite3-0
libss2
libssl1.0.0
libstdc++6
libswitch-perl
libtasn1-3
libtext-charwidth-perl
libtext-iconv-perl
libtext-wrapi18n-perl
libtinfo5
libtool
libtool-doc
libudev-dev
libudev0
libusb-0.1-4
libustr-1.0-1
libuuid1
libx11-dev
libxapian22
libxaw7-dev
libxerces-c-dev
libxt-dev
linux-headers-3.2.0-4-amd64
linux-image-amd64
locales
login
logrotate
lsb-base
lsof
m4
man-db
manpages
mark6-sc-module
mawk
mime-support
mlocate
mount
multiarch-support
mutt
nano
ncurses-base
ncurses-bin
ncurses-term
net-tools
netbase
netcat
netcat-traditional
nfs-common
nfs-kernel-server
nprobe
ntopng
ntopng-data
ntp
openmpi-bin
openmpi-common
openssh-client
passwd
patch
pciutils
perl
perl-base
perl-modules
pfring
pkg-config
policycoreutils
procmail
procps
pypibrowser
python
python-apt
python-cplane
python-ctypeslib
python-ethtool
python-libpcap
python-m6utils
python-matplotlib
python-minimal
python-pyudev
python-reportbug
python-support
python2.6-dev
python2.6-minimal
readline-common
reportbug
rsyslog
screen
sed
sensible-utils
snmp
sshfs
subversion
sysstat
sysv-rc
sysvinit
sysvinit-utils
tar
task-desktop
task-english
task-gnome-desktop
task-print-server
task-ssh-server
tasksel
tasksel-data
tcpdump
telnet
texinfo
time
traceroute
tzdata
ucf
udev
usbutils
util-linux
vim-common
vim-tiny
w3m
wamerican
wget
whiptail
whois
xz-utils
zlib1g
